/home/runner/simulations/TestJob01_temp_1/output-0000/TEST/sim/CanudaX_BSSNMoL
Preparing:
+ set -e
+ cd output-0000-active
+ echo Checking:
Checking:
+ pwd
/home/runner/simulations/TestJob01_temp_1/output-0000/TEST/sim/CanudaX_BSSNMoL/output-0000-active
+ hostname
runnervmrw5os
+ date
Thu May 21 05:49:42 UTC 2026
+ echo Environment:
Environment:
+ export CACTUS_NUM_PROCS=1
+ CACTUS_NUM_PROCS=1
+ export CACTUS_NUM_THREADS=2
+ CACTUS_NUM_THREADS=2
+ export GMON_OUT_PREFIX=gmon.out
+ GMON_OUT_PREFIX=gmon.out
+ export OMP_NUM_THREADS=2
+ OMP_NUM_THREADS=2
+ env
+ sort
+ echo Starting:
Starting:
++ date +%s
+ export CACTUS_STARTTIME=1779342582
+ CACTUS_STARTTIME=1779342582
+ '[' 1 = 1 ']'
+ '[' 0 -eq 0 ']'
+ /home/runner/simulations/TestJob01_temp_1/SIMFACTORY/exe/cactus_sim -L 3 /home/runner/simulations/TestJob01_temp_1/output-0000/arrangements/CanudaX/CanudaX_BSSNMoL/test/gaugewave.par
INFO (Cactus): Increased logging level from 0 to 3
--------------------------------------------------------------------------------

       10                                  
  1   0101       ************************  
  01  1010 10      The Cactus Code V4.18.0    
 1010 1101 011      www.cactuscode.org     
  1001 100101    ************************  
    00010101                               
     100011     (c) Copyright The Authors  
      0100      GNU Licensed. No Warranty  
      0101                                 
--------------------------------------------------------------------------------

Cactus version:    4.18.0
Compile date:      May 21 2026 (05:46:45)
Run date:          May 21 2026 (05:49:42+0000)
Run host:          runnervmrw5os.ewmzc0bqkruufhf1y4x1ywmkfc.ex.internal.cloudapp.net (pid=168774)
Working directory: /home/runner/simulations/TestJob01_temp_1/output-0000/TEST/sim/CanudaX_BSSNMoL
Executable:        /home/runner/simulations/TestJob01_temp_1/SIMFACTORY/exe/cactus_sim
Parameter file:    /home/runner/simulations/TestJob01_temp_1/output-0000/arrangements/CanudaX/CanudaX_BSSNMoL/test/gaugewave.par
--------------------------------------------------------------------------------

Activating thorn Cactus...Success -> active implementation Cactus
Activation requested for 
--->ADMBaseX CanudaX_BSSNMoL CanudaX_ExactID CarpetX IOUtil ODESolvers TmunuBaseX<---
Thorn ADMBaseX requests automatic activation of Loop
Thorn CarpetX requests automatic activation of AMReX
Thorn CarpetX requests automatic activation of MPI
Thorn CarpetX requests automatic activation of yaml_cpp
Thorn CarpetX requests automatic activation of zlib
Thorn CarpetX requests automatic activation of Arith
Thorn CarpetX requests automatic activation of CarpetXRegrid
Thorn CarpetX requests automatic activation of ADIOS2
Thorn CarpetX requests automatic activation of openPMD
Thorn CarpetX requests automatic activation of Silo
Thorn ADIOS2 requests automatic activation of CMake
Thorn Arith requests automatic activation of NSIMD
Thorn MPI requests automatic activation of hwloc
Thorn openPMD requests automatic activation of HDF5
Activating thorn ADIOS2...Success -> active implementation ADIOS2
Activating thorn ADMBaseX...Success -> active implementation ADMBaseX
Activating thorn AMReX...Success -> active implementation AMReX
Activating thorn Arith...Success -> active implementation Arith
Activating thorn CanudaX_BSSNMoL...Success -> active implementation CanudaX_BSSNMoL
Activating thorn CanudaX_ExactID...Success -> active implementation CanudaX_ExactID
Activating thorn CarpetX...Success -> active implementation Driver
Activating thorn CarpetXRegrid...Success -> active implementation CarpetXRegrid
Activating thorn CMake...Success -> active implementation CMake
Activating thorn HDF5...Success -> active implementation HDF5
Activating thorn hwloc...Success -> active implementation hwloc
Activating thorn IOUtil...Success -> active implementation IO
Activating thorn Loop...Success -> active implementation Loop
Activating thorn MPI...Success -> active implementation MPI
Activating thorn NSIMD...Success -> active implementation NSIMD
Activating thorn ODESolvers...Success -> active implementation ODESolvers
Activating thorn openPMD...Success -> active implementation openPMD
Activating thorn Silo...Success -> active implementation Silo
Activating thorn TmunuBaseX...Success -> active implementation TmunuBaseX
Activating thorn yaml_cpp...Success -> active implementation yaml_cpp
Activating thorn zlib...Success -> active implementation zlib
--------------------------------------------------------------------------------
  if (recover initial data)
    Recover parameters
  endif

  Startup routines
    [CCTK_STARTUP]
      CarpetX::Driver_Startup: Start up the driver
      IOUtil::IOUtil_Startup: Startup routine
      GROUP hwloc_startup: hwloc startup group
        hwloc::hwloc_version: Output hwloc version

  Startup routines which need an existing grid hierarchy
    [CCTK_WRAGH]
      Arith::Test_smallvector: [meta] Test small vectors
      Arith::Test_spvect: [meta] Test sparse vectors
      ODESolvers::ODESolvers_InitConstants: [global] Set up dummy loop counters for schedule printout
  Parameter checking routines
    [CCTK_PARAMCHECK]
      CanudaX_BSSNMoL::CanudaX_BSSNMoL_paramcheck: Check CanudaX_BSSNMoL parameters for consistency

  Initialisation
    if (NOT (recover initial data AND recovery_mode is 'strict'))
      [CCTK_PREREGRIDINITIAL]
      Set up grid hierarchy
      [CCTK_POSTREGRIDINITIAL]
      [CCTK_BASEGRID]
        CarpetXRegrid::CarpetXRegrid_InitError: Initialize regridding error to zero
        GROUP ODESolvers_BaseGrid: Set up constants (e.g. coordinates) everywhere on the grid
      [CCTK_INITIAL]
        GROUP TmunuBaseX_SetTmunuVars: Schedule group for setting T_munu
          TmunuBaseX::TmunuBaseX_ZeroTmunu: Set T_munu to zero
          GROUP TmunuBaseX_AddToTmunu: Add to T_munu here
        GROUP ODESolvers_Initial: Set up initial conditions on interior of state vector
          GROUP ADMBaseX_InitialData: Schedule group for calculating ADM initial data
            GROUP CanudaX_ExactIDGroup: CanudaX_ExactID group for setting up initial data
              CanudaX_ExactID::CanudaX_ExactID_GaugeWave: [local] Create gauge wave initial data
          GROUP ADMBaseX_InitialGauge: Schedule group for the ADM initial gauge condition
            ADMBaseX::ADMBaseX_initial_dtlapse: Set dtlapse to zero
            ADMBaseX::ADMBaseX_initial_dtshift: Set dtshift to zero
          GROUP ADMBaseX_PostInitial: Schedule group for modifying the ADM initial data, such as e.g. adding noise
        GROUP CanudaX_BSSNMoL_InitialGroup: CanudaX_BSSNMoL: initial bin
          CanudaX_BSSNMoL::CanudaX_BSSNMoL_adm2bssn: [local] Convert initial data into BSSN variables
          CanudaX_BSSNMoL::CanudaX_BSSNMoL_gammat: [local] Set Gammat initial data
      [CCTK_POSTINITIAL]
        GROUP ODESolvers_PostStep: Apply boundary conditions to state vector, and project if necessary
          GROUP CanudaX_BSSNMoL_PostStepGroup: CanudaX_BSSNMoL: post-step operations
            CanudaX_BSSNMoL::CanudaX_BSSNMoL_impose_conf_fac_floor: Make sure conformal factor does not drop below specified value
            CanudaX_BSSNMoL::CanudaX_BSSNMoL_reset_detmetric: reset dethh = 1
            CanudaX_BSSNMoL::CanudaX_BSSNMoL_remove_trA: Remove trace of A
            CanudaX_BSSNMoL::CanudaX_BSSNMoL_sync: [global] Sync state vector
            CanudaX_BSSNMoL::CanudaX_BSSNMoL_bssn2adm: [local] Convert variables back to the ADM ones
          GROUP ADMBaseX_SetADMRHS: Set ADM RHS variables in this group
          GROUP ADMBaseX_SetADMVars: Set ADM variables in this group
          GROUP TmunuBaseX_SetTmunuVars: Schedule group for setting T_munu
            TmunuBaseX::TmunuBaseX_ZeroTmunu: Set T_munu to zero
            GROUP TmunuBaseX_AddToTmunu: Add to T_munu here
        GROUP ODESolvers_EstimateError: Estimate discretization error (for regridding)
      Initialise finer grids recursively
      Restrict from finer grids
      [CCTK_POSTRESTRICTINITIAL]
      [CCTK_POSTPOSTINITIAL]
      [CCTK_POSTSTEP]
        GROUP ODESolvers_EstimateError: Estimate discretization error (for regridding)
    endif
    if (recover initial data)
      [CCTK_BASEGRID]
        CarpetXRegrid::CarpetXRegrid_InitError: Initialize regridding error to zero
        GROUP ODESolvers_BaseGrid: Set up constants (e.g. coordinates) everywhere on the grid
      [CCTK_RECOVER_VARIABLES]
      [CCTK_POST_RECOVER_VARIABLES]
        GROUP ODESolvers_PostStep: Apply boundary conditions to state vector, and project if necessary
          GROUP CanudaX_BSSNMoL_PostStepGroup: CanudaX_BSSNMoL: post-step operations
            CanudaX_BSSNMoL::CanudaX_BSSNMoL_impose_conf_fac_floor: Make sure conformal factor does not drop below specified value
            CanudaX_BSSNMoL::CanudaX_BSSNMoL_reset_detmetric: reset dethh = 1
            CanudaX_BSSNMoL::CanudaX_BSSNMoL_remove_trA: Remove trace of A
            CanudaX_BSSNMoL::CanudaX_BSSNMoL_sync: [global] Sync state vector
            CanudaX_BSSNMoL::CanudaX_BSSNMoL_bssn2adm: [local] Convert variables back to the ADM ones
          GROUP ADMBaseX_SetADMRHS: Set ADM RHS variables in this group
          GROUP ADMBaseX_SetADMVars: Set ADM variables in this group
          GROUP TmunuBaseX_SetTmunuVars: Schedule group for setting T_munu
            TmunuBaseX::TmunuBaseX_ZeroTmunu: Set T_munu to zero
            GROUP TmunuBaseX_AddToTmunu: Add to T_munu here
        GROUP ODESolvers_EstimateError: Estimate discretization error (for regridding)
    endif
    if (checkpoint initial data)
      [CCTK_CPINITIAL]
        CarpetX::CarpetX_CheckpointInitial: [meta] Checkpoint initial conditions
    endif
    if (analysis)
      [CCTK_ANALYSIS]
        CanudaX_BSSNMoL::CanudaX_BSSNMoL_bssn_constraints: Compute constraints
        GROUP ODESolvers_Analysis: Calculate analysis quantities everywhere
  endif
  Output grid variables

  do loop over timesteps
    [CCTK_PREREGRID]
    Change grid hierarchy
    [CCTK_POSTREGRID]
      GROUP ODESolvers_PostStep: Apply boundary conditions to state vector, and project if necessary
        GROUP CanudaX_BSSNMoL_PostStepGroup: CanudaX_BSSNMoL: post-step operations
          CanudaX_BSSNMoL::CanudaX_BSSNMoL_impose_conf_fac_floor: Make sure conformal factor does not drop below specified value
          CanudaX_BSSNMoL::CanudaX_BSSNMoL_reset_detmetric: reset dethh = 1
          CanudaX_BSSNMoL::CanudaX_BSSNMoL_remove_trA: Remove trace of A
          CanudaX_BSSNMoL::CanudaX_BSSNMoL_sync: [global] Sync state vector
          CanudaX_BSSNMoL::CanudaX_BSSNMoL_bssn2adm: [local] Convert variables back to the ADM ones
        GROUP ADMBaseX_SetADMRHS: Set ADM RHS variables in this group
        GROUP ADMBaseX_SetADMVars: Set ADM variables in this group
        GROUP TmunuBaseX_SetTmunuVars: Schedule group for setting T_munu
          TmunuBaseX::TmunuBaseX_ZeroTmunu: Set T_munu to zero
          GROUP TmunuBaseX_AddToTmunu: Add to T_munu here
    Rotate timelevels
    iteration = iteration+1
    t = t+dt
    [CCTK_PRESTEP]
    [CCTK_EVOL]
      ODESolvers::ODESolvers_Solve: [level] Solve ODEs
      while (ODESolvers::do_substeps)
        GROUP ODESolvers_CalledBySolve: Groups internally scheduled by ODESolvers_Solve
          GROUP ODESolvers_RHS: Evaluate the RHS for of state vector everywhere on the grid
            GROUP CanudaX_BSSNMoL_RHSGroup: CanudaX_BSSNMoL: calculate BSSN RHS
              CanudaX_BSSNMoL::CanudaX_BSSNMoL_calc_bssn_rhs: MoL RHS calculation
              CanudaX_BSSNMoL::CanudaX_BSSNMoL_apply_boundary_conditions: Apply radiative boundary conditions 
          GROUP ODESolvers_PostStep: Apply boundary conditions to state vector, and project if necessary
            GROUP CanudaX_BSSNMoL_PostStepGroup: CanudaX_BSSNMoL: post-step operations
              CanudaX_BSSNMoL::CanudaX_BSSNMoL_impose_conf_fac_floor: Make sure conformal factor does not drop below specified value
              CanudaX_BSSNMoL::CanudaX_BSSNMoL_reset_detmetric: reset dethh = 1
              CanudaX_BSSNMoL::CanudaX_BSSNMoL_remove_trA: Remove trace of A
              CanudaX_BSSNMoL::CanudaX_BSSNMoL_sync: [global] Sync state vector
              CanudaX_BSSNMoL::CanudaX_BSSNMoL_bssn2adm: [local] Convert variables back to the ADM ones
            GROUP ADMBaseX_SetADMRHS: Set ADM RHS variables in this group
            GROUP ADMBaseX_SetADMVars: Set ADM variables in this group
            GROUP TmunuBaseX_SetTmunuVars: Schedule group for setting T_munu
              TmunuBaseX::TmunuBaseX_ZeroTmunu: Set T_munu to zero
              GROUP TmunuBaseX_AddToTmunu: Add to T_munu here
      end while
    Evolve finer grids recursively
    Restrict from finer grids
    [CCTK_POSTRESTRICT]
      GROUP ODESolvers_PostStep: Apply boundary conditions to state vector, and project if necessary
        GROUP CanudaX_BSSNMoL_PostStepGroup: CanudaX_BSSNMoL: post-step operations
          CanudaX_BSSNMoL::CanudaX_BSSNMoL_impose_conf_fac_floor: Make sure conformal factor does not drop below specified value
          CanudaX_BSSNMoL::CanudaX_BSSNMoL_reset_detmetric: reset dethh = 1
          CanudaX_BSSNMoL::CanudaX_BSSNMoL_remove_trA: Remove trace of A
          CanudaX_BSSNMoL::CanudaX_BSSNMoL_sync: [global] Sync state vector
          CanudaX_BSSNMoL::CanudaX_BSSNMoL_bssn2adm: [local] Convert variables back to the ADM ones
        GROUP ADMBaseX_SetADMRHS: Set ADM RHS variables in this group
        GROUP ADMBaseX_SetADMVars: Set ADM variables in this group
        GROUP TmunuBaseX_SetTmunuVars: Schedule group for setting T_munu
          TmunuBaseX::TmunuBaseX_ZeroTmunu: Set T_munu to zero
          GROUP TmunuBaseX_AddToTmunu: Add to T_munu here
    [CCTK_POSTSTEP]
      GROUP ODESolvers_EstimateError: Estimate discretization error (for regridding)
    if (checkpoint)
      [CCTK_CHECKPOINT]
      CarpetX::CarpetX_Checkpoint: [meta] Checkpoint
    endif
    if (analysis)
      [CCTK_ANALYSIS]
      CanudaX_BSSNMoL::CanudaX_BSSNMoL_bssn_constraints: Compute constraints
      GROUP ODESolvers_Analysis: Calculate analysis quantities everywhere
    endif
    Output grid variables
    enddo

  Termination routines
    [CCTK_TERMINATE]
      CarpetX::CarpetX_CheckpointTerminate: [meta] Checkpoint before terminating

  Shutdown routines
    [CCTK_SHUTDOWN]
      CarpetX::Driver_Shutdown: [meta] Shut down the driver

  Routines run after changing the grid hierarchy:
    [CCTK_POSTREGRID]
      GROUP ODESolvers_PostStep: Apply boundary conditions to state vector, and project if necessary
        GROUP CanudaX_BSSNMoL_PostStepGroup: CanudaX_BSSNMoL: post-step operations
          CanudaX_BSSNMoL::CanudaX_BSSNMoL_impose_conf_fac_floor: Make sure conformal factor does not drop below specified value
          CanudaX_BSSNMoL::CanudaX_BSSNMoL_reset_detmetric: reset dethh = 1
          CanudaX_BSSNMoL::CanudaX_BSSNMoL_remove_trA: Remove trace of A
          CanudaX_BSSNMoL::CanudaX_BSSNMoL_sync: [global] Sync state vector
          CanudaX_BSSNMoL::CanudaX_BSSNMoL_bssn2adm: [local] Convert variables back to the ADM ones
        GROUP ADMBaseX_SetADMRHS: Set ADM RHS variables in this group
        GROUP ADMBaseX_SetADMVars: Set ADM variables in this group
        GROUP TmunuBaseX_SetTmunuVars: Schedule group for setting T_munu
          TmunuBaseX::TmunuBaseX_ZeroTmunu: Set T_munu to zero
          GROUP TmunuBaseX_AddToTmunu: Add to T_munu here
--------------------------------------------------------------------------------
INFO (hwloc): library version 2.10.0, API version 0x20800
--------------------------------------------------------------------------------

  [34m  ▕▏  [34m  ▕▏  [34m  ▕▏  [34m  ▕▏  [34m  ▕▏  [34m  ▕▏  [34m  ▕▏  [34m  ▕▏  [34m  ▕▏  [39m  
  [34m──██──[34m──██──[34m──██──[34m──██──[34m──██──[34m──██──[34m──██──[34m──██──[34m──██──[39m  
  [34m  ▕▏  [34m  ▕▏  [34m  ▕▏  [34m  ▕▏  [34m  ▕▏  [34m  ▕▏  [34m  ▕▏  [34m  ▕▏  [34m  ▕▏  [39m  
  [34m  ▕▏  [32m██████[34m  ▕▏  [34m  ▕▏  [32m██████[34m  ▕▏  [34m  ▕▏  [32m██████[34m  ▕▏  [39m  
  [34m──██──[32m██████[34m──██──[34m──██──[32m██████[34m──██──[34m──██──[32m██████[34m──██──[39m  
  [34m  ▕▏  [32m██████[34m  ▕▏  [34m  ▕▏  [32m██████[34m  ▕▏  [34m  ▕▏  [32m██████[34m  ▕▏  [39m  
  [34m  ▕▏  [34m  ▕▏  [34m  ▕▏  [34m  ▕▏  [34m  ▕▏  [34m  ▕▏  [34m  ▕▏  [34m  ▕▏  [34m  ▕▏  [39m  
  [34m──██──[34m──██──[34m──██──[34m──██──[34m──██──[34m──██──[34m──██──[34m──██──[34m──██──[39m  
  [34m  ▕▏  [34m  ▕▏  [34m  ▕▏  [34m  ▕▏  [34m  ▕▏  [34m  ▕▏  [34m  ▕▏  [34m  ▕▏  [34m  ▕▏  [39m  
  [34m  ▕▏  [34m  ▕▏  [34m  ▕▏  [31m██████[31m██████[31m██████[34m  ▕▏  [34m  ▕▏  [34m  ▕▏  [39m  
  [34m──██──[34m──██──[34m──██──[31m██████[31m██████[31m██████[34m──██──[34m──██──[34m──██──[39m  
  [34m  ▕▏  [34m  ▕▏  [34m  ▕▏  [31m██████[31m██████[31m██████[34m  ▕▏  [34m  ▕▏  [34m  ▕▏  [39m  
  [34m  ▕▏  [32m██████[34m  ▕▏  [31m██████[31m██████[31m██████[34m  ▕▏  [32m██████[34m  ▕▏  [39m  
  [34m──██──[32m██████[34m──██──[31m██████[31m██████[31m██████[34m──██──[32m██████[34m──██──[39m  
  [34m  ▕▏  [32m██████[34m  ▕▏  [31m██████[31m██████[31m██████[34m  ▕▏  [32m██████[34m  ▕▏  [39m  
  [34m  ▕▏  [34m  ▕▏  [34m  ▕▏  [31m██████[31m██████[31m██████[34m  ▕▏  [34m  ▕▏  [34m  ▕▏  [39m  
  [34m──██──[34m──██──[34m──██──[31m██████[31m██████[31m██████[34m──██──[34m──██──[34m──██──[39m  
  [34m  ▕▏  [34m  ▕▏  [34m  ▕▏  [31m██████[31m██████[31m██████[34m  ▕▏  [34m  ▕▏  [34m  ▕▏  [39m  
  [34m  ▕▏  [34m  ▕▏  [34m  ▕▏  [34m  ▕▏  [34m  ▕▏  [34m  ▕▏  [34m  ▕▏  [34m  ▕▏  [34m  ▕▏  [39m  
  [34m──██──[34m──██──[34m──██──[34m──██──[34m──██──[34m──██──[34m──██──[34m──██──[34m──██──[39m  
  [34m  ▕▏  [34m  ▕▏  [34m  ▕▏  [34m  ▕▏  [34m  ▕▏  [34m  ▕▏  [34m  ▕▏  [34m  ▕▏  [34m  ▕▏  [39m  
  [34m  ▕▏  [32m██████[34m  ▕▏  [34m  ▕▏  [32m██████[34m  ▕▏  [34m  ▕▏  [32m██████[34m  ▕▏  [39m  
  [34m──██──[32m██████[34m──██──[34m──██──[32m██████[34m──██──[34m──██──[32m██████[34m──██──[39m  
  [34m  ▕▏  [32m██████[34m  ▕▏  [34m  ▕▏  [32m██████[34m  ▕▏  [34m  ▕▏  [32m██████[34m  ▕▏  [39m  
  [34m  ▕▏  [34m  ▕▏  [34m  ▕▏  [34m  ▕▏  [34m  ▕▏  [34m  ▕▏  [34m  ▕▏  [34m  ▕▏  [34m  ▕▏  [39m  
  [34m──██──[34m──██──[34m──██──[34m──██──[34m──██──[34m──██──[34m──██──[34m──██──[34m──██──[39m  
  [34m  ▕▏  [34m  ▕▏  [34m  ▕▏  [34m  ▕▏  [34m  ▕▏  [34m  ▕▏  [34m  ▕▏  [34m  ▕▏  [34m  ▕▏  [39m  

AMR driver provided by CarpetX,
using AMReX 25.11 (MPI, OpenMP, no accelerators, debug)
--------------------------------------------------------------------------------

Initializing AMReX (25.11)...
MPI initialized with 1 MPI processes
MPI initialized with thread support level 2
OMP initialized with 2 OMP threads
AMReX (25.11) initialized
INFO (CarpetX): 
Symmetries:
  lower x: periodic
  lower y: periodic
  lower z: periodic
  upper x: periodic
  upper y: periodic
  upper z: periodic
Default boundaries:
  lower x: symmetry_boundary
  lower y: symmetry_boundary
  lower z: symmetry_boundary
  upper x: symmetry_boundary
  upper y: symmetry_boundary
  upper z: symmetry_boundary
INFO (Arith): Test_smallvector
INFO (Arith): Test_spvect
INFO (CarpetX): Setting initial values for max_grid_size values for all levels
INFO (CarpetX): Setting up initial conditions...
INFO (CarpetX): Iteration: 0   time: 0   delta_time: 0.00390625
INFO (CarpetX): Patch 0:
INFO (CarpetX):   Grid extent:
INFO (CarpetX):     gsh=[71,15,15]
INFO (CarpetX):     blocking_factor=[8,8,8]
INFO (CarpetX):     max_grid_size=[10000000,10000000,10000000]
INFO (CarpetX):     max_tile_size=[1024000,16,32]
INFO (CarpetX):   Domain extent:
INFO (CarpetX):     xmin=[-0.5,-0.0625,-0.0625]
INFO (CarpetX):     xmax=[0.5,0.0625,0.0625]
INFO (CarpetX):     base dx=[0.015625,0.015625,0.015625]
INFO (CarpetX): Initializing level 0...
INFO (CanudaX_ExactID): Begin Gauge Wave initial data
INFO (CanudaX_ExactID): === End gauge wave initial data ===
INFO (CarpetX): Regridding...
INFO (CarpetX):   level 0: 1 boxes, 4096 cells (100%)
INFO (CarpetX): Initialized 1 levels
INFO (CarpetX): OutputGH: iteration 0, time 0.000000, run time 1 s
INFO (CarpetX): OutputGH done.
INFO (CarpetX): Starting evolution...
INFO (ODESolvers): ODE integrator is RK4
INFO (CarpetX): OutputGH: iteration 1, time 0.003906, run time 1 s
INFO (CarpetX): OutputGH done.
INFO (CarpetX): Simulation time: 0.00390625   Iterations per second: 14.6679   Simulation time per second: 0.0572965
INFO (CarpetX): Grid cells: 4096   Grid cell updates per second: 60079.8
INFO (CarpetX): Performance:
INFO (CarpetX):   total evolution time:            0.068176 sec
INFO (CarpetX):   total evolution compute time:    0.0681691 sec
INFO (CarpetX):   total evolution output time:     6.91414e-06 sec
INFO (CarpetX):   total iterations:                1
INFO (CarpetX):   total cells updated:             4096
INFO (CarpetX):   average iterations per second: 14.6679
INFO (CarpetX):   average cell updates per second: 60079.8
INFO (CarpetX): OutputGH: iteration 2, time 0.007812, run time 1 s
INFO (CarpetX): OutputGH done.
INFO (CarpetX): Simulation time: 0.0078125   Iterations per second: 14.882   Simulation time per second: 0.058133
INFO (CarpetX): Grid cells: 4096   Grid cell updates per second: 60956.9
INFO (CarpetX): Performance:
INFO (CarpetX):   total evolution time:            0.13439 sec
INFO (CarpetX):   total evolution compute time:    0.134374 sec
INFO (CarpetX):   total evolution output time:     1.5974e-05 sec
INFO (CarpetX):   total iterations:                2
INFO (CarpetX):   total cells updated:             8192
INFO (CarpetX):   average iterations per second: 14.882
INFO (CarpetX):   average cell updates per second: 60956.9
INFO (CarpetX): OutputGH: iteration 3, time 0.011719, run time 1 s
INFO (CarpetX): OutputGH done.
INFO (CarpetX): Simulation time: 0.0117188   Iterations per second: 14.9803   Simulation time per second: 0.0585167
INFO (CarpetX): Grid cells: 4096   Grid cell updates per second: 61359.2
INFO (CarpetX): Performance:
INFO (CarpetX):   total evolution time:            0.200263 sec
INFO (CarpetX):   total evolution compute time:    0.200238 sec
INFO (CarpetX):   total evolution output time:     2.5034e-05 sec
INFO (CarpetX):   total iterations:                3
INFO (CarpetX):   total cells updated:             12288
INFO (CarpetX):   average iterations per second: 14.9803
INFO (CarpetX):   average cell updates per second: 61359.2
INFO (CarpetX): OutputGH: iteration 4, time 0.015625, run time 1 s
INFO (CarpetX): OutputGH done.
INFO (CarpetX): Simulation time: 0.015625   Iterations per second: 14.9931   Simulation time per second: 0.0585668
INFO (CarpetX): Grid cells: 4096   Grid cell updates per second: 61411.7
INFO (CarpetX): Performance:
INFO (CarpetX):   total evolution time:            0.266789 sec
INFO (CarpetX):   total evolution compute time:    0.266756 sec
INFO (CarpetX):   total evolution output time:     3.31402e-05 sec
INFO (CarpetX):   total iterations:                4
INFO (CarpetX):   total cells updated:             16384
INFO (CarpetX):   average iterations per second: 14.9931
INFO (CarpetX):   average cell updates per second: 61411.7
INFO (CarpetX): OutputGH: iteration 5, time 0.019531, run time 1 s
INFO (CarpetX): OutputGH done.
INFO (CarpetX): Simulation time: 0.0195312   Iterations per second: 15.0312   Simulation time per second: 0.0587156
INFO (CarpetX): Grid cells: 4096   Grid cell updates per second: 61567.8
INFO (CarpetX): Performance:
INFO (CarpetX):   total evolution time:            0.332642 sec
INFO (CarpetX):   total evolution compute time:    0.3326 sec
INFO (CarpetX):   total evolution output time:     4.12464e-05 sec
INFO (CarpetX):   total iterations:                5
INFO (CarpetX):   total cells updated:             20480
INFO (CarpetX):   average iterations per second: 15.0312
INFO (CarpetX):   average cell updates per second: 61567.8
INFO (CarpetX): OutputGH: iteration 6, time 0.023438, run time 2 s
INFO (CarpetX): OutputGH done.
INFO (CarpetX): Simulation time: 0.0234375   Iterations per second: 15.0579   Simulation time per second: 0.0588201
INFO (CarpetX): Grid cells: 4096   Grid cell updates per second: 61677.4
INFO (CarpetX): Performance:
INFO (CarpetX):   total evolution time:            0.398461 sec
INFO (CarpetX):   total evolution compute time:    0.398411 sec
INFO (CarpetX):   total evolution output time:     5.00679e-05 sec
INFO (CarpetX):   total iterations:                6
INFO (CarpetX):   total cells updated:             24576
INFO (CarpetX):   average iterations per second: 15.0579
INFO (CarpetX):   average cell updates per second: 61677.4
INFO (CarpetX): OutputGH: iteration 7, time 0.027344, run time 2 s
INFO (CarpetX): OutputGH done.
INFO (CarpetX): Simulation time: 0.0273438   Iterations per second: 15.0715   Simulation time per second: 0.0588732
INFO (CarpetX): Grid cells: 4096   Grid cell updates per second: 61733
INFO (CarpetX): Performance:
INFO (CarpetX):   total evolution time:            0.464452 sec
INFO (CarpetX):   total evolution compute time:    0.464393 sec
INFO (CarpetX):   total evolution output time:     5.88894e-05 sec
INFO (CarpetX):   total iterations:                7
INFO (CarpetX):   total cells updated:             28672
INFO (CarpetX):   average iterations per second: 15.0715
INFO (CarpetX):   average cell updates per second: 61733
INFO (CarpetX): OutputGH: iteration 8, time 0.031250, run time 2 s
INFO (CarpetX): OutputGH done.
INFO (CarpetX): Simulation time: 0.03125   Iterations per second: 15.0816   Simulation time per second: 0.0589124
INFO (CarpetX): Grid cells: 4096   Grid cell updates per second: 61774.1
INFO (CarpetX): Performance:
INFO (CarpetX):   total evolution time:            0.530449 sec
INFO (CarpetX):   total evolution compute time:    0.530382 sec
INFO (CarpetX):   total evolution output time:     6.69956e-05 sec
INFO (CarpetX):   total iterations:                8
INFO (CarpetX):   total cells updated:             32768
INFO (CarpetX):   average iterations per second: 15.0816
INFO (CarpetX):   average cell updates per second: 61774.1
INFO (CarpetX): OutputGH: iteration 9, time 0.035156, run time 2 s
INFO (CarpetX): OutputGH done.
INFO (CarpetX): Simulation time: 0.0351562   Iterations per second: 15.0918   Simulation time per second: 0.0589523
INFO (CarpetX): Grid cells: 4096   Grid cell updates per second: 61816
INFO (CarpetX): Performance:
INFO (CarpetX):   total evolution time:            0.596351 sec
INFO (CarpetX):   total evolution compute time:    0.596276 sec
INFO (CarpetX):   total evolution output time:     7.51019e-05 sec
INFO (CarpetX):   total iterations:                9
INFO (CarpetX):   total cells updated:             36864
INFO (CarpetX):   average iterations per second: 15.0918
INFO (CarpetX):   average cell updates per second: 61816
INFO (CarpetX): OutputGH: iteration 10, time 0.039062, run time 2 s
INFO (CarpetX): OutputGH done.
INFO (CarpetX): Simulation time: 0.0390625   Iterations per second: 15.0966   Simulation time per second: 0.058971
INFO (CarpetX): Grid cells: 4096   Grid cell updates per second: 61835.6
INFO (CarpetX): Performance:
INFO (CarpetX):   total evolution time:            0.662402 sec
INFO (CarpetX):   total evolution compute time:    0.662319 sec
INFO (CarpetX):   total evolution output time:     8.29697e-05 sec
INFO (CarpetX):   total iterations:                10
INFO (CarpetX):   total cells updated:             40960
INFO (CarpetX):   average iterations per second: 15.0966
INFO (CarpetX):   average cell updates per second: 61835.6
INFO (CarpetX): OutputGH: iteration 11, time 0.042969, run time 2 s
INFO (CarpetX): OutputGH done.
INFO (CarpetX): Simulation time: 0.0429688   Iterations per second: 15.0987   Simulation time per second: 0.0589791
INFO (CarpetX): Grid cells: 4096   Grid cell updates per second: 61844.1
INFO (CarpetX): Performance:
INFO (CarpetX):   total evolution time:            0.728551 sec
INFO (CarpetX):   total evolution compute time:    0.728459 sec
INFO (CarpetX):   total evolution output time:     9.17912e-05 sec
INFO (CarpetX):   total iterations:                11
INFO (CarpetX):   total cells updated:             45056
INFO (CarpetX):   average iterations per second: 15.0985
INFO (CarpetX):   average cell updates per second: 61843.3
INFO (CarpetX): OutputGH: iteration 12, time 0.046875, run time 2 s
INFO (CarpetX): OutputGH done.
INFO (CarpetX): Simulation time: 0.046875   Iterations per second: 15.1032   Simulation time per second: 0.058997
INFO (CarpetX): Grid cells: 4096   Grid cell updates per second: 61862.8
INFO (CarpetX): Performance:
INFO (CarpetX):   total evolution time:            0.794582 sec
INFO (CarpetX):   total evolution compute time:    0.794481 sec
INFO (CarpetX):   total evolution output time:     0.000100851 sec
INFO (CarpetX):   total iterations:                12
INFO (CarpetX):   total cells updated:             49152
INFO (CarpetX):   average iterations per second: 15.1023
INFO (CarpetX):   average cell updates per second: 61859
INFO (CarpetX): OutputGH: iteration 13, time 0.050781, run time 2 s
INFO (CarpetX): OutputGH done.
INFO (CarpetX): Simulation time: 0.0507812   Iterations per second: 15.1114   Simulation time per second: 0.0590291
INFO (CarpetX): Grid cells: 4096   Grid cell updates per second: 61896.5
INFO (CarpetX): Performance:
INFO (CarpetX):   total evolution time:            0.860433 sec
INFO (CarpetX):   total evolution compute time:    0.860324 sec
INFO (CarpetX):   total evolution output time:     0.000108957 sec
INFO (CarpetX):   total iterations:                13
INFO (CarpetX):   total cells updated:             53248
INFO (CarpetX):   average iterations per second: 15.1087
INFO (CarpetX):   average cell updates per second: 61885.1
INFO (CarpetX): OutputGH: iteration 14, time 0.054688, run time 2 s
INFO (CarpetX): OutputGH done.
INFO (CarpetX): Simulation time: 0.0546875   Iterations per second: 15.1172   Simulation time per second: 0.0590516
INFO (CarpetX): Grid cells: 4096   Grid cell updates per second: 61920.1
INFO (CarpetX): Performance:
INFO (CarpetX):   total evolution time:            0.926355 sec
INFO (CarpetX):   total evolution compute time:    0.926238 sec
INFO (CarpetX):   total evolution output time:     0.000116825 sec
INFO (CarpetX):   total iterations:                14
INFO (CarpetX):   total cells updated:             57344
INFO (CarpetX):   average iterations per second: 15.113
INFO (CarpetX):   average cell updates per second: 61902.9
INFO (CarpetX): OutputGH: iteration 15, time 0.058594, run time 2 s
INFO (CarpetX): OutputGH done.
INFO (CarpetX): Simulation time: 0.0585938   Iterations per second: 15.1171   Simulation time per second: 0.059051
INFO (CarpetX): Grid cells: 4096   Grid cell updates per second: 61919.4
INFO (CarpetX): Performance:
INFO (CarpetX):   total evolution time:            0.992512 sec
INFO (CarpetX):   total evolution compute time:    0.992387 sec
INFO (CarpetX):   total evolution output time:     0.000124693 sec
INFO (CarpetX):   total iterations:                15
INFO (CarpetX):   total cells updated:             61440
INFO (CarpetX):   average iterations per second: 15.1132
INFO (CarpetX):   average cell updates per second: 61903.5
INFO (CarpetX): OutputGH: iteration 16, time 0.062500, run time 2 s
INFO (CarpetX): OutputGH done.
INFO (CarpetX): Simulation time: 0.0625   Iterations per second: 15.1161   Simulation time per second: 0.0590471
INFO (CarpetX): Grid cells: 4096   Grid cell updates per second: 61915.4
INFO (CarpetX): Performance:
INFO (CarpetX):   total evolution time:            1.05871 sec
INFO (CarpetX):   total evolution compute time:    1.05857 sec
INFO (CarpetX):   total evolution output time:     0.000133753 sec
INFO (CarpetX):   total iterations:                16
INFO (CarpetX):   total cells updated:             65536
INFO (CarpetX):   average iterations per second: 15.1128
INFO (CarpetX):   average cell updates per second: 61902
INFO (CarpetX): OutputGH: iteration 17, time 0.066406, run time 2 s
INFO (CarpetX): OutputGH done.
INFO (CarpetX): Simulation time: 0.0664062   Iterations per second: 15.1148   Simulation time per second: 0.0590422
INFO (CarpetX): Grid cells: 4096   Grid cell updates per second: 61910.3
INFO (CarpetX): Performance:
INFO (CarpetX):   total evolution time:            1.12491 sec
INFO (CarpetX):   total evolution compute time:    1.12477 sec
INFO (CarpetX):   total evolution output time:     0.000141621 sec
INFO (CarpetX):   total iterations:                17
INFO (CarpetX):   total cells updated:             69632
INFO (CarpetX):   average iterations per second: 15.1123
INFO (CarpetX):   average cell updates per second: 61899.8
INFO (CarpetX): OutputGH: iteration 18, time 0.070312, run time 2 s
INFO (CarpetX): OutputGH done.
INFO (CarpetX): Simulation time: 0.0703125   Iterations per second: 15.1233   Simulation time per second: 0.0590756
INFO (CarpetX): Grid cells: 4096   Grid cell updates per second: 61945.2
INFO (CarpetX): Performance:
INFO (CarpetX):   total evolution time:            1.1907 sec
INFO (CarpetX):   total evolution compute time:    1.19055 sec
INFO (CarpetX):   total evolution output time:     0.000150681 sec
INFO (CarpetX):   total iterations:                18
INFO (CarpetX):   total cells updated:             73728
INFO (CarpetX):   average iterations per second: 15.1171
INFO (CarpetX):   average cell updates per second: 61919.8
INFO (CarpetX): OutputGH: iteration 19, time 0.074219, run time 2 s
INFO (CarpetX): OutputGH done.
INFO (CarpetX): Simulation time: 0.0742188   Iterations per second: 15.1221   Simulation time per second: 0.0590708
INFO (CarpetX): Grid cells: 4096   Grid cell updates per second: 61940.2
INFO (CarpetX): Performance:
INFO (CarpetX):   total evolution time:            1.25688 sec
INFO (CarpetX):   total evolution compute time:    1.25672 sec
INFO (CarpetX):   total evolution output time:     0.000160694 sec
INFO (CarpetX):   total iterations:                19
INFO (CarpetX):   total cells updated:             77824
INFO (CarpetX):   average iterations per second: 15.1168
INFO (CarpetX):   average cell updates per second: 61918.5
INFO (CarpetX): OutputGH: iteration 20, time 0.078125, run time 2 s
INFO (CarpetX): OutputGH done.
INFO (CarpetX): Simulation time: 0.078125   Iterations per second: 15.1307   Simulation time per second: 0.0591042
INFO (CarpetX): Grid cells: 4096   Grid cell updates per second: 61975.3
INFO (CarpetX): Performance:
INFO (CarpetX):   total evolution time:            1.32263 sec
INFO (CarpetX):   total evolution compute time:    1.32246 sec
INFO (CarpetX):   total evolution output time:     0.000169516 sec
INFO (CarpetX):   total iterations:                20
INFO (CarpetX):   total cells updated:             81920
INFO (CarpetX):   average iterations per second: 15.1214
INFO (CarpetX):   average cell updates per second: 61937.1
INFO (CarpetX): OutputGH: iteration 21, time 0.082031, run time 3 s
INFO (CarpetX): OutputGH done.
INFO (CarpetX): Simulation time: 0.0820312   Iterations per second: 15.1391   Simulation time per second: 0.059137
INFO (CarpetX): Grid cells: 4096   Grid cell updates per second: 62009.6
INFO (CarpetX): Performance:
INFO (CarpetX):   total evolution time:            1.38836 sec
INFO (CarpetX):   total evolution compute time:    1.38818 sec
INFO (CarpetX):   total evolution output time:     0.000177622 sec
INFO (CarpetX):   total iterations:                21
INFO (CarpetX):   total cells updated:             86016
INFO (CarpetX):   average iterations per second: 15.1258
INFO (CarpetX):   average cell updates per second: 61955.2
INFO (CarpetX): OutputGH: iteration 22, time 0.085938, run time 3 s
INFO (CarpetX): OutputGH done.
INFO (CarpetX): Simulation time: 0.0859375   Iterations per second: 15.1403   Simulation time per second: 0.0591417
INFO (CarpetX): Grid cells: 4096   Grid cell updates per second: 62014.5
INFO (CarpetX): Performance:
INFO (CarpetX):   total evolution time:            1.45436 sec
INFO (CarpetX):   total evolution compute time:    1.45417 sec
INFO (CarpetX):   total evolution output time:     0.000186682 sec
INFO (CarpetX):   total iterations:                22
INFO (CarpetX):   total cells updated:             90112
INFO (CarpetX):   average iterations per second: 15.1269
INFO (CarpetX):   average cell updates per second: 61959.9
INFO (CarpetX): OutputGH: iteration 23, time 0.089844, run time 3 s
INFO (CarpetX): OutputGH done.
INFO (CarpetX): Simulation time: 0.0898438   Iterations per second: 15.142   Simulation time per second: 0.0591484
INFO (CarpetX): Grid cells: 4096   Grid cell updates per second: 62021.6
INFO (CarpetX): Performance:
INFO (CarpetX):   total evolution time:            1.52033 sec
INFO (CarpetX):   total evolution compute time:    1.52014 sec
INFO (CarpetX):   total evolution output time:     0.000194788 sec
INFO (CarpetX):   total iterations:                23
INFO (CarpetX):   total cells updated:             94208
INFO (CarpetX):   average iterations per second: 15.1283
INFO (CarpetX):   average cell updates per second: 61965.4
INFO (CarpetX): OutputGH: iteration 24, time 0.093750, run time 3 s
INFO (CarpetX): OutputGH done.
INFO (CarpetX): Simulation time: 0.09375   Iterations per second: 15.1495   Simulation time per second: 0.0591777
INFO (CarpetX): Grid cells: 4096   Grid cell updates per second: 62052.4
INFO (CarpetX): Performance:
INFO (CarpetX):   total evolution time:            1.58605 sec
INFO (CarpetX):   total evolution compute time:    1.58584 sec
INFO (CarpetX):   total evolution output time:     0.000202894 sec
INFO (CarpetX):   total iterations:                24
INFO (CarpetX):   total cells updated:             98304
INFO (CarpetX):   average iterations per second: 15.132
INFO (CarpetX):   average cell updates per second: 61980.5
INFO (CarpetX): OutputGH: iteration 25, time 0.097656, run time 3 s
INFO (CarpetX): OutputGH done.
INFO (CarpetX): Simulation time: 0.0976562   Iterations per second: 15.1551   Simulation time per second: 0.0591995
INFO (CarpetX): Grid cells: 4096   Grid cell updates per second: 62075.2
INFO (CarpetX): Performance:
INFO (CarpetX):   total evolution time:            1.65181 sec
INFO (CarpetX):   total evolution compute time:    1.6516 sec
INFO (CarpetX):   total evolution output time:     0.000211954 sec
INFO (CarpetX):   total iterations:                25
INFO (CarpetX):   total cells updated:             102400
INFO (CarpetX):   average iterations per second: 15.1349
INFO (CarpetX):   average cell updates per second: 61992.5
INFO (CarpetX): OutputGH: iteration 26, time 0.101562, run time 3 s
INFO (CarpetX): OutputGH done.
INFO (CarpetX): Simulation time: 0.101562   Iterations per second: 15.1615   Simulation time per second: 0.0592247
INFO (CarpetX): Grid cells: 4096   Grid cell updates per second: 62101.6
INFO (CarpetX): Performance:
INFO (CarpetX):   total evolution time:            1.71752 sec
INFO (CarpetX):   total evolution compute time:    1.7173 sec
INFO (CarpetX):   total evolution output time:     0.000219822 sec
INFO (CarpetX):   total iterations:                26
INFO (CarpetX):   total cells updated:             106496
INFO (CarpetX):   average iterations per second: 15.1381
INFO (CarpetX):   average cell updates per second: 62005.8
INFO (CarpetX): OutputGH: iteration 27, time 0.105469, run time 3 s
INFO (CarpetX): OutputGH done.
INFO (CarpetX): Simulation time: 0.105469   Iterations per second: 15.1683   Simulation time per second: 0.0592513
INFO (CarpetX): Grid cells: 4096   Grid cell updates per second: 62129.4
INFO (CarpetX): Performance:
INFO (CarpetX):   total evolution time:            1.78318 sec
INFO (CarpetX):   total evolution compute time:    1.78295 sec
INFO (CarpetX):   total evolution output time:     0.000228882 sec
INFO (CarpetX):   total iterations:                27
INFO (CarpetX):   total cells updated:             110592
INFO (CarpetX):   average iterations per second: 15.1415
INFO (CarpetX):   average cell updates per second: 62019.6
INFO (CarpetX): OutputGH: iteration 28, time 0.109375, run time 3 s
INFO (CarpetX): OutputGH done.
INFO (CarpetX): Simulation time: 0.109375   Iterations per second: 15.1691   Simulation time per second: 0.0592544
INFO (CarpetX): Grid cells: 4096   Grid cell updates per second: 62132.7
INFO (CarpetX): Performance:
INFO (CarpetX):   total evolution time:            1.84907 sec
INFO (CarpetX):   total evolution compute time:    1.84883 sec
INFO (CarpetX):   total evolution output time:     0.000236988 sec
INFO (CarpetX):   total iterations:                28
INFO (CarpetX):   total cells updated:             114688
INFO (CarpetX):   average iterations per second: 15.1427
INFO (CarpetX):   average cell updates per second: 62024.7
INFO (CarpetX): OutputGH: iteration 29, time 0.113281, run time 3 s
INFO (CarpetX): OutputGH done.
INFO (CarpetX): Simulation time: 0.113281   Iterations per second: 15.1685   Simulation time per second: 0.0592518
INFO (CarpetX): Grid cells: 4096   Grid cell updates per second: 62130.1
INFO (CarpetX): Performance:
INFO (CarpetX):   total evolution time:            1.91502 sec
INFO (CarpetX):   total evolution compute time:    1.91478 sec
INFO (CarpetX):   total evolution output time:     0.00024581 sec
INFO (CarpetX):   total iterations:                29
INFO (CarpetX):   total cells updated:             118784
INFO (CarpetX):   average iterations per second: 15.1434
INFO (CarpetX):   average cell updates per second: 62027.5
INFO (CarpetX): OutputGH: iteration 30, time 0.117188, run time 3 s
INFO (CarpetX): OutputGH done.
INFO (CarpetX): Simulation time: 0.117188   Iterations per second: 15.1704   Simulation time per second: 0.0592592
INFO (CarpetX): Grid cells: 4096   Grid cell updates per second: 62137.8
INFO (CarpetX): Performance:
INFO (CarpetX):   total evolution time:            1.98087 sec
INFO (CarpetX):   total evolution compute time:    1.98061 sec
INFO (CarpetX):   total evolution output time:     0.000254869 sec
INFO (CarpetX):   total iterations:                30
INFO (CarpetX):   total cells updated:             122880
INFO (CarpetX):   average iterations per second: 15.1449
INFO (CarpetX):   average cell updates per second: 62033.5
INFO (CarpetX): OutputGH: iteration 31, time 0.121094, run time 3 s
INFO (CarpetX): OutputGH done.
INFO (CarpetX): Simulation time: 0.121094   Iterations per second: 15.1625   Simulation time per second: 0.0592286
INFO (CarpetX): Grid cells: 4096   Grid cell updates per second: 62105.7
INFO (CarpetX): Performance:
INFO (CarpetX):   total evolution time:            2.04712 sec
INFO (CarpetX):   total evolution compute time:    2.04686 sec
INFO (CarpetX):   total evolution output time:     0.000263691 sec
INFO (CarpetX):   total iterations:                31
INFO (CarpetX):   total cells updated:             126976
INFO (CarpetX):   average iterations per second: 15.1432
INFO (CarpetX):   average cell updates per second: 62026.5
INFO (CarpetX): OutputGH: iteration 32, time 0.125000, run time 3 s
INFO (CarpetX): OutputGH done.
INFO (CarpetX): Simulation time: 0.125   Iterations per second: 15.1588   Simulation time per second: 0.0592142
INFO (CarpetX): Grid cells: 4096   Grid cell updates per second: 62090.6
INFO (CarpetX): Performance:
INFO (CarpetX):   total evolution time:            2.11324 sec
INFO (CarpetX):   total evolution compute time:    2.11297 sec
INFO (CarpetX):   total evolution output time:     0.000271797 sec
INFO (CarpetX):   total iterations:                32
INFO (CarpetX):   total cells updated:             131072
INFO (CarpetX):   average iterations per second: 15.1426
INFO (CarpetX):   average cell updates per second: 62024.3
INFO (CarpetX): OutputGH: iteration 33, time 0.128906, run time 3 s
INFO (CarpetX): OutputGH done.
INFO (CarpetX): Simulation time: 0.128906   Iterations per second: 15.1539   Simulation time per second: 0.0591948
INFO (CarpetX): Grid cells: 4096   Grid cell updates per second: 62070.2
INFO (CarpetX): Performance:
INFO (CarpetX):   total evolution time:            2.17942 sec
INFO (CarpetX):   total evolution compute time:    2.17914 sec
INFO (CarpetX):   total evolution output time:     0.000278711 sec
INFO (CarpetX):   total iterations:                33
INFO (CarpetX):   total cells updated:             135168
INFO (CarpetX):   average iterations per second: 15.1416
INFO (CarpetX):   average cell updates per second: 62020.1
INFO (CarpetX): OutputGH: iteration 34, time 0.132812, run time 3 s
INFO (CarpetX): OutputGH done.
INFO (CarpetX): Simulation time: 0.132812   Iterations per second: 15.1559   Simulation time per second: 0.0592029
INFO (CarpetX): Grid cells: 4096   Grid cell updates per second: 62078.7
INFO (CarpetX): Performance:
INFO (CarpetX):   total evolution time:            2.24532 sec
INFO (CarpetX):   total evolution compute time:    2.24503 sec
INFO (CarpetX):   total evolution output time:     0.000286579 sec
INFO (CarpetX):   total iterations:                34
INFO (CarpetX):   total cells updated:             139264
INFO (CarpetX):   average iterations per second: 15.1426
INFO (CarpetX):   average cell updates per second: 62024.1
INFO (CarpetX): OutputGH: iteration 35, time 0.136719, run time 3 s
INFO (CarpetX): OutputGH done.
INFO (CarpetX): Simulation time: 0.136719   Iterations per second: 15.1141   Simulation time per second: 0.0590395
INFO (CarpetX): Grid cells: 4096   Grid cell updates per second: 61907.4
INFO (CarpetX): Performance:
INFO (CarpetX):   total evolution time:            2.31313 sec
INFO (CarpetX):   total evolution compute time:    2.31283 sec
INFO (CarpetX):   total evolution output time:     0.000295639 sec
INFO (CarpetX):   total iterations:                35
INFO (CarpetX):   total cells updated:             143360
INFO (CarpetX):   average iterations per second: 15.131
INFO (CarpetX):   average cell updates per second: 61976.7
INFO (CarpetX): OutputGH: iteration 36, time 0.140625, run time 3 s
INFO (CarpetX): OutputGH done.
INFO (CarpetX): Simulation time: 0.140625   Iterations per second: 15.1184   Simulation time per second: 0.0590563
INFO (CarpetX): Grid cells: 4096   Grid cell updates per second: 61925
INFO (CarpetX): Performance:
INFO (CarpetX):   total evolution time:            2.3791 sec
INFO (CarpetX):   total evolution compute time:    2.3788 sec
INFO (CarpetX):   total evolution output time:     0.000303745 sec
INFO (CarpetX):   total iterations:                36
INFO (CarpetX):   total cells updated:             147456
INFO (CarpetX):   average iterations per second: 15.1318
INFO (CarpetX):   average cell updates per second: 61979.7
INFO (CarpetX): OutputGH: iteration 37, time 0.144531, run time 4 s
INFO (CarpetX): OutputGH done.
INFO (CarpetX): Simulation time: 0.144531   Iterations per second: 15.123   Simulation time per second: 0.0590744
INFO (CarpetX): Grid cells: 4096   Grid cell updates per second: 61944
INFO (CarpetX): Performance:
INFO (CarpetX):   total evolution time:            2.44504 sec
INFO (CarpetX):   total evolution compute time:    2.44473 sec
INFO (CarpetX):   total evolution output time:     0.000311613 sec
INFO (CarpetX):   total iterations:                37
INFO (CarpetX):   total cells updated:             151552
INFO (CarpetX):   average iterations per second: 15.1326
INFO (CarpetX):   average cell updates per second: 61983.3
INFO (CarpetX): OutputGH: iteration 38, time 0.148438, run time 4 s
INFO (CarpetX): OutputGH done.
INFO (CarpetX): Simulation time: 0.148438   Iterations per second: 15.1265   Simulation time per second: 0.0590879
INFO (CarpetX): Grid cells: 4096   Grid cell updates per second: 61958.2
INFO (CarpetX): Performance:
INFO (CarpetX):   total evolution time:            2.51102 sec
INFO (CarpetX):   total evolution compute time:    2.5107 sec
INFO (CarpetX):   total evolution output time:     0.000320673 sec
INFO (CarpetX):   total iterations:                38
INFO (CarpetX):   total cells updated:             155648
INFO (CarpetX):   average iterations per second: 15.1333
INFO (CarpetX):   average cell updates per second: 61986
INFO (CarpetX): OutputGH: iteration 39, time 0.152344, run time 4 s
INFO (CarpetX): OutputGH done.
INFO (CarpetX): Simulation time: 0.152344   Iterations per second: 15.1216   Simulation time per second: 0.0590686
INFO (CarpetX): Grid cells: 4096   Grid cell updates per second: 61938
INFO (CarpetX): Performance:
INFO (CarpetX):   total evolution time:            2.57734 sec
INFO (CarpetX):   total evolution compute time:    2.57701 sec
INFO (CarpetX):   total evolution output time:     0.000328779 sec
INFO (CarpetX):   total iterations:                39
INFO (CarpetX):   total cells updated:             159744
INFO (CarpetX):   average iterations per second: 15.1319
INFO (CarpetX):   average cell updates per second: 61980.1
INFO (CarpetX): OutputGH: iteration 40, time 0.156250, run time 4 s
INFO (CarpetX): OutputGH done.
INFO (CarpetX): Simulation time: 0.15625   Iterations per second: 15.1243   Simulation time per second: 0.0590793
INFO (CarpetX): Grid cells: 4096   Grid cell updates per second: 61949.2
INFO (CarpetX): Performance:
INFO (CarpetX):   total evolution time:            2.64335 sec
INFO (CarpetX):   total evolution compute time:    2.64302 sec
INFO (CarpetX):   total evolution output time:     0.000336885 sec
INFO (CarpetX):   total iterations:                40
INFO (CarpetX):   total cells updated:             163840
INFO (CarpetX):   average iterations per second: 15.1323
INFO (CarpetX):   average cell updates per second: 61981.9
INFO (CarpetX): OutputGH: iteration 41, time 0.160156, run time 4 s
INFO (CarpetX): OutputGH done.
INFO (CarpetX): Simulation time: 0.160156   Iterations per second: 15.1306   Simulation time per second: 0.0591038
INFO (CarpetX): Grid cells: 4096   Grid cell updates per second: 61974.8
INFO (CarpetX): Performance:
INFO (CarpetX):   total evolution time:            2.7092 sec
INFO (CarpetX):   total evolution compute time:    2.70886 sec
INFO (CarpetX):   total evolution output time:     0.000342846 sec
INFO (CarpetX):   total iterations:                41
INFO (CarpetX):   total cells updated:             167936
INFO (CarpetX):   average iterations per second: 15.1336
INFO (CarpetX):   average cell updates per second: 61987.3
INFO (CarpetX): OutputGH: iteration 42, time 0.164062, run time 4 s
INFO (CarpetX): OutputGH done.
INFO (CarpetX): Simulation time: 0.164062   Iterations per second: 15.1408   Simulation time per second: 0.0591438
INFO (CarpetX): Grid cells: 4096   Grid cell updates per second: 62016.8
INFO (CarpetX): Performance:
INFO (CarpetX):   total evolution time:            2.77484 sec
INFO (CarpetX):   total evolution compute time:    2.77449 sec
INFO (CarpetX):   total evolution output time:     0.000348806 sec
INFO (CarpetX):   total iterations:                42
INFO (CarpetX):   total cells updated:             172032
INFO (CarpetX):   average iterations per second: 15.136
INFO (CarpetX):   average cell updates per second: 61997
INFO (CarpetX): OutputGH: iteration 43, time 0.167969, run time 4 s
INFO (CarpetX): OutputGH done.
INFO (CarpetX): Simulation time: 0.167969   Iterations per second: 15.1427   Simulation time per second: 0.0591511
INFO (CarpetX): Grid cells: 4096   Grid cell updates per second: 62024.5
INFO (CarpetX): Performance:
INFO (CarpetX):   total evolution time:            2.84081 sec
INFO (CarpetX):   total evolution compute time:    2.84045 sec
INFO (CarpetX):   total evolution output time:     0.000354767 sec
INFO (CarpetX):   total iterations:                43
INFO (CarpetX):   total cells updated:             176128
INFO (CarpetX):   average iterations per second: 15.1365
INFO (CarpetX):   average cell updates per second: 61999.3
INFO (CarpetX): OutputGH: iteration 44, time 0.171875, run time 4 s
INFO (CarpetX): OutputGH done.
INFO (CarpetX): Simulation time: 0.171875   Iterations per second: 15.1504   Simulation time per second: 0.0591814
INFO (CarpetX): Grid cells: 4096   Grid cell updates per second: 62056.2
INFO (CarpetX): Performance:
INFO (CarpetX):   total evolution time:            2.90651 sec
INFO (CarpetX):   total evolution compute time:    2.90615 sec
INFO (CarpetX):   total evolution output time:     0.000360727 sec
INFO (CarpetX):   total iterations:                44
INFO (CarpetX):   total cells updated:             180224
INFO (CarpetX):   average iterations per second: 15.1384
INFO (CarpetX):   average cell updates per second: 62007.1
INFO (CarpetX): OutputGH: iteration 45, time 0.175781, run time 4 s
INFO (CarpetX): OutputGH done.
INFO (CarpetX): Simulation time: 0.175781   Iterations per second: 15.1601   Simulation time per second: 0.0592192
INFO (CarpetX): Grid cells: 4096   Grid cell updates per second: 62095.9
INFO (CarpetX): Performance:
INFO (CarpetX):   total evolution time:            2.97209 sec
INFO (CarpetX):   total evolution compute time:    2.97172 sec
INFO (CarpetX):   total evolution output time:     0.000367641 sec
INFO (CarpetX):   total iterations:                45
INFO (CarpetX):   total cells updated:             184320
INFO (CarpetX):   average iterations per second: 15.1409
INFO (CarpetX):   average cell updates per second: 62016.9
INFO (CarpetX): OutputGH: iteration 46, time 0.179688, run time 4 s
INFO (CarpetX): OutputGH done.
INFO (CarpetX): Simulation time: 0.179688   Iterations per second: 15.1709   Simulation time per second: 0.0592612
INFO (CarpetX): Grid cells: 4096   Grid cell updates per second: 62139.9
INFO (CarpetX): Performance:
INFO (CarpetX):   total evolution time:            3.03759 sec
INFO (CarpetX):   total evolution compute time:    3.03721 sec
INFO (CarpetX):   total evolution output time:     0.000375509 sec
INFO (CarpetX):   total iterations:                46
INFO (CarpetX):   total cells updated:             188416
INFO (CarpetX):   average iterations per second: 15.1436
INFO (CarpetX):   average cell updates per second: 62028.2
INFO (CarpetX): OutputGH: iteration 47, time 0.183594, run time 4 s
INFO (CarpetX): OutputGH done.
INFO (CarpetX): Simulation time: 0.183594   Iterations per second: 15.1787   Simulation time per second: 0.0592919
INFO (CarpetX): Grid cells: 4096   Grid cell updates per second: 62172.1
INFO (CarpetX): Performance:
INFO (CarpetX):   total evolution time:            3.10316 sec
INFO (CarpetX):   total evolution compute time:    3.10278 sec
INFO (CarpetX):   total evolution output time:     0.000382423 sec
INFO (CarpetX):   total iterations:                47
INFO (CarpetX):   total cells updated:             192512
INFO (CarpetX):   average iterations per second: 15.1458
INFO (CarpetX):   average cell updates per second: 62037.4
INFO (CarpetX): OutputGH: iteration 48, time 0.187500, run time 4 s
INFO (CarpetX): OutputGH done.
INFO (CarpetX): Simulation time: 0.1875   Iterations per second: 15.1696   Simulation time per second: 0.0592561
INFO (CarpetX): Grid cells: 4096   Grid cell updates per second: 62134.5
INFO (CarpetX): Performance:
INFO (CarpetX):   total evolution time:            3.16944 sec
INFO (CarpetX):   total evolution compute time:    3.16904 sec
INFO (CarpetX):   total evolution output time:     0.000399351 sec
INFO (CarpetX):   total iterations:                48
INFO (CarpetX):   total cells updated:             196608
INFO (CarpetX):   average iterations per second: 15.1446
INFO (CarpetX):   average cell updates per second: 62032.4
INFO (CarpetX): OutputGH: iteration 49, time 0.191406, run time 4 s
INFO (CarpetX): OutputGH done.
INFO (CarpetX): Simulation time: 0.191406   Iterations per second: 15.0518   Simulation time per second: 0.0587962
INFO (CarpetX): Grid cells: 4096   Grid cell updates per second: 61652.3
INFO (CarpetX): Performance:
INFO (CarpetX):   total evolution time:            3.24052 sec
INFO (CarpetX):   total evolution compute time:    3.2401 sec
INFO (CarpetX):   total evolution output time:     0.000421524 sec
INFO (CarpetX):   total iterations:                49
INFO (CarpetX):   total cells updated:             200704
INFO (CarpetX):   average iterations per second: 15.121
INFO (CarpetX):   average cell updates per second: 61935.8
INFO (CarpetX): OutputGH: iteration 50, time 0.195312, run time 4 s
INFO (CarpetX): OutputGH done.
INFO (CarpetX): Simulation time: 0.195312   Iterations per second: 15.0541   Simulation time per second: 0.0588053
INFO (CarpetX): Grid cells: 4096   Grid cell updates per second: 61661.8
INFO (CarpetX): Performance:
INFO (CarpetX):   total evolution time:            3.30685 sec
INFO (CarpetX):   total evolution compute time:    3.30642 sec
INFO (CarpetX):   total evolution output time:     0.000429392 sec
INFO (CarpetX):   total iterations:                50
INFO (CarpetX):   total cells updated:             204800
INFO (CarpetX):   average iterations per second: 15.1201
INFO (CarpetX):   average cell updates per second: 61932
INFO (CarpetX): OutputGH: iteration 51, time 0.199219, run time 4 s
INFO (CarpetX): OutputGH done.
INFO (CarpetX): Simulation time: 0.199219   Iterations per second: 15.0686   Simulation time per second: 0.0588618
INFO (CarpetX): Grid cells: 4096   Grid cell updates per second: 61721.1
INFO (CarpetX): Performance:
INFO (CarpetX):   total evolution time:            3.37264 sec
INFO (CarpetX):   total evolution compute time:    3.3722 sec
INFO (CarpetX):   total evolution output time:     0.000437498 sec
INFO (CarpetX):   total iterations:                51
INFO (CarpetX):   total cells updated:             208896
INFO (CarpetX):   average iterations per second: 15.1217
INFO (CarpetX):   average cell updates per second: 61938.4
INFO (CarpetX): OutputGH: iteration 52, time 0.203125, run time 5 s
INFO (CarpetX): OutputGH done.
INFO (CarpetX): Simulation time: 0.203125   Iterations per second: 15.0827   Simulation time per second: 0.0589168
INFO (CarpetX): Grid cells: 4096   Grid cell updates per second: 61778.8
INFO (CarpetX): Performance:
INFO (CarpetX):   total evolution time:            3.43839 sec
INFO (CarpetX):   total evolution compute time:    3.43794 sec
INFO (CarpetX):   total evolution output time:     0.000443459 sec
INFO (CarpetX):   total iterations:                52
INFO (CarpetX):   total cells updated:             212992
INFO (CarpetX):   average iterations per second: 15.1234
INFO (CarpetX):   average cell updates per second: 61945.4
INFO (CarpetX): OutputGH: iteration 53, time 0.207031, run time 5 s
INFO (CarpetX): OutputGH done.
INFO (CarpetX): Simulation time: 0.207031   Iterations per second: 15.0972   Simulation time per second: 0.0589736
INFO (CarpetX): Grid cells: 4096   Grid cell updates per second: 61838.3
INFO (CarpetX): Performance:
INFO (CarpetX):   total evolution time:            3.50405 sec
INFO (CarpetX):   total evolution compute time:    3.5036 sec
INFO (CarpetX):   total evolution output time:     0.000450373 sec
INFO (CarpetX):   total iterations:                53
INFO (CarpetX):   total cells updated:             217088
INFO (CarpetX):   average iterations per second: 15.1254
INFO (CarpetX):   average cell updates per second: 61953.5
INFO (CarpetX): OutputGH: iteration 54, time 0.210938, run time 5 s
INFO (CarpetX): OutputGH done.
INFO (CarpetX): Simulation time: 0.210938   Iterations per second: 15.1065   Simulation time per second: 0.0590096
INFO (CarpetX): Grid cells: 4096   Grid cell updates per second: 61876.1
INFO (CarpetX): Performance:
INFO (CarpetX):   total evolution time:            3.56988 sec
INFO (CarpetX):   total evolution compute time:    3.56942 sec
INFO (CarpetX):   total evolution output time:     0.000457287 sec
INFO (CarpetX):   total iterations:                54
INFO (CarpetX):   total cells updated:             221184
INFO (CarpetX):   average iterations per second: 15.1266
INFO (CarpetX):   average cell updates per second: 61958.4
INFO (CarpetX): OutputGH: iteration 55, time 0.214844, run time 5 s
INFO (CarpetX): OutputGH done.
INFO (CarpetX): Simulation time: 0.214844   Iterations per second: 15.1084   Simulation time per second: 0.0590173
INFO (CarpetX): Grid cells: 4096   Grid cell updates per second: 61884.1
INFO (CarpetX): Performance:
INFO (CarpetX):   total evolution time:            3.63599 sec
INFO (CarpetX):   total evolution compute time:    3.63553 sec
INFO (CarpetX):   total evolution output time:     0.000465155 sec
INFO (CarpetX):   total iterations:                55
INFO (CarpetX):   total cells updated:             225280
INFO (CarpetX):   average iterations per second: 15.1265
INFO (CarpetX):   average cell updates per second: 61958.3
INFO (CarpetX): OutputGH: iteration 56, time 0.218750, run time 5 s
INFO (CarpetX): OutputGH done.
INFO (CarpetX): Simulation time: 0.21875   Iterations per second: 15.1239   Simulation time per second: 0.0590777
INFO (CarpetX): Grid cells: 4096   Grid cell updates per second: 61947.4
INFO (CarpetX): Performance:
INFO (CarpetX):   total evolution time:            3.7015 sec
INFO (CarpetX):   total evolution compute time:    3.70103 sec
INFO (CarpetX):   total evolution output time:     0.000472069 sec
INFO (CarpetX):   total iterations:                56
INFO (CarpetX):   total cells updated:             229376
INFO (CarpetX):   average iterations per second: 15.129
INFO (CarpetX):   average cell updates per second: 61968.3
INFO (CarpetX): OutputGH: iteration 57, time 0.222656, run time 5 s
INFO (CarpetX): OutputGH done.
INFO (CarpetX): Simulation time: 0.222656   Iterations per second: 15.1334   Simulation time per second: 0.0591148
INFO (CarpetX): Grid cells: 4096   Grid cell updates per second: 61986.4
INFO (CarpetX): Performance:
INFO (CarpetX):   total evolution time:            3.76721 sec
INFO (CarpetX):   total evolution compute time:    3.76673 sec
INFO (CarpetX):   total evolution output time:     0.000478029 sec
INFO (CarpetX):   total iterations:                57
INFO (CarpetX):   total cells updated:             233472
INFO (CarpetX):   average iterations per second: 15.1306
INFO (CarpetX):   average cell updates per second: 61974.8
INFO (CarpetX): OutputGH: iteration 58, time 0.226562, run time 5 s
INFO (CarpetX): OutputGH done.
INFO (CarpetX): Simulation time: 0.226562   Iterations per second: 15.1415   Simulation time per second: 0.0591463
INFO (CarpetX): Grid cells: 4096   Grid cell updates per second: 62019.4
INFO (CarpetX): Performance:
INFO (CarpetX):   total evolution time:            3.83294 sec
INFO (CarpetX):   total evolution compute time:    3.83245 sec
INFO (CarpetX):   total evolution output time:     0.00048399 sec
INFO (CarpetX):   total iterations:                58
INFO (CarpetX):   total cells updated:             237568
INFO (CarpetX):   average iterations per second: 15.132
INFO (CarpetX):   average cell updates per second: 61980.7
INFO (CarpetX): OutputGH: iteration 59, time 0.230469, run time 5 s
INFO (CarpetX): OutputGH done.
INFO (CarpetX): Simulation time: 0.230469   Iterations per second: 15.1484   Simulation time per second: 0.0591734
INFO (CarpetX): Grid cells: 4096   Grid cell updates per second: 62047.8
INFO (CarpetX): Performance:
INFO (CarpetX):   total evolution time:            3.89868 sec
INFO (CarpetX):   total evolution compute time:    3.89819 sec
INFO (CarpetX):   total evolution output time:     0.000490904 sec
INFO (CarpetX):   total iterations:                59
INFO (CarpetX):   total cells updated:             241664
INFO (CarpetX):   average iterations per second: 15.1333
INFO (CarpetX):   average cell updates per second: 61986.1
INFO (CarpetX): OutputGH: iteration 60, time 0.234375, run time 5 s
INFO (CarpetX): OutputGH done.
INFO (CarpetX): Simulation time: 0.234375   Iterations per second: 15.1582   Simulation time per second: 0.0592117
INFO (CarpetX): Grid cells: 4096   Grid cell updates per second: 62087.9
INFO (CarpetX): Performance:
INFO (CarpetX):   total evolution time:            3.96426 sec
INFO (CarpetX):   total evolution compute time:    3.96377 sec
INFO (CarpetX):   total evolution output time:     0.000496864 sec
INFO (CarpetX):   total iterations:                60
INFO (CarpetX):   total cells updated:             245760
INFO (CarpetX):   average iterations per second: 15.1352
INFO (CarpetX):   average cell updates per second: 61993.8
INFO (CarpetX): OutputGH: iteration 61, time 0.238281, run time 5 s
INFO (CarpetX): OutputGH done.
INFO (CarpetX): Simulation time: 0.238281   Iterations per second: 15.1645   Simulation time per second: 0.0592364
INFO (CarpetX): Grid cells: 4096   Grid cell updates per second: 62113.9
INFO (CarpetX): Performance:
INFO (CarpetX):   total evolution time:            4.02996 sec
INFO (CarpetX):   total evolution compute time:    4.02946 sec
INFO (CarpetX):   total evolution output time:     0.000503063 sec
INFO (CarpetX):   total iterations:                61
INFO (CarpetX):   total cells updated:             249856
INFO (CarpetX):   average iterations per second: 15.1366
INFO (CarpetX):   average cell updates per second: 61999.6
INFO (CarpetX): OutputGH: iteration 62, time 0.242188, run time 5 s
INFO (CarpetX): OutputGH done.
INFO (CarpetX): Simulation time: 0.242188   Iterations per second: 15.171   Simulation time per second: 0.0592617
INFO (CarpetX): Grid cells: 4096   Grid cell updates per second: 62140.4
INFO (CarpetX): Performance:
INFO (CarpetX):   total evolution time:            4.09562 sec
INFO (CarpetX):   total evolution compute time:    4.09511 sec
INFO (CarpetX):   total evolution output time:     0.000509977 sec
INFO (CarpetX):   total iterations:                62
INFO (CarpetX):   total cells updated:             253952
INFO (CarpetX):   average iterations per second: 15.1381
INFO (CarpetX):   average cell updates per second: 62005.7
INFO (CarpetX): OutputGH: iteration 63, time 0.246094, run time 5 s
INFO (CarpetX): OutputGH done.
INFO (CarpetX): Simulation time: 0.246094   Iterations per second: 15.1799   Simulation time per second: 0.0592964
INFO (CarpetX): Grid cells: 4096   Grid cell updates per second: 62176.8
INFO (CarpetX): Performance:
INFO (CarpetX):   total evolution time:            4.16115 sec
INFO (CarpetX):   total evolution compute time:    4.16063 sec
INFO (CarpetX):   total evolution output time:     0.000517845 sec
INFO (CarpetX):   total iterations:                63
INFO (CarpetX):   total cells updated:             258048
INFO (CarpetX):   average iterations per second: 15.14
INFO (CarpetX):   average cell updates per second: 62013.6
INFO (CarpetX): OutputGH: iteration 64, time 0.250000, run time 5 s
INFO (CarpetX): OutputGH done.
INFO (CarpetX): Simulation time: 0.25   Iterations per second: 8.28368   Simulation time per second: 0.0323581
INFO (CarpetX): Grid cells: 4096   Grid cell updates per second: 33930
INFO (CarpetX): Performance:
INFO (CarpetX):   total evolution time:            4.77545 sec
INFO (CarpetX):   total evolution compute time:    4.23174 sec
INFO (CarpetX):   total evolution output time:     0.543715 sec
INFO (CarpetX):   total iterations:                64
INFO (CarpetX):   total cells updated:             262144
INFO (CarpetX):   average iterations per second: 13.4019
INFO (CarpetX):   average cell updates per second: 54894
INFO (CarpetX): Shutting down...
AMReX (25.11) finalized
--------------------------------------------------------------------------------
Done.
+ echo Stopping:
Stopping:
+ date
Thu May 21 05:49:48 UTC 2026
+ echo Done.
Done.
  Elapsed time: 6.1 s
