/home/runner/simulations/TestJob01_temp_2/output-0000/TEST/sim/CanudaX_BSSNMoL
Preparing:
+ set -e
+ cd output-0000-active
+ echo Checking:
Checking:
+ pwd
/home/runner/simulations/TestJob01_temp_2/output-0000/TEST/sim/CanudaX_BSSNMoL/output-0000-active
+ hostname
runnervm5mmn9
+ date
Wed Jul  8 03:29:58 UTC 2026
+ echo Environment:
Environment:
+ export CACTUS_NUM_PROCS=2
+ CACTUS_NUM_PROCS=2
+ export CACTUS_NUM_THREADS=1
+ CACTUS_NUM_THREADS=1
+ export GMON_OUT_PREFIX=gmon.out
+ GMON_OUT_PREFIX=gmon.out
+ export OMP_NUM_THREADS=1
+ OMP_NUM_THREADS=1
+ env
+ sort
+ echo Starting:
Starting:
++ date +%s
+ export CACTUS_STARTTIME=1783481398
+ CACTUS_STARTTIME=1783481398
+ '[' 2 = 1 ']'
+ mpirun -np 2 /home/runner/simulations/TestJob01_temp_2/SIMFACTORY/exe/cactus_sim -L 3 /home/runner/simulations/TestJob01_temp_2/output-0000/arrangements/CanudaX/CanudaX_BSSNMoL/test/gaugewave.par
INFO (Cactus): Increased logging level from 0 to 3
--------------------------------------------------------------------------------

       10                                  
  1   0101       ************************  
  01  1010 10      The Cactus Code V4.20.0    
 1010 1101 011      www.cactuscode.org     
  1001 100101    ************************  
    00010101                               
     100011     (c) Copyright The Authors  
      0100      GNU Licensed. No Warranty  
      0101                                 
--------------------------------------------------------------------------------

Cactus version:    4.20.0
Compile date:      Jul 08 2026 (03:06:59)
Run date:          Jul 08 2026 (03:29:59+0000)
Run host:          runnervm5mmn9.ufidxgkzfoxuhpw0hs3jtcphyb.cx.internal.cloudapp.net (pid=176279)
Working directory: /home/runner/simulations/TestJob01_temp_2/output-0000/TEST/sim/CanudaX_BSSNMoL
Executable:        /home/runner/simulations/TestJob01_temp_2/SIMFACTORY/exe/cactus_sim
Parameter file:    /home/runner/simulations/TestJob01_temp_2/output-0000/arrangements/CanudaX/CanudaX_BSSNMoL/test/gaugewave.par
--------------------------------------------------------------------------------

Activating thorn Cactus...Success -> active implementation Cactus
Activation requested for 
--->ADMBaseX CanudaX_BSSNMoL CanudaX_ExactID CarpetX IOUtil ODESolvers TmunuBaseX<---
Thorn ADMBaseX requests automatic activation of Loop
Thorn CarpetX requests automatic activation of AMReX
Thorn CarpetX requests automatic activation of MPI
Thorn CarpetX requests automatic activation of yaml_cpp
Thorn CarpetX requests automatic activation of zlib
Thorn CarpetX requests automatic activation of Arith
Thorn CarpetX requests automatic activation of CarpetXRegrid
Thorn CarpetX requests automatic activation of ADIOS2
Thorn CarpetX requests automatic activation of openPMD
Thorn CarpetX requests automatic activation of Silo
Thorn ADIOS2 requests automatic activation of CMake
Thorn Arith requests automatic activation of NSIMD
Thorn MPI requests automatic activation of hwloc
Thorn openPMD requests automatic activation of HDF5
Activating thorn ADIOS2...Success -> active implementation ADIOS2
Activating thorn ADMBaseX...Success -> active implementation ADMBaseX
Activating thorn AMReX...Success -> active implementation AMReX
Activating thorn Arith...Success -> active implementation Arith
Activating thorn CanudaX_BSSNMoL...Success -> active implementation CanudaX_BSSNMoL
Activating thorn CanudaX_ExactID...Success -> active implementation CanudaX_ExactID
Activating thorn CarpetX...Success -> active implementation Driver
Activating thorn CarpetXRegrid...Success -> active implementation CarpetXRegrid
Activating thorn CMake...Success -> active implementation CMake
Activating thorn HDF5...Success -> active implementation HDF5
Activating thorn hwloc...Success -> active implementation hwloc
Activating thorn IOUtil...Success -> active implementation IO
Activating thorn Loop...Success -> active implementation Loop
Activating thorn MPI...Success -> active implementation MPI
Activating thorn NSIMD...Success -> active implementation NSIMD
Activating thorn ODESolvers...Success -> active implementation ODESolvers
Activating thorn openPMD...Success -> active implementation openPMD
Activating thorn Silo...Success -> active implementation Silo
Activating thorn TmunuBaseX...Success -> active implementation TmunuBaseX
Activating thorn yaml_cpp...Success -> active implementation yaml_cpp
Activating thorn zlib...Success -> active implementation zlib
--------------------------------------------------------------------------------
  if (recover initial data)
    Recover parameters
  endif

  Startup routines
    [CCTK_STARTUP]
      CarpetX::Driver_Startup: Start up the driver
      IOUtil::IOUtil_Startup: Startup routine
      GROUP hwloc_startup: hwloc startup group
        hwloc::hwloc_version: Output hwloc version

  Startup routines which need an existing grid hierarchy
    [CCTK_WRAGH]
      Arith::Test_smallvector: [meta] Test small vectors
      Arith::Test_spvect: [meta] Test sparse vectors
      ODESolvers::ODESolvers_InitConstants: [global] Set up dummy loop counters for schedule printout
  Parameter checking routines
    [CCTK_PARAMCHECK]
      CanudaX_BSSNMoL::CanudaX_BSSNMoL_paramcheck: Check CanudaX_BSSNMoL parameters for consistency

  Initialisation
    if (NOT (recover initial data AND recovery_mode is 'strict'))
      [CCTK_PREREGRIDINITIAL]
      Set up grid hierarchy
      [CCTK_POSTREGRIDINITIAL]
      [CCTK_BASEGRID]
        CarpetXRegrid::CarpetXRegrid_InitError: Initialize regridding error to zero
        GROUP ODESolvers_BaseGrid: Set up constants (e.g. coordinates) everywhere on the grid
      [CCTK_INITIAL]
        GROUP TmunuBaseX_SetTmunuVars: Schedule group for setting T_munu
          TmunuBaseX::TmunuBaseX_ZeroTmunu: Set T_munu to zero
          GROUP TmunuBaseX_AddToTmunu: Add to T_munu here
        GROUP ODESolvers_Initial: Set up initial conditions on interior of state vector
          GROUP ADMBaseX_InitialData: Schedule group for calculating ADM initial data
            GROUP CanudaX_ExactIDGroup: CanudaX_ExactID group for setting up initial data
              CanudaX_ExactID::CanudaX_ExactID_GaugeWave: [local] Create gauge wave initial data
          GROUP ADMBaseX_InitialGauge: Schedule group for the ADM initial gauge condition
            ADMBaseX::ADMBaseX_initial_dtlapse: Set dtlapse to zero
            ADMBaseX::ADMBaseX_initial_dtshift: Set dtshift to zero
          GROUP ADMBaseX_PostInitial: Schedule group for modifying the ADM initial data, such as e.g. adding noise
        GROUP CanudaX_BSSNMoL_InitialGroup: CanudaX_BSSNMoL: initial bin
          CanudaX_BSSNMoL::CanudaX_BSSNMoL_adm2bssn: [local] Convert initial data into BSSN variables
          CanudaX_BSSNMoL::CanudaX_BSSNMoL_gammat: [local] Set Gammat initial data
      [CCTK_POSTINITIAL]
        GROUP ODESolvers_PostStep: Apply boundary conditions to state vector, and project if necessary
          GROUP CanudaX_BSSNMoL_PostStepGroup: CanudaX_BSSNMoL: post-step operations
            CanudaX_BSSNMoL::CanudaX_BSSNMoL_impose_conf_fac_floor: Make sure conformal factor does not drop below specified value
            CanudaX_BSSNMoL::CanudaX_BSSNMoL_reset_detmetric: reset dethh = 1
            CanudaX_BSSNMoL::CanudaX_BSSNMoL_remove_trA: Remove trace of A
            CanudaX_BSSNMoL::CanudaX_BSSNMoL_sync: [global] Sync state vector
            CanudaX_BSSNMoL::CanudaX_BSSNMoL_bssn2adm: [local] Convert variables back to the ADM ones
          GROUP ADMBaseX_SetADMRHS: Set ADM RHS variables in this group
          GROUP ADMBaseX_SetADMVars: Set ADM variables in this group
          GROUP TmunuBaseX_SetTmunuVars: Schedule group for setting T_munu
            TmunuBaseX::TmunuBaseX_ZeroTmunu: Set T_munu to zero
            GROUP TmunuBaseX_AddToTmunu: Add to T_munu here
        GROUP ODESolvers_EstimateError: Estimate discretization error (for regridding)
      Initialise finer grids recursively
      Restrict from finer grids
      [CCTK_POSTRESTRICTINITIAL]
      [CCTK_POSTPOSTINITIAL]
      [CCTK_POSTSTEP]
        GROUP ODESolvers_EstimateError: Estimate discretization error (for regridding)
    endif
    if (recover initial data)
      [CCTK_BASEGRID]
        CarpetXRegrid::CarpetXRegrid_InitError: Initialize regridding error to zero
        GROUP ODESolvers_BaseGrid: Set up constants (e.g. coordinates) everywhere on the grid
      [CCTK_RECOVER_VARIABLES]
      [CCTK_POST_RECOVER_VARIABLES]
        GROUP ODESolvers_PostStep: Apply boundary conditions to state vector, and project if necessary
          GROUP CanudaX_BSSNMoL_PostStepGroup: CanudaX_BSSNMoL: post-step operations
            CanudaX_BSSNMoL::CanudaX_BSSNMoL_impose_conf_fac_floor: Make sure conformal factor does not drop below specified value
            CanudaX_BSSNMoL::CanudaX_BSSNMoL_reset_detmetric: reset dethh = 1
            CanudaX_BSSNMoL::CanudaX_BSSNMoL_remove_trA: Remove trace of A
            CanudaX_BSSNMoL::CanudaX_BSSNMoL_sync: [global] Sync state vector
            CanudaX_BSSNMoL::CanudaX_BSSNMoL_bssn2adm: [local] Convert variables back to the ADM ones
          GROUP ADMBaseX_SetADMRHS: Set ADM RHS variables in this group
          GROUP ADMBaseX_SetADMVars: Set ADM variables in this group
          GROUP TmunuBaseX_SetTmunuVars: Schedule group for setting T_munu
            TmunuBaseX::TmunuBaseX_ZeroTmunu: Set T_munu to zero
            GROUP TmunuBaseX_AddToTmunu: Add to T_munu here
        GROUP ODESolvers_EstimateError: Estimate discretization error (for regridding)
    endif
    if (checkpoint initial data)
      [CCTK_CPINITIAL]
        CarpetX::CarpetX_CheckpointInitial: [meta] Checkpoint initial conditions
    endif
    if (analysis)
      [CCTK_ANALYSIS]
        CanudaX_BSSNMoL::CanudaX_BSSNMoL_bssn_constraints: Compute constraints
        GROUP ODESolvers_Analysis: Calculate analysis quantities everywhere
  endif
  Output grid variables

  do loop over timesteps
    [CCTK_PREREGRID]
    Change grid hierarchy
    [CCTK_POSTREGRID]
      GROUP ODESolvers_PostStep: Apply boundary conditions to state vector, and project if necessary
        GROUP CanudaX_BSSNMoL_PostStepGroup: CanudaX_BSSNMoL: post-step operations
          CanudaX_BSSNMoL::CanudaX_BSSNMoL_impose_conf_fac_floor: Make sure conformal factor does not drop below specified value
          CanudaX_BSSNMoL::CanudaX_BSSNMoL_reset_detmetric: reset dethh = 1
          CanudaX_BSSNMoL::CanudaX_BSSNMoL_remove_trA: Remove trace of A
          CanudaX_BSSNMoL::CanudaX_BSSNMoL_sync: [global] Sync state vector
          CanudaX_BSSNMoL::CanudaX_BSSNMoL_bssn2adm: [local] Convert variables back to the ADM ones
        GROUP ADMBaseX_SetADMRHS: Set ADM RHS variables in this group
        GROUP ADMBaseX_SetADMVars: Set ADM variables in this group
        GROUP TmunuBaseX_SetTmunuVars: Schedule group for setting T_munu
          TmunuBaseX::TmunuBaseX_ZeroTmunu: Set T_munu to zero
          GROUP TmunuBaseX_AddToTmunu: Add to T_munu here
    Rotate timelevels
    iteration = iteration+1
    t = t+dt
    [CCTK_PRESTEP]
    [CCTK_EVOL]
      ODESolvers::ODESolvers_Solve: [level] Solve ODEs
      while (ODESolvers::do_substeps)
        GROUP ODESolvers_CalledBySolve: Groups internally scheduled by ODESolvers_Solve
          GROUP ODESolvers_RHS: Evaluate the RHS for of state vector everywhere on the grid
            GROUP CanudaX_BSSNMoL_RHSGroup: CanudaX_BSSNMoL: calculate BSSN RHS
              CanudaX_BSSNMoL::CanudaX_BSSNMoL_calc_bssn_rhs: MoL RHS calculation
              CanudaX_BSSNMoL::CanudaX_BSSNMoL_apply_boundary_conditions: Apply radiative boundary conditions 
          GROUP ODESolvers_PostStep: Apply boundary conditions to state vector, and project if necessary
            GROUP CanudaX_BSSNMoL_PostStepGroup: CanudaX_BSSNMoL: post-step operations
              CanudaX_BSSNMoL::CanudaX_BSSNMoL_impose_conf_fac_floor: Make sure conformal factor does not drop below specified value
              CanudaX_BSSNMoL::CanudaX_BSSNMoL_reset_detmetric: reset dethh = 1
              CanudaX_BSSNMoL::CanudaX_BSSNMoL_remove_trA: Remove trace of A
              CanudaX_BSSNMoL::CanudaX_BSSNMoL_sync: [global] Sync state vector
              CanudaX_BSSNMoL::CanudaX_BSSNMoL_bssn2adm: [local] Convert variables back to the ADM ones
            GROUP ADMBaseX_SetADMRHS: Set ADM RHS variables in this group
            GROUP ADMBaseX_SetADMVars: Set ADM variables in this group
            GROUP TmunuBaseX_SetTmunuVars: Schedule group for setting T_munu
              TmunuBaseX::TmunuBaseX_ZeroTmunu: Set T_munu to zero
              GROUP TmunuBaseX_AddToTmunu: Add to T_munu here
      end while
    Evolve finer grids recursively
    Restrict from finer grids
    [CCTK_POSTRESTRICT]
      GROUP ODESolvers_PostStep: Apply boundary conditions to state vector, and project if necessary
        GROUP CanudaX_BSSNMoL_PostStepGroup: CanudaX_BSSNMoL: post-step operations
          CanudaX_BSSNMoL::CanudaX_BSSNMoL_impose_conf_fac_floor: Make sure conformal factor does not drop below specified value
          CanudaX_BSSNMoL::CanudaX_BSSNMoL_reset_detmetric: reset dethh = 1
          CanudaX_BSSNMoL::CanudaX_BSSNMoL_remove_trA: Remove trace of A
          CanudaX_BSSNMoL::CanudaX_BSSNMoL_sync: [global] Sync state vector
          CanudaX_BSSNMoL::CanudaX_BSSNMoL_bssn2adm: [local] Convert variables back to the ADM ones
        GROUP ADMBaseX_SetADMRHS: Set ADM RHS variables in this group
        GROUP ADMBaseX_SetADMVars: Set ADM variables in this group
        GROUP TmunuBaseX_SetTmunuVars: Schedule group for setting T_munu
          TmunuBaseX::TmunuBaseX_ZeroTmunu: Set T_munu to zero
          GROUP TmunuBaseX_AddToTmunu: Add to T_munu here
    [CCTK_POSTSTEP]
      GROUP ODESolvers_EstimateError: Estimate discretization error (for regridding)
    if (checkpoint)
      [CCTK_CHECKPOINT]
      CarpetX::CarpetX_Checkpoint: [meta] Checkpoint
    endif
    if (analysis)
      [CCTK_ANALYSIS]
      CanudaX_BSSNMoL::CanudaX_BSSNMoL_bssn_constraints: Compute constraints
      GROUP ODESolvers_Analysis: Calculate analysis quantities everywhere
    endif
    Output grid variables
    enddo

  Termination routines
    [CCTK_TERMINATE]
      CarpetX::CarpetX_CheckpointTerminate: [meta] Checkpoint before terminating

  Shutdown routines
    [CCTK_SHUTDOWN]
      CarpetX::Driver_Shutdown: [meta] Shut down the driver

  Routines run after changing the grid hierarchy:
    [CCTK_POSTREGRID]
      GROUP ODESolvers_PostStep: Apply boundary conditions to state vector, and project if necessary
        GROUP CanudaX_BSSNMoL_PostStepGroup: CanudaX_BSSNMoL: post-step operations
          CanudaX_BSSNMoL::CanudaX_BSSNMoL_impose_conf_fac_floor: Make sure conformal factor does not drop below specified value
          CanudaX_BSSNMoL::CanudaX_BSSNMoL_reset_detmetric: reset dethh = 1
          CanudaX_BSSNMoL::CanudaX_BSSNMoL_remove_trA: Remove trace of A
          CanudaX_BSSNMoL::CanudaX_BSSNMoL_sync: [global] Sync state vector
          CanudaX_BSSNMoL::CanudaX_BSSNMoL_bssn2adm: [local] Convert variables back to the ADM ones
        GROUP ADMBaseX_SetADMRHS: Set ADM RHS variables in this group
        GROUP ADMBaseX_SetADMVars: Set ADM variables in this group
        GROUP TmunuBaseX_SetTmunuVars: Schedule group for setting T_munu
          TmunuBaseX::TmunuBaseX_ZeroTmunu: Set T_munu to zero
          GROUP TmunuBaseX_AddToTmunu: Add to T_munu here
--------------------------------------------------------------------------------
INFO (hwloc): library version 2.10.0, API version 0x20800
--------------------------------------------------------------------------------

  [34m  ▕▏  [34m  ▕▏  [34m  ▕▏  [34m  ▕▏  [34m  ▕▏  [34m  ▕▏  [34m  ▕▏  [34m  ▕▏  [34m  ▕▏  [39m  
  [34m──██──[34m──██──[34m──██──[34m──██──[34m──██──[34m──██──[34m──██──[34m──██──[34m──██──[39m  
  [34m  ▕▏  [34m  ▕▏  [34m  ▕▏  [34m  ▕▏  [34m  ▕▏  [34m  ▕▏  [34m  ▕▏  [34m  ▕▏  [34m  ▕▏  [39m  
  [34m  ▕▏  [32m██████[34m  ▕▏  [34m  ▕▏  [32m██████[34m  ▕▏  [34m  ▕▏  [32m██████[34m  ▕▏  [39m  
  [34m──██──[32m██████[34m──██──[34m──██──[32m██████[34m──██──[34m──██──[32m██████[34m──██──[39m  
  [34m  ▕▏  [32m██████[34m  ▕▏  [34m  ▕▏  [32m██████[34m  ▕▏  [34m  ▕▏  [32m██████[34m  ▕▏  [39m  
  [34m  ▕▏  [34m  ▕▏  [34m  ▕▏  [34m  ▕▏  [34m  ▕▏  [34m  ▕▏  [34m  ▕▏  [34m  ▕▏  [34m  ▕▏  [39m  
  [34m──██──[34m──██──[34m──██──[34m──██──[34m──██──[34m──██──[34m──██──[34m──██──[34m──██──[39m  
  [34m  ▕▏  [34m  ▕▏  [34m  ▕▏  [34m  ▕▏  [34m  ▕▏  [34m  ▕▏  [34m  ▕▏  [34m  ▕▏  [34m  ▕▏  [39m  
  [34m  ▕▏  [34m  ▕▏  [34m  ▕▏  [31m██████[31m██████[31m██████[34m  ▕▏  [34m  ▕▏  [34m  ▕▏  [39m  
  [34m──██──[34m──██──[34m──██──[31m██████[31m██████[31m██████[34m──██──[34m──██──[34m──██──[39m  
  [34m  ▕▏  [34m  ▕▏  [34m  ▕▏  [31m██████[31m██████[31m██████[34m  ▕▏  [34m  ▕▏  [34m  ▕▏  [39m  
  [34m  ▕▏  [32m██████[34m  ▕▏  [31m██████[31m██████[31m██████[34m  ▕▏  [32m██████[34m  ▕▏  [39m  
  [34m──██──[32m██████[34m──██──[31m██████[31m██████[31m██████[34m──██──[32m██████[34m──██──[39m  
  [34m  ▕▏  [32m██████[34m  ▕▏  [31m██████[31m██████[31m██████[34m  ▕▏  [32m██████[34m  ▕▏  [39m  
  [34m  ▕▏  [34m  ▕▏  [34m  ▕▏  [31m██████[31m██████[31m██████[34m  ▕▏  [34m  ▕▏  [34m  ▕▏  [39m  
  [34m──██──[34m──██──[34m──██──[31m██████[31m██████[31m██████[34m──██──[34m──██──[34m──██──[39m  
  [34m  ▕▏  [34m  ▕▏  [34m  ▕▏  [31m██████[31m██████[31m██████[34m  ▕▏  [34m  ▕▏  [34m  ▕▏  [39m  
  [34m  ▕▏  [34m  ▕▏  [34m  ▕▏  [34m  ▕▏  [34m  ▕▏  [34m  ▕▏  [34m  ▕▏  [34m  ▕▏  [34m  ▕▏  [39m  
  [34m──██──[34m──██──[34m──██──[34m──██──[34m──██──[34m──██──[34m──██──[34m──██──[34m──██──[39m  
  [34m  ▕▏  [34m  ▕▏  [34m  ▕▏  [34m  ▕▏  [34m  ▕▏  [34m  ▕▏  [34m  ▕▏  [34m  ▕▏  [34m  ▕▏  [39m  
  [34m  ▕▏  [32m██████[34m  ▕▏  [34m  ▕▏  [32m██████[34m  ▕▏  [34m  ▕▏  [32m██████[34m  ▕▏  [39m  
  [34m──██──[32m██████[34m──██──[34m──██──[32m██████[34m──██──[34m──██──[32m██████[34m──██──[39m  
  [34m  ▕▏  [32m██████[34m  ▕▏  [34m  ▕▏  [32m██████[34m  ▕▏  [34m  ▕▏  [32m██████[34m  ▕▏  [39m  
  [34m  ▕▏  [34m  ▕▏  [34m  ▕▏  [34m  ▕▏  [34m  ▕▏  [34m  ▕▏  [34m  ▕▏  [34m  ▕▏  [34m  ▕▏  [39m  
  [34m──██──[34m──██──[34m──██──[34m──██──[34m──██──[34m──██──[34m──██──[34m──██──[34m──██──[39m  
  [34m  ▕▏  [34m  ▕▏  [34m  ▕▏  [34m  ▕▏  [34m  ▕▏  [34m  ▕▏  [34m  ▕▏  [34m  ▕▏  [34m  ▕▏  [39m  

AMR driver provided by CarpetX,
using AMReX 25.11 (MPI, OpenMP, no accelerators, debug)
--------------------------------------------------------------------------------

Initializing AMReX (25.11)...
MPI initialized with 2 MPI processes
MPI initialized with thread support level 2
OMP initialized with 1 OMP threads
AMReX (25.11) initialized
INFO (CarpetX): 
Symmetries:
  lower x: periodic
  lower y: periodic
  lower z: periodic
  upper x: periodic
  upper y: periodic
  upper z: periodic
Default boundaries:
  lower x: symmetry_boundary
  lower y: symmetry_boundary
  lower z: symmetry_boundary
  upper x: symmetry_boundary
  upper y: symmetry_boundary
  upper z: symmetry_boundary
INFO (Arith): Test_smallvector
INFO (Arith): Test_spvect
INFO (CarpetX): Setting initial values for max_grid_size values for all levels
INFO (CarpetX): Setting up initial conditions...
INFO (CarpetX): Iteration: 0   time: 0   delta_time: 0.00390625
INFO (CarpetX): Patch 0:
INFO (CarpetX):   Grid extent:
INFO (CarpetX):     gsh=[71,15,15]
INFO (CarpetX):     blocking_factor=[8,8,8]
INFO (CarpetX):     max_grid_size=[10000000,10000000,10000000]
INFO (CarpetX):     max_tile_size=[1024000,16,32]
INFO (CarpetX):   Domain extent:
INFO (CarpetX):     xmin=[-0.5,-0.0625,-0.0625]
INFO (CarpetX):     xmax=[0.5,0.0625,0.0625]
INFO (CarpetX):     base dx=[0.015625,0.015625,0.015625]
INFO (CarpetX): Initializing level 0...
INFO (CanudaX_ExactID): Begin Gauge Wave initial data
INFO (CanudaX_ExactID): === End gauge wave initial data ===
INFO (CarpetX): Regridding...
INFO (CarpetX):   level 0: 2 boxes, 4096 cells (100%)
INFO (CarpetX): Initialized 1 levels
INFO (CarpetX): OutputGH: iteration 0, time 0.000000, run time 1 s
INFO (CarpetX): OutputGH done.
INFO (CarpetX): Starting evolution...
INFO (ODESolvers): ODE integrator is RK4
INFO (CarpetX): OutputGH: iteration 1, time 0.003906, run time 1 s
INFO (CarpetX): OutputGH done.
INFO (CarpetX): Simulation time: 0.00390625   Iterations per second: 33.1149   Simulation time per second: 0.129355
INFO (CarpetX): Grid cells: 4096   Grid cell updates per second: 135639
INFO (CarpetX): Performance:
INFO (CarpetX):   total evolution time:            0.0301979 sec
INFO (CarpetX):   total evolution compute time:    0.0301647 sec
INFO (CarpetX):   total evolution output time:     3.31402e-05 sec
INFO (CarpetX):   total iterations:                1
INFO (CarpetX):   total cells updated:             4096
INFO (CarpetX):   average iterations per second: 33.1149
INFO (CarpetX):   average cell updates per second: 135639
INFO (CarpetX): OutputGH: iteration 2, time 0.007812, run time 1 s
INFO (CarpetX): OutputGH done.
INFO (CarpetX): Simulation time: 0.0078125   Iterations per second: 34.6502   Simulation time per second: 0.135352
INFO (CarpetX): Grid cells: 4096   Grid cell updates per second: 141927
INFO (CarpetX): Performance:
INFO (CarpetX):   total evolution time:            0.0577197 sec
INFO (CarpetX):   total evolution compute time:    0.0576518 sec
INFO (CarpetX):   total evolution output time:     6.79493e-05 sec
INFO (CarpetX):   total iterations:                2
INFO (CarpetX):   total cells updated:             8192
INFO (CarpetX):   average iterations per second: 34.6502
INFO (CarpetX):   average cell updates per second: 141927
INFO (CarpetX): OutputGH: iteration 3, time 0.011719, run time 1 s
INFO (CarpetX): OutputGH done.
INFO (CarpetX): Simulation time: 0.0117188   Iterations per second: 35.1648   Simulation time per second: 0.137362
INFO (CarpetX): Grid cells: 4096   Grid cell updates per second: 144035
INFO (CarpetX): Performance:
INFO (CarpetX):   total evolution time:            0.0853126 sec
INFO (CarpetX):   total evolution compute time:    0.0852168 sec
INFO (CarpetX):   total evolution output time:     9.58443e-05 sec
INFO (CarpetX):   total iterations:                3
INFO (CarpetX):   total cells updated:             12288
INFO (CarpetX):   average iterations per second: 35.1648
INFO (CarpetX):   average cell updates per second: 144035
INFO (CarpetX): OutputGH: iteration 4, time 0.015625, run time 1 s
INFO (CarpetX): OutputGH done.
INFO (CarpetX): Simulation time: 0.015625   Iterations per second: 35.5352   Simulation time per second: 0.138809
INFO (CarpetX): Grid cells: 4096   Grid cell updates per second: 145552
INFO (CarpetX): Performance:
INFO (CarpetX):   total evolution time:            0.112565 sec
INFO (CarpetX):   total evolution compute time:    0.112446 sec
INFO (CarpetX):   total evolution output time:     0.000118971 sec
INFO (CarpetX):   total iterations:                4
INFO (CarpetX):   total cells updated:             16384
INFO (CarpetX):   average iterations per second: 35.5352
INFO (CarpetX):   average cell updates per second: 145552
INFO (CarpetX): OutputGH: iteration 5, time 0.019531, run time 1 s
INFO (CarpetX): OutputGH done.
INFO (CarpetX): Simulation time: 0.0195312   Iterations per second: 35.7175   Simulation time per second: 0.139521
INFO (CarpetX): Grid cells: 4096   Grid cell updates per second: 146299
INFO (CarpetX): Performance:
INFO (CarpetX):   total evolution time:            0.139987 sec
INFO (CarpetX):   total evolution compute time:    0.139837 sec
INFO (CarpetX):   total evolution output time:     0.000150919 sec
INFO (CarpetX):   total iterations:                5
INFO (CarpetX):   total cells updated:             20480
INFO (CarpetX):   average iterations per second: 35.7175
INFO (CarpetX):   average cell updates per second: 146299
INFO (CarpetX): OutputGH: iteration 6, time 0.023438, run time 1 s
INFO (CarpetX): OutputGH done.
INFO (CarpetX): Simulation time: 0.0234375   Iterations per second: 35.875   Simulation time per second: 0.140137
INFO (CarpetX): Grid cells: 4096   Grid cell updates per second: 146944
INFO (CarpetX): Performance:
INFO (CarpetX):   total evolution time:            0.167247 sec
INFO (CarpetX):   total evolution compute time:    0.167075 sec
INFO (CarpetX):   total evolution output time:     0.0001719 sec
INFO (CarpetX):   total iterations:                6
INFO (CarpetX):   total cells updated:             24576
INFO (CarpetX):   average iterations per second: 35.875
INFO (CarpetX):   average cell updates per second: 146944
INFO (CarpetX): OutputGH: iteration 7, time 0.027344, run time 1 s
INFO (CarpetX): OutputGH done.
INFO (CarpetX): Simulation time: 0.0273438   Iterations per second: 35.9819   Simulation time per second: 0.140554
INFO (CarpetX): Grid cells: 4096   Grid cell updates per second: 147382
INFO (CarpetX): Performance:
INFO (CarpetX):   total evolution time:            0.194542 sec
INFO (CarpetX):   total evolution compute time:    0.194344 sec
INFO (CarpetX):   total evolution output time:     0.000197887 sec
INFO (CarpetX):   total iterations:                7
INFO (CarpetX):   total cells updated:             28672
INFO (CarpetX):   average iterations per second: 35.9819
INFO (CarpetX):   average cell updates per second: 147382
INFO (CarpetX): OutputGH: iteration 8, time 0.031250, run time 1 s
INFO (CarpetX): OutputGH done.
INFO (CarpetX): Simulation time: 0.03125   Iterations per second: 35.9502   Simulation time per second: 0.14043
INFO (CarpetX): Grid cells: 4096   Grid cell updates per second: 147252
INFO (CarpetX): Performance:
INFO (CarpetX):   total evolution time:            0.22253 sec
INFO (CarpetX):   total evolution compute time:    0.222297 sec
INFO (CarpetX):   total evolution output time:     0.000232935 sec
INFO (CarpetX):   total iterations:                8
INFO (CarpetX):   total cells updated:             32768
INFO (CarpetX):   average iterations per second: 35.9502
INFO (CarpetX):   average cell updates per second: 147252
INFO (CarpetX): OutputGH: iteration 9, time 0.035156, run time 1 s
INFO (CarpetX): OutputGH done.
INFO (CarpetX): Simulation time: 0.0351562   Iterations per second: 36.0246   Simulation time per second: 0.140721
INFO (CarpetX): Grid cells: 4096   Grid cell updates per second: 147557
INFO (CarpetX): Performance:
INFO (CarpetX):   total evolution time:            0.249829 sec
INFO (CarpetX):   total evolution compute time:    0.249568 sec
INFO (CarpetX):   total evolution output time:     0.000261068 sec
INFO (CarpetX):   total iterations:                9
INFO (CarpetX):   total cells updated:             36864
INFO (CarpetX):   average iterations per second: 36.0246
INFO (CarpetX):   average cell updates per second: 147557
INFO (CarpetX): OutputGH: iteration 10, time 0.039062, run time 2 s
INFO (CarpetX): OutputGH done.
INFO (CarpetX): Simulation time: 0.0390625   Iterations per second: 36.0902   Simulation time per second: 0.140977
INFO (CarpetX): Grid cells: 4096   Grid cell updates per second: 147825
INFO (CarpetX): Performance:
INFO (CarpetX):   total evolution time:            0.277084 sec
INFO (CarpetX):   total evolution compute time:    0.276791 sec
INFO (CarpetX):   total evolution output time:     0.000293016 sec
INFO (CarpetX):   total iterations:                10
INFO (CarpetX):   total cells updated:             40960
INFO (CarpetX):   average iterations per second: 36.0902
INFO (CarpetX):   average cell updates per second: 147825
INFO (CarpetX): OutputGH: iteration 11, time 0.042969, run time 2 s
INFO (CarpetX): OutputGH done.
INFO (CarpetX): Simulation time: 0.0429688   Iterations per second: 36.1381   Simulation time per second: 0.141164
INFO (CarpetX): Grid cells: 4096   Grid cell updates per second: 148022
INFO (CarpetX): Performance:
INFO (CarpetX):   total evolution time:            0.304425 sec
INFO (CarpetX):   total evolution compute time:    0.304099 sec
INFO (CarpetX):   total evolution output time:     0.000326157 sec
INFO (CarpetX):   total iterations:                11
INFO (CarpetX):   total cells updated:             45056
INFO (CarpetX):   average iterations per second: 36.1337
INFO (CarpetX):   average cell updates per second: 148004
INFO (CarpetX): OutputGH: iteration 12, time 0.046875, run time 2 s
INFO (CarpetX): OutputGH done.
INFO (CarpetX): Simulation time: 0.046875   Iterations per second: 36.1993   Simulation time per second: 0.141403
INFO (CarpetX): Grid cells: 4096   Grid cell updates per second: 148272
INFO (CarpetX): Performance:
INFO (CarpetX):   total evolution time:            0.331629 sec
INFO (CarpetX):   total evolution compute time:    0.331275 sec
INFO (CarpetX):   total evolution output time:     0.000353098 sec
INFO (CarpetX):   total iterations:                12
INFO (CarpetX):   total cells updated:             49152
INFO (CarpetX):   average iterations per second: 36.1851
INFO (CarpetX):   average cell updates per second: 148214
INFO (CarpetX): OutputGH: iteration 13, time 0.050781, run time 2 s
INFO (CarpetX): OutputGH done.
INFO (CarpetX): Simulation time: 0.0507812   Iterations per second: 36.1949   Simulation time per second: 0.141387
INFO (CarpetX): Grid cells: 4096   Grid cell updates per second: 148254
INFO (CarpetX): Performance:
INFO (CarpetX):   total evolution time:            0.359287 sec
INFO (CarpetX):   total evolution compute time:    0.358901 sec
INFO (CarpetX):   total evolution output time:     0.000386 sec
INFO (CarpetX):   total iterations:                13
INFO (CarpetX):   total cells updated:             53248
INFO (CarpetX):   average iterations per second: 36.1828
INFO (CarpetX):   average cell updates per second: 148205
INFO (CarpetX): OutputGH: iteration 14, time 0.054688, run time 2 s
INFO (CarpetX): OutputGH done.
INFO (CarpetX): Simulation time: 0.0546875   Iterations per second: 36.1476   Simulation time per second: 0.141202
INFO (CarpetX): Grid cells: 4096   Grid cell updates per second: 148061
INFO (CarpetX): Performance:
INFO (CarpetX):   total evolution time:            0.387277 sec
INFO (CarpetX):   total evolution compute time:    0.386854 sec
INFO (CarpetX):   total evolution output time:     0.000422955 sec
INFO (CarpetX):   total iterations:                14
INFO (CarpetX):   total cells updated:             57344
INFO (CarpetX):   average iterations per second: 36.1499
INFO (CarpetX):   average cell updates per second: 148070
INFO (CarpetX): OutputGH: iteration 15, time 0.058594, run time 2 s
INFO (CarpetX): OutputGH done.
INFO (CarpetX): Simulation time: 0.0585938   Iterations per second: 36.1441   Simulation time per second: 0.141188
INFO (CarpetX): Grid cells: 4096   Grid cell updates per second: 148046
INFO (CarpetX): Performance:
INFO (CarpetX):   total evolution time:            0.414968 sec
INFO (CarpetX):   total evolution compute time:    0.41451 sec
INFO (CarpetX):   total evolution output time:     0.000457764 sec
INFO (CarpetX):   total iterations:                15
INFO (CarpetX):   total cells updated:             61440
INFO (CarpetX):   average iterations per second: 36.1474
INFO (CarpetX):   average cell updates per second: 148060
INFO (CarpetX): OutputGH: iteration 16, time 0.062500, run time 2 s
INFO (CarpetX): OutputGH done.
INFO (CarpetX): Simulation time: 0.0625   Iterations per second: 36.1384   Simulation time per second: 0.141165
INFO (CarpetX): Grid cells: 4096   Grid cell updates per second: 148023
INFO (CarpetX): Performance:
INFO (CarpetX):   total evolution time:            0.442679 sec
INFO (CarpetX):   total evolution compute time:    0.442189 sec
INFO (CarpetX):   total evolution output time:     0.000489712 sec
INFO (CarpetX):   total iterations:                16
INFO (CarpetX):   total cells updated:             65536
INFO (CarpetX):   average iterations per second: 36.1436
INFO (CarpetX):   average cell updates per second: 148044
INFO (CarpetX): OutputGH: iteration 17, time 0.066406, run time 2 s
INFO (CarpetX): OutputGH done.
INFO (CarpetX): Simulation time: 0.0664062   Iterations per second: 36.0942   Simulation time per second: 0.140993
INFO (CarpetX): Grid cells: 4096   Grid cell updates per second: 147842
INFO (CarpetX): Performance:
INFO (CarpetX):   total evolution time:            0.470689 sec
INFO (CarpetX):   total evolution compute time:    0.470161 sec
INFO (CarpetX):   total evolution output time:     0.00052762 sec
INFO (CarpetX):   total iterations:                17
INFO (CarpetX):   total cells updated:             69632
INFO (CarpetX):   average iterations per second: 36.1173
INFO (CarpetX):   average cell updates per second: 147936
INFO (CarpetX): OutputGH: iteration 18, time 0.070312, run time 2 s
INFO (CarpetX): OutputGH done.
INFO (CarpetX): Simulation time: 0.0703125   Iterations per second: 36.0283   Simulation time per second: 0.140735
INFO (CarpetX): Grid cells: 4096   Grid cell updates per second: 147572
INFO (CarpetX): Performance:
INFO (CarpetX):   total evolution time:            0.498901 sec
INFO (CarpetX):   total evolution compute time:    0.498339 sec
INFO (CarpetX):   total evolution output time:     0.000561714 sec
INFO (CarpetX):   total iterations:                18
INFO (CarpetX):   total cells updated:             73728
INFO (CarpetX):   average iterations per second: 36.0793
INFO (CarpetX):   average cell updates per second: 147781
INFO (CarpetX): OutputGH: iteration 19, time 0.074219, run time 2 s
INFO (CarpetX): OutputGH done.
INFO (CarpetX): Simulation time: 0.0742188   Iterations per second: 35.9978   Simulation time per second: 0.140616
INFO (CarpetX): Grid cells: 4096   Grid cell updates per second: 147447
INFO (CarpetX): Performance:
INFO (CarpetX):   total evolution time:            0.526892 sec
INFO (CarpetX):   total evolution compute time:    0.526295 sec
INFO (CarpetX):   total evolution output time:     0.000596762 sec
INFO (CarpetX):   total iterations:                19
INFO (CarpetX):   total cells updated:             77824
INFO (CarpetX):   average iterations per second: 36.0605
INFO (CarpetX):   average cell updates per second: 147704
INFO (CarpetX): OutputGH: iteration 20, time 0.078125, run time 2 s
INFO (CarpetX): OutputGH done.
INFO (CarpetX): Simulation time: 0.078125   Iterations per second: 35.9826   Simulation time per second: 0.140557
INFO (CarpetX): Grid cells: 4096   Grid cell updates per second: 147385
INFO (CarpetX): Performance:
INFO (CarpetX):   total evolution time:            0.554789 sec
INFO (CarpetX):   total evolution compute time:    0.554158 sec
INFO (CarpetX):   total evolution output time:     0.000630856 sec
INFO (CarpetX):   total iterations:                20
INFO (CarpetX):   total cells updated:             81920
INFO (CarpetX):   average iterations per second: 36.0498
INFO (CarpetX):   average cell updates per second: 147660
INFO (CarpetX): OutputGH: iteration 21, time 0.082031, run time 2 s
INFO (CarpetX): OutputGH done.
INFO (CarpetX): Simulation time: 0.0820312   Iterations per second: 35.9632   Simulation time per second: 0.140481
INFO (CarpetX): Grid cells: 4096   Grid cell updates per second: 147305
INFO (CarpetX): Performance:
INFO (CarpetX):   total evolution time:            0.58273 sec
INFO (CarpetX):   total evolution compute time:    0.582063 sec
INFO (CarpetX):   total evolution output time:     0.000666857 sec
INFO (CarpetX):   total iterations:                21
INFO (CarpetX):   total cells updated:             86016
INFO (CarpetX):   average iterations per second: 36.0373
INFO (CarpetX):   average cell updates per second: 147609
INFO (CarpetX): OutputGH: iteration 22, time 0.085938, run time 2 s
INFO (CarpetX): OutputGH done.
INFO (CarpetX): Simulation time: 0.0859375   Iterations per second: 35.9147   Simulation time per second: 0.140292
INFO (CarpetX): Grid cells: 4096   Grid cell updates per second: 147107
INFO (CarpetX): Performance:
INFO (CarpetX):   total evolution time:            0.610911 sec
INFO (CarpetX):   total evolution compute time:    0.610208 sec
INFO (CarpetX):   total evolution output time:     0.000703812 sec
INFO (CarpetX):   total iterations:                22
INFO (CarpetX):   total cells updated:             90112
INFO (CarpetX):   average iterations per second: 36.0118
INFO (CarpetX):   average cell updates per second: 147504
INFO (CarpetX): OutputGH: iteration 23, time 0.089844, run time 2 s
INFO (CarpetX): OutputGH done.
INFO (CarpetX): Simulation time: 0.0898438   Iterations per second: 35.9028   Simulation time per second: 0.140245
INFO (CarpetX): Grid cells: 4096   Grid cell updates per second: 147058
INFO (CarpetX): Performance:
INFO (CarpetX):   total evolution time:            0.638848 sec
INFO (CarpetX):   total evolution compute time:    0.638107 sec
INFO (CarpetX):   total evolution output time:     0.000740767 sec
INFO (CarpetX):   total iterations:                23
INFO (CarpetX):   total cells updated:             94208
INFO (CarpetX):   average iterations per second: 36.0023
INFO (CarpetX):   average cell updates per second: 147466
INFO (CarpetX): OutputGH: iteration 24, time 0.093750, run time 2 s
INFO (CarpetX): OutputGH done.
INFO (CarpetX): Simulation time: 0.09375   Iterations per second: 35.8898   Simulation time per second: 0.140194
INFO (CarpetX): Grid cells: 4096   Grid cell updates per second: 147004
INFO (CarpetX): Performance:
INFO (CarpetX):   total evolution time:            0.666802 sec
INFO (CarpetX):   total evolution compute time:    0.666026 sec
INFO (CarpetX):   total evolution output time:     0.000775814 sec
INFO (CarpetX):   total iterations:                24
INFO (CarpetX):   total cells updated:             98304
INFO (CarpetX):   average iterations per second: 35.9927
INFO (CarpetX):   average cell updates per second: 147426
INFO (CarpetX): OutputGH: iteration 25, time 0.097656, run time 2 s
INFO (CarpetX): OutputGH done.
INFO (CarpetX): Simulation time: 0.0976562   Iterations per second: 35.91   Simulation time per second: 0.140274
INFO (CarpetX): Grid cells: 4096   Grid cell updates per second: 147087
INFO (CarpetX): Performance:
INFO (CarpetX):   total evolution time:            0.694508 sec
INFO (CarpetX):   total evolution compute time:    0.693696 sec
INFO (CarpetX):   total evolution output time:     0.000811815 sec
INFO (CarpetX):   total iterations:                25
INFO (CarpetX):   total cells updated:             102400
INFO (CarpetX):   average iterations per second: 35.9967
INFO (CarpetX):   average cell updates per second: 147443
INFO (CarpetX): OutputGH: iteration 26, time 0.101562, run time 2 s
INFO (CarpetX): OutputGH done.
INFO (CarpetX): Simulation time: 0.101562   Iterations per second: 35.8528   Simulation time per second: 0.14005
INFO (CarpetX): Grid cells: 4096   Grid cell updates per second: 146853
INFO (CarpetX): Performance:
INFO (CarpetX):   total evolution time:            0.7228 sec
INFO (CarpetX):   total evolution compute time:    0.721957 sec
INFO (CarpetX):   total evolution output time:     0.00084281 sec
INFO (CarpetX):   total iterations:                26
INFO (CarpetX):   total cells updated:             106496
INFO (CarpetX):   average iterations per second: 35.9712
INFO (CarpetX):   average cell updates per second: 147338
INFO (CarpetX): OutputGH: iteration 27, time 0.105469, run time 2 s
INFO (CarpetX): OutputGH done.
INFO (CarpetX): Simulation time: 0.105469   Iterations per second: 35.8449   Simulation time per second: 0.140019
INFO (CarpetX): Grid cells: 4096   Grid cell updates per second: 146821
INFO (CarpetX): Performance:
INFO (CarpetX):   total evolution time:            0.750752 sec
INFO (CarpetX):   total evolution compute time:    0.749875 sec
INFO (CarpetX):   total evolution output time:     0.000877857 sec
INFO (CarpetX):   total iterations:                27
INFO (CarpetX):   total cells updated:             110592
INFO (CarpetX):   average iterations per second: 35.9639
INFO (CarpetX):   average cell updates per second: 147308
INFO (CarpetX): OutputGH: iteration 28, time 0.109375, run time 2 s
INFO (CarpetX): OutputGH done.
INFO (CarpetX): Simulation time: 0.109375   Iterations per second: 35.867   Simulation time per second: 0.140106
INFO (CarpetX): Grid cells: 4096   Grid cell updates per second: 146911
INFO (CarpetX): Performance:
INFO (CarpetX):   total evolution time:            0.778478 sec
INFO (CarpetX):   total evolution compute time:    0.777566 sec
INFO (CarpetX):   total evolution output time:     0.000911951 sec
INFO (CarpetX):   total iterations:                28
INFO (CarpetX):   total cells updated:             114688
INFO (CarpetX):   average iterations per second: 35.9676
INFO (CarpetX):   average cell updates per second: 147323
INFO (CarpetX): OutputGH: iteration 29, time 0.113281, run time 2 s
INFO (CarpetX): OutputGH done.
INFO (CarpetX): Simulation time: 0.113281   Iterations per second: 35.8964   Simulation time per second: 0.14022
INFO (CarpetX): Grid cells: 4096   Grid cell updates per second: 147032
INFO (CarpetX): Performance:
INFO (CarpetX):   total evolution time:            0.806131 sec
INFO (CarpetX):   total evolution compute time:    0.805189 sec
INFO (CarpetX):   total evolution output time:     0.000941992 sec
INFO (CarpetX):   total iterations:                29
INFO (CarpetX):   total cells updated:             118784
INFO (CarpetX):   average iterations per second: 35.9743
INFO (CarpetX):   average cell updates per second: 147351
INFO (CarpetX): OutputGH: iteration 30, time 0.117188, run time 2 s
INFO (CarpetX): OutputGH done.
INFO (CarpetX): Simulation time: 0.117188   Iterations per second: 35.9115   Simulation time per second: 0.140279
INFO (CarpetX): Grid cells: 4096   Grid cell updates per second: 147093
INFO (CarpetX): Performance:
INFO (CarpetX):   total evolution time:            0.833872 sec
INFO (CarpetX):   total evolution compute time:    0.832894 sec
INFO (CarpetX):   total evolution output time:     0.000977993 sec
INFO (CarpetX):   total iterations:                30
INFO (CarpetX):   total cells updated:             122880
INFO (CarpetX):   average iterations per second: 35.9767
INFO (CarpetX):   average cell updates per second: 147361
INFO (CarpetX): OutputGH: iteration 31, time 0.121094, run time 2 s
INFO (CarpetX): OutputGH done.
INFO (CarpetX): Simulation time: 0.121094   Iterations per second: 35.6128   Simulation time per second: 0.139112
INFO (CarpetX): Grid cells: 4096   Grid cell updates per second: 145870
INFO (CarpetX): Performance:
INFO (CarpetX):   total evolution time:            0.864054 sec
INFO (CarpetX):   total evolution compute time:    0.863041 sec
INFO (CarpetX):   total evolution output time:     0.0010128 sec
INFO (CarpetX):   total iterations:                31
INFO (CarpetX):   total cells updated:             126976
INFO (CarpetX):   average iterations per second: 35.8774
INFO (CarpetX):   average cell updates per second: 146954
INFO (CarpetX): OutputGH: iteration 32, time 0.125000, run time 2 s
INFO (CarpetX): OutputGH done.
INFO (CarpetX): Simulation time: 0.125   Iterations per second: 35.6808   Simulation time per second: 0.139378
INFO (CarpetX): Grid cells: 4096   Grid cell updates per second: 146149
INFO (CarpetX): Performance:
INFO (CarpetX):   total evolution time:            0.891598 sec
INFO (CarpetX):   total evolution compute time:    0.890557 sec
INFO (CarpetX):   total evolution output time:     0.00104094 sec
INFO (CarpetX):   total iterations:                32
INFO (CarpetX):   total cells updated:             131072
INFO (CarpetX):   average iterations per second: 35.8906
INFO (CarpetX):   average cell updates per second: 147008
INFO (CarpetX): OutputGH: iteration 33, time 0.128906, run time 2 s
INFO (CarpetX): OutputGH done.
INFO (CarpetX): Simulation time: 0.128906   Iterations per second: 35.7215   Simulation time per second: 0.139537
INFO (CarpetX): Grid cells: 4096   Grid cell updates per second: 146315
INFO (CarpetX): Performance:
INFO (CarpetX):   total evolution time:            0.919305 sec
INFO (CarpetX):   total evolution compute time:    0.918233 sec
INFO (CarpetX):   total evolution output time:     0.00107193 sec
INFO (CarpetX):   total iterations:                33
INFO (CarpetX):   total cells updated:             135168
INFO (CarpetX):   average iterations per second: 35.8967
INFO (CarpetX):   average cell updates per second: 147033
INFO (CarpetX): OutputGH: iteration 34, time 0.132812, run time 2 s
INFO (CarpetX): OutputGH done.
INFO (CarpetX): Simulation time: 0.132812   Iterations per second: 35.7262   Simulation time per second: 0.139555
INFO (CarpetX): Grid cells: 4096   Grid cell updates per second: 146334
INFO (CarpetX): Performance:
INFO (CarpetX):   total evolution time:            0.947263 sec
INFO (CarpetX):   total evolution compute time:    0.946161 sec
INFO (CarpetX):   total evolution output time:     0.00110197 sec
INFO (CarpetX):   total iterations:                34
INFO (CarpetX):   total cells updated:             139264
INFO (CarpetX):   average iterations per second: 35.8929
INFO (CarpetX):   average cell updates per second: 147017
INFO (CarpetX): OutputGH: iteration 35, time 0.136719, run time 2 s
INFO (CarpetX): OutputGH done.
INFO (CarpetX): Simulation time: 0.136719   Iterations per second: 35.6706   Simulation time per second: 0.139338
INFO (CarpetX): Grid cells: 4096   Grid cell updates per second: 146107
INFO (CarpetX): Performance:
INFO (CarpetX):   total evolution time:            0.97569 sec
INFO (CarpetX):   total evolution compute time:    0.974558 sec
INFO (CarpetX):   total evolution output time:     0.00113177 sec
INFO (CarpetX):   total iterations:                35
INFO (CarpetX):   total cells updated:             143360
INFO (CarpetX):   average iterations per second: 35.8721
INFO (CarpetX):   average cell updates per second: 146932
INFO (CarpetX): OutputGH: iteration 36, time 0.140625, run time 2 s
INFO (CarpetX): OutputGH done.
INFO (CarpetX): Simulation time: 0.140625   Iterations per second: 35.711   Simulation time per second: 0.139496
INFO (CarpetX): Grid cells: 4096   Grid cell updates per second: 146272
INFO (CarpetX): Performance:
INFO (CarpetX):   total evolution time:            1.00341 sec
INFO (CarpetX):   total evolution compute time:    1.00225 sec
INFO (CarpetX):   total evolution output time:     0.00116086 sec
INFO (CarpetX):   total iterations:                36
INFO (CarpetX):   total cells updated:             147456
INFO (CarpetX):   average iterations per second: 35.8778
INFO (CarpetX):   average cell updates per second: 146955
INFO (CarpetX): OutputGH: iteration 37, time 0.144531, run time 2 s
INFO (CarpetX): OutputGH done.
INFO (CarpetX): Simulation time: 0.144531   Iterations per second: 35.7787   Simulation time per second: 0.139761
INFO (CarpetX): Grid cells: 4096   Grid cell updates per second: 146550
INFO (CarpetX): Performance:
INFO (CarpetX):   total evolution time:            1.03088 sec
INFO (CarpetX):   total evolution compute time:    1.02968 sec
INFO (CarpetX):   total evolution output time:     0.00119686 sec
INFO (CarpetX):   total iterations:                37
INFO (CarpetX):   total cells updated:             151552
INFO (CarpetX):   average iterations per second: 35.8917
INFO (CarpetX):   average cell updates per second: 147012
INFO (CarpetX): OutputGH: iteration 38, time 0.148438, run time 2 s
INFO (CarpetX): OutputGH done.
INFO (CarpetX): Simulation time: 0.148438   Iterations per second: 35.8229   Simulation time per second: 0.139933
INFO (CarpetX): Grid cells: 4096   Grid cell updates per second: 146730
INFO (CarpetX): Performance:
INFO (CarpetX):   total evolution time:            1.05848 sec
INFO (CarpetX):   total evolution compute time:    1.05726 sec
INFO (CarpetX):   total evolution output time:     0.00122786 sec
INFO (CarpetX):   total iterations:                38
INFO (CarpetX):   total cells updated:             155648
INFO (CarpetX):   average iterations per second: 35.9004
INFO (CarpetX):   average cell updates per second: 147048
INFO (CarpetX): OutputGH: iteration 39, time 0.152344, run time 2 s
INFO (CarpetX): OutputGH done.
INFO (CarpetX): Simulation time: 0.152344   Iterations per second: 35.8758   Simulation time per second: 0.14014
INFO (CarpetX): Grid cells: 4096   Grid cell updates per second: 146947
INFO (CarpetX): Performance:
INFO (CarpetX):   total evolution time:            1.08599 sec
INFO (CarpetX):   total evolution compute time:    1.08472 sec
INFO (CarpetX):   total evolution output time:     0.0012629 sec
INFO (CarpetX):   total iterations:                39
INFO (CarpetX):   total cells updated:             159744
INFO (CarpetX):   average iterations per second: 35.912
INFO (CarpetX):   average cell updates per second: 147096
INFO (CarpetX): OutputGH: iteration 40, time 0.156250, run time 2 s
INFO (CarpetX): OutputGH done.
INFO (CarpetX): Simulation time: 0.15625   Iterations per second: 35.9166   Simulation time per second: 0.140299
INFO (CarpetX): Grid cells: 4096   Grid cell updates per second: 147115
INFO (CarpetX): Performance:
INFO (CarpetX):   total evolution time:            1.11354 sec
INFO (CarpetX):   total evolution compute time:    1.11225 sec
INFO (CarpetX):   total evolution output time:     0.00129199 sec
INFO (CarpetX):   total iterations:                40
INFO (CarpetX):   total cells updated:             163840
INFO (CarpetX):   average iterations per second: 35.9213
INFO (CarpetX):   average cell updates per second: 147134
INFO (CarpetX): OutputGH: iteration 41, time 0.160156, run time 2 s
INFO (CarpetX): OutputGH done.
INFO (CarpetX): Simulation time: 0.160156   Iterations per second: 35.9357   Simulation time per second: 0.140374
INFO (CarpetX): Grid cells: 4096   Grid cell updates per second: 147192
INFO (CarpetX): Performance:
INFO (CarpetX):   total evolution time:            1.14124 sec
INFO (CarpetX):   total evolution compute time:    1.13992 sec
INFO (CarpetX):   total evolution output time:     0.00132298 sec
INFO (CarpetX):   total iterations:                41
INFO (CarpetX):   total cells updated:             167936
INFO (CarpetX):   average iterations per second: 35.9258
INFO (CarpetX):   average cell updates per second: 147152
INFO (CarpetX): OutputGH: iteration 42, time 0.164062, run time 2 s
INFO (CarpetX): OutputGH done.
INFO (CarpetX): Simulation time: 0.164062   Iterations per second: 35.8831   Simulation time per second: 0.140168
INFO (CarpetX): Grid cells: 4096   Grid cell updates per second: 146977
INFO (CarpetX): Performance:
INFO (CarpetX):   total evolution time:            1.16947 sec
INFO (CarpetX):   total evolution compute time:    1.16812 sec
INFO (CarpetX):   total evolution output time:     0.00135398 sec
INFO (CarpetX):   total iterations:                42
INFO (CarpetX):   total cells updated:             172032
INFO (CarpetX):   average iterations per second: 35.9136
INFO (CarpetX):   average cell updates per second: 147102
INFO (CarpetX): OutputGH: iteration 43, time 0.167969, run time 2 s
INFO (CarpetX): OutputGH done.
INFO (CarpetX): Simulation time: 0.167969   Iterations per second: 35.8824   Simulation time per second: 0.140166
INFO (CarpetX): Grid cells: 4096   Grid cell updates per second: 146974
INFO (CarpetX): Performance:
INFO (CarpetX):   total evolution time:            1.19735 sec
INFO (CarpetX):   total evolution compute time:    1.19596 sec
INFO (CarpetX):   total evolution output time:     0.00138807 sec
INFO (CarpetX):   total iterations:                43
INFO (CarpetX):   total cells updated:             176128
INFO (CarpetX):   average iterations per second: 35.9127
INFO (CarpetX):   average cell updates per second: 147098
INFO (CarpetX): OutputGH: iteration 44, time 0.171875, run time 2 s
INFO (CarpetX): OutputGH done.
INFO (CarpetX): Simulation time: 0.171875   Iterations per second: 35.945   Simulation time per second: 0.14041
INFO (CarpetX): Grid cells: 4096   Grid cell updates per second: 147231
INFO (CarpetX): Performance:
INFO (CarpetX):   total evolution time:            1.22473 sec
INFO (CarpetX):   total evolution compute time:    1.22331 sec
INFO (CarpetX):   total evolution output time:     0.00141788 sec
INFO (CarpetX):   total iterations:                44
INFO (CarpetX):   total cells updated:             180224
INFO (CarpetX):   average iterations per second: 35.9262
INFO (CarpetX):   average cell updates per second: 147154
INFO (CarpetX): OutputGH: iteration 45, time 0.175781, run time 2 s
INFO (CarpetX): OutputGH done.
INFO (CarpetX): Simulation time: 0.175781   Iterations per second: 36.0222   Simulation time per second: 0.140712
INFO (CarpetX): Grid cells: 4096   Grid cell updates per second: 147547
INFO (CarpetX): Performance:
INFO (CarpetX):   total evolution time:            1.25196 sec
INFO (CarpetX):   total evolution compute time:    1.25051 sec
INFO (CarpetX):   total evolution output time:     0.00144696 sec
INFO (CarpetX):   total iterations:                45
INFO (CarpetX):   total cells updated:             184320
INFO (CarpetX):   average iterations per second: 35.9438
INFO (CarpetX):   average cell updates per second: 147226
INFO (CarpetX): OutputGH: iteration 46, time 0.179688, run time 3 s
INFO (CarpetX): OutputGH done.
INFO (CarpetX): Simulation time: 0.179688   Iterations per second: 36.0811   Simulation time per second: 0.140942
INFO (CarpetX): Grid cells: 4096   Grid cell updates per second: 147788
INFO (CarpetX): Performance:
INFO (CarpetX):   total evolution time:            1.27926 sec
INFO (CarpetX):   total evolution compute time:    1.27779 sec
INFO (CarpetX):   total evolution output time:     0.0014751 sec
INFO (CarpetX):   total iterations:                46
INFO (CarpetX):   total cells updated:             188416
INFO (CarpetX):   average iterations per second: 35.9582
INFO (CarpetX):   average cell updates per second: 147285
INFO (CarpetX): OutputGH: iteration 47, time 0.183594, run time 3 s
INFO (CarpetX): OutputGH done.
INFO (CarpetX): Simulation time: 0.183594   Iterations per second: 36.1135   Simulation time per second: 0.141069
INFO (CarpetX): Grid cells: 4096   Grid cell updates per second: 147921
INFO (CarpetX): Performance:
INFO (CarpetX):   total evolution time:            1.30673 sec
INFO (CarpetX):   total evolution compute time:    1.30522 sec
INFO (CarpetX):   total evolution output time:     0.00151014 sec
INFO (CarpetX):   total iterations:                47
INFO (CarpetX):   total cells updated:             192512
INFO (CarpetX):   average iterations per second: 35.9676
INFO (CarpetX):   average cell updates per second: 147323
INFO (CarpetX): OutputGH: iteration 48, time 0.187500, run time 3 s
INFO (CarpetX): OutputGH done.
INFO (CarpetX): Simulation time: 0.1875   Iterations per second: 36.127   Simulation time per second: 0.141121
INFO (CarpetX): Grid cells: 4096   Grid cell updates per second: 147976
INFO (CarpetX): Performance:
INFO (CarpetX):   total evolution time:            1.33432 sec
INFO (CarpetX):   total evolution compute time:    1.33277 sec
INFO (CarpetX):   total evolution output time:     0.00154495 sec
INFO (CarpetX):   total iterations:                48
INFO (CarpetX):   total cells updated:             196608
INFO (CarpetX):   average iterations per second: 35.9735
INFO (CarpetX):   average cell updates per second: 147347
INFO (CarpetX): OutputGH: iteration 49, time 0.191406, run time 3 s
INFO (CarpetX): OutputGH done.
INFO (CarpetX): Simulation time: 0.191406   Iterations per second: 36.117   Simulation time per second: 0.141082
INFO (CarpetX): Grid cells: 4096   Grid cell updates per second: 147935
INFO (CarpetX): Performance:
INFO (CarpetX):   total evolution time:            1.36207 sec
INFO (CarpetX):   total evolution compute time:    1.36049 sec
INFO (CarpetX):   total evolution output time:     0.00157976 sec
INFO (CarpetX):   total iterations:                49
INFO (CarpetX):   total cells updated:             200704
INFO (CarpetX):   average iterations per second: 35.9746
INFO (CarpetX):   average cell updates per second: 147352
INFO (CarpetX): OutputGH: iteration 50, time 0.195312, run time 3 s
INFO (CarpetX): OutputGH done.
INFO (CarpetX): Simulation time: 0.195312   Iterations per second: 36.1445   Simulation time per second: 0.14119
INFO (CarpetX): Grid cells: 4096   Grid cell updates per second: 148048
INFO (CarpetX): Performance:
INFO (CarpetX):   total evolution time:            1.38955 sec
INFO (CarpetX):   total evolution compute time:    1.38793 sec
INFO (CarpetX):   total evolution output time:     0.00161672 sec
INFO (CarpetX):   total iterations:                50
INFO (CarpetX):   total cells updated:             204800
INFO (CarpetX):   average iterations per second: 35.9828
INFO (CarpetX):   average cell updates per second: 147386
INFO (CarpetX): OutputGH: iteration 51, time 0.199219, run time 3 s
INFO (CarpetX): OutputGH done.
INFO (CarpetX): Simulation time: 0.199219   Iterations per second: 36.1666   Simulation time per second: 0.141276
INFO (CarpetX): Grid cells: 4096   Grid cell updates per second: 148138
INFO (CarpetX): Performance:
INFO (CarpetX):   total evolution time:            1.41705 sec
INFO (CarpetX):   total evolution compute time:    1.4154 sec
INFO (CarpetX):   total evolution output time:     0.00164461 sec
INFO (CarpetX):   total iterations:                51
INFO (CarpetX):   total cells updated:             208896
INFO (CarpetX):   average iterations per second: 35.9903
INFO (CarpetX):   average cell updates per second: 147416
INFO (CarpetX): OutputGH: iteration 52, time 0.203125, run time 3 s
INFO (CarpetX): OutputGH done.
INFO (CarpetX): Simulation time: 0.203125   Iterations per second: 36.2128   Simulation time per second: 0.141456
INFO (CarpetX): Grid cells: 4096   Grid cell updates per second: 148328
INFO (CarpetX): Performance:
INFO (CarpetX):   total evolution time:            1.44435 sec
INFO (CarpetX):   total evolution compute time:    1.44267 sec
INFO (CarpetX):   total evolution output time:     0.00167251 sec
INFO (CarpetX):   total iterations:                52
INFO (CarpetX):   total cells updated:             212992
INFO (CarpetX):   average iterations per second: 36.0025
INFO (CarpetX):   average cell updates per second: 147466
INFO (CarpetX): OutputGH: iteration 53, time 0.207031, run time 3 s
INFO (CarpetX): OutputGH done.
INFO (CarpetX): Simulation time: 0.207031   Iterations per second: 36.2287   Simulation time per second: 0.141519
INFO (CarpetX): Grid cells: 4096   Grid cell updates per second: 148393
INFO (CarpetX): Performance:
INFO (CarpetX):   total evolution time:            1.47184 sec
INFO (CarpetX):   total evolution compute time:    1.47013 sec
INFO (CarpetX):   total evolution output time:     0.00170755 sec
INFO (CarpetX):   total iterations:                53
INFO (CarpetX):   total cells updated:             217088
INFO (CarpetX):   average iterations per second: 36.0094
INFO (CarpetX):   average cell updates per second: 147494
INFO (CarpetX): OutputGH: iteration 54, time 0.210938, run time 3 s
INFO (CarpetX): OutputGH done.
INFO (CarpetX): Simulation time: 0.210938   Iterations per second: 36.2279   Simulation time per second: 0.141515
INFO (CarpetX): Grid cells: 4096   Grid cell updates per second: 148389
INFO (CarpetX): Performance:
INFO (CarpetX):   total evolution time:            1.49945 sec
INFO (CarpetX):   total evolution compute time:    1.49771 sec
INFO (CarpetX):   total evolution output time:     0.00174141 sec
INFO (CarpetX):   total iterations:                54
INFO (CarpetX):   total cells updated:             221184
INFO (CarpetX):   average iterations per second: 36.0133
INFO (CarpetX):   average cell updates per second: 147510
INFO (CarpetX): OutputGH: iteration 55, time 0.214844, run time 3 s
INFO (CarpetX): OutputGH done.
INFO (CarpetX): Simulation time: 0.214844   Iterations per second: 36.2363   Simulation time per second: 0.141548
INFO (CarpetX): Grid cells: 4096   Grid cell updates per second: 148424
INFO (CarpetX): Performance:
INFO (CarpetX):   total evolution time:            1.52699 sec
INFO (CarpetX):   total evolution compute time:    1.52521 sec
INFO (CarpetX):   total evolution output time:     0.00177526 sec
INFO (CarpetX):   total iterations:                55
INFO (CarpetX):   total cells updated:             225280
INFO (CarpetX):   average iterations per second: 36.0186
INFO (CarpetX):   average cell updates per second: 147532
INFO (CarpetX): OutputGH: iteration 56, time 0.218750, run time 3 s
INFO (CarpetX): OutputGH done.
INFO (CarpetX): Simulation time: 0.21875   Iterations per second: 36.2616   Simulation time per second: 0.141647
INFO (CarpetX): Grid cells: 4096   Grid cell updates per second: 148528
INFO (CarpetX): Performance:
INFO (CarpetX):   total evolution time:            1.55439 sec
INFO (CarpetX):   total evolution compute time:    1.55257 sec
INFO (CarpetX):   total evolution output time:     0.00182247 sec
INFO (CarpetX):   total iterations:                56
INFO (CarpetX):   total cells updated:             229376
INFO (CarpetX):   average iterations per second: 36.027
INFO (CarpetX):   average cell updates per second: 147567
INFO (CarpetX): OutputGH: iteration 57, time 0.222656, run time 3 s
INFO (CarpetX): OutputGH done.
INFO (CarpetX): Simulation time: 0.222656   Iterations per second: 36.1898   Simulation time per second: 0.141366
INFO (CarpetX): Grid cells: 4096   Grid cell updates per second: 148233
INFO (CarpetX): Performance:
INFO (CarpetX):   total evolution time:            1.58252 sec
INFO (CarpetX):   total evolution compute time:    1.58066 sec
INFO (CarpetX):   total evolution output time:     0.00185347 sec
INFO (CarpetX):   total iterations:                57
INFO (CarpetX):   total cells updated:             233472
INFO (CarpetX):   average iterations per second: 36.0186
INFO (CarpetX):   average cell updates per second: 147532
INFO (CarpetX): OutputGH: iteration 58, time 0.226562, run time 3 s
INFO (CarpetX): OutputGH done.
INFO (CarpetX): Simulation time: 0.226562   Iterations per second: 36.1604   Simulation time per second: 0.141252
INFO (CarpetX): Grid cells: 4096   Grid cell updates per second: 148113
INFO (CarpetX): Performance:
INFO (CarpetX):   total evolution time:            1.61037 sec
INFO (CarpetX):   total evolution compute time:    1.60848 sec
INFO (CarpetX):   total evolution output time:     0.00189042 sec
INFO (CarpetX):   total iterations:                58
INFO (CarpetX):   total cells updated:             237568
INFO (CarpetX):   average iterations per second: 36.0165
INFO (CarpetX):   average cell updates per second: 147524
INFO (CarpetX): OutputGH: iteration 59, time 0.230469, run time 3 s
INFO (CarpetX): OutputGH done.
INFO (CarpetX): Simulation time: 0.230469   Iterations per second: 36.1563   Simulation time per second: 0.141236
INFO (CarpetX): Grid cells: 4096   Grid cell updates per second: 148096
INFO (CarpetX): Performance:
INFO (CarpetX):   total evolution time:            1.63806 sec
INFO (CarpetX):   total evolution compute time:    1.63614 sec
INFO (CarpetX):   total evolution output time:     0.00192142 sec
INFO (CarpetX):   total iterations:                59
INFO (CarpetX):   total cells updated:             241664
INFO (CarpetX):   average iterations per second: 36.0183
INFO (CarpetX):   average cell updates per second: 147531
INFO (CarpetX): OutputGH: iteration 60, time 0.234375, run time 3 s
INFO (CarpetX): OutputGH done.
INFO (CarpetX): Simulation time: 0.234375   Iterations per second: 36.167   Simulation time per second: 0.141277
INFO (CarpetX): Grid cells: 4096   Grid cell updates per second: 148140
INFO (CarpetX): Performance:
INFO (CarpetX):   total evolution time:            1.66563 sec
INFO (CarpetX):   total evolution compute time:    1.66368 sec
INFO (CarpetX):   total evolution output time:     0.00195146 sec
INFO (CarpetX):   total iterations:                60
INFO (CarpetX):   total cells updated:             245760
INFO (CarpetX):   average iterations per second: 36.0223
INFO (CarpetX):   average cell updates per second: 147547
INFO (CarpetX): OutputGH: iteration 61, time 0.238281, run time 3 s
INFO (CarpetX): OutputGH done.
INFO (CarpetX): Simulation time: 0.238281   Iterations per second: 36.1825   Simulation time per second: 0.141338
INFO (CarpetX): Grid cells: 4096   Grid cell updates per second: 148204
INFO (CarpetX): Performance:
INFO (CarpetX):   total evolution time:            1.69316 sec
INFO (CarpetX):   total evolution compute time:    1.69118 sec
INFO (CarpetX):   total evolution output time:     0.0019815 sec
INFO (CarpetX):   total iterations:                61
INFO (CarpetX):   total cells updated:             249856
INFO (CarpetX):   average iterations per second: 36.0272
INFO (CarpetX):   average cell updates per second: 147567
INFO (CarpetX): OutputGH: iteration 62, time 0.242188, run time 3 s
INFO (CarpetX): OutputGH done.
INFO (CarpetX): Simulation time: 0.242188   Iterations per second: 36.1706   Simulation time per second: 0.141291
INFO (CarpetX): Grid cells: 4096   Grid cell updates per second: 148155
INFO (CarpetX): Performance:
INFO (CarpetX):   total evolution time:            1.72089 sec
INFO (CarpetX):   total evolution compute time:    1.71888 sec
INFO (CarpetX):   total evolution output time:     0.00201344 sec
INFO (CarpetX):   total iterations:                62
INFO (CarpetX):   total cells updated:             253952
INFO (CarpetX):   average iterations per second: 36.0278
INFO (CarpetX):   average cell updates per second: 147570
INFO (CarpetX): OutputGH: iteration 63, time 0.246094, run time 3 s
INFO (CarpetX): OutputGH done.
INFO (CarpetX): Simulation time: 0.246094   Iterations per second: 36.0974   Simulation time per second: 0.141005
INFO (CarpetX): Grid cells: 4096   Grid cell updates per second: 147855
INFO (CarpetX): Performance:
INFO (CarpetX):   total evolution time:            1.7491 sec
INFO (CarpetX):   total evolution compute time:    1.74706 sec
INFO (CarpetX):   total evolution output time:     0.00204444 sec
INFO (CarpetX):   total iterations:                63
INFO (CarpetX):   total cells updated:             258048
INFO (CarpetX):   average iterations per second: 36.0185
INFO (CarpetX):   average cell updates per second: 147532
INFO (CarpetX): OutputGH: iteration 64, time 0.250000, run time 3 s
INFO (CarpetX): OutputGH done.
INFO (CarpetX): Simulation time: 0.25   Iterations per second: 15.0211   Simulation time per second: 0.0586762
INFO (CarpetX): Grid cells: 4096   Grid cell updates per second: 61526.5
INFO (CarpetX): Performance:
INFO (CarpetX):   total evolution time:            2.1655 sec
INFO (CarpetX):   total evolution compute time:    1.77765 sec
INFO (CarpetX):   total evolution output time:     0.387855 sec
INFO (CarpetX):   total iterations:                64
INFO (CarpetX):   total cells updated:             262144
INFO (CarpetX):   average iterations per second: 29.5543
INFO (CarpetX):   average cell updates per second: 121054
INFO (CarpetX): Shutting down...
AMReX (25.11) finalized
--------------------------------------------------------------------------------
Done.
+ echo Stopping:
Stopping:
+ date
Wed Jul  8 03:30:01 UTC 2026
+ echo Done.
Done.
  Elapsed time: 3.3 s
