/home/runner/simulations/TestJob01_temp_2/output-0000/TEST/sim/CanudaX_BSSNMoL
Preparing:
+ set -e
+ cd output-0000-active
+ echo Checking:
Checking:
+ pwd
/home/runner/simulations/TestJob01_temp_2/output-0000/TEST/sim/CanudaX_BSSNMoL/output-0000-active
+ hostname
runnervmkkn4f
+ date
Wed Jul  8 01:32:13 UTC 2026
+ echo Environment:
Environment:
+ export CACTUS_NUM_PROCS=2
+ CACTUS_NUM_PROCS=2
+ export CACTUS_NUM_THREADS=1
+ CACTUS_NUM_THREADS=1
+ export GMON_OUT_PREFIX=gmon.out
+ GMON_OUT_PREFIX=gmon.out
+ export OMP_NUM_THREADS=1
+ OMP_NUM_THREADS=1
+ env
+ sort
+ echo Starting:
Starting:
++ date +%s
+ export CACTUS_STARTTIME=1783474333
+ CACTUS_STARTTIME=1783474333
+ '[' 2 = 1 ']'
+ mpirun -np 2 /home/runner/simulations/TestJob01_temp_2/SIMFACTORY/exe/cactus_sim -L 3 /home/runner/simulations/TestJob01_temp_2/output-0000/arrangements/CanudaX/CanudaX_BSSNMoL/test/gaugewave.par
INFO (Cactus): Increased logging level from 0 to 3
--------------------------------------------------------------------------------

       10                                  
  1   0101       ************************  
  01  1010 10      The Cactus Code V4.20.0    
 1010 1101 011      www.cactuscode.org     
  1001 100101    ************************  
    00010101                               
     100011     (c) Copyright The Authors  
      0100      GNU Licensed. No Warranty  
      0101                                 
--------------------------------------------------------------------------------

Cactus version:    4.20.0
Compile date:      Jul 08 2026 (01:09:08)
Run date:          Jul 08 2026 (01:32:14+0000)
Run host:          runnervmkkn4f.g0vjefpjgiqevk55v1qvz15w3h.ex.internal.cloudapp.net (pid=176346)
Working directory: /home/runner/simulations/TestJob01_temp_2/output-0000/TEST/sim/CanudaX_BSSNMoL
Executable:        /home/runner/simulations/TestJob01_temp_2/SIMFACTORY/exe/cactus_sim
Parameter file:    /home/runner/simulations/TestJob01_temp_2/output-0000/arrangements/CanudaX/CanudaX_BSSNMoL/test/gaugewave.par
--------------------------------------------------------------------------------

Activating thorn Cactus...Success -> active implementation Cactus
Activation requested for 
--->ADMBaseX CanudaX_BSSNMoL CanudaX_ExactID CarpetX IOUtil ODESolvers TmunuBaseX<---
Thorn ADMBaseX requests automatic activation of Loop
Thorn CarpetX requests automatic activation of AMReX
Thorn CarpetX requests automatic activation of MPI
Thorn CarpetX requests automatic activation of yaml_cpp
Thorn CarpetX requests automatic activation of zlib
Thorn CarpetX requests automatic activation of Arith
Thorn CarpetX requests automatic activation of CarpetXRegrid
Thorn CarpetX requests automatic activation of ADIOS2
Thorn CarpetX requests automatic activation of openPMD
Thorn CarpetX requests automatic activation of Silo
Thorn ADIOS2 requests automatic activation of CMake
Thorn Arith requests automatic activation of NSIMD
Thorn MPI requests automatic activation of hwloc
Thorn openPMD requests automatic activation of HDF5
Activating thorn ADIOS2...Success -> active implementation ADIOS2
Activating thorn ADMBaseX...Success -> active implementation ADMBaseX
Activating thorn AMReX...Success -> active implementation AMReX
Activating thorn Arith...Success -> active implementation Arith
Activating thorn CanudaX_BSSNMoL...Success -> active implementation CanudaX_BSSNMoL
Activating thorn CanudaX_ExactID...Success -> active implementation CanudaX_ExactID
Activating thorn CarpetX...Success -> active implementation Driver
Activating thorn CarpetXRegrid...Success -> active implementation CarpetXRegrid
Activating thorn CMake...Success -> active implementation CMake
Activating thorn HDF5...Success -> active implementation HDF5
Activating thorn hwloc...Success -> active implementation hwloc
Activating thorn IOUtil...Success -> active implementation IO
Activating thorn Loop...Success -> active implementation Loop
Activating thorn MPI...Success -> active implementation MPI
Activating thorn NSIMD...Success -> active implementation NSIMD
Activating thorn ODESolvers...Success -> active implementation ODESolvers
Activating thorn openPMD...Success -> active implementation openPMD
Activating thorn Silo...Success -> active implementation Silo
Activating thorn TmunuBaseX...Success -> active implementation TmunuBaseX
Activating thorn yaml_cpp...Success -> active implementation yaml_cpp
Activating thorn zlib...Success -> active implementation zlib
--------------------------------------------------------------------------------
  if (recover initial data)
    Recover parameters
  endif

  Startup routines
    [CCTK_STARTUP]
      CarpetX::Driver_Startup: Start up the driver
      IOUtil::IOUtil_Startup: Startup routine
      GROUP hwloc_startup: hwloc startup group
        hwloc::hwloc_version: Output hwloc version

  Startup routines which need an existing grid hierarchy
    [CCTK_WRAGH]
      Arith::Test_smallvector: [meta] Test small vectors
      Arith::Test_spvect: [meta] Test sparse vectors
      ODESolvers::ODESolvers_InitConstants: [global] Set up dummy loop counters for schedule printout
  Parameter checking routines
    [CCTK_PARAMCHECK]
      CanudaX_BSSNMoL::CanudaX_BSSNMoL_paramcheck: Check CanudaX_BSSNMoL parameters for consistency

  Initialisation
    if (NOT (recover initial data AND recovery_mode is 'strict'))
      [CCTK_PREREGRIDINITIAL]
      Set up grid hierarchy
      [CCTK_POSTREGRIDINITIAL]
      [CCTK_BASEGRID]
        CarpetXRegrid::CarpetXRegrid_InitError: Initialize regridding error to zero
        GROUP ODESolvers_BaseGrid: Set up constants (e.g. coordinates) everywhere on the grid
      [CCTK_INITIAL]
        GROUP TmunuBaseX_SetTmunuVars: Schedule group for setting T_munu
          TmunuBaseX::TmunuBaseX_ZeroTmunu: Set T_munu to zero
          GROUP TmunuBaseX_AddToTmunu: Add to T_munu here
        GROUP ODESolvers_Initial: Set up initial conditions on interior of state vector
          GROUP ADMBaseX_InitialData: Schedule group for calculating ADM initial data
            GROUP CanudaX_ExactIDGroup: CanudaX_ExactID group for setting up initial data
              CanudaX_ExactID::CanudaX_ExactID_GaugeWave: [local] Create gauge wave initial data
          GROUP ADMBaseX_InitialGauge: Schedule group for the ADM initial gauge condition
            ADMBaseX::ADMBaseX_initial_dtlapse: Set dtlapse to zero
            ADMBaseX::ADMBaseX_initial_dtshift: Set dtshift to zero
          GROUP ADMBaseX_PostInitial: Schedule group for modifying the ADM initial data, such as e.g. adding noise
        GROUP CanudaX_BSSNMoL_InitialGroup: CanudaX_BSSNMoL: initial bin
          CanudaX_BSSNMoL::CanudaX_BSSNMoL_adm2bssn: [local] Convert initial data into BSSN variables
          CanudaX_BSSNMoL::CanudaX_BSSNMoL_gammat: [local] Set Gammat initial data
      [CCTK_POSTINITIAL]
        GROUP ODESolvers_PostStep: Apply boundary conditions to state vector, and project if necessary
          GROUP CanudaX_BSSNMoL_PostStepGroup: CanudaX_BSSNMoL: post-step operations
            CanudaX_BSSNMoL::CanudaX_BSSNMoL_impose_conf_fac_floor: Make sure conformal factor does not drop below specified value
            CanudaX_BSSNMoL::CanudaX_BSSNMoL_reset_detmetric: reset dethh = 1
            CanudaX_BSSNMoL::CanudaX_BSSNMoL_remove_trA: Remove trace of A
            CanudaX_BSSNMoL::CanudaX_BSSNMoL_sync: [global] Sync state vector
            CanudaX_BSSNMoL::CanudaX_BSSNMoL_bssn2adm: [local] Convert variables back to the ADM ones
          GROUP ADMBaseX_SetADMRHS: Set ADM RHS variables in this group
          GROUP ADMBaseX_SetADMVars: Set ADM variables in this group
          GROUP TmunuBaseX_SetTmunuVars: Schedule group for setting T_munu
            TmunuBaseX::TmunuBaseX_ZeroTmunu: Set T_munu to zero
            GROUP TmunuBaseX_AddToTmunu: Add to T_munu here
        GROUP ODESolvers_EstimateError: Estimate discretization error (for regridding)
      Initialise finer grids recursively
      Restrict from finer grids
      [CCTK_POSTRESTRICTINITIAL]
      [CCTK_POSTPOSTINITIAL]
      [CCTK_POSTSTEP]
        GROUP ODESolvers_EstimateError: Estimate discretization error (for regridding)
    endif
    if (recover initial data)
      [CCTK_BASEGRID]
        CarpetXRegrid::CarpetXRegrid_InitError: Initialize regridding error to zero
        GROUP ODESolvers_BaseGrid: Set up constants (e.g. coordinates) everywhere on the grid
      [CCTK_RECOVER_VARIABLES]
      [CCTK_POST_RECOVER_VARIABLES]
        GROUP ODESolvers_PostStep: Apply boundary conditions to state vector, and project if necessary
          GROUP CanudaX_BSSNMoL_PostStepGroup: CanudaX_BSSNMoL: post-step operations
            CanudaX_BSSNMoL::CanudaX_BSSNMoL_impose_conf_fac_floor: Make sure conformal factor does not drop below specified value
            CanudaX_BSSNMoL::CanudaX_BSSNMoL_reset_detmetric: reset dethh = 1
            CanudaX_BSSNMoL::CanudaX_BSSNMoL_remove_trA: Remove trace of A
            CanudaX_BSSNMoL::CanudaX_BSSNMoL_sync: [global] Sync state vector
            CanudaX_BSSNMoL::CanudaX_BSSNMoL_bssn2adm: [local] Convert variables back to the ADM ones
          GROUP ADMBaseX_SetADMRHS: Set ADM RHS variables in this group
          GROUP ADMBaseX_SetADMVars: Set ADM variables in this group
          GROUP TmunuBaseX_SetTmunuVars: Schedule group for setting T_munu
            TmunuBaseX::TmunuBaseX_ZeroTmunu: Set T_munu to zero
            GROUP TmunuBaseX_AddToTmunu: Add to T_munu here
        GROUP ODESolvers_EstimateError: Estimate discretization error (for regridding)
    endif
    if (checkpoint initial data)
      [CCTK_CPINITIAL]
        CarpetX::CarpetX_CheckpointInitial: [meta] Checkpoint initial conditions
    endif
    if (analysis)
      [CCTK_ANALYSIS]
        CanudaX_BSSNMoL::CanudaX_BSSNMoL_bssn_constraints: Compute constraints
        GROUP ODESolvers_Analysis: Calculate analysis quantities everywhere
  endif
  Output grid variables

  do loop over timesteps
    [CCTK_PREREGRID]
    Change grid hierarchy
    [CCTK_POSTREGRID]
      GROUP ODESolvers_PostStep: Apply boundary conditions to state vector, and project if necessary
        GROUP CanudaX_BSSNMoL_PostStepGroup: CanudaX_BSSNMoL: post-step operations
          CanudaX_BSSNMoL::CanudaX_BSSNMoL_impose_conf_fac_floor: Make sure conformal factor does not drop below specified value
          CanudaX_BSSNMoL::CanudaX_BSSNMoL_reset_detmetric: reset dethh = 1
          CanudaX_BSSNMoL::CanudaX_BSSNMoL_remove_trA: Remove trace of A
          CanudaX_BSSNMoL::CanudaX_BSSNMoL_sync: [global] Sync state vector
          CanudaX_BSSNMoL::CanudaX_BSSNMoL_bssn2adm: [local] Convert variables back to the ADM ones
        GROUP ADMBaseX_SetADMRHS: Set ADM RHS variables in this group
        GROUP ADMBaseX_SetADMVars: Set ADM variables in this group
        GROUP TmunuBaseX_SetTmunuVars: Schedule group for setting T_munu
          TmunuBaseX::TmunuBaseX_ZeroTmunu: Set T_munu to zero
          GROUP TmunuBaseX_AddToTmunu: Add to T_munu here
    Rotate timelevels
    iteration = iteration+1
    t = t+dt
    [CCTK_PRESTEP]
    [CCTK_EVOL]
      ODESolvers::ODESolvers_Solve: [level] Solve ODEs
      while (ODESolvers::do_substeps)
        GROUP ODESolvers_CalledBySolve: Groups internally scheduled by ODESolvers_Solve
          GROUP ODESolvers_RHS: Evaluate the RHS for of state vector everywhere on the grid
            GROUP CanudaX_BSSNMoL_RHSGroup: CanudaX_BSSNMoL: calculate BSSN RHS
              CanudaX_BSSNMoL::CanudaX_BSSNMoL_calc_bssn_rhs: MoL RHS calculation
              CanudaX_BSSNMoL::CanudaX_BSSNMoL_apply_boundary_conditions: Apply radiative boundary conditions 
          GROUP ODESolvers_PostStep: Apply boundary conditions to state vector, and project if necessary
            GROUP CanudaX_BSSNMoL_PostStepGroup: CanudaX_BSSNMoL: post-step operations
              CanudaX_BSSNMoL::CanudaX_BSSNMoL_impose_conf_fac_floor: Make sure conformal factor does not drop below specified value
              CanudaX_BSSNMoL::CanudaX_BSSNMoL_reset_detmetric: reset dethh = 1
              CanudaX_BSSNMoL::CanudaX_BSSNMoL_remove_trA: Remove trace of A
              CanudaX_BSSNMoL::CanudaX_BSSNMoL_sync: [global] Sync state vector
              CanudaX_BSSNMoL::CanudaX_BSSNMoL_bssn2adm: [local] Convert variables back to the ADM ones
            GROUP ADMBaseX_SetADMRHS: Set ADM RHS variables in this group
            GROUP ADMBaseX_SetADMVars: Set ADM variables in this group
            GROUP TmunuBaseX_SetTmunuVars: Schedule group for setting T_munu
              TmunuBaseX::TmunuBaseX_ZeroTmunu: Set T_munu to zero
              GROUP TmunuBaseX_AddToTmunu: Add to T_munu here
      end while
    Evolve finer grids recursively
    Restrict from finer grids
    [CCTK_POSTRESTRICT]
      GROUP ODESolvers_PostStep: Apply boundary conditions to state vector, and project if necessary
        GROUP CanudaX_BSSNMoL_PostStepGroup: CanudaX_BSSNMoL: post-step operations
          CanudaX_BSSNMoL::CanudaX_BSSNMoL_impose_conf_fac_floor: Make sure conformal factor does not drop below specified value
          CanudaX_BSSNMoL::CanudaX_BSSNMoL_reset_detmetric: reset dethh = 1
          CanudaX_BSSNMoL::CanudaX_BSSNMoL_remove_trA: Remove trace of A
          CanudaX_BSSNMoL::CanudaX_BSSNMoL_sync: [global] Sync state vector
          CanudaX_BSSNMoL::CanudaX_BSSNMoL_bssn2adm: [local] Convert variables back to the ADM ones
        GROUP ADMBaseX_SetADMRHS: Set ADM RHS variables in this group
        GROUP ADMBaseX_SetADMVars: Set ADM variables in this group
        GROUP TmunuBaseX_SetTmunuVars: Schedule group for setting T_munu
          TmunuBaseX::TmunuBaseX_ZeroTmunu: Set T_munu to zero
          GROUP TmunuBaseX_AddToTmunu: Add to T_munu here
    [CCTK_POSTSTEP]
      GROUP ODESolvers_EstimateError: Estimate discretization error (for regridding)
    if (checkpoint)
      [CCTK_CHECKPOINT]
      CarpetX::CarpetX_Checkpoint: [meta] Checkpoint
    endif
    if (analysis)
      [CCTK_ANALYSIS]
      CanudaX_BSSNMoL::CanudaX_BSSNMoL_bssn_constraints: Compute constraints
      GROUP ODESolvers_Analysis: Calculate analysis quantities everywhere
    endif
    Output grid variables
    enddo

  Termination routines
    [CCTK_TERMINATE]
      CarpetX::CarpetX_CheckpointTerminate: [meta] Checkpoint before terminating

  Shutdown routines
    [CCTK_SHUTDOWN]
      CarpetX::Driver_Shutdown: [meta] Shut down the driver

  Routines run after changing the grid hierarchy:
    [CCTK_POSTREGRID]
      GROUP ODESolvers_PostStep: Apply boundary conditions to state vector, and project if necessary
        GROUP CanudaX_BSSNMoL_PostStepGroup: CanudaX_BSSNMoL: post-step operations
          CanudaX_BSSNMoL::CanudaX_BSSNMoL_impose_conf_fac_floor: Make sure conformal factor does not drop below specified value
          CanudaX_BSSNMoL::CanudaX_BSSNMoL_reset_detmetric: reset dethh = 1
          CanudaX_BSSNMoL::CanudaX_BSSNMoL_remove_trA: Remove trace of A
          CanudaX_BSSNMoL::CanudaX_BSSNMoL_sync: [global] Sync state vector
          CanudaX_BSSNMoL::CanudaX_BSSNMoL_bssn2adm: [local] Convert variables back to the ADM ones
        GROUP ADMBaseX_SetADMRHS: Set ADM RHS variables in this group
        GROUP ADMBaseX_SetADMVars: Set ADM variables in this group
        GROUP TmunuBaseX_SetTmunuVars: Schedule group for setting T_munu
          TmunuBaseX::TmunuBaseX_ZeroTmunu: Set T_munu to zero
          GROUP TmunuBaseX_AddToTmunu: Add to T_munu here
--------------------------------------------------------------------------------
INFO (hwloc): library version 2.10.0, API version 0x20800
--------------------------------------------------------------------------------

  [34m  ▕▏  [34m  ▕▏  [34m  ▕▏  [34m  ▕▏  [34m  ▕▏  [34m  ▕▏  [34m  ▕▏  [34m  ▕▏  [34m  ▕▏  [39m  
  [34m──██──[34m──██──[34m──██──[34m──██──[34m──██──[34m──██──[34m──██──[34m──██──[34m──██──[39m  
  [34m  ▕▏  [34m  ▕▏  [34m  ▕▏  [34m  ▕▏  [34m  ▕▏  [34m  ▕▏  [34m  ▕▏  [34m  ▕▏  [34m  ▕▏  [39m  
  [34m  ▕▏  [32m██████[34m  ▕▏  [34m  ▕▏  [32m██████[34m  ▕▏  [34m  ▕▏  [32m██████[34m  ▕▏  [39m  
  [34m──██──[32m██████[34m──██──[34m──██──[32m██████[34m──██──[34m──██──[32m██████[34m──██──[39m  
  [34m  ▕▏  [32m██████[34m  ▕▏  [34m  ▕▏  [32m██████[34m  ▕▏  [34m  ▕▏  [32m██████[34m  ▕▏  [39m  
  [34m  ▕▏  [34m  ▕▏  [34m  ▕▏  [34m  ▕▏  [34m  ▕▏  [34m  ▕▏  [34m  ▕▏  [34m  ▕▏  [34m  ▕▏  [39m  
  [34m──██──[34m──██──[34m──██──[34m──██──[34m──██──[34m──██──[34m──██──[34m──██──[34m──██──[39m  
  [34m  ▕▏  [34m  ▕▏  [34m  ▕▏  [34m  ▕▏  [34m  ▕▏  [34m  ▕▏  [34m  ▕▏  [34m  ▕▏  [34m  ▕▏  [39m  
  [34m  ▕▏  [34m  ▕▏  [34m  ▕▏  [31m██████[31m██████[31m██████[34m  ▕▏  [34m  ▕▏  [34m  ▕▏  [39m  
  [34m──██──[34m──██──[34m──██──[31m██████[31m██████[31m██████[34m──██──[34m──██──[34m──██──[39m  
  [34m  ▕▏  [34m  ▕▏  [34m  ▕▏  [31m██████[31m██████[31m██████[34m  ▕▏  [34m  ▕▏  [34m  ▕▏  [39m  
  [34m  ▕▏  [32m██████[34m  ▕▏  [31m██████[31m██████[31m██████[34m  ▕▏  [32m██████[34m  ▕▏  [39m  
  [34m──██──[32m██████[34m──██──[31m██████[31m██████[31m██████[34m──██──[32m██████[34m──██──[39m  
  [34m  ▕▏  [32m██████[34m  ▕▏  [31m██████[31m██████[31m██████[34m  ▕▏  [32m██████[34m  ▕▏  [39m  
  [34m  ▕▏  [34m  ▕▏  [34m  ▕▏  [31m██████[31m██████[31m██████[34m  ▕▏  [34m  ▕▏  [34m  ▕▏  [39m  
  [34m──██──[34m──██──[34m──██──[31m██████[31m██████[31m██████[34m──██──[34m──██──[34m──██──[39m  
  [34m  ▕▏  [34m  ▕▏  [34m  ▕▏  [31m██████[31m██████[31m██████[34m  ▕▏  [34m  ▕▏  [34m  ▕▏  [39m  
  [34m  ▕▏  [34m  ▕▏  [34m  ▕▏  [34m  ▕▏  [34m  ▕▏  [34m  ▕▏  [34m  ▕▏  [34m  ▕▏  [34m  ▕▏  [39m  
  [34m──██──[34m──██──[34m──██──[34m──██──[34m──██──[34m──██──[34m──██──[34m──██──[34m──██──[39m  
  [34m  ▕▏  [34m  ▕▏  [34m  ▕▏  [34m  ▕▏  [34m  ▕▏  [34m  ▕▏  [34m  ▕▏  [34m  ▕▏  [34m  ▕▏  [39m  
  [34m  ▕▏  [32m██████[34m  ▕▏  [34m  ▕▏  [32m██████[34m  ▕▏  [34m  ▕▏  [32m██████[34m  ▕▏  [39m  
  [34m──██──[32m██████[34m──██──[34m──██──[32m██████[34m──██──[34m──██──[32m██████[34m──██──[39m  
  [34m  ▕▏  [32m██████[34m  ▕▏  [34m  ▕▏  [32m██████[34m  ▕▏  [34m  ▕▏  [32m██████[34m  ▕▏  [39m  
  [34m  ▕▏  [34m  ▕▏  [34m  ▕▏  [34m  ▕▏  [34m  ▕▏  [34m  ▕▏  [34m  ▕▏  [34m  ▕▏  [34m  ▕▏  [39m  
  [34m──██──[34m──██──[34m──██──[34m──██──[34m──██──[34m──██──[34m──██──[34m──██──[34m──██──[39m  
  [34m  ▕▏  [34m  ▕▏  [34m  ▕▏  [34m  ▕▏  [34m  ▕▏  [34m  ▕▏  [34m  ▕▏  [34m  ▕▏  [34m  ▕▏  [39m  

AMR driver provided by CarpetX,
using AMReX 25.11 (MPI, OpenMP, no accelerators, debug)
--------------------------------------------------------------------------------

Initializing AMReX (25.11)...
MPI initialized with 2 MPI processes
MPI initialized with thread support level 2
OMP initialized with 1 OMP threads
AMReX (25.11) initialized
INFO (CarpetX): 
Symmetries:
  lower x: periodic
  lower y: periodic
  lower z: periodic
  upper x: periodic
  upper y: periodic
  upper z: periodic
Default boundaries:
  lower x: symmetry_boundary
  lower y: symmetry_boundary
  lower z: symmetry_boundary
  upper x: symmetry_boundary
  upper y: symmetry_boundary
  upper z: symmetry_boundary
INFO (Arith): Test_smallvector
INFO (Arith): Test_spvect
INFO (CarpetX): Setting initial values for max_grid_size values for all levels
INFO (CarpetX): Setting up initial conditions...
INFO (CarpetX): Iteration: 0   time: 0   delta_time: 0.00390625
INFO (CarpetX): Patch 0:
INFO (CarpetX):   Grid extent:
INFO (CarpetX):     gsh=[71,15,15]
INFO (CarpetX):     blocking_factor=[8,8,8]
INFO (CarpetX):     max_grid_size=[10000000,10000000,10000000]
INFO (CarpetX):     max_tile_size=[1024000,16,32]
INFO (CarpetX):   Domain extent:
INFO (CarpetX):     xmin=[-0.5,-0.0625,-0.0625]
INFO (CarpetX):     xmax=[0.5,0.0625,0.0625]
INFO (CarpetX):     base dx=[0.015625,0.015625,0.015625]
INFO (CarpetX): Initializing level 0...
INFO (CanudaX_ExactID): Begin Gauge Wave initial data
INFO (CanudaX_ExactID): === End gauge wave initial data ===
INFO (CarpetX): Regridding...
INFO (CarpetX):   level 0: 2 boxes, 4096 cells (100%)
INFO (CarpetX): Initialized 1 levels
INFO (CarpetX): OutputGH: iteration 0, time 0.000000, run time 1 s
INFO (CarpetX): OutputGH done.
INFO (CarpetX): Starting evolution...
INFO (ODESolvers): ODE integrator is RK4
INFO (CarpetX): OutputGH: iteration 1, time 0.003906, run time 1 s
INFO (CarpetX): OutputGH done.
INFO (CarpetX): Simulation time: 0.00390625   Iterations per second: 33.7575   Simulation time per second: 0.131865
INFO (CarpetX): Grid cells: 4096   Grid cell updates per second: 138271
INFO (CarpetX): Performance:
INFO (CarpetX):   total evolution time:            0.029623 sec
INFO (CarpetX):   total evolution compute time:    0.0295992 sec
INFO (CarpetX):   total evolution output time:     2.38419e-05 sec
INFO (CarpetX):   total iterations:                1
INFO (CarpetX):   total cells updated:             4096
INFO (CarpetX):   average iterations per second: 33.7575
INFO (CarpetX):   average cell updates per second: 138271
INFO (CarpetX): OutputGH: iteration 2, time 0.007812, run time 1 s
INFO (CarpetX): OutputGH done.
INFO (CarpetX): Simulation time: 0.0078125   Iterations per second: 35.3732   Simulation time per second: 0.138176
INFO (CarpetX): Grid cells: 4096   Grid cell updates per second: 144889
INFO (CarpetX): Performance:
INFO (CarpetX):   total evolution time:            0.05654 sec
INFO (CarpetX):   total evolution compute time:    0.0564892 sec
INFO (CarpetX):   total evolution output time:     5.07832e-05 sec
INFO (CarpetX):   total iterations:                2
INFO (CarpetX):   total cells updated:             8192
INFO (CarpetX):   average iterations per second: 35.3732
INFO (CarpetX):   average cell updates per second: 144889
INFO (CarpetX): OutputGH: iteration 3, time 0.011719, run time 1 s
INFO (CarpetX): OutputGH done.
INFO (CarpetX): Simulation time: 0.0117188   Iterations per second: 35.9088   Simulation time per second: 0.140269
INFO (CarpetX): Grid cells: 4096   Grid cell updates per second: 147082
INFO (CarpetX): Performance:
INFO (CarpetX):   total evolution time:            0.083545 sec
INFO (CarpetX):   total evolution compute time:    0.0834663 sec
INFO (CarpetX):   total evolution output time:     7.86781e-05 sec
INFO (CarpetX):   total iterations:                3
INFO (CarpetX):   total cells updated:             12288
INFO (CarpetX):   average iterations per second: 35.9088
INFO (CarpetX):   average cell updates per second: 147082
INFO (CarpetX): OutputGH: iteration 4, time 0.015625, run time 1 s
INFO (CarpetX): OutputGH done.
INFO (CarpetX): Simulation time: 0.015625   Iterations per second: 36.2056   Simulation time per second: 0.141428
INFO (CarpetX): Grid cells: 4096   Grid cell updates per second: 148298
INFO (CarpetX): Performance:
INFO (CarpetX):   total evolution time:            0.11048 sec
INFO (CarpetX):   total evolution compute time:    0.110379 sec
INFO (CarpetX):   total evolution output time:     0.000101566 sec
INFO (CarpetX):   total iterations:                4
INFO (CarpetX):   total cells updated:             16384
INFO (CarpetX):   average iterations per second: 36.2056
INFO (CarpetX):   average cell updates per second: 148298
INFO (CarpetX): OutputGH: iteration 5, time 0.019531, run time 1 s
INFO (CarpetX): OutputGH done.
INFO (CarpetX): Simulation time: 0.0195312   Iterations per second: 36.3708   Simulation time per second: 0.142073
INFO (CarpetX): Grid cells: 4096   Grid cell updates per second: 148975
INFO (CarpetX): Performance:
INFO (CarpetX):   total evolution time:            0.137473 sec
INFO (CarpetX):   total evolution compute time:    0.137348 sec
INFO (CarpetX):   total evolution output time:     0.000124693 sec
INFO (CarpetX):   total iterations:                5
INFO (CarpetX):   total cells updated:             20480
INFO (CarpetX):   average iterations per second: 36.3708
INFO (CarpetX):   average cell updates per second: 148975
INFO (CarpetX): OutputGH: iteration 6, time 0.023438, run time 1 s
INFO (CarpetX): OutputGH done.
INFO (CarpetX): Simulation time: 0.0234375   Iterations per second: 36.4954   Simulation time per second: 0.14256
INFO (CarpetX): Grid cells: 4096   Grid cell updates per second: 149485
INFO (CarpetX): Performance:
INFO (CarpetX):   total evolution time:            0.164404 sec
INFO (CarpetX):   total evolution compute time:    0.164254 sec
INFO (CarpetX):   total evolution output time:     0.000149727 sec
INFO (CarpetX):   total iterations:                6
INFO (CarpetX):   total cells updated:             24576
INFO (CarpetX):   average iterations per second: 36.4954
INFO (CarpetX):   average cell updates per second: 149485
INFO (CarpetX): OutputGH: iteration 7, time 0.027344, run time 1 s
INFO (CarpetX): OutputGH done.
INFO (CarpetX): Simulation time: 0.0273438   Iterations per second: 36.6038   Simulation time per second: 0.142984
INFO (CarpetX): Grid cells: 4096   Grid cell updates per second: 149929
INFO (CarpetX): Performance:
INFO (CarpetX):   total evolution time:            0.191237 sec
INFO (CarpetX):   total evolution compute time:    0.191063 sec
INFO (CarpetX):   total evolution output time:     0.000173807 sec
INFO (CarpetX):   total iterations:                7
INFO (CarpetX):   total cells updated:             28672
INFO (CarpetX):   average iterations per second: 36.6038
INFO (CarpetX):   average cell updates per second: 149929
INFO (CarpetX): OutputGH: iteration 8, time 0.031250, run time 1 s
INFO (CarpetX): OutputGH done.
INFO (CarpetX): Simulation time: 0.03125   Iterations per second: 36.6798   Simulation time per second: 0.14328
INFO (CarpetX): Grid cells: 4096   Grid cell updates per second: 150240
INFO (CarpetX): Performance:
INFO (CarpetX):   total evolution time:            0.218104 sec
INFO (CarpetX):   total evolution compute time:    0.217911 sec
INFO (CarpetX):   total evolution output time:     0.000192881 sec
INFO (CarpetX):   total iterations:                8
INFO (CarpetX):   total cells updated:             32768
INFO (CarpetX):   average iterations per second: 36.6798
INFO (CarpetX):   average cell updates per second: 150240
INFO (CarpetX): OutputGH: iteration 9, time 0.035156, run time 2 s
INFO (CarpetX): OutputGH done.
INFO (CarpetX): Simulation time: 0.0351562   Iterations per second: 36.7119   Simulation time per second: 0.143406
INFO (CarpetX): Grid cells: 4096   Grid cell updates per second: 150372
INFO (CarpetX): Performance:
INFO (CarpetX):   total evolution time:            0.245152 sec
INFO (CarpetX):   total evolution compute time:    0.244936 sec
INFO (CarpetX):   total evolution output time:     0.000215769 sec
INFO (CarpetX):   total iterations:                9
INFO (CarpetX):   total cells updated:             36864
INFO (CarpetX):   average iterations per second: 36.7119
INFO (CarpetX):   average cell updates per second: 150372
INFO (CarpetX): OutputGH: iteration 10, time 0.039062, run time 2 s
INFO (CarpetX): OutputGH done.
INFO (CarpetX): Simulation time: 0.0390625   Iterations per second: 36.7471   Simulation time per second: 0.143544
INFO (CarpetX): Grid cells: 4096   Grid cell updates per second: 150516
INFO (CarpetX): Performance:
INFO (CarpetX):   total evolution time:            0.27213 sec
INFO (CarpetX):   total evolution compute time:    0.271888 sec
INFO (CarpetX):   total evolution output time:     0.000241756 sec
INFO (CarpetX):   total iterations:                10
INFO (CarpetX):   total cells updated:             40960
INFO (CarpetX):   average iterations per second: 36.7471
INFO (CarpetX):   average cell updates per second: 150516
INFO (CarpetX): OutputGH: iteration 11, time 0.042969, run time 2 s
INFO (CarpetX): OutputGH done.
INFO (CarpetX): Simulation time: 0.0429688   Iterations per second: 36.7499   Simulation time per second: 0.143554
INFO (CarpetX): Grid cells: 4096   Grid cell updates per second: 150527
INFO (CarpetX): Performance:
INFO (CarpetX):   total evolution time:            0.299323 sec
INFO (CarpetX):   total evolution compute time:    0.299055 sec
INFO (CarpetX):   total evolution output time:     0.000267744 sec
INFO (CarpetX):   total iterations:                11
INFO (CarpetX):   total cells updated:             45056
INFO (CarpetX):   average iterations per second: 36.7496
INFO (CarpetX):   average cell updates per second: 150526
INFO (CarpetX): OutputGH: iteration 12, time 0.046875, run time 2 s
INFO (CarpetX): OutputGH done.
INFO (CarpetX): Simulation time: 0.046875   Iterations per second: 36.7596   Simulation time per second: 0.143592
INFO (CarpetX): Grid cells: 4096   Grid cell updates per second: 150567
INFO (CarpetX): Performance:
INFO (CarpetX):   total evolution time:            0.326462 sec
INFO (CarpetX):   total evolution compute time:    0.326168 sec
INFO (CarpetX):   total evolution output time:     0.000293732 sec
INFO (CarpetX):   total iterations:                12
INFO (CarpetX):   total cells updated:             49152
INFO (CarpetX):   average iterations per second: 36.7577
INFO (CarpetX):   average cell updates per second: 150560
INFO (CarpetX): OutputGH: iteration 13, time 0.050781, run time 2 s
INFO (CarpetX): OutputGH done.
INFO (CarpetX): Simulation time: 0.0507812   Iterations per second: 36.7761   Simulation time per second: 0.143657
INFO (CarpetX): Grid cells: 4096   Grid cell updates per second: 150635
INFO (CarpetX): Performance:
INFO (CarpetX):   total evolution time:            0.353544 sec
INFO (CarpetX):   total evolution compute time:    0.353225 sec
INFO (CarpetX):   total evolution output time:     0.000318527 sec
INFO (CarpetX):   total iterations:                13
INFO (CarpetX):   total cells updated:             53248
INFO (CarpetX):   average iterations per second: 36.7706
INFO (CarpetX):   average cell updates per second: 150612
INFO (CarpetX): OutputGH: iteration 14, time 0.054688, run time 2 s
INFO (CarpetX): OutputGH done.
INFO (CarpetX): Simulation time: 0.0546875   Iterations per second: 36.7951   Simulation time per second: 0.143731
INFO (CarpetX): Grid cells: 4096   Grid cell updates per second: 150713
INFO (CarpetX): Performance:
INFO (CarpetX):   total evolution time:            0.380595 sec
INFO (CarpetX):   total evolution compute time:    0.380253 sec
INFO (CarpetX):   total evolution output time:     0.000341415 sec
INFO (CarpetX):   total iterations:                14
INFO (CarpetX):   total cells updated:             57344
INFO (CarpetX):   average iterations per second: 36.7845
INFO (CarpetX):   average cell updates per second: 150669
INFO (CarpetX): OutputGH: iteration 15, time 0.058594, run time 2 s
INFO (CarpetX): OutputGH done.
INFO (CarpetX): Simulation time: 0.0585938   Iterations per second: 36.806   Simulation time per second: 0.143773
INFO (CarpetX): Grid cells: 4096   Grid cell updates per second: 150757
INFO (CarpetX): Performance:
INFO (CarpetX):   total evolution time:            0.407692 sec
INFO (CarpetX):   total evolution compute time:    0.407324 sec
INFO (CarpetX):   total evolution output time:     0.000367403 sec
INFO (CarpetX):   total iterations:                15
INFO (CarpetX):   total cells updated:             61440
INFO (CarpetX):   average iterations per second: 36.7925
INFO (CarpetX):   average cell updates per second: 150702
INFO (CarpetX): OutputGH: iteration 16, time 0.062500, run time 2 s
INFO (CarpetX): OutputGH done.
INFO (CarpetX): Simulation time: 0.0625   Iterations per second: 36.8227   Simulation time per second: 0.143839
INFO (CarpetX): Grid cells: 4096   Grid cell updates per second: 150826
INFO (CarpetX): Performance:
INFO (CarpetX):   total evolution time:            0.434738 sec
INFO (CarpetX):   total evolution compute time:    0.434345 sec
INFO (CarpetX):   total evolution output time:     0.000392437 sec
INFO (CarpetX):   total iterations:                16
INFO (CarpetX):   total cells updated:             65536
INFO (CarpetX):   average iterations per second: 36.8038
INFO (CarpetX):   average cell updates per second: 150748
INFO (CarpetX): OutputGH: iteration 17, time 0.066406, run time 2 s
INFO (CarpetX): OutputGH done.
INFO (CarpetX): Simulation time: 0.0664062   Iterations per second: 36.8408   Simulation time per second: 0.143909
INFO (CarpetX): Grid cells: 4096   Grid cell updates per second: 150900
INFO (CarpetX): Performance:
INFO (CarpetX):   total evolution time:            0.461762 sec
INFO (CarpetX):   total evolution compute time:    0.461346 sec
INFO (CarpetX):   total evolution output time:     0.000415564 sec
INFO (CarpetX):   total iterations:                17
INFO (CarpetX):   total cells updated:             69632
INFO (CarpetX):   average iterations per second: 36.8155
INFO (CarpetX):   average cell updates per second: 150796
INFO (CarpetX): OutputGH: iteration 18, time 0.070312, run time 2 s
INFO (CarpetX): OutputGH done.
INFO (CarpetX): Simulation time: 0.0703125   Iterations per second: 36.8701   Simulation time per second: 0.144024
INFO (CarpetX): Grid cells: 4096   Grid cell updates per second: 151020
INFO (CarpetX): Performance:
INFO (CarpetX):   total evolution time:            0.48869 sec
INFO (CarpetX):   total evolution compute time:    0.488249 sec
INFO (CarpetX):   total evolution output time:     0.000440598 sec
INFO (CarpetX):   total iterations:                18
INFO (CarpetX):   total cells updated:             73728
INFO (CarpetX):   average iterations per second: 36.8332
INFO (CarpetX):   average cell updates per second: 150869
INFO (CarpetX): OutputGH: iteration 19, time 0.074219, run time 2 s
INFO (CarpetX): OutputGH done.
INFO (CarpetX): Simulation time: 0.0742188   Iterations per second: 36.8841   Simulation time per second: 0.144079
INFO (CarpetX): Grid cells: 4096   Grid cell updates per second: 151077
INFO (CarpetX): Performance:
INFO (CarpetX):   total evolution time:            0.515709 sec
INFO (CarpetX):   total evolution compute time:    0.51524 sec
INFO (CarpetX):   total evolution output time:     0.000468493 sec
INFO (CarpetX):   total iterations:                19
INFO (CarpetX):   total cells updated:             77824
INFO (CarpetX):   average iterations per second: 36.8425
INFO (CarpetX):   average cell updates per second: 150907
INFO (CarpetX): OutputGH: iteration 20, time 0.078125, run time 2 s
INFO (CarpetX): OutputGH done.
INFO (CarpetX): Simulation time: 0.078125   Iterations per second: 36.9032   Simulation time per second: 0.144153
INFO (CarpetX): Grid cells: 4096   Grid cell updates per second: 151155
INFO (CarpetX): Performance:
INFO (CarpetX):   total evolution time:            0.542681 sec
INFO (CarpetX):   total evolution compute time:    0.542189 sec
INFO (CarpetX):   total evolution output time:     0.000492334 sec
INFO (CarpetX):   total iterations:                20
INFO (CarpetX):   total cells updated:             81920
INFO (CarpetX):   average iterations per second: 36.8541
INFO (CarpetX):   average cell updates per second: 150954
INFO (CarpetX): OutputGH: iteration 21, time 0.082031, run time 2 s
INFO (CarpetX): OutputGH done.
INFO (CarpetX): Simulation time: 0.0820312   Iterations per second: 36.9173   Simulation time per second: 0.144208
INFO (CarpetX): Grid cells: 4096   Grid cell updates per second: 151213
INFO (CarpetX): Performance:
INFO (CarpetX):   total evolution time:            0.569675 sec
INFO (CarpetX):   total evolution compute time:    0.569159 sec
INFO (CarpetX):   total evolution output time:     0.000516176 sec
INFO (CarpetX):   total iterations:                21
INFO (CarpetX):   total cells updated:             86016
INFO (CarpetX):   average iterations per second: 36.8631
INFO (CarpetX):   average cell updates per second: 150991
INFO (CarpetX): OutputGH: iteration 22, time 0.085938, run time 2 s
INFO (CarpetX): OutputGH done.
INFO (CarpetX): Simulation time: 0.0859375   Iterations per second: 36.9443   Simulation time per second: 0.144314
INFO (CarpetX): Grid cells: 4096   Grid cell updates per second: 151324
INFO (CarpetX): Performance:
INFO (CarpetX):   total evolution time:            0.596565 sec
INFO (CarpetX):   total evolution compute time:    0.596022 sec
INFO (CarpetX):   total evolution output time:     0.000543118 sec
INFO (CarpetX):   total iterations:                22
INFO (CarpetX):   total cells updated:             90112
INFO (CarpetX):   average iterations per second: 36.8778
INFO (CarpetX):   average cell updates per second: 151051
INFO (CarpetX): OutputGH: iteration 23, time 0.089844, run time 2 s
INFO (CarpetX): OutputGH done.
INFO (CarpetX): Simulation time: 0.0898438   Iterations per second: 36.9553   Simulation time per second: 0.144357
INFO (CarpetX): Grid cells: 4096   Grid cell updates per second: 151369
INFO (CarpetX): Performance:
INFO (CarpetX):   total evolution time:            0.623552 sec
INFO (CarpetX):   total evolution compute time:    0.622987 sec
INFO (CarpetX):   total evolution output time:     0.000565052 sec
INFO (CarpetX):   total iterations:                23
INFO (CarpetX):   total cells updated:             94208
INFO (CarpetX):   average iterations per second: 36.8855
INFO (CarpetX):   average cell updates per second: 151083
INFO (CarpetX): OutputGH: iteration 24, time 0.093750, run time 2 s
INFO (CarpetX): OutputGH done.
INFO (CarpetX): Simulation time: 0.09375   Iterations per second: 36.9588   Simulation time per second: 0.14437
INFO (CarpetX): Grid cells: 4096   Grid cell updates per second: 151383
INFO (CarpetX): Performance:
INFO (CarpetX):   total evolution time:            0.650586 sec
INFO (CarpetX):   total evolution compute time:    0.650002 sec
INFO (CarpetX):   total evolution output time:     0.000583887 sec
INFO (CarpetX):   total iterations:                24
INFO (CarpetX):   total cells updated:             98304
INFO (CarpetX):   average iterations per second: 36.8898
INFO (CarpetX):   average cell updates per second: 151101
INFO (CarpetX): OutputGH: iteration 25, time 0.097656, run time 2 s
INFO (CarpetX): OutputGH done.
INFO (CarpetX): Simulation time: 0.0976562   Iterations per second: 36.9701   Simulation time per second: 0.144414
INFO (CarpetX): Grid cells: 4096   Grid cell updates per second: 151429
INFO (CarpetX): Performance:
INFO (CarpetX):   total evolution time:            0.677561 sec
INFO (CarpetX):   total evolution compute time:    0.676951 sec
INFO (CarpetX):   total evolution output time:     0.000609875 sec
INFO (CarpetX):   total iterations:                25
INFO (CarpetX):   total cells updated:             102400
INFO (CarpetX):   average iterations per second: 36.8971
INFO (CarpetX):   average cell updates per second: 151130
INFO (CarpetX): OutputGH: iteration 26, time 0.101562, run time 2 s
INFO (CarpetX): OutputGH done.
INFO (CarpetX): Simulation time: 0.101562   Iterations per second: 36.9859   Simulation time per second: 0.144476
INFO (CarpetX): Grid cells: 4096   Grid cell updates per second: 151494
INFO (CarpetX): Performance:
INFO (CarpetX):   total evolution time:            0.704494 sec
INFO (CarpetX):   total evolution compute time:    0.703864 sec
INFO (CarpetX):   total evolution output time:     0.000629902 sec
INFO (CarpetX):   total iterations:                26
INFO (CarpetX):   total cells updated:             106496
INFO (CarpetX):   average iterations per second: 36.9059
INFO (CarpetX):   average cell updates per second: 151167
INFO (CarpetX): OutputGH: iteration 27, time 0.105469, run time 2 s
INFO (CarpetX): OutputGH done.
INFO (CarpetX): Simulation time: 0.105469   Iterations per second: 37.0008   Simulation time per second: 0.144534
INFO (CarpetX): Grid cells: 4096   Grid cell updates per second: 151555
INFO (CarpetX): Performance:
INFO (CarpetX):   total evolution time:            0.731423 sec
INFO (CarpetX):   total evolution compute time:    0.730775 sec
INFO (CarpetX):   total evolution output time:     0.000648022 sec
INFO (CarpetX):   total iterations:                27
INFO (CarpetX):   total cells updated:             110592
INFO (CarpetX):   average iterations per second: 36.9144
INFO (CarpetX):   average cell updates per second: 151201
INFO (CarpetX): OutputGH: iteration 28, time 0.109375, run time 2 s
INFO (CarpetX): OutputGH done.
INFO (CarpetX): Simulation time: 0.109375   Iterations per second: 36.9944   Simulation time per second: 0.144509
INFO (CarpetX): Grid cells: 4096   Grid cell updates per second: 151529
INFO (CarpetX): Performance:
INFO (CarpetX):   total evolution time:            0.758496 sec
INFO (CarpetX):   total evolution compute time:    0.757822 sec
INFO (CarpetX):   total evolution output time:     0.000674009 sec
INFO (CarpetX):   total iterations:                28
INFO (CarpetX):   total cells updated:             114688
INFO (CarpetX):   average iterations per second: 36.9152
INFO (CarpetX):   average cell updates per second: 151205
INFO (CarpetX): OutputGH: iteration 29, time 0.113281, run time 2 s
INFO (CarpetX): OutputGH done.
INFO (CarpetX): Simulation time: 0.113281   Iterations per second: 36.9982   Simulation time per second: 0.144524
INFO (CarpetX): Grid cells: 4096   Grid cell updates per second: 151545
INFO (CarpetX): Performance:
INFO (CarpetX):   total evolution time:            0.785499 sec
INFO (CarpetX):   total evolution compute time:    0.784801 sec
INFO (CarpetX):   total evolution output time:     0.000697851 sec
INFO (CarpetX):   total iterations:                29
INFO (CarpetX):   total cells updated:             118784
INFO (CarpetX):   average iterations per second: 36.9192
INFO (CarpetX):   average cell updates per second: 151221
INFO (CarpetX): OutputGH: iteration 30, time 0.117188, run time 2 s
INFO (CarpetX): OutputGH done.
INFO (CarpetX): Simulation time: 0.117188   Iterations per second: 36.9786   Simulation time per second: 0.144448
INFO (CarpetX): Grid cells: 4096   Grid cell updates per second: 151464
INFO (CarpetX): Performance:
INFO (CarpetX):   total evolution time:            0.812671 sec
INFO (CarpetX):   total evolution compute time:    0.811952 sec
INFO (CarpetX):   total evolution output time:     0.000718832 sec
INFO (CarpetX):   total iterations:                30
INFO (CarpetX):   total cells updated:             122880
INFO (CarpetX):   average iterations per second: 36.9153
INFO (CarpetX):   average cell updates per second: 151205
INFO (CarpetX): OutputGH: iteration 31, time 0.121094, run time 2 s
INFO (CarpetX): OutputGH done.
INFO (CarpetX): Simulation time: 0.121094   Iterations per second: 36.9869   Simulation time per second: 0.14448
INFO (CarpetX): Grid cells: 4096   Grid cell updates per second: 151498
INFO (CarpetX): Performance:
INFO (CarpetX):   total evolution time:            0.839653 sec
INFO (CarpetX):   total evolution compute time:    0.838912 sec
INFO (CarpetX):   total evolution output time:     0.000740767 sec
INFO (CarpetX):   total iterations:                31
INFO (CarpetX):   total cells updated:             126976
INFO (CarpetX):   average iterations per second: 36.92
INFO (CarpetX):   average cell updates per second: 151224
INFO (CarpetX): OutputGH: iteration 32, time 0.125000, run time 2 s
INFO (CarpetX): OutputGH done.
INFO (CarpetX): Simulation time: 0.125   Iterations per second: 36.9896   Simulation time per second: 0.14449
INFO (CarpetX): Grid cells: 4096   Grid cell updates per second: 151509
INFO (CarpetX): Performance:
INFO (CarpetX):   total evolution time:            0.86667 sec
INFO (CarpetX):   total evolution compute time:    0.86591 sec
INFO (CarpetX):   total evolution output time:     0.000759602 sec
INFO (CarpetX):   total iterations:                32
INFO (CarpetX):   total cells updated:             131072
INFO (CarpetX):   average iterations per second: 36.9229
INFO (CarpetX):   average cell updates per second: 151236
INFO (CarpetX): OutputGH: iteration 33, time 0.128906, run time 2 s
INFO (CarpetX): OutputGH done.
INFO (CarpetX): Simulation time: 0.128906   Iterations per second: 37.0083   Simulation time per second: 0.144564
INFO (CarpetX): Grid cells: 4096   Grid cell updates per second: 151586
INFO (CarpetX): Performance:
INFO (CarpetX):   total evolution time:            0.893568 sec
INFO (CarpetX):   total evolution compute time:    0.892785 sec
INFO (CarpetX):   total evolution output time:     0.000782728 sec
INFO (CarpetX):   total iterations:                33
INFO (CarpetX):   total cells updated:             135168
INFO (CarpetX):   average iterations per second: 36.9306
INFO (CarpetX):   average cell updates per second: 151268
INFO (CarpetX): OutputGH: iteration 34, time 0.132812, run time 2 s
INFO (CarpetX): OutputGH done.
INFO (CarpetX): Simulation time: 0.132812   Iterations per second: 37.0195   Simulation time per second: 0.144607
INFO (CarpetX): Grid cells: 4096   Grid cell updates per second: 151632
INFO (CarpetX): Performance:
INFO (CarpetX):   total evolution time:            0.920507 sec
INFO (CarpetX):   total evolution compute time:    0.919703 sec
INFO (CarpetX):   total evolution output time:     0.000803709 sec
INFO (CarpetX):   total iterations:                34
INFO (CarpetX):   total cells updated:             139264
INFO (CarpetX):   average iterations per second: 36.9362
INFO (CarpetX):   average cell updates per second: 151291
INFO (CarpetX): OutputGH: iteration 35, time 0.136719, run time 2 s
INFO (CarpetX): OutputGH done.
INFO (CarpetX): Simulation time: 0.136719   Iterations per second: 37.0316   Simulation time per second: 0.144655
INFO (CarpetX): Grid cells: 4096   Grid cell updates per second: 151682
INFO (CarpetX): Performance:
INFO (CarpetX):   total evolution time:            0.947431 sec
INFO (CarpetX):   total evolution compute time:    0.946603 sec
INFO (CarpetX):   total evolution output time:     0.000827551 sec
INFO (CarpetX):   total iterations:                35
INFO (CarpetX):   total cells updated:             143360
INFO (CarpetX):   average iterations per second: 36.942
INFO (CarpetX):   average cell updates per second: 151314
INFO (CarpetX): OutputGH: iteration 36, time 0.140625, run time 2 s
INFO (CarpetX): OutputGH done.
INFO (CarpetX): Simulation time: 0.140625   Iterations per second: 37.0359   Simulation time per second: 0.144671
INFO (CarpetX): Grid cells: 4096   Grid cell updates per second: 151699
INFO (CarpetX): Performance:
INFO (CarpetX):   total evolution time:            0.974404 sec
INFO (CarpetX):   total evolution compute time:    0.973556 sec
INFO (CarpetX):   total evolution output time:     0.000847578 sec
INFO (CarpetX):   total iterations:                36
INFO (CarpetX):   total cells updated:             147456
INFO (CarpetX):   average iterations per second: 36.9457
INFO (CarpetX):   average cell updates per second: 151329
INFO (CarpetX): OutputGH: iteration 37, time 0.144531, run time 2 s
INFO (CarpetX): OutputGH done.
INFO (CarpetX): Simulation time: 0.144531   Iterations per second: 37.0209   Simulation time per second: 0.144613
INFO (CarpetX): Grid cells: 4096   Grid cell updates per second: 151638
INFO (CarpetX): Performance:
INFO (CarpetX):   total evolution time:            1.00151 sec
INFO (CarpetX):   total evolution compute time:    1.00064 sec
INFO (CarpetX):   total evolution output time:     0.000871658 sec
INFO (CarpetX):   total iterations:                37
INFO (CarpetX):   total cells updated:             151552
INFO (CarpetX):   average iterations per second: 36.9441
INFO (CarpetX):   average cell updates per second: 151323
INFO (CarpetX): OutputGH: iteration 38, time 0.148438, run time 2 s
INFO (CarpetX): OutputGH done.
INFO (CarpetX): Simulation time: 0.148438   Iterations per second: 37.0294   Simulation time per second: 0.144646
INFO (CarpetX): Grid cells: 4096   Grid cell updates per second: 151672
INFO (CarpetX): Performance:
INFO (CarpetX):   total evolution time:            1.02846 sec
INFO (CarpetX):   total evolution compute time:    1.02757 sec
INFO (CarpetX):   total evolution output time:     0.000892639 sec
INFO (CarpetX):   total iterations:                38
INFO (CarpetX):   total cells updated:             155648
INFO (CarpetX):   average iterations per second: 36.9483
INFO (CarpetX):   average cell updates per second: 151340
INFO (CarpetX): OutputGH: iteration 39, time 0.152344, run time 2 s
INFO (CarpetX): OutputGH done.
INFO (CarpetX): Simulation time: 0.152344   Iterations per second: 37.042   Simulation time per second: 0.144695
INFO (CarpetX): Grid cells: 4096   Grid cell updates per second: 151724
INFO (CarpetX): Performance:
INFO (CarpetX):   total evolution time:            1.05538 sec
INFO (CarpetX):   total evolution compute time:    1.05446 sec
INFO (CarpetX):   total evolution output time:     0.000916481 sec
INFO (CarpetX):   total iterations:                39
INFO (CarpetX):   total cells updated:             159744
INFO (CarpetX):   average iterations per second: 36.9536
INFO (CarpetX):   average cell updates per second: 151362
INFO (CarpetX): OutputGH: iteration 40, time 0.156250, run time 2 s
INFO (CarpetX): OutputGH done.
INFO (CarpetX): Simulation time: 0.15625   Iterations per second: 37.0344   Simulation time per second: 0.144666
INFO (CarpetX): Grid cells: 4096   Grid cell updates per second: 151693
INFO (CarpetX): Performance:
INFO (CarpetX):   total evolution time:            1.08243 sec
INFO (CarpetX):   total evolution compute time:    1.08149 sec
INFO (CarpetX):   total evolution output time:     0.000941515 sec
INFO (CarpetX):   total iterations:                40
INFO (CarpetX):   total cells updated:             163840
INFO (CarpetX):   average iterations per second: 36.9539
INFO (CarpetX):   average cell updates per second: 151363
INFO (CarpetX): OutputGH: iteration 41, time 0.160156, run time 2 s
INFO (CarpetX): OutputGH done.
INFO (CarpetX): Simulation time: 0.160156   Iterations per second: 37.0401   Simulation time per second: 0.144688
INFO (CarpetX): Grid cells: 4096   Grid cell updates per second: 151716
INFO (CarpetX): Performance:
INFO (CarpetX):   total evolution time:            1.10939 sec
INFO (CarpetX):   total evolution compute time:    1.10843 sec
INFO (CarpetX):   total evolution output time:     0.000961542 sec
INFO (CarpetX):   total iterations:                41
INFO (CarpetX):   total cells updated:             167936
INFO (CarpetX):   average iterations per second: 36.9573
INFO (CarpetX):   average cell updates per second: 151377
INFO (CarpetX): OutputGH: iteration 42, time 0.164062, run time 2 s
INFO (CarpetX): OutputGH done.
INFO (CarpetX): Simulation time: 0.164062   Iterations per second: 37.0397   Simulation time per second: 0.144686
INFO (CarpetX): Grid cells: 4096   Grid cell updates per second: 151715
INFO (CarpetX): Performance:
INFO (CarpetX):   total evolution time:            1.13639 sec
INFO (CarpetX):   total evolution compute time:    1.13541 sec
INFO (CarpetX):   total evolution output time:     0.000981569 sec
INFO (CarpetX):   total iterations:                42
INFO (CarpetX):   total cells updated:             172032
INFO (CarpetX):   average iterations per second: 36.9591
INFO (CarpetX):   average cell updates per second: 151385
INFO (CarpetX): OutputGH: iteration 43, time 0.167969, run time 2 s
INFO (CarpetX): OutputGH done.
INFO (CarpetX): Simulation time: 0.167969   Iterations per second: 37.0419   Simulation time per second: 0.144695
INFO (CarpetX): Grid cells: 4096   Grid cell updates per second: 151724
INFO (CarpetX): Performance:
INFO (CarpetX):   total evolution time:            1.16337 sec
INFO (CarpetX):   total evolution compute time:    1.16237 sec
INFO (CarpetX):   total evolution output time:     0.0010066 sec
INFO (CarpetX):   total iterations:                43
INFO (CarpetX):   total cells updated:             176128
INFO (CarpetX):   average iterations per second: 36.9615
INFO (CarpetX):   average cell updates per second: 151394
INFO (CarpetX): OutputGH: iteration 44, time 0.171875, run time 2 s
INFO (CarpetX): OutputGH done.
INFO (CarpetX): Simulation time: 0.171875   Iterations per second: 37.0421   Simulation time per second: 0.144696
INFO (CarpetX): Grid cells: 4096   Grid cell updates per second: 151725
INFO (CarpetX): Performance:
INFO (CarpetX):   total evolution time:            1.19037 sec
INFO (CarpetX):   total evolution compute time:    1.18933 sec
INFO (CarpetX):   total evolution output time:     0.00103951 sec
INFO (CarpetX):   total iterations:                44
INFO (CarpetX):   total cells updated:             180224
INFO (CarpetX):   average iterations per second: 36.9634
INFO (CarpetX):   average cell updates per second: 151402
INFO (CarpetX): OutputGH: iteration 45, time 0.175781, run time 2 s
INFO (CarpetX): OutputGH done.
INFO (CarpetX): Simulation time: 0.175781   Iterations per second: 37.0452   Simulation time per second: 0.144708
INFO (CarpetX): Grid cells: 4096   Grid cell updates per second: 151737
INFO (CarpetX): Performance:
INFO (CarpetX):   total evolution time:            1.21734 sec
INFO (CarpetX):   total evolution compute time:    1.21628 sec
INFO (CarpetX):   total evolution output time:     0.00105739 sec
INFO (CarpetX):   total iterations:                45
INFO (CarpetX):   total cells updated:             184320
INFO (CarpetX):   average iterations per second: 36.9658
INFO (CarpetX):   average cell updates per second: 151412
INFO (CarpetX): OutputGH: iteration 46, time 0.179688, run time 3 s
INFO (CarpetX): OutputGH done.
INFO (CarpetX): Simulation time: 0.179688   Iterations per second: 36.8526   Simulation time per second: 0.143955
INFO (CarpetX): Grid cells: 4096   Grid cell updates per second: 150948
INFO (CarpetX): Performance:
INFO (CarpetX):   total evolution time:            1.24575 sec
INFO (CarpetX):   total evolution compute time:    1.24466 sec
INFO (CarpetX):   total evolution output time:     0.00108218 sec
INFO (CarpetX):   total iterations:                46
INFO (CarpetX):   total cells updated:             188416
INFO (CarpetX):   average iterations per second: 36.9257
INFO (CarpetX):   average cell updates per second: 151248
INFO (CarpetX): OutputGH: iteration 47, time 0.183594, run time 3 s
INFO (CarpetX): OutputGH done.
INFO (CarpetX): Simulation time: 0.183594   Iterations per second: 36.7902   Simulation time per second: 0.143712
INFO (CarpetX): Grid cells: 4096   Grid cell updates per second: 150693
INFO (CarpetX): Performance:
INFO (CarpetX):   total evolution time:            1.27334 sec
INFO (CarpetX):   total evolution compute time:    1.27223 sec
INFO (CarpetX):   total evolution output time:     0.00110936 sec
INFO (CarpetX):   total iterations:                47
INFO (CarpetX):   total cells updated:             192512
INFO (CarpetX):   average iterations per second: 36.9108
INFO (CarpetX):   average cell updates per second: 151187
INFO (CarpetX): OutputGH: iteration 48, time 0.187500, run time 3 s
INFO (CarpetX): OutputGH done.
INFO (CarpetX): Simulation time: 0.1875   Iterations per second: 36.531   Simulation time per second: 0.142699
INFO (CarpetX): Grid cells: 4096   Grid cell updates per second: 149631
INFO (CarpetX): Performance:
INFO (CarpetX):   total evolution time:            1.30245 sec
INFO (CarpetX):   total evolution compute time:    1.30132 sec
INFO (CarpetX):   total evolution output time:     0.00113344 sec
INFO (CarpetX):   total iterations:                48
INFO (CarpetX):   total cells updated:             196608
INFO (CarpetX):   average iterations per second: 36.8536
INFO (CarpetX):   average cell updates per second: 150952
INFO (CarpetX): OutputGH: iteration 49, time 0.191406, run time 3 s
INFO (CarpetX): OutputGH done.
INFO (CarpetX): Simulation time: 0.191406   Iterations per second: 36.5616   Simulation time per second: 0.142819
INFO (CarpetX): Grid cells: 4096   Grid cell updates per second: 149756
INFO (CarpetX): Performance:
INFO (CarpetX):   total evolution time:            1.3296 sec
INFO (CarpetX):   total evolution compute time:    1.32844 sec
INFO (CarpetX):   total evolution output time:     0.00115728 sec
INFO (CarpetX):   total iterations:                49
INFO (CarpetX):   total cells updated:             200704
INFO (CarpetX):   average iterations per second: 36.8533
INFO (CarpetX):   average cell updates per second: 150951
INFO (CarpetX): OutputGH: iteration 50, time 0.195312, run time 3 s
INFO (CarpetX): OutputGH done.
INFO (CarpetX): Simulation time: 0.195312   Iterations per second: 36.5994   Simulation time per second: 0.142966
INFO (CarpetX): Grid cells: 4096   Grid cell updates per second: 149911
INFO (CarpetX): Performance:
INFO (CarpetX):   total evolution time:            1.35666 sec
INFO (CarpetX):   total evolution compute time:    1.35548 sec
INFO (CarpetX):   total evolution output time:     0.00118327 sec
INFO (CarpetX):   total iterations:                50
INFO (CarpetX):   total cells updated:             204800
INFO (CarpetX):   average iterations per second: 36.8551
INFO (CarpetX):   average cell updates per second: 150958
INFO (CarpetX): OutputGH: iteration 51, time 0.199219, run time 3 s
INFO (CarpetX): OutputGH done.
INFO (CarpetX): Simulation time: 0.199219   Iterations per second: 36.638   Simulation time per second: 0.143117
INFO (CarpetX): Grid cells: 4096   Grid cell updates per second: 150069
INFO (CarpetX): Performance:
INFO (CarpetX):   total evolution time:            1.3837 sec
INFO (CarpetX):   total evolution compute time:    1.38249 sec
INFO (CarpetX):   total evolution output time:     0.0012064 sec
INFO (CarpetX):   total iterations:                51
INFO (CarpetX):   total cells updated:             208896
INFO (CarpetX):   average iterations per second: 36.8577
INFO (CarpetX):   average cell updates per second: 150969
INFO (CarpetX): OutputGH: iteration 52, time 0.203125, run time 3 s
INFO (CarpetX): OutputGH done.
INFO (CarpetX): Simulation time: 0.203125   Iterations per second: 36.6698   Simulation time per second: 0.143242
INFO (CarpetX): Grid cells: 4096   Grid cell updates per second: 150200
INFO (CarpetX): Performance:
INFO (CarpetX):   total evolution time:            1.41076 sec
INFO (CarpetX):   total evolution compute time:    1.40953 sec
INFO (CarpetX):   total evolution output time:     0.00122929 sec
INFO (CarpetX):   total iterations:                52
INFO (CarpetX):   total cells updated:             212992
INFO (CarpetX):   average iterations per second: 36.8597
INFO (CarpetX):   average cell updates per second: 150977
INFO (CarpetX): OutputGH: iteration 53, time 0.207031, run time 3 s
INFO (CarpetX): OutputGH done.
INFO (CarpetX): Simulation time: 0.207031   Iterations per second: 36.6938   Simulation time per second: 0.143335
INFO (CarpetX): Grid cells: 4096   Grid cell updates per second: 150298
INFO (CarpetX): Performance:
INFO (CarpetX):   total evolution time:            1.43785 sec
INFO (CarpetX):   total evolution compute time:    1.43658 sec
INFO (CarpetX):   total evolution output time:     0.00126719 sec
INFO (CarpetX):   total iterations:                53
INFO (CarpetX):   total cells updated:             217088
INFO (CarpetX):   average iterations per second: 36.8606
INFO (CarpetX):   average cell updates per second: 150981
INFO (CarpetX): OutputGH: iteration 54, time 0.210938, run time 3 s
INFO (CarpetX): OutputGH done.
INFO (CarpetX): Simulation time: 0.210938   Iterations per second: 36.7096   Simulation time per second: 0.143397
INFO (CarpetX): Grid cells: 4096   Grid cell updates per second: 150362
INFO (CarpetX): Performance:
INFO (CarpetX):   total evolution time:            1.46498 sec
INFO (CarpetX):   total evolution compute time:    1.46369 sec
INFO (CarpetX):   total evolution output time:     0.00129128 sec
INFO (CarpetX):   total iterations:                54
INFO (CarpetX):   total cells updated:             221184
INFO (CarpetX):   average iterations per second: 36.8605
INFO (CarpetX):   average cell updates per second: 150980
INFO (CarpetX): OutputGH: iteration 55, time 0.214844, run time 3 s
INFO (CarpetX): OutputGH done.
INFO (CarpetX): Simulation time: 0.214844   Iterations per second: 36.7184   Simulation time per second: 0.143431
INFO (CarpetX): Grid cells: 4096   Grid cell updates per second: 150399
INFO (CarpetX): Performance:
INFO (CarpetX):   total evolution time:            1.49216 sec
INFO (CarpetX):   total evolution compute time:    1.49084 sec
INFO (CarpetX):   total evolution output time:     0.00131512 sec
INFO (CarpetX):   total iterations:                55
INFO (CarpetX):   total cells updated:             225280
INFO (CarpetX):   average iterations per second: 36.8593
INFO (CarpetX):   average cell updates per second: 150976
INFO (CarpetX): OutputGH: iteration 56, time 0.218750, run time 3 s
INFO (CarpetX): OutputGH done.
INFO (CarpetX): Simulation time: 0.21875   Iterations per second: 36.7418   Simulation time per second: 0.143523
INFO (CarpetX): Grid cells: 4096   Grid cell updates per second: 150494
INFO (CarpetX): Performance:
INFO (CarpetX):   total evolution time:            1.51922 sec
INFO (CarpetX):   total evolution compute time:    1.51788 sec
INFO (CarpetX):   total evolution output time:     0.00134015 sec
INFO (CarpetX):   total iterations:                56
INFO (CarpetX):   total cells updated:             229376
INFO (CarpetX):   average iterations per second: 36.861
INFO (CarpetX):   average cell updates per second: 150983
INFO (CarpetX): OutputGH: iteration 57, time 0.222656, run time 3 s
INFO (CarpetX): OutputGH done.
INFO (CarpetX): Simulation time: 0.222656   Iterations per second: 36.761   Simulation time per second: 0.143598
INFO (CarpetX): Grid cells: 4096   Grid cell updates per second: 150573
INFO (CarpetX): Performance:
INFO (CarpetX):   total evolution time:            1.5463 sec
INFO (CarpetX):   total evolution compute time:    1.54493 sec
INFO (CarpetX):   total evolution output time:     0.00136423 sec
INFO (CarpetX):   total iterations:                57
INFO (CarpetX):   total cells updated:             233472
INFO (CarpetX):   average iterations per second: 36.8623
INFO (CarpetX):   average cell updates per second: 150988
INFO (CarpetX): OutputGH: iteration 58, time 0.226562, run time 3 s
INFO (CarpetX): OutputGH done.
INFO (CarpetX): Simulation time: 0.226562   Iterations per second: 36.778   Simulation time per second: 0.143664
INFO (CarpetX): Grid cells: 4096   Grid cell updates per second: 150643
INFO (CarpetX): Performance:
INFO (CarpetX):   total evolution time:            1.57337 sec
INFO (CarpetX):   total evolution compute time:    1.57198 sec
INFO (CarpetX):   total evolution output time:     0.00138927 sec
INFO (CarpetX):   total iterations:                58
INFO (CarpetX):   total cells updated:             237568
INFO (CarpetX):   average iterations per second: 36.8635
INFO (CarpetX):   average cell updates per second: 150993
INFO (CarpetX): OutputGH: iteration 59, time 0.230469, run time 3 s
INFO (CarpetX): OutputGH done.
INFO (CarpetX): Simulation time: 0.230469   Iterations per second: 36.7988   Simulation time per second: 0.143745
INFO (CarpetX): Grid cells: 4096   Grid cell updates per second: 150728
INFO (CarpetX): Performance:
INFO (CarpetX):   total evolution time:            1.60041 sec
INFO (CarpetX):   total evolution compute time:    1.599 sec
INFO (CarpetX):   total evolution output time:     0.0014112 sec
INFO (CarpetX):   total iterations:                59
INFO (CarpetX):   total cells updated:             241664
INFO (CarpetX):   average iterations per second: 36.8656
INFO (CarpetX):   average cell updates per second: 151001
INFO (CarpetX): OutputGH: iteration 60, time 0.234375, run time 3 s
INFO (CarpetX): OutputGH done.
INFO (CarpetX): Simulation time: 0.234375   Iterations per second: 36.8132   Simulation time per second: 0.143801
INFO (CarpetX): Grid cells: 4096   Grid cell updates per second: 150787
INFO (CarpetX): Performance:
INFO (CarpetX):   total evolution time:            1.62748 sec
INFO (CarpetX):   total evolution compute time:    1.62604 sec
INFO (CarpetX):   total evolution output time:     0.00143313 sec
INFO (CarpetX):   total iterations:                60
INFO (CarpetX):   total cells updated:             245760
INFO (CarpetX):   average iterations per second: 36.8669
INFO (CarpetX):   average cell updates per second: 151007
INFO (CarpetX): OutputGH: iteration 61, time 0.238281, run time 3 s
INFO (CarpetX): OutputGH done.
INFO (CarpetX): Simulation time: 0.238281   Iterations per second: 36.8215   Simulation time per second: 0.143834
INFO (CarpetX): Grid cells: 4096   Grid cell updates per second: 150821
INFO (CarpetX): Performance:
INFO (CarpetX):   total evolution time:            1.65458 sec
INFO (CarpetX):   total evolution compute time:    1.65313 sec
INFO (CarpetX):   total evolution output time:     0.00145316 sec
INFO (CarpetX):   total iterations:                61
INFO (CarpetX):   total cells updated:             249856
INFO (CarpetX):   average iterations per second: 36.8674
INFO (CarpetX):   average cell updates per second: 151009
INFO (CarpetX): OutputGH: iteration 62, time 0.242188, run time 3 s
INFO (CarpetX): OutputGH done.
INFO (CarpetX): Simulation time: 0.242188   Iterations per second: 36.8085   Simulation time per second: 0.143783
INFO (CarpetX): Grid cells: 4096   Grid cell updates per second: 150768
INFO (CarpetX): Performance:
INFO (CarpetX):   total evolution time:            1.68183 sec
INFO (CarpetX):   total evolution compute time:    1.68035 sec
INFO (CarpetX):   total evolution output time:     0.00148129 sec
INFO (CarpetX):   total iterations:                62
INFO (CarpetX):   total cells updated:             253952
INFO (CarpetX):   average iterations per second: 36.8645
INFO (CarpetX):   average cell updates per second: 150997
INFO (CarpetX): OutputGH: iteration 63, time 0.246094, run time 3 s
INFO (CarpetX): OutputGH done.
INFO (CarpetX): Simulation time: 0.246094   Iterations per second: 36.8186   Simulation time per second: 0.143823
INFO (CarpetX): Grid cells: 4096   Grid cell updates per second: 150809
INFO (CarpetX): Performance:
INFO (CarpetX):   total evolution time:            1.70893 sec
INFO (CarpetX):   total evolution compute time:    1.70743 sec
INFO (CarpetX):   total evolution output time:     0.00150037 sec
INFO (CarpetX):   total iterations:                63
INFO (CarpetX):   total cells updated:             258048
INFO (CarpetX):   average iterations per second: 36.8652
INFO (CarpetX):   average cell updates per second: 151000
INFO (CarpetX): OutputGH: iteration 64, time 0.250000, run time 3 s
INFO (CarpetX): OutputGH done.
INFO (CarpetX): Simulation time: 0.25   Iterations per second: 16.5903   Simulation time per second: 0.0648057
INFO (CarpetX): Grid cells: 4096   Grid cell updates per second: 67953.7
INFO (CarpetX): Performance:
INFO (CarpetX):   total evolution time:            2.06725 sec
INFO (CarpetX):   total evolution compute time:    1.73735 sec
INFO (CarpetX):   total evolution output time:     0.329901 sec
INFO (CarpetX):   total iterations:                64
INFO (CarpetX):   total cells updated:             262144
INFO (CarpetX):   average iterations per second: 30.959
INFO (CarpetX):   average cell updates per second: 126808
INFO (CarpetX): Shutting down...
AMReX (25.11) finalized
--------------------------------------------------------------------------------
Done.
+ echo Stopping:
Stopping:
+ date
Wed Jul  8 01:32:16 UTC 2026
+ echo Done.
Done.
  Elapsed time: 3.2 s
