/home/runner/simulations/TestJob01_temp_2/output-0000/TEST/sim/MemSpeed
Preparing:
+ set -e
+ cd output-0000-active
+ echo Checking:
Checking:
+ pwd
/home/runner/simulations/TestJob01_temp_2/output-0000/TEST/sim/MemSpeed/output-0000-active
+ hostname
runnervmrw5os
+ date
Tue May 19 19:56:24 UTC 2026
+ echo Environment:
Environment:
+ export CACTUS_NUM_PROCS=2
+ CACTUS_NUM_PROCS=2
+ export CACTUS_NUM_THREADS=1
+ CACTUS_NUM_THREADS=1
+ export GMON_OUT_PREFIX=gmon.out
+ GMON_OUT_PREFIX=gmon.out
+ export OMP_NUM_THREADS=1
+ OMP_NUM_THREADS=1
+ env
+ sort
+ echo Starting:
Starting:
++ date +%s
+ export CACTUS_STARTTIME=1779220584
+ CACTUS_STARTTIME=1779220584
+ '[' 2 = 1 ']'
+ mpirun -np 2 /home/runner/simulations/TestJob01_temp_2/SIMFACTORY/exe/cactus_sim -L 3 /home/runner/simulations/TestJob01_temp_2/output-0000/arrangements/CactusUtils/MemSpeed/test/memspeed.par
INFO (Cactus): Increased logging level from 0 to 3
--------------------------------------------------------------------------------

       10                                  
  1   0101       ************************  
  01  1010 10      The Cactus Code V4.18.0    
 1010 1101 011      www.cactuscode.org     
  1001 100101    ************************  
    00010101                               
     100011     (c) Copyright The Authors  
      0100      GNU Licensed. No Warranty  
      0101                                 
--------------------------------------------------------------------------------

Cactus version:    4.18.0
Compile date:      May 19 2026 (19:19:01)
Run date:          May 19 2026 (19:56:25+0000)
Run host:          runnervmrw5os.yo2jsnv3aaiufmiidgoerdg2xa.bx.internal.cloudapp.net (pid=180261)
Working directory: /home/runner/simulations/TestJob01_temp_2/output-0000/TEST/sim/MemSpeed
Executable:        /home/runner/simulations/TestJob01_temp_2/SIMFACTORY/exe/cactus_sim
Parameter file:    /home/runner/simulations/TestJob01_temp_2/output-0000/arrangements/CactusUtils/MemSpeed/test/memspeed.par
--------------------------------------------------------------------------------

Activating thorn Cactus...Success -> active implementation Cactus
Activation requested for 
--->hwloc MemSpeed SystemTopology CartGrid3D CoordBase IOASCII IOUtil PUGH PUGHSlab<---
Thorn hwloc requests automatic activation of zlib
Thorn MemSpeed requests automatic activation of Vectors
Thorn MemSpeed requests automatic activation of MPI
Activating thorn CartGrid3D...Success -> active implementation grid
Activating thorn CoordBase...Success -> active implementation CoordBase
Activating thorn hwloc...Success -> active implementation hwloc
Activating thorn IOASCII...Success -> active implementation IOASCII
Activating thorn IOUtil...Success -> active implementation IO
Activating thorn MemSpeed...Success -> active implementation MemSpeed
Activating thorn MPI...Success -> active implementation MPI
Activating thorn PUGH...Success -> active implementation Driver
Activating thorn PUGHSlab...Success -> active implementation Hyperslab
Activating thorn SystemTopology...Success -> active implementation SystemTopology
Activating thorn Vectors...Success -> active implementation Vectors
Activating thorn zlib...Success -> active implementation zlib
--------------------------------------------------------------------------------
  if (recover initial data)
    Recover parameters
  endif

  Startup routines
    [CCTK_STARTUP]
      CartGrid3D::SymmetryStartup: Register GH Extension for GridSymmetry
      CoordBase::CoordBase_Startup: Register a GH extension to store the coordinate system handles
      GROUP hwloc_startup: hwloc startup group
        hwloc::hwloc_version: Output hwloc version
      SystemTopology::ST_system_topology: Output and/or modify system topology and hardware locality
      PUGH::Driver_Startup: Startup routine
      PUGH::PUGH_RegisterPUGHP2LRoutines: Register Physical to Logical process mapping routines
      PUGH::PUGH_RegisterPUGHTopologyRoutines: Register topology generation routines routines
      IOUtil::IOUtil_Startup: Startup routine
      Vectors::Vectors_Startup: Print startup message
      IOASCII::IOASCII_Startup: Startup routine

  Startup routines which need an existing grid hierarchy
    [CCTK_WRAGH]
      CartGrid3D::RegisterCartGrid3DCoords: [meta] Register coordinates for the Cartesian grid
      MemSpeed::MemSpeed_MeasureSpeed: [meta] Measure CPU, memory, cache speeds
  Parameter checking routines
    [CCTK_PARAMCHECK]
      CartGrid3D::ParamCheck_CartGrid3D: Check coordinates for CartGrid3D
      Vectors::Vectors_Test: Run correctness tests.

  Initialisation
    if (NOT (recover initial data AND recovery_mode is 'strict'))
      [CCTK_PREREGRIDINITIAL]
      Set up grid hierarchy
      [CCTK_POSTREGRIDINITIAL]
        CartGrid3D::SpatialCoordinates: Set Coordinates after regridding
      [CCTK_BASEGRID]
        CartGrid3D::SpatialSpacings: Set up ranges for spatial 3D Cartesian coordinates (on all grids)
        CartGrid3D::SpatialCoordinates: Set up spatial 3D Cartesian coordinates on the GH
        IOASCII::IOASCII_Choose1D: Choose 1D output lines
        IOASCII::IOASCII_Choose2D: Choose 2D output planes
        PUGH::PUGH_Report: Report on PUGH set up
      [CCTK_INITIAL]
      [CCTK_POSTINITIAL]
      Initialise finer grids recursively
      Restrict from finer grids
      [CCTK_POSTRESTRICTINITIAL]
      [CCTK_POSTPOSTINITIAL]
      [CCTK_POSTSTEP]
    endif
    if (recover initial data)
      [CCTK_BASEGRID]
        CartGrid3D::SpatialSpacings: Set up ranges for spatial 3D Cartesian coordinates (on all grids)
        CartGrid3D::SpatialCoordinates: Set up spatial 3D Cartesian coordinates on the GH
        IOASCII::IOASCII_Choose1D: Choose 1D output lines
        IOASCII::IOASCII_Choose2D: Choose 2D output planes
        PUGH::PUGH_Report: Report on PUGH set up
      [CCTK_RECOVER_VARIABLES]
      [CCTK_POST_RECOVER_VARIABLES]
    endif
    if (checkpoint initial data)
      [CCTK_CPINITIAL]
    endif
    if (analysis)
      [CCTK_ANALYSIS]
  endif
  Output grid variables

  do loop over timesteps
    [CCTK_PREREGRID]
    Change grid hierarchy
    [CCTK_POSTREGRID]
      CartGrid3D::SpatialCoordinates: Set Coordinates after regridding
    Rotate timelevels
    iteration = iteration+1
    t = t+dt
    [CCTK_PRESTEP]
    [CCTK_EVOL]
    Evolve finer grids recursively
    Restrict from finer grids
    [CCTK_POSTRESTRICT]
    [CCTK_POSTSTEP]
    if (checkpoint)
      [CCTK_CHECKPOINT]
    endif
    if (analysis)
      [CCTK_ANALYSIS]
    endif
    Output grid variables
    enddo

  Termination routines
    [CCTK_TERMINATE]
      PUGH::Driver_Terminate: Termination routine

  Shutdown routines
    [CCTK_SHUTDOWN]

  Routines run after changing the grid hierarchy:
    [CCTK_POSTREGRID]
      CartGrid3D::SpatialCoordinates: Set Coordinates after regridding
--------------------------------------------------------------------------------
INFO (hwloc): library version 2.10.0, API version 0x20800
INFO (SystemTopology): MPI process-to-host mapping:
This is MPI process 0 of 2
MPI hosts:
  0: runnervmrw5os
This MPI process runs on host 0 of 1
On this host, this is MPI process 0 of 2
INFO (SystemTopology): Topology support:
Discovery support:
  discovery->pu                            : yes
CPU binding support:
  cpubind->set_thisproc_cpubind            : yes
  cpubind->get_thisproc_cpubind            : yes
  cpubind->set_proc_cpubind                : yes
  cpubind->get_proc_cpubind                : yes
  cpubind->set_thisthread_cpubind          : yes
  cpubind->get_thisthread_cpubind          : yes
  cpubind->set_thread_cpubind              : yes
  cpubind->get_thread_cpubind              : yes
  cpubind->get_thisproc_last_cpu_location  : yes
  cpubind->get_proc_last_cpu_location      : yes
  cpubind->get_thisthread_last_cpu_location: yes
Memory binding support:
  membind->set_thisproc_membind            : no
  membind->get_thisproc_membind            : no
  membind->set_proc_membind                : no
  membind->get_proc_membind                : no
  membind->set_thisthread_membind          : yes
  membind->get_thisthread_membind          : yes
  membind->set_area_membind                : yes
  membind->get_area_membind                : yes
  membind->alloc_membind                   : yes
  membind->firsttouch_membind              : yes
  membind->bind_membind                    : yes
  membind->interleave_membind              : yes
  membind->nexttouch_membind               : no
  membind->migrate_membind                 : yes
INFO (SystemTopology): Hardware objects in this node:
Machine L#0: (P#0, total=16373464KB, DMIProductName="Virtual Machine", DMIProductVersion="Hyper-V UEFI Release v4.1", DMIProductUUID=6b6058ed-5976-49f1-994a-78052c985bb7, DMIBoardVendor="Microsoft Corporation", DMIBoardName="Virtual Machine", DMIBoardVersion="Hyper-V UEFI Release v4.1", DMIBoardAssetTag=None, DMIChassisVendor="Microsoft Corporation", DMIChassisType=3, DMIChassisVersion="Hyper-V UEFI Release v4.1", DMIChassisAssetTag=7783-7084-3265-9085-8269-3286-77, DMIBIOSVendor="Microsoft Corporation", DMIBIOSVersion="Hyper-V UEFI Release v4.1", DMIBIOSDate=01/08/2026, DMISysVendor="Microsoft Corporation", Backend=Linux, LinuxCgroup=/system.slice/hosted-compute-agent.service, OSName=Linux, OSRelease=6.17.0-1013-azure, OSVersion="#13~24.04.1-Ubuntu SMP Wed Apr 15 16:52:17 UTC 2026", HostName=runnervmrw5os, Architecture=x86_64, hwlocVersion=2.10.0, ProcessName=cactus_sim)
  Package L#0: (P#0, total=16373464KB, CPUVendor=AuthenticAMD, CPUFamilyNumber=25, CPUModelNumber=17, CPUModel="AMD EPYC 9V74 80-Core Processor                ", CPUStepping=1)
    L3Cache L#0: (P#0, size=32768KB, linesize=64, ways=16, Inclusive=0)
      L2Cache L#0: (P#0, size=1024KB, linesize=64, ways=8, Inclusive=1)
        L1dCache L#0: (P#0, size=32KB, linesize=64, ways=8, Inclusive=0)
          Core L#0: (P#0)
            PU L#0: (P#0)
            PU L#1: (P#1)
      L2Cache L#1: (P#1, size=1024KB, linesize=64, ways=8, Inclusive=1)
        L1dCache L#1: (P#1, size=32KB, linesize=64, ways=8, Inclusive=0)
          Core L#1: (P#1)
            PU L#2: (P#2)
            PU L#3: (P#3)
INFO (SystemTopology): Thread CPU bindings:
  MPI process 0 on host 0 (process 0 of 2 on this host)
    OpenMP thread 0: PU set L#{0-1} P#{0-1}
  MPI process 1 on host 0 (process 1 of 2 on this host)
    OpenMP thread 0: PU set L#{2-3} P#{2-3}
INFO (SystemTopology): Setting thread CPU bindings:
INFO (SystemTopology): Thread CPU bindings:
  MPI process 0 on host 0 (process 0 of 2 on this host)
    OpenMP thread 0: PU set L#{0} P#{0}
  MPI process 1 on host 0 (process 1 of 2 on this host)
    OpenMP thread 0: PU set L#{2} P#{2}
INFO (SystemTopology): Extracting CPU/cache/memory properties:
  There are 2 PUs per core (aka hardware SMT threads)
  There are 1 threads per core (aka SMT threads used)
  Cache (unknown name) has type "data" depth 1
    size 32768 linesize 64 associativity 8 stride 4096, for 2 PUs
  Cache (unknown name) has type "unified" depth 2
    size 1048576 linesize 64 associativity 8 stride 131072, for 2 PUs
  Cache (unknown name) has type "unified" depth 3
    size 33554432 linesize 64 associativity 16 stride 2097152, for 4 PUs
INFO (PUGH): Using physical to logical mappings: direct
INFO (PUGH): Using topology generator: automatic
INFO (Vectors): Using vector size 2 for architecture SSE2 (64-bit precision)
--------------------------------------------------------------------------------
Driver provided by PUGH
--------------------------------------------------------------------------------

INFO (PUGH): Not setting up a topology for 1 dimensions
INFO (PUGH): Not setting up a topology for 2 dimensions
INFO (PUGH): Setting up a topology for 3 dimensions
INFO (IOASCII): I/O Method 'IOASCII_1D' registered: output of 1D lines of grid functions/arrays to ASCII files
INFO (IOASCII): Periodic 1D output every 1 iterations
INFO (IOASCII): Periodic 1D output requested for 'GRID::r'
INFO (IOASCII): I/O Method 'IOASCII_2D' registered: output of 2D planes of grid functions/arrays to ASCII files
INFO (IOASCII): Periodic 2D output turned off
INFO (IOASCII): I/O Method 'IOASCII_3D' registered: output of 3D grid functions/arrays to ASCII files
INFO (IOASCII): Periodic 3D output turned off
INFO (MemSpeed): Measuring CPU, cache, memory, and communication speeds:
  Single-core measurements (using 1 MPI processes with 1 OpenMP threads each):
    CPU frequency:
      iterations=1000000... time=0.00144661 sec
      iterations=10000000... time=0.0141004 sec
      iterations=100000000... time=0.140884 sec
      iterations=800000000... time=1.1257 sec
      iterations=800000000... time=0.844289 sec
      result: 5.68572 GHz
    CPU floating point performance:
      iterations=1000000... time=0.00220315 sec
      iterations=10000000... time=0.0219751 sec
      iterations=100000000... time=0.219824 sec
      iterations=500000000... time=1.09932 sec
      result: 14.5544 Gflop/sec
    CPU integer performance:
      iterations=1000000... time=0.00180289 sec
      iterations=10000000... time=0.0176276 sec
      iterations=100000000... time=0.176252 sec
      iterations=600000000... time=1.05837 sec
      result: 9.07056 Giop/sec
    Read latency of D1 cache (for 2 PUs) (using 1*24576 bytes):
      iterations=1000... time=0.00015259 sec
      iterations=10000... time=0.00141533 sec
      iterations=100000... time=0.0140888 sec
      iterations=1000000... time=0.140836 sec
      iterations=8000000... time=1.12877 sec
      result: 1.41096 nsec
    Read latency of L2 cache (for 2 PUs) (using 1*786432 bytes):
      iterations=1000... time=0.000778572 sec
      iterations=10000... time=0.00729994 sec
      iterations=100000... time=0.0725831 sec
      iterations=1000000... time=0.724825 sec
      iterations=2000000... time=1.45023 sec
      result: 7.25113 nsec
    Read latency of L3 cache (for 4 PUs) (using 1*25165824 bytes):
      [skipped -- avoiding large-memory benchmarks]
    Read bandwidth of D1 cache (for 2 PUs) (using 1*24576 bytes):
      iterations=1... time=5.01001e-07 sec
      iterations=10... time=3.244e-06 sec
      iterations=100... time=3.2619e-05 sec
      iterations=1000... time=0.000308474 sec
      iterations=10000... time=0.00277571 sec
      iterations=100000... time=0.0277155 sec
      iterations=1000000... time=0.27679 sec
      iterations=4000000... time=1.10724 sec
      result: 88.7833 GByte/sec
    Read bandwidth of L2 cache (for 2 PUs) (using 1*786432 bytes):
      iterations=1... time=1.4552e-05 sec
      iterations=10... time=0.000108533 sec
      iterations=100... time=0.000985182 sec
      iterations=1000... time=0.00974536 sec
      iterations=10000... time=0.0973181 sec
      iterations=100000... time=0.974237 sec
      iterations=200000... time=1.94436 sec
      result: 80.8935 GByte/sec
    Read bandwidth of L3 cache (for 4 PUs) (using 1*25165824 bytes):
      [skipped -- avoiding large-memory benchmarks]
    Write latency of D1 cache (for 2 PUs) (using 1*24576 bytes):
      iterations=1000... time=4.206e-06 sec
      iterations=10000... time=3.279e-05 sec
      iterations=100000... time=0.000321584 sec
      iterations=1000000... time=0.00283634 sec
      iterations=10000000... time=0.0281413 sec
      iterations=100000000... time=0.281482 sec
      iterations=400000000... time=1.13377 sec
      result: 0.354304 nsec
    Write latency of L2 cache (for 2 PUs) (using 1*786432 bytes):
      iterations=1000... time=2.1963e-05 sec
      iterations=10000... time=0.000187873 sec
      iterations=100000... time=0.00131117 sec
      iterations=1000000... time=0.0075564 sec
      iterations=10000000... time=0.0699742 sec
      iterations=100000000... time=0.668253 sec
      iterations=200000000... time=1.33369 sec
      result: 0.833558 nsec
    Write latency of L3 cache (for 4 PUs) (using 1*25165824 bytes):
      [skipped -- avoiding large-memory benchmarks]
    Write bandwidth of D1 cache (for 2 PUs) (using 1*24576 bytes):
      iterations=1... time=4.2e-07 sec
      iterations=10... time=3.265e-06 sec
      iterations=100... time=3.4842e-05 sec
      iterations=1000... time=0.000286451 sec
      iterations=10000... time=0.00284528 sec
      iterations=100000... time=0.0283439 sec
      iterations=1000000... time=0.283383 sec
      iterations=4000000... time=1.13614 sec
      result: 86.5249 GByte/sec
    Write bandwidth of L2 cache (for 2 PUs) (using 1*786432 bytes):
      iterations=1... time=1.7416e-05 sec
      iterations=10... time=0.00011316 sec
      iterations=100... time=0.000989639 sec
      iterations=1000... time=0.00942092 sec
      iterations=10000... time=0.0948364 sec
      iterations=100000... time=0.943908 sec
      iterations=200000... time=1.88585 sec
      result: 83.4033 GByte/sec
    Write bandwidth of L3 cache (for 4 PUs) (using 1*25165824 bytes):
      [skipped -- avoiding large-memory benchmarks]
    Stencil code performance of D1 cache (for 2 PUs) (using 1*12^3 grid points, 1*27648 bytes):
      iterations=1... time=2.3636e-05 sec
      iterations=10... time=0.000308704 sec
      iterations=100... time=0.00317892 sec
      iterations=1000... time=0.0324049 sec
      iterations=10000... time=0.34022 sec
      iterations=30000... time=0.987062 sec
      iterations=60000... time=1.98856 sec
      result: 0.0521383 Gupdates/sec
    Stencil code performance of L2 cache (for 2 PUs) (using 1*37^3 grid points, 1*810448 bytes):
      iterations=1... time=0.000265509 sec
      iterations=10... time=0.00253756 sec
      iterations=100... time=0.0258145 sec
      iterations=1000... time=0.260015 sec
      iterations=4000... time=1.03975 sec
      result: 0.194865 Gupdates/sec
    Stencil code performance of L3 cache (for 4 PUs) (using 1*116^3 grid points, 1*24974336 bytes):
      iterations=1... time=0.00365021 sec
      iterations=10... time=0.0355928 sec
      iterations=100... time=0.387838 sec
      iterations=300... time=1.06651 sec
      result: 0.439066 Gupdates/sec
  Single-node measurements (using 2 MPI processes with 1 OpenMP threads each):
    CPU frequency:
      iterations=1000000... time=0.0014207 sec
      iterations=10000000... time=0.0140749 sec
      iterations=100000000... time=0.140541 sec
      iterations=800000000... time=1.12476 sec
      iterations=800000000... time=0.847825 sec
      result: 5.77749 GHz
    CPU floating point performance:
      iterations=1000000... time=0.00220852 sec
      iterations=10000000... time=0.0219499 sec
      iterations=100000000... time=0.21988 sec
      iterations=500000000... time=1.09834 sec
      result: 14.5674 Gflop/sec
    CPU integer performance:
      iterations=1000000... time=0.00179185 sec
      iterations=10000000... time=0.0176523 sec
      iterations=100000000... time=0.1768 sec
      iterations=600000000... time=1.05618 sec
      result: 9.08938 Giop/sec
    Read latency of D1 cache (for 2 PUs) (using 2*24576 bytes):
      iterations=1000... time=0.000141993 sec
      iterations=10000... time=0.00142135 sec
      iterations=100000... time=0.0140759 sec
      iterations=1000000... time=0.140651 sec
      iterations=8000000... time=1.12578 sec
      result: 1.40722 nsec
    Read latency of L2 cache (for 2 PUs) (using 2*786432 bytes):
      iterations=1000... time=0.000808366 sec
      iterations=10000... time=0.00752052 sec
      iterations=100000... time=0.0741941 sec
      iterations=1000000... time=0.735742 sec
      iterations=2000000... time=1.47339 sec
      result: 7.36697 nsec
    Read latency of L3 cache (for 4 PUs) (using 1*25165824 bytes):
      [skipped -- too many MPI processes]
    Read bandwidth of D1 cache (for 2 PUs) (using 2*24576 bytes):
      iterations=1... time=4.305e-07 sec
      iterations=10... time=3.335e-06 sec
      iterations=100... time=3.47225e-05 sec
      iterations=1000... time=0.000301794 sec
      iterations=10000... time=0.00277133 sec
      iterations=100000... time=0.0276443 sec
      iterations=1000000... time=0.276437 sec
      iterations=4000000... time=1.10753 sec
      result: 88.7593 GByte/sec
    Read bandwidth of L2 cache (for 2 PUs) (using 2*786432 bytes):
      iterations=1... time=1.1963e-05 sec
      iterations=10... time=0.000117076 sec
      iterations=100... time=0.000991347 sec
      iterations=1000... time=0.00973546 sec
      iterations=10000... time=0.0974716 sec
      iterations=100000... time=0.971623 sec
      iterations=200000... time=1.94319 sec
      result: 80.9422 GByte/sec
    Read bandwidth of L3 cache (for 4 PUs) (using 1*25165824 bytes):
      [skipped -- too many MPI processes]
    Write latency of D1 cache (for 2 PUs) (using 2*24576 bytes):
      iterations=1000... time=3.731e-06 sec
      iterations=10000... time=3.29045e-05 sec
      iterations=100000... time=0.000286016 sec
      iterations=1000000... time=0.00283265 sec
      iterations=10000000... time=0.0281365 sec
      iterations=100000000... time=0.281824 sec
      iterations=400000000... time=1.12755 sec
      result: 0.352359 nsec
    Write latency of L2 cache (for 2 PUs) (using 2*786432 bytes):
      iterations=1000... time=1.48525e-05 sec
      iterations=10000... time=9.4913e-05 sec
      iterations=100000... time=0.000687965 sec
      iterations=1000000... time=0.00674684 sec
      iterations=10000000... time=0.0672717 sec
      iterations=100000000... time=0.667211 sec
      iterations=200000000... time=1.33499 sec
      result: 0.834371 nsec
    Write latency of L3 cache (for 4 PUs) (using 1*25165824 bytes):
      [skipped -- too many MPI processes]
    Write bandwidth of D1 cache (for 2 PUs) (using 2*24576 bytes):
      iterations=1... time=4.25e-07 sec
      iterations=10... time=3.4105e-06 sec
      iterations=100... time=3.57435e-05 sec
      iterations=1000... time=0.000286847 sec
      iterations=10000... time=0.00284813 sec
      iterations=100000... time=0.028304 sec
      iterations=1000000... time=0.283289 sec
      iterations=4000000... time=1.1325 sec
      result: 86.8028 GByte/sec
    Write bandwidth of L2 cache (for 2 PUs) (using 2*786432 bytes):
      iterations=1... time=1.60295e-05 sec
      iterations=10... time=0.000110426 sec
      iterations=100... time=0.000969664 sec
      iterations=1000... time=0.00945187 sec
      iterations=10000... time=0.0947181 sec
      iterations=100000... time=0.94356 sec
      iterations=200000... time=1.89199 sec
      result: 83.1329 GByte/sec
    Write bandwidth of L3 cache (for 4 PUs) (using 1*25165824 bytes):
      [skipped -- too many MPI processes]
    Stencil code performance of D1 cache (for 2 PUs) (using 1*12^3 grid points, 1*27648 bytes):
      [skipped -- too many MPI processes]
    Stencil code performance of L2 cache (for 2 PUs) (using 1*37^3 grid points, 1*810448 bytes):
      [skipped -- too many MPI processes]
    Stencil code performance of L3 cache (for 4 PUs) (using 1*116^3 grid points, 1*24974336 bytes):
      [skipped -- too many MPI processes]
  Single-node measurements:
    MPI latency: 691 nsec
    MPI bandwidth: 11.5555 GByte/sec
INFO (Vectors): Testing vectorisation... [errors may result in segfaults]
INFO (Vectors): 375/375 tests passed 
INFO (CartGrid3D): Grid Spacings:
INFO (CartGrid3D): dx=>1.1111111e-01  dy=>1.1111111e-01  dz=>1.1111111e-01
INFO (CartGrid3D): Computational Coordinates:
INFO (CartGrid3D): x=>[-0.500, 0.500]  y=>[-0.500, 0.500]  z=>[-0.500, 0.500]
INFO (CartGrid3D): Indices of Physical Coordinates:
INFO (CartGrid3D): x=>[0,9]  y=>[0,9]  z=>[0,9]
INFO (PUGH): MPI Evolution on 2 processors
INFO (PUGH): 3-dimensional grid functions
INFO (PUGH):  10
INFO (PUGH):  1
INFO (PUGH): 10]
INFO (PUGH):   Maximum load skew: 0.000000
--------------------------------------------------------------------------------
Done.
+ echo Stopping:
Stopping:
+ date
Tue May 19 19:57:13 UTC 2026
+ echo Done.
Done.
  Elapsed time: 48.3 s
