/home/runner/simulations/TestJob01_temp_2/output-0000/TEST/sim/FluxWaveToyX
Preparing:
+ set -e
+ cd output-0000-active
+ echo Checking:
Checking:
+ pwd
/home/runner/simulations/TestJob01_temp_2/output-0000/TEST/sim/FluxWaveToyX/output-0000-active
+ hostname
runnervmzvulz
+ date
Mon Aug 17 22:09:55 UTC 2026
+ echo Environment:
Environment:
+ export CACTUS_NUM_PROCS=2
+ CACTUS_NUM_PROCS=2
+ export CACTUS_NUM_THREADS=1
+ CACTUS_NUM_THREADS=1
+ export GMON_OUT_PREFIX=gmon.out
+ GMON_OUT_PREFIX=gmon.out
+ export OMP_NUM_THREADS=1
+ OMP_NUM_THREADS=1
+ env
+ sort
+ echo Starting:
Starting:
++ date +%s
+ export CACTUS_STARTTIME=1787004595
+ CACTUS_STARTTIME=1787004595
+ '[' 2 = 1 ']'
+ mpirun -np 2 /home/runner/simulations/TestJob01_temp_2/SIMFACTORY/exe/cactus_sim -L 3 /home/runner/simulations/TestJob01_temp_2/output-0000/arrangements/CarpetX/FluxWaveToyX/test/radiative.par
INFO (Cactus): Increased logging level from 0 to 3
--------------------------------------------------------------------------------

       10                                  
  1   0101       ************************  
  01  1010 10      The Cactus Code V4.20.0    
 1010 1101 011      www.cactuscode.org     
  1001 100101    ************************  
    00010101                               
     100011     (c) Copyright The Authors  
      0100      GNU Licensed. No Warranty  
      0101                                 
--------------------------------------------------------------------------------

Cactus version:    4.20.0
Compile date:      Aug 17 2026 (21:38:45)
Run date:          Aug 17 2026 (22:09:56+0000)
Run host:          runnervmzvulz.13ne5lkba1rudax4feiyeegmza.dx.internal.cloudapp.net (pid=178461)
Working directory: /home/runner/simulations/TestJob01_temp_2/output-0000/TEST/sim/FluxWaveToyX
Executable:        /home/runner/simulations/TestJob01_temp_2/SIMFACTORY/exe/cactus_sim
Parameter file:    /home/runner/simulations/TestJob01_temp_2/output-0000/arrangements/CarpetX/FluxWaveToyX/test/radiative.par
--------------------------------------------------------------------------------

Activating thorn Cactus...Success -> active implementation Cactus
Activation requested for 
--->CarpetX CarpetXRegrid FluxWaveToyX IOUtil ODESolvers<---
Thorn CarpetX requests automatic activation of AMReX
Thorn CarpetX requests automatic activation of MPI
Thorn CarpetX requests automatic activation of yaml_cpp
Thorn CarpetX requests automatic activation of zlib
Thorn CarpetX requests automatic activation of Arith
Thorn CarpetX requests automatic activation of Loop
Thorn CarpetX requests automatic activation of ADIOS2
Thorn CarpetX requests automatic activation of openPMD
Thorn CarpetX requests automatic activation of Silo
Thorn ADIOS2 requests automatic activation of CMake
Thorn Arith requests automatic activation of NSIMD
Thorn MPI requests automatic activation of hwloc
Thorn openPMD requests automatic activation of HDF5
Activating thorn ADIOS2...Success -> active implementation ADIOS2
Activating thorn AMReX...Success -> active implementation AMReX
Activating thorn Arith...Success -> active implementation Arith
Activating thorn CarpetX...Success -> active implementation Driver
Activating thorn CarpetXRegrid...Success -> active implementation CarpetXRegrid
Activating thorn CMake...Success -> active implementation CMake
Activating thorn FluxWaveToyX...Success -> active implementation FluxWaveToyX
Activating thorn HDF5...Success -> active implementation HDF5
Activating thorn hwloc...Success -> active implementation hwloc
Activating thorn IOUtil...Success -> active implementation IO
Activating thorn Loop...Success -> active implementation Loop
Activating thorn MPI...Success -> active implementation MPI
Activating thorn NSIMD...Success -> active implementation NSIMD
Activating thorn ODESolvers...Success -> active implementation ODESolvers
Activating thorn openPMD...Success -> active implementation openPMD
Activating thorn Silo...Success -> active implementation Silo
Activating thorn yaml_cpp...Success -> active implementation yaml_cpp
Activating thorn zlib...Success -> active implementation zlib
INFO (hwloc): library version 2.10.0, API version 0x20800
--------------------------------------------------------------------------------

  [34m  ▕▏  [34m  ▕▏  [34m  ▕▏  [34m  ▕▏  [34m  ▕▏  [34m  ▕▏  [34m  ▕▏  [34m  ▕▏  [34m  ▕▏  [39m  
  [34m──██──[34m──██──[34m──██──[34m──██──[34m──██──[34m──██──[34m──██──[34m──██──[34m──██──[39m  
  [34m  ▕▏  [34m  ▕▏  [34m  ▕▏  [34m  ▕▏  [34m  ▕▏  [34m  ▕▏  [34m  ▕▏  [34m  ▕▏  [34m  ▕▏  [39m  
  [34m  ▕▏  [32m██████[34m  ▕▏  [34m  ▕▏  [32m██████[34m  ▕▏  [34m  ▕▏  [32m██████[34m  ▕▏  [39m  
  [34m──██──[32m██████[34m──██──[34m──██──[32m██████[34m──██──[34m──██──[32m██████[34m──██──[39m  
  [34m  ▕▏  [32m██████[34m  ▕▏  [34m  ▕▏  [32m██████[34m  ▕▏  [34m  ▕▏  [32m██████[34m  ▕▏  [39m  
  [34m  ▕▏  [34m  ▕▏  [34m  ▕▏  [34m  ▕▏  [34m  ▕▏  [34m  ▕▏  [34m  ▕▏  [34m  ▕▏  [34m  ▕▏  [39m  
  [34m──██──[34m──██──[34m──██──[34m──██──[34m──██──[34m──██──[34m──██──[34m──██──[34m──██──[39m  
  [34m  ▕▏  [34m  ▕▏  [34m  ▕▏  [34m  ▕▏  [34m  ▕▏  [34m  ▕▏  [34m  ▕▏  [34m  ▕▏  [34m  ▕▏  [39m  
  [34m  ▕▏  [34m  ▕▏  [34m  ▕▏  [31m██████[31m██████[31m██████[34m  ▕▏  [34m  ▕▏  [34m  ▕▏  [39m  
  [34m──██──[34m──██──[34m──██──[31m██████[31m██████[31m██████[34m──██──[34m──██──[34m──██──[39m  
  [34m  ▕▏  [34m  ▕▏  [34m  ▕▏  [31m██████[31m██████[31m██████[34m  ▕▏  [34m  ▕▏  [34m  ▕▏  [39m  
  [34m  ▕▏  [32m██████[34m  ▕▏  [31m██████[31m██████[31m██████[34m  ▕▏  [32m██████[34m  ▕▏  [39m  
  [34m──██──[32m██████[34m──██──[31m██████[31m██████[31m██████[34m──██──[32m██████[34m──██──[39m  
  [34m  ▕▏  [32m██████[34m  ▕▏  [31m██████[31m██████[31m██████[34m  ▕▏  [32m██████[34m  ▕▏  [39m  
  [34m  ▕▏  [34m  ▕▏  [34m  ▕▏  [31m██████[31m██████[31m██████[34m  ▕▏  [34m  ▕▏  [34m  ▕▏  [39m  
  [34m──██──[34m──██──[34m──██──[31m██████[31m██████[31m██████[34m──██──[34m──██──[34m──██──[39m  
  [34m  ▕▏  [34m  ▕▏  [34m  ▕▏  [31m██████[31m██████[31m██████[34m  ▕▏  [34m  ▕▏  [34m  ▕▏  [39m  
  [34m  ▕▏  [34m  ▕▏  [34m  ▕▏  [34m  ▕▏  [34m  ▕▏  [34m  ▕▏  [34m  ▕▏  [34m  ▕▏  [34m  ▕▏  [39m  
  [34m──██──[34m──██──[34m──██──[34m──██──[34m──██──[34m──██──[34m──██──[34m──██──[34m──██──[39m  
  [34m  ▕▏  [34m  ▕▏  [34m  ▕▏  [34m  ▕▏  [34m  ▕▏  [34m  ▕▏  [34m  ▕▏  [34m  ▕▏  [34m  ▕▏  [39m  
  [34m  ▕▏  [32m██████[34m  ▕▏  [34m  ▕▏  [32m██████[34m  ▕▏  [34m  ▕▏  [32m██████[34m  ▕▏  [39m  
  [34m──██──[32m██████[34m──██──[34m──██──[32m██████[34m──██──[34m──██──[32m██████[34m──██──[39m  
  [34m  ▕▏  [32m██████[34m  ▕▏  [34m  ▕▏  [32m██████[34m  ▕▏  [34m  ▕▏  [32m██████[34m  ▕▏  [39m  
  [34m  ▕▏  [34m  ▕▏  [34m  ▕▏  [34m  ▕▏  [34m  ▕▏  [34m  ▕▏  [34m  ▕▏  [34m  ▕▏  [34m  ▕▏  [39m  
  [34m──██──[34m──██──[34m──██──[34m──██──[34m──██──[34m──██──[34m──██──[34m──██──[34m──██──[39m  
  [34m  ▕▏  [34m  ▕▏  [34m  ▕▏  [34m  ▕▏  [34m  ▕▏  [34m  ▕▏  [34m  ▕▏  [34m  ▕▏  [34m  ▕▏  [39m  

AMR driver provided by CarpetX,
using AMReX 25.11 (MPI, OpenMP, no accelerators, debug)
--------------------------------------------------------------------------------

Initializing AMReX (25.11)...
MPI initialized with 2 MPI processes
MPI initialized with thread support level 2
OMP initialized with 1 OMP threads
AMReX (25.11) initialized
INFO (CarpetX): 
Symmetries:
  lower x: none
  lower y: none
  lower z: none
  upper x: none
  upper y: none
  upper z: none
Default boundaries:
  lower x: neumann
  lower y: neumann
  lower z: neumann
  upper x: neumann
  upper y: neumann
  upper z: neumann
INFO (Arith): Test_smallvector
INFO (Arith): Test_spvect
INFO (CarpetX): Setting initial values for max_grid_size values for all levels
INFO (CarpetX): Setting up initial conditions...
INFO (CarpetX): Iteration: 0   time: 0   delta_time: 0.125
INFO (CarpetX): Patch 0:
INFO (CarpetX):   Grid extent:
INFO (CarpetX):     gsh=[11,11,11]
INFO (CarpetX):     blocking_factor=[8,8,8]
INFO (CarpetX):     max_grid_size=[32,32,32]
INFO (CarpetX):     max_tile_size=[1024000,16,32]
INFO (CarpetX):   Domain extent:
INFO (CarpetX):     xmin=[-1,-1,-1]
INFO (CarpetX):     xmax=[1,1,1]
INFO (CarpetX):     base dx=[0.25,0.25,0.25]
INFO (CarpetX): Initializing level 0...
INFO (CarpetX): Regridding...
INFO (CarpetX):   level 0: 1 boxes, 512 cells (100%)
INFO (CarpetX): Initialized 1 levels
INFO (CarpetX): OutputGH: iteration 0, time 0.000000, run time 0 s
INFO (CarpetX): OutputGH done.
INFO (CarpetX): Starting evolution...
INFO (ODESolvers): ODE integrator is RK3
INFO (CarpetX): OutputGH: iteration 1, time 0.125000, run time 0 s
INFO (CarpetX): OutputGH done.
INFO (CarpetX): Simulation time: 0.125   Iterations per second: 198.726   Simulation time per second: 24.8407
INFO (CarpetX): Grid cells: 512   Grid cell updates per second: 101748
INFO (CarpetX): Performance:
INFO (CarpetX):   total evolution time:            0.00503206 sec
INFO (CarpetX):   total evolution compute time:    0.00501108 sec
INFO (CarpetX):   total evolution output time:     2.09808e-05 sec
INFO (CarpetX):   total iterations:                1
INFO (CarpetX):   total cells updated:             512
INFO (CarpetX):   average iterations per second: 198.726
INFO (CarpetX):   average cell updates per second: 101748
INFO (CarpetX): OutputGH: iteration 2, time 0.250000, run time 0 s
INFO (CarpetX): OutputGH done.
INFO (CarpetX): Simulation time: 0.25   Iterations per second: 200.641   Simulation time per second: 25.0802
INFO (CarpetX): Grid cells: 512   Grid cell updates per second: 102728
INFO (CarpetX): Performance:
INFO (CarpetX):   total evolution time:            0.00996804 sec
INFO (CarpetX):   total evolution compute time:    0.00992799 sec
INFO (CarpetX):   total evolution output time:     4.00543e-05 sec
INFO (CarpetX):   total iterations:                2
INFO (CarpetX):   total cells updated:             1024
INFO (CarpetX):   average iterations per second: 200.641
INFO (CarpetX):   average cell updates per second: 102728
INFO (CarpetX): OutputGH: iteration 3, time 0.375000, run time 0 s
INFO (CarpetX): OutputGH done.
INFO (CarpetX): Simulation time: 0.375   Iterations per second: 202.389   Simulation time per second: 25.2986
INFO (CarpetX): Grid cells: 512   Grid cell updates per second: 103623
INFO (CarpetX): Performance:
INFO (CarpetX):   total evolution time:            0.014823 sec
INFO (CarpetX):   total evolution compute time:    0.014761 sec
INFO (CarpetX):   total evolution output time:     6.19888e-05 sec
INFO (CarpetX):   total iterations:                3
INFO (CarpetX):   total cells updated:             1536
INFO (CarpetX):   average iterations per second: 202.389
INFO (CarpetX):   average cell updates per second: 103623
INFO (CarpetX): OutputGH: iteration 4, time 0.500000, run time 0 s
INFO (CarpetX): OutputGH done.
INFO (CarpetX): Simulation time: 0.5   Iterations per second: 203.109   Simulation time per second: 25.3886
INFO (CarpetX): Grid cells: 512   Grid cell updates per second: 103992
INFO (CarpetX): Performance:
INFO (CarpetX):   total evolution time:            0.0196939 sec
INFO (CarpetX):   total evolution compute time:    0.0196159 sec
INFO (CarpetX):   total evolution output time:     7.79629e-05 sec
INFO (CarpetX):   total iterations:                4
INFO (CarpetX):   total cells updated:             2048
INFO (CarpetX):   average iterations per second: 203.109
INFO (CarpetX):   average cell updates per second: 103992
INFO (CarpetX): OutputGH: iteration 5, time 0.625000, run time 0 s
INFO (CarpetX): OutputGH done.
INFO (CarpetX): Simulation time: 0.625   Iterations per second: 203.575   Simulation time per second: 25.4469
INFO (CarpetX): Grid cells: 512   Grid cell updates per second: 104231
INFO (CarpetX): Performance:
INFO (CarpetX):   total evolution time:            0.0245609 sec
INFO (CarpetX):   total evolution compute time:    0.024467 sec
INFO (CarpetX):   total evolution output time:     9.39369e-05 sec
INFO (CarpetX):   total iterations:                5
INFO (CarpetX):   total cells updated:             2560
INFO (CarpetX):   average iterations per second: 203.575
INFO (CarpetX):   average cell updates per second: 104231
INFO (CarpetX): OutputGH: iteration 6, time 0.750000, run time 0 s
INFO (CarpetX): OutputGH done.
INFO (CarpetX): Simulation time: 0.75   Iterations per second: 203.736   Simulation time per second: 25.4669
INFO (CarpetX): Grid cells: 512   Grid cell updates per second: 104313
INFO (CarpetX): Performance:
INFO (CarpetX):   total evolution time:            0.0294499 sec
INFO (CarpetX):   total evolution compute time:    0.0293348 sec
INFO (CarpetX):   total evolution output time:     0.000115156 sec
INFO (CarpetX):   total iterations:                6
INFO (CarpetX):   total cells updated:             3072
INFO (CarpetX):   average iterations per second: 203.736
INFO (CarpetX):   average cell updates per second: 104313
INFO (CarpetX): OutputGH: iteration 7, time 0.875000, run time 0 s
INFO (CarpetX): OutputGH done.
INFO (CarpetX): Simulation time: 0.875   Iterations per second: 203.999   Simulation time per second: 25.4999
INFO (CarpetX): Grid cells: 512   Grid cell updates per second: 104447
INFO (CarpetX): Performance:
INFO (CarpetX):   total evolution time:            0.0343139 sec
INFO (CarpetX):   total evolution compute time:    0.0341778 sec
INFO (CarpetX):   total evolution output time:     0.000136137 sec
INFO (CarpetX):   total iterations:                7
INFO (CarpetX):   total cells updated:             3584
INFO (CarpetX):   average iterations per second: 203.999
INFO (CarpetX):   average cell updates per second: 104447
INFO (CarpetX): OutputGH: iteration 8, time 1.000000, run time 0 s
INFO (CarpetX): OutputGH done.
INFO (CarpetX): Simulation time: 1   Iterations per second: 204.365   Simulation time per second: 25.5456
INFO (CarpetX): Grid cells: 512   Grid cell updates per second: 104635
INFO (CarpetX): Performance:
INFO (CarpetX):   total evolution time:            0.0391457 sec
INFO (CarpetX):   total evolution compute time:    0.0389895 sec
INFO (CarpetX):   total evolution output time:     0.000156164 sec
INFO (CarpetX):   total iterations:                8
INFO (CarpetX):   total cells updated:             4096
INFO (CarpetX):   average iterations per second: 204.365
INFO (CarpetX):   average cell updates per second: 104635
INFO (CarpetX): OutputGH: iteration 9, time 1.125000, run time 0 s
INFO (CarpetX): OutputGH done.
INFO (CarpetX): Simulation time: 1.125   Iterations per second: 204.56   Simulation time per second: 25.57
INFO (CarpetX): Grid cells: 512   Grid cell updates per second: 104735
INFO (CarpetX): Performance:
INFO (CarpetX):   total evolution time:            0.0439968 sec
INFO (CarpetX):   total evolution compute time:    0.0438197 sec
INFO (CarpetX):   total evolution output time:     0.000177145 sec
INFO (CarpetX):   total iterations:                9
INFO (CarpetX):   total cells updated:             4608
INFO (CarpetX):   average iterations per second: 204.56
INFO (CarpetX):   average cell updates per second: 104735
INFO (CarpetX): OutputGH: iteration 10, time 1.250000, run time 0 s
INFO (CarpetX): OutputGH done.
INFO (CarpetX): Simulation time: 1.25   Iterations per second: 196.052   Simulation time per second: 24.5065
INFO (CarpetX): Grid cells: 512   Grid cell updates per second: 100379
INFO (CarpetX): Performance:
INFO (CarpetX):   total evolution time:            0.0510068 sec
INFO (CarpetX):   total evolution compute time:    0.0487196 sec
INFO (CarpetX):   total evolution output time:     0.00228715 sec
INFO (CarpetX):   total iterations:                10
INFO (CarpetX):   total cells updated:             5120
INFO (CarpetX):   average iterations per second: 196.052
INFO (CarpetX):   average cell updates per second: 100379
INFO (CarpetX): Shutting down...
AMReX (25.11) finalized
--------------------------------------------------------------------------------
Done.
+ echo Stopping:
Stopping:
+ date
Mon Aug 17 22:09:56 UTC 2026
+ echo Done.
Done.
  Elapsed time: 0.8 s
