/home/runner/simulations/TestJob01_temp_1/output-0000/TEST/sim/CanudaX_BSSNMoL
Preparing:
+ set -e
+ cd output-0000-active
+ echo Checking:
Checking:
+ pwd
/home/runner/simulations/TestJob01_temp_1/output-0000/TEST/sim/CanudaX_BSSNMoL/output-0000-active
+ hostname
runnervmrw5os
+ date
Tue May 19 21:10:48 UTC 2026
+ echo Environment:
Environment:
+ export CACTUS_NUM_PROCS=1
+ CACTUS_NUM_PROCS=1
+ export CACTUS_NUM_THREADS=2
+ CACTUS_NUM_THREADS=2
+ export GMON_OUT_PREFIX=gmon.out
+ GMON_OUT_PREFIX=gmon.out
+ export OMP_NUM_THREADS=2
+ OMP_NUM_THREADS=2
+ env
+ sort
+ echo Starting:
Starting:
++ date +%s
+ export CACTUS_STARTTIME=1779225048
+ CACTUS_STARTTIME=1779225048
+ '[' 1 = 1 ']'
+ '[' 0 -eq 0 ']'
+ /home/runner/simulations/TestJob01_temp_1/SIMFACTORY/exe/cactus_sim -L 3 /home/runner/simulations/TestJob01_temp_1/output-0000/arrangements/CanudaX/CanudaX_BSSNMoL/test/gaugewave.par
INFO (Cactus): Increased logging level from 0 to 3
--------------------------------------------------------------------------------

       10                                  
  1   0101       ************************  
  01  1010 10      The Cactus Code V4.18.0    
 1010 1101 011      www.cactuscode.org     
  1001 100101    ************************  
    00010101                               
     100011     (c) Copyright The Authors  
      0100      GNU Licensed. No Warranty  
      0101                                 
--------------------------------------------------------------------------------

Cactus version:    4.18.0
Compile date:      May 19 2026 (21:07:59)
Run date:          May 19 2026 (21:10:49+0000)
Run host:          runnervmrw5os.sx5he3nppg1erlzumq214gj2qb.dx.internal.cloudapp.net (pid=168787)
Working directory: /home/runner/simulations/TestJob01_temp_1/output-0000/TEST/sim/CanudaX_BSSNMoL
Executable:        /home/runner/simulations/TestJob01_temp_1/SIMFACTORY/exe/cactus_sim
Parameter file:    /home/runner/simulations/TestJob01_temp_1/output-0000/arrangements/CanudaX/CanudaX_BSSNMoL/test/gaugewave.par
--------------------------------------------------------------------------------

Activating thorn Cactus...Success -> active implementation Cactus
Activation requested for 
--->ADMBaseX CanudaX_BSSNMoL CanudaX_ExactID CarpetX IOUtil ODESolvers TmunuBaseX<---
Thorn ADMBaseX requests automatic activation of Loop
Thorn CarpetX requests automatic activation of AMReX
Thorn CarpetX requests automatic activation of MPI
Thorn CarpetX requests automatic activation of yaml_cpp
Thorn CarpetX requests automatic activation of zlib
Thorn CarpetX requests automatic activation of Arith
Thorn CarpetX requests automatic activation of CarpetXRegrid
Thorn CarpetX requests automatic activation of ADIOS2
Thorn CarpetX requests automatic activation of openPMD
Thorn CarpetX requests automatic activation of Silo
Thorn ADIOS2 requests automatic activation of CMake
Thorn Arith requests automatic activation of NSIMD
Thorn MPI requests automatic activation of hwloc
Thorn openPMD requests automatic activation of HDF5
Activating thorn ADIOS2...Success -> active implementation ADIOS2
Activating thorn ADMBaseX...Success -> active implementation ADMBaseX
Activating thorn AMReX...Success -> active implementation AMReX
Activating thorn Arith...Success -> active implementation Arith
Activating thorn CanudaX_BSSNMoL...Success -> active implementation CanudaX_BSSNMoL
Activating thorn CanudaX_ExactID...Success -> active implementation CanudaX_ExactID
Activating thorn CarpetX...Success -> active implementation Driver
Activating thorn CarpetXRegrid...Success -> active implementation CarpetXRegrid
Activating thorn CMake...Success -> active implementation CMake
Activating thorn HDF5...Success -> active implementation HDF5
Activating thorn hwloc...Success -> active implementation hwloc
Activating thorn IOUtil...Success -> active implementation IO
Activating thorn Loop...Success -> active implementation Loop
Activating thorn MPI...Success -> active implementation MPI
Activating thorn NSIMD...Success -> active implementation NSIMD
Activating thorn ODESolvers...Success -> active implementation ODESolvers
Activating thorn openPMD...Success -> active implementation openPMD
Activating thorn Silo...Success -> active implementation Silo
Activating thorn TmunuBaseX...Success -> active implementation TmunuBaseX
Activating thorn yaml_cpp...Success -> active implementation yaml_cpp
Activating thorn zlib...Success -> active implementation zlib
--------------------------------------------------------------------------------
  if (recover initial data)
    Recover parameters
  endif

  Startup routines
    [CCTK_STARTUP]
      CarpetX::Driver_Startup: Start up the driver
      IOUtil::IOUtil_Startup: Startup routine
      GROUP hwloc_startup: hwloc startup group
        hwloc::hwloc_version: Output hwloc version

  Startup routines which need an existing grid hierarchy
    [CCTK_WRAGH]
      Arith::Test_smallvector: [meta] Test small vectors
      Arith::Test_spvect: [meta] Test sparse vectors
      ODESolvers::ODESolvers_InitConstants: [global] Set up dummy loop counters for schedule printout
  Parameter checking routines
    [CCTK_PARAMCHECK]
      CanudaX_BSSNMoL::CanudaX_BSSNMoL_paramcheck: Check CanudaX_BSSNMoL parameters for consistency

  Initialisation
    if (NOT (recover initial data AND recovery_mode is 'strict'))
      [CCTK_PREREGRIDINITIAL]
      Set up grid hierarchy
      [CCTK_POSTREGRIDINITIAL]
      [CCTK_BASEGRID]
        CarpetXRegrid::CarpetXRegrid_InitError: Initialize regridding error to zero
        GROUP ODESolvers_BaseGrid: Set up constants (e.g. coordinates) everywhere on the grid
      [CCTK_INITIAL]
        GROUP TmunuBaseX_SetTmunuVars: Schedule group for setting T_munu
          TmunuBaseX::TmunuBaseX_ZeroTmunu: Set T_munu to zero
          GROUP TmunuBaseX_AddToTmunu: Add to T_munu here
        GROUP ODESolvers_Initial: Set up initial conditions on interior of state vector
          GROUP ADMBaseX_InitialData: Schedule group for calculating ADM initial data
            GROUP CanudaX_ExactIDGroup: CanudaX_ExactID group for setting up initial data
              CanudaX_ExactID::CanudaX_ExactID_GaugeWave: [local] Create gauge wave initial data
          GROUP ADMBaseX_InitialGauge: Schedule group for the ADM initial gauge condition
            ADMBaseX::ADMBaseX_initial_dtlapse: Set dtlapse to zero
            ADMBaseX::ADMBaseX_initial_dtshift: Set dtshift to zero
          GROUP ADMBaseX_PostInitial: Schedule group for modifying the ADM initial data, such as e.g. adding noise
        GROUP CanudaX_BSSNMoL_InitialGroup: CanudaX_BSSNMoL: initial bin
          CanudaX_BSSNMoL::CanudaX_BSSNMoL_adm2bssn: [local] Convert initial data into BSSN variables
          CanudaX_BSSNMoL::CanudaX_BSSNMoL_gammat: [local] Set Gammat initial data
      [CCTK_POSTINITIAL]
        GROUP ODESolvers_PostStep: Apply boundary conditions to state vector, and project if necessary
          GROUP CanudaX_BSSNMoL_PostStepGroup: CanudaX_BSSNMoL: post-step operations
            CanudaX_BSSNMoL::CanudaX_BSSNMoL_impose_conf_fac_floor: Make sure conformal factor does not drop below specified value
            CanudaX_BSSNMoL::CanudaX_BSSNMoL_reset_detmetric: reset dethh = 1
            CanudaX_BSSNMoL::CanudaX_BSSNMoL_remove_trA: Remove trace of A
            CanudaX_BSSNMoL::CanudaX_BSSNMoL_sync: [global] Sync state vector
            CanudaX_BSSNMoL::CanudaX_BSSNMoL_bssn2adm: [local] Convert variables back to the ADM ones
          GROUP ADMBaseX_SetADMRHS: Set ADM RHS variables in this group
          GROUP ADMBaseX_SetADMVars: Set ADM variables in this group
          GROUP TmunuBaseX_SetTmunuVars: Schedule group for setting T_munu
            TmunuBaseX::TmunuBaseX_ZeroTmunu: Set T_munu to zero
            GROUP TmunuBaseX_AddToTmunu: Add to T_munu here
        GROUP ODESolvers_EstimateError: Estimate discretization error (for regridding)
      Initialise finer grids recursively
      Restrict from finer grids
      [CCTK_POSTRESTRICTINITIAL]
      [CCTK_POSTPOSTINITIAL]
      [CCTK_POSTSTEP]
        GROUP ODESolvers_EstimateError: Estimate discretization error (for regridding)
    endif
    if (recover initial data)
      [CCTK_BASEGRID]
        CarpetXRegrid::CarpetXRegrid_InitError: Initialize regridding error to zero
        GROUP ODESolvers_BaseGrid: Set up constants (e.g. coordinates) everywhere on the grid
      [CCTK_RECOVER_VARIABLES]
      [CCTK_POST_RECOVER_VARIABLES]
        GROUP ODESolvers_PostStep: Apply boundary conditions to state vector, and project if necessary
          GROUP CanudaX_BSSNMoL_PostStepGroup: CanudaX_BSSNMoL: post-step operations
            CanudaX_BSSNMoL::CanudaX_BSSNMoL_impose_conf_fac_floor: Make sure conformal factor does not drop below specified value
            CanudaX_BSSNMoL::CanudaX_BSSNMoL_reset_detmetric: reset dethh = 1
            CanudaX_BSSNMoL::CanudaX_BSSNMoL_remove_trA: Remove trace of A
            CanudaX_BSSNMoL::CanudaX_BSSNMoL_sync: [global] Sync state vector
            CanudaX_BSSNMoL::CanudaX_BSSNMoL_bssn2adm: [local] Convert variables back to the ADM ones
          GROUP ADMBaseX_SetADMRHS: Set ADM RHS variables in this group
          GROUP ADMBaseX_SetADMVars: Set ADM variables in this group
          GROUP TmunuBaseX_SetTmunuVars: Schedule group for setting T_munu
            TmunuBaseX::TmunuBaseX_ZeroTmunu: Set T_munu to zero
            GROUP TmunuBaseX_AddToTmunu: Add to T_munu here
        GROUP ODESolvers_EstimateError: Estimate discretization error (for regridding)
    endif
    if (checkpoint initial data)
      [CCTK_CPINITIAL]
        CarpetX::CarpetX_CheckpointInitial: [meta] Checkpoint initial conditions
    endif
    if (analysis)
      [CCTK_ANALYSIS]
        CanudaX_BSSNMoL::CanudaX_BSSNMoL_bssn_constraints: Compute constraints
        GROUP ODESolvers_Analysis: Calculate analysis quantities everywhere
  endif
  Output grid variables

  do loop over timesteps
    [CCTK_PREREGRID]
    Change grid hierarchy
    [CCTK_POSTREGRID]
      GROUP ODESolvers_PostStep: Apply boundary conditions to state vector, and project if necessary
        GROUP CanudaX_BSSNMoL_PostStepGroup: CanudaX_BSSNMoL: post-step operations
          CanudaX_BSSNMoL::CanudaX_BSSNMoL_impose_conf_fac_floor: Make sure conformal factor does not drop below specified value
          CanudaX_BSSNMoL::CanudaX_BSSNMoL_reset_detmetric: reset dethh = 1
          CanudaX_BSSNMoL::CanudaX_BSSNMoL_remove_trA: Remove trace of A
          CanudaX_BSSNMoL::CanudaX_BSSNMoL_sync: [global] Sync state vector
          CanudaX_BSSNMoL::CanudaX_BSSNMoL_bssn2adm: [local] Convert variables back to the ADM ones
        GROUP ADMBaseX_SetADMRHS: Set ADM RHS variables in this group
        GROUP ADMBaseX_SetADMVars: Set ADM variables in this group
        GROUP TmunuBaseX_SetTmunuVars: Schedule group for setting T_munu
          TmunuBaseX::TmunuBaseX_ZeroTmunu: Set T_munu to zero
          GROUP TmunuBaseX_AddToTmunu: Add to T_munu here
    Rotate timelevels
    iteration = iteration+1
    t = t+dt
    [CCTK_PRESTEP]
    [CCTK_EVOL]
      ODESolvers::ODESolvers_Solve: [level] Solve ODEs
      while (ODESolvers::do_substeps)
        GROUP ODESolvers_CalledBySolve: Groups internally scheduled by ODESolvers_Solve
          GROUP ODESolvers_RHS: Evaluate the RHS for of state vector everywhere on the grid
            GROUP CanudaX_BSSNMoL_RHSGroup: CanudaX_BSSNMoL: calculate BSSN RHS
              CanudaX_BSSNMoL::CanudaX_BSSNMoL_calc_bssn_rhs: MoL RHS calculation
              CanudaX_BSSNMoL::CanudaX_BSSNMoL_apply_boundary_conditions: Apply radiative boundary conditions 
          GROUP ODESolvers_PostStep: Apply boundary conditions to state vector, and project if necessary
            GROUP CanudaX_BSSNMoL_PostStepGroup: CanudaX_BSSNMoL: post-step operations
              CanudaX_BSSNMoL::CanudaX_BSSNMoL_impose_conf_fac_floor: Make sure conformal factor does not drop below specified value
              CanudaX_BSSNMoL::CanudaX_BSSNMoL_reset_detmetric: reset dethh = 1
              CanudaX_BSSNMoL::CanudaX_BSSNMoL_remove_trA: Remove trace of A
              CanudaX_BSSNMoL::CanudaX_BSSNMoL_sync: [global] Sync state vector
              CanudaX_BSSNMoL::CanudaX_BSSNMoL_bssn2adm: [local] Convert variables back to the ADM ones
            GROUP ADMBaseX_SetADMRHS: Set ADM RHS variables in this group
            GROUP ADMBaseX_SetADMVars: Set ADM variables in this group
            GROUP TmunuBaseX_SetTmunuVars: Schedule group for setting T_munu
              TmunuBaseX::TmunuBaseX_ZeroTmunu: Set T_munu to zero
              GROUP TmunuBaseX_AddToTmunu: Add to T_munu here
      end while
    Evolve finer grids recursively
    Restrict from finer grids
    [CCTK_POSTRESTRICT]
      GROUP ODESolvers_PostStep: Apply boundary conditions to state vector, and project if necessary
        GROUP CanudaX_BSSNMoL_PostStepGroup: CanudaX_BSSNMoL: post-step operations
          CanudaX_BSSNMoL::CanudaX_BSSNMoL_impose_conf_fac_floor: Make sure conformal factor does not drop below specified value
          CanudaX_BSSNMoL::CanudaX_BSSNMoL_reset_detmetric: reset dethh = 1
          CanudaX_BSSNMoL::CanudaX_BSSNMoL_remove_trA: Remove trace of A
          CanudaX_BSSNMoL::CanudaX_BSSNMoL_sync: [global] Sync state vector
          CanudaX_BSSNMoL::CanudaX_BSSNMoL_bssn2adm: [local] Convert variables back to the ADM ones
        GROUP ADMBaseX_SetADMRHS: Set ADM RHS variables in this group
        GROUP ADMBaseX_SetADMVars: Set ADM variables in this group
        GROUP TmunuBaseX_SetTmunuVars: Schedule group for setting T_munu
          TmunuBaseX::TmunuBaseX_ZeroTmunu: Set T_munu to zero
          GROUP TmunuBaseX_AddToTmunu: Add to T_munu here
    [CCTK_POSTSTEP]
      GROUP ODESolvers_EstimateError: Estimate discretization error (for regridding)
    if (checkpoint)
      [CCTK_CHECKPOINT]
      CarpetX::CarpetX_Checkpoint: [meta] Checkpoint
    endif
    if (analysis)
      [CCTK_ANALYSIS]
      CanudaX_BSSNMoL::CanudaX_BSSNMoL_bssn_constraints: Compute constraints
      GROUP ODESolvers_Analysis: Calculate analysis quantities everywhere
    endif
    Output grid variables
    enddo

  Termination routines
    [CCTK_TERMINATE]
      CarpetX::CarpetX_CheckpointTerminate: [meta] Checkpoint before terminating

  Shutdown routines
    [CCTK_SHUTDOWN]
      CarpetX::Driver_Shutdown: [meta] Shut down the driver

  Routines run after changing the grid hierarchy:
    [CCTK_POSTREGRID]
      GROUP ODESolvers_PostStep: Apply boundary conditions to state vector, and project if necessary
        GROUP CanudaX_BSSNMoL_PostStepGroup: CanudaX_BSSNMoL: post-step operations
          CanudaX_BSSNMoL::CanudaX_BSSNMoL_impose_conf_fac_floor: Make sure conformal factor does not drop below specified value
          CanudaX_BSSNMoL::CanudaX_BSSNMoL_reset_detmetric: reset dethh = 1
          CanudaX_BSSNMoL::CanudaX_BSSNMoL_remove_trA: Remove trace of A
          CanudaX_BSSNMoL::CanudaX_BSSNMoL_sync: [global] Sync state vector
          CanudaX_BSSNMoL::CanudaX_BSSNMoL_bssn2adm: [local] Convert variables back to the ADM ones
        GROUP ADMBaseX_SetADMRHS: Set ADM RHS variables in this group
        GROUP ADMBaseX_SetADMVars: Set ADM variables in this group
        GROUP TmunuBaseX_SetTmunuVars: Schedule group for setting T_munu
          TmunuBaseX::TmunuBaseX_ZeroTmunu: Set T_munu to zero
          GROUP TmunuBaseX_AddToTmunu: Add to T_munu here
--------------------------------------------------------------------------------
INFO (hwloc): library version 2.10.0, API version 0x20800
--------------------------------------------------------------------------------

  [34m  ▕▏  [34m  ▕▏  [34m  ▕▏  [34m  ▕▏  [34m  ▕▏  [34m  ▕▏  [34m  ▕▏  [34m  ▕▏  [34m  ▕▏  [39m  
  [34m──██──[34m──██──[34m──██──[34m──██──[34m──██──[34m──██──[34m──██──[34m──██──[34m──██──[39m  
  [34m  ▕▏  [34m  ▕▏  [34m  ▕▏  [34m  ▕▏  [34m  ▕▏  [34m  ▕▏  [34m  ▕▏  [34m  ▕▏  [34m  ▕▏  [39m  
  [34m  ▕▏  [32m██████[34m  ▕▏  [34m  ▕▏  [32m██████[34m  ▕▏  [34m  ▕▏  [32m██████[34m  ▕▏  [39m  
  [34m──██──[32m██████[34m──██──[34m──██──[32m██████[34m──██──[34m──██──[32m██████[34m──██──[39m  
  [34m  ▕▏  [32m██████[34m  ▕▏  [34m  ▕▏  [32m██████[34m  ▕▏  [34m  ▕▏  [32m██████[34m  ▕▏  [39m  
  [34m  ▕▏  [34m  ▕▏  [34m  ▕▏  [34m  ▕▏  [34m  ▕▏  [34m  ▕▏  [34m  ▕▏  [34m  ▕▏  [34m  ▕▏  [39m  
  [34m──██──[34m──██──[34m──██──[34m──██──[34m──██──[34m──██──[34m──██──[34m──██──[34m──██──[39m  
  [34m  ▕▏  [34m  ▕▏  [34m  ▕▏  [34m  ▕▏  [34m  ▕▏  [34m  ▕▏  [34m  ▕▏  [34m  ▕▏  [34m  ▕▏  [39m  
  [34m  ▕▏  [34m  ▕▏  [34m  ▕▏  [31m██████[31m██████[31m██████[34m  ▕▏  [34m  ▕▏  [34m  ▕▏  [39m  
  [34m──██──[34m──██──[34m──██──[31m██████[31m██████[31m██████[34m──██──[34m──██──[34m──██──[39m  
  [34m  ▕▏  [34m  ▕▏  [34m  ▕▏  [31m██████[31m██████[31m██████[34m  ▕▏  [34m  ▕▏  [34m  ▕▏  [39m  
  [34m  ▕▏  [32m██████[34m  ▕▏  [31m██████[31m██████[31m██████[34m  ▕▏  [32m██████[34m  ▕▏  [39m  
  [34m──██──[32m██████[34m──██──[31m██████[31m██████[31m██████[34m──██──[32m██████[34m──██──[39m  
  [34m  ▕▏  [32m██████[34m  ▕▏  [31m██████[31m██████[31m██████[34m  ▕▏  [32m██████[34m  ▕▏  [39m  
  [34m  ▕▏  [34m  ▕▏  [34m  ▕▏  [31m██████[31m██████[31m██████[34m  ▕▏  [34m  ▕▏  [34m  ▕▏  [39m  
  [34m──██──[34m──██──[34m──██──[31m██████[31m██████[31m██████[34m──██──[34m──██──[34m──██──[39m  
  [34m  ▕▏  [34m  ▕▏  [34m  ▕▏  [31m██████[31m██████[31m██████[34m  ▕▏  [34m  ▕▏  [34m  ▕▏  [39m  
  [34m  ▕▏  [34m  ▕▏  [34m  ▕▏  [34m  ▕▏  [34m  ▕▏  [34m  ▕▏  [34m  ▕▏  [34m  ▕▏  [34m  ▕▏  [39m  
  [34m──██──[34m──██──[34m──██──[34m──██──[34m──██──[34m──██──[34m──██──[34m──██──[34m──██──[39m  
  [34m  ▕▏  [34m  ▕▏  [34m  ▕▏  [34m  ▕▏  [34m  ▕▏  [34m  ▕▏  [34m  ▕▏  [34m  ▕▏  [34m  ▕▏  [39m  
  [34m  ▕▏  [32m██████[34m  ▕▏  [34m  ▕▏  [32m██████[34m  ▕▏  [34m  ▕▏  [32m██████[34m  ▕▏  [39m  
  [34m──██──[32m██████[34m──██──[34m──██──[32m██████[34m──██──[34m──██──[32m██████[34m──██──[39m  
  [34m  ▕▏  [32m██████[34m  ▕▏  [34m  ▕▏  [32m██████[34m  ▕▏  [34m  ▕▏  [32m██████[34m  ▕▏  [39m  
  [34m  ▕▏  [34m  ▕▏  [34m  ▕▏  [34m  ▕▏  [34m  ▕▏  [34m  ▕▏  [34m  ▕▏  [34m  ▕▏  [34m  ▕▏  [39m  
  [34m──██──[34m──██──[34m──██──[34m──██──[34m──██──[34m──██──[34m──██──[34m──██──[34m──██──[39m  
  [34m  ▕▏  [34m  ▕▏  [34m  ▕▏  [34m  ▕▏  [34m  ▕▏  [34m  ▕▏  [34m  ▕▏  [34m  ▕▏  [34m  ▕▏  [39m  

AMR driver provided by CarpetX,
using AMReX 25.11 (MPI, OpenMP, no accelerators, debug)
--------------------------------------------------------------------------------

Initializing AMReX (25.11)...
MPI initialized with 1 MPI processes
MPI initialized with thread support level 2
OMP initialized with 2 OMP threads
AMReX (25.11) initialized
INFO (CarpetX): 
Symmetries:
  lower x: periodic
  lower y: periodic
  lower z: periodic
  upper x: periodic
  upper y: periodic
  upper z: periodic
Default boundaries:
  lower x: symmetry_boundary
  lower y: symmetry_boundary
  lower z: symmetry_boundary
  upper x: symmetry_boundary
  upper y: symmetry_boundary
  upper z: symmetry_boundary
INFO (Arith): Test_smallvector
INFO (Arith): Test_spvect
INFO (CarpetX): Setting initial values for max_grid_size values for all levels
INFO (CarpetX): Setting up initial conditions...
INFO (CarpetX): Iteration: 0   time: 0   delta_time: 0.00390625
INFO (CarpetX): Patch 0:
INFO (CarpetX):   Grid extent:
INFO (CarpetX):     gsh=[71,15,15]
INFO (CarpetX):     blocking_factor=[8,8,8]
INFO (CarpetX):     max_grid_size=[10000000,10000000,10000000]
INFO (CarpetX):     max_tile_size=[1024000,16,32]
INFO (CarpetX):   Domain extent:
INFO (CarpetX):     xmin=[-0.5,-0.0625,-0.0625]
INFO (CarpetX):     xmax=[0.5,0.0625,0.0625]
INFO (CarpetX):     base dx=[0.015625,0.015625,0.015625]
INFO (CarpetX): Initializing level 0...
INFO (CanudaX_ExactID): Begin Gauge Wave initial data
INFO (CanudaX_ExactID): === End gauge wave initial data ===
INFO (CarpetX): Regridding...
INFO (CarpetX):   level 0: 1 boxes, 4096 cells (100%)
INFO (CarpetX): Initialized 1 levels
INFO (CarpetX): OutputGH: iteration 0, time 0.000000, run time 1 s
INFO (CarpetX): OutputGH done.
INFO (CarpetX): Starting evolution...
INFO (ODESolvers): ODE integrator is RK4
INFO (CarpetX): OutputGH: iteration 1, time 0.003906, run time 2 s
INFO (CarpetX): OutputGH done.
INFO (CarpetX): Simulation time: 0.00390625   Iterations per second: 14.5843   Simulation time per second: 0.05697
INFO (CarpetX): Grid cells: 4096   Grid cell updates per second: 59737.4
INFO (CarpetX): Performance:
INFO (CarpetX):   total evolution time:            0.0685668 sec
INFO (CarpetX):   total evolution compute time:    0.0685589 sec
INFO (CarpetX):   total evolution output time:     7.86781e-06 sec
INFO (CarpetX):   total iterations:                1
INFO (CarpetX):   total cells updated:             4096
INFO (CarpetX):   average iterations per second: 14.5843
INFO (CarpetX):   average cell updates per second: 59737.4
INFO (CarpetX): OutputGH: iteration 2, time 0.007812, run time 2 s
INFO (CarpetX): OutputGH done.
INFO (CarpetX): Simulation time: 0.0078125   Iterations per second: 14.7436   Simulation time per second: 0.0575923
INFO (CarpetX): Grid cells: 4096   Grid cell updates per second: 60389.9
INFO (CarpetX): Performance:
INFO (CarpetX):   total evolution time:            0.135652 sec
INFO (CarpetX):   total evolution compute time:    0.135635 sec
INFO (CarpetX):   total evolution output time:     1.69277e-05 sec
INFO (CarpetX):   total iterations:                2
INFO (CarpetX):   total cells updated:             8192
INFO (CarpetX):   average iterations per second: 14.7436
INFO (CarpetX):   average cell updates per second: 60389.9
INFO (CarpetX): OutputGH: iteration 3, time 0.011719, run time 2 s
INFO (CarpetX): OutputGH done.
INFO (CarpetX): Simulation time: 0.0117188   Iterations per second: 14.8503   Simulation time per second: 0.0580091
INFO (CarpetX): Grid cells: 4096   Grid cell updates per second: 60826.9
INFO (CarpetX): Performance:
INFO (CarpetX):   total evolution time:            0.202016 sec
INFO (CarpetX):   total evolution compute time:    0.20199 sec
INFO (CarpetX):   total evolution output time:     2.59876e-05 sec
INFO (CarpetX):   total iterations:                3
INFO (CarpetX):   total cells updated:             12288
INFO (CarpetX):   average iterations per second: 14.8503
INFO (CarpetX):   average cell updates per second: 60826.9
INFO (CarpetX): OutputGH: iteration 4, time 0.015625, run time 2 s
INFO (CarpetX): OutputGH done.
INFO (CarpetX): Simulation time: 0.015625   Iterations per second: 14.8674   Simulation time per second: 0.0580756
INFO (CarpetX): Grid cells: 4096   Grid cell updates per second: 60896.7
INFO (CarpetX): Performance:
INFO (CarpetX):   total evolution time:            0.269046 sec
INFO (CarpetX):   total evolution compute time:    0.26901 sec
INFO (CarpetX):   total evolution output time:     3.60012e-05 sec
INFO (CarpetX):   total iterations:                4
INFO (CarpetX):   total cells updated:             16384
INFO (CarpetX):   average iterations per second: 14.8674
INFO (CarpetX):   average cell updates per second: 60896.7
INFO (CarpetX): OutputGH: iteration 5, time 0.019531, run time 2 s
INFO (CarpetX): OutputGH done.
INFO (CarpetX): Simulation time: 0.0195312   Iterations per second: 14.8964   Simulation time per second: 0.0581892
INFO (CarpetX): Grid cells: 4096   Grid cell updates per second: 61015.8
INFO (CarpetX): Performance:
INFO (CarpetX):   total evolution time:            0.335651 sec
INFO (CarpetX):   total evolution compute time:    0.335607 sec
INFO (CarpetX):   total evolution output time:     4.41074e-05 sec
INFO (CarpetX):   total iterations:                5
INFO (CarpetX):   total cells updated:             20480
INFO (CarpetX):   average iterations per second: 14.8964
INFO (CarpetX):   average cell updates per second: 61015.8
INFO (CarpetX): OutputGH: iteration 6, time 0.023438, run time 2 s
INFO (CarpetX): OutputGH done.
INFO (CarpetX): Simulation time: 0.0234375   Iterations per second: 14.9111   Simulation time per second: 0.0582465
INFO (CarpetX): Grid cells: 4096   Grid cell updates per second: 61075.9
INFO (CarpetX): Performance:
INFO (CarpetX):   total evolution time:            0.402385 sec
INFO (CarpetX):   total evolution compute time:    0.402335 sec
INFO (CarpetX):   total evolution output time:     5.00679e-05 sec
INFO (CarpetX):   total iterations:                6
INFO (CarpetX):   total cells updated:             24576
INFO (CarpetX):   average iterations per second: 14.9111
INFO (CarpetX):   average cell updates per second: 61075.9
INFO (CarpetX): OutputGH: iteration 7, time 0.027344, run time 2 s
INFO (CarpetX): OutputGH done.
INFO (CarpetX): Simulation time: 0.0273438   Iterations per second: 14.9392   Simulation time per second: 0.0583562
INFO (CarpetX): Grid cells: 4096   Grid cell updates per second: 61190.9
INFO (CarpetX): Performance:
INFO (CarpetX):   total evolution time:            0.468567 sec
INFO (CarpetX):   total evolution compute time:    0.468512 sec
INFO (CarpetX):   total evolution output time:     5.50747e-05 sec
INFO (CarpetX):   total iterations:                7
INFO (CarpetX):   total cells updated:             28672
INFO (CarpetX):   average iterations per second: 14.9392
INFO (CarpetX):   average cell updates per second: 61190.9
INFO (CarpetX): OutputGH: iteration 8, time 0.031250, run time 2 s
INFO (CarpetX): OutputGH done.
INFO (CarpetX): Simulation time: 0.03125   Iterations per second: 14.956   Simulation time per second: 0.0584217
INFO (CarpetX): Grid cells: 4096   Grid cell updates per second: 61259.6
INFO (CarpetX): Performance:
INFO (CarpetX):   total evolution time:            0.534904 sec
INFO (CarpetX):   total evolution compute time:    0.534843 sec
INFO (CarpetX):   total evolution output time:     6.10352e-05 sec
INFO (CarpetX):   total iterations:                8
INFO (CarpetX):   total cells updated:             32768
INFO (CarpetX):   average iterations per second: 14.956
INFO (CarpetX):   average cell updates per second: 61259.6
INFO (CarpetX): OutputGH: iteration 9, time 0.035156, run time 2 s
INFO (CarpetX): OutputGH done.
INFO (CarpetX): Simulation time: 0.0351562   Iterations per second: 14.9664   Simulation time per second: 0.0584626
INFO (CarpetX): Grid cells: 4096   Grid cell updates per second: 61302.5
INFO (CarpetX): Performance:
INFO (CarpetX):   total evolution time:            0.601346 sec
INFO (CarpetX):   total evolution compute time:    0.601279 sec
INFO (CarpetX):   total evolution output time:     6.69956e-05 sec
INFO (CarpetX):   total iterations:                9
INFO (CarpetX):   total cells updated:             36864
INFO (CarpetX):   average iterations per second: 14.9664
INFO (CarpetX):   average cell updates per second: 61302.5
INFO (CarpetX): OutputGH: iteration 10, time 0.039062, run time 2 s
INFO (CarpetX): OutputGH done.
INFO (CarpetX): Simulation time: 0.0390625   Iterations per second: 14.9718   Simulation time per second: 0.0584835
INFO (CarpetX): Grid cells: 4096   Grid cell updates per second: 61324.3
INFO (CarpetX): Performance:
INFO (CarpetX):   total evolution time:            0.667924 sec
INFO (CarpetX):   total evolution compute time:    0.667838 sec
INFO (CarpetX):   total evolution output time:     8.60691e-05 sec
INFO (CarpetX):   total iterations:                10
INFO (CarpetX):   total cells updated:             40960
INFO (CarpetX):   average iterations per second: 14.9718
INFO (CarpetX):   average cell updates per second: 61324.3
INFO (CarpetX): OutputGH: iteration 11, time 0.042969, run time 2 s
INFO (CarpetX): OutputGH done.
INFO (CarpetX): Simulation time: 0.0429688   Iterations per second: 14.9736   Simulation time per second: 0.0584908
INFO (CarpetX): Grid cells: 4096   Grid cell updates per second: 61332
INFO (CarpetX): Performance:
INFO (CarpetX):   total evolution time:            0.734633 sec
INFO (CarpetX):   total evolution compute time:    0.734542 sec
INFO (CarpetX):   total evolution output time:     9.10759e-05 sec
INFO (CarpetX):   total iterations:                11
INFO (CarpetX):   total cells updated:             45056
INFO (CarpetX):   average iterations per second: 14.9735
INFO (CarpetX):   average cell updates per second: 61331.3
INFO (CarpetX): OutputGH: iteration 12, time 0.046875, run time 2 s
INFO (CarpetX): OutputGH done.
INFO (CarpetX): Simulation time: 0.046875   Iterations per second: 14.986   Simulation time per second: 0.0585391
INFO (CarpetX): Grid cells: 4096   Grid cell updates per second: 61382.7
INFO (CarpetX): Performance:
INFO (CarpetX):   total evolution time:            0.800866 sec
INFO (CarpetX):   total evolution compute time:    0.800769 sec
INFO (CarpetX):   total evolution output time:     9.70364e-05 sec
INFO (CarpetX):   total iterations:                12
INFO (CarpetX):   total cells updated:             49152
INFO (CarpetX):   average iterations per second: 14.9838
INFO (CarpetX):   average cell updates per second: 61373.6
INFO (CarpetX): OutputGH: iteration 13, time 0.050781, run time 2 s
INFO (CarpetX): OutputGH done.
INFO (CarpetX): Simulation time: 0.0507812   Iterations per second: 14.9887   Simulation time per second: 0.0585497
INFO (CarpetX): Grid cells: 4096   Grid cell updates per second: 61393.8
INFO (CarpetX): Performance:
INFO (CarpetX):   total evolution time:            0.867474 sec
INFO (CarpetX):   total evolution compute time:    0.867371 sec
INFO (CarpetX):   total evolution output time:     0.000103235 sec
INFO (CarpetX):   total iterations:                13
INFO (CarpetX):   total cells updated:             53248
INFO (CarpetX):   average iterations per second: 14.986
INFO (CarpetX):   average cell updates per second: 61382.8
INFO (CarpetX): OutputGH: iteration 14, time 0.054688, run time 2 s
INFO (CarpetX): OutputGH done.
INFO (CarpetX): Simulation time: 0.0546875   Iterations per second: 15.0073   Simulation time per second: 0.0586222
INFO (CarpetX): Grid cells: 4096   Grid cell updates per second: 61469.9
INFO (CarpetX): Performance:
INFO (CarpetX):   total evolution time:            0.933365 sec
INFO (CarpetX):   total evolution compute time:    0.933253 sec
INFO (CarpetX):   total evolution output time:     0.000112295 sec
INFO (CarpetX):   total iterations:                14
INFO (CarpetX):   total cells updated:             57344
INFO (CarpetX):   average iterations per second: 14.9995
INFO (CarpetX):   average cell updates per second: 61437.9
INFO (CarpetX): OutputGH: iteration 15, time 0.058594, run time 3 s
INFO (CarpetX): OutputGH done.
INFO (CarpetX): Simulation time: 0.0585938   Iterations per second: 15.0222   Simulation time per second: 0.0586803
INFO (CarpetX): Grid cells: 4096   Grid cell updates per second: 61530.7
INFO (CarpetX): Performance:
INFO (CarpetX):   total evolution time:            0.99934 sec
INFO (CarpetX):   total evolution compute time:    0.999219 sec
INFO (CarpetX):   total evolution output time:     0.000121355 sec
INFO (CarpetX):   total iterations:                15
INFO (CarpetX):   total cells updated:             61440
INFO (CarpetX):   average iterations per second: 15.0099
INFO (CarpetX):   average cell updates per second: 61480.6
INFO (CarpetX): OutputGH: iteration 16, time 0.062500, run time 3 s
INFO (CarpetX): OutputGH done.
INFO (CarpetX): Simulation time: 0.0625   Iterations per second: 15.0196   Simulation time per second: 0.0586703
INFO (CarpetX): Grid cells: 4096   Grid cell updates per second: 61520.3
INFO (CarpetX): Performance:
INFO (CarpetX):   total evolution time:            1.06602 sec
INFO (CarpetX):   total evolution compute time:    1.06589 sec
INFO (CarpetX):   total evolution output time:     0.000128269 sec
INFO (CarpetX):   total iterations:                16
INFO (CarpetX):   total cells updated:             65536
INFO (CarpetX):   average iterations per second: 15.0091
INFO (CarpetX):   average cell updates per second: 61477.2
INFO (CarpetX): OutputGH: iteration 17, time 0.066406, run time 3 s
INFO (CarpetX): OutputGH done.
INFO (CarpetX): Simulation time: 0.0664062   Iterations per second: 15.0181   Simulation time per second: 0.0586646
INFO (CarpetX): Grid cells: 4096   Grid cell updates per second: 61514.3
INFO (CarpetX): Performance:
INFO (CarpetX):   total evolution time:            1.13267 sec
INFO (CarpetX):   total evolution compute time:    1.13253 sec
INFO (CarpetX):   total evolution output time:     0.000137329 sec
INFO (CarpetX):   total iterations:                17
INFO (CarpetX):   total cells updated:             69632
INFO (CarpetX):   average iterations per second: 15.0088
INFO (CarpetX):   average cell updates per second: 61476.2
INFO (CarpetX): OutputGH: iteration 18, time 0.070312, run time 3 s
INFO (CarpetX): OutputGH done.
INFO (CarpetX): Simulation time: 0.0703125   Iterations per second: 15.0239   Simulation time per second: 0.0586872
INFO (CarpetX): Grid cells: 4096   Grid cell updates per second: 61538
INFO (CarpetX): Performance:
INFO (CarpetX):   total evolution time:            1.199 sec
INFO (CarpetX):   total evolution compute time:    1.19885 sec
INFO (CarpetX):   total evolution output time:     0.000145197 sec
INFO (CarpetX):   total iterations:                18
INFO (CarpetX):   total cells updated:             73728
INFO (CarpetX):   average iterations per second: 15.0126
INFO (CarpetX):   average cell updates per second: 61491.5
INFO (CarpetX): OutputGH: iteration 19, time 0.074219, run time 3 s
INFO (CarpetX): OutputGH done.
INFO (CarpetX): Simulation time: 0.0742188   Iterations per second: 15.0259   Simulation time per second: 0.0586949
INFO (CarpetX): Grid cells: 4096   Grid cell updates per second: 61546
INFO (CarpetX): Performance:
INFO (CarpetX):   total evolution time:            1.26547 sec
INFO (CarpetX):   total evolution compute time:    1.26531 sec
INFO (CarpetX):   total evolution output time:     0.00015521 sec
INFO (CarpetX):   total iterations:                19
INFO (CarpetX):   total cells updated:             77824
INFO (CarpetX):   average iterations per second: 15.0142
INFO (CarpetX):   average cell updates per second: 61498.1
INFO (CarpetX): OutputGH: iteration 20, time 0.078125, run time 3 s
INFO (CarpetX): OutputGH done.
INFO (CarpetX): Simulation time: 0.078125   Iterations per second: 15.0384   Simulation time per second: 0.0587436
INFO (CarpetX): Grid cells: 4096   Grid cell updates per second: 61597.1
INFO (CarpetX): Performance:
INFO (CarpetX):   total evolution time:            1.33147 sec
INFO (CarpetX):   total evolution compute time:    1.33131 sec
INFO (CarpetX):   total evolution output time:     0.000162125 sec
INFO (CarpetX):   total iterations:                20
INFO (CarpetX):   total cells updated:             81920
INFO (CarpetX):   average iterations per second: 15.021
INFO (CarpetX):   average cell updates per second: 61526
INFO (CarpetX): OutputGH: iteration 21, time 0.082031, run time 3 s
INFO (CarpetX): OutputGH done.
INFO (CarpetX): Simulation time: 0.0820312   Iterations per second: 15.0485   Simulation time per second: 0.0587832
INFO (CarpetX): Grid cells: 4096   Grid cell updates per second: 61638.7
INFO (CarpetX): Performance:
INFO (CarpetX):   total evolution time:            1.39752 sec
INFO (CarpetX):   total evolution compute time:    1.39735 sec
INFO (CarpetX):   total evolution output time:     0.000170231 sec
INFO (CarpetX):   total iterations:                21
INFO (CarpetX):   total cells updated:             86016
INFO (CarpetX):   average iterations per second: 15.0266
INFO (CarpetX):   average cell updates per second: 61549.2
INFO (CarpetX): OutputGH: iteration 22, time 0.085938, run time 3 s
INFO (CarpetX): OutputGH done.
INFO (CarpetX): Simulation time: 0.0859375   Iterations per second: 15.0495   Simulation time per second: 0.0587871
INFO (CarpetX): Grid cells: 4096   Grid cell updates per second: 61642.7
INFO (CarpetX): Performance:
INFO (CarpetX):   total evolution time:            1.46393 sec
INFO (CarpetX):   total evolution compute time:    1.46375 sec
INFO (CarpetX):   total evolution output time:     0.000178337 sec
INFO (CarpetX):   total iterations:                22
INFO (CarpetX):   total cells updated:             90112
INFO (CarpetX):   average iterations per second: 15.0281
INFO (CarpetX):   average cell updates per second: 61555.1
INFO (CarpetX): OutputGH: iteration 23, time 0.089844, run time 3 s
INFO (CarpetX): OutputGH done.
INFO (CarpetX): Simulation time: 0.0898438   Iterations per second: 15.0494   Simulation time per second: 0.0587868
INFO (CarpetX): Grid cells: 4096   Grid cell updates per second: 61642.4
INFO (CarpetX): Performance:
INFO (CarpetX):   total evolution time:            1.53038 sec
INFO (CarpetX):   total evolution compute time:    1.53019 sec
INFO (CarpetX):   total evolution output time:     0.000187397 sec
INFO (CarpetX):   total iterations:                23
INFO (CarpetX):   total cells updated:             94208
INFO (CarpetX):   average iterations per second: 15.029
INFO (CarpetX):   average cell updates per second: 61558.7
INFO (CarpetX): OutputGH: iteration 24, time 0.093750, run time 3 s
INFO (CarpetX): OutputGH done.
INFO (CarpetX): Simulation time: 0.09375   Iterations per second: 15.0379   Simulation time per second: 0.0587418
INFO (CarpetX): Grid cells: 4096   Grid cell updates per second: 61595.3
INFO (CarpetX): Performance:
INFO (CarpetX):   total evolution time:            1.59733 sec
INFO (CarpetX):   total evolution compute time:    1.59714 sec
INFO (CarpetX):   total evolution output time:     0.000195503 sec
INFO (CarpetX):   total iterations:                24
INFO (CarpetX):   total cells updated:             98304
INFO (CarpetX):   average iterations per second: 15.025
INFO (CarpetX):   average cell updates per second: 61542.6
INFO (CarpetX): OutputGH: iteration 25, time 0.097656, run time 3 s
INFO (CarpetX): OutputGH done.
INFO (CarpetX): Simulation time: 0.0976562   Iterations per second: 15.0318   Simulation time per second: 0.0587179
INFO (CarpetX): Grid cells: 4096   Grid cell updates per second: 61570.1
INFO (CarpetX): Performance:
INFO (CarpetX):   total evolution time:            1.6641 sec
INFO (CarpetX):   total evolution compute time:    1.6639 sec
INFO (CarpetX):   total evolution output time:     0.000205517 sec
INFO (CarpetX):   total iterations:                25
INFO (CarpetX):   total cells updated:             102400
INFO (CarpetX):   average iterations per second: 15.0231
INFO (CarpetX):   average cell updates per second: 61534.7
INFO (CarpetX): OutputGH: iteration 26, time 0.101562, run time 3 s
INFO (CarpetX): OutputGH done.
INFO (CarpetX): Simulation time: 0.101562   Iterations per second: 15.018   Simulation time per second: 0.058664
INFO (CarpetX): Grid cells: 4096   Grid cell updates per second: 61513.6
INFO (CarpetX): Performance:
INFO (CarpetX):   total evolution time:            1.73124 sec
INFO (CarpetX):   total evolution compute time:    1.73103 sec
INFO (CarpetX):   total evolution output time:     0.000214338 sec
INFO (CarpetX):   total iterations:                26
INFO (CarpetX):   total cells updated:             106496
INFO (CarpetX):   average iterations per second: 15.0181
INFO (CarpetX):   average cell updates per second: 61514.3
INFO (CarpetX): OutputGH: iteration 27, time 0.105469, run time 3 s
INFO (CarpetX): OutputGH done.
INFO (CarpetX): Simulation time: 0.105469   Iterations per second: 15.0258   Simulation time per second: 0.0586944
INFO (CarpetX): Grid cells: 4096   Grid cell updates per second: 61545.5
INFO (CarpetX): Performance:
INFO (CarpetX):   total evolution time:            1.79748 sec
INFO (CarpetX):   total evolution compute time:    1.79726 sec
INFO (CarpetX):   total evolution output time:     0.000222206 sec
INFO (CarpetX):   total iterations:                27
INFO (CarpetX):   total cells updated:             110592
INFO (CarpetX):   average iterations per second: 15.021
INFO (CarpetX):   average cell updates per second: 61526.1
INFO (CarpetX): OutputGH: iteration 28, time 0.109375, run time 3 s
INFO (CarpetX): OutputGH done.
INFO (CarpetX): Simulation time: 0.109375   Iterations per second: 15.0393   Simulation time per second: 0.0587474
INFO (CarpetX): Grid cells: 4096   Grid cell updates per second: 61601.1
INFO (CarpetX): Performance:
INFO (CarpetX):   total evolution time:            1.86343 sec
INFO (CarpetX):   total evolution compute time:    1.8632 sec
INFO (CarpetX):   total evolution output time:     0.00023222 sec
INFO (CarpetX):   total iterations:                28
INFO (CarpetX):   total cells updated:             114688
INFO (CarpetX):   average iterations per second: 15.026
INFO (CarpetX):   average cell updates per second: 61546.6
INFO (CarpetX): OutputGH: iteration 29, time 0.113281, run time 3 s
INFO (CarpetX): OutputGH done.
INFO (CarpetX): Simulation time: 0.113281   Iterations per second: 15.0344   Simulation time per second: 0.058728
INFO (CarpetX): Grid cells: 4096   Grid cell updates per second: 61580.8
INFO (CarpetX): Performance:
INFO (CarpetX):   total evolution time:            1.93014 sec
INFO (CarpetX):   total evolution compute time:    1.9299 sec
INFO (CarpetX):   total evolution output time:     0.000240326 sec
INFO (CarpetX):   total iterations:                29
INFO (CarpetX):   total cells updated:             118784
INFO (CarpetX):   average iterations per second: 15.0248
INFO (CarpetX):   average cell updates per second: 61541.5
INFO (CarpetX): OutputGH: iteration 30, time 0.117188, run time 4 s
INFO (CarpetX): OutputGH done.
INFO (CarpetX): Simulation time: 0.117188   Iterations per second: 15.0394   Simulation time per second: 0.0587478
INFO (CarpetX): Grid cells: 4096   Grid cell updates per second: 61601.6
INFO (CarpetX): Performance:
INFO (CarpetX):   total evolution time:            1.99643 sec
INFO (CarpetX):   total evolution compute time:    1.99619 sec
INFO (CarpetX):   total evolution output time:     0.000249386 sec
INFO (CarpetX):   total iterations:                30
INFO (CarpetX):   total cells updated:             122880
INFO (CarpetX):   average iterations per second: 15.0268
INFO (CarpetX):   average cell updates per second: 61549.7
INFO (CarpetX): OutputGH: iteration 31, time 0.121094, run time 4 s
INFO (CarpetX): OutputGH done.
INFO (CarpetX): Simulation time: 0.121094   Iterations per second: 15.0469   Simulation time per second: 0.0587771
INFO (CarpetX): Grid cells: 4096   Grid cell updates per second: 61632.3
INFO (CarpetX): Performance:
INFO (CarpetX):   total evolution time:            2.0626 sec
INFO (CarpetX):   total evolution compute time:    2.06234 sec
INFO (CarpetX):   total evolution output time:     0.0002563 sec
INFO (CarpetX):   total iterations:                31
INFO (CarpetX):   total cells updated:             126976
INFO (CarpetX):   average iterations per second: 15.0296
INFO (CarpetX):   average cell updates per second: 61561.3
INFO (CarpetX): OutputGH: iteration 32, time 0.125000, run time 4 s
INFO (CarpetX): OutputGH done.
INFO (CarpetX): Simulation time: 0.125   Iterations per second: 15.0372   Simulation time per second: 0.0587389
INFO (CarpetX): Grid cells: 4096   Grid cell updates per second: 61592.2
INFO (CarpetX): Performance:
INFO (CarpetX):   total evolution time:            2.12949 sec
INFO (CarpetX):   total evolution compute time:    2.12922 sec
INFO (CarpetX):   total evolution output time:     0.00026536 sec
INFO (CarpetX):   total iterations:                32
INFO (CarpetX):   total cells updated:             131072
INFO (CarpetX):   average iterations per second: 15.0271
INFO (CarpetX):   average cell updates per second: 61551
INFO (CarpetX): OutputGH: iteration 33, time 0.128906, run time 4 s
INFO (CarpetX): OutputGH done.
INFO (CarpetX): Simulation time: 0.128906   Iterations per second: 15.0472   Simulation time per second: 0.0587783
INFO (CarpetX): Grid cells: 4096   Grid cell updates per second: 61633.5
INFO (CarpetX): Performance:
INFO (CarpetX):   total evolution time:            2.19554 sec
INFO (CarpetX):   total evolution compute time:    2.19527 sec
INFO (CarpetX):   total evolution output time:     0.00027442 sec
INFO (CarpetX):   total iterations:                33
INFO (CarpetX):   total cells updated:             135168
INFO (CarpetX):   average iterations per second: 15.0304
INFO (CarpetX):   average cell updates per second: 61564.7
INFO (CarpetX): OutputGH: iteration 34, time 0.132812, run time 4 s
INFO (CarpetX): OutputGH done.
INFO (CarpetX): Simulation time: 0.132812   Iterations per second: 15.0279   Simulation time per second: 0.0587028
INFO (CarpetX): Grid cells: 4096   Grid cell updates per second: 61554.3
INFO (CarpetX): Performance:
INFO (CarpetX):   total evolution time:            2.26286 sec
INFO (CarpetX):   total evolution compute time:    2.26257 sec
INFO (CarpetX):   total evolution output time:     0.000284433 sec
INFO (CarpetX):   total iterations:                34
INFO (CarpetX):   total cells updated:             139264
INFO (CarpetX):   average iterations per second: 15.0253
INFO (CarpetX):   average cell updates per second: 61543.5
INFO (CarpetX): OutputGH: iteration 35, time 0.136719, run time 4 s
INFO (CarpetX): OutputGH done.
INFO (CarpetX): Simulation time: 0.136719   Iterations per second: 15.0299   Simulation time per second: 0.0587104
INFO (CarpetX): Grid cells: 4096   Grid cell updates per second: 61562.3
INFO (CarpetX): Performance:
INFO (CarpetX):   total evolution time:            2.32931 sec
INFO (CarpetX):   total evolution compute time:    2.32902 sec
INFO (CarpetX):   total evolution output time:     0.000292301 sec
INFO (CarpetX):   total iterations:                35
INFO (CarpetX):   total cells updated:             143360
INFO (CarpetX):   average iterations per second: 15.0259
INFO (CarpetX):   average cell updates per second: 61546.1
INFO (CarpetX): OutputGH: iteration 36, time 0.140625, run time 4 s
INFO (CarpetX): OutputGH done.
INFO (CarpetX): Simulation time: 0.140625   Iterations per second: 15.0207   Simulation time per second: 0.0586746
INFO (CarpetX): Grid cells: 4096   Grid cell updates per second: 61524.7
INFO (CarpetX): Performance:
INFO (CarpetX):   total evolution time:            2.39625 sec
INFO (CarpetX):   total evolution compute time:    2.39595 sec
INFO (CarpetX):   total evolution output time:     0.000300407 sec
INFO (CarpetX):   total iterations:                36
INFO (CarpetX):   total cells updated:             147456
INFO (CarpetX):   average iterations per second: 15.0235
INFO (CarpetX):   average cell updates per second: 61536.1
INFO (CarpetX): OutputGH: iteration 37, time 0.144531, run time 4 s
INFO (CarpetX): OutputGH done.
INFO (CarpetX): Simulation time: 0.144531   Iterations per second: 15.0328   Simulation time per second: 0.0587219
INFO (CarpetX): Grid cells: 4096   Grid cell updates per second: 61574.4
INFO (CarpetX): Performance:
INFO (CarpetX):   total evolution time:            2.46229 sec
INFO (CarpetX):   total evolution compute time:    2.46198 sec
INFO (CarpetX):   total evolution output time:     0.000308514 sec
INFO (CarpetX):   total iterations:                37
INFO (CarpetX):   total cells updated:             151552
INFO (CarpetX):   average iterations per second: 15.0267
INFO (CarpetX):   average cell updates per second: 61549.2
INFO (CarpetX): OutputGH: iteration 38, time 0.148438, run time 4 s
INFO (CarpetX): OutputGH done.
INFO (CarpetX): Simulation time: 0.148438   Iterations per second: 15.027   Simulation time per second: 0.0586991
INFO (CarpetX): Grid cells: 4096   Grid cell updates per second: 61550.5
INFO (CarpetX): Performance:
INFO (CarpetX):   total evolution time:            2.52907 sec
INFO (CarpetX):   total evolution compute time:    2.52875 sec
INFO (CarpetX):   total evolution output time:     0.000317335 sec
INFO (CarpetX):   total iterations:                38
INFO (CarpetX):   total cells updated:             155648
INFO (CarpetX):   average iterations per second: 15.0253
INFO (CarpetX):   average cell updates per second: 61543.6
INFO (CarpetX): OutputGH: iteration 39, time 0.152344, run time 4 s
INFO (CarpetX): OutputGH done.
INFO (CarpetX): Simulation time: 0.152344   Iterations per second: 15.0156   Simulation time per second: 0.0586546
INFO (CarpetX): Grid cells: 4096   Grid cell updates per second: 61503.8
INFO (CarpetX): Performance:
INFO (CarpetX):   total evolution time:            2.59612 sec
INFO (CarpetX):   total evolution compute time:    2.5958 sec
INFO (CarpetX):   total evolution output time:     0.000325203 sec
INFO (CarpetX):   total iterations:                39
INFO (CarpetX):   total cells updated:             159744
INFO (CarpetX):   average iterations per second: 15.0224
INFO (CarpetX):   average cell updates per second: 61531.8
INFO (CarpetX): OutputGH: iteration 40, time 0.156250, run time 4 s
INFO (CarpetX): OutputGH done.
INFO (CarpetX): Simulation time: 0.15625   Iterations per second: 15.0095   Simulation time per second: 0.0586308
INFO (CarpetX): Grid cells: 4096   Grid cell updates per second: 61478.9
INFO (CarpetX): Performance:
INFO (CarpetX):   total evolution time:            2.66299 sec
INFO (CarpetX):   total evolution compute time:    2.66266 sec
INFO (CarpetX):   total evolution output time:     0.000334263 sec
INFO (CarpetX):   total iterations:                40
INFO (CarpetX):   total cells updated:             163840
INFO (CarpetX):   average iterations per second: 15.0207
INFO (CarpetX):   average cell updates per second: 61524.8
INFO (CarpetX): OutputGH: iteration 41, time 0.160156, run time 4 s
INFO (CarpetX): OutputGH done.
INFO (CarpetX): Simulation time: 0.160156   Iterations per second: 15.0208   Simulation time per second: 0.0586749
INFO (CarpetX): Grid cells: 4096   Grid cell updates per second: 61525.1
INFO (CarpetX): Performance:
INFO (CarpetX):   total evolution time:            2.72911 sec
INFO (CarpetX):   total evolution compute time:    2.72877 sec
INFO (CarpetX):   total evolution output time:     0.000343323 sec
INFO (CarpetX):   total iterations:                41
INFO (CarpetX):   total cells updated:             167936
INFO (CarpetX):   average iterations per second: 15.0232
INFO (CarpetX):   average cell updates per second: 61535
INFO (CarpetX): OutputGH: iteration 42, time 0.164062, run time 4 s
INFO (CarpetX): OutputGH done.
INFO (CarpetX): Simulation time: 0.164062   Iterations per second: 15.0175   Simulation time per second: 0.0586622
INFO (CarpetX): Grid cells: 4096   Grid cell updates per second: 61511.8
INFO (CarpetX): Performance:
INFO (CarpetX):   total evolution time:            2.79583 sec
INFO (CarpetX):   total evolution compute time:    2.79548 sec
INFO (CarpetX):   total evolution output time:     0.000352383 sec
INFO (CarpetX):   total iterations:                42
INFO (CarpetX):   total cells updated:             172032
INFO (CarpetX):   average iterations per second: 15.0224
INFO (CarpetX):   average cell updates per second: 61531.6
INFO (CarpetX): OutputGH: iteration 43, time 0.167969, run time 4 s
INFO (CarpetX): OutputGH done.
INFO (CarpetX): Simulation time: 0.167969   Iterations per second: 15.005   Simulation time per second: 0.0586134
INFO (CarpetX): Grid cells: 4096   Grid cell updates per second: 61460.6
INFO (CarpetX): Performance:
INFO (CarpetX):   total evolution time:            2.86298 sec
INFO (CarpetX):   total evolution compute time:    2.86261 sec
INFO (CarpetX):   total evolution output time:     0.000362396 sec
INFO (CarpetX):   total iterations:                43
INFO (CarpetX):   total cells updated:             176128
INFO (CarpetX):   average iterations per second: 15.0193
INFO (CarpetX):   average cell updates per second: 61519.2
INFO (CarpetX): OutputGH: iteration 44, time 0.171875, run time 4 s
INFO (CarpetX): OutputGH done.
INFO (CarpetX): Simulation time: 0.171875   Iterations per second: 14.9939   Simulation time per second: 0.0585698
INFO (CarpetX): Grid cells: 4096   Grid cell updates per second: 61414.9
INFO (CarpetX): Performance:
INFO (CarpetX):   total evolution time:            2.93012 sec
INFO (CarpetX):   total evolution compute time:    2.92974 sec
INFO (CarpetX):   total evolution output time:     0.000371456 sec
INFO (CarpetX):   total iterations:                44
INFO (CarpetX):   total cells updated:             180224
INFO (CarpetX):   average iterations per second: 15.0165
INFO (CarpetX):   average cell updates per second: 61507.5
INFO (CarpetX): OutputGH: iteration 45, time 0.175781, run time 5 s
INFO (CarpetX): OutputGH done.
INFO (CarpetX): Simulation time: 0.175781   Iterations per second: 15.0036   Simulation time per second: 0.058608
INFO (CarpetX): Grid cells: 4096   Grid cell updates per second: 61454.9
INFO (CarpetX): Performance:
INFO (CarpetX):   total evolution time:            2.99638 sec
INFO (CarpetX):   total evolution compute time:    2.996 sec
INFO (CarpetX):   total evolution output time:     0.000379324 sec
INFO (CarpetX):   total iterations:                45
INFO (CarpetX):   total cells updated:             184320
INFO (CarpetX):   average iterations per second: 15.0181
INFO (CarpetX):   average cell updates per second: 61514.3
INFO (CarpetX): OutputGH: iteration 46, time 0.179688, run time 5 s
INFO (CarpetX): OutputGH done.
INFO (CarpetX): Simulation time: 0.179688   Iterations per second: 14.9971   Simulation time per second: 0.0585823
INFO (CarpetX): Grid cells: 4096   Grid cell updates per second: 61428
INFO (CarpetX): Performance:
INFO (CarpetX):   total evolution time:            3.06332 sec
INFO (CarpetX):   total evolution compute time:    3.06293 sec
INFO (CarpetX):   total evolution output time:     0.000387192 sec
INFO (CarpetX):   total iterations:                46
INFO (CarpetX):   total cells updated:             188416
INFO (CarpetX):   average iterations per second: 15.0164
INFO (CarpetX):   average cell updates per second: 61507.2
INFO (CarpetX): OutputGH: iteration 47, time 0.183594, run time 5 s
INFO (CarpetX): OutputGH done.
INFO (CarpetX): Simulation time: 0.183594   Iterations per second: 15.0001   Simulation time per second: 0.0585942
INFO (CarpetX): Grid cells: 4096   Grid cell updates per second: 61440.5
INFO (CarpetX): Performance:
INFO (CarpetX):   total evolution time:            3.12986 sec
INFO (CarpetX):   total evolution compute time:    3.12947 sec
INFO (CarpetX):   total evolution output time:     0.000396252 sec
INFO (CarpetX):   total iterations:                47
INFO (CarpetX):   total cells updated:             192512
INFO (CarpetX):   average iterations per second: 15.0166
INFO (CarpetX):   average cell updates per second: 61508.1
INFO (CarpetX): OutputGH: iteration 48, time 0.187500, run time 5 s
INFO (CarpetX): OutputGH done.
INFO (CarpetX): Simulation time: 0.1875   Iterations per second: 15.0011   Simulation time per second: 0.0585982
INFO (CarpetX): Grid cells: 4096   Grid cell updates per second: 61444.7
INFO (CarpetX): Performance:
INFO (CarpetX):   total evolution time:            3.19648 sec
INFO (CarpetX):   total evolution compute time:    3.19608 sec
INFO (CarpetX):   total evolution output time:     0.000405312 sec
INFO (CarpetX):   total iterations:                48
INFO (CarpetX):   total cells updated:             196608
INFO (CarpetX):   average iterations per second: 15.0165
INFO (CarpetX):   average cell updates per second: 61507.6
INFO (CarpetX): OutputGH: iteration 49, time 0.191406, run time 5 s
INFO (CarpetX): OutputGH done.
INFO (CarpetX): Simulation time: 0.191406   Iterations per second: 14.9982   Simulation time per second: 0.0585868
INFO (CarpetX): Grid cells: 4096   Grid cell updates per second: 61432.7
INFO (CarpetX): Performance:
INFO (CarpetX):   total evolution time:            3.26327 sec
INFO (CarpetX):   total evolution compute time:    3.26285 sec
INFO (CarpetX):   total evolution output time:     0.0004282 sec
INFO (CarpetX):   total iterations:                49
INFO (CarpetX):   total cells updated:             200704
INFO (CarpetX):   average iterations per second: 15.0156
INFO (CarpetX):   average cell updates per second: 61503.9
INFO (CarpetX): OutputGH: iteration 50, time 0.195312, run time 5 s
INFO (CarpetX): OutputGH done.
INFO (CarpetX): Simulation time: 0.195312   Iterations per second: 15.0058   Simulation time per second: 0.0586164
INFO (CarpetX): Grid cells: 4096   Grid cell updates per second: 61463.7
INFO (CarpetX): Performance:
INFO (CarpetX):   total evolution time:            3.32961 sec
INFO (CarpetX):   total evolution compute time:    3.32918 sec
INFO (CarpetX):   total evolution output time:     0.000435352 sec
INFO (CarpetX):   total iterations:                50
INFO (CarpetX):   total cells updated:             204800
INFO (CarpetX):   average iterations per second: 15.0168
INFO (CarpetX):   average cell updates per second: 61508.7
INFO (CarpetX): OutputGH: iteration 51, time 0.199219, run time 5 s
INFO (CarpetX): OutputGH done.
INFO (CarpetX): Simulation time: 0.199219   Iterations per second: 14.9924   Simulation time per second: 0.058564
INFO (CarpetX): Grid cells: 4096   Grid cell updates per second: 61408.8
INFO (CarpetX): Performance:
INFO (CarpetX):   total evolution time:            3.39685 sec
INFO (CarpetX):   total evolution compute time:    3.3964 sec
INFO (CarpetX):   total evolution output time:     0.000444412 sec
INFO (CarpetX):   total iterations:                51
INFO (CarpetX):   total cells updated:             208896
INFO (CarpetX):   average iterations per second: 15.0139
INFO (CarpetX):   average cell updates per second: 61497
INFO (CarpetX): OutputGH: iteration 52, time 0.203125, run time 5 s
INFO (CarpetX): OutputGH done.
INFO (CarpetX): Simulation time: 0.203125   Iterations per second: 14.9934   Simulation time per second: 0.058568
INFO (CarpetX): Grid cells: 4096   Grid cell updates per second: 61413
INFO (CarpetX): Performance:
INFO (CarpetX):   total evolution time:            3.4635 sec
INFO (CarpetX):   total evolution compute time:    3.46305 sec
INFO (CarpetX):   total evolution output time:     0.000453472 sec
INFO (CarpetX):   total iterations:                52
INFO (CarpetX):   total cells updated:             212992
INFO (CarpetX):   average iterations per second: 15.0137
INFO (CarpetX):   average cell updates per second: 61496.1
INFO (CarpetX): OutputGH: iteration 53, time 0.207031, run time 5 s
INFO (CarpetX): OutputGH done.
INFO (CarpetX): Simulation time: 0.207031   Iterations per second: 15.0102   Simulation time per second: 0.0586336
INFO (CarpetX): Grid cells: 4096   Grid cell updates per second: 61481.8
INFO (CarpetX): Performance:
INFO (CarpetX):   total evolution time:            3.52945 sec
INFO (CarpetX):   total evolution compute time:    3.52899 sec
INFO (CarpetX):   total evolution output time:     0.000461578 sec
INFO (CarpetX):   total iterations:                53
INFO (CarpetX):   total cells updated:             217088
INFO (CarpetX):   average iterations per second: 15.0165
INFO (CarpetX):   average cell updates per second: 61507.5
INFO (CarpetX): OutputGH: iteration 54, time 0.210938, run time 5 s
INFO (CarpetX): OutputGH done.
INFO (CarpetX): Simulation time: 0.210938   Iterations per second: 15.017   Simulation time per second: 0.05866
INFO (CarpetX): Grid cells: 4096   Grid cell updates per second: 61509.5
INFO (CarpetX): Performance:
INFO (CarpetX):   total evolution time:            3.59578 sec
INFO (CarpetX):   total evolution compute time:    3.5953 sec
INFO (CarpetX):   total evolution output time:     0.000471592 sec
INFO (CarpetX):   total iterations:                54
INFO (CarpetX):   total cells updated:             221184
INFO (CarpetX):   average iterations per second: 15.0176
INFO (CarpetX):   average cell updates per second: 61512.2
INFO (CarpetX): OutputGH: iteration 55, time 0.214844, run time 5 s
INFO (CarpetX): OutputGH done.
INFO (CarpetX): Simulation time: 0.214844   Iterations per second: 15.0149   Simulation time per second: 0.0586518
INFO (CarpetX): Grid cells: 4096   Grid cell updates per second: 61500.9
INFO (CarpetX): Performance:
INFO (CarpetX):   total evolution time:            3.66246 sec
INFO (CarpetX):   total evolution compute time:    3.66198 sec
INFO (CarpetX):   total evolution output time:     0.000480652 sec
INFO (CarpetX):   total iterations:                55
INFO (CarpetX):   total cells updated:             225280
INFO (CarpetX):   average iterations per second: 15.0172
INFO (CarpetX):   average cell updates per second: 61510.6
INFO (CarpetX): OutputGH: iteration 56, time 0.218750, run time 5 s
INFO (CarpetX): OutputGH done.
INFO (CarpetX): Simulation time: 0.21875   Iterations per second: 15.0254   Simulation time per second: 0.0586931
INFO (CarpetX): Grid cells: 4096   Grid cell updates per second: 61544.2
INFO (CarpetX): Performance:
INFO (CarpetX):   total evolution time:            3.72859 sec
INFO (CarpetX):   total evolution compute time:    3.7281 sec
INFO (CarpetX):   total evolution output time:     0.000489473 sec
INFO (CarpetX):   total iterations:                56
INFO (CarpetX):   total cells updated:             229376
INFO (CarpetX):   average iterations per second: 15.0191
INFO (CarpetX):   average cell updates per second: 61518.1
INFO (CarpetX): OutputGH: iteration 57, time 0.222656, run time 5 s
INFO (CarpetX): OutputGH done.
INFO (CarpetX): Simulation time: 0.222656   Iterations per second: 15.0268   Simulation time per second: 0.0586986
INFO (CarpetX): Grid cells: 4096   Grid cell updates per second: 61550
INFO (CarpetX): Performance:
INFO (CarpetX):   total evolution time:            3.79508 sec
INFO (CarpetX):   total evolution compute time:    3.79458 sec
INFO (CarpetX):   total evolution output time:     0.000498295 sec
INFO (CarpetX):   total iterations:                57
INFO (CarpetX):   total cells updated:             233472
INFO (CarpetX):   average iterations per second: 15.0194
INFO (CarpetX):   average cell updates per second: 61519.6
INFO (CarpetX): OutputGH: iteration 58, time 0.226562, run time 5 s
INFO (CarpetX): OutputGH done.
INFO (CarpetX): Simulation time: 0.226562   Iterations per second: 15.0248   Simulation time per second: 0.0586906
INFO (CarpetX): Grid cells: 4096   Grid cell updates per second: 61541.6
INFO (CarpetX): Performance:
INFO (CarpetX):   total evolution time:            3.86172 sec
INFO (CarpetX):   total evolution compute time:    3.86121 sec
INFO (CarpetX):   total evolution output time:     0.000507355 sec
INFO (CarpetX):   total iterations:                58
INFO (CarpetX):   total cells updated:             237568
INFO (CarpetX):   average iterations per second: 15.0192
INFO (CarpetX):   average cell updates per second: 61518.7
INFO (CarpetX): OutputGH: iteration 59, time 0.230469, run time 5 s
INFO (CarpetX): OutputGH done.
INFO (CarpetX): Simulation time: 0.230469   Iterations per second: 15.0354   Simulation time per second: 0.0587319
INFO (CarpetX): Grid cells: 4096   Grid cell updates per second: 61584.9
INFO (CarpetX): Performance:
INFO (CarpetX):   total evolution time:            3.92781 sec
INFO (CarpetX):   total evolution compute time:    3.92729 sec
INFO (CarpetX):   total evolution output time:     0.000515461 sec
INFO (CarpetX):   total iterations:                59
INFO (CarpetX):   total cells updated:             241664
INFO (CarpetX):   average iterations per second: 15.0211
INFO (CarpetX):   average cell updates per second: 61526.4
INFO (CarpetX): OutputGH: iteration 60, time 0.234375, run time 6 s
INFO (CarpetX): OutputGH done.
INFO (CarpetX): Simulation time: 0.234375   Iterations per second: 15.0443   Simulation time per second: 0.0587666
INFO (CarpetX): Grid cells: 4096   Grid cell updates per second: 61621.3
INFO (CarpetX): Performance:
INFO (CarpetX):   total evolution time:            3.99393 sec
INFO (CarpetX):   total evolution compute time:    3.9934 sec
INFO (CarpetX):   total evolution output time:     0.000523329 sec
INFO (CarpetX):   total iterations:                60
INFO (CarpetX):   total cells updated:             245760
INFO (CarpetX):   average iterations per second: 15.0228
INFO (CarpetX):   average cell updates per second: 61533.4
INFO (CarpetX): OutputGH: iteration 61, time 0.238281, run time 6 s
INFO (CarpetX): OutputGH done.
INFO (CarpetX): Simulation time: 0.238281   Iterations per second: 15.0207   Simulation time per second: 0.0586747
INFO (CarpetX): Grid cells: 4096   Grid cell updates per second: 61524.9
INFO (CarpetX): Performance:
INFO (CarpetX):   total evolution time:            4.06144 sec
INFO (CarpetX):   total evolution compute time:    4.0609 sec
INFO (CarpetX):   total evolution output time:     0.000542402 sec
INFO (CarpetX):   total iterations:                61
INFO (CarpetX):   total cells updated:             249856
INFO (CarpetX):   average iterations per second: 15.0193
INFO (CarpetX):   average cell updates per second: 61519.1
INFO (CarpetX): OutputGH: iteration 62, time 0.242188, run time 6 s
INFO (CarpetX): OutputGH done.
INFO (CarpetX): Simulation time: 0.242188   Iterations per second: 15.0098   Simulation time per second: 0.058632
INFO (CarpetX): Grid cells: 4096   Grid cell updates per second: 61480.2
INFO (CarpetX): Performance:
INFO (CarpetX):   total evolution time:            4.1285 sec
INFO (CarpetX):   total evolution compute time:    4.12795 sec
INFO (CarpetX):   total evolution output time:     0.000551462 sec
INFO (CarpetX):   total iterations:                62
INFO (CarpetX):   total cells updated:             253952
INFO (CarpetX):   average iterations per second: 15.0176
INFO (CarpetX):   average cell updates per second: 61512
INFO (CarpetX): OutputGH: iteration 63, time 0.246094, run time 6 s
INFO (CarpetX): OutputGH done.
INFO (CarpetX): Simulation time: 0.246094   Iterations per second: 15.0029   Simulation time per second: 0.058605
INFO (CarpetX): Grid cells: 4096   Grid cell updates per second: 61451.8
INFO (CarpetX): Performance:
INFO (CarpetX):   total evolution time:            4.19543 sec
INFO (CarpetX):   total evolution compute time:    4.19487 sec
INFO (CarpetX):   total evolution output time:     0.000560522 sec
INFO (CarpetX):   total iterations:                63
INFO (CarpetX):   total cells updated:             258048
INFO (CarpetX):   average iterations per second: 15.0163
INFO (CarpetX):   average cell updates per second: 61507
INFO (CarpetX): OutputGH: iteration 64, time 0.250000, run time 6 s
INFO (CarpetX): OutputGH done.
INFO (CarpetX): Simulation time: 0.25   Iterations per second: 7.89367   Simulation time per second: 0.0308346
INFO (CarpetX): Grid cells: 4096   Grid cell updates per second: 32332.5
INFO (CarpetX): Performance:
INFO (CarpetX):   total evolution time:            4.86238 sec
INFO (CarpetX):   total evolution compute time:    4.2671 sec
INFO (CarpetX):   total evolution output time:     0.595279 sec
INFO (CarpetX):   total iterations:                64
INFO (CarpetX):   total cells updated:             262144
INFO (CarpetX):   average iterations per second: 13.1623
INFO (CarpetX):   average cell updates per second: 53912.7
INFO (CarpetX): Shutting down...
AMReX (25.11) finalized
--------------------------------------------------------------------------------
Done.
+ echo Stopping:
Stopping:
+ date
Tue May 19 21:10:54 UTC 2026
+ echo Done.
Done.
  Elapsed time: 6.2 s
