/home/runner/simulations/TestJob01_temp_1/output-0000/TEST/sim/MemSpeed
Preparing:
+ set -e
+ cd output-0000-active
+ echo Checking:
Checking:
+ pwd
/home/runner/simulations/TestJob01_temp_1/output-0000/TEST/sim/MemSpeed/output-0000-active
+ hostname
runnervmrw5os
+ date
Wed May 20 21:00:24 UTC 2026
+ echo Environment:
Environment:
+ export CACTUS_NUM_PROCS=1
+ CACTUS_NUM_PROCS=1
+ export CACTUS_NUM_THREADS=2
+ CACTUS_NUM_THREADS=2
+ export GMON_OUT_PREFIX=gmon.out
+ GMON_OUT_PREFIX=gmon.out
+ export OMP_NUM_THREADS=2
+ OMP_NUM_THREADS=2
+ env
+ sort
+ echo Starting:
Starting:
++ date +%s
+ export CACTUS_STARTTIME=1779310824
+ CACTUS_STARTTIME=1779310824
+ '[' 1 = 1 ']'
+ '[' 0 -eq 0 ']'
+ /home/runner/simulations/TestJob01_temp_1/SIMFACTORY/exe/cactus_sim -L 3 /home/runner/simulations/TestJob01_temp_1/output-0000/arrangements/CactusUtils/MemSpeed/test/memspeed.par
INFO (Cactus): Increased logging level from 0 to 3
--------------------------------------------------------------------------------

       10                                  
  1   0101       ************************  
  01  1010 10      The Cactus Code V4.18.0    
 1010 1101 011      www.cactuscode.org     
  1001 100101    ************************  
    00010101                               
     100011     (c) Copyright The Authors  
      0100      GNU Licensed. No Warranty  
      0101                                 
--------------------------------------------------------------------------------

Cactus version:    4.18.0
Compile date:      May 20 2026 (20:48:30)
Run date:          May 20 2026 (21:00:24+0000)
Run host:          runnervmrw5os.t44aakfgbf0ebggs33ekaeudia.bx.internal.cloudapp.net (pid=171462)
Working directory: /home/runner/simulations/TestJob01_temp_1/output-0000/TEST/sim/MemSpeed
Executable:        /home/runner/simulations/TestJob01_temp_1/SIMFACTORY/exe/cactus_sim
Parameter file:    /home/runner/simulations/TestJob01_temp_1/output-0000/arrangements/CactusUtils/MemSpeed/test/memspeed.par
--------------------------------------------------------------------------------

Activating thorn Cactus...Success -> active implementation Cactus
Activation requested for 
--->hwloc MemSpeed SystemTopology CartGrid3D CoordBase IOASCII IOUtil PUGH PUGHSlab<---
Thorn hwloc requests automatic activation of zlib
Thorn MemSpeed requests automatic activation of Vectors
Thorn MemSpeed requests automatic activation of MPI
Activating thorn CartGrid3D...Success -> active implementation grid
Activating thorn CoordBase...Success -> active implementation CoordBase
Activating thorn hwloc...Success -> active implementation hwloc
Activating thorn IOASCII...Success -> active implementation IOASCII
Activating thorn IOUtil...Success -> active implementation IO
Activating thorn MemSpeed...Success -> active implementation MemSpeed
Activating thorn MPI...Success -> active implementation MPI
Activating thorn PUGH...Success -> active implementation Driver
Activating thorn PUGHSlab...Success -> active implementation Hyperslab
Activating thorn SystemTopology...Success -> active implementation SystemTopology
Activating thorn Vectors...Success -> active implementation Vectors
Activating thorn zlib...Success -> active implementation zlib
--------------------------------------------------------------------------------
  if (recover initial data)
    Recover parameters
  endif

  Startup routines
    [CCTK_STARTUP]
      CartGrid3D::SymmetryStartup: Register GH Extension for GridSymmetry
      CoordBase::CoordBase_Startup: Register a GH extension to store the coordinate system handles
      GROUP hwloc_startup: hwloc startup group
        hwloc::hwloc_version: Output hwloc version
      SystemTopology::ST_system_topology: Output and/or modify system topology and hardware locality
      PUGH::Driver_Startup: Startup routine
      PUGH::PUGH_RegisterPUGHP2LRoutines: Register Physical to Logical process mapping routines
      PUGH::PUGH_RegisterPUGHTopologyRoutines: Register topology generation routines routines
      IOUtil::IOUtil_Startup: Startup routine
      Vectors::Vectors_Startup: Print startup message
      IOASCII::IOASCII_Startup: Startup routine

  Startup routines which need an existing grid hierarchy
    [CCTK_WRAGH]
      CartGrid3D::RegisterCartGrid3DCoords: [meta] Register coordinates for the Cartesian grid
      MemSpeed::MemSpeed_MeasureSpeed: [meta] Measure CPU, memory, cache speeds
  Parameter checking routines
    [CCTK_PARAMCHECK]
      CartGrid3D::ParamCheck_CartGrid3D: Check coordinates for CartGrid3D
      Vectors::Vectors_Test: Run correctness tests.

  Initialisation
    if (NOT (recover initial data AND recovery_mode is 'strict'))
      [CCTK_PREREGRIDINITIAL]
      Set up grid hierarchy
      [CCTK_POSTREGRIDINITIAL]
        CartGrid3D::SpatialCoordinates: Set Coordinates after regridding
      [CCTK_BASEGRID]
        CartGrid3D::SpatialSpacings: Set up ranges for spatial 3D Cartesian coordinates (on all grids)
        CartGrid3D::SpatialCoordinates: Set up spatial 3D Cartesian coordinates on the GH
        IOASCII::IOASCII_Choose1D: Choose 1D output lines
        IOASCII::IOASCII_Choose2D: Choose 2D output planes
        PUGH::PUGH_Report: Report on PUGH set up
      [CCTK_INITIAL]
      [CCTK_POSTINITIAL]
      Initialise finer grids recursively
      Restrict from finer grids
      [CCTK_POSTRESTRICTINITIAL]
      [CCTK_POSTPOSTINITIAL]
      [CCTK_POSTSTEP]
    endif
    if (recover initial data)
      [CCTK_BASEGRID]
        CartGrid3D::SpatialSpacings: Set up ranges for spatial 3D Cartesian coordinates (on all grids)
        CartGrid3D::SpatialCoordinates: Set up spatial 3D Cartesian coordinates on the GH
        IOASCII::IOASCII_Choose1D: Choose 1D output lines
        IOASCII::IOASCII_Choose2D: Choose 2D output planes
        PUGH::PUGH_Report: Report on PUGH set up
      [CCTK_RECOVER_VARIABLES]
      [CCTK_POST_RECOVER_VARIABLES]
    endif
    if (checkpoint initial data)
      [CCTK_CPINITIAL]
    endif
    if (analysis)
      [CCTK_ANALYSIS]
  endif
  Output grid variables

  do loop over timesteps
    [CCTK_PREREGRID]
    Change grid hierarchy
    [CCTK_POSTREGRID]
      CartGrid3D::SpatialCoordinates: Set Coordinates after regridding
    Rotate timelevels
    iteration = iteration+1
    t = t+dt
    [CCTK_PRESTEP]
    [CCTK_EVOL]
    Evolve finer grids recursively
    Restrict from finer grids
    [CCTK_POSTRESTRICT]
    [CCTK_POSTSTEP]
    if (checkpoint)
      [CCTK_CHECKPOINT]
    endif
    if (analysis)
      [CCTK_ANALYSIS]
    endif
    Output grid variables
    enddo

  Termination routines
    [CCTK_TERMINATE]
      PUGH::Driver_Terminate: Termination routine

  Shutdown routines
    [CCTK_SHUTDOWN]

  Routines run after changing the grid hierarchy:
    [CCTK_POSTREGRID]
      CartGrid3D::SpatialCoordinates: Set Coordinates after regridding
--------------------------------------------------------------------------------
INFO (hwloc): library version 2.10.0, API version 0x20800
INFO (SystemTopology): MPI process-to-host mapping:
This is MPI process 0 of 1
MPI hosts:
  0: runnervmrw5os
This MPI process runs on host 0 of 1
On this host, this is MPI process 0 of 1
INFO (SystemTopology): Topology support:
Discovery support:
  discovery->pu                            : yes
CPU binding support:
  cpubind->set_thisproc_cpubind            : yes
  cpubind->get_thisproc_cpubind            : yes
  cpubind->set_proc_cpubind                : yes
  cpubind->get_proc_cpubind                : yes
  cpubind->set_thisthread_cpubind          : yes
  cpubind->get_thisthread_cpubind          : yes
  cpubind->set_thread_cpubind              : yes
  cpubind->get_thread_cpubind              : yes
  cpubind->get_thisproc_last_cpu_location  : yes
  cpubind->get_proc_last_cpu_location      : yes
  cpubind->get_thisthread_last_cpu_location: yes
Memory binding support:
  membind->set_thisproc_membind            : no
  membind->get_thisproc_membind            : no
  membind->set_proc_membind                : no
  membind->get_proc_membind                : no
  membind->set_thisthread_membind          : yes
  membind->get_thisthread_membind          : yes
  membind->set_area_membind                : yes
  membind->get_area_membind                : yes
  membind->alloc_membind                   : yes
  membind->firsttouch_membind              : yes
  membind->bind_membind                    : yes
  membind->interleave_membind              : yes
  membind->nexttouch_membind               : no
  membind->migrate_membind                 : yes
INFO (SystemTopology): Hardware objects in this node:
Machine L#0: (P#0, total=16373464KB, DMIProductName="Virtual Machine", DMIProductVersion="Hyper-V UEFI Release v4.1", DMIProductUUID=2116d8b3-9525-48da-9ed1-de621dbf5aab, DMIBoardVendor="Microsoft Corporation", DMIBoardName="Virtual Machine", DMIBoardVersion="Hyper-V UEFI Release v4.1", DMIBoardAssetTag=None, DMIChassisVendor="Microsoft Corporation", DMIChassisType=3, DMIChassisVersion="Hyper-V UEFI Release v4.1", DMIChassisAssetTag=7783-7084-3265-9085-8269-3286-77, DMIBIOSVendor="Microsoft Corporation", DMIBIOSVersion="Hyper-V UEFI Release v4.1", DMIBIOSDate=01/08/2026, DMISysVendor="Microsoft Corporation", Backend=Linux, LinuxCgroup=/system.slice/hosted-compute-agent.service, OSName=Linux, OSRelease=6.17.0-1013-azure, OSVersion="#13~24.04.1-Ubuntu SMP Wed Apr 15 16:52:17 UTC 2026", HostName=runnervmrw5os, Architecture=x86_64, hwlocVersion=2.10.0, ProcessName=cactus_sim)
  Package L#0: (P#0, total=16373464KB, CPUVendor=AuthenticAMD, CPUFamilyNumber=25, CPUModelNumber=17, CPUModel="AMD EPYC 9V74 80-Core Processor                ", CPUStepping=1)
    L3Cache L#0: (P#0, size=32768KB, linesize=64, ways=16, Inclusive=0)
      L2Cache L#0: (P#0, size=1024KB, linesize=64, ways=8, Inclusive=1)
        L1dCache L#0: (P#0, size=32KB, linesize=64, ways=8, Inclusive=0)
          Core L#0: (P#0)
            PU L#0: (P#0)
            PU L#1: (P#1)
      L2Cache L#1: (P#1, size=1024KB, linesize=64, ways=8, Inclusive=1)
        L1dCache L#1: (P#1, size=32KB, linesize=64, ways=8, Inclusive=0)
          Core L#1: (P#1)
            PU L#2: (P#2)
            PU L#3: (P#3)
INFO (SystemTopology): Thread CPU bindings:
  MPI process 0 on host 0 (process 0 of 1 on this host)
    OpenMP thread 0: PU set L#{0-3} P#{0-3}
    OpenMP thread 1: PU set L#{0-3} P#{0-3}
INFO (SystemTopology): Setting thread CPU bindings:
INFO (SystemTopology): Thread CPU bindings:
  MPI process 0 on host 0 (process 0 of 1 on this host)
    OpenMP thread 0: PU set L#{0} P#{0}
    OpenMP thread 1: PU set L#{2} P#{2}
INFO (SystemTopology): Extracting CPU/cache/memory properties:
  There are 2 PUs per core (aka hardware SMT threads)
  There are 1 threads per core (aka SMT threads used)
  Cache (unknown name) has type "data" depth 1
    size 32768 linesize 64 associativity 8 stride 4096, for 2 PUs
  Cache (unknown name) has type "unified" depth 2
    size 1048576 linesize 64 associativity 8 stride 131072, for 2 PUs
  Cache (unknown name) has type "unified" depth 3
    size 33554432 linesize 64 associativity 16 stride 2097152, for 4 PUs
INFO (PUGH): Using physical to logical mappings: direct
INFO (PUGH): Using topology generator: automatic
INFO (Vectors): Using vector size 2 for architecture SSE2 (64-bit precision)
--------------------------------------------------------------------------------
Driver provided by PUGH
--------------------------------------------------------------------------------

INFO (PUGH): Not setting up a topology for 1 dimensions
INFO (PUGH): Not setting up a topology for 2 dimensions
INFO (PUGH): Setting up a topology for 3 dimensions
INFO (IOASCII): I/O Method 'IOASCII_1D' registered: output of 1D lines of grid functions/arrays to ASCII files
INFO (IOASCII): Periodic 1D output every 1 iterations
INFO (IOASCII): Periodic 1D output requested for 'GRID::r'
INFO (IOASCII): I/O Method 'IOASCII_2D' registered: output of 2D planes of grid functions/arrays to ASCII files
INFO (IOASCII): Periodic 2D output turned off
INFO (IOASCII): I/O Method 'IOASCII_3D' registered: output of 3D grid functions/arrays to ASCII files
INFO (IOASCII): Periodic 3D output turned off
INFO (MemSpeed): Measuring CPU, cache, memory, and communication speeds:
  Single-core measurements (using 1 MPI processes with 1 OpenMP threads each):
    CPU frequency:
      iterations=1000000... time=0.00141135 sec
      iterations=10000000... time=0.0140843 sec
      iterations=100000000... time=0.140598 sec
      iterations=800000000... time=1.12522 sec
      iterations=800000000... time=0.843372 sec
      result: 5.67689 GHz
    CPU floating point performance:
      iterations=1000000... time=0.00219964 sec
      iterations=10000000... time=0.0219693 sec
      iterations=100000000... time=0.219414 sec
      iterations=500000000... time=1.09709 sec
      result: 14.584 Gflop/sec
    CPU integer performance:
      iterations=1000000... time=0.00184403 sec
      iterations=10000000... time=0.017604 sec
      iterations=100000000... time=0.175798 sec
      iterations=600000000... time=1.05514 sec
      result: 9.09834 Giop/sec
    Read latency of D1 cache (for 2 PUs) (using 1*24576 bytes):
      iterations=1000... time=0.00013954 sec
      iterations=10000... time=0.00141791 sec
      iterations=100000... time=0.0140731 sec
      iterations=1000000... time=0.14067 sec
      iterations=8000000... time=1.12597 sec
      result: 1.40746 nsec
    Read latency of L2 cache (for 2 PUs) (using 1*786432 bytes):
      iterations=1000... time=0.000681825 sec
      iterations=10000... time=0.00679462 sec
      iterations=100000... time=0.067668 sec
      iterations=1000000... time=0.678414 sec
      iterations=2000000... time=1.35574 sec
      result: 6.7787 nsec
    Read latency of L3 cache (for 4 PUs) (using 1*25165824 bytes):
      [skipped -- avoiding large-memory benchmarks]
    Read bandwidth of D1 cache (for 2 PUs) (using 1*24576 bytes):
      iterations=1... time=3.3e-07 sec
      iterations=10... time=2.844e-06 sec
      iterations=100... time=2.7321e-05 sec
      iterations=1000... time=0.000291307 sec
      iterations=10000... time=0.00276396 sec
      iterations=100000... time=0.0276535 sec
      iterations=1000000... time=0.276636 sec
      iterations=4000000... time=1.10548 sec
      result: 88.9239 GByte/sec
    Read bandwidth of L2 cache (for 2 PUs) (using 1*786432 bytes):
      iterations=1... time=1.0966e-05 sec
      iterations=10... time=9.9359e-05 sec
      iterations=100... time=0.00100469 sec
      iterations=1000... time=0.0099755 sec
      iterations=10000... time=0.0996454 sec
      iterations=100000... time=0.998449 sec
      iterations=200000... time=1.99854 sec
      result: 78.7005 GByte/sec
    Read bandwidth of L3 cache (for 4 PUs) (using 1*25165824 bytes):
      [skipped -- avoiding large-memory benchmarks]
    Write latency of D1 cache (for 2 PUs) (using 1*24576 bytes):
      iterations=1000... time=2.834e-06 sec
      iterations=10000... time=2.7992e-05 sec
      iterations=100000... time=0.000278779 sec
      iterations=1000000... time=0.00281577 sec
      iterations=10000000... time=0.0281426 sec
      iterations=100000000... time=0.281517 sec
      iterations=400000000... time=1.12545 sec
      result: 0.351703 nsec
    Write latency of L2 cache (for 2 PUs) (using 1*786432 bytes):
      iterations=1000... time=6.86e-06 sec
      iterations=10000... time=6.6029e-05 sec
      iterations=100000... time=0.000680513 sec
      iterations=1000000... time=0.00666673 sec
      iterations=10000000... time=0.0665651 sec
      iterations=100000000... time=0.673954 sec
      iterations=200000000... time=1.35568 sec
      result: 0.847301 nsec
    Write latency of L3 cache (for 4 PUs) (using 1*25165824 bytes):
      [skipped -- avoiding large-memory benchmarks]
    Write bandwidth of D1 cache (for 2 PUs) (using 1*24576 bytes):
      iterations=1... time=3.11001e-07 sec
      iterations=10... time=2.845e-06 sec
      iterations=100... time=2.8102e-05 sec
      iterations=1000... time=0.000280462 sec
      iterations=10000... time=0.00283125 sec
      iterations=100000... time=0.0283741 sec
      iterations=1000000... time=0.28326 sec
      iterations=4000000... time=1.13426 sec
      result: 86.6683 GByte/sec
    Write bandwidth of L2 cache (for 2 PUs) (using 1*786432 bytes):
      iterations=1... time=9.945e-06 sec
      iterations=10... time=9.4431e-05 sec
      iterations=100... time=0.000960444 sec
      iterations=1000... time=0.00947958 sec
      iterations=10000... time=0.0948564 sec
      iterations=100000... time=0.958007 sec
      iterations=200000... time=1.89791 sec
      result: 82.8735 GByte/sec
    Write bandwidth of L3 cache (for 4 PUs) (using 1*25165824 bytes):
      [skipped -- avoiding large-memory benchmarks]
    Stencil code performance of D1 cache (for 2 PUs) (using 1*12^3 grid points, 1*27648 bytes):
      iterations=1... time=2.5629e-05 sec
      iterations=10... time=0.000380953 sec
      iterations=100... time=0.00372154 sec
      iterations=1000... time=0.0373982 sec
      iterations=10000... time=0.386819 sec
      iterations=30000... time=1.08743 sec
      result: 0.047672 Gupdates/sec
    Stencil code performance of L2 cache (for 2 PUs) (using 1*37^3 grid points, 1*810448 bytes):
      iterations=1... time=0.000296847 sec
      iterations=10... time=0.00304809 sec
      iterations=100... time=0.0308793 sec
      iterations=1000... time=0.30998 sec
      iterations=4000... time=1.2348 sec
      result: 0.164085 Gupdates/sec
    Stencil code performance of L3 cache (for 4 PUs) (using 1*116^3 grid points, 1*24974336 bytes):
      iterations=1... time=0.00410223 sec
      iterations=10... time=0.04126 sec
      iterations=100... time=0.421689 sec
      iterations=300... time=1.21823 sec
      result: 0.384384 Gupdates/sec
  Single-node measurements (using 1 MPI processes with 2 OpenMP threads each):
    CPU frequency:
      iterations=1000000... time=0.00141106 sec
      iterations=10000000... time=0.0140651 sec
      iterations=100000000... time=0.140642 sec
      iterations=800000000... time=1.12522 sec
      iterations=800000000... time=0.843878 sec
      result: 5.687 GHz
    CPU floating point performance:
      iterations=1000000... time=0.00219703 sec
      iterations=10000000... time=0.0219813 sec
      iterations=100000000... time=0.219431 sec
      iterations=500000000... time=1.09731 sec
      result: 14.5812 Gflop/sec
    CPU integer performance:
      iterations=1000000... time=0.00177149 sec
      iterations=10000000... time=0.0175844 sec
      iterations=100000000... time=0.175793 sec
      iterations=600000000... time=1.0572 sec
      result: 9.08057 Giop/sec
    Read latency of D1 cache (for 2 PUs) (using 2*24576 bytes):
      iterations=1000... time=0.000140832 sec
      iterations=10000... time=0.0014154 sec
      iterations=100000... time=0.0140658 sec
      iterations=1000000... time=0.140756 sec
      iterations=8000000... time=1.12669 sec
      result: 1.40836 nsec
    Read latency of L2 cache (for 2 PUs) (using 2*786432 bytes):
      iterations=1000... time=0.000726598 sec
      iterations=10000... time=0.00706945 sec
      iterations=100000... time=0.0705463 sec
      iterations=1000000... time=0.70502 sec
      iterations=2000000... time=1.40949 sec
      result: 7.04744 nsec
    Read latency of L3 cache (for 4 PUs) (using 1*25165824 bytes):
      [skipped -- avoiding large-memory benchmarks]
    Read bandwidth of D1 cache (for 2 PUs) (using 2*24576 bytes):
      iterations=1... time=3.505e-07 sec
      iterations=10... time=3.0795e-06 sec
      iterations=100... time=2.8488e-05 sec
      iterations=1000... time=0.000276045 sec
      iterations=10000... time=0.0027759 sec
      iterations=100000... time=0.0275952 sec
      iterations=1000000... time=0.276535 sec
      iterations=4000000... time=1.10566 sec
      result: 88.9094 GByte/sec
    Read bandwidth of L2 cache (for 2 PUs) (using 2*786432 bytes):
      iterations=1... time=1.21185e-05 sec
      iterations=10... time=0.000106736 sec
      iterations=100... time=0.00103086 sec
      iterations=1000... time=0.0102539 sec
      iterations=10000... time=0.102452 sec
      iterations=100000... time=1.02536 sec
      result: 76.6978 GByte/sec
    Read bandwidth of L3 cache (for 4 PUs) (using 1*25165824 bytes):
      [skipped -- avoiding large-memory benchmarks]
    Write latency of D1 cache (for 2 PUs) (using 2*24576 bytes):
      iterations=1000... time=3.1e-06 sec
      iterations=10000... time=2.998e-05 sec
      iterations=100000... time=0.0002826 sec
      iterations=1000000... time=0.00281638 sec
      iterations=10000000... time=0.0281665 sec
      iterations=100000000... time=0.281596 sec
      iterations=400000000... time=1.12672 sec
      result: 0.352101 nsec
    Write latency of L2 cache (for 2 PUs) (using 2*786432 bytes):
      iterations=1000... time=6.9405e-06 sec
      iterations=10000... time=6.971e-05 sec
      iterations=100000... time=0.000669161 sec
      iterations=1000000... time=0.00664355 sec
      iterations=10000000... time=0.0659467 sec
      iterations=100000000... time=0.660339 sec
      iterations=200000000... time=1.31891 sec
      result: 0.824322 nsec
    Write latency of L3 cache (for 4 PUs) (using 1*25165824 bytes):
      [skipped -- avoiding large-memory benchmarks]
    Write bandwidth of D1 cache (for 2 PUs) (using 2*24576 bytes):
      iterations=1... time=3.9e-07 sec
      iterations=10... time=3.0745e-06 sec
      iterations=100... time=2.9584e-05 sec
      iterations=1000... time=0.00029589 sec
      iterations=10000... time=0.00280272 sec
      iterations=100000... time=0.0283072 sec
      iterations=1000000... time=0.281112 sec
      iterations=4000000... time=1.12465 sec
      result: 87.4089 GByte/sec
    Write bandwidth of L2 cache (for 2 PUs) (using 2*786432 bytes):
      iterations=1... time=1.16425e-05 sec
      iterations=10... time=0.000101227 sec
      iterations=100... time=0.00100244 sec
      iterations=1000... time=0.0103851 sec
      iterations=10000... time=0.0986855 sec
      iterations=100000... time=0.984713 sec
      iterations=200000... time=1.96778 sec
      result: 79.9308 GByte/sec
    Write bandwidth of L3 cache (for 4 PUs) (using 1*25165824 bytes):
      [skipped -- avoiding large-memory benchmarks]
    Stencil code performance of D1 cache (for 2 PUs) (using 1*12^3 grid points, 1*27648 bytes):
      iterations=1... time=6.7905e-06 sec
      iterations=10... time=9.7166e-05 sec
      iterations=100... time=0.000999793 sec
      iterations=1000... time=0.0098313 sec
      iterations=10000... time=0.0956168 sec
      iterations=100000... time=0.978868 sec
      iterations=200000... time=1.96851 sec
      result: 0.175565 Gupdates/sec
    Stencil code performance of L2 cache (for 2 PUs) (using 1*37^3 grid points, 1*810448 bytes):
      iterations=1... time=7.92945e-05 sec
      iterations=10... time=0.000795671 sec
      iterations=100... time=0.00788924 sec
      iterations=1000... time=0.0789575 sec
      iterations=10000... time=0.789896 sec
      iterations=20000... time=1.57925 sec
      result: 0.641484 Gupdates/sec
    Stencil code performance of L3 cache (for 4 PUs) (using 1*116^3 grid points, 1*24974336 bytes):
      iterations=1... time=0.000993336 sec
      iterations=10... time=0.0122777 sec
      iterations=100... time=0.123016 sec
      iterations=900... time=1.12443 sec
      result: 1.24935 Gupdates/sec
INFO (Vectors): Testing vectorisation... [errors may result in segfaults]
INFO (Vectors): 375/375 tests passed 
INFO (CartGrid3D): Grid Spacings:
INFO (CartGrid3D): dx=>1.1111111e-01  dy=>1.1111111e-01  dz=>1.1111111e-01
INFO (CartGrid3D): Computational Coordinates:
INFO (CartGrid3D): x=>[-0.500, 0.500]  y=>[-0.500, 0.500]  z=>[-0.500, 0.500]
INFO (CartGrid3D): Indices of Physical Coordinates:
INFO (CartGrid3D): x=>[0,9]  y=>[0,9]  z=>[0,9]
INFO (PUGH): MPI Evolution on 1 processors
INFO (PUGH): 3-dimensional grid functions
INFO (PUGH):  10
INFO (PUGH):  1
INFO (PUGH): 10]
INFO (PUGH):   Maximum load skew: 0.000000
--------------------------------------------------------------------------------
Done.
+ echo Stopping:
Stopping:
+ date
Wed May 20 21:01:22 UTC 2026
+ echo Done.
Done.
  Elapsed time: 58.6 s
