/home/runner/simulations/TestJob01_temp_2/output-0000/TEST/sim/MemSpeed
Preparing:
+ set -e
+ cd output-0000-active
+ echo Checking:
Checking:
+ pwd
/home/runner/simulations/TestJob01_temp_2/output-0000/TEST/sim/MemSpeed/output-0000-active
+ hostname
runnervmg397c
+ date
Thu May 21 18:49:00 UTC 2026
+ echo Environment:
Environment:
+ export CACTUS_NUM_PROCS=2
+ CACTUS_NUM_PROCS=2
+ export CACTUS_NUM_THREADS=1
+ CACTUS_NUM_THREADS=1
+ export GMON_OUT_PREFIX=gmon.out
+ GMON_OUT_PREFIX=gmon.out
+ export OMP_NUM_THREADS=1
+ OMP_NUM_THREADS=1
+ env
+ sort
+ echo Starting:
Starting:
++ date +%s
+ export CACTUS_STARTTIME=1779389340
+ CACTUS_STARTTIME=1779389340
+ '[' 2 = 1 ']'
+ mpirun -np 2 /home/runner/simulations/TestJob01_temp_2/SIMFACTORY/exe/cactus_sim -L 3 /home/runner/simulations/TestJob01_temp_2/output-0000/arrangements/CactusUtils/MemSpeed/test/memspeed.par
INFO (Cactus): Increased logging level from 0 to 3
--------------------------------------------------------------------------------

       10                                  
  1   0101       ************************  
  01  1010 10      The Cactus Code V4.18.0    
 1010 1101 011      www.cactuscode.org     
  1001 100101    ************************  
    00010101                               
     100011     (c) Copyright The Authors  
      0100      GNU Licensed. No Warranty  
      0101                                 
--------------------------------------------------------------------------------

Cactus version:    4.18.0
Compile date:      May 21 2026 (18:16:24)
Run date:          May 21 2026 (18:49:01+0000)
Run host:          runnervmg397c.guklbwq1g02unjtnn4f2llqnib.cx.internal.cloudapp.net (pid=180259)
Working directory: /home/runner/simulations/TestJob01_temp_2/output-0000/TEST/sim/MemSpeed
Executable:        /home/runner/simulations/TestJob01_temp_2/SIMFACTORY/exe/cactus_sim
Parameter file:    /home/runner/simulations/TestJob01_temp_2/output-0000/arrangements/CactusUtils/MemSpeed/test/memspeed.par
--------------------------------------------------------------------------------

Activating thorn Cactus...Success -> active implementation Cactus
Activation requested for 
--->hwloc MemSpeed SystemTopology CartGrid3D CoordBase IOASCII IOUtil PUGH PUGHSlab<---
Thorn hwloc requests automatic activation of zlib
Thorn MemSpeed requests automatic activation of Vectors
Thorn MemSpeed requests automatic activation of MPI
Activating thorn CartGrid3D...Success -> active implementation grid
Activating thorn CoordBase...Success -> active implementation CoordBase
Activating thorn hwloc...Success -> active implementation hwloc
Activating thorn IOASCII...Success -> active implementation IOASCII
Activating thorn IOUtil...Success -> active implementation IO
Activating thorn MemSpeed...Success -> active implementation MemSpeed
Activating thorn MPI...Success -> active implementation MPI
Activating thorn PUGH...Success -> active implementation Driver
Activating thorn PUGHSlab...Success -> active implementation Hyperslab
Activating thorn SystemTopology...Success -> active implementation SystemTopology
Activating thorn Vectors...Success -> active implementation Vectors
Activating thorn zlib...Success -> active implementation zlib
--------------------------------------------------------------------------------
  if (recover initial data)
    Recover parameters
  endif

  Startup routines
    [CCTK_STARTUP]
      CartGrid3D::SymmetryStartup: Register GH Extension for GridSymmetry
      CoordBase::CoordBase_Startup: Register a GH extension to store the coordinate system handles
      GROUP hwloc_startup: hwloc startup group
        hwloc::hwloc_version: Output hwloc version
      SystemTopology::ST_system_topology: Output and/or modify system topology and hardware locality
      PUGH::Driver_Startup: Startup routine
      PUGH::PUGH_RegisterPUGHP2LRoutines: Register Physical to Logical process mapping routines
      PUGH::PUGH_RegisterPUGHTopologyRoutines: Register topology generation routines routines
      IOUtil::IOUtil_Startup: Startup routine
      Vectors::Vectors_Startup: Print startup message
      IOASCII::IOASCII_Startup: Startup routine

  Startup routines which need an existing grid hierarchy
    [CCTK_WRAGH]
      CartGrid3D::RegisterCartGrid3DCoords: [meta] Register coordinates for the Cartesian grid
      MemSpeed::MemSpeed_MeasureSpeed: [meta] Measure CPU, memory, cache speeds
  Parameter checking routines
    [CCTK_PARAMCHECK]
      CartGrid3D::ParamCheck_CartGrid3D: Check coordinates for CartGrid3D
      Vectors::Vectors_Test: Run correctness tests.

  Initialisation
    if (NOT (recover initial data AND recovery_mode is 'strict'))
      [CCTK_PREREGRIDINITIAL]
      Set up grid hierarchy
      [CCTK_POSTREGRIDINITIAL]
        CartGrid3D::SpatialCoordinates: Set Coordinates after regridding
      [CCTK_BASEGRID]
        CartGrid3D::SpatialSpacings: Set up ranges for spatial 3D Cartesian coordinates (on all grids)
        CartGrid3D::SpatialCoordinates: Set up spatial 3D Cartesian coordinates on the GH
        IOASCII::IOASCII_Choose1D: Choose 1D output lines
        IOASCII::IOASCII_Choose2D: Choose 2D output planes
        PUGH::PUGH_Report: Report on PUGH set up
      [CCTK_INITIAL]
      [CCTK_POSTINITIAL]
      Initialise finer grids recursively
      Restrict from finer grids
      [CCTK_POSTRESTRICTINITIAL]
      [CCTK_POSTPOSTINITIAL]
      [CCTK_POSTSTEP]
    endif
    if (recover initial data)
      [CCTK_BASEGRID]
        CartGrid3D::SpatialSpacings: Set up ranges for spatial 3D Cartesian coordinates (on all grids)
        CartGrid3D::SpatialCoordinates: Set up spatial 3D Cartesian coordinates on the GH
        IOASCII::IOASCII_Choose1D: Choose 1D output lines
        IOASCII::IOASCII_Choose2D: Choose 2D output planes
        PUGH::PUGH_Report: Report on PUGH set up
      [CCTK_RECOVER_VARIABLES]
      [CCTK_POST_RECOVER_VARIABLES]
    endif
    if (checkpoint initial data)
      [CCTK_CPINITIAL]
    endif
    if (analysis)
      [CCTK_ANALYSIS]
  endif
  Output grid variables

  do loop over timesteps
    [CCTK_PREREGRID]
    Change grid hierarchy
    [CCTK_POSTREGRID]
      CartGrid3D::SpatialCoordinates: Set Coordinates after regridding
    Rotate timelevels
    iteration = iteration+1
    t = t+dt
    [CCTK_PRESTEP]
    [CCTK_EVOL]
    Evolve finer grids recursively
    Restrict from finer grids
    [CCTK_POSTRESTRICT]
    [CCTK_POSTSTEP]
    if (checkpoint)
      [CCTK_CHECKPOINT]
    endif
    if (analysis)
      [CCTK_ANALYSIS]
    endif
    Output grid variables
    enddo

  Termination routines
    [CCTK_TERMINATE]
      PUGH::Driver_Terminate: Termination routine

  Shutdown routines
    [CCTK_SHUTDOWN]

  Routines run after changing the grid hierarchy:
    [CCTK_POSTREGRID]
      CartGrid3D::SpatialCoordinates: Set Coordinates after regridding
--------------------------------------------------------------------------------
INFO (hwloc): library version 2.10.0, API version 0x20800
INFO (SystemTopology): MPI process-to-host mapping:
This is MPI process 0 of 2
MPI hosts:
  0: runnervmg397c
This MPI process runs on host 0 of 1
On this host, this is MPI process 0 of 2
INFO (SystemTopology): Topology support:
Discovery support:
  discovery->pu                            : yes
CPU binding support:
  cpubind->set_thisproc_cpubind            : yes
  cpubind->get_thisproc_cpubind            : yes
  cpubind->set_proc_cpubind                : yes
  cpubind->get_proc_cpubind                : yes
  cpubind->set_thisthread_cpubind          : yes
  cpubind->get_thisthread_cpubind          : yes
  cpubind->set_thread_cpubind              : yes
  cpubind->get_thread_cpubind              : yes
  cpubind->get_thisproc_last_cpu_location  : yes
  cpubind->get_proc_last_cpu_location      : yes
  cpubind->get_thisthread_last_cpu_location: yes
Memory binding support:
  membind->set_thisproc_membind            : no
  membind->get_thisproc_membind            : no
  membind->set_proc_membind                : no
  membind->get_proc_membind                : no
  membind->set_thisthread_membind          : yes
  membind->get_thisthread_membind          : yes
  membind->set_area_membind                : yes
  membind->get_area_membind                : yes
  membind->alloc_membind                   : yes
  membind->firsttouch_membind              : yes
  membind->bind_membind                    : yes
  membind->interleave_membind              : yes
  membind->nexttouch_membind               : no
  membind->migrate_membind                 : yes
INFO (SystemTopology): Hardware objects in this node:
Machine L#0: (P#0, total=16373464KB, DMIProductName="Virtual Machine", DMIProductVersion="Hyper-V UEFI Release v4.1", DMIProductUUID=10aaebd7-f110-4e97-958a-9ebc62136443, DMIBoardVendor="Microsoft Corporation", DMIBoardName="Virtual Machine", DMIBoardVersion="Hyper-V UEFI Release v4.1", DMIBoardAssetTag=None, DMIChassisVendor="Microsoft Corporation", DMIChassisType=3, DMIChassisVersion="Hyper-V UEFI Release v4.1", DMIChassisAssetTag=7783-7084-3265-9085-8269-3286-77, DMIBIOSVendor="Microsoft Corporation", DMIBIOSVersion="Hyper-V UEFI Release v4.1", DMIBIOSDate=01/08/2026, DMISysVendor="Microsoft Corporation", Backend=Linux, LinuxCgroup=/system.slice/hosted-compute-agent.service, OSName=Linux, OSRelease=6.17.0-1013-azure, OSVersion="#13~24.04.1-Ubuntu SMP Wed Apr 15 16:52:17 UTC 2026", HostName=runnervmg397c, Architecture=x86_64, hwlocVersion=2.10.0, ProcessName=cactus_sim)
  Package L#0: (P#0, total=16373464KB, CPUVendor=AuthenticAMD, CPUFamilyNumber=25, CPUModelNumber=17, CPUModel="AMD EPYC 9V74 80-Core Processor                ", CPUStepping=1)
    L3Cache L#0: (P#0, size=32768KB, linesize=64, ways=16, Inclusive=0)
      L2Cache L#0: (P#0, size=1024KB, linesize=64, ways=8, Inclusive=1)
        L1dCache L#0: (P#0, size=32KB, linesize=64, ways=8, Inclusive=0)
          Core L#0: (P#0)
            PU L#0: (P#0)
            PU L#1: (P#1)
      L2Cache L#1: (P#1, size=1024KB, linesize=64, ways=8, Inclusive=1)
        L1dCache L#1: (P#1, size=32KB, linesize=64, ways=8, Inclusive=0)
          Core L#1: (P#1)
            PU L#2: (P#2)
            PU L#3: (P#3)
INFO (SystemTopology): Thread CPU bindings:
  MPI process 0 on host 0 (process 0 of 2 on this host)
    OpenMP thread 0: PU set L#{0-1} P#{0-1}
  MPI process 1 on host 0 (process 1 of 2 on this host)
    OpenMP thread 0: PU set L#{2-3} P#{2-3}
INFO (SystemTopology): Setting thread CPU bindings:
INFO (SystemTopology): Thread CPU bindings:
  MPI process 0 on host 0 (process 0 of 2 on this host)
    OpenMP thread 0: PU set L#{0} P#{0}
  MPI process 1 on host 0 (process 1 of 2 on this host)
    OpenMP thread 0: PU set L#{2} P#{2}
INFO (SystemTopology): Extracting CPU/cache/memory properties:
  There are 2 PUs per core (aka hardware SMT threads)
  There are 1 threads per core (aka SMT threads used)
  Cache (unknown name) has type "data" depth 1
    size 32768 linesize 64 associativity 8 stride 4096, for 2 PUs
  Cache (unknown name) has type "unified" depth 2
    size 1048576 linesize 64 associativity 8 stride 131072, for 2 PUs
  Cache (unknown name) has type "unified" depth 3
    size 33554432 linesize 64 associativity 16 stride 2097152, for 4 PUs
INFO (PUGH): Using physical to logical mappings: direct
INFO (PUGH): Using topology generator: automatic
INFO (Vectors): Using vector size 2 for architecture SSE2 (64-bit precision)
--------------------------------------------------------------------------------
Driver provided by PUGH
--------------------------------------------------------------------------------

INFO (PUGH): Not setting up a topology for 1 dimensions
INFO (PUGH): Not setting up a topology for 2 dimensions
INFO (PUGH): Setting up a topology for 3 dimensions
INFO (IOASCII): I/O Method 'IOASCII_1D' registered: output of 1D lines of grid functions/arrays to ASCII files
INFO (IOASCII): Periodic 1D output every 1 iterations
INFO (IOASCII): Periodic 1D output requested for 'GRID::r'
INFO (IOASCII): I/O Method 'IOASCII_2D' registered: output of 2D planes of grid functions/arrays to ASCII files
INFO (IOASCII): Periodic 2D output turned off
INFO (IOASCII): I/O Method 'IOASCII_3D' registered: output of 3D grid functions/arrays to ASCII files
INFO (IOASCII): Periodic 3D output turned off
INFO (MemSpeed): Measuring CPU, cache, memory, and communication speeds:
  Single-core measurements (using 1 MPI processes with 1 OpenMP threads each):
    CPU frequency:
      iterations=1000000... time=0.00142938 sec
      iterations=10000000... time=0.0141249 sec
      iterations=100000000... time=0.140911 sec
      iterations=800000000... time=1.13264 sec
      iterations=800000000... time=0.844749 sec
      result: 5.55758 GHz
    CPU floating point performance:
      iterations=1000000... time=0.00220634 sec
      iterations=10000000... time=0.0219484 sec
      iterations=100000000... time=0.219743 sec
      iterations=500000000... time=1.09859 sec
      result: 14.5641 Gflop/sec
    CPU integer performance:
      iterations=1000000... time=0.00179791 sec
      iterations=10000000... time=0.0176445 sec
      iterations=100000000... time=0.176244 sec
      iterations=600000000... time=1.06287 sec
      result: 9.03213 Giop/sec
    Read latency of D1 cache (for 2 PUs) (using 1*24576 bytes):
      iterations=1000... time=0.000143887 sec
      iterations=10000... time=0.00141154 sec
      iterations=100000... time=0.0141133 sec
      iterations=1000000... time=0.140911 sec
      iterations=8000000... time=1.12866 sec
      result: 1.41083 nsec
    Read latency of L2 cache (for 2 PUs) (using 1*786432 bytes):
      iterations=1000... time=0.000807686 sec
      iterations=10000... time=0.00800028 sec
      iterations=100000... time=0.0782185 sec
      iterations=1000000... time=0.774144 sec
      iterations=2000000... time=1.55438 sec
      result: 7.77189 nsec
    Read latency of L3 cache (for 4 PUs) (using 1*25165824 bytes):
      [skipped -- avoiding large-memory benchmarks]
    Read bandwidth of D1 cache (for 2 PUs) (using 1*24576 bytes):
      iterations=1... time=4.11e-07 sec
      iterations=10... time=3.736e-06 sec
      iterations=100... time=3.1838e-05 sec
      iterations=1000... time=0.000297568 sec
      iterations=10000... time=0.00277373 sec
      iterations=100000... time=0.0276685 sec
      iterations=1000000... time=0.277658 sec
      iterations=4000000... time=1.10682 sec
      result: 88.8167 GByte/sec
    Read bandwidth of L2 cache (for 2 PUs) (using 1*786432 bytes):
      iterations=1... time=1.4682e-05 sec
      iterations=10... time=0.000116556 sec
      iterations=100... time=0.00105248 sec
      iterations=1000... time=0.0100057 sec
      iterations=10000... time=0.100472 sec
      iterations=100000... time=1.0048 sec
      result: 78.2672 GByte/sec
    Read bandwidth of L3 cache (for 4 PUs) (using 1*25165824 bytes):
      [skipped -- avoiding large-memory benchmarks]
    Write latency of D1 cache (for 2 PUs) (using 1*24576 bytes):
      iterations=1000... time=3.746e-06 sec
      iterations=10000... time=2.8022e-05 sec
      iterations=100000... time=0.000290407 sec
      iterations=1000000... time=0.00282618 sec
      iterations=10000000... time=0.0281444 sec
      iterations=100000000... time=0.283466 sec
      iterations=400000000... time=1.13002 sec
      result: 0.353132 nsec
    Write latency of L2 cache (for 2 PUs) (using 1*786432 bytes):
      iterations=1000... time=1.3771e-05 sec
      iterations=10000... time=8.4938e-05 sec
      iterations=100000... time=0.000678162 sec
      iterations=1000000... time=0.00670172 sec
      iterations=10000000... time=0.0667619 sec
      iterations=100000000... time=0.668728 sec
      iterations=200000000... time=1.33434 sec
      result: 0.833965 nsec
    Write latency of L3 cache (for 4 PUs) (using 1*25165824 bytes):
      [skipped -- avoiding large-memory benchmarks]
    Write bandwidth of D1 cache (for 2 PUs) (using 1*24576 bytes):
      iterations=1... time=4.11e-07 sec
      iterations=10... time=3.996e-06 sec
      iterations=100... time=3.2449e-05 sec
      iterations=1000... time=0.000285959 sec
      iterations=10000... time=0.00284916 sec
      iterations=100000... time=0.0283288 sec
      iterations=1000000... time=0.283896 sec
      iterations=4000000... time=1.1336 sec
      result: 86.7181 GByte/sec
    Write bandwidth of L2 cache (for 2 PUs) (using 1*786432 bytes):
      iterations=1... time=1.5103e-05 sec
      iterations=10... time=0.000133781 sec
      iterations=100... time=0.000993141 sec
      iterations=1000... time=0.00968274 sec
      iterations=10000... time=0.0963292 sec
      iterations=100000... time=0.980788 sec
      iterations=200000... time=1.93445 sec
      result: 81.308 GByte/sec
    Write bandwidth of L3 cache (for 4 PUs) (using 1*25165824 bytes):
      [skipped -- avoiding large-memory benchmarks]
    Stencil code performance of D1 cache (for 2 PUs) (using 1*12^3 grid points, 1*27648 bytes):
      iterations=1... time=5.1017e-05 sec
      iterations=10... time=0.000389267 sec
      iterations=100... time=0.00377012 sec
      iterations=1000... time=0.0374785 sec
      iterations=10000... time=0.37187 sec
      iterations=30000... time=1.11072 sec
      result: 0.0466725 Gupdates/sec
    Stencil code performance of L2 cache (for 2 PUs) (using 1*37^3 grid points, 1*810448 bytes):
      iterations=1... time=0.00031203 sec
      iterations=10... time=0.00316566 sec
      iterations=100... time=0.0318631 sec
      iterations=1000... time=0.316181 sec
      iterations=3000... time=0.939395 sec
      iterations=6000... time=1.88432 sec
      result: 0.161288 Gupdates/sec
    Stencil code performance of L3 cache (for 4 PUs) (using 1*116^3 grid points, 1*24974336 bytes):
      iterations=1... time=0.00399337 sec
      iterations=10... time=0.043025 sec
      iterations=100... time=0.430712 sec
      iterations=300... time=1.28122 sec
      result: 0.365485 Gupdates/sec
  Single-node measurements (using 2 MPI processes with 1 OpenMP threads each):
    CPU frequency:
      iterations=1000000... time=0.00140864 sec
      iterations=10000000... time=0.0141513 sec
      iterations=100000000... time=0.140586 sec
      iterations=800000000... time=1.12548 sec
      iterations=800000000... time=0.843993 sec
      result: 5.684 GHz
    CPU floating point performance:
      iterations=1000000... time=0.00219669 sec
      iterations=10000000... time=0.0219572 sec
      iterations=100000000... time=0.219448 sec
      iterations=500000000... time=1.09809 sec
      result: 14.5708 Gflop/sec
    CPU integer performance:
      iterations=1000000... time=0.00178521 sec
      iterations=10000000... time=0.0176103 sec
      iterations=100000000... time=0.175898 sec
      iterations=600000000... time=1.08715 sec
      result: 8.83047 Giop/sec
    Read latency of D1 cache (for 2 PUs) (using 2*24576 bytes):
      iterations=1000... time=0.000141813 sec
      iterations=10000... time=0.00142245 sec
      iterations=100000... time=0.014079 sec
      iterations=1000000... time=0.14067 sec
      iterations=8000000... time=1.1263 sec
      result: 1.40788 nsec
    Read latency of L2 cache (for 2 PUs) (using 2*786432 bytes):
      iterations=1000... time=0.000762888 sec
      iterations=10000... time=0.00721575 sec
      iterations=100000... time=0.0720581 sec
      iterations=1000000... time=0.717087 sec
      iterations=2000000... time=1.43552 sec
      result: 7.17761 nsec
    Read latency of L3 cache (for 4 PUs) (using 1*25165824 bytes):
      [skipped -- too many MPI processes]
    Read bandwidth of D1 cache (for 2 PUs) (using 2*24576 bytes):
      iterations=1... time=3.95e-07 sec
      iterations=10... time=3.14e-06 sec
      iterations=100... time=3.364e-05 sec
      iterations=1000... time=0.000284058 sec
      iterations=10000... time=0.00277619 sec
      iterations=100000... time=0.0276381 sec
      iterations=1000000... time=0.276663 sec
      iterations=4000000... time=1.10592 sec
      result: 88.8886 GByte/sec
    Read bandwidth of L2 cache (for 2 PUs) (using 2*786432 bytes):
      iterations=1... time=1.1848e-05 sec
      iterations=10... time=0.000120917 sec
      iterations=100... time=0.00103183 sec
      iterations=1000... time=0.0101749 sec
      iterations=10000... time=0.101352 sec
      iterations=100000... time=1.01021 sec
      result: 77.8486 GByte/sec
    Read bandwidth of L3 cache (for 4 PUs) (using 1*25165824 bytes):
      [skipped -- too many MPI processes]
    Write latency of D1 cache (for 2 PUs) (using 2*24576 bytes):
      iterations=1000... time=3.7555e-06 sec
      iterations=10000... time=5.01005e-05 sec
      iterations=100000... time=0.000288114 sec
      iterations=1000000... time=0.00283684 sec
      iterations=10000000... time=0.0281562 sec
      iterations=100000000... time=0.281768 sec
      iterations=400000000... time=1.12568 sec
      result: 0.351776 nsec
    Write latency of L2 cache (for 2 PUs) (using 2*786432 bytes):
      iterations=1000... time=1.04455e-05 sec
      iterations=10000... time=8.0971e-05 sec
      iterations=100000... time=0.000671689 sec
      iterations=1000000... time=0.00666891 sec
      iterations=10000000... time=0.0664674 sec
      iterations=100000000... time=0.666147 sec
      iterations=200000000... time=1.33811 sec
      result: 0.836317 nsec
    Write latency of L3 cache (for 4 PUs) (using 1*25165824 bytes):
      [skipped -- too many MPI processes]
    Write bandwidth of D1 cache (for 2 PUs) (using 2*24576 bytes):
      iterations=1... time=4.26e-07 sec
      iterations=10... time=3.48e-06 sec
      iterations=100... time=3.5118e-05 sec
      iterations=1000... time=0.000289195 sec
      iterations=10000... time=0.00284788 sec
      iterations=100000... time=0.0283112 sec
      iterations=1000000... time=0.283308 sec
      iterations=4000000... time=1.13294 sec
      result: 86.7686 GByte/sec
    Write bandwidth of L2 cache (for 2 PUs) (using 2*786432 bytes):
      iterations=1... time=1.22035e-05 sec
      iterations=10... time=0.000122349 sec
      iterations=100... time=0.00100858 sec
      iterations=1000... time=0.00971787 sec
      iterations=10000... time=0.0972785 sec
      iterations=100000... time=0.977373 sec
      iterations=200000... time=1.94901 sec
      result: 80.7008 GByte/sec
    Write bandwidth of L3 cache (for 4 PUs) (using 1*25165824 bytes):
      [skipped -- too many MPI processes]
    Stencil code performance of D1 cache (for 2 PUs) (using 1*12^3 grid points, 1*27648 bytes):
      [skipped -- too many MPI processes]
    Stencil code performance of L2 cache (for 2 PUs) (using 1*37^3 grid points, 1*810448 bytes):
      [skipped -- too many MPI processes]
    Stencil code performance of L3 cache (for 4 PUs) (using 1*116^3 grid points, 1*24974336 bytes):
      [skipped -- too many MPI processes]
  Single-node measurements:
    MPI latency: 816.5 nsec
    MPI bandwidth: 11.6839 GByte/sec
INFO (Vectors): Testing vectorisation... [errors may result in segfaults]
INFO (Vectors): 375/375 tests passed 
INFO (CartGrid3D): Grid Spacings:
INFO (CartGrid3D): dx=>1.1111111e-01  dy=>1.1111111e-01  dz=>1.1111111e-01
INFO (CartGrid3D): Computational Coordinates:
INFO (CartGrid3D): x=>[-0.500, 0.500]  y=>[-0.500, 0.500]  z=>[-0.500, 0.500]
INFO (CartGrid3D): Indices of Physical Coordinates:
INFO (CartGrid3D): x=>[0,9]  y=>[0,9]  z=>[0,9]
INFO (PUGH): MPI Evolution on 2 processors
INFO (PUGH): 3-dimensional grid functions
INFO (PUGH):  10
INFO (PUGH):  1
INFO (PUGH): 10]
INFO (PUGH):   Maximum load skew: 0.000000
--------------------------------------------------------------------------------
Done.
+ echo Stopping:
Stopping:
+ date
Thu May 21 18:49:45 UTC 2026
+ echo Done.
Done.
  Elapsed time: 45.0 s
