/home/runner/simulations/TestJob01_temp_1/output-0000/TEST/sim/MemSpeed
Preparing:
+ set -e
+ cd output-0000-active
+ echo Checking:
Checking:
+ pwd
/home/runner/simulations/TestJob01_temp_1/output-0000/TEST/sim/MemSpeed/output-0000-active
+ hostname
runnervmmklqx
+ date
Mon Jun 29 18:24:41 UTC 2026
+ echo Environment:
Environment:
+ export CACTUS_NUM_PROCS=1
+ CACTUS_NUM_PROCS=1
+ export CACTUS_NUM_THREADS=2
+ CACTUS_NUM_THREADS=2
+ export GMON_OUT_PREFIX=gmon.out
+ GMON_OUT_PREFIX=gmon.out
+ export OMP_NUM_THREADS=2
+ OMP_NUM_THREADS=2
+ env
+ sort
+ echo Starting:
Starting:
++ date +%s
+ export CACTUS_STARTTIME=1782757481
+ CACTUS_STARTTIME=1782757481
+ '[' 1 = 1 ']'
+ '[' 0 -eq 0 ']'
+ /home/runner/simulations/TestJob01_temp_1/SIMFACTORY/exe/cactus_sim -L 3 /home/runner/simulations/TestJob01_temp_1/output-0000/arrangements/CactusUtils/MemSpeed/test/memspeed.par
INFO (Cactus): Increased logging level from 0 to 3
--------------------------------------------------------------------------------

       10                                  
  1   0101       ************************  
  01  1010 10      The Cactus Code V4.20.0    
 1010 1101 011      www.cactuscode.org     
  1001 100101    ************************  
    00010101                               
     100011     (c) Copyright The Authors  
      0100      GNU Licensed. No Warranty  
      0101                                 
--------------------------------------------------------------------------------

Cactus version:    4.20.0
Compile date:      Jun 29 2026 (18:12:34)
Run date:          Jun 29 2026 (18:24:42+0000)
Run host:          runnervmmklqx.t0wjbh1ntu3exmtqficsg1sdwa.cx.internal.cloudapp.net (pid=171701)
Working directory: /home/runner/simulations/TestJob01_temp_1/output-0000/TEST/sim/MemSpeed
Executable:        /home/runner/simulations/TestJob01_temp_1/SIMFACTORY/exe/cactus_sim
Parameter file:    /home/runner/simulations/TestJob01_temp_1/output-0000/arrangements/CactusUtils/MemSpeed/test/memspeed.par
--------------------------------------------------------------------------------

Activating thorn Cactus...Success -> active implementation Cactus
Activation requested for 
--->hwloc MemSpeed SystemTopology CartGrid3D CoordBase IOASCII IOUtil PUGH PUGHSlab<---
Thorn hwloc requests automatic activation of zlib
Thorn MemSpeed requests automatic activation of Vectors
Thorn MemSpeed requests automatic activation of MPI
Activating thorn CartGrid3D...Success -> active implementation grid
Activating thorn CoordBase...Success -> active implementation CoordBase
Activating thorn hwloc...Success -> active implementation hwloc
Activating thorn IOASCII...Success -> active implementation IOASCII
Activating thorn IOUtil...Success -> active implementation IO
Activating thorn MemSpeed...Success -> active implementation MemSpeed
Activating thorn MPI...Success -> active implementation MPI
Activating thorn PUGH...Success -> active implementation Driver
Activating thorn PUGHSlab...Success -> active implementation Hyperslab
Activating thorn SystemTopology...Success -> active implementation SystemTopology
Activating thorn Vectors...Success -> active implementation Vectors
Activating thorn zlib...Success -> active implementation zlib
--------------------------------------------------------------------------------
  if (recover initial data)
    Recover parameters
  endif

  Startup routines
    [CCTK_STARTUP]
      CartGrid3D::SymmetryStartup: Register GH Extension for GridSymmetry
      CoordBase::CoordBase_Startup: Register a GH extension to store the coordinate system handles
      GROUP hwloc_startup: hwloc startup group
        hwloc::hwloc_version: Output hwloc version
      SystemTopology::ST_system_topology: Output and/or modify system topology and hardware locality
      PUGH::Driver_Startup: Startup routine
      PUGH::PUGH_RegisterPUGHP2LRoutines: Register Physical to Logical process mapping routines
      PUGH::PUGH_RegisterPUGHTopologyRoutines: Register topology generation routines routines
      IOUtil::IOUtil_Startup: Startup routine
      Vectors::Vectors_Startup: Print startup message
      IOASCII::IOASCII_Startup: Startup routine

  Startup routines which need an existing grid hierarchy
    [CCTK_WRAGH]
      CartGrid3D::RegisterCartGrid3DCoords: [meta] Register coordinates for the Cartesian grid
      MemSpeed::MemSpeed_MeasureSpeed: [meta] Measure CPU, memory, cache speeds
  Parameter checking routines
    [CCTK_PARAMCHECK]
      CartGrid3D::ParamCheck_CartGrid3D: Check coordinates for CartGrid3D
      Vectors::Vectors_Test: Run correctness tests.

  Initialisation
    if (NOT (recover initial data AND recovery_mode is 'strict'))
      [CCTK_PREREGRIDINITIAL]
      Set up grid hierarchy
      [CCTK_POSTREGRIDINITIAL]
        CartGrid3D::SpatialCoordinates: Set Coordinates after regridding
      [CCTK_BASEGRID]
        CartGrid3D::SpatialSpacings: Set up ranges for spatial 3D Cartesian coordinates (on all grids)
        CartGrid3D::SpatialCoordinates: Set up spatial 3D Cartesian coordinates on the GH
        IOASCII::IOASCII_Choose1D: Choose 1D output lines
        IOASCII::IOASCII_Choose2D: Choose 2D output planes
        PUGH::PUGH_Report: Report on PUGH set up
      [CCTK_INITIAL]
      [CCTK_POSTINITIAL]
      Initialise finer grids recursively
      Restrict from finer grids
      [CCTK_POSTRESTRICTINITIAL]
      [CCTK_POSTPOSTINITIAL]
      [CCTK_POSTSTEP]
    endif
    if (recover initial data)
      [CCTK_BASEGRID]
        CartGrid3D::SpatialSpacings: Set up ranges for spatial 3D Cartesian coordinates (on all grids)
        CartGrid3D::SpatialCoordinates: Set up spatial 3D Cartesian coordinates on the GH
        IOASCII::IOASCII_Choose1D: Choose 1D output lines
        IOASCII::IOASCII_Choose2D: Choose 2D output planes
        PUGH::PUGH_Report: Report on PUGH set up
      [CCTK_RECOVER_VARIABLES]
      [CCTK_POST_RECOVER_VARIABLES]
    endif
    if (checkpoint initial data)
      [CCTK_CPINITIAL]
    endif
    if (analysis)
      [CCTK_ANALYSIS]
  endif
  Output grid variables

  do loop over timesteps
    [CCTK_PREREGRID]
    Change grid hierarchy
    [CCTK_POSTREGRID]
      CartGrid3D::SpatialCoordinates: Set Coordinates after regridding
    Rotate timelevels
    iteration = iteration+1
    t = t+dt
    [CCTK_PRESTEP]
    [CCTK_EVOL]
    Evolve finer grids recursively
    Restrict from finer grids
    [CCTK_POSTRESTRICT]
    [CCTK_POSTSTEP]
    if (checkpoint)
      [CCTK_CHECKPOINT]
    endif
    if (analysis)
      [CCTK_ANALYSIS]
    endif
    Output grid variables
    enddo

  Termination routines
    [CCTK_TERMINATE]
      PUGH::Driver_Terminate: Termination routine

  Shutdown routines
    [CCTK_SHUTDOWN]

  Routines run after changing the grid hierarchy:
    [CCTK_POSTREGRID]
      CartGrid3D::SpatialCoordinates: Set Coordinates after regridding
--------------------------------------------------------------------------------
INFO (hwloc): library version 2.10.0, API version 0x20800
INFO (SystemTopology): MPI process-to-host mapping:
This is MPI process 0 of 1
MPI hosts:
  0: runnervmmklqx
This MPI process runs on host 0 of 1
On this host, this is MPI process 0 of 1
INFO (SystemTopology): Topology support:
Discovery support:
  discovery->pu                            : yes
CPU binding support:
  cpubind->set_thisproc_cpubind            : yes
  cpubind->get_thisproc_cpubind            : yes
  cpubind->set_proc_cpubind                : yes
  cpubind->get_proc_cpubind                : yes
  cpubind->set_thisthread_cpubind          : yes
  cpubind->get_thisthread_cpubind          : yes
  cpubind->set_thread_cpubind              : yes
  cpubind->get_thread_cpubind              : yes
  cpubind->get_thisproc_last_cpu_location  : yes
  cpubind->get_proc_last_cpu_location      : yes
  cpubind->get_thisthread_last_cpu_location: yes
Memory binding support:
  membind->set_thisproc_membind            : no
  membind->get_thisproc_membind            : no
  membind->set_proc_membind                : no
  membind->get_proc_membind                : no
  membind->set_thisthread_membind          : yes
  membind->get_thisthread_membind          : yes
  membind->set_area_membind                : yes
  membind->get_area_membind                : yes
  membind->alloc_membind                   : yes
  membind->firsttouch_membind              : yes
  membind->bind_membind                    : yes
  membind->interleave_membind              : yes
  membind->nexttouch_membind               : no
  membind->migrate_membind                 : yes
INFO (SystemTopology): Hardware objects in this node:
Machine L#0: (P#0, total=16373460KB, DMIProductName="Virtual Machine", DMIProductVersion="Hyper-V UEFI Release v4.1", DMIProductUUID=b85f5e90-da1e-45c4-8b16-13e614cf2008, DMIBoardVendor="Microsoft Corporation", DMIBoardName="Virtual Machine", DMIBoardVersion="Hyper-V UEFI Release v4.1", DMIBoardAssetTag=None, DMIChassisVendor="Microsoft Corporation", DMIChassisType=3, DMIChassisVersion="Hyper-V UEFI Release v4.1", DMIChassisAssetTag=7783-7084-3265-9085-8269-3286-77, DMIBIOSVendor="Microsoft Corporation", DMIBIOSVersion="Hyper-V UEFI Release v4.1", DMIBIOSDate=01/08/2026, DMISysVendor="Microsoft Corporation", Backend=Linux, LinuxCgroup=/system.slice/hosted-compute-agent.service, OSName=Linux, OSRelease=6.17.0-1018-azure, OSVersion="#18~24.04.1-Ubuntu SMP Thu May 28 16:39:11 UTC 2026", HostName=runnervmmklqx, Architecture=x86_64, hwlocVersion=2.10.0, ProcessName=cactus_sim)
  Package L#0: (P#0, total=16373460KB, CPUVendor=AuthenticAMD, CPUFamilyNumber=25, CPUModelNumber=17, CPUModel="AMD EPYC 9V74 80-Core Processor                ", CPUStepping=1)
    L3Cache L#0: (P#0, size=32768KB, linesize=64, ways=16, Inclusive=0)
      L2Cache L#0: (P#0, size=1024KB, linesize=64, ways=8, Inclusive=1)
        L1dCache L#0: (P#0, size=32KB, linesize=64, ways=8, Inclusive=0)
          Core L#0: (P#0)
            PU L#0: (P#0)
            PU L#1: (P#1)
      L2Cache L#1: (P#1, size=1024KB, linesize=64, ways=8, Inclusive=1)
        L1dCache L#1: (P#1, size=32KB, linesize=64, ways=8, Inclusive=0)
          Core L#1: (P#1)
            PU L#2: (P#2)
            PU L#3: (P#3)
INFO (SystemTopology): Thread CPU bindings:
  MPI process 0 on host 0 (process 0 of 1 on this host)
    OpenMP thread 0: PU set L#{0-3} P#{0-3}
    OpenMP thread 1: PU set L#{0-3} P#{0-3}
INFO (SystemTopology): Setting thread CPU bindings:
INFO (SystemTopology): Thread CPU bindings:
  MPI process 0 on host 0 (process 0 of 1 on this host)
    OpenMP thread 0: PU set L#{0} P#{0}
    OpenMP thread 1: PU set L#{2} P#{2}
INFO (SystemTopology): Extracting CPU/cache/memory properties:
  There are 2 PUs per core (aka hardware SMT threads)
  There are 1 threads per core (aka SMT threads used)
  Cache (unknown name) has type "data" depth 1
    size 32768 linesize 64 associativity 8 stride 4096, for 2 PUs
  Cache (unknown name) has type "unified" depth 2
    size 1048576 linesize 64 associativity 8 stride 131072, for 2 PUs
  Cache (unknown name) has type "unified" depth 3
    size 33554432 linesize 64 associativity 16 stride 2097152, for 4 PUs
INFO (PUGH): Using physical to logical mappings: direct
INFO (PUGH): Using topology generator: automatic
INFO (Vectors): Using vector size 2 for architecture SSE2 (64-bit precision)
--------------------------------------------------------------------------------
Driver provided by PUGH
--------------------------------------------------------------------------------

INFO (PUGH): Not setting up a topology for 1 dimensions
INFO (PUGH): Not setting up a topology for 2 dimensions
INFO (PUGH): Setting up a topology for 3 dimensions
INFO (IOASCII): I/O Method 'IOASCII_1D' registered: output of 1D lines of grid functions/arrays to ASCII files
INFO (IOASCII): Periodic 1D output every 1 iterations
INFO (IOASCII): Periodic 1D output requested for 'GRID::r'
INFO (IOASCII): I/O Method 'IOASCII_2D' registered: output of 2D planes of grid functions/arrays to ASCII files
INFO (IOASCII): Periodic 2D output turned off
INFO (IOASCII): I/O Method 'IOASCII_3D' registered: output of 3D grid functions/arrays to ASCII files
INFO (IOASCII): Periodic 3D output turned off
INFO (MemSpeed): Measuring CPU, cache, memory, and communication speeds:
  Single-core measurements (using 1 MPI processes with 1 OpenMP threads each):
    CPU frequency:
      iterations=1000000... time=0.00140888 sec
      iterations=10000000... time=0.0141415 sec
      iterations=100000000... time=0.140579 sec
      iterations=800000000... time=1.12489 sec
      iterations=800000000... time=0.84363 sec
      result: 5.68878 GHz
    CPU floating point performance:
      iterations=1000000... time=0.00219203 sec
      iterations=10000000... time=0.0219417 sec
      iterations=100000000... time=0.219395 sec
      iterations=500000000... time=1.09653 sec
      result: 14.5915 Gflop/sec
    CPU integer performance:
      iterations=1000000... time=0.00177846 sec
      iterations=10000000... time=0.0175725 sec
      iterations=100000000... time=0.175896 sec
      iterations=600000000... time=1.05574 sec
      result: 9.09311 Giop/sec
    Read latency of D1 cache (for 2 PUs) (using 1*24576 bytes):
      iterations=1000... time=0.000143016 sec
      iterations=10000... time=0.00140965 sec
      iterations=100000... time=0.0140658 sec
      iterations=1000000... time=0.140792 sec
      iterations=8000000... time=1.12571 sec
      result: 1.40713 nsec
    Read latency of L2 cache (for 2 PUs) (using 1*786432 bytes):
      iterations=1000... time=0.000695218 sec
      iterations=10000... time=0.00646064 sec
      iterations=100000... time=0.0643759 sec
      iterations=1000000... time=0.646348 sec
      iterations=2000000... time=1.28839 sec
      result: 6.44193 nsec
    Read latency of L3 cache (for 4 PUs) (using 1*25165824 bytes):
      [skipped -- avoiding large-memory benchmarks]
    Read bandwidth of D1 cache (for 2 PUs) (using 1*24576 bytes):
      iterations=1... time=3.3e-07 sec
      iterations=10... time=2.844e-06 sec
      iterations=100... time=2.7482e-05 sec
      iterations=1000... time=0.000273372 sec
      iterations=10000... time=0.00277797 sec
      iterations=100000... time=0.0276699 sec
      iterations=1000000... time=0.27671 sec
      iterations=4000000... time=1.10523 sec
      result: 88.9446 GByte/sec
    Read bandwidth of L2 cache (for 2 PUs) (using 1*786432 bytes):
      iterations=1... time=1.1558e-05 sec
      iterations=10... time=9.0876e-05 sec
      iterations=100... time=0.000899175 sec
      iterations=1000... time=0.00896441 sec
      iterations=10000... time=0.0898182 sec
      iterations=100000... time=0.897245 sec
      iterations=200000... time=1.79434 sec
      result: 87.6569 GByte/sec
    Read bandwidth of L3 cache (for 4 PUs) (using 1*25165824 bytes):
      [skipped -- avoiding large-memory benchmarks]
    Write latency of D1 cache (for 2 PUs) (using 1*24576 bytes):
      iterations=1000... time=2.844e-06 sec
      iterations=10000... time=2.7952e-05 sec
      iterations=100000... time=0.00027876 sec
      iterations=1000000... time=0.00281733 sec
      iterations=10000000... time=0.0281117 sec
      iterations=100000000... time=0.281341 sec
      iterations=400000000... time=1.12599 sec
      result: 0.351873 nsec
    Write latency of L2 cache (for 2 PUs) (using 1*786432 bytes):
      iterations=1000... time=6.76e-06 sec
      iterations=10000... time=8.2774e-05 sec
      iterations=100000... time=0.000666425 sec
      iterations=1000000... time=0.00667132 sec
      iterations=10000000... time=0.0664689 sec
      iterations=100000000... time=0.675577 sec
      iterations=200000000... time=1.3332 sec
      result: 0.833248 nsec
    Write latency of L3 cache (for 4 PUs) (using 1*25165824 bytes):
      [skipped -- avoiding large-memory benchmarks]
    Write bandwidth of D1 cache (for 2 PUs) (using 1*24576 bytes):
      iterations=1... time=3.11e-07 sec
      iterations=10... time=2.844e-06 sec
      iterations=100... time=2.8092e-05 sec
      iterations=1000... time=0.000290097 sec
      iterations=10000... time=0.00282485 sec
      iterations=100000... time=0.0283319 sec
      iterations=1000000... time=0.283136 sec
      iterations=4000000... time=1.13315 sec
      result: 86.7527 GByte/sec
    Write bandwidth of L2 cache (for 2 PUs) (using 1*786432 bytes):
      iterations=1... time=9.754e-06 sec
      iterations=10... time=8.7582e-05 sec
      iterations=100... time=0.000896361 sec
      iterations=1000... time=0.00877946 sec
      iterations=10000... time=0.0881432 sec
      iterations=100000... time=0.878827 sec
      iterations=200000... time=1.76182 sec
      result: 89.2749 GByte/sec
    Write bandwidth of L3 cache (for 4 PUs) (using 1*25165824 bytes):
      [skipped -- avoiding large-memory benchmarks]
    Stencil code performance of D1 cache (for 2 PUs) (using 1*12^3 grid points, 1*27648 bytes):
      iterations=1... time=2.0021e-05 sec
      iterations=10... time=0.000305731 sec
      iterations=100... time=0.00304338 sec
      iterations=1000... time=0.031277 sec
      iterations=10000... time=0.319752 sec
      iterations=30000... time=0.97444 sec
      iterations=60000... time=1.94013 sec
      result: 0.0534397 Gupdates/sec
    Stencil code performance of L2 cache (for 2 PUs) (using 1*37^3 grid points, 1*810448 bytes):
      iterations=1... time=0.000256185 sec
      iterations=10... time=0.00262378 sec
      iterations=100... time=0.0260744 sec
      iterations=1000... time=0.285206 sec
      iterations=4000... time=1.13922 sec
      result: 0.177851 Gupdates/sec
    Stencil code performance of L3 cache (for 4 PUs) (using 1*116^3 grid points, 1*24974336 bytes):
      iterations=1... time=0.0040421 sec
      iterations=10... time=0.0409792 sec
      iterations=100... time=0.406856 sec
      iterations=300... time=1.21894 sec
      result: 0.384161 Gupdates/sec
  Single-node measurements (using 1 MPI processes with 2 OpenMP threads each):
    CPU frequency:
      iterations=1000000... time=0.00142888 sec
      iterations=10000000... time=0.0140765 sec
      iterations=100000000... time=0.140633 sec
      iterations=800000000... time=1.12509 sec
      iterations=800000000... time=0.843766 sec
      result: 5.6873 GHz
    CPU floating point performance:
      iterations=1000000... time=0.00219535 sec
      iterations=10000000... time=0.0219509 sec
      iterations=100000000... time=0.219384 sec
      iterations=500000000... time=1.09692 sec
      result: 14.5864 Gflop/sec
    CPU integer performance:
      iterations=1000000... time=0.00176929 sec
      iterations=10000000... time=0.0176005 sec
      iterations=100000000... time=0.176519 sec
      iterations=600000000... time=1.05703 sec
      result: 9.08202 Giop/sec
    Read latency of D1 cache (for 2 PUs) (using 2*24576 bytes):
      iterations=1000... time=0.000140687 sec
      iterations=10000... time=0.0014153 sec
      iterations=100000... time=0.0140826 sec
      iterations=1000000... time=0.140769 sec
      iterations=8000000... time=1.12693 sec
      result: 1.40866 nsec
    Read latency of L2 cache (for 2 PUs) (using 2*786432 bytes):
      iterations=1000... time=0.000703344 sec
      iterations=10000... time=0.00688539 sec
      iterations=100000... time=0.0686998 sec
      iterations=1000000... time=0.685231 sec
      iterations=2000000... time=1.3698 sec
      result: 6.849 nsec
    Read latency of L3 cache (for 4 PUs) (using 1*25165824 bytes):
      [skipped -- avoiding large-memory benchmarks]
    Read bandwidth of D1 cache (for 2 PUs) (using 2*24576 bytes):
      iterations=1... time=3.305e-07 sec
      iterations=10... time=1.2193e-05 sec
      iterations=100... time=2.85175e-05 sec
      iterations=1000... time=0.00027546 sec
      iterations=10000... time=0.00277196 sec
      iterations=100000... time=0.0276107 sec
      iterations=1000000... time=0.276291 sec
      iterations=4000000... time=1.10494 sec
      result: 88.9674 GByte/sec
    Read bandwidth of L2 cache (for 2 PUs) (using 2*786432 bytes):
      iterations=1... time=1.22085e-05 sec
      iterations=10... time=9.71515e-05 sec
      iterations=100... time=0.000949116 sec
      iterations=1000... time=0.00945127 sec
      iterations=10000... time=0.0949134 sec
      iterations=100000... time=0.950315 sec
      iterations=200000... time=1.89613 sec
      result: 82.9511 GByte/sec
    Read bandwidth of L3 cache (for 4 PUs) (using 1*25165824 bytes):
      [skipped -- avoiding large-memory benchmarks]
    Write latency of D1 cache (for 2 PUs) (using 2*24576 bytes):
      iterations=1000... time=3.2495e-06 sec
      iterations=10000... time=2.979e-05 sec
      iterations=100000... time=0.000319741 sec
      iterations=1000000... time=0.00281426 sec
      iterations=10000000... time=0.0281498 sec
      iterations=100000000... time=0.281698 sec
      iterations=400000000... time=1.12669 sec
      result: 0.352089 nsec
    Write latency of L2 cache (for 2 PUs) (using 2*786432 bytes):
      iterations=1000... time=6.956e-06 sec
      iterations=10000... time=8.0666e-05 sec
      iterations=100000... time=0.000787021 sec
      iterations=1000000... time=0.00673851 sec
      iterations=10000000... time=0.0656797 sec
      iterations=100000000... time=0.659254 sec
      iterations=200000000... time=1.31387 sec
      result: 0.821167 nsec
    Write latency of L3 cache (for 4 PUs) (using 1*25165824 bytes):
      [skipped -- avoiding large-memory benchmarks]
    Write bandwidth of D1 cache (for 2 PUs) (using 2*24576 bytes):
      iterations=1... time=4.605e-07 sec
      iterations=10... time=3.2045e-06 sec
      iterations=100... time=2.96795e-05 sec
      iterations=1000... time=0.000286171 sec
      iterations=10000... time=0.00287199 sec
      iterations=100000... time=0.0286392 sec
      iterations=1000000... time=0.286373 sec
      iterations=4000000... time=1.14582 sec
      result: 85.7937 GByte/sec
    Write bandwidth of L2 cache (for 2 PUs) (using 2*786432 bytes):
      iterations=1... time=1.1562e-05 sec
      iterations=10... time=9.7101e-05 sec
      iterations=100... time=0.000949941 sec
      iterations=1000... time=0.00922382 sec
      iterations=10000... time=0.0923738 sec
      iterations=100000... time=0.927209 sec
      iterations=200000... time=1.85229 sec
      result: 84.9148 GByte/sec
    Write bandwidth of L3 cache (for 4 PUs) (using 1*25165824 bytes):
      [skipped -- avoiding large-memory benchmarks]
    Stencil code performance of D1 cache (for 2 PUs) (using 1*12^3 grid points, 1*27648 bytes):
      iterations=1... time=5.5785e-06 sec
      iterations=10... time=9.40265e-05 sec
      iterations=100... time=0.000836284 sec
      iterations=1000... time=0.00979637 sec
      iterations=10000... time=0.0910065 sec
      iterations=100000... time=0.936804 sec
      iterations=200000... time=1.8695 sec
      result: 0.184862 Gupdates/sec
    Stencil code performance of L2 cache (for 2 PUs) (using 1*37^3 grid points, 1*810448 bytes):
      iterations=1... time=6.80425e-05 sec
      iterations=10... time=0.000696459 sec
      iterations=100... time=0.00681739 sec
      iterations=1000... time=0.0676987 sec
      iterations=10000... time=0.702536 sec
      iterations=20000... time=1.395 sec
      result: 0.726206 Gupdates/sec
    Stencil code performance of L3 cache (for 4 PUs) (using 1*116^3 grid points, 1*24974336 bytes):
      iterations=1... time=0.0008561 sec
      iterations=10... time=0.0117955 sec
      iterations=100... time=0.117991 sec
      iterations=900... time=1.06584 sec
      result: 1.31803 Gupdates/sec
INFO (Vectors): Testing vectorisation... [errors may result in segfaults]
INFO (Vectors): 375/375 tests passed 
INFO (CartGrid3D): Grid Spacings:
INFO (CartGrid3D): dx=>1.1111111e-01  dy=>1.1111111e-01  dz=>1.1111111e-01
INFO (CartGrid3D): Computational Coordinates:
INFO (CartGrid3D): x=>[-0.500, 0.500]  y=>[-0.500, 0.500]  z=>[-0.500, 0.500]
INFO (CartGrid3D): Indices of Physical Coordinates:
INFO (CartGrid3D): x=>[0,9]  y=>[0,9]  z=>[0,9]
INFO (PUGH): MPI Evolution on 1 processors
INFO (PUGH): 3-dimensional grid functions
INFO (PUGH):  10
INFO (PUGH):  1
INFO (PUGH): 10]
INFO (PUGH):   Maximum load skew: 0.000000
--------------------------------------------------------------------------------
Done.
+ echo Stopping:
Stopping:
+ date
Mon Jun 29 18:25:42 UTC 2026
+ echo Done.
Done.
  Elapsed time: 60.3 s
