/home/runner/simulations/TestJob01_temp_1/output-0000/TEST/sim/MemSpeed
Preparing:
+ set -e
+ cd output-0000-active
+ echo Checking:
Checking:
+ pwd
/home/runner/simulations/TestJob01_temp_1/output-0000/TEST/sim/MemSpeed/output-0000-active
+ hostname
runnervm3jyl0
+ date
Wed Jun 10 22:57:57 UTC 2026
+ echo Environment:
Environment:
+ export CACTUS_NUM_PROCS=1
+ CACTUS_NUM_PROCS=1
+ export CACTUS_NUM_THREADS=2
+ CACTUS_NUM_THREADS=2
+ export GMON_OUT_PREFIX=gmon.out
+ GMON_OUT_PREFIX=gmon.out
+ export OMP_NUM_THREADS=2
+ OMP_NUM_THREADS=2
+ env
+ sort
+ echo Starting:
Starting:
++ date +%s
+ export CACTUS_STARTTIME=1781132277
+ CACTUS_STARTTIME=1781132277
+ '[' 1 = 1 ']'
+ '[' 0 -eq 0 ']'
+ /home/runner/simulations/TestJob01_temp_1/SIMFACTORY/exe/cactus_sim -L 3 /home/runner/simulations/TestJob01_temp_1/output-0000/arrangements/CactusUtils/MemSpeed/test/memspeed.par
INFO (Cactus): Increased logging level from 0 to 3
--------------------------------------------------------------------------------

       10                                  
  1   0101       ************************  
  01  1010 10      The Cactus Code V4.20.0    
 1010 1101 011      www.cactuscode.org     
  1001 100101    ************************  
    00010101                               
     100011     (c) Copyright The Authors  
      0100      GNU Licensed. No Warranty  
      0101                                 
--------------------------------------------------------------------------------

Cactus version:    4.20.0
Compile date:      Jun 10 2026 (22:47:59)
Run date:          Jun 10 2026 (22:57:58+0000)
Run host:          runnervm3jyl0.ghs03yo5c4judosebpamfexzwa.yx.internal.cloudapp.net (pid=175782)
Working directory: /home/runner/simulations/TestJob01_temp_1/output-0000/TEST/sim/MemSpeed
Executable:        /home/runner/simulations/TestJob01_temp_1/SIMFACTORY/exe/cactus_sim
Parameter file:    /home/runner/simulations/TestJob01_temp_1/output-0000/arrangements/CactusUtils/MemSpeed/test/memspeed.par
--------------------------------------------------------------------------------

Activating thorn Cactus...Success -> active implementation Cactus
Activation requested for 
--->hwloc MemSpeed SystemTopology CartGrid3D CoordBase IOASCII IOUtil PUGH PUGHSlab<---
Thorn hwloc requests automatic activation of zlib
Thorn MemSpeed requests automatic activation of Vectors
Thorn MemSpeed requests automatic activation of MPI
Activating thorn CartGrid3D...Success -> active implementation grid
Activating thorn CoordBase...Success -> active implementation CoordBase
Activating thorn hwloc...Success -> active implementation hwloc
Activating thorn IOASCII...Success -> active implementation IOASCII
Activating thorn IOUtil...Success -> active implementation IO
Activating thorn MemSpeed...Success -> active implementation MemSpeed
Activating thorn MPI...Success -> active implementation MPI
Activating thorn PUGH...Success -> active implementation Driver
Activating thorn PUGHSlab...Success -> active implementation Hyperslab
Activating thorn SystemTopology...Success -> active implementation SystemTopology
Activating thorn Vectors...Success -> active implementation Vectors
Activating thorn zlib...Success -> active implementation zlib
--------------------------------------------------------------------------------
  if (recover initial data)
    Recover parameters
  endif

  Startup routines
    [CCTK_STARTUP]
      CartGrid3D::SymmetryStartup: Register GH Extension for GridSymmetry
      CoordBase::CoordBase_Startup: Register a GH extension to store the coordinate system handles
      GROUP hwloc_startup: hwloc startup group
        hwloc::hwloc_version: Output hwloc version
      SystemTopology::ST_system_topology: Output and/or modify system topology and hardware locality
      PUGH::Driver_Startup: Startup routine
      PUGH::PUGH_RegisterPUGHP2LRoutines: Register Physical to Logical process mapping routines
      PUGH::PUGH_RegisterPUGHTopologyRoutines: Register topology generation routines routines
      IOUtil::IOUtil_Startup: Startup routine
      Vectors::Vectors_Startup: Print startup message
      IOASCII::IOASCII_Startup: Startup routine

  Startup routines which need an existing grid hierarchy
    [CCTK_WRAGH]
      CartGrid3D::RegisterCartGrid3DCoords: [meta] Register coordinates for the Cartesian grid
      MemSpeed::MemSpeed_MeasureSpeed: [meta] Measure CPU, memory, cache speeds
  Parameter checking routines
    [CCTK_PARAMCHECK]
      CartGrid3D::ParamCheck_CartGrid3D: Check coordinates for CartGrid3D
      Vectors::Vectors_Test: Run correctness tests.

  Initialisation
    if (NOT (recover initial data AND recovery_mode is 'strict'))
      [CCTK_PREREGRIDINITIAL]
      Set up grid hierarchy
      [CCTK_POSTREGRIDINITIAL]
        CartGrid3D::SpatialCoordinates: Set Coordinates after regridding
      [CCTK_BASEGRID]
        CartGrid3D::SpatialSpacings: Set up ranges for spatial 3D Cartesian coordinates (on all grids)
        CartGrid3D::SpatialCoordinates: Set up spatial 3D Cartesian coordinates on the GH
        IOASCII::IOASCII_Choose1D: Choose 1D output lines
        IOASCII::IOASCII_Choose2D: Choose 2D output planes
        PUGH::PUGH_Report: Report on PUGH set up
      [CCTK_INITIAL]
      [CCTK_POSTINITIAL]
      Initialise finer grids recursively
      Restrict from finer grids
      [CCTK_POSTRESTRICTINITIAL]
      [CCTK_POSTPOSTINITIAL]
      [CCTK_POSTSTEP]
    endif
    if (recover initial data)
      [CCTK_BASEGRID]
        CartGrid3D::SpatialSpacings: Set up ranges for spatial 3D Cartesian coordinates (on all grids)
        CartGrid3D::SpatialCoordinates: Set up spatial 3D Cartesian coordinates on the GH
        IOASCII::IOASCII_Choose1D: Choose 1D output lines
        IOASCII::IOASCII_Choose2D: Choose 2D output planes
        PUGH::PUGH_Report: Report on PUGH set up
      [CCTK_RECOVER_VARIABLES]
      [CCTK_POST_RECOVER_VARIABLES]
    endif
    if (checkpoint initial data)
      [CCTK_CPINITIAL]
    endif
    if (analysis)
      [CCTK_ANALYSIS]
  endif
  Output grid variables

  do loop over timesteps
    [CCTK_PREREGRID]
    Change grid hierarchy
    [CCTK_POSTREGRID]
      CartGrid3D::SpatialCoordinates: Set Coordinates after regridding
    Rotate timelevels
    iteration = iteration+1
    t = t+dt
    [CCTK_PRESTEP]
    [CCTK_EVOL]
    Evolve finer grids recursively
    Restrict from finer grids
    [CCTK_POSTRESTRICT]
    [CCTK_POSTSTEP]
    if (checkpoint)
      [CCTK_CHECKPOINT]
    endif
    if (analysis)
      [CCTK_ANALYSIS]
    endif
    Output grid variables
    enddo

  Termination routines
    [CCTK_TERMINATE]
      PUGH::Driver_Terminate: Termination routine

  Shutdown routines
    [CCTK_SHUTDOWN]

  Routines run after changing the grid hierarchy:
    [CCTK_POSTREGRID]
      CartGrid3D::SpatialCoordinates: Set Coordinates after regridding
--------------------------------------------------------------------------------
INFO (hwloc): library version 2.10.0, API version 0x20800
INFO (SystemTopology): MPI process-to-host mapping:
This is MPI process 0 of 1
MPI hosts:
  0: runnervm3jyl0
This MPI process runs on host 0 of 1
On this host, this is MPI process 0 of 1
INFO (SystemTopology): Topology support:
Discovery support:
  discovery->pu                            : yes
CPU binding support:
  cpubind->set_thisproc_cpubind            : yes
  cpubind->get_thisproc_cpubind            : yes
  cpubind->set_proc_cpubind                : yes
  cpubind->get_proc_cpubind                : yes
  cpubind->set_thisthread_cpubind          : yes
  cpubind->get_thisthread_cpubind          : yes
  cpubind->set_thread_cpubind              : yes
  cpubind->get_thread_cpubind              : yes
  cpubind->get_thisproc_last_cpu_location  : yes
  cpubind->get_proc_last_cpu_location      : yes
  cpubind->get_thisthread_last_cpu_location: yes
Memory binding support:
  membind->set_thisproc_membind            : no
  membind->get_thisproc_membind            : no
  membind->set_proc_membind                : no
  membind->get_proc_membind                : no
  membind->set_thisthread_membind          : yes
  membind->get_thisthread_membind          : yes
  membind->set_area_membind                : yes
  membind->get_area_membind                : yes
  membind->alloc_membind                   : yes
  membind->firsttouch_membind              : yes
  membind->bind_membind                    : yes
  membind->interleave_membind              : yes
  membind->nexttouch_membind               : no
  membind->migrate_membind                 : yes
INFO (SystemTopology): Hardware objects in this node:
Machine L#0: (P#0, total=16373460KB, DMIProductName="Virtual Machine", DMIProductVersion="Hyper-V UEFI Release v4.1", DMIProductUUID=d00b83b0-a5a8-4402-8bb1-377aa0727042, DMIBoardVendor="Microsoft Corporation", DMIBoardName="Virtual Machine", DMIBoardVersion="Hyper-V UEFI Release v4.1", DMIBoardAssetTag=None, DMIChassisVendor="Microsoft Corporation", DMIChassisType=3, DMIChassisVersion="Hyper-V UEFI Release v4.1", DMIChassisAssetTag=7783-7084-3265-9085-8269-3286-77, DMIBIOSVendor="Microsoft Corporation", DMIBIOSVersion="Hyper-V UEFI Release v4.1", DMIBIOSDate=01/08/2026, DMISysVendor="Microsoft Corporation", Backend=Linux, LinuxCgroup=/system.slice/hosted-compute-agent.service, OSName=Linux, OSRelease=6.17.0-1015-azure, OSVersion="#15~24.04.1-Ubuntu SMP Wed May  6 22:37:49 UTC 2026", HostName=runnervm3jyl0, Architecture=x86_64, hwlocVersion=2.10.0, ProcessName=cactus_sim)
  Package L#0: (P#0, total=16373460KB, CPUVendor=AuthenticAMD, CPUFamilyNumber=25, CPUModelNumber=17, CPUModel="AMD EPYC 9V74 80-Core Processor                ", CPUStepping=1)
    L3Cache L#0: (P#0, size=32768KB, linesize=64, ways=16, Inclusive=0)
      L2Cache L#0: (P#0, size=1024KB, linesize=64, ways=8, Inclusive=1)
        L1dCache L#0: (P#0, size=32KB, linesize=64, ways=8, Inclusive=0)
          Core L#0: (P#0)
            PU L#0: (P#0)
            PU L#1: (P#1)
      L2Cache L#1: (P#1, size=1024KB, linesize=64, ways=8, Inclusive=1)
        L1dCache L#1: (P#1, size=32KB, linesize=64, ways=8, Inclusive=0)
          Core L#1: (P#1)
            PU L#2: (P#2)
            PU L#3: (P#3)
INFO (SystemTopology): Thread CPU bindings:
  MPI process 0 on host 0 (process 0 of 1 on this host)
    OpenMP thread 0: PU set L#{0-3} P#{0-3}
    OpenMP thread 1: PU set L#{0-3} P#{0-3}
INFO (SystemTopology): Setting thread CPU bindings:
INFO (SystemTopology): Thread CPU bindings:
  MPI process 0 on host 0 (process 0 of 1 on this host)
    OpenMP thread 0: PU set L#{0} P#{0}
    OpenMP thread 1: PU set L#{2} P#{2}
INFO (SystemTopology): Extracting CPU/cache/memory properties:
  There are 2 PUs per core (aka hardware SMT threads)
  There are 1 threads per core (aka SMT threads used)
  Cache (unknown name) has type "data" depth 1
    size 32768 linesize 64 associativity 8 stride 4096, for 2 PUs
  Cache (unknown name) has type "unified" depth 2
    size 1048576 linesize 64 associativity 8 stride 131072, for 2 PUs
  Cache (unknown name) has type "unified" depth 3
    size 33554432 linesize 64 associativity 16 stride 2097152, for 4 PUs
INFO (PUGH): Using physical to logical mappings: direct
INFO (PUGH): Using topology generator: automatic
INFO (Vectors): Using vector size 2 for architecture SSE2 (64-bit precision)
--------------------------------------------------------------------------------
Driver provided by PUGH
--------------------------------------------------------------------------------

INFO (PUGH): Not setting up a topology for 1 dimensions
INFO (PUGH): Not setting up a topology for 2 dimensions
INFO (PUGH): Setting up a topology for 3 dimensions
INFO (IOASCII): I/O Method 'IOASCII_1D' registered: output of 1D lines of grid functions/arrays to ASCII files
INFO (IOASCII): Periodic 1D output every 1 iterations
INFO (IOASCII): Periodic 1D output requested for 'GRID::r'
INFO (IOASCII): I/O Method 'IOASCII_2D' registered: output of 2D planes of grid functions/arrays to ASCII files
INFO (IOASCII): Periodic 2D output turned off
INFO (IOASCII): I/O Method 'IOASCII_3D' registered: output of 3D grid functions/arrays to ASCII files
INFO (IOASCII): Periodic 3D output turned off
INFO (MemSpeed): Measuring CPU, cache, memory, and communication speeds:
  Single-core measurements (using 1 MPI processes with 1 OpenMP threads each):
    CPU frequency:
      iterations=1000000... time=0.00109403 sec
      iterations=10000000... time=0.0109354 sec
      iterations=100000000... time=0.109036 sec
      iterations=1000000000... time=1.0903 sec
      iterations=1000000000... time=0.817712 sec
      result: 7.33719 GHz
    CPU floating point performance:
      iterations=1000000... time=0.00170127 sec
      iterations=10000000... time=0.0170221 sec
      iterations=100000000... time=0.170383 sec
      iterations=600000000... time=1.02196 sec
      result: 18.7875 Gflop/sec
    CPU integer performance:
      iterations=1000000... time=0.0013862 sec
      iterations=10000000... time=0.0136337 sec
      iterations=100000000... time=0.136479 sec
      iterations=800000000... time=1.09106 sec
      result: 11.7317 Giop/sec
    Read latency of D1 cache (for 2 PUs) (using 1*24576 bytes):
      iterations=1000... time=0.000110623 sec
      iterations=10000... time=0.00109632 sec
      iterations=100000... time=0.0109033 sec
      iterations=1000000... time=0.109145 sec
      iterations=10000000... time=1.09156 sec
      result: 1.09156 nsec
    Read latency of L2 cache (for 2 PUs) (using 1*786432 bytes):
      iterations=1000... time=0.000588487 sec
      iterations=10000... time=0.00540315 sec
      iterations=100000... time=0.0528582 sec
      iterations=1000000... time=0.528965 sec
      iterations=2000000... time=1.06198 sec
      result: 5.30989 nsec
    Read latency of L3 cache (for 4 PUs) (using 1*25165824 bytes):
      [skipped -- avoiding large-memory benchmarks]
    Read bandwidth of D1 cache (for 2 PUs) (using 1*24576 bytes):
      iterations=1... time=3.91e-07 sec
      iterations=10... time=2.394e-06 sec
      iterations=100... time=2.4215e-05 sec
      iterations=1000... time=0.000216178 sec
      iterations=10000... time=0.00215573 sec
      iterations=100000... time=0.0214539 sec
      iterations=1000000... time=0.214168 sec
      iterations=5000000... time=1.0716 sec
      result: 114.669 GByte/sec
    Read bandwidth of L2 cache (for 2 PUs) (using 1*786432 bytes):
      iterations=1... time=1.1086e-05 sec
      iterations=10... time=8.2021e-05 sec
      iterations=100... time=0.000771025 sec
      iterations=1000... time=0.00763174 sec
      iterations=10000... time=0.0761484 sec
      iterations=100000... time=0.761741 sec
      iterations=200000... time=1.52453 sec
      result: 103.17 GByte/sec
    Read bandwidth of L3 cache (for 4 PUs) (using 1*25165824 bytes):
      [skipped -- avoiding large-memory benchmarks]
    Write latency of D1 cache (for 2 PUs) (using 1*24576 bytes):
      iterations=1000... time=2.443e-06 sec
      iterations=10000... time=2.5818e-05 sec
      iterations=100000... time=0.000221235 sec
      iterations=1000000... time=0.00218676 sec
      iterations=10000000... time=0.0217975 sec
      iterations=100000000... time=0.21822 sec
      iterations=500000000... time=1.09192 sec
      result: 0.27298 nsec
    Write latency of L2 cache (for 2 PUs) (using 1*786432 bytes):
      iterations=1000... time=7.942e-06 sec
      iterations=10000... time=5.8897e-05 sec
      iterations=100000... time=0.000524552 sec
      iterations=1000000... time=0.00517052 sec
      iterations=10000000... time=0.0517022 sec
      iterations=100000000... time=0.515908 sec
      iterations=200000000... time=1.03129 sec
      result: 0.644554 nsec
    Write latency of L3 cache (for 4 PUs) (using 1*25165824 bytes):
      [skipped -- avoiding large-memory benchmarks]
    Write bandwidth of D1 cache (for 2 PUs) (using 1*24576 bytes):
      iterations=1... time=3.21e-07 sec
      iterations=10... time=2.373e-06 sec
      iterations=100... time=2.5778e-05 sec
      iterations=1000... time=0.000221105 sec
      iterations=10000... time=0.0022041 sec
      iterations=100000... time=0.0219669 sec
      iterations=1000000... time=0.219581 sec
      iterations=5000000... time=1.09786 sec
      result: 111.927 GByte/sec
    Write bandwidth of L2 cache (for 2 PUs) (using 1*786432 bytes):
      iterations=1... time=9.975e-06 sec
      iterations=10... time=9.0173e-05 sec
      iterations=100... time=0.000756874 sec
      iterations=1000... time=0.00743213 sec
      iterations=10000... time=0.0744494 sec
      iterations=100000... time=0.743959 sec
      iterations=200000... time=1.49224 sec
      result: 105.403 GByte/sec
    Write bandwidth of L3 cache (for 4 PUs) (using 1*25165824 bytes):
      [skipped -- avoiding large-memory benchmarks]
    Stencil code performance of D1 cache (for 2 PUs) (using 1*12^3 grid points, 1*27648 bytes):
      iterations=1... time=2.4836e-05 sec
      iterations=10... time=0.000365547 sec
      iterations=100... time=0.0035785 sec
      iterations=1000... time=0.0358394 sec
      iterations=10000... time=0.35901 sec
      iterations=30000... time=1.07344 sec
      result: 0.0482936 Gupdates/sec
    Stencil code performance of L2 cache (for 2 PUs) (using 1*37^3 grid points, 1*810448 bytes):
      iterations=1... time=0.000288855 sec
      iterations=10... time=0.00289622 sec
      iterations=100... time=0.0289731 sec
      iterations=1000... time=0.29001 sec
      iterations=4000... time=1.16319 sec
      result: 0.174187 Gupdates/sec
    Stencil code performance of L3 cache (for 4 PUs) (using 1*116^3 grid points, 1*24974336 bytes):
      iterations=1... time=0.00385009 sec
      iterations=10... time=0.0373557 sec
      iterations=100... time=0.372063 sec
      iterations=300... time=1.11698 sec
      result: 0.419228 Gupdates/sec
  Single-node measurements (using 1 MPI processes with 2 OpenMP threads each):
    CPU frequency:
      iterations=1000000... time=0.00111391 sec
      iterations=10000000... time=0.0109017 sec
      iterations=100000000... time=0.109134 sec
      iterations=1000000000... time=1.09062 sec
      iterations=1000000000... time=0.818322 sec
      result: 7.34481 GHz
    CPU floating point performance:
      iterations=1000000... time=0.00169662 sec
      iterations=10000000... time=0.0170223 sec
      iterations=100000000... time=0.170327 sec
      iterations=600000000... time=1.02362 sec
      result: 18.757 Gflop/sec
    CPU integer performance:
      iterations=1000000... time=0.00137412 sec
      iterations=10000000... time=0.0136492 sec
      iterations=100000000... time=0.136556 sec
      iterations=800000000... time=1.09663 sec
      result: 11.6721 Giop/sec
    Read latency of D1 cache (for 2 PUs) (using 2*24576 bytes):
      iterations=1000... time=0.000109236 sec
      iterations=10000... time=0.00109388 sec
      iterations=100000... time=0.0109132 sec
      iterations=1000000... time=0.109158 sec
      iterations=10000000... time=1.0917 sec
      result: 1.0917 nsec
    Read latency of L2 cache (for 2 PUs) (using 2*786432 bytes):
      iterations=1000... time=0.000560183 sec
      iterations=10000... time=0.0053552 sec
      iterations=100000... time=0.0531861 sec
      iterations=1000000... time=0.532237 sec
      iterations=2000000... time=1.06517 sec
      result: 5.32585 nsec
    Read latency of L3 cache (for 4 PUs) (using 1*25165824 bytes):
      [skipped -- avoiding large-memory benchmarks]
    Read bandwidth of D1 cache (for 2 PUs) (using 2*24576 bytes):
      iterations=1... time=2.555e-07 sec
      iterations=10... time=2.284e-06 sec
      iterations=100... time=2.21025e-05 sec
      iterations=1000... time=0.000214405 sec
      iterations=10000... time=0.002155 sec
      iterations=100000... time=0.0214375 sec
      iterations=1000000... time=0.214392 sec
      iterations=5000000... time=1.07349 sec
      result: 114.468 GByte/sec
    Read bandwidth of L2 cache (for 2 PUs) (using 2*786432 bytes):
      iterations=1... time=8.883e-06 sec
      iterations=10... time=7.6137e-05 sec
      iterations=100... time=0.000729493 sec
      iterations=1000... time=0.00724949 sec
      iterations=10000... time=0.072566 sec
      iterations=100000... time=0.725294 sec
      iterations=200000... time=1.45138 sec
      result: 108.37 GByte/sec
    Read bandwidth of L3 cache (for 4 PUs) (using 1*25165824 bytes):
      [skipped -- avoiding large-memory benchmarks]
    Write latency of D1 cache (for 2 PUs) (using 2*24576 bytes):
      iterations=1000... time=2.479e-06 sec
      iterations=10000... time=2.2874e-05 sec
      iterations=100000... time=0.000219122 sec
      iterations=1000000... time=0.00218849 sec
      iterations=10000000... time=0.0218065 sec
      iterations=100000000... time=0.218342 sec
      iterations=500000000... time=1.09147 sec
      result: 0.272866 nsec
    Write latency of L2 cache (for 2 PUs) (using 2*786432 bytes):
      iterations=1000... time=7.5865e-06 sec
      iterations=10000... time=5.34935e-05 sec
      iterations=100000... time=0.000514432 sec
      iterations=1000000... time=0.00509058 sec
      iterations=10000000... time=0.0510073 sec
      iterations=100000000... time=0.508747 sec
      iterations=200000000... time=1.01791 sec
      result: 0.636191 nsec
    Write latency of L3 cache (for 4 PUs) (using 1*25165824 bytes):
      [skipped -- avoiding large-memory benchmarks]
    Write bandwidth of D1 cache (for 2 PUs) (using 2*24576 bytes):
      iterations=1... time=3.455e-07 sec
      iterations=10... time=2.2735e-06 sec
      iterations=100... time=2.35095e-05 sec
      iterations=1000... time=0.000217775 sec
      iterations=10000... time=0.00218066 sec
      iterations=100000... time=0.0217834 sec
      iterations=1000000... time=0.217904 sec
      iterations=5000000... time=1.08988 sec
      result: 112.746 GByte/sec
    Write bandwidth of L2 cache (for 2 PUs) (using 2*786432 bytes):
      iterations=1... time=8.708e-06 sec
      iterations=10... time=7.5516e-05 sec
      iterations=100... time=0.000723129 sec
      iterations=1000... time=0.00715518 sec
      iterations=10000... time=0.071293 sec
      iterations=100000... time=0.713455 sec
      iterations=200000... time=1.42721 sec
      result: 110.206 GByte/sec
    Write bandwidth of L3 cache (for 4 PUs) (using 1*25165824 bytes):
      [skipped -- avoiding large-memory benchmarks]
    Stencil code performance of D1 cache (for 2 PUs) (using 1*12^3 grid points, 1*27648 bytes):
      iterations=1... time=6.5645e-06 sec
      iterations=10... time=9.22555e-05 sec
      iterations=100... time=0.000939412 sec
      iterations=1000... time=0.00934776 sec
      iterations=10000... time=0.0947374 sec
      iterations=100000... time=0.94183 sec
      iterations=200000... time=1.87771 sec
      result: 0.184054 Gupdates/sec
    Stencil code performance of L2 cache (for 2 PUs) (using 1*37^3 grid points, 1*810448 bytes):
      iterations=1... time=7.42295e-05 sec
      iterations=10... time=0.000735352 sec
      iterations=100... time=0.00718806 sec
      iterations=1000... time=0.0714466 sec
      iterations=10000... time=0.717553 sec
      iterations=20000... time=1.44736 sec
      result: 0.699937 Gupdates/sec
    Stencil code performance of L3 cache (for 4 PUs) (using 1*116^3 grid points, 1*24974336 bytes):
      iterations=1... time=0.000923669 sec
      iterations=10... time=0.0104244 sec
      iterations=100... time=0.102786 sec
      iterations=1000... time=1.02001 sec
      result: 1.53028 Gupdates/sec
INFO (Vectors): Testing vectorisation... [errors may result in segfaults]
INFO (Vectors): 375/375 tests passed 
INFO (CartGrid3D): Grid Spacings:
INFO (CartGrid3D): dx=>1.1111111e-01  dy=>1.1111111e-01  dz=>1.1111111e-01
INFO (CartGrid3D): Computational Coordinates:
INFO (CartGrid3D): x=>[-0.500, 0.500]  y=>[-0.500, 0.500]  z=>[-0.500, 0.500]
INFO (CartGrid3D): Indices of Physical Coordinates:
INFO (CartGrid3D): x=>[0,9]  y=>[0,9]  z=>[0,9]
INFO (PUGH): MPI Evolution on 1 processors
INFO (PUGH): 3-dimensional grid functions
INFO (PUGH):  10
INFO (PUGH):  1
INFO (PUGH): 10]
INFO (PUGH):   Maximum load skew: 0.000000
--------------------------------------------------------------------------------
Done.
+ echo Stopping:
Stopping:
+ date
Wed Jun 10 22:58:50 UTC 2026
+ echo Done.
Done.
  Elapsed time: 53.1 s
