/home/runner/simulations/TestJob01_temp_2/output-0000/TEST/sim/BoxInBox
Preparing:
+ set -e
+ cd output-0000-active
+ echo Checking:
Checking:
+ pwd
/home/runner/simulations/TestJob01_temp_2/output-0000/TEST/sim/BoxInBox/output-0000-active
+ hostname
runnervm8df0l
+ date
Sun Oct  4 19:08:39 UTC 2026
+ echo Environment:
Environment:
+ export CACTUS_NUM_PROCS=2
+ CACTUS_NUM_PROCS=2
+ export CACTUS_NUM_THREADS=1
+ CACTUS_NUM_THREADS=1
+ export GMON_OUT_PREFIX=gmon.out
+ GMON_OUT_PREFIX=gmon.out
+ export OMP_NUM_THREADS=1
+ OMP_NUM_THREADS=1
+ env
+ sort
+ echo Starting:
Starting:
++ date +%s
+ export CACTUS_STARTTIME=1791140919
+ CACTUS_STARTTIME=1791140919
+ '[' 2 = 1 ']'
+ mpirun -np 2 /home/runner/simulations/TestJob01_temp_2/SIMFACTORY/exe/cactus_sim -L 3 /home/runner/simulations/TestJob01_temp_2/output-0000/arrangements/CarpetX/BoxInBox/test/regions3.par
INFO (Cactus): Increased logging level from 0 to 3
--------------------------------------------------------------------------------

       10                                  
  1   0101       ************************  
  01  1010 10      The Cactus Code V4.20.0    
 1010 1101 011      www.cactuscode.org     
  1001 100101    ************************  
    00010101                               
     100011     (c) Copyright The Authors  
      0100      GNU Licensed. No Warranty  
      0101                                 
--------------------------------------------------------------------------------

Cactus version:    4.20.0
Compile date:      Oct 04 2026 (18:46:15)
Run date:          Oct 04 2026 (19:08:40+0000)
Run host:          runnervm8df0l.dv0dfyhyrulupj4bql4di5djnb.ex.internal.cloudapp.net (pid=176332)
Working directory: /home/runner/simulations/TestJob01_temp_2/output-0000/TEST/sim/BoxInBox
Executable:        /home/runner/simulations/TestJob01_temp_2/SIMFACTORY/exe/cactus_sim
Parameter file:    /home/runner/simulations/TestJob01_temp_2/output-0000/arrangements/CarpetX/BoxInBox/test/regions3.par
--------------------------------------------------------------------------------

Activating thorn Cactus...Success -> active implementation Cactus
Activation requested for 
--->BoxInBox CarpetX CarpetXRegrid CoordinatesX IOUtil<---
Thorn BoxInBox requests automatic activation of Loop
Thorn CarpetX requests automatic activation of AMReX
Thorn CarpetX requests automatic activation of MPI
Thorn CarpetX requests automatic activation of yaml_cpp
Thorn CarpetX requests automatic activation of zlib
Thorn CarpetX requests automatic activation of Arith
Thorn CarpetX requests automatic activation of ADIOS2
Thorn CarpetX requests automatic activation of openPMD
Thorn CarpetX requests automatic activation of Silo
Thorn ADIOS2 requests automatic activation of CMake
Thorn Arith requests automatic activation of NSIMD
Thorn MPI requests automatic activation of hwloc
Thorn openPMD requests automatic activation of HDF5
Activating thorn ADIOS2...Success -> active implementation ADIOS2
Activating thorn AMReX...Success -> active implementation AMReX
Activating thorn Arith...Success -> active implementation Arith
Activating thorn BoxInBox...Success -> active implementation BoxInBox
Activating thorn CarpetX...Success -> active implementation Driver
Activating thorn CarpetXRegrid...Success -> active implementation CarpetXRegrid
Activating thorn CMake...Success -> active implementation CMake
Activating thorn CoordinatesX...Success -> active implementation CoordinatesX
Activating thorn HDF5...Success -> active implementation HDF5
Activating thorn hwloc...Success -> active implementation hwloc
Activating thorn IOUtil...Success -> active implementation IO
Activating thorn Loop...Success -> active implementation Loop
Activating thorn MPI...Success -> active implementation MPI
Activating thorn NSIMD...Success -> active implementation NSIMD
Activating thorn openPMD...Success -> active implementation openPMD
Activating thorn Silo...Success -> active implementation Silo
Activating thorn yaml_cpp...Success -> active implementation yaml_cpp
Activating thorn zlib...Success -> active implementation zlib
INFO (hwloc): library version 2.10.0, API version 0x20800
--------------------------------------------------------------------------------

  [34m  ▕▏  [34m  ▕▏  [34m  ▕▏  [34m  ▕▏  [34m  ▕▏  [34m  ▕▏  [34m  ▕▏  [34m  ▕▏  [34m  ▕▏  [39m  
  [34m──██──[34m──██──[34m──██──[34m──██──[34m──██──[34m──██──[34m──██──[34m──██──[34m──██──[39m  
  [34m  ▕▏  [34m  ▕▏  [34m  ▕▏  [34m  ▕▏  [34m  ▕▏  [34m  ▕▏  [34m  ▕▏  [34m  ▕▏  [34m  ▕▏  [39m  
  [34m  ▕▏  [32m██████[34m  ▕▏  [34m  ▕▏  [32m██████[34m  ▕▏  [34m  ▕▏  [32m██████[34m  ▕▏  [39m  
  [34m──██──[32m██████[34m──██──[34m──██──[32m██████[34m──██──[34m──██──[32m██████[34m──██──[39m  
  [34m  ▕▏  [32m██████[34m  ▕▏  [34m  ▕▏  [32m██████[34m  ▕▏  [34m  ▕▏  [32m██████[34m  ▕▏  [39m  
  [34m  ▕▏  [34m  ▕▏  [34m  ▕▏  [34m  ▕▏  [34m  ▕▏  [34m  ▕▏  [34m  ▕▏  [34m  ▕▏  [34m  ▕▏  [39m  
  [34m──██──[34m──██──[34m──██──[34m──██──[34m──██──[34m──██──[34m──██──[34m──██──[34m──██──[39m  
  [34m  ▕▏  [34m  ▕▏  [34m  ▕▏  [34m  ▕▏  [34m  ▕▏  [34m  ▕▏  [34m  ▕▏  [34m  ▕▏  [34m  ▕▏  [39m  
  [34m  ▕▏  [34m  ▕▏  [34m  ▕▏  [31m██████[31m██████[31m██████[34m  ▕▏  [34m  ▕▏  [34m  ▕▏  [39m  
  [34m──██──[34m──██──[34m──██──[31m██████[31m██████[31m██████[34m──██──[34m──██──[34m──██──[39m  
  [34m  ▕▏  [34m  ▕▏  [34m  ▕▏  [31m██████[31m██████[31m██████[34m  ▕▏  [34m  ▕▏  [34m  ▕▏  [39m  
  [34m  ▕▏  [32m██████[34m  ▕▏  [31m██████[31m██████[31m██████[34m  ▕▏  [32m██████[34m  ▕▏  [39m  
  [34m──██──[32m██████[34m──██──[31m██████[31m██████[31m██████[34m──██──[32m██████[34m──██──[39m  
  [34m  ▕▏  [32m██████[34m  ▕▏  [31m██████[31m██████[31m██████[34m  ▕▏  [32m██████[34m  ▕▏  [39m  
  [34m  ▕▏  [34m  ▕▏  [34m  ▕▏  [31m██████[31m██████[31m██████[34m  ▕▏  [34m  ▕▏  [34m  ▕▏  [39m  
  [34m──██──[34m──██──[34m──██──[31m██████[31m██████[31m██████[34m──██──[34m──██──[34m──██──[39m  
  [34m  ▕▏  [34m  ▕▏  [34m  ▕▏  [31m██████[31m██████[31m██████[34m  ▕▏  [34m  ▕▏  [34m  ▕▏  [39m  
  [34m  ▕▏  [34m  ▕▏  [34m  ▕▏  [34m  ▕▏  [34m  ▕▏  [34m  ▕▏  [34m  ▕▏  [34m  ▕▏  [34m  ▕▏  [39m  
  [34m──██──[34m──██──[34m──██──[34m──██──[34m──██──[34m──██──[34m──██──[34m──██──[34m──██──[39m  
  [34m  ▕▏  [34m  ▕▏  [34m  ▕▏  [34m  ▕▏  [34m  ▕▏  [34m  ▕▏  [34m  ▕▏  [34m  ▕▏  [34m  ▕▏  [39m  
  [34m  ▕▏  [32m██████[34m  ▕▏  [34m  ▕▏  [32m██████[34m  ▕▏  [34m  ▕▏  [32m██████[34m  ▕▏  [39m  
  [34m──██──[32m██████[34m──██──[34m──██──[32m██████[34m──██──[34m──██──[32m██████[34m──██──[39m  
  [34m  ▕▏  [32m██████[34m  ▕▏  [34m  ▕▏  [32m██████[34m  ▕▏  [34m  ▕▏  [32m██████[34m  ▕▏  [39m  
  [34m  ▕▏  [34m  ▕▏  [34m  ▕▏  [34m  ▕▏  [34m  ▕▏  [34m  ▕▏  [34m  ▕▏  [34m  ▕▏  [34m  ▕▏  [39m  
  [34m──██──[34m──██──[34m──██──[34m──██──[34m──██──[34m──██──[34m──██──[34m──██──[34m──██──[39m  
  [34m  ▕▏  [34m  ▕▏  [34m  ▕▏  [34m  ▕▏  [34m  ▕▏  [34m  ▕▏  [34m  ▕▏  [34m  ▕▏  [34m  ▕▏  [39m  

AMR driver provided by CarpetX,
using AMReX 25.11 (MPI, OpenMP, no accelerators, debug)
--------------------------------------------------------------------------------

Initializing AMReX (25.11)...
MPI initialized with 2 MPI processes
MPI initialized with thread support level 2
OMP initialized with 1 OMP threads
AMReX (25.11) initialized
INFO (CarpetX): 
Symmetries:
  lower x: none
  lower y: none
  lower z: none
  upper x: none
  upper y: none
  upper z: none
Default boundaries:
  lower x: dirichlet
  lower y: dirichlet
  lower z: dirichlet
  upper x: dirichlet
  upper y: dirichlet
  upper z: dirichlet
INFO (Arith): Test_cplx
INFO (Arith): Test_smallvector
INFO (Arith): Test_spvect
INFO (CarpetX): Setting initial values for max_grid_size values for all levels
INFO (CarpetX): Setting up initial conditions...
INFO (CarpetX): Iteration: 0   time: 0   delta_time: 0.015625
INFO (CarpetX): Patch 0:
INFO (CarpetX):   Grid extent:
INFO (CarpetX):     gsh=[67,67,67]
INFO (CarpetX):     blocking_factor=[8,8,8]
INFO (CarpetX):     max_grid_size=[32,32,32]
INFO (CarpetX):     max_tile_size=[1024000,16,32]
INFO (CarpetX):   Domain extent:
INFO (CarpetX):     xmin=[-1,-1,-1]
INFO (CarpetX):     xmax=[1,1,1]
INFO (CarpetX):     base dx=[0.03125,0.03125,0.03125]
INFO (CarpetX): Initializing level 0...
INFO (CarpetX): Regridding...
INFO (CarpetX):   level 0: 8 boxes, 262144 cells (100%)
INFO (CarpetX):   level 1: 12 boxes, 393216 cells (18.75%, 19%)
INFO (CarpetX): Iteration: 0   time: 0   delta_time: 0.0078125
INFO (CarpetX): Initializing level 1...
INFO (CarpetX): Regridding...
INFO (CarpetX):   level 0: 8 boxes, 262144 cells (100%)
INFO (CarpetX):   level 1: 12 boxes, 393216 cells (18.75%, 19%)
INFO (CarpetX):   level 2: 2 boxes, 65536 cells (0.3906%, 2%)
INFO (CarpetX): Iteration: 0   time: 0   delta_time: 0.00390625
INFO (CarpetX): Initializing level 2...
INFO (CarpetX): Regridding...
INFO (CarpetX):   level 0: 8 boxes, 262144 cells (100%)
INFO (CarpetX):   level 1: 12 boxes, 393216 cells (18.75%, 19%)
INFO (CarpetX):   level 2: 2 boxes, 65536 cells (0.3906%, 2%)
INFO (CarpetX): Initialized 3 levels
INFO (CarpetX): OutputGH: iteration 0, time 0.000000, run time 1 s
INFO (CarpetX): OutputGH done.
INFO (CarpetX): Starting evolution...
INFO (CarpetX): Regridding...
INFO (CarpetX): Setting max_grid_size values for all levels before regridding
INFO (CarpetX):   old levels 3, new levels 3
INFO (CarpetX):   level 0: 8 boxes, 262144 cells (100%)
INFO (CarpetX):   level 1: 12 boxes, 393216 cells (18.75%, 19%)
INFO (CarpetX):   level 2: 2 boxes, 65536 cells (0.3906%, 2%)
INFO (CarpetX): OutputGH: iteration 1, time 0.003906, run time 2 s
INFO (CarpetX): OutputGH done.
INFO (CarpetX): Simulation time: 0.00390625   Iterations per second: 18.1472   Simulation time per second: 0.0708874
INFO (CarpetX): Grid cells: 720896   Grid cell updates per second: 1.30822e+07
INFO (CarpetX): Performance:
INFO (CarpetX):   total evolution time:            0.055105 sec
INFO (CarpetX):   total evolution compute time:    0.0550749 sec
INFO (CarpetX):   total evolution output time:     3.00407e-05 sec
INFO (CarpetX):   total iterations:                1
INFO (CarpetX):   total cells updated:             720896
INFO (CarpetX):   average iterations per second: 18.1472
INFO (CarpetX):   average cell updates per second: 1.30822e+07
INFO (CarpetX): Regridding...
INFO (CarpetX): Setting max_grid_size values for all levels before regridding
INFO (CarpetX):   old levels 3, new levels 3
INFO (CarpetX):   level 0: 8 boxes, 262144 cells (100%)
INFO (CarpetX):   level 1: 12 boxes, 393216 cells (18.75%, 19%)
INFO (CarpetX):   level 2: 2 boxes, 65536 cells (0.3906%, 2%)
INFO (CarpetX): OutputGH: iteration 2, time 0.007812, run time 2 s
INFO (CarpetX): OutputGH done.
INFO (CarpetX): Simulation time: 0.0078125   Iterations per second: 18.1959   Simulation time per second: 0.0710776
INFO (CarpetX): Grid cells: 720896   Grid cell updates per second: 1.31173e+07
INFO (CarpetX): Performance:
INFO (CarpetX):   total evolution time:            0.109915 sec
INFO (CarpetX):   total evolution compute time:    0.109853 sec
INFO (CarpetX):   total evolution output time:     6.22272e-05 sec
INFO (CarpetX):   total iterations:                2
INFO (CarpetX):   total cells updated:             1.44179e+06
INFO (CarpetX):   average iterations per second: 18.1959
INFO (CarpetX):   average cell updates per second: 1.31173e+07
INFO (CarpetX): Regridding...
INFO (CarpetX): Setting max_grid_size values for all levels before regridding
INFO (CarpetX):   old levels 3, new levels 3
INFO (CarpetX):   level 0: 8 boxes, 262144 cells (100%)
INFO (CarpetX):   level 1: 12 boxes, 393216 cells (18.75%, 19%)
INFO (CarpetX):   level 2: 2 boxes, 65536 cells (0.3906%, 2%)
INFO (CarpetX): OutputGH: iteration 3, time 0.011719, run time 2 s
INFO (CarpetX): OutputGH done.
INFO (CarpetX): Simulation time: 0.0117188   Iterations per second: 18.2221   Simulation time per second: 0.0711802
INFO (CarpetX): Grid cells: 720896   Grid cell updates per second: 1.31363e+07
INFO (CarpetX): Performance:
INFO (CarpetX):   total evolution time:            0.164635 sec
INFO (CarpetX):   total evolution compute time:    0.164542 sec
INFO (CarpetX):   total evolution output time:     9.32217e-05 sec
INFO (CarpetX):   total iterations:                3
INFO (CarpetX):   total cells updated:             2.16269e+06
INFO (CarpetX):   average iterations per second: 18.2221
INFO (CarpetX):   average cell updates per second: 1.31363e+07
INFO (CarpetX): Regridding...
INFO (CarpetX): Setting max_grid_size values for all levels before regridding
INFO (CarpetX):   old levels 3, new levels 3
INFO (CarpetX):   level 0: 8 boxes, 262144 cells (100%)
INFO (CarpetX):   level 1: 12 boxes, 393216 cells (18.75%, 19%)
INFO (CarpetX):   level 2: 2 boxes, 65536 cells (0.3906%, 2%)
INFO (CarpetX): OutputGH: iteration 4, time 0.015625, run time 2 s
INFO (CarpetX): OutputGH done.
INFO (CarpetX): Simulation time: 0.015625   Iterations per second: 18.2346   Simulation time per second: 0.071229
INFO (CarpetX): Grid cells: 720896   Grid cell updates per second: 1.31453e+07
INFO (CarpetX): Performance:
INFO (CarpetX):   total evolution time:            0.219363 sec
INFO (CarpetX):   total evolution compute time:    0.219239 sec
INFO (CarpetX):   total evolution output time:     0.000124216 sec
INFO (CarpetX):   total iterations:                4
INFO (CarpetX):   total cells updated:             2.88358e+06
INFO (CarpetX):   average iterations per second: 18.2346
INFO (CarpetX):   average cell updates per second: 1.31453e+07
INFO (CarpetX): Regridding...
INFO (CarpetX): Setting max_grid_size values for all levels before regridding
INFO (CarpetX):   old levels 3, new levels 3
INFO (CarpetX):   level 0: 8 boxes, 262144 cells (100%)
INFO (CarpetX):   level 1: 12 boxes, 393216 cells (18.75%, 19%)
INFO (CarpetX):   level 2: 2 boxes, 65536 cells (0.3906%, 2%)
INFO (CarpetX): OutputGH: iteration 5, time 0.019531, run time 2 s
INFO (CarpetX): OutputGH done.
INFO (CarpetX): Simulation time: 0.0195312   Iterations per second: 18.2454   Simulation time per second: 0.071271
INFO (CarpetX): Grid cells: 720896   Grid cell updates per second: 1.3153e+07
INFO (CarpetX): Performance:
INFO (CarpetX):   total evolution time:            0.274042 sec
INFO (CarpetX):   total evolution compute time:    0.273883 sec
INFO (CarpetX):   total evolution output time:     0.000159264 sec
INFO (CarpetX):   total iterations:                5
INFO (CarpetX):   total cells updated:             3.60448e+06
INFO (CarpetX):   average iterations per second: 18.2454
INFO (CarpetX):   average cell updates per second: 1.3153e+07
INFO (CarpetX): Regridding...
INFO (CarpetX): Setting max_grid_size values for all levels before regridding
INFO (CarpetX):   old levels 3, new levels 3
INFO (CarpetX):   level 0: 8 boxes, 262144 cells (100%)
INFO (CarpetX):   level 1: 12 boxes, 393216 cells (18.75%, 19%)
INFO (CarpetX):   level 2: 2 boxes, 65536 cells (0.3906%, 2%)
INFO (CarpetX): OutputGH: iteration 6, time 0.023438, run time 2 s
INFO (CarpetX): OutputGH done.
INFO (CarpetX): Simulation time: 0.0234375   Iterations per second: 18.2419   Simulation time per second: 0.0712575
INFO (CarpetX): Grid cells: 720896   Grid cell updates per second: 1.31505e+07
INFO (CarpetX): Performance:
INFO (CarpetX):   total evolution time:            0.328913 sec
INFO (CarpetX):   total evolution compute time:    0.328722 sec
INFO (CarpetX):   total evolution output time:     0.000191212 sec
INFO (CarpetX):   total iterations:                6
INFO (CarpetX):   total cells updated:             4.32538e+06
INFO (CarpetX):   average iterations per second: 18.2419
INFO (CarpetX):   average cell updates per second: 1.31505e+07
INFO (CarpetX): Regridding...
INFO (CarpetX): Setting max_grid_size values for all levels before regridding
INFO (CarpetX):   old levels 3, new levels 3
INFO (CarpetX):   level 0: 8 boxes, 262144 cells (100%)
INFO (CarpetX):   level 1: 12 boxes, 393216 cells (18.75%, 19%)
INFO (CarpetX):   level 2: 2 boxes, 65536 cells (0.3906%, 2%)
INFO (CarpetX): OutputGH: iteration 7, time 0.027344, run time 2 s
INFO (CarpetX): OutputGH done.
INFO (CarpetX): Simulation time: 0.0273438   Iterations per second: 18.2251   Simulation time per second: 0.071192
INFO (CarpetX): Grid cells: 720896   Grid cell updates per second: 1.31384e+07
INFO (CarpetX): Performance:
INFO (CarpetX):   total evolution time:            0.384085 sec
INFO (CarpetX):   total evolution compute time:    0.383861 sec
INFO (CarpetX):   total evolution output time:     0.000223398 sec
INFO (CarpetX):   total iterations:                7
INFO (CarpetX):   total cells updated:             5.04627e+06
INFO (CarpetX):   average iterations per second: 18.2251
INFO (CarpetX):   average cell updates per second: 1.31384e+07
INFO (CarpetX): Regridding...
INFO (CarpetX): Setting max_grid_size values for all levels before regridding
INFO (CarpetX):   old levels 3, new levels 3
INFO (CarpetX):   level 0: 8 boxes, 262144 cells (100%)
INFO (CarpetX):   level 1: 12 boxes, 393216 cells (18.75%, 19%)
INFO (CarpetX):   level 2: 2 boxes, 65536 cells (0.3906%, 2%)
INFO (CarpetX): OutputGH: iteration 8, time 0.031250, run time 2 s
INFO (CarpetX): OutputGH done.
INFO (CarpetX): Simulation time: 0.03125   Iterations per second: 18.233   Simulation time per second: 0.0712227
INFO (CarpetX): Grid cells: 720896   Grid cell updates per second: 1.31441e+07
INFO (CarpetX): Performance:
INFO (CarpetX):   total evolution time:            0.438765 sec
INFO (CarpetX):   total evolution compute time:    0.438511 sec
INFO (CarpetX):   total evolution output time:     0.000253439 sec
INFO (CarpetX):   total iterations:                8
INFO (CarpetX):   total cells updated:             5.76717e+06
INFO (CarpetX):   average iterations per second: 18.233
INFO (CarpetX):   average cell updates per second: 1.31441e+07
INFO (CarpetX): Regridding...
INFO (CarpetX): Setting max_grid_size values for all levels before regridding
INFO (CarpetX):   old levels 3, new levels 3
INFO (CarpetX):   level 0: 8 boxes, 262144 cells (100%)
INFO (CarpetX):   level 1: 12 boxes, 393216 cells (18.75%, 19%)
INFO (CarpetX):   level 2: 2 boxes, 65536 cells (0.3906%, 2%)
INFO (CarpetX): OutputGH: iteration 9, time 0.035156, run time 2 s
INFO (CarpetX): OutputGH done.
INFO (CarpetX): Simulation time: 0.0351562   Iterations per second: 18.2306   Simulation time per second: 0.0712134
INFO (CarpetX): Grid cells: 720896   Grid cell updates per second: 1.31424e+07
INFO (CarpetX): Performance:
INFO (CarpetX):   total evolution time:            0.493675 sec
INFO (CarpetX):   total evolution compute time:    0.493389 sec
INFO (CarpetX):   total evolution output time:     0.000285387 sec
INFO (CarpetX):   total iterations:                9
INFO (CarpetX):   total cells updated:             6.48806e+06
INFO (CarpetX):   average iterations per second: 18.2306
INFO (CarpetX):   average cell updates per second: 1.31424e+07
INFO (CarpetX): Regridding...
INFO (CarpetX): Setting max_grid_size values for all levels before regridding
INFO (CarpetX):   old levels 3, new levels 3
INFO (CarpetX):   level 0: 8 boxes, 262144 cells (100%)
INFO (CarpetX):   level 1: 12 boxes, 393216 cells (18.75%, 19%)
INFO (CarpetX):   level 2: 2 boxes, 65536 cells (0.3906%, 2%)
INFO (CarpetX): OutputGH: iteration 10, time 0.039062, run time 2 s
INFO (CarpetX): OutputGH done.
INFO (CarpetX): Simulation time: 0.0390625   Iterations per second: 14.9549   Simulation time per second: 0.0584175
INFO (CarpetX): Grid cells: 720896   Grid cell updates per second: 1.07809e+07
INFO (CarpetX): Performance:
INFO (CarpetX):   total evolution time:            0.668678 sec
INFO (CarpetX):   total evolution compute time:    0.539356 sec
INFO (CarpetX):   total evolution output time:     0.129322 sec
INFO (CarpetX):   total iterations:                10
INFO (CarpetX):   total cells updated:             7.20896e+06
INFO (CarpetX):   average iterations per second: 14.9549
INFO (CarpetX):   average cell updates per second: 1.07809e+07
INFO (CarpetX): Shutting down...
AMReX (25.11) finalized
--------------------------------------------------------------------------------
Done.
+ echo Stopping:
Stopping:
+ date
Sun Oct  4 19:08:41 UTC 2026
+ echo Done.
Done.
  Elapsed time: 2.0 s
