/home/runner/simulations/TestJob01_temp_2/output-0000/TEST/sim/MemSpeed
Preparing:
+ set -e
+ cd output-0000-active
+ echo Checking:
Checking:
+ pwd
/home/runner/simulations/TestJob01_temp_2/output-0000/TEST/sim/MemSpeed/output-0000-active
+ hostname
runnervm5mmn9
+ date
Thu Jul  9 12:51:54 UTC 2026
+ echo Environment:
Environment:
+ export CACTUS_NUM_PROCS=2
+ CACTUS_NUM_PROCS=2
+ export CACTUS_NUM_THREADS=1
+ CACTUS_NUM_THREADS=1
+ export GMON_OUT_PREFIX=gmon.out
+ GMON_OUT_PREFIX=gmon.out
+ export OMP_NUM_THREADS=1
+ OMP_NUM_THREADS=1
+ env
+ sort
+ echo Starting:
Starting:
++ date +%s
+ export CACTUS_STARTTIME=1783601514
+ CACTUS_STARTTIME=1783601514
+ '[' 2 = 1 ']'
+ mpirun -np 2 /home/runner/simulations/TestJob01_temp_2/SIMFACTORY/exe/cactus_sim -L 3 /home/runner/simulations/TestJob01_temp_2/output-0000/arrangements/CactusUtils/MemSpeed/test/memspeed.par
INFO (Cactus): Increased logging level from 0 to 3
--------------------------------------------------------------------------------

       10                                  
  1   0101       ************************  
  01  1010 10      The Cactus Code V4.20.0    
 1010 1101 011      www.cactuscode.org     
  1001 100101    ************************  
    00010101                               
     100011     (c) Copyright The Authors  
      0100      GNU Licensed. No Warranty  
      0101                                 
--------------------------------------------------------------------------------

Cactus version:    4.20.0
Compile date:      Jul 09 2026 (12:15:03)
Run date:          Jul 09 2026 (12:51:55+0000)
Run host:          runnervm5mmn9.2egbwc2figsurhoyketqa1qpfb.dx.internal.cloudapp.net (pid=180661)
Working directory: /home/runner/simulations/TestJob01_temp_2/output-0000/TEST/sim/MemSpeed
Executable:        /home/runner/simulations/TestJob01_temp_2/SIMFACTORY/exe/cactus_sim
Parameter file:    /home/runner/simulations/TestJob01_temp_2/output-0000/arrangements/CactusUtils/MemSpeed/test/memspeed.par
--------------------------------------------------------------------------------

Activating thorn Cactus...Success -> active implementation Cactus
Activation requested for 
--->hwloc MemSpeed SystemTopology CartGrid3D CoordBase IOASCII IOUtil PUGH PUGHSlab<---
Thorn hwloc requests automatic activation of zlib
Thorn MemSpeed requests automatic activation of Vectors
Thorn MemSpeed requests automatic activation of MPI
Activating thorn CartGrid3D...Success -> active implementation grid
Activating thorn CoordBase...Success -> active implementation CoordBase
Activating thorn hwloc...Success -> active implementation hwloc
Activating thorn IOASCII...Success -> active implementation IOASCII
Activating thorn IOUtil...Success -> active implementation IO
Activating thorn MemSpeed...Success -> active implementation MemSpeed
Activating thorn MPI...Success -> active implementation MPI
Activating thorn PUGH...Success -> active implementation Driver
Activating thorn PUGHSlab...Success -> active implementation Hyperslab
Activating thorn SystemTopology...Success -> active implementation SystemTopology
Activating thorn Vectors...Success -> active implementation Vectors
Activating thorn zlib...Success -> active implementation zlib
--------------------------------------------------------------------------------
  if (recover initial data)
    Recover parameters
  endif

  Startup routines
    [CCTK_STARTUP]
      CartGrid3D::SymmetryStartup: Register GH Extension for GridSymmetry
      CoordBase::CoordBase_Startup: Register a GH extension to store the coordinate system handles
      GROUP hwloc_startup: hwloc startup group
        hwloc::hwloc_version: Output hwloc version
      SystemTopology::ST_system_topology: Output and/or modify system topology and hardware locality
      PUGH::Driver_Startup: Startup routine
      PUGH::PUGH_RegisterPUGHP2LRoutines: Register Physical to Logical process mapping routines
      PUGH::PUGH_RegisterPUGHTopologyRoutines: Register topology generation routines routines
      IOUtil::IOUtil_Startup: Startup routine
      Vectors::Vectors_Startup: Print startup message
      IOASCII::IOASCII_Startup: Startup routine

  Startup routines which need an existing grid hierarchy
    [CCTK_WRAGH]
      CartGrid3D::RegisterCartGrid3DCoords: [meta] Register coordinates for the Cartesian grid
      MemSpeed::MemSpeed_MeasureSpeed: [meta] Measure CPU, memory, cache speeds
  Parameter checking routines
    [CCTK_PARAMCHECK]
      CartGrid3D::ParamCheck_CartGrid3D: Check coordinates for CartGrid3D
      Vectors::Vectors_Test: Run correctness tests.

  Initialisation
    if (NOT (recover initial data AND recovery_mode is 'strict'))
      [CCTK_PREREGRIDINITIAL]
      Set up grid hierarchy
      [CCTK_POSTREGRIDINITIAL]
        CartGrid3D::SpatialCoordinates: Set Coordinates after regridding
      [CCTK_BASEGRID]
        CartGrid3D::SpatialSpacings: Set up ranges for spatial 3D Cartesian coordinates (on all grids)
        CartGrid3D::SpatialCoordinates: Set up spatial 3D Cartesian coordinates on the GH
        IOASCII::IOASCII_Choose1D: Choose 1D output lines
        IOASCII::IOASCII_Choose2D: Choose 2D output planes
        PUGH::PUGH_Report: Report on PUGH set up
      [CCTK_INITIAL]
      [CCTK_POSTINITIAL]
      Initialise finer grids recursively
      Restrict from finer grids
      [CCTK_POSTRESTRICTINITIAL]
      [CCTK_POSTPOSTINITIAL]
      [CCTK_POSTSTEP]
    endif
    if (recover initial data)
      [CCTK_BASEGRID]
        CartGrid3D::SpatialSpacings: Set up ranges for spatial 3D Cartesian coordinates (on all grids)
        CartGrid3D::SpatialCoordinates: Set up spatial 3D Cartesian coordinates on the GH
        IOASCII::IOASCII_Choose1D: Choose 1D output lines
        IOASCII::IOASCII_Choose2D: Choose 2D output planes
        PUGH::PUGH_Report: Report on PUGH set up
      [CCTK_RECOVER_VARIABLES]
      [CCTK_POST_RECOVER_VARIABLES]
    endif
    if (checkpoint initial data)
      [CCTK_CPINITIAL]
    endif
    if (analysis)
      [CCTK_ANALYSIS]
  endif
  Output grid variables

  do loop over timesteps
    [CCTK_PREREGRID]
    Change grid hierarchy
    [CCTK_POSTREGRID]
      CartGrid3D::SpatialCoordinates: Set Coordinates after regridding
    Rotate timelevels
    iteration = iteration+1
    t = t+dt
    [CCTK_PRESTEP]
    [CCTK_EVOL]
    Evolve finer grids recursively
    Restrict from finer grids
    [CCTK_POSTRESTRICT]
    [CCTK_POSTSTEP]
    if (checkpoint)
      [CCTK_CHECKPOINT]
    endif
    if (analysis)
      [CCTK_ANALYSIS]
    endif
    Output grid variables
    enddo

  Termination routines
    [CCTK_TERMINATE]
      PUGH::Driver_Terminate: Termination routine

  Shutdown routines
    [CCTK_SHUTDOWN]

  Routines run after changing the grid hierarchy:
    [CCTK_POSTREGRID]
      CartGrid3D::SpatialCoordinates: Set Coordinates after regridding
--------------------------------------------------------------------------------
INFO (hwloc): library version 2.10.0, API version 0x20800
INFO (SystemTopology): MPI process-to-host mapping:
This is MPI process 0 of 2
MPI hosts:
  0: runnervm5mmn9
This MPI process runs on host 0 of 1
On this host, this is MPI process 0 of 2
INFO (SystemTopology): Topology support:
Discovery support:
  discovery->pu                            : yes
CPU binding support:
  cpubind->set_thisproc_cpubind            : yes
  cpubind->get_thisproc_cpubind            : yes
  cpubind->set_proc_cpubind                : yes
  cpubind->get_proc_cpubind                : yes
  cpubind->set_thisthread_cpubind          : yes
  cpubind->get_thisthread_cpubind          : yes
  cpubind->set_thread_cpubind              : yes
  cpubind->get_thread_cpubind              : yes
  cpubind->get_thisproc_last_cpu_location  : yes
  cpubind->get_proc_last_cpu_location      : yes
  cpubind->get_thisthread_last_cpu_location: yes
Memory binding support:
  membind->set_thisproc_membind            : no
  membind->get_thisproc_membind            : no
  membind->set_proc_membind                : no
  membind->get_proc_membind                : no
  membind->set_thisthread_membind          : yes
  membind->get_thisthread_membind          : yes
  membind->set_area_membind                : yes
  membind->get_area_membind                : yes
  membind->alloc_membind                   : yes
  membind->firsttouch_membind              : yes
  membind->bind_membind                    : yes
  membind->interleave_membind              : yes
  membind->nexttouch_membind               : no
  membind->migrate_membind                 : yes
INFO (SystemTopology): Hardware objects in this node:
Machine L#0: (P#0, total=16377692KB, DMIProductName="Virtual Machine", DMIProductVersion="Hyper-V UEFI Release v4.1", DMIProductUUID=b50a6169-6e1c-4309-98c8-9e12e46513de, DMIBoardVendor="Microsoft Corporation", DMIBoardName="Virtual Machine", DMIBoardVersion="Hyper-V UEFI Release v4.1", DMIBoardAssetTag=None, DMIChassisVendor="Microsoft Corporation", DMIChassisType=3, DMIChassisVersion="Hyper-V UEFI Release v4.1", DMIChassisAssetTag=7783-7084-3265-9085-8269-3286-77, DMIBIOSVendor="Microsoft Corporation", DMIBIOSVersion="Hyper-V UEFI Release v4.1", DMIBIOSDate=01/14/2026, DMISysVendor="Microsoft Corporation", Backend=Linux, LinuxCgroup=/system.slice/hosted-compute-agent.service, OSName=Linux, OSRelease=6.17.0-1018-azure, OSVersion="#18~24.04.1-Ubuntu SMP Thu May 28 16:39:11 UTC 2026", HostName=runnervm5mmn9, Architecture=x86_64, hwlocVersion=2.10.0, ProcessName=cactus_sim)
  Package L#0: (P#0, total=16377692KB, CPUVendor=AuthenticAMD, CPUFamilyNumber=25, CPUModelNumber=1, CPUModel="AMD EPYC 7763 64-Core Processor                ", CPUStepping=1)
    L3Cache L#0: (P#0, size=32768KB, linesize=64, ways=16, Inclusive=0)
      L2Cache L#0: (P#0, size=512KB, linesize=64, ways=8, Inclusive=1)
        L1dCache L#0: (P#0, size=32KB, linesize=64, ways=8, Inclusive=0)
          Core L#0: (P#0)
            PU L#0: (P#0)
            PU L#1: (P#1)
      L2Cache L#1: (P#1, size=512KB, linesize=64, ways=8, Inclusive=1)
        L1dCache L#1: (P#1, size=32KB, linesize=64, ways=8, Inclusive=0)
          Core L#1: (P#1)
            PU L#2: (P#2)
            PU L#3: (P#3)
INFO (SystemTopology): Thread CPU bindings:
  MPI process 0 on host 0 (process 0 of 2 on this host)
    OpenMP thread 0: PU set L#{0-1} P#{0-1}
  MPI process 1 on host 0 (process 1 of 2 on this host)
    OpenMP thread 0: PU set L#{2-3} P#{2-3}
INFO (SystemTopology): Setting thread CPU bindings:
INFO (SystemTopology): Thread CPU bindings:
  MPI process 0 on host 0 (process 0 of 2 on this host)
    OpenMP thread 0: PU set L#{0} P#{0}
  MPI process 1 on host 0 (process 1 of 2 on this host)
    OpenMP thread 0: PU set L#{2} P#{2}
INFO (SystemTopology): Extracting CPU/cache/memory properties:
  There are 2 PUs per core (aka hardware SMT threads)
  There are 1 threads per core (aka SMT threads used)
  Cache (unknown name) has type "data" depth 1
    size 32768 linesize 64 associativity 8 stride 4096, for 2 PUs
  Cache (unknown name) has type "unified" depth 2
    size 524288 linesize 64 associativity 8 stride 65536, for 2 PUs
  Cache (unknown name) has type "unified" depth 3
    size 33554432 linesize 64 associativity 16 stride 2097152, for 4 PUs
INFO (PUGH): Using physical to logical mappings: direct
INFO (PUGH): Using topology generator: automatic
INFO (Vectors): Using vector size 2 for architecture SSE2 (64-bit precision)
--------------------------------------------------------------------------------
Driver provided by PUGH
--------------------------------------------------------------------------------

INFO (PUGH): Not setting up a topology for 1 dimensions
INFO (PUGH): Not setting up a topology for 2 dimensions
INFO (PUGH): Setting up a topology for 3 dimensions
INFO (IOASCII): I/O Method 'IOASCII_1D' registered: output of 1D lines of grid functions/arrays to ASCII files
INFO (IOASCII): Periodic 1D output every 1 iterations
INFO (IOASCII): Periodic 1D output requested for 'GRID::r'
INFO (IOASCII): I/O Method 'IOASCII_2D' registered: output of 2D planes of grid functions/arrays to ASCII files
INFO (IOASCII): Periodic 2D output turned off
INFO (IOASCII): I/O Method 'IOASCII_3D' registered: output of 3D grid functions/arrays to ASCII files
INFO (IOASCII): Periodic 3D output turned off
INFO (MemSpeed): Measuring CPU, cache, memory, and communication speeds:
  Single-core measurements (using 1 MPI processes with 1 OpenMP threads each):
    CPU frequency:
      iterations=1000000... time=0.00126828 sec
      iterations=10000000... time=0.0125212 sec
      iterations=100000000... time=0.124884 sec
      iterations=900000000... time=1.12356 sec
      iterations=900000000... time=0.841486 sec
      result: 6.38121 GHz
    CPU floating point performance:
      iterations=1000000... time=0.00199262 sec
      iterations=10000000... time=0.019868 sec
      iterations=100000000... time=0.198716 sec
      iterations=600000000... time=1.19262 sec
      result: 16.099 Gflop/sec
    CPU integer performance:
      iterations=1000000... time=0.00159859 sec
      iterations=10000000... time=0.0155955 sec
      iterations=100000000... time=0.156082 sec
      iterations=700000000... time=1.09291 sec
      result: 10.2479 Giop/sec
    Read latency of D1 cache (for 2 PUs) (using 1*24576 bytes):
      iterations=1000... time=0.000129994 sec
      iterations=10000... time=0.00125855 sec
      iterations=100000... time=0.0124947 sec
      iterations=1000000... time=0.124572 sec
      iterations=9000000... time=1.12182 sec
      result: 1.24647 nsec
    Read latency of L2 cache (for 2 PUs) (using 1*393216 bytes):
      iterations=1000... time=0.000488135 sec
      iterations=10000... time=0.0044997 sec
      iterations=100000... time=0.0442494 sec
      iterations=1000000... time=0.442103 sec
      iterations=2000000... time=0.875999 sec
      iterations=4000000... time=1.75638 sec
      result: 4.39096 nsec
    Read latency of L3 cache (for 4 PUs) (using 1*25165824 bytes):
      [skipped -- avoiding large-memory benchmarks]
    Read bandwidth of D1 cache (for 2 PUs) (using 1*24576 bytes):
      iterations=1... time=7.52e-07 sec
      iterations=10... time=5.901e-06 sec
      iterations=100... time=5.0044e-05 sec
      iterations=1000... time=0.00031495 sec
      iterations=10000... time=0.00263278 sec
      iterations=100000... time=0.024561 sec
      iterations=1000000... time=0.245742 sec
      iterations=4000000... time=0.983288 sec
      iterations=8000000... time=1.96476 sec
      result: 100.067 GByte/sec
    Read bandwidth of L2 cache (for 2 PUs) (using 1*393216 bytes):
      iterations=1... time=6.572e-06 sec
      iterations=10... time=6.369e-05 sec
      iterations=100... time=0.00050173 sec
      iterations=1000... time=0.00494945 sec
      iterations=10000... time=0.0494742 sec
      iterations=100000... time=0.498214 sec
      iterations=200000... time=0.994693 sec
      iterations=400000... time=1.99016 sec
      result: 79.0321 GByte/sec
    Read bandwidth of L3 cache (for 4 PUs) (using 1*25165824 bytes):
      [skipped -- avoiding large-memory benchmarks]
    Write latency of D1 cache (for 2 PUs) (using 1*24576 bytes):
      iterations=1000... time=3.447e-06 sec
      iterations=10000... time=3.3813e-05 sec
      iterations=100000... time=0.000262261 sec
      iterations=1000000... time=0.00251941 sec
      iterations=10000000... time=0.024924 sec
      iterations=100000000... time=0.24927 sec
      iterations=400000000... time=0.99757 sec
      iterations=800000000... time=1.99869 sec
      result: 0.312295 nsec
    Write latency of L2 cache (for 2 PUs) (using 1*393216 bytes):
      iterations=1000... time=1.9567e-05 sec
      iterations=10000... time=0.000157255 sec
      iterations=100000... time=0.00148896 sec
      iterations=1000000... time=0.0143574 sec
      iterations=10000000... time=0.151955 sec
      iterations=70000000... time=1.08512 sec
      result: 1.93772 nsec
    Write latency of L3 cache (for 4 PUs) (using 1*25165824 bytes):
      [skipped -- avoiding large-memory benchmarks]
    Write bandwidth of D1 cache (for 2 PUs) (using 1*24576 bytes):
      iterations=1... time=4.71e-07 sec
      iterations=10... time=5.009e-06 sec
      iterations=100... time=3.4825e-05 sec
      iterations=1000... time=0.000299562 sec
      iterations=10000... time=0.00281303 sec
      iterations=100000... time=0.0279605 sec
      iterations=1000000... time=0.278862 sec
      iterations=4000000... time=1.11653 sec
      result: 88.0439 GByte/sec
    Write bandwidth of L2 cache (for 2 PUs) (using 1*393216 bytes):
      iterations=1... time=1.0389e-05 sec
      iterations=10... time=7.5662e-05 sec
      iterations=100... time=0.000524673 sec
      iterations=1000... time=0.00450209 sec
      iterations=10000... time=0.0450358 sec
      iterations=100000... time=0.452098 sec
      iterations=200000... time=0.905827 sec
      iterations=400000... time=1.81146 sec
      result: 86.8284 GByte/sec
    Write bandwidth of L3 cache (for 4 PUs) (using 1*25165824 bytes):
      [skipped -- avoiding large-memory benchmarks]
    Stencil code performance of D1 cache (for 2 PUs) (using 1*12^3 grid points, 1*27648 bytes):
      iterations=1... time=4.5475e-05 sec
      iterations=10... time=0.000322064 sec
      iterations=100... time=0.00315165 sec
      iterations=1000... time=0.0331793 sec
      iterations=10000... time=0.328939 sec
      iterations=30000... time=0.985369 sec
      iterations=60000... time=1.97349 sec
      result: 0.0525363 Gupdates/sec
    Stencil code performance of L2 cache (for 2 PUs) (using 1*29^3 grid points, 1*390224 bytes):
      iterations=1... time=0.000146274 sec
      iterations=10... time=0.0015603 sec
      iterations=100... time=0.0160013 sec
      iterations=1000... time=0.159819 sec
      iterations=7000... time=1.14434 sec
      result: 0.149189 Gupdates/sec
    Stencil code performance of L3 cache (for 4 PUs) (using 1*116^3 grid points, 1*24974336 bytes):
      iterations=1... time=0.00441276 sec
      iterations=10... time=0.0402086 sec
      iterations=100... time=0.387981 sec
      iterations=300... time=1.21153 sec
      result: 0.386509 Gupdates/sec
  Single-node measurements (using 2 MPI processes with 1 OpenMP threads each):
    CPU frequency:
      iterations=1000000... time=0.00126423 sec
      iterations=10000000... time=0.0124887 sec
      iterations=100000000... time=0.124676 sec
      iterations=900000000... time=1.12213 sec
      iterations=900000000... time=0.841248 sec
      result: 6.40834 GHz
    CPU floating point performance:
      iterations=1000000... time=0.00198808 sec
      iterations=10000000... time=0.019863 sec
      iterations=100000000... time=0.198588 sec
      iterations=600000000... time=1.19138 sec
      result: 16.1157 Gflop/sec
    CPU integer performance:
      iterations=1000000... time=0.0015798 sec
      iterations=10000000... time=0.0155955 sec
      iterations=100000000... time=0.161949 sec
      iterations=700000000... time=1.11041 sec
      result: 10.0864 Giop/sec
    Read latency of D1 cache (for 2 PUs) (using 2*24576 bytes):
      iterations=1000... time=0.000126723 sec
      iterations=10000... time=0.00125562 sec
      iterations=100000... time=0.0124441 sec
      iterations=1000000... time=0.124483 sec
      iterations=9000000... time=1.1206 sec
      result: 1.24511 nsec
    Read latency of L2 cache (for 2 PUs) (using 2*393216 bytes):
      iterations=1000... time=0.000457693 sec
      iterations=10000... time=0.00439101 sec
      iterations=100000... time=0.0430523 sec
      iterations=1000000... time=0.428894 sec
      iterations=3000000... time=1.29259 sec
      result: 4.30865 nsec
    Read latency of L3 cache (for 4 PUs) (using 1*25165824 bytes):
      [skipped -- too many MPI processes]
    Read bandwidth of D1 cache (for 2 PUs) (using 2*24576 bytes):
      iterations=1... time=5.91e-07 sec
      iterations=10... time=3.682e-06 sec
      iterations=100... time=3.4334e-05 sec
      iterations=1000... time=0.000267592 sec
      iterations=10000... time=0.00249095 sec
      iterations=100000... time=0.0245352 sec
      iterations=1000000... time=0.245616 sec
      iterations=4000000... time=0.981821 sec
      iterations=8000000... time=1.96317 sec
      result: 100.148 GByte/sec
    Read bandwidth of L2 cache (for 2 PUs) (using 2*393216 bytes):
      iterations=1... time=1.1581e-05 sec
      iterations=10... time=9.95615e-05 sec
      iterations=100... time=0.000566272 sec
      iterations=1000... time=0.00504149 sec
      iterations=10000... time=0.0498598 sec
      iterations=100000... time=0.496572 sec
      iterations=200000... time=0.992605 sec
      iterations=400000... time=1.98668 sec
      result: 79.1704 GByte/sec
    Read bandwidth of L3 cache (for 4 PUs) (using 1*25165824 bytes):
      [skipped -- too many MPI processes]
    Write latency of D1 cache (for 2 PUs) (using 2*24576 bytes):
      iterations=1000... time=3.451e-06 sec
      iterations=10000... time=3.10235e-05 sec
      iterations=100000... time=0.000282435 sec
      iterations=1000000... time=0.00250363 sec
      iterations=10000000... time=0.0249132 sec
      iterations=100000000... time=0.249144 sec
      iterations=400000000... time=0.996873 sec
      iterations=800000000... time=1.9965 sec
      result: 0.311953 nsec
    Write latency of L2 cache (for 2 PUs) (using 2*393216 bytes):
      iterations=1000... time=2.4295e-05 sec
      iterations=10000... time=0.000187206 sec
      iterations=100000... time=0.00137284 sec
      iterations=1000000... time=0.0125495 sec
      iterations=10000000... time=0.132002 sec
      iterations=80000000... time=1.05858 sec
      result: 1.65403 nsec
    Write latency of L3 cache (for 4 PUs) (using 1*25165824 bytes):
      [skipped -- too many MPI processes]
    Write bandwidth of D1 cache (for 2 PUs) (using 2*24576 bytes):
      iterations=1... time=6.755e-07 sec
      iterations=10... time=4.6585e-06 sec
      iterations=100... time=3.74555e-05 sec
      iterations=1000... time=0.000298549 sec
      iterations=10000... time=0.00280802 sec
      iterations=100000... time=0.0280462 sec
      iterations=1000000... time=0.278863 sec
      iterations=4000000... time=1.1155 sec
      result: 88.1254 GByte/sec
    Write bandwidth of L2 cache (for 2 PUs) (using 2*393216 bytes):
      iterations=1... time=1.4652e-05 sec
      iterations=10... time=0.000108378 sec
      iterations=100... time=0.000564914 sec
      iterations=1000... time=0.00457158 sec
      iterations=10000... time=0.0452977 sec
      iterations=100000... time=0.450958 sec
      iterations=200000... time=0.900841 sec
      iterations=400000... time=1.80082 sec
      result: 87.3415 GByte/sec
    Write bandwidth of L3 cache (for 4 PUs) (using 1*25165824 bytes):
      [skipped -- too many MPI processes]
    Stencil code performance of D1 cache (for 2 PUs) (using 1*12^3 grid points, 1*27648 bytes):
      [skipped -- too many MPI processes]
    Stencil code performance of L2 cache (for 2 PUs) (using 1*29^3 grid points, 1*390224 bytes):
      [skipped -- too many MPI processes]
    Stencil code performance of L3 cache (for 4 PUs) (using 1*116^3 grid points, 1*24974336 bytes):
      [skipped -- too many MPI processes]
  Single-node measurements:
    MPI latency: 741.5 nsec
    MPI bandwidth: 11.6502 GByte/sec
INFO (Vectors): Testing vectorisation... [errors may result in segfaults]
INFO (Vectors): 375/375 tests passed 
INFO (CartGrid3D): Grid Spacings:
INFO (CartGrid3D): dx=>1.1111111e-01  dy=>1.1111111e-01  dz=>1.1111111e-01
INFO (CartGrid3D): Computational Coordinates:
INFO (CartGrid3D): x=>[-0.500, 0.500]  y=>[-0.500, 0.500]  z=>[-0.500, 0.500]
INFO (CartGrid3D): Indices of Physical Coordinates:
INFO (CartGrid3D): x=>[0,9]  y=>[0,9]  z=>[0,9]
INFO (PUGH): MPI Evolution on 2 processors
INFO (PUGH): 3-dimensional grid functions
INFO (PUGH):  10
INFO (PUGH):  1
INFO (PUGH): 10]
INFO (PUGH):   Maximum load skew: 0.000000
--------------------------------------------------------------------------------
Done.
+ echo Stopping:
Stopping:
+ date
Thu Jul  9 12:52:50 UTC 2026
+ echo Done.
Done.
  Elapsed time: 56.1 s
