/home/runner/simulations/TestJob01_temp_2/output-0000/TEST/sim/CanudaX_BSSNMoL
Preparing:
+ set -e
+ cd output-0000-active
+ echo Checking:
Checking:
+ pwd
/home/runner/simulations/TestJob01_temp_2/output-0000/TEST/sim/CanudaX_BSSNMoL/output-0000-active
+ hostname
runnervmlun5p
+ date
Thu Sep 10 00:25:35 UTC 2026
+ echo Environment:
Environment:
+ export CACTUS_NUM_PROCS=2
+ CACTUS_NUM_PROCS=2
+ export CACTUS_NUM_THREADS=1
+ CACTUS_NUM_THREADS=1
+ export GMON_OUT_PREFIX=gmon.out
+ GMON_OUT_PREFIX=gmon.out
+ export OMP_NUM_THREADS=1
+ OMP_NUM_THREADS=1
+ env
+ sort
+ echo Starting:
Starting:
++ date +%s
+ export CACTUS_STARTTIME=1788999935
+ CACTUS_STARTTIME=1788999935
+ '[' 2 = 1 ']'
+ mpirun -np 2 /home/runner/simulations/TestJob01_temp_2/SIMFACTORY/exe/cactus_sim -L 3 /home/runner/simulations/TestJob01_temp_2/output-0000/arrangements/CanudaX/CanudaX_BSSNMoL/test/gaugewave.par
INFO (Cactus): Increased logging level from 0 to 3
--------------------------------------------------------------------------------

       10                                  
  1   0101       ************************  
  01  1010 10      The Cactus Code V4.20.0    
 1010 1101 011      www.cactuscode.org     
  1001 100101    ************************  
    00010101                               
     100011     (c) Copyright The Authors  
      0100      GNU Licensed. No Warranty  
      0101                                 
--------------------------------------------------------------------------------

Cactus version:    4.20.0
Compile date:      Sep 10 2026 (00:08:27)
Run date:          Sep 10 2026 (00:25:36+0000)
Run host:          runnervmlun5p.wxuwm22pbllupc1tarnru5qpuc.gx.internal.cloudapp.net (pid=176059)
Working directory: /home/runner/simulations/TestJob01_temp_2/output-0000/TEST/sim/CanudaX_BSSNMoL
Executable:        /home/runner/simulations/TestJob01_temp_2/SIMFACTORY/exe/cactus_sim
Parameter file:    /home/runner/simulations/TestJob01_temp_2/output-0000/arrangements/CanudaX/CanudaX_BSSNMoL/test/gaugewave.par
--------------------------------------------------------------------------------

Activating thorn Cactus...Success -> active implementation Cactus
Activation requested for 
--->ADMBaseX CanudaX_BSSNMoL CanudaX_ExactID CarpetX IOUtil ODESolvers TmunuBaseX<---
Thorn ADMBaseX requests automatic activation of Loop
Thorn CarpetX requests automatic activation of AMReX
Thorn CarpetX requests automatic activation of MPI
Thorn CarpetX requests automatic activation of yaml_cpp
Thorn CarpetX requests automatic activation of zlib
Thorn CarpetX requests automatic activation of Arith
Thorn CarpetX requests automatic activation of CarpetXRegrid
Thorn CarpetX requests automatic activation of ADIOS2
Thorn CarpetX requests automatic activation of openPMD
Thorn CarpetX requests automatic activation of Silo
Thorn ADIOS2 requests automatic activation of CMake
Thorn Arith requests automatic activation of NSIMD
Thorn MPI requests automatic activation of hwloc
Thorn openPMD requests automatic activation of HDF5
Activating thorn ADIOS2...Success -> active implementation ADIOS2
Activating thorn ADMBaseX...Success -> active implementation ADMBaseX
Activating thorn AMReX...Success -> active implementation AMReX
Activating thorn Arith...Success -> active implementation Arith
Activating thorn CanudaX_BSSNMoL...Success -> active implementation CanudaX_BSSNMoL
Activating thorn CanudaX_ExactID...Success -> active implementation CanudaX_ExactID
Activating thorn CarpetX...Success -> active implementation Driver
Activating thorn CarpetXRegrid...Success -> active implementation CarpetXRegrid
Activating thorn CMake...Success -> active implementation CMake
Activating thorn HDF5...Success -> active implementation HDF5
Activating thorn hwloc...Success -> active implementation hwloc
Activating thorn IOUtil...Success -> active implementation IO
Activating thorn Loop...Success -> active implementation Loop
Activating thorn MPI...Success -> active implementation MPI
Activating thorn NSIMD...Success -> active implementation NSIMD
Activating thorn ODESolvers...Success -> active implementation ODESolvers
Activating thorn openPMD...Success -> active implementation openPMD
Activating thorn Silo...Success -> active implementation Silo
Activating thorn TmunuBaseX...Success -> active implementation TmunuBaseX
Activating thorn yaml_cpp...Success -> active implementation yaml_cpp
Activating thorn zlib...Success -> active implementation zlib
--------------------------------------------------------------------------------
  if (recover initial data)
    Recover parameters
  endif

  Startup routines
    [CCTK_STARTUP]
      CarpetX::Driver_Startup: Start up the driver
      IOUtil::IOUtil_Startup: Startup routine
      GROUP hwloc_startup: hwloc startup group
        hwloc::hwloc_version: Output hwloc version

  Startup routines which need an existing grid hierarchy
    [CCTK_WRAGH]
      Arith::Test_cplx: [meta] Test complex numbers
      Arith::Test_smallvector: [meta] Test small vectors
      Arith::Test_spvect: [meta] Test sparse vectors
      ODESolvers::ODESolvers_InitConstants: [global] Set up dummy loop counters for schedule printout
  Parameter checking routines
    [CCTK_PARAMCHECK]
      CanudaX_BSSNMoL::CanudaX_BSSNMoL_paramcheck: Check CanudaX_BSSNMoL parameters for consistency

  Initialisation
    if (NOT (recover initial data AND recovery_mode is 'strict'))
      [CCTK_PREREGRIDINITIAL]
      Set up grid hierarchy
      [CCTK_POSTREGRIDINITIAL]
      [CCTK_BASEGRID]
        CarpetXRegrid::CarpetXRegrid_InitError: Initialize regridding error to zero
        GROUP ODESolvers_BaseGrid: Set up constants (e.g. coordinates) everywhere on the grid
      [CCTK_INITIAL]
        GROUP TmunuBaseX_SetTmunuVars: Schedule group for setting T_munu
          TmunuBaseX::TmunuBaseX_ZeroTmunu: Set T_munu to zero
          GROUP TmunuBaseX_AddToTmunu: Add to T_munu here
        GROUP ODESolvers_Initial: Set up initial conditions on interior of state vector
          GROUP ADMBaseX_InitialData: Schedule group for calculating ADM initial data
            GROUP CanudaX_ExactIDGroup: CanudaX_ExactID group for setting up initial data
              CanudaX_ExactID::CanudaX_ExactID_GaugeWave: [local] Create gauge wave initial data
          GROUP ADMBaseX_InitialGauge: Schedule group for the ADM initial gauge condition
            ADMBaseX::ADMBaseX_initial_dtlapse: Set dtlapse to zero
            ADMBaseX::ADMBaseX_initial_dtshift: Set dtshift to zero
          GROUP ADMBaseX_PostInitial: Schedule group for modifying the ADM initial data, such as e.g. adding noise
        GROUP CanudaX_BSSNMoL_InitialGroup: CanudaX_BSSNMoL: initial bin
          CanudaX_BSSNMoL::CanudaX_BSSNMoL_adm2bssn: [local] Convert initial data into BSSN variables
          CanudaX_BSSNMoL::CanudaX_BSSNMoL_gammat: [local] Set Gammat initial data
      [CCTK_POSTINITIAL]
        GROUP ODESolvers_PostStep: Apply boundary conditions to state vector, and project if necessary
          GROUP CanudaX_BSSNMoL_PostStepGroup: CanudaX_BSSNMoL: post-step operations
            CanudaX_BSSNMoL::CanudaX_BSSNMoL_impose_conf_fac_floor: Make sure conformal factor does not drop below specified value
            CanudaX_BSSNMoL::CanudaX_BSSNMoL_reset_detmetric: reset dethh = 1
            CanudaX_BSSNMoL::CanudaX_BSSNMoL_remove_trA: Remove trace of A
            CanudaX_BSSNMoL::CanudaX_BSSNMoL_sync: [global] Sync state vector
            CanudaX_BSSNMoL::CanudaX_BSSNMoL_bssn2adm: [local] Convert variables back to the ADM ones
          GROUP ADMBaseX_SetADMRHS: Set ADM RHS variables in this group
          GROUP ADMBaseX_SetADMVars: Set ADM variables in this group
          GROUP TmunuBaseX_SetTmunuVars: Schedule group for setting T_munu
            TmunuBaseX::TmunuBaseX_ZeroTmunu: Set T_munu to zero
            GROUP TmunuBaseX_AddToTmunu: Add to T_munu here
        GROUP ODESolvers_EstimateError: Estimate discretization error (for regridding)
      Initialise finer grids recursively
      Restrict from finer grids
      [CCTK_POSTRESTRICTINITIAL]
      [CCTK_POSTPOSTINITIAL]
      [CCTK_POSTSTEP]
        GROUP ODESolvers_EstimateError: Estimate discretization error (for regridding)
    endif
    if (recover initial data)
      [CCTK_BASEGRID]
        CarpetXRegrid::CarpetXRegrid_InitError: Initialize regridding error to zero
        GROUP ODESolvers_BaseGrid: Set up constants (e.g. coordinates) everywhere on the grid
      [CCTK_RECOVER_VARIABLES]
      [CCTK_POST_RECOVER_VARIABLES]
        GROUP ODESolvers_PostStep: Apply boundary conditions to state vector, and project if necessary
          GROUP CanudaX_BSSNMoL_PostStepGroup: CanudaX_BSSNMoL: post-step operations
            CanudaX_BSSNMoL::CanudaX_BSSNMoL_impose_conf_fac_floor: Make sure conformal factor does not drop below specified value
            CanudaX_BSSNMoL::CanudaX_BSSNMoL_reset_detmetric: reset dethh = 1
            CanudaX_BSSNMoL::CanudaX_BSSNMoL_remove_trA: Remove trace of A
            CanudaX_BSSNMoL::CanudaX_BSSNMoL_sync: [global] Sync state vector
            CanudaX_BSSNMoL::CanudaX_BSSNMoL_bssn2adm: [local] Convert variables back to the ADM ones
          GROUP ADMBaseX_SetADMRHS: Set ADM RHS variables in this group
          GROUP ADMBaseX_SetADMVars: Set ADM variables in this group
          GROUP TmunuBaseX_SetTmunuVars: Schedule group for setting T_munu
            TmunuBaseX::TmunuBaseX_ZeroTmunu: Set T_munu to zero
            GROUP TmunuBaseX_AddToTmunu: Add to T_munu here
        GROUP ODESolvers_EstimateError: Estimate discretization error (for regridding)
    endif
    if (checkpoint initial data)
      [CCTK_CPINITIAL]
        CarpetX::CarpetX_CheckpointInitial: [meta] Checkpoint initial conditions
    endif
    if (analysis)
      [CCTK_ANALYSIS]
        CanudaX_BSSNMoL::CanudaX_BSSNMoL_bssn_constraints: Compute constraints
        GROUP ODESolvers_Analysis: Calculate analysis quantities everywhere
  endif
  Output grid variables

  do loop over timesteps
    [CCTK_PREREGRID]
    Change grid hierarchy
    [CCTK_POSTREGRID]
      GROUP ODESolvers_PostStep: Apply boundary conditions to state vector, and project if necessary
        GROUP CanudaX_BSSNMoL_PostStepGroup: CanudaX_BSSNMoL: post-step operations
          CanudaX_BSSNMoL::CanudaX_BSSNMoL_impose_conf_fac_floor: Make sure conformal factor does not drop below specified value
          CanudaX_BSSNMoL::CanudaX_BSSNMoL_reset_detmetric: reset dethh = 1
          CanudaX_BSSNMoL::CanudaX_BSSNMoL_remove_trA: Remove trace of A
          CanudaX_BSSNMoL::CanudaX_BSSNMoL_sync: [global] Sync state vector
          CanudaX_BSSNMoL::CanudaX_BSSNMoL_bssn2adm: [local] Convert variables back to the ADM ones
        GROUP ADMBaseX_SetADMRHS: Set ADM RHS variables in this group
        GROUP ADMBaseX_SetADMVars: Set ADM variables in this group
        GROUP TmunuBaseX_SetTmunuVars: Schedule group for setting T_munu
          TmunuBaseX::TmunuBaseX_ZeroTmunu: Set T_munu to zero
          GROUP TmunuBaseX_AddToTmunu: Add to T_munu here
    Rotate timelevels
    iteration = iteration+1
    t = t+dt
    [CCTK_PRESTEP]
    [CCTK_EVOL]
      ODESolvers::ODESolvers_Solve: [level] Solve ODEs
      while (ODESolvers::do_substeps)
        GROUP ODESolvers_CalledBySolve: Groups internally scheduled by ODESolvers_Solve
          GROUP ODESolvers_RHS: Evaluate the RHS for of state vector everywhere on the grid
            GROUP CanudaX_BSSNMoL_RHSGroup: CanudaX_BSSNMoL: calculate BSSN RHS
              CanudaX_BSSNMoL::CanudaX_BSSNMoL_calc_bssn_rhs: MoL RHS calculation
              CanudaX_BSSNMoL::CanudaX_BSSNMoL_apply_boundary_conditions: Apply radiative boundary conditions 
          GROUP ODESolvers_PostStep: Apply boundary conditions to state vector, and project if necessary
            GROUP CanudaX_BSSNMoL_PostStepGroup: CanudaX_BSSNMoL: post-step operations
              CanudaX_BSSNMoL::CanudaX_BSSNMoL_impose_conf_fac_floor: Make sure conformal factor does not drop below specified value
              CanudaX_BSSNMoL::CanudaX_BSSNMoL_reset_detmetric: reset dethh = 1
              CanudaX_BSSNMoL::CanudaX_BSSNMoL_remove_trA: Remove trace of A
              CanudaX_BSSNMoL::CanudaX_BSSNMoL_sync: [global] Sync state vector
              CanudaX_BSSNMoL::CanudaX_BSSNMoL_bssn2adm: [local] Convert variables back to the ADM ones
            GROUP ADMBaseX_SetADMRHS: Set ADM RHS variables in this group
            GROUP ADMBaseX_SetADMVars: Set ADM variables in this group
            GROUP TmunuBaseX_SetTmunuVars: Schedule group for setting T_munu
              TmunuBaseX::TmunuBaseX_ZeroTmunu: Set T_munu to zero
              GROUP TmunuBaseX_AddToTmunu: Add to T_munu here
      end while
    Evolve finer grids recursively
    Restrict from finer grids
    [CCTK_POSTRESTRICT]
      GROUP ODESolvers_PostStep: Apply boundary conditions to state vector, and project if necessary
        GROUP CanudaX_BSSNMoL_PostStepGroup: CanudaX_BSSNMoL: post-step operations
          CanudaX_BSSNMoL::CanudaX_BSSNMoL_impose_conf_fac_floor: Make sure conformal factor does not drop below specified value
          CanudaX_BSSNMoL::CanudaX_BSSNMoL_reset_detmetric: reset dethh = 1
          CanudaX_BSSNMoL::CanudaX_BSSNMoL_remove_trA: Remove trace of A
          CanudaX_BSSNMoL::CanudaX_BSSNMoL_sync: [global] Sync state vector
          CanudaX_BSSNMoL::CanudaX_BSSNMoL_bssn2adm: [local] Convert variables back to the ADM ones
        GROUP ADMBaseX_SetADMRHS: Set ADM RHS variables in this group
        GROUP ADMBaseX_SetADMVars: Set ADM variables in this group
        GROUP TmunuBaseX_SetTmunuVars: Schedule group for setting T_munu
          TmunuBaseX::TmunuBaseX_ZeroTmunu: Set T_munu to zero
          GROUP TmunuBaseX_AddToTmunu: Add to T_munu here
    [CCTK_POSTSTEP]
      GROUP ODESolvers_EstimateError: Estimate discretization error (for regridding)
    if (checkpoint)
      [CCTK_CHECKPOINT]
      CarpetX::CarpetX_Checkpoint: [meta] Checkpoint
    endif
    if (analysis)
      [CCTK_ANALYSIS]
      CanudaX_BSSNMoL::CanudaX_BSSNMoL_bssn_constraints: Compute constraints
      GROUP ODESolvers_Analysis: Calculate analysis quantities everywhere
    endif
    Output grid variables
    enddo

  Termination routines
    [CCTK_TERMINATE]
      CarpetX::CarpetX_CheckpointTerminate: [meta] Checkpoint before terminating

  Shutdown routines
    [CCTK_SHUTDOWN]
      CarpetX::Driver_Shutdown: [meta] Shut down the driver

  Routines run after changing the grid hierarchy:
    [CCTK_POSTREGRID]
      GROUP ODESolvers_PostStep: Apply boundary conditions to state vector, and project if necessary
        GROUP CanudaX_BSSNMoL_PostStepGroup: CanudaX_BSSNMoL: post-step operations
          CanudaX_BSSNMoL::CanudaX_BSSNMoL_impose_conf_fac_floor: Make sure conformal factor does not drop below specified value
          CanudaX_BSSNMoL::CanudaX_BSSNMoL_reset_detmetric: reset dethh = 1
          CanudaX_BSSNMoL::CanudaX_BSSNMoL_remove_trA: Remove trace of A
          CanudaX_BSSNMoL::CanudaX_BSSNMoL_sync: [global] Sync state vector
          CanudaX_BSSNMoL::CanudaX_BSSNMoL_bssn2adm: [local] Convert variables back to the ADM ones
        GROUP ADMBaseX_SetADMRHS: Set ADM RHS variables in this group
        GROUP ADMBaseX_SetADMVars: Set ADM variables in this group
        GROUP TmunuBaseX_SetTmunuVars: Schedule group for setting T_munu
          TmunuBaseX::TmunuBaseX_ZeroTmunu: Set T_munu to zero
          GROUP TmunuBaseX_AddToTmunu: Add to T_munu here
--------------------------------------------------------------------------------
INFO (hwloc): library version 2.10.0, API version 0x20800
--------------------------------------------------------------------------------

  [34m  ▕▏  [34m  ▕▏  [34m  ▕▏  [34m  ▕▏  [34m  ▕▏  [34m  ▕▏  [34m  ▕▏  [34m  ▕▏  [34m  ▕▏  [39m  
  [34m──██──[34m──██──[34m──██──[34m──██──[34m──██──[34m──██──[34m──██──[34m──██──[34m──██──[39m  
  [34m  ▕▏  [34m  ▕▏  [34m  ▕▏  [34m  ▕▏  [34m  ▕▏  [34m  ▕▏  [34m  ▕▏  [34m  ▕▏  [34m  ▕▏  [39m  
  [34m  ▕▏  [32m██████[34m  ▕▏  [34m  ▕▏  [32m██████[34m  ▕▏  [34m  ▕▏  [32m██████[34m  ▕▏  [39m  
  [34m──██──[32m██████[34m──██──[34m──██──[32m██████[34m──██──[34m──██──[32m██████[34m──██──[39m  
  [34m  ▕▏  [32m██████[34m  ▕▏  [34m  ▕▏  [32m██████[34m  ▕▏  [34m  ▕▏  [32m██████[34m  ▕▏  [39m  
  [34m  ▕▏  [34m  ▕▏  [34m  ▕▏  [34m  ▕▏  [34m  ▕▏  [34m  ▕▏  [34m  ▕▏  [34m  ▕▏  [34m  ▕▏  [39m  
  [34m──██──[34m──██──[34m──██──[34m──██──[34m──██──[34m──██──[34m──██──[34m──██──[34m──██──[39m  
  [34m  ▕▏  [34m  ▕▏  [34m  ▕▏  [34m  ▕▏  [34m  ▕▏  [34m  ▕▏  [34m  ▕▏  [34m  ▕▏  [34m  ▕▏  [39m  
  [34m  ▕▏  [34m  ▕▏  [34m  ▕▏  [31m██████[31m██████[31m██████[34m  ▕▏  [34m  ▕▏  [34m  ▕▏  [39m  
  [34m──██──[34m──██──[34m──██──[31m██████[31m██████[31m██████[34m──██──[34m──██──[34m──██──[39m  
  [34m  ▕▏  [34m  ▕▏  [34m  ▕▏  [31m██████[31m██████[31m██████[34m  ▕▏  [34m  ▕▏  [34m  ▕▏  [39m  
  [34m  ▕▏  [32m██████[34m  ▕▏  [31m██████[31m██████[31m██████[34m  ▕▏  [32m██████[34m  ▕▏  [39m  
  [34m──██──[32m██████[34m──██──[31m██████[31m██████[31m██████[34m──██──[32m██████[34m──██──[39m  
  [34m  ▕▏  [32m██████[34m  ▕▏  [31m██████[31m██████[31m██████[34m  ▕▏  [32m██████[34m  ▕▏  [39m  
  [34m  ▕▏  [34m  ▕▏  [34m  ▕▏  [31m██████[31m██████[31m██████[34m  ▕▏  [34m  ▕▏  [34m  ▕▏  [39m  
  [34m──██──[34m──██──[34m──██──[31m██████[31m██████[31m██████[34m──██──[34m──██──[34m──██──[39m  
  [34m  ▕▏  [34m  ▕▏  [34m  ▕▏  [31m██████[31m██████[31m██████[34m  ▕▏  [34m  ▕▏  [34m  ▕▏  [39m  
  [34m  ▕▏  [34m  ▕▏  [34m  ▕▏  [34m  ▕▏  [34m  ▕▏  [34m  ▕▏  [34m  ▕▏  [34m  ▕▏  [34m  ▕▏  [39m  
  [34m──██──[34m──██──[34m──██──[34m──██──[34m──██──[34m──██──[34m──██──[34m──██──[34m──██──[39m  
  [34m  ▕▏  [34m  ▕▏  [34m  ▕▏  [34m  ▕▏  [34m  ▕▏  [34m  ▕▏  [34m  ▕▏  [34m  ▕▏  [34m  ▕▏  [39m  
  [34m  ▕▏  [32m██████[34m  ▕▏  [34m  ▕▏  [32m██████[34m  ▕▏  [34m  ▕▏  [32m██████[34m  ▕▏  [39m  
  [34m──██──[32m██████[34m──██──[34m──██──[32m██████[34m──██──[34m──██──[32m██████[34m──██──[39m  
  [34m  ▕▏  [32m██████[34m  ▕▏  [34m  ▕▏  [32m██████[34m  ▕▏  [34m  ▕▏  [32m██████[34m  ▕▏  [39m  
  [34m  ▕▏  [34m  ▕▏  [34m  ▕▏  [34m  ▕▏  [34m  ▕▏  [34m  ▕▏  [34m  ▕▏  [34m  ▕▏  [34m  ▕▏  [39m  
  [34m──██──[34m──██──[34m──██──[34m──██──[34m──██──[34m──██──[34m──██──[34m──██──[34m──██──[39m  
  [34m  ▕▏  [34m  ▕▏  [34m  ▕▏  [34m  ▕▏  [34m  ▕▏  [34m  ▕▏  [34m  ▕▏  [34m  ▕▏  [34m  ▕▏  [39m  

AMR driver provided by CarpetX,
using AMReX 25.11 (MPI, OpenMP, no accelerators, debug)
--------------------------------------------------------------------------------

Initializing AMReX (25.11)...
MPI initialized with 2 MPI processes
MPI initialized with thread support level 2
OMP initialized with 1 OMP threads
AMReX (25.11) initialized
INFO (CarpetX): 
Symmetries:
  lower x: periodic
  lower y: periodic
  lower z: periodic
  upper x: periodic
  upper y: periodic
  upper z: periodic
Default boundaries:
  lower x: symmetry_boundary
  lower y: symmetry_boundary
  lower z: symmetry_boundary
  upper x: symmetry_boundary
  upper y: symmetry_boundary
  upper z: symmetry_boundary
INFO (Arith): Test_cplx
INFO (Arith): Test_smallvector
INFO (Arith): Test_spvect
INFO (CarpetX): Setting initial values for max_grid_size values for all levels
INFO (CarpetX): Setting up initial conditions...
INFO (CarpetX): Iteration: 0   time: 0   delta_time: 0.00390625
INFO (CarpetX): Patch 0:
INFO (CarpetX):   Grid extent:
INFO (CarpetX):     gsh=[71,15,15]
INFO (CarpetX):     blocking_factor=[8,8,8]
INFO (CarpetX):     max_grid_size=[10000000,10000000,10000000]
INFO (CarpetX):     max_tile_size=[1024000,16,32]
INFO (CarpetX):   Domain extent:
INFO (CarpetX):     xmin=[-0.5,-0.0625,-0.0625]
INFO (CarpetX):     xmax=[0.5,0.0625,0.0625]
INFO (CarpetX):     base dx=[0.015625,0.015625,0.015625]
INFO (CarpetX): Initializing level 0...
INFO (CanudaX_ExactID): Begin Gauge Wave initial data
INFO (CanudaX_ExactID): === End gauge wave initial data ===
INFO (CarpetX): Regridding...
INFO (CarpetX):   level 0: 2 boxes, 4096 cells (100%)
INFO (CarpetX): Initialized 1 levels
INFO (CarpetX): OutputGH: iteration 0, time 0.000000, run time 1 s
INFO (CarpetX): OutputGH done.
INFO (CarpetX): Starting evolution...
INFO (ODESolvers): ODE integrator is RK4
INFO (CarpetX): OutputGH: iteration 1, time 0.003906, run time 1 s
INFO (CarpetX): OutputGH done.
INFO (CarpetX): Simulation time: 0.00390625   Iterations per second: 47.7054   Simulation time per second: 0.186349
INFO (CarpetX): Grid cells: 4096   Grid cell updates per second: 195401
INFO (CarpetX): Performance:
INFO (CarpetX):   total evolution time:            0.020962 sec
INFO (CarpetX):   total evolution compute time:    0.0209451 sec
INFO (CarpetX):   total evolution output time:     1.69277e-05 sec
INFO (CarpetX):   total iterations:                1
INFO (CarpetX):   total cells updated:             4096
INFO (CarpetX):   average iterations per second: 47.7054
INFO (CarpetX):   average cell updates per second: 195401
INFO (CarpetX): OutputGH: iteration 2, time 0.007812, run time 1 s
INFO (CarpetX): OutputGH done.
INFO (CarpetX): Simulation time: 0.0078125   Iterations per second: 50.2225   Simulation time per second: 0.196182
INFO (CarpetX): Grid cells: 4096   Grid cell updates per second: 205711
INFO (CarpetX): Performance:
INFO (CarpetX):   total evolution time:            0.0398228 sec
INFO (CarpetX):   total evolution compute time:    0.0397909 sec
INFO (CarpetX):   total evolution output time:     3.19481e-05 sec
INFO (CarpetX):   total iterations:                2
INFO (CarpetX):   total cells updated:             8192
INFO (CarpetX):   average iterations per second: 50.2225
INFO (CarpetX):   average cell updates per second: 205711
INFO (CarpetX): OutputGH: iteration 3, time 0.011719, run time 1 s
INFO (CarpetX): OutputGH done.
INFO (CarpetX): Simulation time: 0.0117188   Iterations per second: 51.5343   Simulation time per second: 0.201306
INFO (CarpetX): Grid cells: 4096   Grid cell updates per second: 211084
INFO (CarpetX): Performance:
INFO (CarpetX):   total evolution time:            0.0582137 sec
INFO (CarpetX):   total evolution compute time:    0.0581636 sec
INFO (CarpetX):   total evolution output time:     5.00679e-05 sec
INFO (CarpetX):   total iterations:                3
INFO (CarpetX):   total cells updated:             12288
INFO (CarpetX):   average iterations per second: 51.5343
INFO (CarpetX):   average cell updates per second: 211084
INFO (CarpetX): OutputGH: iteration 4, time 0.015625, run time 1 s
INFO (CarpetX): OutputGH done.
INFO (CarpetX): Simulation time: 0.015625   Iterations per second: 52.1951   Simulation time per second: 0.203887
INFO (CarpetX): Grid cells: 4096   Grid cell updates per second: 213791
INFO (CarpetX): Performance:
INFO (CarpetX):   total evolution time:            0.0766356 sec
INFO (CarpetX):   total evolution compute time:    0.0765705 sec
INFO (CarpetX):   total evolution output time:     6.50883e-05 sec
INFO (CarpetX):   total iterations:                4
INFO (CarpetX):   total cells updated:             16384
INFO (CarpetX):   average iterations per second: 52.1951
INFO (CarpetX):   average cell updates per second: 213791
INFO (CarpetX): OutputGH: iteration 5, time 0.019531, run time 1 s
INFO (CarpetX): OutputGH done.
INFO (CarpetX): Simulation time: 0.0195312   Iterations per second: 52.6247   Simulation time per second: 0.205565
INFO (CarpetX): Grid cells: 4096   Grid cell updates per second: 215551
INFO (CarpetX): Performance:
INFO (CarpetX):   total evolution time:            0.0950124 sec
INFO (CarpetX):   total evolution compute time:    0.0949223 sec
INFO (CarpetX):   total evolution output time:     9.01222e-05 sec
INFO (CarpetX):   total iterations:                5
INFO (CarpetX):   total cells updated:             20480
INFO (CarpetX):   average iterations per second: 52.6247
INFO (CarpetX):   average cell updates per second: 215551
INFO (CarpetX): OutputGH: iteration 6, time 0.023438, run time 1 s
INFO (CarpetX): OutputGH done.
INFO (CarpetX): Simulation time: 0.0234375   Iterations per second: 52.9471   Simulation time per second: 0.206825
INFO (CarpetX): Grid cells: 4096   Grid cell updates per second: 216871
INFO (CarpetX): Performance:
INFO (CarpetX):   total evolution time:            0.113321 sec
INFO (CarpetX):   total evolution compute time:    0.113214 sec
INFO (CarpetX):   total evolution output time:     0.00010705 sec
INFO (CarpetX):   total iterations:                6
INFO (CarpetX):   total cells updated:             24576
INFO (CarpetX):   average iterations per second: 52.9471
INFO (CarpetX):   average cell updates per second: 216871
INFO (CarpetX): OutputGH: iteration 7, time 0.027344, run time 1 s
INFO (CarpetX): OutputGH done.
INFO (CarpetX): Simulation time: 0.0273438   Iterations per second: 53.1815   Simulation time per second: 0.20774
INFO (CarpetX): Grid cells: 4096   Grid cell updates per second: 217831
INFO (CarpetX): Performance:
INFO (CarpetX):   total evolution time:            0.131625 sec
INFO (CarpetX):   total evolution compute time:    0.131502 sec
INFO (CarpetX):   total evolution output time:     0.000123024 sec
INFO (CarpetX):   total iterations:                7
INFO (CarpetX):   total cells updated:             28672
INFO (CarpetX):   average iterations per second: 53.1815
INFO (CarpetX):   average cell updates per second: 217831
INFO (CarpetX): OutputGH: iteration 8, time 0.031250, run time 1 s
INFO (CarpetX): OutputGH done.
INFO (CarpetX): Simulation time: 0.03125   Iterations per second: 53.3495   Simulation time per second: 0.208396
INFO (CarpetX): Grid cells: 4096   Grid cell updates per second: 218520
INFO (CarpetX): Performance:
INFO (CarpetX):   total evolution time:            0.149955 sec
INFO (CarpetX):   total evolution compute time:    0.14982 sec
INFO (CarpetX):   total evolution output time:     0.00013423 sec
INFO (CarpetX):   total iterations:                8
INFO (CarpetX):   total cells updated:             32768
INFO (CarpetX):   average iterations per second: 53.3495
INFO (CarpetX):   average cell updates per second: 218520
INFO (CarpetX): OutputGH: iteration 9, time 0.035156, run time 1 s
INFO (CarpetX): OutputGH done.
INFO (CarpetX): Simulation time: 0.0351562   Iterations per second: 53.4979   Simulation time per second: 0.208976
INFO (CarpetX): Grid cells: 4096   Grid cell updates per second: 219128
INFO (CarpetX): Performance:
INFO (CarpetX):   total evolution time:            0.168231 sec
INFO (CarpetX):   total evolution compute time:    0.168083 sec
INFO (CarpetX):   total evolution output time:     0.000147343 sec
INFO (CarpetX):   total iterations:                9
INFO (CarpetX):   total cells updated:             36864
INFO (CarpetX):   average iterations per second: 53.4979
INFO (CarpetX):   average cell updates per second: 219128
INFO (CarpetX): OutputGH: iteration 10, time 0.039062, run time 1 s
INFO (CarpetX): OutputGH done.
INFO (CarpetX): Simulation time: 0.0390625   Iterations per second: 53.6013   Simulation time per second: 0.20938
INFO (CarpetX): Grid cells: 4096   Grid cell updates per second: 219551
INFO (CarpetX): Performance:
INFO (CarpetX):   total evolution time:            0.186563 sec
INFO (CarpetX):   total evolution compute time:    0.186399 sec
INFO (CarpetX):   total evolution output time:     0.000163317 sec
INFO (CarpetX):   total iterations:                10
INFO (CarpetX):   total cells updated:             40960
INFO (CarpetX):   average iterations per second: 53.6013
INFO (CarpetX):   average cell updates per second: 219551
INFO (CarpetX): OutputGH: iteration 11, time 0.042969, run time 1 s
INFO (CarpetX): OutputGH done.
INFO (CarpetX): Simulation time: 0.0429688   Iterations per second: 53.7015   Simulation time per second: 0.209771
INFO (CarpetX): Grid cells: 4096   Grid cell updates per second: 219961
INFO (CarpetX): Performance:
INFO (CarpetX):   total evolution time:            0.204871 sec
INFO (CarpetX):   total evolution compute time:    0.204694 sec
INFO (CarpetX):   total evolution output time:     0.000177383 sec
INFO (CarpetX):   total iterations:                11
INFO (CarpetX):   total cells updated:             45056
INFO (CarpetX):   average iterations per second: 53.6923
INFO (CarpetX):   average cell updates per second: 219924
INFO (CarpetX): OutputGH: iteration 12, time 0.046875, run time 1 s
INFO (CarpetX): OutputGH done.
INFO (CarpetX): Simulation time: 0.046875   Iterations per second: 53.814   Simulation time per second: 0.210211
INFO (CarpetX): Grid cells: 4096   Grid cell updates per second: 220422
INFO (CarpetX): Performance:
INFO (CarpetX):   total evolution time:            0.223103 sec
INFO (CarpetX):   total evolution compute time:    0.222914 sec
INFO (CarpetX):   total evolution output time:     0.000189304 sec
INFO (CarpetX):   total iterations:                12
INFO (CarpetX):   total cells updated:             49152
INFO (CarpetX):   average iterations per second: 53.7868
INFO (CarpetX):   average cell updates per second: 220311
INFO (CarpetX): OutputGH: iteration 13, time 0.050781, run time 1 s
INFO (CarpetX): OutputGH done.
INFO (CarpetX): Simulation time: 0.0507812   Iterations per second: 53.8846   Simulation time per second: 0.210487
INFO (CarpetX): Grid cells: 4096   Grid cell updates per second: 220711
INFO (CarpetX): Performance:
INFO (CarpetX):   total evolution time:            0.241442 sec
INFO (CarpetX):   total evolution compute time:    0.241239 sec
INFO (CarpetX):   total evolution output time:     0.000203371 sec
INFO (CarpetX):   total iterations:                13
INFO (CarpetX):   total cells updated:             53248
INFO (CarpetX):   average iterations per second: 53.8432
INFO (CarpetX):   average cell updates per second: 220542
INFO (CarpetX): OutputGH: iteration 14, time 0.054688, run time 1 s
INFO (CarpetX): OutputGH done.
INFO (CarpetX): Simulation time: 0.0546875   Iterations per second: 53.9568   Simulation time per second: 0.210769
INFO (CarpetX): Grid cells: 4096   Grid cell updates per second: 221007
INFO (CarpetX): Performance:
INFO (CarpetX):   total evolution time:            0.259752 sec
INFO (CarpetX):   total evolution compute time:    0.259536 sec
INFO (CarpetX):   total evolution output time:     0.000216484 sec
INFO (CarpetX):   total iterations:                14
INFO (CarpetX):   total cells updated:             57344
INFO (CarpetX):   average iterations per second: 53.8976
INFO (CarpetX):   average cell updates per second: 220764
INFO (CarpetX): OutputGH: iteration 15, time 0.058594, run time 1 s
INFO (CarpetX): OutputGH done.
INFO (CarpetX): Simulation time: 0.0585938   Iterations per second: 54.0321   Simulation time per second: 0.211063
INFO (CarpetX): Grid cells: 4096   Grid cell updates per second: 221315
INFO (CarpetX): Performance:
INFO (CarpetX):   total evolution time:            0.278027 sec
INFO (CarpetX):   total evolution compute time:    0.277798 sec
INFO (CarpetX):   total evolution output time:     0.000229359 sec
INFO (CarpetX):   total iterations:                15
INFO (CarpetX):   total cells updated:             61440
INFO (CarpetX):   average iterations per second: 53.9516
INFO (CarpetX):   average cell updates per second: 220986
INFO (CarpetX): OutputGH: iteration 16, time 0.062500, run time 1 s
INFO (CarpetX): OutputGH done.
INFO (CarpetX): Simulation time: 0.0625   Iterations per second: 54.088   Simulation time per second: 0.211281
INFO (CarpetX): Grid cells: 4096   Grid cell updates per second: 221545
INFO (CarpetX): Performance:
INFO (CarpetX):   total evolution time:            0.296343 sec
INFO (CarpetX):   total evolution compute time:    0.296099 sec
INFO (CarpetX):   total evolution output time:     0.000244379 sec
INFO (CarpetX):   total iterations:                16
INFO (CarpetX):   total cells updated:             65536
INFO (CarpetX):   average iterations per second: 53.9915
INFO (CarpetX):   average cell updates per second: 221149
INFO (CarpetX): OutputGH: iteration 17, time 0.066406, run time 1 s
INFO (CarpetX): OutputGH done.
INFO (CarpetX): Simulation time: 0.0664062   Iterations per second: 54.1617   Simulation time per second: 0.211569
INFO (CarpetX): Grid cells: 4096   Grid cell updates per second: 221846
INFO (CarpetX): Performance:
INFO (CarpetX):   total evolution time:            0.31458 sec
INFO (CarpetX):   total evolution compute time:    0.314318 sec
INFO (CarpetX):   total evolution output time:     0.00026226 sec
INFO (CarpetX):   total iterations:                17
INFO (CarpetX):   total cells updated:             69632
INFO (CarpetX):   average iterations per second: 54.0403
INFO (CarpetX):   average cell updates per second: 221349
INFO (CarpetX): OutputGH: iteration 18, time 0.070312, run time 2 s
INFO (CarpetX): OutputGH done.
INFO (CarpetX): Simulation time: 0.0703125   Iterations per second: 54.1756   Simulation time per second: 0.211623
INFO (CarpetX): Grid cells: 4096   Grid cell updates per second: 221903
INFO (CarpetX): Performance:
INFO (CarpetX):   total evolution time:            0.332996 sec
INFO (CarpetX):   total evolution compute time:    0.332718 sec
INFO (CarpetX):   total evolution output time:     0.000278234 sec
INFO (CarpetX):   total iterations:                18
INFO (CarpetX):   total cells updated:             73728
INFO (CarpetX):   average iterations per second: 54.0547
INFO (CarpetX):   average cell updates per second: 221408
INFO (CarpetX): OutputGH: iteration 19, time 0.074219, run time 2 s
INFO (CarpetX): OutputGH done.
INFO (CarpetX): Simulation time: 0.0742188   Iterations per second: 54.2175   Simulation time per second: 0.211787
INFO (CarpetX): Grid cells: 4096   Grid cell updates per second: 222075
INFO (CarpetX): Performance:
INFO (CarpetX):   total evolution time:            0.351312 sec
INFO (CarpetX):   total evolution compute time:    0.351018 sec
INFO (CarpetX):   total evolution output time:     0.000293255 sec
INFO (CarpetX):   total iterations:                19
INFO (CarpetX):   total cells updated:             77824
INFO (CarpetX):   average iterations per second: 54.083
INFO (CarpetX):   average cell updates per second: 221524
INFO (CarpetX): OutputGH: iteration 20, time 0.078125, run time 2 s
INFO (CarpetX): OutputGH done.
INFO (CarpetX): Simulation time: 0.078125   Iterations per second: 54.2614   Simulation time per second: 0.211959
INFO (CarpetX): Grid cells: 4096   Grid cell updates per second: 222255
INFO (CarpetX): Performance:
INFO (CarpetX):   total evolution time:            0.369607 sec
INFO (CarpetX):   total evolution compute time:    0.369297 sec
INFO (CarpetX):   total evolution output time:     0.000310183 sec
INFO (CarpetX):   total iterations:                20
INFO (CarpetX):   total cells updated:             81920
INFO (CarpetX):   average iterations per second: 54.1116
INFO (CarpetX):   average cell updates per second: 221641
INFO (CarpetX): OutputGH: iteration 21, time 0.082031, run time 2 s
INFO (CarpetX): OutputGH done.
INFO (CarpetX): Simulation time: 0.0820312   Iterations per second: 54.3033   Simulation time per second: 0.212122
INFO (CarpetX): Grid cells: 4096   Grid cell updates per second: 222427
INFO (CarpetX): Performance:
INFO (CarpetX):   total evolution time:            0.387894 sec
INFO (CarpetX):   total evolution compute time:    0.387571 sec
INFO (CarpetX):   total evolution output time:     0.000323057 sec
INFO (CarpetX):   total iterations:                21
INFO (CarpetX):   total cells updated:             86016
INFO (CarpetX):   average iterations per second: 54.1385
INFO (CarpetX):   average cell updates per second: 221751
INFO (CarpetX): OutputGH: iteration 22, time 0.085938, run time 2 s
INFO (CarpetX): OutputGH done.
INFO (CarpetX): Simulation time: 0.0859375   Iterations per second: 54.2978   Simulation time per second: 0.212101
INFO (CarpetX): Grid cells: 4096   Grid cell updates per second: 222404
INFO (CarpetX): Performance:
INFO (CarpetX):   total evolution time:            0.406327 sec
INFO (CarpetX):   total evolution compute time:    0.405988 sec
INFO (CarpetX):   total evolution output time:     0.000339985 sec
INFO (CarpetX):   total iterations:                22
INFO (CarpetX):   total cells updated:             90112
INFO (CarpetX):   average iterations per second: 54.1435
INFO (CarpetX):   average cell updates per second: 221772
INFO (CarpetX): OutputGH: iteration 23, time 0.089844, run time 2 s
INFO (CarpetX): OutputGH done.
INFO (CarpetX): Simulation time: 0.0898438   Iterations per second: 54.3412   Simulation time per second: 0.21227
INFO (CarpetX): Grid cells: 4096   Grid cell updates per second: 222581
INFO (CarpetX): Performance:
INFO (CarpetX):   total evolution time:            0.424598 sec
INFO (CarpetX):   total evolution compute time:    0.424244 sec
INFO (CarpetX):   total evolution output time:     0.000353813 sec
INFO (CarpetX):   total iterations:                23
INFO (CarpetX):   total cells updated:             94208
INFO (CarpetX):   average iterations per second: 54.1689
INFO (CarpetX):   average cell updates per second: 221876
INFO (CarpetX): OutputGH: iteration 24, time 0.093750, run time 2 s
INFO (CarpetX): OutputGH done.
INFO (CarpetX): Simulation time: 0.09375   Iterations per second: 54.3478   Simulation time per second: 0.212296
INFO (CarpetX): Grid cells: 4096   Grid cell updates per second: 222608
INFO (CarpetX): Performance:
INFO (CarpetX):   total evolution time:            0.442977 sec
INFO (CarpetX):   total evolution compute time:    0.44261 sec
INFO (CarpetX):   total evolution output time:     0.000367641 sec
INFO (CarpetX):   total iterations:                24
INFO (CarpetX):   total cells updated:             98304
INFO (CarpetX):   average iterations per second: 54.1788
INFO (CarpetX):   average cell updates per second: 221916
INFO (CarpetX): OutputGH: iteration 25, time 0.097656, run time 2 s
INFO (CarpetX): OutputGH done.
INFO (CarpetX): Simulation time: 0.0976562   Iterations per second: 54.3853   Simulation time per second: 0.212443
INFO (CarpetX): Grid cells: 4096   Grid cell updates per second: 222762
INFO (CarpetX): Performance:
INFO (CarpetX):   total evolution time:            0.46125 sec
INFO (CarpetX):   total evolution compute time:    0.460869 sec
INFO (CarpetX):   total evolution output time:     0.000381708 sec
INFO (CarpetX):   total iterations:                25
INFO (CarpetX):   total cells updated:             102400
INFO (CarpetX):   average iterations per second: 54.2005
INFO (CarpetX):   average cell updates per second: 222005
INFO (CarpetX): OutputGH: iteration 26, time 0.101562, run time 2 s
INFO (CarpetX): OutputGH done.
INFO (CarpetX): Simulation time: 0.101562   Iterations per second: 54.4337   Simulation time per second: 0.212632
INFO (CarpetX): Grid cells: 4096   Grid cell updates per second: 222960
INFO (CarpetX): Performance:
INFO (CarpetX):   total evolution time:            0.479474 sec
INFO (CarpetX):   total evolution compute time:    0.47908 sec
INFO (CarpetX):   total evolution output time:     0.000394583 sec
INFO (CarpetX):   total iterations:                26
INFO (CarpetX):   total cells updated:             106496
INFO (CarpetX):   average iterations per second: 54.2261
INFO (CarpetX):   average cell updates per second: 222110
INFO (CarpetX): OutputGH: iteration 27, time 0.105469, run time 2 s
INFO (CarpetX): OutputGH done.
INFO (CarpetX): Simulation time: 0.105469   Iterations per second: 54.4657   Simulation time per second: 0.212757
INFO (CarpetX): Grid cells: 4096   Grid cell updates per second: 223091
INFO (CarpetX): Performance:
INFO (CarpetX):   total evolution time:            0.497737 sec
INFO (CarpetX):   total evolution compute time:    0.49733 sec
INFO (CarpetX):   total evolution output time:     0.000407457 sec
INFO (CarpetX):   total iterations:                27
INFO (CarpetX):   total cells updated:             110592
INFO (CarpetX):   average iterations per second: 54.2455
INFO (CarpetX):   average cell updates per second: 222189
INFO (CarpetX): OutputGH: iteration 28, time 0.109375, run time 2 s
INFO (CarpetX): OutputGH done.
INFO (CarpetX): Simulation time: 0.109375   Iterations per second: 54.488   Simulation time per second: 0.212844
INFO (CarpetX): Grid cells: 4096   Grid cell updates per second: 223183
INFO (CarpetX): Performance:
INFO (CarpetX):   total evolution time:            0.516022 sec
INFO (CarpetX):   total evolution compute time:    0.515601 sec
INFO (CarpetX):   total evolution output time:     0.000421524 sec
INFO (CarpetX):   total iterations:                28
INFO (CarpetX):   total cells updated:             114688
INFO (CarpetX):   average iterations per second: 54.2612
INFO (CarpetX):   average cell updates per second: 222254
INFO (CarpetX): OutputGH: iteration 29, time 0.113281, run time 2 s
INFO (CarpetX): OutputGH done.
INFO (CarpetX): Simulation time: 0.113281   Iterations per second: 54.5075   Simulation time per second: 0.21292
INFO (CarpetX): Grid cells: 4096   Grid cell updates per second: 223263
INFO (CarpetX): Performance:
INFO (CarpetX):   total evolution time:            0.534309 sec
INFO (CarpetX):   total evolution compute time:    0.533874 sec
INFO (CarpetX):   total evolution output time:     0.000435591 sec
INFO (CarpetX):   total iterations:                29
INFO (CarpetX):   total cells updated:             118784
INFO (CarpetX):   average iterations per second: 54.2757
INFO (CarpetX):   average cell updates per second: 222313
INFO (CarpetX): OutputGH: iteration 30, time 0.117188, run time 2 s
INFO (CarpetX): OutputGH done.
INFO (CarpetX): Simulation time: 0.117188   Iterations per second: 54.4844   Simulation time per second: 0.21283
INFO (CarpetX): Grid cells: 4096   Grid cell updates per second: 223168
INFO (CarpetX): Performance:
INFO (CarpetX):   total evolution time:            0.552733 sec
INFO (CarpetX):   total evolution compute time:    0.552286 sec
INFO (CarpetX):   total evolution output time:     0.00044775 sec
INFO (CarpetX):   total iterations:                30
INFO (CarpetX):   total cells updated:             122880
INFO (CarpetX):   average iterations per second: 54.2757
INFO (CarpetX):   average cell updates per second: 222313
INFO (CarpetX): OutputGH: iteration 31, time 0.121094, run time 2 s
INFO (CarpetX): OutputGH done.
INFO (CarpetX): Simulation time: 0.121094   Iterations per second: 54.4751   Simulation time per second: 0.212794
INFO (CarpetX): Grid cells: 4096   Grid cell updates per second: 223130
INFO (CarpetX): Performance:
INFO (CarpetX):   total evolution time:            0.571118 sec
INFO (CarpetX):   total evolution compute time:    0.570657 sec
INFO (CarpetX):   total evolution output time:     0.000460863 sec
INFO (CarpetX):   total iterations:                31
INFO (CarpetX):   total cells updated:             126976
INFO (CarpetX):   average iterations per second: 54.2795
INFO (CarpetX):   average cell updates per second: 222329
INFO (CarpetX): OutputGH: iteration 32, time 0.125000, run time 2 s
INFO (CarpetX): OutputGH done.
INFO (CarpetX): Simulation time: 0.125   Iterations per second: 54.4877   Simulation time per second: 0.212842
INFO (CarpetX): Grid cells: 4096   Grid cell updates per second: 223181
INFO (CarpetX): Performance:
INFO (CarpetX):   total evolution time:            0.589433 sec
INFO (CarpetX):   total evolution compute time:    0.588961 sec
INFO (CarpetX):   total evolution output time:     0.00047183 sec
INFO (CarpetX):   total iterations:                32
INFO (CarpetX):   total cells updated:             131072
INFO (CarpetX):   average iterations per second: 54.2894
INFO (CarpetX):   average cell updates per second: 222370
INFO (CarpetX): OutputGH: iteration 33, time 0.128906, run time 2 s
INFO (CarpetX): OutputGH done.
INFO (CarpetX): Simulation time: 0.128906   Iterations per second: 54.4867   Simulation time per second: 0.212839
INFO (CarpetX): Grid cells: 4096   Grid cell updates per second: 223177
INFO (CarpetX): Performance:
INFO (CarpetX):   total evolution time:            0.607789 sec
INFO (CarpetX):   total evolution compute time:    0.607303 sec
INFO (CarpetX):   total evolution output time:     0.000485897 sec
INFO (CarpetX):   total iterations:                33
INFO (CarpetX):   total cells updated:             135168
INFO (CarpetX):   average iterations per second: 54.2951
INFO (CarpetX):   average cell updates per second: 222393
INFO (CarpetX): OutputGH: iteration 34, time 0.132812, run time 2 s
INFO (CarpetX): OutputGH done.
INFO (CarpetX): Simulation time: 0.132812   Iterations per second: 54.482   Simulation time per second: 0.21282
INFO (CarpetX): Grid cells: 4096   Grid cell updates per second: 223158
INFO (CarpetX): Performance:
INFO (CarpetX):   total evolution time:            0.626158 sec
INFO (CarpetX):   total evolution compute time:    0.625659 sec
INFO (CarpetX):   total evolution output time:     0.00049901 sec
INFO (CarpetX):   total iterations:                34
INFO (CarpetX):   total cells updated:             139264
INFO (CarpetX):   average iterations per second: 54.2994
INFO (CarpetX):   average cell updates per second: 222410
INFO (CarpetX): OutputGH: iteration 35, time 0.136719, run time 2 s
INFO (CarpetX): OutputGH done.
INFO (CarpetX): Simulation time: 0.136719   Iterations per second: 54.4703   Simulation time per second: 0.212775
INFO (CarpetX): Grid cells: 4096   Grid cell updates per second: 223110
INFO (CarpetX): Performance:
INFO (CarpetX):   total evolution time:            0.644552 sec
INFO (CarpetX):   total evolution compute time:    0.644041 sec
INFO (CarpetX):   total evolution output time:     0.000510931 sec
INFO (CarpetX):   total iterations:                35
INFO (CarpetX):   total cells updated:             143360
INFO (CarpetX):   average iterations per second: 54.3013
INFO (CarpetX):   average cell updates per second: 222418
INFO (CarpetX): OutputGH: iteration 36, time 0.140625, run time 2 s
INFO (CarpetX): OutputGH done.
INFO (CarpetX): Simulation time: 0.140625   Iterations per second: 54.4774   Simulation time per second: 0.212802
INFO (CarpetX): Grid cells: 4096   Grid cell updates per second: 223139
INFO (CarpetX): Performance:
INFO (CarpetX):   total evolution time:            0.662887 sec
INFO (CarpetX):   total evolution compute time:    0.662363 sec
INFO (CarpetX):   total evolution output time:     0.000524044 sec
INFO (CarpetX):   total iterations:                36
INFO (CarpetX):   total cells updated:             147456
INFO (CarpetX):   average iterations per second: 54.3079
INFO (CarpetX):   average cell updates per second: 222445
INFO (CarpetX): OutputGH: iteration 37, time 0.144531, run time 2 s
INFO (CarpetX): OutputGH done.
INFO (CarpetX): Simulation time: 0.144531   Iterations per second: 54.5059   Simulation time per second: 0.212914
INFO (CarpetX): Grid cells: 4096   Grid cell updates per second: 223256
INFO (CarpetX): Performance:
INFO (CarpetX):   total evolution time:            0.681147 sec
INFO (CarpetX):   total evolution compute time:    0.68061 sec
INFO (CarpetX):   total evolution output time:     0.000537157 sec
INFO (CarpetX):   total iterations:                37
INFO (CarpetX):   total cells updated:             151552
INFO (CarpetX):   average iterations per second: 54.3201
INFO (CarpetX):   average cell updates per second: 222495
INFO (CarpetX): OutputGH: iteration 38, time 0.148438, run time 2 s
INFO (CarpetX): OutputGH done.
INFO (CarpetX): Simulation time: 0.148438   Iterations per second: 54.5329   Simulation time per second: 0.213019
INFO (CarpetX): Grid cells: 4096   Grid cell updates per second: 223367
INFO (CarpetX): Performance:
INFO (CarpetX):   total evolution time:            0.699403 sec
INFO (CarpetX):   total evolution compute time:    0.698851 sec
INFO (CarpetX):   total evolution output time:     0.000552177 sec
INFO (CarpetX):   total iterations:                38
INFO (CarpetX):   total cells updated:             155648
INFO (CarpetX):   average iterations per second: 54.332
INFO (CarpetX):   average cell updates per second: 222544
INFO (CarpetX): OutputGH: iteration 39, time 0.152344, run time 2 s
INFO (CarpetX): OutputGH done.
INFO (CarpetX): Simulation time: 0.152344   Iterations per second: 54.5625   Simulation time per second: 0.213135
INFO (CarpetX): Grid cells: 4096   Grid cell updates per second: 223488
INFO (CarpetX): Performance:
INFO (CarpetX):   total evolution time:            0.717641 sec
INFO (CarpetX):   total evolution compute time:    0.717071 sec
INFO (CarpetX):   total evolution output time:     0.000570297 sec
INFO (CarpetX):   total iterations:                39
INFO (CarpetX):   total cells updated:             159744
INFO (CarpetX):   average iterations per second: 54.3447
INFO (CarpetX):   average cell updates per second: 222596
INFO (CarpetX): OutputGH: iteration 40, time 0.156250, run time 2 s
INFO (CarpetX): OutputGH done.
INFO (CarpetX): Simulation time: 0.15625   Iterations per second: 54.5698   Simulation time per second: 0.213163
INFO (CarpetX): Grid cells: 4096   Grid cell updates per second: 223518
INFO (CarpetX): Performance:
INFO (CarpetX):   total evolution time:            0.735944 sec
INFO (CarpetX):   total evolution compute time:    0.73536 sec
INFO (CarpetX):   total evolution output time:     0.000584126 sec
INFO (CarpetX):   total iterations:                40
INFO (CarpetX):   total cells updated:             163840
INFO (CarpetX):   average iterations per second: 54.352
INFO (CarpetX):   average cell updates per second: 222626
INFO (CarpetX): OutputGH: iteration 41, time 0.160156, run time 2 s
INFO (CarpetX): OutputGH done.
INFO (CarpetX): Simulation time: 0.160156   Iterations per second: 54.5286   Simulation time per second: 0.213002
INFO (CarpetX): Grid cells: 4096   Grid cell updates per second: 223349
INFO (CarpetX): Performance:
INFO (CarpetX):   total evolution time:            0.754408 sec
INFO (CarpetX):   total evolution compute time:    0.753811 sec
INFO (CarpetX):   total evolution output time:     0.000597 sec
INFO (CarpetX):   total iterations:                41
INFO (CarpetX):   total cells updated:             167936
INFO (CarpetX):   average iterations per second: 54.3473
INFO (CarpetX):   average cell updates per second: 222606
INFO (CarpetX): OutputGH: iteration 42, time 0.164062, run time 2 s
INFO (CarpetX): OutputGH done.
INFO (CarpetX): Simulation time: 0.164062   Iterations per second: 54.5229   Simulation time per second: 0.21298
INFO (CarpetX): Grid cells: 4096   Grid cell updates per second: 223326
INFO (CarpetX): Performance:
INFO (CarpetX):   total evolution time:            0.772766 sec
INFO (CarpetX):   total evolution compute time:    0.772155 sec
INFO (CarpetX):   total evolution output time:     0.000611067 sec
INFO (CarpetX):   total iterations:                42
INFO (CarpetX):   total cells updated:             172032
INFO (CarpetX):   average iterations per second: 54.3502
INFO (CarpetX):   average cell updates per second: 222619
INFO (CarpetX): OutputGH: iteration 43, time 0.167969, run time 2 s
INFO (CarpetX): OutputGH done.
INFO (CarpetX): Simulation time: 0.167969   Iterations per second: 54.4846   Simulation time per second: 0.21283
INFO (CarpetX): Grid cells: 4096   Grid cell updates per second: 223169
INFO (CarpetX): Performance:
INFO (CarpetX):   total evolution time:            0.791236 sec
INFO (CarpetX):   total evolution compute time:    0.790617 sec
INFO (CarpetX):   total evolution output time:     0.000618935 sec
INFO (CarpetX):   total iterations:                43
INFO (CarpetX):   total cells updated:             176128
INFO (CarpetX):   average iterations per second: 54.3454
INFO (CarpetX):   average cell updates per second: 222599
INFO (CarpetX): OutputGH: iteration 44, time 0.171875, run time 2 s
INFO (CarpetX): OutputGH done.
INFO (CarpetX): Simulation time: 0.171875   Iterations per second: 54.4839   Simulation time per second: 0.212828
INFO (CarpetX): Grid cells: 4096   Grid cell updates per second: 223166
INFO (CarpetX): Performance:
INFO (CarpetX):   total evolution time:            0.809592 sec
INFO (CarpetX):   total evolution compute time:    0.808958 sec
INFO (CarpetX):   total evolution output time:     0.000633955 sec
INFO (CarpetX):   total iterations:                44
INFO (CarpetX):   total cells updated:             180224
INFO (CarpetX):   average iterations per second: 54.3484
INFO (CarpetX):   average cell updates per second: 222611
INFO (CarpetX): OutputGH: iteration 45, time 0.175781, run time 2 s
INFO (CarpetX): OutputGH done.
INFO (CarpetX): Simulation time: 0.175781   Iterations per second: 54.4904   Simulation time per second: 0.212853
INFO (CarpetX): Grid cells: 4096   Grid cell updates per second: 223193
INFO (CarpetX): Performance:
INFO (CarpetX):   total evolution time:            0.827924 sec
INFO (CarpetX):   total evolution compute time:    0.827277 sec
INFO (CarpetX):   total evolution output time:     0.000647068 sec
INFO (CarpetX):   total iterations:                45
INFO (CarpetX):   total cells updated:             184320
INFO (CarpetX):   average iterations per second: 54.3528
INFO (CarpetX):   average cell updates per second: 222629
INFO (CarpetX): OutputGH: iteration 46, time 0.179688, run time 2 s
INFO (CarpetX): OutputGH done.
INFO (CarpetX): Simulation time: 0.179688   Iterations per second: 54.4732   Simulation time per second: 0.212786
INFO (CarpetX): Grid cells: 4096   Grid cell updates per second: 223122
INFO (CarpetX): Performance:
INFO (CarpetX):   total evolution time:            0.846334 sec
INFO (CarpetX):   total evolution compute time:    0.845673 sec
INFO (CarpetX):   total evolution output time:     0.000661135 sec
INFO (CarpetX):   total iterations:                46
INFO (CarpetX):   total cells updated:             188416
INFO (CarpetX):   average iterations per second: 54.3521
INFO (CarpetX):   average cell updates per second: 222626
INFO (CarpetX): OutputGH: iteration 47, time 0.183594, run time 2 s
INFO (CarpetX): OutputGH done.
INFO (CarpetX): Simulation time: 0.183594   Iterations per second: 54.4716   Simulation time per second: 0.21278
INFO (CarpetX): Grid cells: 4096   Grid cell updates per second: 223116
INFO (CarpetX): Performance:
INFO (CarpetX):   total evolution time:            0.864697 sec
INFO (CarpetX):   total evolution compute time:    0.864022 sec
INFO (CarpetX):   total evolution output time:     0.000674963 sec
INFO (CarpetX):   total iterations:                47
INFO (CarpetX):   total cells updated:             192512
INFO (CarpetX):   average iterations per second: 54.3543
INFO (CarpetX):   average cell updates per second: 222635
INFO (CarpetX): OutputGH: iteration 48, time 0.187500, run time 2 s
INFO (CarpetX): OutputGH done.
INFO (CarpetX): Simulation time: 0.1875   Iterations per second: 54.4423   Simulation time per second: 0.212665
INFO (CarpetX): Grid cells: 4096   Grid cell updates per second: 222996
INFO (CarpetX): Performance:
INFO (CarpetX):   total evolution time:            0.883154 sec
INFO (CarpetX):   total evolution compute time:    0.882467 sec
INFO (CarpetX):   total evolution output time:     0.000687122 sec
INFO (CarpetX):   total iterations:                48
INFO (CarpetX):   total cells updated:             196608
INFO (CarpetX):   average iterations per second: 54.3507
INFO (CarpetX):   average cell updates per second: 222620
INFO (CarpetX): OutputGH: iteration 49, time 0.191406, run time 2 s
INFO (CarpetX): OutputGH done.
INFO (CarpetX): Simulation time: 0.191406   Iterations per second: 54.4539   Simulation time per second: 0.212711
INFO (CarpetX): Grid cells: 4096   Grid cell updates per second: 223043
INFO (CarpetX): Performance:
INFO (CarpetX):   total evolution time:            0.901483 sec
INFO (CarpetX):   total evolution compute time:    0.90078 sec
INFO (CarpetX):   total evolution output time:     0.000703096 sec
INFO (CarpetX):   total iterations:                49
INFO (CarpetX):   total cells updated:             200704
INFO (CarpetX):   average iterations per second: 54.3549
INFO (CarpetX):   average cell updates per second: 222638
INFO (CarpetX): OutputGH: iteration 50, time 0.195312, run time 2 s
INFO (CarpetX): OutputGH done.
INFO (CarpetX): Simulation time: 0.195312   Iterations per second: 54.4425   Simulation time per second: 0.212666
INFO (CarpetX): Grid cells: 4096   Grid cell updates per second: 222996
INFO (CarpetX): Performance:
INFO (CarpetX):   total evolution time:            0.919886 sec
INFO (CarpetX):   total evolution compute time:    0.919168 sec
INFO (CarpetX):   total evolution output time:     0.000718117 sec
INFO (CarpetX):   total iterations:                50
INFO (CarpetX):   total cells updated:             204800
INFO (CarpetX):   average iterations per second: 54.3546
INFO (CarpetX):   average cell updates per second: 222636
INFO (CarpetX): OutputGH: iteration 51, time 0.199219, run time 2 s
INFO (CarpetX): OutputGH done.
INFO (CarpetX): Simulation time: 0.199219   Iterations per second: 54.4466   Simulation time per second: 0.212682
INFO (CarpetX): Grid cells: 4096   Grid cell updates per second: 223013
INFO (CarpetX): Performance:
INFO (CarpetX):   total evolution time:            0.93824 sec
INFO (CarpetX):   total evolution compute time:    0.937507 sec
INFO (CarpetX):   total evolution output time:     0.000732183 sec
INFO (CarpetX):   total iterations:                51
INFO (CarpetX):   total cells updated:             208896
INFO (CarpetX):   average iterations per second: 54.3571
INFO (CarpetX):   average cell updates per second: 222647
INFO (CarpetX): OutputGH: iteration 52, time 0.203125, run time 2 s
INFO (CarpetX): OutputGH done.
INFO (CarpetX): Simulation time: 0.203125   Iterations per second: 54.4513   Simulation time per second: 0.2127
INFO (CarpetX): Grid cells: 4096   Grid cell updates per second: 223033
INFO (CarpetX): Performance:
INFO (CarpetX):   total evolution time:            0.95659 sec
INFO (CarpetX):   total evolution compute time:    0.955845 sec
INFO (CarpetX):   total evolution output time:     0.000745058 sec
INFO (CarpetX):   total iterations:                52
INFO (CarpetX):   total cells updated:             212992
INFO (CarpetX):   average iterations per second: 54.3597
INFO (CarpetX):   average cell updates per second: 222657
INFO (CarpetX): OutputGH: iteration 53, time 0.207031, run time 2 s
INFO (CarpetX): OutputGH done.
INFO (CarpetX): Simulation time: 0.207031   Iterations per second: 54.465   Simulation time per second: 0.212754
INFO (CarpetX): Grid cells: 4096   Grid cell updates per second: 223089
INFO (CarpetX): Performance:
INFO (CarpetX):   total evolution time:            0.974909 sec
INFO (CarpetX):   total evolution compute time:    0.974149 sec
INFO (CarpetX):   total evolution output time:     0.00075984 sec
INFO (CarpetX):   total iterations:                53
INFO (CarpetX):   total cells updated:             217088
INFO (CarpetX):   average iterations per second: 54.364
INFO (CarpetX):   average cell updates per second: 222675
INFO (CarpetX): OutputGH: iteration 54, time 0.210938, run time 2 s
INFO (CarpetX): OutputGH done.
INFO (CarpetX): Simulation time: 0.210938   Iterations per second: 54.4387   Simulation time per second: 0.212651
INFO (CarpetX): Grid cells: 4096   Grid cell updates per second: 222981
INFO (CarpetX): Performance:
INFO (CarpetX):   total evolution time:            0.993358 sec
INFO (CarpetX):   total evolution compute time:    0.992583 sec
INFO (CarpetX):   total evolution output time:     0.000775814 sec
INFO (CarpetX):   total iterations:                54
INFO (CarpetX):   total cells updated:             221184
INFO (CarpetX):   average iterations per second: 54.361
INFO (CarpetX):   average cell updates per second: 222663
INFO (CarpetX): OutputGH: iteration 55, time 0.214844, run time 2 s
INFO (CarpetX): OutputGH done.
INFO (CarpetX): Simulation time: 0.214844   Iterations per second: 54.4279   Simulation time per second: 0.212609
INFO (CarpetX): Grid cells: 4096   Grid cell updates per second: 222936
INFO (CarpetX): Performance:
INFO (CarpetX):   total evolution time:            1.01176 sec
INFO (CarpetX):   total evolution compute time:    1.01097 sec
INFO (CarpetX):   total evolution output time:     0.000789881 sec
INFO (CarpetX):   total iterations:                55
INFO (CarpetX):   total cells updated:             225280
INFO (CarpetX):   average iterations per second: 54.3605
INFO (CarpetX):   average cell updates per second: 222661
INFO (CarpetX): OutputGH: iteration 56, time 0.218750, run time 2 s
INFO (CarpetX): OutputGH done.
INFO (CarpetX): Simulation time: 0.21875   Iterations per second: 54.3592   Simulation time per second: 0.212341
INFO (CarpetX): Grid cells: 4096   Grid cell updates per second: 222655
INFO (CarpetX): Performance:
INFO (CarpetX):   total evolution time:            1.03037 sec
INFO (CarpetX):   total evolution compute time:    1.02957 sec
INFO (CarpetX):   total evolution output time:     0.000803947 sec
INFO (CarpetX):   total iterations:                56
INFO (CarpetX):   total cells updated:             229376
INFO (CarpetX):   average iterations per second: 54.3494
INFO (CarpetX):   average cell updates per second: 222615
INFO (CarpetX): OutputGH: iteration 57, time 0.222656, run time 2 s
INFO (CarpetX): OutputGH done.
INFO (CarpetX): Simulation time: 0.222656   Iterations per second: 54.3574   Simulation time per second: 0.212334
INFO (CarpetX): Grid cells: 4096   Grid cell updates per second: 222648
INFO (CarpetX): Performance:
INFO (CarpetX):   total evolution time:            1.04877 sec
INFO (CarpetX):   total evolution compute time:    1.04795 sec
INFO (CarpetX):   total evolution output time:     0.00081706 sec
INFO (CarpetX):   total iterations:                57
INFO (CarpetX):   total cells updated:             233472
INFO (CarpetX):   average iterations per second: 54.3493
INFO (CarpetX):   average cell updates per second: 222615
INFO (CarpetX): OutputGH: iteration 58, time 0.226562, run time 2 s
INFO (CarpetX): OutputGH done.
INFO (CarpetX): Simulation time: 0.226562   Iterations per second: 54.347   Simulation time per second: 0.212293
INFO (CarpetX): Grid cells: 4096   Grid cell updates per second: 222605
INFO (CarpetX): Performance:
INFO (CarpetX):   total evolution time:            1.0672 sec
INFO (CarpetX):   total evolution compute time:    1.06637 sec
INFO (CarpetX):   total evolution output time:     0.000830173 sec
INFO (CarpetX):   total iterations:                58
INFO (CarpetX):   total cells updated:             237568
INFO (CarpetX):   average iterations per second: 54.3476
INFO (CarpetX):   average cell updates per second: 222608
INFO (CarpetX): OutputGH: iteration 59, time 0.230469, run time 2 s
INFO (CarpetX): OutputGH done.
INFO (CarpetX): Simulation time: 0.230469   Iterations per second: 54.3287   Simulation time per second: 0.212222
INFO (CarpetX): Grid cells: 4096   Grid cell updates per second: 222530
INFO (CarpetX): Performance:
INFO (CarpetX):   total evolution time:            1.08567 sec
INFO (CarpetX):   total evolution compute time:    1.08482 sec
INFO (CarpetX):   total evolution output time:     0.000848055 sec
INFO (CarpetX):   total iterations:                59
INFO (CarpetX):   total cells updated:             241664
INFO (CarpetX):   average iterations per second: 54.3445
INFO (CarpetX):   average cell updates per second: 222595
INFO (CarpetX): OutputGH: iteration 60, time 0.234375, run time 2 s
INFO (CarpetX): OutputGH done.
INFO (CarpetX): Simulation time: 0.234375   Iterations per second: 54.3064   Simulation time per second: 0.212135
INFO (CarpetX): Grid cells: 4096   Grid cell updates per second: 222439
INFO (CarpetX): Performance:
INFO (CarpetX):   total evolution time:            1.10415 sec
INFO (CarpetX):   total evolution compute time:    1.10329 sec
INFO (CarpetX):   total evolution output time:     0.000862122 sec
INFO (CarpetX):   total iterations:                60
INFO (CarpetX):   total cells updated:             245760
INFO (CarpetX):   average iterations per second: 54.3406
INFO (CarpetX):   average cell updates per second: 222579
INFO (CarpetX): OutputGH: iteration 61, time 0.238281, run time 2 s
INFO (CarpetX): OutputGH done.
INFO (CarpetX): Simulation time: 0.238281   Iterations per second: 54.2911   Simulation time per second: 0.212075
INFO (CarpetX): Grid cells: 4096   Grid cell updates per second: 222376
INFO (CarpetX): Performance:
INFO (CarpetX):   total evolution time:            1.12261 sec
INFO (CarpetX):   total evolution compute time:    1.12174 sec
INFO (CarpetX):   total evolution output time:     0.00087595 sec
INFO (CarpetX):   total iterations:                61
INFO (CarpetX):   total cells updated:             249856
INFO (CarpetX):   average iterations per second: 54.3375
INFO (CarpetX):   average cell updates per second: 222566
INFO (CarpetX): OutputGH: iteration 62, time 0.242188, run time 2 s
INFO (CarpetX): OutputGH done.
INFO (CarpetX): Simulation time: 0.242188   Iterations per second: 54.308   Simulation time per second: 0.212141
INFO (CarpetX): Grid cells: 4096   Grid cell updates per second: 222445
INFO (CarpetX): Performance:
INFO (CarpetX):   total evolution time:            1.14098 sec
INFO (CarpetX):   total evolution compute time:    1.14008 sec
INFO (CarpetX):   total evolution output time:     0.00089097 sec
INFO (CarpetX):   total iterations:                62
INFO (CarpetX):   total cells updated:             253952
INFO (CarpetX):   average iterations per second: 54.3395
INFO (CarpetX):   average cell updates per second: 222574
INFO (CarpetX): OutputGH: iteration 63, time 0.246094, run time 2 s
INFO (CarpetX): OutputGH done.
INFO (CarpetX): Simulation time: 0.246094   Iterations per second: 54.3327   Simulation time per second: 0.212237
INFO (CarpetX): Grid cells: 4096   Grid cell updates per second: 222547
INFO (CarpetX): Performance:
INFO (CarpetX):   total evolution time:            1.15931 sec
INFO (CarpetX):   total evolution compute time:    1.1584 sec
INFO (CarpetX):   total evolution output time:     0.00090909 sec
INFO (CarpetX):   total iterations:                63
INFO (CarpetX):   total cells updated:             258048
INFO (CarpetX):   average iterations per second: 54.3429
INFO (CarpetX):   average cell updates per second: 222588
INFO (CarpetX): OutputGH: iteration 64, time 0.250000, run time 2 s
INFO (CarpetX): OutputGH done.
INFO (CarpetX): Simulation time: 0.25   Iterations per second: 20.9495   Simulation time per second: 0.081834
INFO (CarpetX): Grid cells: 4096   Grid cell updates per second: 85809.2
INFO (CarpetX): Performance:
INFO (CarpetX):   total evolution time:            1.471 sec
INFO (CarpetX):   total evolution compute time:    1.17876 sec
INFO (CarpetX):   total evolution output time:     0.292241 sec
INFO (CarpetX):   total iterations:                64
INFO (CarpetX):   total cells updated:             262144
INFO (CarpetX):   average iterations per second: 43.5079
INFO (CarpetX):   average cell updates per second: 178208
INFO (CarpetX): Shutting down...
AMReX (25.11) finalized
--------------------------------------------------------------------------------
Done.
+ echo Stopping:
Stopping:
+ date
Thu Sep 10 00:25:38 UTC 2026
+ echo Done.
Done.
  Elapsed time: 2.4 s
