/home/runner/simulations/TestJob01_temp_1/output-0000/TEST/sim/BoxInBox
Preparing:
+ set -e
+ cd output-0000-active
+ echo Checking:
Checking:
+ pwd
/home/runner/simulations/TestJob01_temp_1/output-0000/TEST/sim/BoxInBox/output-0000-active
+ hostname
runnervm3jd5f
+ date
Sun Jul 19 17:34:49 UTC 2026
+ echo Environment:
Environment:
+ export CACTUS_NUM_PROCS=1
+ CACTUS_NUM_PROCS=1
+ export CACTUS_NUM_THREADS=2
+ CACTUS_NUM_THREADS=2
+ export GMON_OUT_PREFIX=gmon.out
+ GMON_OUT_PREFIX=gmon.out
+ export OMP_NUM_THREADS=2
+ OMP_NUM_THREADS=2
+ env
+ sort
+ echo Starting:
Starting:
++ date +%s
+ export CACTUS_STARTTIME=1784482489
+ CACTUS_STARTTIME=1784482489
+ '[' 1 = 1 ']'
+ '[' 0 -eq 0 ']'
+ /home/runner/simulations/TestJob01_temp_1/SIMFACTORY/exe/cactus_sim -L 3 /home/runner/simulations/TestJob01_temp_1/output-0000/arrangements/CarpetX/BoxInBox/test/regions2.par
INFO (Cactus): Increased logging level from 0 to 3
--------------------------------------------------------------------------------

       10                                  
  1   0101       ************************  
  01  1010 10      The Cactus Code V4.20.0    
 1010 1101 011      www.cactuscode.org     
  1001 100101    ************************  
    00010101                               
     100011     (c) Copyright The Authors  
      0100      GNU Licensed. No Warranty  
      0101                                 
--------------------------------------------------------------------------------

Cactus version:    4.20.0
Compile date:      Jul 19 2026 (17:32:50)
Run date:          Jul 19 2026 (17:34:50+0000)
Run host:          runnervm3jd5f.net0ibprzlqujb4ppu2xd1znfd.ex.internal.cloudapp.net (pid=168890)
Working directory: /home/runner/simulations/TestJob01_temp_1/output-0000/TEST/sim/BoxInBox
Executable:        /home/runner/simulations/TestJob01_temp_1/SIMFACTORY/exe/cactus_sim
Parameter file:    /home/runner/simulations/TestJob01_temp_1/output-0000/arrangements/CarpetX/BoxInBox/test/regions2.par
--------------------------------------------------------------------------------

Activating thorn Cactus...Success -> active implementation Cactus
Activation requested for 
--->BoxInBox CarpetX CarpetXRegrid CoordinatesX IOUtil<---
Thorn BoxInBox requests automatic activation of Loop
Thorn CarpetX requests automatic activation of AMReX
Thorn CarpetX requests automatic activation of MPI
Thorn CarpetX requests automatic activation of yaml_cpp
Thorn CarpetX requests automatic activation of zlib
Thorn CarpetX requests automatic activation of Arith
Thorn CarpetX requests automatic activation of ADIOS2
Thorn CarpetX requests automatic activation of openPMD
Thorn CarpetX requests automatic activation of Silo
Thorn ADIOS2 requests automatic activation of CMake
Thorn Arith requests automatic activation of NSIMD
Thorn MPI requests automatic activation of hwloc
Thorn openPMD requests automatic activation of HDF5
Activating thorn ADIOS2...Success -> active implementation ADIOS2
Activating thorn AMReX...Success -> active implementation AMReX
Activating thorn Arith...Success -> active implementation Arith
Activating thorn BoxInBox...Success -> active implementation BoxInBox
Activating thorn CarpetX...Success -> active implementation Driver
Activating thorn CarpetXRegrid...Success -> active implementation CarpetXRegrid
Activating thorn CMake...Success -> active implementation CMake
Activating thorn CoordinatesX...Success -> active implementation CoordinatesX
Activating thorn HDF5...Success -> active implementation HDF5
Activating thorn hwloc...Success -> active implementation hwloc
Activating thorn IOUtil...Success -> active implementation IO
Activating thorn Loop...Success -> active implementation Loop
Activating thorn MPI...Success -> active implementation MPI
Activating thorn NSIMD...Success -> active implementation NSIMD
Activating thorn openPMD...Success -> active implementation openPMD
Activating thorn Silo...Success -> active implementation Silo
Activating thorn yaml_cpp...Success -> active implementation yaml_cpp
Activating thorn zlib...Success -> active implementation zlib
INFO (hwloc): library version 2.10.0, API version 0x20800
--------------------------------------------------------------------------------

  [34m  ▕▏  [34m  ▕▏  [34m  ▕▏  [34m  ▕▏  [34m  ▕▏  [34m  ▕▏  [34m  ▕▏  [34m  ▕▏  [34m  ▕▏  [39m  
  [34m──██──[34m──██──[34m──██──[34m──██──[34m──██──[34m──██──[34m──██──[34m──██──[34m──██──[39m  
  [34m  ▕▏  [34m  ▕▏  [34m  ▕▏  [34m  ▕▏  [34m  ▕▏  [34m  ▕▏  [34m  ▕▏  [34m  ▕▏  [34m  ▕▏  [39m  
  [34m  ▕▏  [32m██████[34m  ▕▏  [34m  ▕▏  [32m██████[34m  ▕▏  [34m  ▕▏  [32m██████[34m  ▕▏  [39m  
  [34m──██──[32m██████[34m──██──[34m──██──[32m██████[34m──██──[34m──██──[32m██████[34m──██──[39m  
  [34m  ▕▏  [32m██████[34m  ▕▏  [34m  ▕▏  [32m██████[34m  ▕▏  [34m  ▕▏  [32m██████[34m  ▕▏  [39m  
  [34m  ▕▏  [34m  ▕▏  [34m  ▕▏  [34m  ▕▏  [34m  ▕▏  [34m  ▕▏  [34m  ▕▏  [34m  ▕▏  [34m  ▕▏  [39m  
  [34m──██──[34m──██──[34m──██──[34m──██──[34m──██──[34m──██──[34m──██──[34m──██──[34m──██──[39m  
  [34m  ▕▏  [34m  ▕▏  [34m  ▕▏  [34m  ▕▏  [34m  ▕▏  [34m  ▕▏  [34m  ▕▏  [34m  ▕▏  [34m  ▕▏  [39m  
  [34m  ▕▏  [34m  ▕▏  [34m  ▕▏  [31m██████[31m██████[31m██████[34m  ▕▏  [34m  ▕▏  [34m  ▕▏  [39m  
  [34m──██──[34m──██──[34m──██──[31m██████[31m██████[31m██████[34m──██──[34m──██──[34m──██──[39m  
  [34m  ▕▏  [34m  ▕▏  [34m  ▕▏  [31m██████[31m██████[31m██████[34m  ▕▏  [34m  ▕▏  [34m  ▕▏  [39m  
  [34m  ▕▏  [32m██████[34m  ▕▏  [31m██████[31m██████[31m██████[34m  ▕▏  [32m██████[34m  ▕▏  [39m  
  [34m──██──[32m██████[34m──██──[31m██████[31m██████[31m██████[34m──██──[32m██████[34m──██──[39m  
  [34m  ▕▏  [32m██████[34m  ▕▏  [31m██████[31m██████[31m██████[34m  ▕▏  [32m██████[34m  ▕▏  [39m  
  [34m  ▕▏  [34m  ▕▏  [34m  ▕▏  [31m██████[31m██████[31m██████[34m  ▕▏  [34m  ▕▏  [34m  ▕▏  [39m  
  [34m──██──[34m──██──[34m──██──[31m██████[31m██████[31m██████[34m──██──[34m──██──[34m──██──[39m  
  [34m  ▕▏  [34m  ▕▏  [34m  ▕▏  [31m██████[31m██████[31m██████[34m  ▕▏  [34m  ▕▏  [34m  ▕▏  [39m  
  [34m  ▕▏  [34m  ▕▏  [34m  ▕▏  [34m  ▕▏  [34m  ▕▏  [34m  ▕▏  [34m  ▕▏  [34m  ▕▏  [34m  ▕▏  [39m  
  [34m──██──[34m──██──[34m──██──[34m──██──[34m──██──[34m──██──[34m──██──[34m──██──[34m──██──[39m  
  [34m  ▕▏  [34m  ▕▏  [34m  ▕▏  [34m  ▕▏  [34m  ▕▏  [34m  ▕▏  [34m  ▕▏  [34m  ▕▏  [34m  ▕▏  [39m  
  [34m  ▕▏  [32m██████[34m  ▕▏  [34m  ▕▏  [32m██████[34m  ▕▏  [34m  ▕▏  [32m██████[34m  ▕▏  [39m  
  [34m──██──[32m██████[34m──██──[34m──██──[32m██████[34m──██──[34m──██──[32m██████[34m──██──[39m  
  [34m  ▕▏  [32m██████[34m  ▕▏  [34m  ▕▏  [32m██████[34m  ▕▏  [34m  ▕▏  [32m██████[34m  ▕▏  [39m  
  [34m  ▕▏  [34m  ▕▏  [34m  ▕▏  [34m  ▕▏  [34m  ▕▏  [34m  ▕▏  [34m  ▕▏  [34m  ▕▏  [34m  ▕▏  [39m  
  [34m──██──[34m──██──[34m──██──[34m──██──[34m──██──[34m──██──[34m──██──[34m──██──[34m──██──[39m  
  [34m  ▕▏  [34m  ▕▏  [34m  ▕▏  [34m  ▕▏  [34m  ▕▏  [34m  ▕▏  [34m  ▕▏  [34m  ▕▏  [34m  ▕▏  [39m  

AMR driver provided by CarpetX,
using AMReX 25.11 (MPI, OpenMP, no accelerators, debug)
--------------------------------------------------------------------------------

Initializing AMReX (25.11)...
MPI initialized with 1 MPI processes
MPI initialized with thread support level 2
OMP initialized with 2 OMP threads
AMReX (25.11) initialized
INFO (CarpetX): 
Symmetries:
  lower x: none
  lower y: none
  lower z: none
  upper x: none
  upper y: none
  upper z: none
Default boundaries:
  lower x: dirichlet
  lower y: dirichlet
  lower z: dirichlet
  upper x: dirichlet
  upper y: dirichlet
  upper z: dirichlet
INFO (Arith): Test_smallvector
INFO (Arith): Test_spvect
INFO (CarpetX): Setting initial values for max_grid_size values for all levels
INFO (CarpetX): Setting up initial conditions...
INFO (CarpetX): Iteration: 0   time: 0   delta_time: 0.015625
INFO (CarpetX): Patch 0:
INFO (CarpetX):   Grid extent:
INFO (CarpetX):     gsh=[67,67,67]
INFO (CarpetX):     blocking_factor=[8,8,8]
INFO (CarpetX):     max_grid_size=[32,32,32]
INFO (CarpetX):     max_tile_size=[1024000,16,32]
INFO (CarpetX):   Domain extent:
INFO (CarpetX):     xmin=[-1,-1,-1]
INFO (CarpetX):     xmax=[1,1,1]
INFO (CarpetX):     base dx=[0.03125,0.03125,0.03125]
INFO (CarpetX): Initializing level 0...
INFO (CarpetX): Regridding...
INFO (CarpetX):   level 0: 8 boxes, 262144 cells (100%)
INFO (CarpetX):   level 1: 8 boxes, 262144 cells (12.5%, 12%)
INFO (CarpetX): Iteration: 0   time: 0   delta_time: 0.0078125
INFO (CarpetX): Initializing level 1...
INFO (CarpetX): Regridding...
INFO (CarpetX):   level 0: 8 boxes, 262144 cells (100%)
INFO (CarpetX):   level 1: 8 boxes, 262144 cells (12.5%, 12%)
INFO (CarpetX): Initialized 2 levels
INFO (CarpetX): OutputGH: iteration 0, time 0.000000, run time 1 s
INFO (CarpetX): OutputGH done.
INFO (CarpetX): Starting evolution...
INFO (CarpetX): Regridding...
INFO (CarpetX): Setting max_grid_size values for all levels before regridding
INFO (CarpetX):   old levels 2, new levels 2
INFO (CarpetX):   level 0: 8 boxes, 262144 cells (100%)
INFO (CarpetX):   level 1: 8 boxes, 262144 cells (12.5%, 12%)
INFO (CarpetX): OutputGH: iteration 1, time 0.007812, run time 1 s
INFO (CarpetX): OutputGH done.
INFO (CarpetX): Simulation time: 0.0078125   Iterations per second: 38.2832   Simulation time per second: 0.299087
INFO (CarpetX): Grid cells: 524288   Grid cell updates per second: 2.00714e+07
INFO (CarpetX): Performance:
INFO (CarpetX):   total evolution time:            0.0261211 sec
INFO (CarpetX):   total evolution compute time:    0.0260932 sec
INFO (CarpetX):   total evolution output time:     2.7895e-05 sec
INFO (CarpetX):   total iterations:                1
INFO (CarpetX):   total cells updated:             524288
INFO (CarpetX):   average iterations per second: 38.2832
INFO (CarpetX):   average cell updates per second: 2.00714e+07
INFO (CarpetX): Regridding...
INFO (CarpetX): Setting max_grid_size values for all levels before regridding
INFO (CarpetX):   old levels 2, new levels 2
INFO (CarpetX):   level 0: 8 boxes, 262144 cells (100%)
INFO (CarpetX):   level 1: 8 boxes, 262144 cells (12.5%, 12%)
INFO (CarpetX): OutputGH: iteration 2, time 0.015625, run time 1 s
INFO (CarpetX): OutputGH done.
INFO (CarpetX): Simulation time: 0.015625   Iterations per second: 38.4215   Simulation time per second: 0.300168
INFO (CarpetX): Grid cells: 524288   Grid cell updates per second: 2.01439e+07
INFO (CarpetX): Performance:
INFO (CarpetX):   total evolution time:            0.0520542 sec
INFO (CarpetX):   total evolution compute time:    0.0520163 sec
INFO (CarpetX):   total evolution output time:     3.79086e-05 sec
INFO (CarpetX):   total iterations:                2
INFO (CarpetX):   total cells updated:             1.04858e+06
INFO (CarpetX):   average iterations per second: 38.4215
INFO (CarpetX):   average cell updates per second: 2.01439e+07
INFO (CarpetX): Regridding...
INFO (CarpetX): Setting max_grid_size values for all levels before regridding
INFO (CarpetX):   old levels 2, new levels 2
INFO (CarpetX):   level 0: 8 boxes, 262144 cells (100%)
INFO (CarpetX):   level 1: 8 boxes, 262144 cells (12.5%, 12%)
INFO (CarpetX): OutputGH: iteration 3, time 0.023438, run time 1 s
INFO (CarpetX): OutputGH done.
INFO (CarpetX): Simulation time: 0.0234375   Iterations per second: 38.4733   Simulation time per second: 0.300572
INFO (CarpetX): Grid cells: 524288   Grid cell updates per second: 2.01711e+07
INFO (CarpetX): Performance:
INFO (CarpetX):   total evolution time:            0.0779762 sec
INFO (CarpetX):   total evolution compute time:    0.0779283 sec
INFO (CarpetX):   total evolution output time:     4.79221e-05 sec
INFO (CarpetX):   total iterations:                3
INFO (CarpetX):   total cells updated:             1.57286e+06
INFO (CarpetX):   average iterations per second: 38.4733
INFO (CarpetX):   average cell updates per second: 2.01711e+07
INFO (CarpetX): Regridding...
INFO (CarpetX): Setting max_grid_size values for all levels before regridding
INFO (CarpetX):   old levels 2, new levels 2
INFO (CarpetX):   level 0: 8 boxes, 262144 cells (100%)
INFO (CarpetX):   level 1: 8 boxes, 262144 cells (12.5%, 12%)
INFO (CarpetX): OutputGH: iteration 4, time 0.031250, run time 1 s
INFO (CarpetX): OutputGH done.
INFO (CarpetX): Simulation time: 0.03125   Iterations per second: 38.4862   Simulation time per second: 0.300674
INFO (CarpetX): Grid cells: 524288   Grid cell updates per second: 2.01779e+07
INFO (CarpetX): Performance:
INFO (CarpetX):   total evolution time:            0.103933 sec
INFO (CarpetX):   total evolution compute time:    0.103876 sec
INFO (CarpetX):   total evolution output time:     5.6982e-05 sec
INFO (CarpetX):   total iterations:                4
INFO (CarpetX):   total cells updated:             2.09715e+06
INFO (CarpetX):   average iterations per second: 38.4862
INFO (CarpetX):   average cell updates per second: 2.01779e+07
INFO (CarpetX): Regridding...
INFO (CarpetX): Setting max_grid_size values for all levels before regridding
INFO (CarpetX):   old levels 2, new levels 2
INFO (CarpetX):   level 0: 8 boxes, 262144 cells (100%)
INFO (CarpetX):   level 1: 8 boxes, 262144 cells (12.5%, 12%)
INFO (CarpetX): OutputGH: iteration 5, time 0.039062, run time 1 s
INFO (CarpetX): OutputGH done.
INFO (CarpetX): Simulation time: 0.0390625   Iterations per second: 38.4112   Simulation time per second: 0.300088
INFO (CarpetX): Grid cells: 524288   Grid cell updates per second: 2.01385e+07
INFO (CarpetX): Performance:
INFO (CarpetX):   total evolution time:            0.13017 sec
INFO (CarpetX):   total evolution compute time:    0.130103 sec
INFO (CarpetX):   total evolution output time:     6.69956e-05 sec
INFO (CarpetX):   total iterations:                5
INFO (CarpetX):   total cells updated:             2.62144e+06
INFO (CarpetX):   average iterations per second: 38.4112
INFO (CarpetX):   average cell updates per second: 2.01385e+07
INFO (CarpetX): Regridding...
INFO (CarpetX): Setting max_grid_size values for all levels before regridding
INFO (CarpetX):   old levels 2, new levels 2
INFO (CarpetX):   level 0: 8 boxes, 262144 cells (100%)
INFO (CarpetX):   level 1: 8 boxes, 262144 cells (12.5%, 12%)
INFO (CarpetX): OutputGH: iteration 6, time 0.046875, run time 1 s
INFO (CarpetX): OutputGH done.
INFO (CarpetX): Simulation time: 0.046875   Iterations per second: 38.4282   Simulation time per second: 0.30022
INFO (CarpetX): Grid cells: 524288   Grid cell updates per second: 2.01474e+07
INFO (CarpetX): Performance:
INFO (CarpetX):   total evolution time:            0.156135 sec
INFO (CarpetX):   total evolution compute time:    0.156059 sec
INFO (CarpetX):   total evolution output time:     7.60555e-05 sec
INFO (CarpetX):   total iterations:                6
INFO (CarpetX):   total cells updated:             3.14573e+06
INFO (CarpetX):   average iterations per second: 38.4282
INFO (CarpetX):   average cell updates per second: 2.01474e+07
INFO (CarpetX): Regridding...
INFO (CarpetX): Setting max_grid_size values for all levels before regridding
INFO (CarpetX):   old levels 2, new levels 2
INFO (CarpetX):   level 0: 8 boxes, 262144 cells (100%)
INFO (CarpetX):   level 1: 8 boxes, 262144 cells (12.5%, 12%)
INFO (CarpetX): OutputGH: iteration 7, time 0.054688, run time 1 s
INFO (CarpetX): OutputGH done.
INFO (CarpetX): Simulation time: 0.0546875   Iterations per second: 38.4294   Simulation time per second: 0.30023
INFO (CarpetX): Grid cells: 524288   Grid cell updates per second: 2.01481e+07
INFO (CarpetX): Performance:
INFO (CarpetX):   total evolution time:            0.182152 sec
INFO (CarpetX):   total evolution compute time:    0.182066 sec
INFO (CarpetX):   total evolution output time:     8.60691e-05 sec
INFO (CarpetX):   total iterations:                7
INFO (CarpetX):   total cells updated:             3.67002e+06
INFO (CarpetX):   average iterations per second: 38.4294
INFO (CarpetX):   average cell updates per second: 2.01481e+07
INFO (CarpetX): Regridding...
INFO (CarpetX): Setting max_grid_size values for all levels before regridding
INFO (CarpetX):   old levels 2, new levels 2
INFO (CarpetX):   level 0: 8 boxes, 262144 cells (100%)
INFO (CarpetX):   level 1: 8 boxes, 262144 cells (12.5%, 12%)
INFO (CarpetX): OutputGH: iteration 8, time 0.062500, run time 1 s
INFO (CarpetX): OutputGH done.
INFO (CarpetX): Simulation time: 0.0625   Iterations per second: 38.4114   Simulation time per second: 0.300089
INFO (CarpetX): Grid cells: 524288   Grid cell updates per second: 2.01387e+07
INFO (CarpetX): Performance:
INFO (CarpetX):   total evolution time:            0.208271 sec
INFO (CarpetX):   total evolution compute time:    0.208175 sec
INFO (CarpetX):   total evolution output time:     9.60827e-05 sec
INFO (CarpetX):   total iterations:                8
INFO (CarpetX):   total cells updated:             4.1943e+06
INFO (CarpetX):   average iterations per second: 38.4114
INFO (CarpetX):   average cell updates per second: 2.01387e+07
INFO (CarpetX): Regridding...
INFO (CarpetX): Setting max_grid_size values for all levels before regridding
INFO (CarpetX):   old levels 2, new levels 2
INFO (CarpetX):   level 0: 8 boxes, 262144 cells (100%)
INFO (CarpetX):   level 1: 8 boxes, 262144 cells (12.5%, 12%)
INFO (CarpetX): OutputGH: iteration 9, time 0.070312, run time 1 s
INFO (CarpetX): OutputGH done.
INFO (CarpetX): Simulation time: 0.0703125   Iterations per second: 38.3893   Simulation time per second: 0.299916
INFO (CarpetX): Grid cells: 524288   Grid cell updates per second: 2.0127e+07
INFO (CarpetX): Performance:
INFO (CarpetX):   total evolution time:            0.23444 sec
INFO (CarpetX):   total evolution compute time:    0.234335 sec
INFO (CarpetX):   total evolution output time:     0.000105143 sec
INFO (CarpetX):   total iterations:                9
INFO (CarpetX):   total cells updated:             4.71859e+06
INFO (CarpetX):   average iterations per second: 38.3893
INFO (CarpetX):   average cell updates per second: 2.0127e+07
INFO (CarpetX): Regridding...
INFO (CarpetX): Setting max_grid_size values for all levels before regridding
INFO (CarpetX):   old levels 2, new levels 2
INFO (CarpetX):   level 0: 8 boxes, 262144 cells (100%)
INFO (CarpetX):   level 1: 8 boxes, 262144 cells (12.5%, 12%)
INFO (CarpetX): OutputGH: iteration 10, time 0.078125, run time 1 s
INFO (CarpetX): OutputGH done.
INFO (CarpetX): Simulation time: 0.078125   Iterations per second: 33.0148   Simulation time per second: 0.257928
INFO (CarpetX): Grid cells: 524288   Grid cell updates per second: 1.73093e+07
INFO (CarpetX): Performance:
INFO (CarpetX):   total evolution time:            0.302894 sec
INFO (CarpetX):   total evolution compute time:    0.260207 sec
INFO (CarpetX):   total evolution output time:     0.0426869 sec
INFO (CarpetX):   total iterations:                10
INFO (CarpetX):   total cells updated:             5.24288e+06
INFO (CarpetX):   average iterations per second: 33.0148
INFO (CarpetX):   average cell updates per second: 1.73093e+07
INFO (CarpetX): Shutting down...
AMReX (25.11) finalized
--------------------------------------------------------------------------------
Done.
+ echo Stopping:
Stopping:
+ date
Sun Jul 19 17:34:50 UTC 2026
+ echo Done.
Done.
  Elapsed time: 1.2 s
