/home/runner/simulations/TestJob01_temp_1/output-0000/TEST/sim/CanudaX_BSSNMoL
Preparing:
+ set -e
+ cd output-0000-active
+ echo Checking:
Checking:
+ pwd
/home/runner/simulations/TestJob01_temp_1/output-0000/TEST/sim/CanudaX_BSSNMoL/output-0000-active
+ hostname
runnervm5mmn9
+ date
Wed Jul  8 03:09:49 UTC 2026
+ echo Environment:
Environment:
+ export CACTUS_NUM_PROCS=1
+ CACTUS_NUM_PROCS=1
+ export CACTUS_NUM_THREADS=2
+ CACTUS_NUM_THREADS=2
+ export GMON_OUT_PREFIX=gmon.out
+ GMON_OUT_PREFIX=gmon.out
+ export OMP_NUM_THREADS=2
+ OMP_NUM_THREADS=2
+ env
+ sort
+ echo Starting:
Starting:
++ date +%s
+ export CACTUS_STARTTIME=1783480189
+ CACTUS_STARTTIME=1783480189
+ '[' 1 = 1 ']'
+ '[' 0 -eq 0 ']'
+ /home/runner/simulations/TestJob01_temp_1/SIMFACTORY/exe/cactus_sim -L 3 /home/runner/simulations/TestJob01_temp_1/output-0000/arrangements/CanudaX/CanudaX_BSSNMoL/test/gaugewave.par
INFO (Cactus): Increased logging level from 0 to 3
--------------------------------------------------------------------------------

       10                                  
  1   0101       ************************  
  01  1010 10      The Cactus Code V4.20.0    
 1010 1101 011      www.cactuscode.org     
  1001 100101    ************************  
    00010101                               
     100011     (c) Copyright The Authors  
      0100      GNU Licensed. No Warranty  
      0101                                 
--------------------------------------------------------------------------------

Cactus version:    4.20.0
Compile date:      Jul 08 2026 (03:06:59)
Run date:          Jul 08 2026 (03:09:50+0000)
Run host:          runnervm5mmn9.ufidxgkzfoxuhpw0hs3jtcphyb.cx.internal.cloudapp.net (pid=168997)
Working directory: /home/runner/simulations/TestJob01_temp_1/output-0000/TEST/sim/CanudaX_BSSNMoL
Executable:        /home/runner/simulations/TestJob01_temp_1/SIMFACTORY/exe/cactus_sim
Parameter file:    /home/runner/simulations/TestJob01_temp_1/output-0000/arrangements/CanudaX/CanudaX_BSSNMoL/test/gaugewave.par
--------------------------------------------------------------------------------

Activating thorn Cactus...Success -> active implementation Cactus
Activation requested for 
--->ADMBaseX CanudaX_BSSNMoL CanudaX_ExactID CarpetX IOUtil ODESolvers TmunuBaseX<---
Thorn ADMBaseX requests automatic activation of Loop
Thorn CarpetX requests automatic activation of AMReX
Thorn CarpetX requests automatic activation of MPI
Thorn CarpetX requests automatic activation of yaml_cpp
Thorn CarpetX requests automatic activation of zlib
Thorn CarpetX requests automatic activation of Arith
Thorn CarpetX requests automatic activation of CarpetXRegrid
Thorn CarpetX requests automatic activation of ADIOS2
Thorn CarpetX requests automatic activation of openPMD
Thorn CarpetX requests automatic activation of Silo
Thorn ADIOS2 requests automatic activation of CMake
Thorn Arith requests automatic activation of NSIMD
Thorn MPI requests automatic activation of hwloc
Thorn openPMD requests automatic activation of HDF5
Activating thorn ADIOS2...Success -> active implementation ADIOS2
Activating thorn ADMBaseX...Success -> active implementation ADMBaseX
Activating thorn AMReX...Success -> active implementation AMReX
Activating thorn Arith...Success -> active implementation Arith
Activating thorn CanudaX_BSSNMoL...Success -> active implementation CanudaX_BSSNMoL
Activating thorn CanudaX_ExactID...Success -> active implementation CanudaX_ExactID
Activating thorn CarpetX...Success -> active implementation Driver
Activating thorn CarpetXRegrid...Success -> active implementation CarpetXRegrid
Activating thorn CMake...Success -> active implementation CMake
Activating thorn HDF5...Success -> active implementation HDF5
Activating thorn hwloc...Success -> active implementation hwloc
Activating thorn IOUtil...Success -> active implementation IO
Activating thorn Loop...Success -> active implementation Loop
Activating thorn MPI...Success -> active implementation MPI
Activating thorn NSIMD...Success -> active implementation NSIMD
Activating thorn ODESolvers...Success -> active implementation ODESolvers
Activating thorn openPMD...Success -> active implementation openPMD
Activating thorn Silo...Success -> active implementation Silo
Activating thorn TmunuBaseX...Success -> active implementation TmunuBaseX
Activating thorn yaml_cpp...Success -> active implementation yaml_cpp
Activating thorn zlib...Success -> active implementation zlib
--------------------------------------------------------------------------------
  if (recover initial data)
    Recover parameters
  endif

  Startup routines
    [CCTK_STARTUP]
      CarpetX::Driver_Startup: Start up the driver
      IOUtil::IOUtil_Startup: Startup routine
      GROUP hwloc_startup: hwloc startup group
        hwloc::hwloc_version: Output hwloc version

  Startup routines which need an existing grid hierarchy
    [CCTK_WRAGH]
      Arith::Test_smallvector: [meta] Test small vectors
      Arith::Test_spvect: [meta] Test sparse vectors
      ODESolvers::ODESolvers_InitConstants: [global] Set up dummy loop counters for schedule printout
  Parameter checking routines
    [CCTK_PARAMCHECK]
      CanudaX_BSSNMoL::CanudaX_BSSNMoL_paramcheck: Check CanudaX_BSSNMoL parameters for consistency

  Initialisation
    if (NOT (recover initial data AND recovery_mode is 'strict'))
      [CCTK_PREREGRIDINITIAL]
      Set up grid hierarchy
      [CCTK_POSTREGRIDINITIAL]
      [CCTK_BASEGRID]
        CarpetXRegrid::CarpetXRegrid_InitError: Initialize regridding error to zero
        GROUP ODESolvers_BaseGrid: Set up constants (e.g. coordinates) everywhere on the grid
      [CCTK_INITIAL]
        GROUP TmunuBaseX_SetTmunuVars: Schedule group for setting T_munu
          TmunuBaseX::TmunuBaseX_ZeroTmunu: Set T_munu to zero
          GROUP TmunuBaseX_AddToTmunu: Add to T_munu here
        GROUP ODESolvers_Initial: Set up initial conditions on interior of state vector
          GROUP ADMBaseX_InitialData: Schedule group for calculating ADM initial data
            GROUP CanudaX_ExactIDGroup: CanudaX_ExactID group for setting up initial data
              CanudaX_ExactID::CanudaX_ExactID_GaugeWave: [local] Create gauge wave initial data
          GROUP ADMBaseX_InitialGauge: Schedule group for the ADM initial gauge condition
            ADMBaseX::ADMBaseX_initial_dtlapse: Set dtlapse to zero
            ADMBaseX::ADMBaseX_initial_dtshift: Set dtshift to zero
          GROUP ADMBaseX_PostInitial: Schedule group for modifying the ADM initial data, such as e.g. adding noise
        GROUP CanudaX_BSSNMoL_InitialGroup: CanudaX_BSSNMoL: initial bin
          CanudaX_BSSNMoL::CanudaX_BSSNMoL_adm2bssn: [local] Convert initial data into BSSN variables
          CanudaX_BSSNMoL::CanudaX_BSSNMoL_gammat: [local] Set Gammat initial data
      [CCTK_POSTINITIAL]
        GROUP ODESolvers_PostStep: Apply boundary conditions to state vector, and project if necessary
          GROUP CanudaX_BSSNMoL_PostStepGroup: CanudaX_BSSNMoL: post-step operations
            CanudaX_BSSNMoL::CanudaX_BSSNMoL_impose_conf_fac_floor: Make sure conformal factor does not drop below specified value
            CanudaX_BSSNMoL::CanudaX_BSSNMoL_reset_detmetric: reset dethh = 1
            CanudaX_BSSNMoL::CanudaX_BSSNMoL_remove_trA: Remove trace of A
            CanudaX_BSSNMoL::CanudaX_BSSNMoL_sync: [global] Sync state vector
            CanudaX_BSSNMoL::CanudaX_BSSNMoL_bssn2adm: [local] Convert variables back to the ADM ones
          GROUP ADMBaseX_SetADMRHS: Set ADM RHS variables in this group
          GROUP ADMBaseX_SetADMVars: Set ADM variables in this group
          GROUP TmunuBaseX_SetTmunuVars: Schedule group for setting T_munu
            TmunuBaseX::TmunuBaseX_ZeroTmunu: Set T_munu to zero
            GROUP TmunuBaseX_AddToTmunu: Add to T_munu here
        GROUP ODESolvers_EstimateError: Estimate discretization error (for regridding)
      Initialise finer grids recursively
      Restrict from finer grids
      [CCTK_POSTRESTRICTINITIAL]
      [CCTK_POSTPOSTINITIAL]
      [CCTK_POSTSTEP]
        GROUP ODESolvers_EstimateError: Estimate discretization error (for regridding)
    endif
    if (recover initial data)
      [CCTK_BASEGRID]
        CarpetXRegrid::CarpetXRegrid_InitError: Initialize regridding error to zero
        GROUP ODESolvers_BaseGrid: Set up constants (e.g. coordinates) everywhere on the grid
      [CCTK_RECOVER_VARIABLES]
      [CCTK_POST_RECOVER_VARIABLES]
        GROUP ODESolvers_PostStep: Apply boundary conditions to state vector, and project if necessary
          GROUP CanudaX_BSSNMoL_PostStepGroup: CanudaX_BSSNMoL: post-step operations
            CanudaX_BSSNMoL::CanudaX_BSSNMoL_impose_conf_fac_floor: Make sure conformal factor does not drop below specified value
            CanudaX_BSSNMoL::CanudaX_BSSNMoL_reset_detmetric: reset dethh = 1
            CanudaX_BSSNMoL::CanudaX_BSSNMoL_remove_trA: Remove trace of A
            CanudaX_BSSNMoL::CanudaX_BSSNMoL_sync: [global] Sync state vector
            CanudaX_BSSNMoL::CanudaX_BSSNMoL_bssn2adm: [local] Convert variables back to the ADM ones
          GROUP ADMBaseX_SetADMRHS: Set ADM RHS variables in this group
          GROUP ADMBaseX_SetADMVars: Set ADM variables in this group
          GROUP TmunuBaseX_SetTmunuVars: Schedule group for setting T_munu
            TmunuBaseX::TmunuBaseX_ZeroTmunu: Set T_munu to zero
            GROUP TmunuBaseX_AddToTmunu: Add to T_munu here
        GROUP ODESolvers_EstimateError: Estimate discretization error (for regridding)
    endif
    if (checkpoint initial data)
      [CCTK_CPINITIAL]
        CarpetX::CarpetX_CheckpointInitial: [meta] Checkpoint initial conditions
    endif
    if (analysis)
      [CCTK_ANALYSIS]
        CanudaX_BSSNMoL::CanudaX_BSSNMoL_bssn_constraints: Compute constraints
        GROUP ODESolvers_Analysis: Calculate analysis quantities everywhere
  endif
  Output grid variables

  do loop over timesteps
    [CCTK_PREREGRID]
    Change grid hierarchy
    [CCTK_POSTREGRID]
      GROUP ODESolvers_PostStep: Apply boundary conditions to state vector, and project if necessary
        GROUP CanudaX_BSSNMoL_PostStepGroup: CanudaX_BSSNMoL: post-step operations
          CanudaX_BSSNMoL::CanudaX_BSSNMoL_impose_conf_fac_floor: Make sure conformal factor does not drop below specified value
          CanudaX_BSSNMoL::CanudaX_BSSNMoL_reset_detmetric: reset dethh = 1
          CanudaX_BSSNMoL::CanudaX_BSSNMoL_remove_trA: Remove trace of A
          CanudaX_BSSNMoL::CanudaX_BSSNMoL_sync: [global] Sync state vector
          CanudaX_BSSNMoL::CanudaX_BSSNMoL_bssn2adm: [local] Convert variables back to the ADM ones
        GROUP ADMBaseX_SetADMRHS: Set ADM RHS variables in this group
        GROUP ADMBaseX_SetADMVars: Set ADM variables in this group
        GROUP TmunuBaseX_SetTmunuVars: Schedule group for setting T_munu
          TmunuBaseX::TmunuBaseX_ZeroTmunu: Set T_munu to zero
          GROUP TmunuBaseX_AddToTmunu: Add to T_munu here
    Rotate timelevels
    iteration = iteration+1
    t = t+dt
    [CCTK_PRESTEP]
    [CCTK_EVOL]
      ODESolvers::ODESolvers_Solve: [level] Solve ODEs
      while (ODESolvers::do_substeps)
        GROUP ODESolvers_CalledBySolve: Groups internally scheduled by ODESolvers_Solve
          GROUP ODESolvers_RHS: Evaluate the RHS for of state vector everywhere on the grid
            GROUP CanudaX_BSSNMoL_RHSGroup: CanudaX_BSSNMoL: calculate BSSN RHS
              CanudaX_BSSNMoL::CanudaX_BSSNMoL_calc_bssn_rhs: MoL RHS calculation
              CanudaX_BSSNMoL::CanudaX_BSSNMoL_apply_boundary_conditions: Apply radiative boundary conditions 
          GROUP ODESolvers_PostStep: Apply boundary conditions to state vector, and project if necessary
            GROUP CanudaX_BSSNMoL_PostStepGroup: CanudaX_BSSNMoL: post-step operations
              CanudaX_BSSNMoL::CanudaX_BSSNMoL_impose_conf_fac_floor: Make sure conformal factor does not drop below specified value
              CanudaX_BSSNMoL::CanudaX_BSSNMoL_reset_detmetric: reset dethh = 1
              CanudaX_BSSNMoL::CanudaX_BSSNMoL_remove_trA: Remove trace of A
              CanudaX_BSSNMoL::CanudaX_BSSNMoL_sync: [global] Sync state vector
              CanudaX_BSSNMoL::CanudaX_BSSNMoL_bssn2adm: [local] Convert variables back to the ADM ones
            GROUP ADMBaseX_SetADMRHS: Set ADM RHS variables in this group
            GROUP ADMBaseX_SetADMVars: Set ADM variables in this group
            GROUP TmunuBaseX_SetTmunuVars: Schedule group for setting T_munu
              TmunuBaseX::TmunuBaseX_ZeroTmunu: Set T_munu to zero
              GROUP TmunuBaseX_AddToTmunu: Add to T_munu here
      end while
    Evolve finer grids recursively
    Restrict from finer grids
    [CCTK_POSTRESTRICT]
      GROUP ODESolvers_PostStep: Apply boundary conditions to state vector, and project if necessary
        GROUP CanudaX_BSSNMoL_PostStepGroup: CanudaX_BSSNMoL: post-step operations
          CanudaX_BSSNMoL::CanudaX_BSSNMoL_impose_conf_fac_floor: Make sure conformal factor does not drop below specified value
          CanudaX_BSSNMoL::CanudaX_BSSNMoL_reset_detmetric: reset dethh = 1
          CanudaX_BSSNMoL::CanudaX_BSSNMoL_remove_trA: Remove trace of A
          CanudaX_BSSNMoL::CanudaX_BSSNMoL_sync: [global] Sync state vector
          CanudaX_BSSNMoL::CanudaX_BSSNMoL_bssn2adm: [local] Convert variables back to the ADM ones
        GROUP ADMBaseX_SetADMRHS: Set ADM RHS variables in this group
        GROUP ADMBaseX_SetADMVars: Set ADM variables in this group
        GROUP TmunuBaseX_SetTmunuVars: Schedule group for setting T_munu
          TmunuBaseX::TmunuBaseX_ZeroTmunu: Set T_munu to zero
          GROUP TmunuBaseX_AddToTmunu: Add to T_munu here
    [CCTK_POSTSTEP]
      GROUP ODESolvers_EstimateError: Estimate discretization error (for regridding)
    if (checkpoint)
      [CCTK_CHECKPOINT]
      CarpetX::CarpetX_Checkpoint: [meta] Checkpoint
    endif
    if (analysis)
      [CCTK_ANALYSIS]
      CanudaX_BSSNMoL::CanudaX_BSSNMoL_bssn_constraints: Compute constraints
      GROUP ODESolvers_Analysis: Calculate analysis quantities everywhere
    endif
    Output grid variables
    enddo

  Termination routines
    [CCTK_TERMINATE]
      CarpetX::CarpetX_CheckpointTerminate: [meta] Checkpoint before terminating

  Shutdown routines
    [CCTK_SHUTDOWN]
      CarpetX::Driver_Shutdown: [meta] Shut down the driver

  Routines run after changing the grid hierarchy:
    [CCTK_POSTREGRID]
      GROUP ODESolvers_PostStep: Apply boundary conditions to state vector, and project if necessary
        GROUP CanudaX_BSSNMoL_PostStepGroup: CanudaX_BSSNMoL: post-step operations
          CanudaX_BSSNMoL::CanudaX_BSSNMoL_impose_conf_fac_floor: Make sure conformal factor does not drop below specified value
          CanudaX_BSSNMoL::CanudaX_BSSNMoL_reset_detmetric: reset dethh = 1
          CanudaX_BSSNMoL::CanudaX_BSSNMoL_remove_trA: Remove trace of A
          CanudaX_BSSNMoL::CanudaX_BSSNMoL_sync: [global] Sync state vector
          CanudaX_BSSNMoL::CanudaX_BSSNMoL_bssn2adm: [local] Convert variables back to the ADM ones
        GROUP ADMBaseX_SetADMRHS: Set ADM RHS variables in this group
        GROUP ADMBaseX_SetADMVars: Set ADM variables in this group
        GROUP TmunuBaseX_SetTmunuVars: Schedule group for setting T_munu
          TmunuBaseX::TmunuBaseX_ZeroTmunu: Set T_munu to zero
          GROUP TmunuBaseX_AddToTmunu: Add to T_munu here
--------------------------------------------------------------------------------
INFO (hwloc): library version 2.10.0, API version 0x20800
--------------------------------------------------------------------------------

  [34m  ▕▏  [34m  ▕▏  [34m  ▕▏  [34m  ▕▏  [34m  ▕▏  [34m  ▕▏  [34m  ▕▏  [34m  ▕▏  [34m  ▕▏  [39m  
  [34m──██──[34m──██──[34m──██──[34m──██──[34m──██──[34m──██──[34m──██──[34m──██──[34m──██──[39m  
  [34m  ▕▏  [34m  ▕▏  [34m  ▕▏  [34m  ▕▏  [34m  ▕▏  [34m  ▕▏  [34m  ▕▏  [34m  ▕▏  [34m  ▕▏  [39m  
  [34m  ▕▏  [32m██████[34m  ▕▏  [34m  ▕▏  [32m██████[34m  ▕▏  [34m  ▕▏  [32m██████[34m  ▕▏  [39m  
  [34m──██──[32m██████[34m──██──[34m──██──[32m██████[34m──██──[34m──██──[32m██████[34m──██──[39m  
  [34m  ▕▏  [32m██████[34m  ▕▏  [34m  ▕▏  [32m██████[34m  ▕▏  [34m  ▕▏  [32m██████[34m  ▕▏  [39m  
  [34m  ▕▏  [34m  ▕▏  [34m  ▕▏  [34m  ▕▏  [34m  ▕▏  [34m  ▕▏  [34m  ▕▏  [34m  ▕▏  [34m  ▕▏  [39m  
  [34m──██──[34m──██──[34m──██──[34m──██──[34m──██──[34m──██──[34m──██──[34m──██──[34m──██──[39m  
  [34m  ▕▏  [34m  ▕▏  [34m  ▕▏  [34m  ▕▏  [34m  ▕▏  [34m  ▕▏  [34m  ▕▏  [34m  ▕▏  [34m  ▕▏  [39m  
  [34m  ▕▏  [34m  ▕▏  [34m  ▕▏  [31m██████[31m██████[31m██████[34m  ▕▏  [34m  ▕▏  [34m  ▕▏  [39m  
  [34m──██──[34m──██──[34m──██──[31m██████[31m██████[31m██████[34m──██──[34m──██──[34m──██──[39m  
  [34m  ▕▏  [34m  ▕▏  [34m  ▕▏  [31m██████[31m██████[31m██████[34m  ▕▏  [34m  ▕▏  [34m  ▕▏  [39m  
  [34m  ▕▏  [32m██████[34m  ▕▏  [31m██████[31m██████[31m██████[34m  ▕▏  [32m██████[34m  ▕▏  [39m  
  [34m──██──[32m██████[34m──██──[31m██████[31m██████[31m██████[34m──██──[32m██████[34m──██──[39m  
  [34m  ▕▏  [32m██████[34m  ▕▏  [31m██████[31m██████[31m██████[34m  ▕▏  [32m██████[34m  ▕▏  [39m  
  [34m  ▕▏  [34m  ▕▏  [34m  ▕▏  [31m██████[31m██████[31m██████[34m  ▕▏  [34m  ▕▏  [34m  ▕▏  [39m  
  [34m──██──[34m──██──[34m──██──[31m██████[31m██████[31m██████[34m──██──[34m──██──[34m──██──[39m  
  [34m  ▕▏  [34m  ▕▏  [34m  ▕▏  [31m██████[31m██████[31m██████[34m  ▕▏  [34m  ▕▏  [34m  ▕▏  [39m  
  [34m  ▕▏  [34m  ▕▏  [34m  ▕▏  [34m  ▕▏  [34m  ▕▏  [34m  ▕▏  [34m  ▕▏  [34m  ▕▏  [34m  ▕▏  [39m  
  [34m──██──[34m──██──[34m──██──[34m──██──[34m──██──[34m──██──[34m──██──[34m──██──[34m──██──[39m  
  [34m  ▕▏  [34m  ▕▏  [34m  ▕▏  [34m  ▕▏  [34m  ▕▏  [34m  ▕▏  [34m  ▕▏  [34m  ▕▏  [34m  ▕▏  [39m  
  [34m  ▕▏  [32m██████[34m  ▕▏  [34m  ▕▏  [32m██████[34m  ▕▏  [34m  ▕▏  [32m██████[34m  ▕▏  [39m  
  [34m──██──[32m██████[34m──██──[34m──██──[32m██████[34m──██──[34m──██──[32m██████[34m──██──[39m  
  [34m  ▕▏  [32m██████[34m  ▕▏  [34m  ▕▏  [32m██████[34m  ▕▏  [34m  ▕▏  [32m██████[34m  ▕▏  [39m  
  [34m  ▕▏  [34m  ▕▏  [34m  ▕▏  [34m  ▕▏  [34m  ▕▏  [34m  ▕▏  [34m  ▕▏  [34m  ▕▏  [34m  ▕▏  [39m  
  [34m──██──[34m──██──[34m──██──[34m──██──[34m──██──[34m──██──[34m──██──[34m──██──[34m──██──[39m  
  [34m  ▕▏  [34m  ▕▏  [34m  ▕▏  [34m  ▕▏  [34m  ▕▏  [34m  ▕▏  [34m  ▕▏  [34m  ▕▏  [34m  ▕▏  [39m  

AMR driver provided by CarpetX,
using AMReX 25.11 (MPI, OpenMP, no accelerators, debug)
--------------------------------------------------------------------------------

Initializing AMReX (25.11)...
MPI initialized with 1 MPI processes
MPI initialized with thread support level 2
OMP initialized with 2 OMP threads
AMReX (25.11) initialized
INFO (CarpetX): 
Symmetries:
  lower x: periodic
  lower y: periodic
  lower z: periodic
  upper x: periodic
  upper y: periodic
  upper z: periodic
Default boundaries:
  lower x: symmetry_boundary
  lower y: symmetry_boundary
  lower z: symmetry_boundary
  upper x: symmetry_boundary
  upper y: symmetry_boundary
  upper z: symmetry_boundary
INFO (Arith): Test_smallvector
INFO (Arith): Test_spvect
INFO (CarpetX): Setting initial values for max_grid_size values for all levels
INFO (CarpetX): Setting up initial conditions...
INFO (CarpetX): Iteration: 0   time: 0   delta_time: 0.00390625
INFO (CarpetX): Patch 0:
INFO (CarpetX):   Grid extent:
INFO (CarpetX):     gsh=[71,15,15]
INFO (CarpetX):     blocking_factor=[8,8,8]
INFO (CarpetX):     max_grid_size=[10000000,10000000,10000000]
INFO (CarpetX):     max_tile_size=[1024000,16,32]
INFO (CarpetX):   Domain extent:
INFO (CarpetX):     xmin=[-0.5,-0.0625,-0.0625]
INFO (CarpetX):     xmax=[0.5,0.0625,0.0625]
INFO (CarpetX):     base dx=[0.015625,0.015625,0.015625]
INFO (CarpetX): Initializing level 0...
INFO (CanudaX_ExactID): Begin Gauge Wave initial data
INFO (CanudaX_ExactID): === End gauge wave initial data ===
INFO (CarpetX): Regridding...
INFO (CarpetX):   level 0: 1 boxes, 4096 cells (100%)
INFO (CarpetX): Initialized 1 levels
INFO (CarpetX): OutputGH: iteration 0, time 0.000000, run time 1 s
INFO (CarpetX): OutputGH done.
INFO (CarpetX): Starting evolution...
INFO (ODESolvers): ODE integrator is RK4
INFO (CarpetX): OutputGH: iteration 1, time 0.003906, run time 1 s
INFO (CarpetX): OutputGH done.
INFO (CarpetX): Simulation time: 0.00390625   Iterations per second: 19.3229   Simulation time per second: 0.07548
INFO (CarpetX): Grid cells: 4096   Grid cell updates per second: 79146.6
INFO (CarpetX): Performance:
INFO (CarpetX):   total evolution time:            0.0517521 sec
INFO (CarpetX):   total evolution compute time:    0.051743 sec
INFO (CarpetX):   total evolution output time:     9.05991e-06 sec
INFO (CarpetX):   total iterations:                1
INFO (CarpetX):   total cells updated:             4096
INFO (CarpetX):   average iterations per second: 19.3229
INFO (CarpetX):   average cell updates per second: 79146.6
INFO (CarpetX): OutputGH: iteration 2, time 0.007812, run time 1 s
INFO (CarpetX): OutputGH done.
INFO (CarpetX): Simulation time: 0.0078125   Iterations per second: 19.8267   Simulation time per second: 0.077448
INFO (CarpetX): Grid cells: 4096   Grid cell updates per second: 81210.1
INFO (CarpetX): Performance:
INFO (CarpetX):   total evolution time:            0.100874 sec
INFO (CarpetX):   total evolution compute time:    0.100856 sec
INFO (CarpetX):   total evolution output time:     1.81198e-05 sec
INFO (CarpetX):   total iterations:                2
INFO (CarpetX):   total cells updated:             8192
INFO (CarpetX):   average iterations per second: 19.8267
INFO (CarpetX):   average cell updates per second: 81210.1
INFO (CarpetX): OutputGH: iteration 3, time 0.011719, run time 1 s
INFO (CarpetX): OutputGH done.
INFO (CarpetX): Simulation time: 0.0117188   Iterations per second: 20.0228   Simulation time per second: 0.0782141
INFO (CarpetX): Grid cells: 4096   Grid cell updates per second: 82013.4
INFO (CarpetX): Performance:
INFO (CarpetX):   total evolution time:            0.149829 sec
INFO (CarpetX):   total evolution compute time:    0.149802 sec
INFO (CarpetX):   total evolution output time:     2.71797e-05 sec
INFO (CarpetX):   total iterations:                3
INFO (CarpetX):   total cells updated:             12288
INFO (CarpetX):   average iterations per second: 20.0228
INFO (CarpetX):   average cell updates per second: 82013.4
INFO (CarpetX): OutputGH: iteration 4, time 0.015625, run time 1 s
INFO (CarpetX): OutputGH done.
INFO (CarpetX): Simulation time: 0.015625   Iterations per second: 20.114   Simulation time per second: 0.0785704
INFO (CarpetX): Grid cells: 4096   Grid cell updates per second: 82387.1
INFO (CarpetX): Performance:
INFO (CarpetX):   total evolution time:            0.198866 sec
INFO (CarpetX):   total evolution compute time:    0.19883 sec
INFO (CarpetX):   total evolution output time:     3.62396e-05 sec
INFO (CarpetX):   total iterations:                4
INFO (CarpetX):   total cells updated:             16384
INFO (CarpetX):   average iterations per second: 20.114
INFO (CarpetX):   average cell updates per second: 82387.1
INFO (CarpetX): OutputGH: iteration 5, time 0.019531, run time 2 s
INFO (CarpetX): OutputGH done.
INFO (CarpetX): Simulation time: 0.0195312   Iterations per second: 20.1775   Simulation time per second: 0.0788183
INFO (CarpetX): Grid cells: 4096   Grid cell updates per second: 82646.9
INFO (CarpetX): Performance:
INFO (CarpetX):   total evolution time:            0.247801 sec
INFO (CarpetX):   total evolution compute time:    0.247755 sec
INFO (CarpetX):   total evolution output time:     4.62532e-05 sec
INFO (CarpetX):   total iterations:                5
INFO (CarpetX):   total cells updated:             20480
INFO (CarpetX):   average iterations per second: 20.1775
INFO (CarpetX):   average cell updates per second: 82646.9
INFO (CarpetX): OutputGH: iteration 6, time 0.023438, run time 2 s
INFO (CarpetX): OutputGH done.
INFO (CarpetX): Simulation time: 0.0234375   Iterations per second: 20.2015   Simulation time per second: 0.0789123
INFO (CarpetX): Grid cells: 4096   Grid cell updates per second: 82745.5
INFO (CarpetX): Performance:
INFO (CarpetX):   total evolution time:            0.297007 sec
INFO (CarpetX):   total evolution compute time:    0.29695 sec
INFO (CarpetX):   total evolution output time:     5.72205e-05 sec
INFO (CarpetX):   total iterations:                6
INFO (CarpetX):   total cells updated:             24576
INFO (CarpetX):   average iterations per second: 20.2015
INFO (CarpetX):   average cell updates per second: 82745.5
INFO (CarpetX): OutputGH: iteration 7, time 0.027344, run time 2 s
INFO (CarpetX): OutputGH done.
INFO (CarpetX): Simulation time: 0.0273438   Iterations per second: 20.2304   Simulation time per second: 0.0790249
INFO (CarpetX): Grid cells: 4096   Grid cell updates per second: 82863.6
INFO (CarpetX): Performance:
INFO (CarpetX):   total evolution time:            0.346014 sec
INFO (CarpetX):   total evolution compute time:    0.345948 sec
INFO (CarpetX):   total evolution output time:     6.60419e-05 sec
INFO (CarpetX):   total iterations:                7
INFO (CarpetX):   total cells updated:             28672
INFO (CarpetX):   average iterations per second: 20.2304
INFO (CarpetX):   average cell updates per second: 82863.6
INFO (CarpetX): OutputGH: iteration 8, time 0.031250, run time 2 s
INFO (CarpetX): OutputGH done.
INFO (CarpetX): Simulation time: 0.03125   Iterations per second: 20.2509   Simulation time per second: 0.079105
INFO (CarpetX): Grid cells: 4096   Grid cell updates per second: 82947.7
INFO (CarpetX): Performance:
INFO (CarpetX):   total evolution time:            0.395044 sec
INFO (CarpetX):   total evolution compute time:    0.394968 sec
INFO (CarpetX):   total evolution output time:     7.60555e-05 sec
INFO (CarpetX):   total iterations:                8
INFO (CarpetX):   total cells updated:             32768
INFO (CarpetX):   average iterations per second: 20.2509
INFO (CarpetX):   average cell updates per second: 82947.7
INFO (CarpetX): OutputGH: iteration 9, time 0.035156, run time 2 s
INFO (CarpetX): OutputGH done.
INFO (CarpetX): Simulation time: 0.0351562   Iterations per second: 20.2693   Simulation time per second: 0.079177
INFO (CarpetX): Grid cells: 4096   Grid cell updates per second: 83023.1
INFO (CarpetX): Performance:
INFO (CarpetX):   total evolution time:            0.444021 sec
INFO (CarpetX):   total evolution compute time:    0.443937 sec
INFO (CarpetX):   total evolution output time:     8.39233e-05 sec
INFO (CarpetX):   total iterations:                9
INFO (CarpetX):   total cells updated:             36864
INFO (CarpetX):   average iterations per second: 20.2693
INFO (CarpetX):   average cell updates per second: 83023.1
INFO (CarpetX): OutputGH: iteration 10, time 0.039062, run time 2 s
INFO (CarpetX): OutputGH done.
INFO (CarpetX): Simulation time: 0.0390625   Iterations per second: 20.29   Simulation time per second: 0.0792579
INFO (CarpetX): Grid cells: 4096   Grid cell updates per second: 83107.9
INFO (CarpetX): Performance:
INFO (CarpetX):   total evolution time:            0.492853 sec
INFO (CarpetX):   total evolution compute time:    0.492749 sec
INFO (CarpetX):   total evolution output time:     0.000103951 sec
INFO (CarpetX):   total iterations:                10
INFO (CarpetX):   total cells updated:             40960
INFO (CarpetX):   average iterations per second: 20.29
INFO (CarpetX):   average cell updates per second: 83107.9
INFO (CarpetX): OutputGH: iteration 11, time 0.042969, run time 2 s
INFO (CarpetX): OutputGH done.
INFO (CarpetX): Simulation time: 0.0429688   Iterations per second: 20.3092   Simulation time per second: 0.079333
INFO (CarpetX): Grid cells: 4096   Grid cell updates per second: 83186.7
INFO (CarpetX): Performance:
INFO (CarpetX):   total evolution time:            0.541672 sec
INFO (CarpetX):   total evolution compute time:    0.541558 sec
INFO (CarpetX):   total evolution output time:     0.000113726 sec
INFO (CarpetX):   total iterations:                11
INFO (CarpetX):   total cells updated:             45056
INFO (CarpetX):   average iterations per second: 20.3075
INFO (CarpetX):   average cell updates per second: 83179.5
INFO (CarpetX): OutputGH: iteration 12, time 0.046875, run time 2 s
INFO (CarpetX): OutputGH done.
INFO (CarpetX): Simulation time: 0.046875   Iterations per second: 20.3231   Simulation time per second: 0.0793871
INFO (CarpetX): Grid cells: 4096   Grid cell updates per second: 83243.4
INFO (CarpetX): Performance:
INFO (CarpetX):   total evolution time:            0.590575 sec
INFO (CarpetX):   total evolution compute time:    0.590454 sec
INFO (CarpetX):   total evolution output time:     0.000120878 sec
INFO (CarpetX):   total iterations:                12
INFO (CarpetX):   total cells updated:             49152
INFO (CarpetX):   average iterations per second: 20.3192
INFO (CarpetX):   average cell updates per second: 83227.4
INFO (CarpetX): OutputGH: iteration 13, time 0.050781, run time 2 s
INFO (CarpetX): OutputGH done.
INFO (CarpetX): Simulation time: 0.0507812   Iterations per second: 20.3326   Simulation time per second: 0.0794242
INFO (CarpetX): Grid cells: 4096   Grid cell updates per second: 83282.4
INFO (CarpetX): Performance:
INFO (CarpetX):   total evolution time:            0.63955 sec
INFO (CarpetX):   total evolution compute time:    0.63942 sec
INFO (CarpetX):   total evolution output time:     0.0001297 sec
INFO (CarpetX):   total iterations:                13
INFO (CarpetX):   total cells updated:             53248
INFO (CarpetX):   average iterations per second: 20.3268
INFO (CarpetX):   average cell updates per second: 83258.5
INFO (CarpetX): OutputGH: iteration 14, time 0.054688, run time 2 s
INFO (CarpetX): OutputGH done.
INFO (CarpetX): Simulation time: 0.0546875   Iterations per second: 20.3404   Simulation time per second: 0.0794548
INFO (CarpetX): Grid cells: 4096   Grid cell updates per second: 83314.4
INFO (CarpetX): Performance:
INFO (CarpetX):   total evolution time:            0.688543 sec
INFO (CarpetX):   total evolution compute time:    0.688406 sec
INFO (CarpetX):   total evolution output time:     0.000137568 sec
INFO (CarpetX):   total iterations:                14
INFO (CarpetX):   total cells updated:             57344
INFO (CarpetX):   average iterations per second: 20.3328
INFO (CarpetX):   average cell updates per second: 83283.1
INFO (CarpetX): OutputGH: iteration 15, time 0.058594, run time 2 s
INFO (CarpetX): OutputGH done.
INFO (CarpetX): Simulation time: 0.0585938   Iterations per second: 20.351   Simulation time per second: 0.079496
INFO (CarpetX): Grid cells: 4096   Grid cell updates per second: 83357.6
INFO (CarpetX): Performance:
INFO (CarpetX):   total evolution time:            0.737451 sec
INFO (CarpetX):   total evolution compute time:    0.737303 sec
INFO (CarpetX):   total evolution output time:     0.000147581 sec
INFO (CarpetX):   total iterations:                15
INFO (CarpetX):   total cells updated:             61440
INFO (CarpetX):   average iterations per second: 20.3403
INFO (CarpetX):   average cell updates per second: 83314
INFO (CarpetX): OutputGH: iteration 16, time 0.062500, run time 2 s
INFO (CarpetX): OutputGH done.
INFO (CarpetX): Simulation time: 0.0625   Iterations per second: 20.3589   Simulation time per second: 0.0795269
INFO (CarpetX): Grid cells: 4096   Grid cell updates per second: 83390
INFO (CarpetX): Performance:
INFO (CarpetX):   total evolution time:            0.786398 sec
INFO (CarpetX):   total evolution compute time:    0.786242 sec
INFO (CarpetX):   total evolution output time:     0.000155687 sec
INFO (CarpetX):   total iterations:                16
INFO (CarpetX):   total cells updated:             65536
INFO (CarpetX):   average iterations per second: 20.3459
INFO (CarpetX):   average cell updates per second: 83336.9
INFO (CarpetX): OutputGH: iteration 17, time 0.066406, run time 2 s
INFO (CarpetX): OutputGH done.
INFO (CarpetX): Simulation time: 0.0664062   Iterations per second: 20.3537   Simulation time per second: 0.0795067
INFO (CarpetX): Grid cells: 4096   Grid cell updates per second: 83368.9
INFO (CarpetX): Performance:
INFO (CarpetX):   total evolution time:            0.835641 sec
INFO (CarpetX):   total evolution compute time:    0.835474 sec
INFO (CarpetX):   total evolution output time:     0.000167608 sec
INFO (CarpetX):   total iterations:                17
INFO (CarpetX):   total cells updated:             69632
INFO (CarpetX):   average iterations per second: 20.3437
INFO (CarpetX):   average cell updates per second: 83327.6
INFO (CarpetX): OutputGH: iteration 18, time 0.070312, run time 2 s
INFO (CarpetX): OutputGH done.
INFO (CarpetX): Simulation time: 0.0703125   Iterations per second: 20.3531   Simulation time per second: 0.0795043
INFO (CarpetX): Grid cells: 4096   Grid cell updates per second: 83366.3
INFO (CarpetX): Performance:
INFO (CarpetX):   total evolution time:            0.884787 sec
INFO (CarpetX):   total evolution compute time:    0.88461 sec
INFO (CarpetX):   total evolution output time:     0.000177383 sec
INFO (CarpetX):   total iterations:                18
INFO (CarpetX):   total cells updated:             73728
INFO (CarpetX):   average iterations per second: 20.3439
INFO (CarpetX):   average cell updates per second: 83328.5
INFO (CarpetX): OutputGH: iteration 19, time 0.074219, run time 2 s
INFO (CarpetX): OutputGH done.
INFO (CarpetX): Simulation time: 0.0742188   Iterations per second: 20.3617   Simulation time per second: 0.0795377
INFO (CarpetX): Grid cells: 4096   Grid cell updates per second: 83401.3
INFO (CarpetX): Performance:
INFO (CarpetX):   total evolution time:            0.933713 sec
INFO (CarpetX):   total evolution compute time:    0.933527 sec
INFO (CarpetX):   total evolution output time:     0.000186443 sec
INFO (CarpetX):   total iterations:                19
INFO (CarpetX):   total cells updated:             77824
INFO (CarpetX):   average iterations per second: 20.3489
INFO (CarpetX):   average cell updates per second: 83348.9
INFO (CarpetX): OutputGH: iteration 20, time 0.078125, run time 2 s
INFO (CarpetX): OutputGH done.
INFO (CarpetX): Simulation time: 0.078125   Iterations per second: 20.3724   Simulation time per second: 0.0795795
INFO (CarpetX): Grid cells: 4096   Grid cell updates per second: 83445.1
INFO (CarpetX): Performance:
INFO (CarpetX):   total evolution time:            0.982568 sec
INFO (CarpetX):   total evolution compute time:    0.982373 sec
INFO (CarpetX):   total evolution output time:     0.00019455 sec
INFO (CarpetX):   total iterations:                20
INFO (CarpetX):   total cells updated:             81920
INFO (CarpetX):   average iterations per second: 20.3548
INFO (CarpetX):   average cell updates per second: 83373.4
INFO (CarpetX): OutputGH: iteration 21, time 0.082031, run time 2 s
INFO (CarpetX): OutputGH done.
INFO (CarpetX): Simulation time: 0.0820312   Iterations per second: 20.3627   Simulation time per second: 0.0795419
INFO (CarpetX): Grid cells: 4096   Grid cell updates per second: 83405.8
INFO (CarpetX): Performance:
INFO (CarpetX):   total evolution time:            1.03189 sec
INFO (CarpetX):   total evolution compute time:    1.03168 sec
INFO (CarpetX):   total evolution output time:     0.000205517 sec
INFO (CarpetX):   total iterations:                21
INFO (CarpetX):   total cells updated:             86016
INFO (CarpetX):   average iterations per second: 20.3511
INFO (CarpetX):   average cell updates per second: 83358.1
INFO (CarpetX): OutputGH: iteration 22, time 0.085938, run time 2 s
INFO (CarpetX): OutputGH done.
INFO (CarpetX): Simulation time: 0.0859375   Iterations per second: 20.3311   Simulation time per second: 0.0794185
INFO (CarpetX): Grid cells: 4096   Grid cell updates per second: 83276.3
INFO (CarpetX): Performance:
INFO (CarpetX):   total evolution time:            1.08176 sec
INFO (CarpetX):   total evolution compute time:    1.08154 sec
INFO (CarpetX):   total evolution output time:     0.000217438 sec
INFO (CarpetX):   total iterations:                22
INFO (CarpetX):   total cells updated:             90112
INFO (CarpetX):   average iterations per second: 20.3373
INFO (CarpetX):   average cell updates per second: 83301.4
INFO (CarpetX): OutputGH: iteration 23, time 0.089844, run time 2 s
INFO (CarpetX): OutputGH done.
INFO (CarpetX): Simulation time: 0.0898438   Iterations per second: 20.3274   Simulation time per second: 0.0794041
INFO (CarpetX): Grid cells: 4096   Grid cell updates per second: 83261.2
INFO (CarpetX): Performance:
INFO (CarpetX):   total evolution time:            1.13103 sec
INFO (CarpetX):   total evolution compute time:    1.1308 sec
INFO (CarpetX):   total evolution output time:     0.000228405 sec
INFO (CarpetX):   total iterations:                23
INFO (CarpetX):   total cells updated:             94208
INFO (CarpetX):   average iterations per second: 20.3354
INFO (CarpetX):   average cell updates per second: 83293.8
INFO (CarpetX): OutputGH: iteration 24, time 0.093750, run time 2 s
INFO (CarpetX): OutputGH done.
INFO (CarpetX): Simulation time: 0.09375   Iterations per second: 20.321   Simulation time per second: 0.0793788
INFO (CarpetX): Grid cells: 4096   Grid cell updates per second: 83234.7
INFO (CarpetX): Performance:
INFO (CarpetX):   total evolution time:            1.18038 sec
INFO (CarpetX):   total evolution compute time:    1.18014 sec
INFO (CarpetX):   total evolution output time:     0.000240564 sec
INFO (CarpetX):   total iterations:                24
INFO (CarpetX):   total cells updated:             98304
INFO (CarpetX):   average iterations per second: 20.3324
INFO (CarpetX):   average cell updates per second: 83281.4
INFO (CarpetX): OutputGH: iteration 25, time 0.097656, run time 3 s
INFO (CarpetX): OutputGH done.
INFO (CarpetX): Simulation time: 0.0976562   Iterations per second: 20.323   Simulation time per second: 0.0793866
INFO (CarpetX): Grid cells: 4096   Grid cell updates per second: 83242.9
INFO (CarpetX): Performance:
INFO (CarpetX):   total evolution time:            1.22955 sec
INFO (CarpetX):   total evolution compute time:    1.22929 sec
INFO (CarpetX):   total evolution output time:     0.000251532 sec
INFO (CarpetX):   total iterations:                25
INFO (CarpetX):   total cells updated:             102400
INFO (CarpetX):   average iterations per second: 20.3327
INFO (CarpetX):   average cell updates per second: 83282.8
INFO (CarpetX): OutputGH: iteration 26, time 0.101562, run time 3 s
INFO (CarpetX): OutputGH done.
INFO (CarpetX): Simulation time: 0.101562   Iterations per second: 20.3283   Simulation time per second: 0.0794073
INFO (CarpetX): Grid cells: 4096   Grid cell updates per second: 83264.6
INFO (CarpetX): Performance:
INFO (CarpetX):   total evolution time:            1.27862 sec
INFO (CarpetX):   total evolution compute time:    1.27836 sec
INFO (CarpetX):   total evolution output time:     0.000261307 sec
INFO (CarpetX):   total iterations:                26
INFO (CarpetX):   total cells updated:             106496
INFO (CarpetX):   average iterations per second: 20.3344
INFO (CarpetX):   average cell updates per second: 83289.6
INFO (CarpetX): OutputGH: iteration 27, time 0.105469, run time 3 s
INFO (CarpetX): OutputGH done.
INFO (CarpetX): Simulation time: 0.105469   Iterations per second: 20.3397   Simulation time per second: 0.0794518
INFO (CarpetX): Grid cells: 4096   Grid cell updates per second: 83311.2
INFO (CarpetX): Performance:
INFO (CarpetX):   total evolution time:            1.32754 sec
INFO (CarpetX):   total evolution compute time:    1.32727 sec
INFO (CarpetX):   total evolution output time:     0.000270367 sec
INFO (CarpetX):   total iterations:                27
INFO (CarpetX):   total cells updated:             110592
INFO (CarpetX):   average iterations per second: 20.3384
INFO (CarpetX):   average cell updates per second: 83305.9
INFO (CarpetX): OutputGH: iteration 28, time 0.109375, run time 3 s
INFO (CarpetX): OutputGH done.
INFO (CarpetX): Simulation time: 0.109375   Iterations per second: 20.3507   Simulation time per second: 0.079495
INFO (CarpetX): Grid cells: 4096   Grid cell updates per second: 83356.5
INFO (CarpetX): Performance:
INFO (CarpetX):   total evolution time:            1.37644 sec
INFO (CarpetX):   total evolution compute time:    1.37616 sec
INFO (CarpetX):   total evolution output time:     0.000279188 sec
INFO (CarpetX):   total iterations:                28
INFO (CarpetX):   total cells updated:             114688
INFO (CarpetX):   average iterations per second: 20.3424
INFO (CarpetX):   average cell updates per second: 83322.3
INFO (CarpetX): OutputGH: iteration 29, time 0.113281, run time 3 s
INFO (CarpetX): OutputGH done.
INFO (CarpetX): Simulation time: 0.113281   Iterations per second: 20.3498   Simulation time per second: 0.0794915
INFO (CarpetX): Grid cells: 4096   Grid cell updates per second: 83352.8
INFO (CarpetX): Performance:
INFO (CarpetX):   total evolution time:            1.4256 sec
INFO (CarpetX):   total evolution compute time:    1.42531 sec
INFO (CarpetX):   total evolution output time:     0.000291109 sec
INFO (CarpetX):   total iterations:                29
INFO (CarpetX):   total cells updated:             118784
INFO (CarpetX):   average iterations per second: 20.3423
INFO (CarpetX):   average cell updates per second: 83322.2
INFO (CarpetX): OutputGH: iteration 30, time 0.117188, run time 3 s
INFO (CarpetX): OutputGH done.
INFO (CarpetX): Simulation time: 0.117188   Iterations per second: 20.3519   Simulation time per second: 0.0794995
INFO (CarpetX): Grid cells: 4096   Grid cell updates per second: 83361.3
INFO (CarpetX): Performance:
INFO (CarpetX):   total evolution time:            1.47469 sec
INFO (CarpetX):   total evolution compute time:    1.47439 sec
INFO (CarpetX):   total evolution output time:     0.000299931 sec
INFO (CarpetX):   total iterations:                30
INFO (CarpetX):   total cells updated:             122880
INFO (CarpetX):   average iterations per second: 20.3433
INFO (CarpetX):   average cell updates per second: 83326
INFO (CarpetX): OutputGH: iteration 31, time 0.121094, run time 3 s
INFO (CarpetX): OutputGH done.
INFO (CarpetX): Simulation time: 0.121094   Iterations per second: 20.3613   Simulation time per second: 0.0795363
INFO (CarpetX): Grid cells: 4096   Grid cell updates per second: 83399.9
INFO (CarpetX): Performance:
INFO (CarpetX):   total evolution time:            1.5236 sec
INFO (CarpetX):   total evolution compute time:    1.52329 sec
INFO (CarpetX):   total evolution output time:     0.00030899 sec
INFO (CarpetX):   total iterations:                31
INFO (CarpetX):   total cells updated:             126976
INFO (CarpetX):   average iterations per second: 20.3466
INFO (CarpetX):   average cell updates per second: 83339.6
INFO (CarpetX): OutputGH: iteration 32, time 0.125000, run time 3 s
INFO (CarpetX): OutputGH done.
INFO (CarpetX): Simulation time: 0.125   Iterations per second: 20.3647   Simulation time per second: 0.0795496
INFO (CarpetX): Grid cells: 4096   Grid cell updates per second: 83413.8
INFO (CarpetX): Performance:
INFO (CarpetX):   total evolution time:            1.57263 sec
INFO (CarpetX):   total evolution compute time:    1.57231 sec
INFO (CarpetX):   total evolution output time:     0.000319004 sec
INFO (CarpetX):   total iterations:                32
INFO (CarpetX):   total cells updated:             131072
INFO (CarpetX):   average iterations per second: 20.3481
INFO (CarpetX):   average cell updates per second: 83345.8
INFO (CarpetX): OutputGH: iteration 33, time 0.128906, run time 3 s
INFO (CarpetX): OutputGH done.
INFO (CarpetX): Simulation time: 0.128906   Iterations per second: 20.3662   Simulation time per second: 0.0795557
INFO (CarpetX): Grid cells: 4096   Grid cell updates per second: 83420.2
INFO (CarpetX): Performance:
INFO (CarpetX):   total evolution time:            1.6217 sec
INFO (CarpetX):   total evolution compute time:    1.62137 sec
INFO (CarpetX):   total evolution output time:     0.000328064 sec
INFO (CarpetX):   total iterations:                33
INFO (CarpetX):   total cells updated:             135168
INFO (CarpetX):   average iterations per second: 20.3491
INFO (CarpetX):   average cell updates per second: 83349.8
INFO (CarpetX): OutputGH: iteration 34, time 0.132812, run time 3 s
INFO (CarpetX): OutputGH done.
INFO (CarpetX): Simulation time: 0.132812   Iterations per second: 20.3631   Simulation time per second: 0.0795433
INFO (CarpetX): Grid cells: 4096   Grid cell updates per second: 83407.2
INFO (CarpetX): Performance:
INFO (CarpetX):   total evolution time:            1.67087 sec
INFO (CarpetX):   total evolution compute time:    1.67053 sec
INFO (CarpetX):   total evolution output time:     0.000338078 sec
INFO (CarpetX):   total iterations:                34
INFO (CarpetX):   total cells updated:             139264
INFO (CarpetX):   average iterations per second: 20.3487
INFO (CarpetX):   average cell updates per second: 83348.1
INFO (CarpetX): OutputGH: iteration 35, time 0.136719, run time 3 s
INFO (CarpetX): OutputGH done.
INFO (CarpetX): Simulation time: 0.136719   Iterations per second: 20.3673   Simulation time per second: 0.0795596
INFO (CarpetX): Grid cells: 4096   Grid cell updates per second: 83424.3
INFO (CarpetX): Performance:
INFO (CarpetX):   total evolution time:            1.71988 sec
INFO (CarpetX):   total evolution compute time:    1.71953 sec
INFO (CarpetX):   total evolution output time:     0.000348091 sec
INFO (CarpetX):   total iterations:                35
INFO (CarpetX):   total cells updated:             143360
INFO (CarpetX):   average iterations per second: 20.3503
INFO (CarpetX):   average cell updates per second: 83354.6
INFO (CarpetX): OutputGH: iteration 36, time 0.140625, run time 3 s
INFO (CarpetX): OutputGH done.
INFO (CarpetX): Simulation time: 0.140625   Iterations per second: 20.3682   Simulation time per second: 0.0795633
INFO (CarpetX): Grid cells: 4096   Grid cell updates per second: 83428.1
INFO (CarpetX): Performance:
INFO (CarpetX):   total evolution time:            1.76896 sec
INFO (CarpetX):   total evolution compute time:    1.7686 sec
INFO (CarpetX):   total evolution output time:     0.000356913 sec
INFO (CarpetX):   total iterations:                36
INFO (CarpetX):   total cells updated:             147456
INFO (CarpetX):   average iterations per second: 20.351
INFO (CarpetX):   average cell updates per second: 83357.6
INFO (CarpetX): OutputGH: iteration 37, time 0.144531, run time 3 s
INFO (CarpetX): OutputGH done.
INFO (CarpetX): Simulation time: 0.144531   Iterations per second: 20.3606   Simulation time per second: 0.0795336
INFO (CarpetX): Grid cells: 4096   Grid cell updates per second: 83397.1
INFO (CarpetX): Performance:
INFO (CarpetX):   total evolution time:            1.81824 sec
INFO (CarpetX):   total evolution compute time:    1.81787 sec
INFO (CarpetX):   total evolution output time:     0.000368118 sec
INFO (CarpetX):   total iterations:                37
INFO (CarpetX):   total cells updated:             151552
INFO (CarpetX):   average iterations per second: 20.3494
INFO (CarpetX):   average cell updates per second: 83351.2
INFO (CarpetX): OutputGH: iteration 38, time 0.148438, run time 3 s
INFO (CarpetX): OutputGH done.
INFO (CarpetX): Simulation time: 0.148438   Iterations per second: 20.3497   Simulation time per second: 0.079491
INFO (CarpetX): Grid cells: 4096   Grid cell updates per second: 83352.3
INFO (CarpetX): Performance:
INFO (CarpetX):   total evolution time:            1.86761 sec
INFO (CarpetX):   total evolution compute time:    1.86723 sec
INFO (CarpetX):   total evolution output time:     0.000379086 sec
INFO (CarpetX):   total iterations:                38
INFO (CarpetX):   total cells updated:             155648
INFO (CarpetX):   average iterations per second: 20.3468
INFO (CarpetX):   average cell updates per second: 83340.6
INFO (CarpetX): OutputGH: iteration 39, time 0.152344, run time 3 s
INFO (CarpetX): OutputGH done.
INFO (CarpetX): Simulation time: 0.152344   Iterations per second: 20.3499   Simulation time per second: 0.0794917
INFO (CarpetX): Grid cells: 4096   Grid cell updates per second: 83353.1
INFO (CarpetX): Performance:
INFO (CarpetX):   total evolution time:            1.91675 sec
INFO (CarpetX):   total evolution compute time:    1.91636 sec
INFO (CarpetX):   total evolution output time:     0.000390291 sec
INFO (CarpetX):   total iterations:                39
INFO (CarpetX):   total cells updated:             159744
INFO (CarpetX):   average iterations per second: 20.3469
INFO (CarpetX):   average cell updates per second: 83341.1
INFO (CarpetX): OutputGH: iteration 40, time 0.156250, run time 3 s
INFO (CarpetX): OutputGH done.
INFO (CarpetX): Simulation time: 0.15625   Iterations per second: 20.3539   Simulation time per second: 0.0795073
INFO (CarpetX): Grid cells: 4096   Grid cell updates per second: 83369.5
INFO (CarpetX): Performance:
INFO (CarpetX):   total evolution time:            1.96579 sec
INFO (CarpetX):   total evolution compute time:    1.96539 sec
INFO (CarpetX):   total evolution output time:     0.000400305 sec
INFO (CarpetX):   total iterations:                40
INFO (CarpetX):   total cells updated:             163840
INFO (CarpetX):   average iterations per second: 20.348
INFO (CarpetX):   average cell updates per second: 83345.5
INFO (CarpetX): OutputGH: iteration 41, time 0.160156, run time 3 s
INFO (CarpetX): OutputGH done.
INFO (CarpetX): Simulation time: 0.160156   Iterations per second: 20.3596   Simulation time per second: 0.0795298
INFO (CarpetX): Grid cells: 4096   Grid cell updates per second: 83393
INFO (CarpetX): Performance:
INFO (CarpetX):   total evolution time:            2.01479 sec
INFO (CarpetX):   total evolution compute time:    2.01437 sec
INFO (CarpetX):   total evolution output time:     0.000410318 sec
INFO (CarpetX):   total iterations:                41
INFO (CarpetX):   total cells updated:             167936
INFO (CarpetX):   average iterations per second: 20.3496
INFO (CarpetX):   average cell updates per second: 83351.8
INFO (CarpetX): OutputGH: iteration 42, time 0.164062, run time 3 s
INFO (CarpetX): OutputGH done.
INFO (CarpetX): Simulation time: 0.164062   Iterations per second: 20.3517   Simulation time per second: 0.079499
INFO (CarpetX): Grid cells: 4096   Grid cell updates per second: 83360.7
INFO (CarpetX): Performance:
INFO (CarpetX):   total evolution time:            2.06409 sec
INFO (CarpetX):   total evolution compute time:    2.06367 sec
INFO (CarpetX):   total evolution output time:     0.000421524 sec
INFO (CarpetX):   total iterations:                42
INFO (CarpetX):   total cells updated:             172032
INFO (CarpetX):   average iterations per second: 20.3479
INFO (CarpetX):   average cell updates per second: 83345.1
INFO (CarpetX): OutputGH: iteration 43, time 0.167969, run time 3 s
INFO (CarpetX): OutputGH done.
INFO (CarpetX): Simulation time: 0.167969   Iterations per second: 20.3527   Simulation time per second: 0.0795027
INFO (CarpetX): Grid cells: 4096   Grid cell updates per second: 83364.6
INFO (CarpetX): Performance:
INFO (CarpetX):   total evolution time:            2.11321 sec
INFO (CarpetX):   total evolution compute time:    2.11277 sec
INFO (CarpetX):   total evolution output time:     0.000431538 sec
INFO (CarpetX):   total iterations:                43
INFO (CarpetX):   total cells updated:             176128
INFO (CarpetX):   average iterations per second: 20.3482
INFO (CarpetX):   average cell updates per second: 83346.4
INFO (CarpetX): OutputGH: iteration 44, time 0.171875, run time 3 s
INFO (CarpetX): OutputGH done.
INFO (CarpetX): Simulation time: 0.171875   Iterations per second: 20.3492   Simulation time per second: 0.0794889
INFO (CarpetX): Grid cells: 4096   Grid cell updates per second: 83350.1
INFO (CarpetX): Performance:
INFO (CarpetX):   total evolution time:            2.16242 sec
INFO (CarpetX):   total evolution compute time:    2.16198 sec
INFO (CarpetX):   total evolution output time:     0.000441551 sec
INFO (CarpetX):   total iterations:                44
INFO (CarpetX):   total cells updated:             180224
INFO (CarpetX):   average iterations per second: 20.3475
INFO (CarpetX):   average cell updates per second: 83343.5
INFO (CarpetX): OutputGH: iteration 45, time 0.175781, run time 3 s
INFO (CarpetX): OutputGH done.
INFO (CarpetX): Simulation time: 0.175781   Iterations per second: 20.3582   Simulation time per second: 0.079524
INFO (CarpetX): Grid cells: 4096   Grid cell updates per second: 83387
INFO (CarpetX): Performance:
INFO (CarpetX):   total evolution time:            2.21135 sec
INFO (CarpetX):   total evolution compute time:    2.2109 sec
INFO (CarpetX):   total evolution output time:     0.000449419 sec
INFO (CarpetX):   total iterations:                45
INFO (CarpetX):   total cells updated:             184320
INFO (CarpetX):   average iterations per second: 20.3496
INFO (CarpetX):   average cell updates per second: 83351.8
INFO (CarpetX): OutputGH: iteration 46, time 0.179688, run time 4 s
INFO (CarpetX): OutputGH done.
INFO (CarpetX): Simulation time: 0.179688   Iterations per second: 20.3692   Simulation time per second: 0.079567
INFO (CarpetX): Grid cells: 4096   Grid cell updates per second: 83432.1
INFO (CarpetX): Performance:
INFO (CarpetX):   total evolution time:            2.2602 sec
INFO (CarpetX):   total evolution compute time:    2.25975 sec
INFO (CarpetX):   total evolution output time:     0.000458241 sec
INFO (CarpetX):   total iterations:                46
INFO (CarpetX):   total cells updated:             188416
INFO (CarpetX):   average iterations per second: 20.3521
INFO (CarpetX):   average cell updates per second: 83362.4
INFO (CarpetX): OutputGH: iteration 47, time 0.183594, run time 4 s
INFO (CarpetX): OutputGH done.
INFO (CarpetX): Simulation time: 0.183594   Iterations per second: 20.3719   Simulation time per second: 0.0795777
INFO (CarpetX): Grid cells: 4096   Grid cell updates per second: 83443.3
INFO (CarpetX): Performance:
INFO (CarpetX):   total evolution time:            2.30923 sec
INFO (CarpetX):   total evolution compute time:    2.30877 sec
INFO (CarpetX):   total evolution output time:     0.000466108 sec
INFO (CarpetX):   total iterations:                47
INFO (CarpetX):   total cells updated:             192512
INFO (CarpetX):   average iterations per second: 20.3531
INFO (CarpetX):   average cell updates per second: 83366.2
INFO (CarpetX): OutputGH: iteration 48, time 0.187500, run time 4 s
INFO (CarpetX): OutputGH done.
INFO (CarpetX): Simulation time: 0.1875   Iterations per second: 20.3822   Simulation time per second: 0.079618
INFO (CarpetX): Grid cells: 4096   Grid cell updates per second: 83485.5
INFO (CarpetX): Performance:
INFO (CarpetX):   total evolution time:            2.35807 sec
INFO (CarpetX):   total evolution compute time:    2.3576 sec
INFO (CarpetX):   total evolution output time:     0.000473022 sec
INFO (CarpetX):   total iterations:                48
INFO (CarpetX):   total cells updated:             196608
INFO (CarpetX):   average iterations per second: 20.3556
INFO (CarpetX):   average cell updates per second: 83376.6
INFO (CarpetX): OutputGH: iteration 49, time 0.191406, run time 4 s
INFO (CarpetX): OutputGH done.
INFO (CarpetX): Simulation time: 0.191406   Iterations per second: 20.3858   Simulation time per second: 0.0796322
INFO (CarpetX): Grid cells: 4096   Grid cell updates per second: 83500.4
INFO (CarpetX): Performance:
INFO (CarpetX):   total evolution time:            2.40705 sec
INFO (CarpetX):   total evolution compute time:    2.40654 sec
INFO (CarpetX):   total evolution output time:     0.00050807 sec
INFO (CarpetX):   total iterations:                49
INFO (CarpetX):   total cells updated:             200704
INFO (CarpetX):   average iterations per second: 20.3569
INFO (CarpetX):   average cell updates per second: 83381.9
INFO (CarpetX): OutputGH: iteration 50, time 0.195312, run time 4 s
INFO (CarpetX): OutputGH done.
INFO (CarpetX): Simulation time: 0.195312   Iterations per second: 20.3905   Simulation time per second: 0.0796503
INFO (CarpetX): Grid cells: 4096   Grid cell updates per second: 83519.4
INFO (CarpetX): Performance:
INFO (CarpetX):   total evolution time:            2.45599 sec
INFO (CarpetX):   total evolution compute time:    2.45547 sec
INFO (CarpetX):   total evolution output time:     0.00051713 sec
INFO (CarpetX):   total iterations:                50
INFO (CarpetX):   total cells updated:             204800
INFO (CarpetX):   average iterations per second: 20.3584
INFO (CarpetX):   average cell updates per second: 83388
INFO (CarpetX): OutputGH: iteration 51, time 0.199219, run time 4 s
INFO (CarpetX): OutputGH done.
INFO (CarpetX): Simulation time: 0.199219   Iterations per second: 20.3947   Simulation time per second: 0.0796666
INFO (CarpetX): Grid cells: 4096   Grid cell updates per second: 83536.5
INFO (CarpetX): Performance:
INFO (CarpetX):   total evolution time:            2.50493 sec
INFO (CarpetX):   total evolution compute time:    2.5044 sec
INFO (CarpetX):   total evolution output time:     0.00052619 sec
INFO (CarpetX):   total iterations:                51
INFO (CarpetX):   total cells updated:             208896
INFO (CarpetX):   average iterations per second: 20.3599
INFO (CarpetX):   average cell updates per second: 83394
INFO (CarpetX): OutputGH: iteration 52, time 0.203125, run time 4 s
INFO (CarpetX): OutputGH done.
INFO (CarpetX): Simulation time: 0.203125   Iterations per second: 20.4001   Simulation time per second: 0.0796878
INFO (CarpetX): Grid cells: 4096   Grid cell updates per second: 83558.7
INFO (CarpetX): Performance:
INFO (CarpetX):   total evolution time:            2.55383 sec
INFO (CarpetX):   total evolution compute time:    2.5533 sec
INFO (CarpetX):   total evolution output time:     0.000534058 sec
INFO (CarpetX):   total iterations:                52
INFO (CarpetX):   total cells updated:             212992
INFO (CarpetX):   average iterations per second: 20.3616
INFO (CarpetX):   average cell updates per second: 83401
INFO (CarpetX): OutputGH: iteration 53, time 0.207031, run time 4 s
INFO (CarpetX): OutputGH done.
INFO (CarpetX): Simulation time: 0.207031   Iterations per second: 20.4033   Simulation time per second: 0.0797004
INFO (CarpetX): Grid cells: 4096   Grid cell updates per second: 83572
INFO (CarpetX): Performance:
INFO (CarpetX):   total evolution time:            2.60277 sec
INFO (CarpetX):   total evolution compute time:    2.60223 sec
INFO (CarpetX):   total evolution output time:     0.000541925 sec
INFO (CarpetX):   total iterations:                53
INFO (CarpetX):   total cells updated:             217088
INFO (CarpetX):   average iterations per second: 20.3629
INFO (CarpetX):   average cell updates per second: 83406.4
INFO (CarpetX): OutputGH: iteration 54, time 0.210938, run time 4 s
INFO (CarpetX): OutputGH done.
INFO (CarpetX): Simulation time: 0.210938   Iterations per second: 20.4075   Simulation time per second: 0.0797166
INFO (CarpetX): Grid cells: 4096   Grid cell updates per second: 83589
INFO (CarpetX): Performance:
INFO (CarpetX):   total evolution time:            2.65169 sec
INFO (CarpetX):   total evolution compute time:    2.65114 sec
INFO (CarpetX):   total evolution output time:     0.000550032 sec
INFO (CarpetX):   total iterations:                54
INFO (CarpetX):   total cells updated:             221184
INFO (CarpetX):   average iterations per second: 20.3644
INFO (CarpetX):   average cell updates per second: 83412.6
INFO (CarpetX): OutputGH: iteration 55, time 0.214844, run time 4 s
INFO (CarpetX): OutputGH done.
INFO (CarpetX): Simulation time: 0.214844   Iterations per second: 20.3376   Simulation time per second: 0.0794439
INFO (CarpetX): Grid cells: 4096   Grid cell updates per second: 83303
INFO (CarpetX): Performance:
INFO (CarpetX):   total evolution time:            2.70237 sec
INFO (CarpetX):   total evolution compute time:    2.70181 sec
INFO (CarpetX):   total evolution output time:     0.000559092 sec
INFO (CarpetX):   total iterations:                55
INFO (CarpetX):   total cells updated:             225280
INFO (CarpetX):   average iterations per second: 20.3525
INFO (CarpetX):   average cell updates per second: 83363.9
INFO (CarpetX): OutputGH: iteration 56, time 0.218750, run time 4 s
INFO (CarpetX): OutputGH done.
INFO (CarpetX): Simulation time: 0.21875   Iterations per second: 20.3434   Simulation time per second: 0.0794663
INFO (CarpetX): Grid cells: 4096   Grid cell updates per second: 83326.5
INFO (CarpetX): Performance:
INFO (CarpetX):   total evolution time:            2.7514 sec
INFO (CarpetX):   total evolution compute time:    2.75083 sec
INFO (CarpetX):   total evolution output time:     0.000568151 sec
INFO (CarpetX):   total iterations:                56
INFO (CarpetX):   total cells updated:             229376
INFO (CarpetX):   average iterations per second: 20.3533
INFO (CarpetX):   average cell updates per second: 83367
INFO (CarpetX): OutputGH: iteration 57, time 0.222656, run time 4 s
INFO (CarpetX): OutputGH done.
INFO (CarpetX): Simulation time: 0.222656   Iterations per second: 20.35   Simulation time per second: 0.079492
INFO (CarpetX): Grid cells: 4096   Grid cell updates per second: 83353.4
INFO (CarpetX): Performance:
INFO (CarpetX):   total evolution time:            2.8004 sec
INFO (CarpetX):   total evolution compute time:    2.79982 sec
INFO (CarpetX):   total evolution output time:     0.000576973 sec
INFO (CarpetX):   total iterations:                57
INFO (CarpetX):   total cells updated:             233472
INFO (CarpetX):   average iterations per second: 20.3543
INFO (CarpetX):   average cell updates per second: 83371
INFO (CarpetX): OutputGH: iteration 58, time 0.226562, run time 4 s
INFO (CarpetX): OutputGH done.
INFO (CarpetX): Simulation time: 0.226562   Iterations per second: 20.3592   Simulation time per second: 0.0795281
INFO (CarpetX): Grid cells: 4096   Grid cell updates per second: 83391.3
INFO (CarpetX): Performance:
INFO (CarpetX):   total evolution time:            2.84931 sec
INFO (CarpetX):   total evolution compute time:    2.84873 sec
INFO (CarpetX):   total evolution output time:     0.000588894 sec
INFO (CarpetX):   total iterations:                58
INFO (CarpetX):   total cells updated:             237568
INFO (CarpetX):   average iterations per second: 20.3558
INFO (CarpetX):   average cell updates per second: 83377.2
INFO (CarpetX): OutputGH: iteration 59, time 0.230469, run time 4 s
INFO (CarpetX): OutputGH done.
INFO (CarpetX): Simulation time: 0.230469   Iterations per second: 20.3551   Simulation time per second: 0.0795122
INFO (CarpetX): Grid cells: 4096   Grid cell updates per second: 83374.6
INFO (CarpetX): Performance:
INFO (CarpetX):   total evolution time:            2.89853 sec
INFO (CarpetX):   total evolution compute time:    2.89793 sec
INFO (CarpetX):   total evolution output time:     0.000597954 sec
INFO (CarpetX):   total iterations:                59
INFO (CarpetX):   total cells updated:             241664
INFO (CarpetX):   average iterations per second: 20.3551
INFO (CarpetX):   average cell updates per second: 83374.6
INFO (CarpetX): OutputGH: iteration 60, time 0.234375, run time 4 s
INFO (CarpetX): OutputGH done.
INFO (CarpetX): Simulation time: 0.234375   Iterations per second: 20.3636   Simulation time per second: 0.0795454
INFO (CarpetX): Grid cells: 4096   Grid cell updates per second: 83409.4
INFO (CarpetX): Performance:
INFO (CarpetX):   total evolution time:            2.94745 sec
INFO (CarpetX):   total evolution compute time:    2.94685 sec
INFO (CarpetX):   total evolution output time:     0.000607014 sec
INFO (CarpetX):   total iterations:                60
INFO (CarpetX):   total cells updated:             245760
INFO (CarpetX):   average iterations per second: 20.3566
INFO (CarpetX):   average cell updates per second: 83380.4
INFO (CarpetX): OutputGH: iteration 61, time 0.238281, run time 4 s
INFO (CarpetX): OutputGH done.
INFO (CarpetX): Simulation time: 0.238281   Iterations per second: 20.373   Simulation time per second: 0.0795821
INFO (CarpetX): Grid cells: 4096   Grid cell updates per second: 83447.8
INFO (CarpetX): Performance:
INFO (CarpetX):   total evolution time:            2.99633 sec
INFO (CarpetX):   total evolution compute time:    2.99572 sec
INFO (CarpetX):   total evolution output time:     0.000614882 sec
INFO (CarpetX):   total iterations:                61
INFO (CarpetX):   total cells updated:             249856
INFO (CarpetX):   average iterations per second: 20.3582
INFO (CarpetX):   average cell updates per second: 83387.2
INFO (CarpetX): OutputGH: iteration 62, time 0.242188, run time 4 s
INFO (CarpetX): OutputGH done.
INFO (CarpetX): Simulation time: 0.242188   Iterations per second: 20.3809   Simulation time per second: 0.079613
INFO (CarpetX): Grid cells: 4096   Grid cell updates per second: 83480.3
INFO (CarpetX): Performance:
INFO (CarpetX):   total evolution time:            3.04523 sec
INFO (CarpetX):   total evolution compute time:    3.0446 sec
INFO (CarpetX):   total evolution output time:     0.000623941 sec
INFO (CarpetX):   total iterations:                62
INFO (CarpetX):   total cells updated:             253952
INFO (CarpetX):   average iterations per second: 20.3597
INFO (CarpetX):   average cell updates per second: 83393.4
INFO (CarpetX): OutputGH: iteration 63, time 0.246094, run time 4 s
INFO (CarpetX): OutputGH done.
INFO (CarpetX): Simulation time: 0.246094   Iterations per second: 20.3751   Simulation time per second: 0.0795903
INFO (CarpetX): Grid cells: 4096   Grid cell updates per second: 83456.5
INFO (CarpetX): Performance:
INFO (CarpetX):   total evolution time:            3.09443 sec
INFO (CarpetX):   total evolution compute time:    3.0938 sec
INFO (CarpetX):   total evolution output time:     0.000634909 sec
INFO (CarpetX):   total iterations:                63
INFO (CarpetX):   total cells updated:             258048
INFO (CarpetX):   average iterations per second: 20.3591
INFO (CarpetX):   average cell updates per second: 83391
INFO (CarpetX): OutputGH: iteration 64, time 0.250000, run time 4 s
INFO (CarpetX): OutputGH done.
INFO (CarpetX): Simulation time: 0.25   Iterations per second: 11.4772   Simulation time per second: 0.0448327
INFO (CarpetX): Grid cells: 4096   Grid cell updates per second: 47010.5
INFO (CarpetX): Performance:
INFO (CarpetX):   total evolution time:            3.52401 sec
INFO (CarpetX):   total evolution compute time:    3.14843 sec
INFO (CarpetX):   total evolution output time:     0.375579 sec
INFO (CarpetX):   total iterations:                64
INFO (CarpetX):   total cells updated:             262144
INFO (CarpetX):   average iterations per second: 18.1611
INFO (CarpetX):   average cell updates per second: 74387.9
INFO (CarpetX): Shutting down...
AMReX (25.11) finalized
--------------------------------------------------------------------------------
Done.
+ echo Stopping:
Stopping:
+ date
Wed Jul  8 03:09:54 UTC 2026
+ echo Done.
Done.
  Elapsed time: 4.6 s
