/home/runner/simulations/TestJob01_temp_1/output-0000/TEST/sim/MemSpeed
Preparing:
+ set -e
+ cd output-0000-active
+ echo Checking:
Checking:
+ pwd
/home/runner/simulations/TestJob01_temp_1/output-0000/TEST/sim/MemSpeed/output-0000-active
+ hostname
runnervmmklqx
+ date
Mon Jun 29 20:27:50 UTC 2026
+ echo Environment:
Environment:
+ export CACTUS_NUM_PROCS=1
+ CACTUS_NUM_PROCS=1
+ export CACTUS_NUM_THREADS=2
+ CACTUS_NUM_THREADS=2
+ export GMON_OUT_PREFIX=gmon.out
+ GMON_OUT_PREFIX=gmon.out
+ export OMP_NUM_THREADS=2
+ OMP_NUM_THREADS=2
+ env
+ sort
+ echo Starting:
Starting:
++ date +%s
+ export CACTUS_STARTTIME=1782764870
+ CACTUS_STARTTIME=1782764870
+ '[' 1 = 1 ']'
+ '[' 0 -eq 0 ']'
+ /home/runner/simulations/TestJob01_temp_1/SIMFACTORY/exe/cactus_sim -L 3 /home/runner/simulations/TestJob01_temp_1/output-0000/arrangements/CactusUtils/MemSpeed/test/memspeed.par
INFO (Cactus): Increased logging level from 0 to 3
--------------------------------------------------------------------------------

       10                                  
  1   0101       ************************  
  01  1010 10      The Cactus Code V4.20.0    
 1010 1101 011      www.cactuscode.org     
  1001 100101    ************************  
    00010101                               
     100011     (c) Copyright The Authors  
      0100      GNU Licensed. No Warranty  
      0101                                 
--------------------------------------------------------------------------------

Cactus version:    4.20.0
Compile date:      Jun 29 2026 (20:15:57)
Run date:          Jun 29 2026 (20:27:51+0000)
Run host:          runnervmmklqx.1c5fwzodld1edfr115mfuvh5ec.ex.internal.cloudapp.net (pid=171603)
Working directory: /home/runner/simulations/TestJob01_temp_1/output-0000/TEST/sim/MemSpeed
Executable:        /home/runner/simulations/TestJob01_temp_1/SIMFACTORY/exe/cactus_sim
Parameter file:    /home/runner/simulations/TestJob01_temp_1/output-0000/arrangements/CactusUtils/MemSpeed/test/memspeed.par
--------------------------------------------------------------------------------

Activating thorn Cactus...Success -> active implementation Cactus
Activation requested for 
--->hwloc MemSpeed SystemTopology CartGrid3D CoordBase IOASCII IOUtil PUGH PUGHSlab<---
Thorn hwloc requests automatic activation of zlib
Thorn MemSpeed requests automatic activation of Vectors
Thorn MemSpeed requests automatic activation of MPI
Activating thorn CartGrid3D...Success -> active implementation grid
Activating thorn CoordBase...Success -> active implementation CoordBase
Activating thorn hwloc...Success -> active implementation hwloc
Activating thorn IOASCII...Success -> active implementation IOASCII
Activating thorn IOUtil...Success -> active implementation IO
Activating thorn MemSpeed...Success -> active implementation MemSpeed
Activating thorn MPI...Success -> active implementation MPI
Activating thorn PUGH...Success -> active implementation Driver
Activating thorn PUGHSlab...Success -> active implementation Hyperslab
Activating thorn SystemTopology...Success -> active implementation SystemTopology
Activating thorn Vectors...Success -> active implementation Vectors
Activating thorn zlib...Success -> active implementation zlib
--------------------------------------------------------------------------------
  if (recover initial data)
    Recover parameters
  endif

  Startup routines
    [CCTK_STARTUP]
      CartGrid3D::SymmetryStartup: Register GH Extension for GridSymmetry
      CoordBase::CoordBase_Startup: Register a GH extension to store the coordinate system handles
      GROUP hwloc_startup: hwloc startup group
        hwloc::hwloc_version: Output hwloc version
      SystemTopology::ST_system_topology: Output and/or modify system topology and hardware locality
      PUGH::Driver_Startup: Startup routine
      PUGH::PUGH_RegisterPUGHP2LRoutines: Register Physical to Logical process mapping routines
      PUGH::PUGH_RegisterPUGHTopologyRoutines: Register topology generation routines routines
      IOUtil::IOUtil_Startup: Startup routine
      Vectors::Vectors_Startup: Print startup message
      IOASCII::IOASCII_Startup: Startup routine

  Startup routines which need an existing grid hierarchy
    [CCTK_WRAGH]
      CartGrid3D::RegisterCartGrid3DCoords: [meta] Register coordinates for the Cartesian grid
      MemSpeed::MemSpeed_MeasureSpeed: [meta] Measure CPU, memory, cache speeds
  Parameter checking routines
    [CCTK_PARAMCHECK]
      CartGrid3D::ParamCheck_CartGrid3D: Check coordinates for CartGrid3D
      Vectors::Vectors_Test: Run correctness tests.

  Initialisation
    if (NOT (recover initial data AND recovery_mode is 'strict'))
      [CCTK_PREREGRIDINITIAL]
      Set up grid hierarchy
      [CCTK_POSTREGRIDINITIAL]
        CartGrid3D::SpatialCoordinates: Set Coordinates after regridding
      [CCTK_BASEGRID]
        CartGrid3D::SpatialSpacings: Set up ranges for spatial 3D Cartesian coordinates (on all grids)
        CartGrid3D::SpatialCoordinates: Set up spatial 3D Cartesian coordinates on the GH
        IOASCII::IOASCII_Choose1D: Choose 1D output lines
        IOASCII::IOASCII_Choose2D: Choose 2D output planes
        PUGH::PUGH_Report: Report on PUGH set up
      [CCTK_INITIAL]
      [CCTK_POSTINITIAL]
      Initialise finer grids recursively
      Restrict from finer grids
      [CCTK_POSTRESTRICTINITIAL]
      [CCTK_POSTPOSTINITIAL]
      [CCTK_POSTSTEP]
    endif
    if (recover initial data)
      [CCTK_BASEGRID]
        CartGrid3D::SpatialSpacings: Set up ranges for spatial 3D Cartesian coordinates (on all grids)
        CartGrid3D::SpatialCoordinates: Set up spatial 3D Cartesian coordinates on the GH
        IOASCII::IOASCII_Choose1D: Choose 1D output lines
        IOASCII::IOASCII_Choose2D: Choose 2D output planes
        PUGH::PUGH_Report: Report on PUGH set up
      [CCTK_RECOVER_VARIABLES]
      [CCTK_POST_RECOVER_VARIABLES]
    endif
    if (checkpoint initial data)
      [CCTK_CPINITIAL]
    endif
    if (analysis)
      [CCTK_ANALYSIS]
  endif
  Output grid variables

  do loop over timesteps
    [CCTK_PREREGRID]
    Change grid hierarchy
    [CCTK_POSTREGRID]
      CartGrid3D::SpatialCoordinates: Set Coordinates after regridding
    Rotate timelevels
    iteration = iteration+1
    t = t+dt
    [CCTK_PRESTEP]
    [CCTK_EVOL]
    Evolve finer grids recursively
    Restrict from finer grids
    [CCTK_POSTRESTRICT]
    [CCTK_POSTSTEP]
    if (checkpoint)
      [CCTK_CHECKPOINT]
    endif
    if (analysis)
      [CCTK_ANALYSIS]
    endif
    Output grid variables
    enddo

  Termination routines
    [CCTK_TERMINATE]
      PUGH::Driver_Terminate: Termination routine

  Shutdown routines
    [CCTK_SHUTDOWN]

  Routines run after changing the grid hierarchy:
    [CCTK_POSTREGRID]
      CartGrid3D::SpatialCoordinates: Set Coordinates after regridding
--------------------------------------------------------------------------------
INFO (hwloc): library version 2.10.0, API version 0x20800
INFO (SystemTopology): MPI process-to-host mapping:
This is MPI process 0 of 1
MPI hosts:
  0: runnervmmklqx
This MPI process runs on host 0 of 1
On this host, this is MPI process 0 of 1
INFO (SystemTopology): Topology support:
Discovery support:
  discovery->pu                            : yes
CPU binding support:
  cpubind->set_thisproc_cpubind            : yes
  cpubind->get_thisproc_cpubind            : yes
  cpubind->set_proc_cpubind                : yes
  cpubind->get_proc_cpubind                : yes
  cpubind->set_thisthread_cpubind          : yes
  cpubind->get_thisthread_cpubind          : yes
  cpubind->set_thread_cpubind              : yes
  cpubind->get_thread_cpubind              : yes
  cpubind->get_thisproc_last_cpu_location  : yes
  cpubind->get_proc_last_cpu_location      : yes
  cpubind->get_thisthread_last_cpu_location: yes
Memory binding support:
  membind->set_thisproc_membind            : no
  membind->get_thisproc_membind            : no
  membind->set_proc_membind                : no
  membind->get_proc_membind                : no
  membind->set_thisthread_membind          : yes
  membind->get_thisthread_membind          : yes
  membind->set_area_membind                : yes
  membind->get_area_membind                : yes
  membind->alloc_membind                   : yes
  membind->firsttouch_membind              : yes
  membind->bind_membind                    : yes
  membind->interleave_membind              : yes
  membind->nexttouch_membind               : no
  membind->migrate_membind                 : yes
INFO (SystemTopology): Hardware objects in this node:
Machine L#0: (P#0, total=16373460KB, DMIProductName="Virtual Machine", DMIProductVersion="Hyper-V UEFI Release v4.1", DMIProductUUID=f3c70dc9-de3c-41ff-8a12-d3fd9a8a9c8d, DMIBoardVendor="Microsoft Corporation", DMIBoardName="Virtual Machine", DMIBoardVersion="Hyper-V UEFI Release v4.1", DMIBoardAssetTag=None, DMIChassisVendor="Microsoft Corporation", DMIChassisType=3, DMIChassisVersion="Hyper-V UEFI Release v4.1", DMIChassisAssetTag=7783-7084-3265-9085-8269-3286-77, DMIBIOSVendor="Microsoft Corporation", DMIBIOSVersion="Hyper-V UEFI Release v4.1", DMIBIOSDate=01/08/2026, DMISysVendor="Microsoft Corporation", Backend=Linux, LinuxCgroup=/system.slice/hosted-compute-agent.service, OSName=Linux, OSRelease=6.17.0-1018-azure, OSVersion="#18~24.04.1-Ubuntu SMP Thu May 28 16:39:11 UTC 2026", HostName=runnervmmklqx, Architecture=x86_64, hwlocVersion=2.10.0, ProcessName=cactus_sim)
  Package L#0: (P#0, total=16373460KB, CPUVendor=AuthenticAMD, CPUFamilyNumber=25, CPUModelNumber=1, CPUModel="AMD EPYC 7763 64-Core Processor                ", CPUStepping=1)
    L3Cache L#0: (P#0, size=32768KB, linesize=64, ways=16, Inclusive=0)
      L2Cache L#0: (P#0, size=512KB, linesize=64, ways=8, Inclusive=1)
        L1dCache L#0: (P#0, size=32KB, linesize=64, ways=8, Inclusive=0)
          Core L#0: (P#0)
            PU L#0: (P#0)
            PU L#1: (P#1)
      L2Cache L#1: (P#1, size=512KB, linesize=64, ways=8, Inclusive=1)
        L1dCache L#1: (P#1, size=32KB, linesize=64, ways=8, Inclusive=0)
          Core L#1: (P#1)
            PU L#2: (P#2)
            PU L#3: (P#3)
INFO (SystemTopology): Thread CPU bindings:
  MPI process 0 on host 0 (process 0 of 1 on this host)
    OpenMP thread 0: PU set L#{0-3} P#{0-3}
    OpenMP thread 1: PU set L#{0-3} P#{0-3}
INFO (SystemTopology): Setting thread CPU bindings:
INFO (SystemTopology): Thread CPU bindings:
  MPI process 0 on host 0 (process 0 of 1 on this host)
    OpenMP thread 0: PU set L#{0} P#{0}
    OpenMP thread 1: PU set L#{2} P#{2}
INFO (SystemTopology): Extracting CPU/cache/memory properties:
  There are 2 PUs per core (aka hardware SMT threads)
  There are 1 threads per core (aka SMT threads used)
  Cache (unknown name) has type "data" depth 1
    size 32768 linesize 64 associativity 8 stride 4096, for 2 PUs
  Cache (unknown name) has type "unified" depth 2
    size 524288 linesize 64 associativity 8 stride 65536, for 2 PUs
  Cache (unknown name) has type "unified" depth 3
    size 33554432 linesize 64 associativity 16 stride 2097152, for 4 PUs
INFO (PUGH): Using physical to logical mappings: direct
INFO (PUGH): Using topology generator: automatic
INFO (Vectors): Using vector size 2 for architecture SSE2 (64-bit precision)
--------------------------------------------------------------------------------
Driver provided by PUGH
--------------------------------------------------------------------------------

INFO (PUGH): Not setting up a topology for 1 dimensions
INFO (PUGH): Not setting up a topology for 2 dimensions
INFO (PUGH): Setting up a topology for 3 dimensions
INFO (IOASCII): I/O Method 'IOASCII_1D' registered: output of 1D lines of grid functions/arrays to ASCII files
INFO (IOASCII): Periodic 1D output every 1 iterations
INFO (IOASCII): Periodic 1D output requested for 'GRID::r'
INFO (IOASCII): I/O Method 'IOASCII_2D' registered: output of 2D planes of grid functions/arrays to ASCII files
INFO (IOASCII): Periodic 2D output turned off
INFO (IOASCII): I/O Method 'IOASCII_3D' registered: output of 3D grid functions/arrays to ASCII files
INFO (IOASCII): Periodic 3D output turned off
INFO (MemSpeed): Measuring CPU, cache, memory, and communication speeds:
  Single-core measurements (using 1 MPI processes with 1 OpenMP threads each):
    CPU frequency:
      iterations=1000000... time=0.00127813 sec
      iterations=10000000... time=0.0125979 sec
      iterations=100000000... time=0.125282 sec
      iterations=900000000... time=1.12181 sec
      iterations=900000000... time=0.840752 sec
      result: 6.40448 GHz
    CPU floating point performance:
      iterations=1000000... time=0.00199374 sec
      iterations=10000000... time=0.0198673 sec
      iterations=100000000... time=0.199 sec
      iterations=600000000... time=1.19145 sec
      result: 16.1148 Gflop/sec
    CPU integer performance:
      iterations=1000000... time=0.00158514 sec
      iterations=10000000... time=0.0156062 sec
      iterations=100000000... time=0.156115 sec
      iterations=700000000... time=1.09016 sec
      result: 10.2737 Giop/sec
    Read latency of D1 cache (for 2 PUs) (using 1*24576 bytes):
      iterations=1000... time=0.000125493 sec
      iterations=10000... time=0.00124691 sec
      iterations=100000... time=0.012464 sec
      iterations=1000000... time=0.124515 sec
      iterations=9000000... time=1.12063 sec
      result: 1.24514 nsec
    Read latency of L2 cache (for 2 PUs) (using 1*393216 bytes):
      iterations=1000... time=0.000592482 sec
      iterations=10000... time=0.00549777 sec
      iterations=100000... time=0.0547198 sec
      iterations=1000000... time=0.539383 sec
      iterations=2000000... time=1.075 sec
      result: 5.37498 nsec
    Read latency of L3 cache (for 4 PUs) (using 1*25165824 bytes):
      [skipped -- avoiding large-memory benchmarks]
    Read bandwidth of D1 cache (for 2 PUs) (using 1*24576 bytes):
      iterations=1... time=5e-07 sec
      iterations=10... time=2.785e-06 sec
      iterations=100... time=3.4845e-05 sec
      iterations=1000... time=0.000254815 sec
      iterations=10000... time=0.00246864 sec
      iterations=100000... time=0.024466 sec
      iterations=1000000... time=0.245195 sec
      iterations=4000000... time=0.981285 sec
      iterations=8000000... time=1.96382 sec
      result: 100.115 GByte/sec
    Read bandwidth of L2 cache (for 2 PUs) (using 1*393216 bytes):
      iterations=1... time=1.082e-05 sec
      iterations=10... time=7.1974e-05 sec
      iterations=100... time=0.000582625 sec
      iterations=1000... time=0.00549689 sec
      iterations=10000... time=0.0518589 sec
      iterations=100000... time=0.510502 sec
      iterations=200000... time=1.02149 sec
      result: 76.9886 GByte/sec
    Read bandwidth of L3 cache (for 4 PUs) (using 1*25165824 bytes):
      [skipped -- avoiding large-memory benchmarks]
    Write latency of D1 cache (for 2 PUs) (using 1*24576 bytes):
      iterations=1000... time=3.456e-06 sec
      iterations=10000... time=3.0386e-05 sec
      iterations=100000... time=0.00025815 sec
      iterations=1000000... time=0.00253631 sec
      iterations=10000000... time=0.0249181 sec
      iterations=100000000... time=0.249321 sec
      iterations=400000000... time=0.996784 sec
      iterations=800000000... time=1.99388 sec
      result: 0.311543 nsec
    Write latency of L2 cache (for 2 PUs) (using 1*393216 bytes):
      iterations=1000... time=2.8763e-05 sec
      iterations=10000... time=0.000148396 sec
      iterations=100000... time=0.00116866 sec
      iterations=1000000... time=0.0106886 sec
      iterations=10000000... time=0.106705 sec
      iterations=100000000... time=1.07263 sec
      result: 1.34079 nsec
    Write latency of L3 cache (for 4 PUs) (using 1*25165824 bytes):
      [skipped -- avoiding large-memory benchmarks]
    Write bandwidth of D1 cache (for 2 PUs) (using 1*24576 bytes):
      iterations=1... time=6.41e-07 sec
      iterations=10... time=4.137e-06 sec
      iterations=100... time=4.0426e-05 sec
      iterations=1000... time=0.000287194 sec
      iterations=10000... time=0.00279871 sec
      iterations=100000... time=0.0278576 sec
      iterations=1000000... time=0.278682 sec
      iterations=4000000... time=1.11674 sec
      result: 88.0274 GByte/sec
    Write bandwidth of L2 cache (for 2 PUs) (using 1*393216 bytes):
      iterations=1... time=1.034e-05 sec
      iterations=10... time=7.3216e-05 sec
      iterations=100... time=0.000547499 sec
      iterations=1000... time=0.00519026 sec
      iterations=10000... time=0.0477019 sec
      iterations=100000... time=0.470288 sec
      iterations=200000... time=0.942501 sec
      iterations=400000... time=1.87645 sec
      result: 83.8212 GByte/sec
    Write bandwidth of L3 cache (for 4 PUs) (using 1*25165824 bytes):
      [skipped -- avoiding large-memory benchmarks]
    Stencil code performance of D1 cache (for 2 PUs) (using 1*12^3 grid points, 1*27648 bytes):
      iterations=1... time=2.1831e-05 sec
      iterations=10... time=0.000300048 sec
      iterations=100... time=0.00286108 sec
      iterations=1000... time=0.0297779 sec
      iterations=10000... time=0.300777 sec
      iterations=40000... time=1.20031 sec
      result: 0.057585 Gupdates/sec
    Stencil code performance of L2 cache (for 2 PUs) (using 1*29^3 grid points, 1*390224 bytes):
      iterations=1... time=0.000135061 sec
      iterations=10... time=0.00147161 sec
      iterations=100... time=0.0151503 sec
      iterations=1000... time=0.149051 sec
      iterations=7000... time=1.06748 sec
      result: 0.15993 Gupdates/sec
    Stencil code performance of L3 cache (for 4 PUs) (using 1*116^3 grid points, 1*24974336 bytes):
      iterations=1... time=0.00400769 sec
      iterations=10... time=0.0387554 sec
      iterations=100... time=0.388547 sec
      iterations=300... time=1.17958 sec
      result: 0.396978 Gupdates/sec
  Single-node measurements (using 1 MPI processes with 2 OpenMP threads each):
    CPU frequency:
      iterations=1000000... time=0.00137288 sec
      iterations=10000000... time=0.0124865 sec
      iterations=100000000... time=0.124725 sec
      iterations=900000000... time=1.12264 sec
      iterations=900000000... time=0.840951 sec
      result: 6.38993 GHz
    CPU floating point performance:
      iterations=1000000... time=0.00199321 sec
      iterations=10000000... time=0.0198626 sec
      iterations=100000000... time=0.19854 sec
      iterations=600000000... time=1.19165 sec
      result: 16.1121 Gflop/sec
    CPU integer performance:
      iterations=1000000... time=0.00157896 sec
      iterations=10000000... time=0.0155976 sec
      iterations=100000000... time=0.155768 sec
      iterations=700000000... time=1.09542 sec
      result: 10.2243 Giop/sec
    Read latency of D1 cache (for 2 PUs) (using 2*24576 bytes):
      iterations=1000... time=0.000124607 sec
      iterations=10000... time=0.0012532 sec
      iterations=100000... time=0.0124413 sec
      iterations=1000000... time=0.124744 sec
      iterations=9000000... time=1.12033 sec
      result: 1.24481 nsec
    Read latency of L2 cache (for 2 PUs) (using 2*393216 bytes):
      iterations=1000... time=0.000487572 sec
      iterations=10000... time=0.00463793 sec
      iterations=100000... time=0.0462114 sec
      iterations=1000000... time=0.461788 sec
      iterations=2000000... time=0.924561 sec
      iterations=4000000... time=1.87556 sec
      result: 4.6889 nsec
    Read latency of L3 cache (for 4 PUs) (using 1*25165824 bytes):
      [skipped -- avoiding large-memory benchmarks]
    Read bandwidth of D1 cache (for 2 PUs) (using 2*24576 bytes):
      iterations=1... time=5.41001e-07 sec
      iterations=10... time=3.1815e-06 sec
      iterations=100... time=3.95235e-05 sec
      iterations=1000... time=0.000309886 sec
      iterations=10000... time=0.00258498 sec
      iterations=100000... time=0.024533 sec
      iterations=1000000... time=0.246245 sec
      iterations=4000000... time=0.981324 sec
      iterations=8000000... time=1.96275 sec
      result: 100.17 GByte/sec
    Read bandwidth of L2 cache (for 2 PUs) (using 2*393216 bytes):
      iterations=1... time=7.935e-06 sec
      iterations=10... time=5.87495e-05 sec
      iterations=100... time=0.000533448 sec
      iterations=1000... time=0.00537751 sec
      iterations=10000... time=0.0526531 sec
      iterations=100000... time=0.508151 sec
      iterations=200000... time=1.00642 sec
      result: 78.1416 GByte/sec
    Read bandwidth of L3 cache (for 4 PUs) (using 1*25165824 bytes):
      [skipped -- avoiding large-memory benchmarks]
    Write latency of D1 cache (for 2 PUs) (using 2*24576 bytes):
      iterations=1000... time=3.401e-06 sec
      iterations=10000... time=3.36925e-05 sec
      iterations=100000... time=0.000297575 sec
      iterations=1000000... time=0.00249547 sec
      iterations=10000000... time=0.0249038 sec
      iterations=100000000... time=0.249378 sec
      iterations=400000000... time=0.998219 sec
      iterations=800000000... time=1.99448 sec
      result: 0.311637 nsec
    Write latency of L2 cache (for 2 PUs) (using 2*393216 bytes):
      iterations=1000... time=9.833e-06 sec
      iterations=10000... time=0.000100632 sec
      iterations=100000... time=0.000953023 sec
      iterations=1000000... time=0.00963595 sec
      iterations=10000000... time=0.0969044 sec
      iterations=100000000... time=0.968983 sec
      iterations=200000000... time=1.9378 sec
      result: 1.21113 nsec
    Write latency of L3 cache (for 4 PUs) (using 1*25165824 bytes):
      [skipped -- avoiding large-memory benchmarks]
    Write bandwidth of D1 cache (for 2 PUs) (using 2*24576 bytes):
      iterations=1... time=4.80999e-07 sec
      iterations=10... time=3.7515e-06 sec
      iterations=100... time=3.496e-05 sec
      iterations=1000... time=0.00030904 sec
      iterations=10000... time=0.00281325 sec
      iterations=100000... time=0.0271161 sec
      iterations=1000000... time=0.271387 sec
      iterations=4000000... time=1.08681 sec
      result: 90.4523 GByte/sec
    Write bandwidth of L2 cache (for 2 PUs) (using 2*393216 bytes):
      iterations=1... time=1.00035e-05 sec
      iterations=10... time=7.5681e-05 sec
      iterations=100... time=0.000600768 sec
      iterations=1000... time=0.00525416 sec
      iterations=10000... time=0.048849 sec
      iterations=100000... time=0.472106 sec
      iterations=200000... time=0.942869 sec
      iterations=400000... time=1.88988 sec
      result: 83.2258 GByte/sec
    Write bandwidth of L3 cache (for 4 PUs) (using 1*25165824 bytes):
      [skipped -- avoiding large-memory benchmarks]
    Stencil code performance of D1 cache (for 2 PUs) (using 1*12^3 grid points, 1*27648 bytes):
      iterations=1... time=6.502e-06 sec
      iterations=10... time=7.779e-05 sec
      iterations=100... time=0.000882913 sec
      iterations=1000... time=0.00897224 sec
      iterations=10000... time=0.0914391 sec
      iterations=100000... time=0.904339 sec
      iterations=200000... time=1.77981 sec
      result: 0.194178 Gupdates/sec
    Stencil code performance of L2 cache (for 2 PUs) (using 1*29^3 grid points, 1*390224 bytes):
      iterations=1... time=4.0375e-05 sec
      iterations=10... time=0.000433471 sec
      iterations=100... time=0.00428178 sec
      iterations=1000... time=0.0407851 sec
      iterations=10000... time=0.412065 sec
      iterations=30000... time=1.20141 sec
      result: 0.609011 Gupdates/sec
    Stencil code performance of L3 cache (for 4 PUs) (using 1*116^3 grid points, 1*24974336 bytes):
      iterations=1... time=0.000874526 sec
      iterations=10... time=0.0111517 sec
      iterations=100... time=0.110891 sec
      iterations=1000... time=1.20129 sec
      result: 1.29935 Gupdates/sec
INFO (Vectors): Testing vectorisation... [errors may result in segfaults]
INFO (Vectors): 375/375 tests passed 
INFO (CartGrid3D): Grid Spacings:
INFO (CartGrid3D): dx=>1.1111111e-01  dy=>1.1111111e-01  dz=>1.1111111e-01
INFO (CartGrid3D): Computational Coordinates:
INFO (CartGrid3D): x=>[-0.500, 0.500]  y=>[-0.500, 0.500]  z=>[-0.500, 0.500]
INFO (CartGrid3D): Indices of Physical Coordinates:
INFO (CartGrid3D): x=>[0,9]  y=>[0,9]  z=>[0,9]
INFO (PUGH): MPI Evolution on 1 processors
INFO (PUGH): 3-dimensional grid functions
INFO (PUGH):  10
INFO (PUGH):  1
INFO (PUGH): 10]
INFO (PUGH):   Maximum load skew: 0.000000
--------------------------------------------------------------------------------
Done.
+ echo Stopping:
Stopping:
+ date
Mon Jun 29 20:28:54 UTC 2026
+ echo Done.
Done.
  Elapsed time: 64.1 s
