/home/runner/simulations/TestJob01_temp_1/output-0000/TEST/sim/CanudaX_BSSNMoL
Preparing:
+ set -e
+ cd output-0000-active
+ echo Checking:
Checking:
+ pwd
/home/runner/simulations/TestJob01_temp_1/output-0000/TEST/sim/CanudaX_BSSNMoL/output-0000-active
+ hostname
runnervmlun5p
+ date
Fri Sep 18 22:20:12 UTC 2026
+ echo Environment:
Environment:
+ export CACTUS_NUM_PROCS=1
+ CACTUS_NUM_PROCS=1
+ export CACTUS_NUM_THREADS=2
+ CACTUS_NUM_THREADS=2
+ export GMON_OUT_PREFIX=gmon.out
+ GMON_OUT_PREFIX=gmon.out
+ export OMP_NUM_THREADS=2
+ OMP_NUM_THREADS=2
+ env
+ sort
+ echo Starting:
Starting:
++ date +%s
+ export CACTUS_STARTTIME=1789770012
+ CACTUS_STARTTIME=1789770012
+ '[' 1 = 1 ']'
+ '[' 0 -eq 0 ']'
+ /home/runner/simulations/TestJob01_temp_1/SIMFACTORY/exe/cactus_sim -L 3 /home/runner/simulations/TestJob01_temp_1/output-0000/arrangements/CanudaX/CanudaX_BSSNMoL/test/gaugewave.par
INFO (Cactus): Increased logging level from 0 to 3
--------------------------------------------------------------------------------

       10                                  
  1   0101       ************************  
  01  1010 10      The Cactus Code V4.20.0    
 1010 1101 011      www.cactuscode.org     
  1001 100101    ************************  
    00010101                               
     100011     (c) Copyright The Authors  
      0100      GNU Licensed. No Warranty  
      0101                                 
--------------------------------------------------------------------------------

Cactus version:    4.20.0
Compile date:      Sep 18 2026 (22:18:09)
Run date:          Sep 18 2026 (22:20:12+0000)
Run host:          runnervmlun5p.wligapzkw1renmqsat4dhkkehf.xx.internal.cloudapp.net (pid=168643)
Working directory: /home/runner/simulations/TestJob01_temp_1/output-0000/TEST/sim/CanudaX_BSSNMoL
Executable:        /home/runner/simulations/TestJob01_temp_1/SIMFACTORY/exe/cactus_sim
Parameter file:    /home/runner/simulations/TestJob01_temp_1/output-0000/arrangements/CanudaX/CanudaX_BSSNMoL/test/gaugewave.par
--------------------------------------------------------------------------------

Activating thorn Cactus...Success -> active implementation Cactus
Activation requested for 
--->ADMBaseX CanudaX_BSSNMoL CanudaX_ExactID CarpetX IOUtil ODESolvers TmunuBaseX<---
Thorn ADMBaseX requests automatic activation of Loop
Thorn CarpetX requests automatic activation of AMReX
Thorn CarpetX requests automatic activation of MPI
Thorn CarpetX requests automatic activation of yaml_cpp
Thorn CarpetX requests automatic activation of zlib
Thorn CarpetX requests automatic activation of Arith
Thorn CarpetX requests automatic activation of CarpetXRegrid
Thorn CarpetX requests automatic activation of ADIOS2
Thorn CarpetX requests automatic activation of openPMD
Thorn CarpetX requests automatic activation of Silo
Thorn ADIOS2 requests automatic activation of CMake
Thorn Arith requests automatic activation of NSIMD
Thorn MPI requests automatic activation of hwloc
Thorn openPMD requests automatic activation of HDF5
Activating thorn ADIOS2...Success -> active implementation ADIOS2
Activating thorn ADMBaseX...Success -> active implementation ADMBaseX
Activating thorn AMReX...Success -> active implementation AMReX
Activating thorn Arith...Success -> active implementation Arith
Activating thorn CanudaX_BSSNMoL...Success -> active implementation CanudaX_BSSNMoL
Activating thorn CanudaX_ExactID...Success -> active implementation CanudaX_ExactID
Activating thorn CarpetX...Success -> active implementation Driver
Activating thorn CarpetXRegrid...Success -> active implementation CarpetXRegrid
Activating thorn CMake...Success -> active implementation CMake
Activating thorn HDF5...Success -> active implementation HDF5
Activating thorn hwloc...Success -> active implementation hwloc
Activating thorn IOUtil...Success -> active implementation IO
Activating thorn Loop...Success -> active implementation Loop
Activating thorn MPI...Success -> active implementation MPI
Activating thorn NSIMD...Success -> active implementation NSIMD
Activating thorn ODESolvers...Success -> active implementation ODESolvers
Activating thorn openPMD...Success -> active implementation openPMD
Activating thorn Silo...Success -> active implementation Silo
Activating thorn TmunuBaseX...Success -> active implementation TmunuBaseX
Activating thorn yaml_cpp...Success -> active implementation yaml_cpp
Activating thorn zlib...Success -> active implementation zlib
--------------------------------------------------------------------------------
  if (recover initial data)
    Recover parameters
  endif

  Startup routines
    [CCTK_STARTUP]
      CarpetX::Driver_Startup: Start up the driver
      IOUtil::IOUtil_Startup: Startup routine
      GROUP hwloc_startup: hwloc startup group
        hwloc::hwloc_version: Output hwloc version

  Startup routines which need an existing grid hierarchy
    [CCTK_WRAGH]
      Arith::Test_cplx: [meta] Test complex numbers
      Arith::Test_smallvector: [meta] Test small vectors
      Arith::Test_spvect: [meta] Test sparse vectors
      ODESolvers::ODESolvers_InitConstants: [global] Set up dummy loop counters for schedule printout
  Parameter checking routines
    [CCTK_PARAMCHECK]
      CanudaX_BSSNMoL::CanudaX_BSSNMoL_paramcheck: Check CanudaX_BSSNMoL parameters for consistency

  Initialisation
    if (NOT (recover initial data AND recovery_mode is 'strict'))
      [CCTK_PREREGRIDINITIAL]
      Set up grid hierarchy
      [CCTK_POSTREGRIDINITIAL]
      [CCTK_BASEGRID]
        CarpetXRegrid::CarpetXRegrid_InitError: Initialize regridding error to zero
        GROUP ODESolvers_BaseGrid: Set up constants (e.g. coordinates) everywhere on the grid
      [CCTK_INITIAL]
        GROUP TmunuBaseX_SetTmunuVars: Schedule group for setting T_munu
          TmunuBaseX::TmunuBaseX_ZeroTmunu: Set T_munu to zero
          GROUP TmunuBaseX_AddToTmunu: Add to T_munu here
        GROUP ODESolvers_Initial: Set up initial conditions on interior of state vector
          GROUP ADMBaseX_InitialData: Schedule group for calculating ADM initial data
            GROUP CanudaX_ExactIDGroup: CanudaX_ExactID group for setting up initial data
              CanudaX_ExactID::CanudaX_ExactID_GaugeWave: [local] Create gauge wave initial data
          GROUP ADMBaseX_InitialGauge: Schedule group for the ADM initial gauge condition
            ADMBaseX::ADMBaseX_initial_dtlapse: Set dtlapse to zero
            ADMBaseX::ADMBaseX_initial_dtshift: Set dtshift to zero
          GROUP ADMBaseX_PostInitial: Schedule group for modifying the ADM initial data, such as e.g. adding noise
        GROUP CanudaX_BSSNMoL_InitialGroup: CanudaX_BSSNMoL: initial bin
          CanudaX_BSSNMoL::CanudaX_BSSNMoL_adm2bssn: [local] Convert initial data into BSSN variables
          CanudaX_BSSNMoL::CanudaX_BSSNMoL_gammat: [local] Set Gammat initial data
      [CCTK_POSTINITIAL]
        GROUP ODESolvers_PostStep: Apply boundary conditions to state vector, and project if necessary
          GROUP CanudaX_BSSNMoL_PostStepGroup: CanudaX_BSSNMoL: post-step operations
            CanudaX_BSSNMoL::CanudaX_BSSNMoL_impose_conf_fac_floor: Make sure conformal factor does not drop below specified value
            CanudaX_BSSNMoL::CanudaX_BSSNMoL_reset_detmetric: reset dethh = 1
            CanudaX_BSSNMoL::CanudaX_BSSNMoL_remove_trA: Remove trace of A
            CanudaX_BSSNMoL::CanudaX_BSSNMoL_sync: [global] Sync state vector
            CanudaX_BSSNMoL::CanudaX_BSSNMoL_bssn2adm: [local] Convert variables back to the ADM ones
          GROUP ADMBaseX_SetADMRHS: Set ADM RHS variables in this group
          GROUP ADMBaseX_SetADMVars: Set ADM variables in this group
          GROUP TmunuBaseX_SetTmunuVars: Schedule group for setting T_munu
            TmunuBaseX::TmunuBaseX_ZeroTmunu: Set T_munu to zero
            GROUP TmunuBaseX_AddToTmunu: Add to T_munu here
        GROUP ODESolvers_EstimateError: Estimate discretization error (for regridding)
      Initialise finer grids recursively
      Restrict from finer grids
      [CCTK_POSTRESTRICTINITIAL]
      [CCTK_POSTPOSTINITIAL]
      [CCTK_POSTSTEP]
        GROUP ODESolvers_EstimateError: Estimate discretization error (for regridding)
    endif
    if (recover initial data)
      [CCTK_BASEGRID]
        CarpetXRegrid::CarpetXRegrid_InitError: Initialize regridding error to zero
        GROUP ODESolvers_BaseGrid: Set up constants (e.g. coordinates) everywhere on the grid
      [CCTK_RECOVER_VARIABLES]
      [CCTK_POST_RECOVER_VARIABLES]
        GROUP ODESolvers_PostStep: Apply boundary conditions to state vector, and project if necessary
          GROUP CanudaX_BSSNMoL_PostStepGroup: CanudaX_BSSNMoL: post-step operations
            CanudaX_BSSNMoL::CanudaX_BSSNMoL_impose_conf_fac_floor: Make sure conformal factor does not drop below specified value
            CanudaX_BSSNMoL::CanudaX_BSSNMoL_reset_detmetric: reset dethh = 1
            CanudaX_BSSNMoL::CanudaX_BSSNMoL_remove_trA: Remove trace of A
            CanudaX_BSSNMoL::CanudaX_BSSNMoL_sync: [global] Sync state vector
            CanudaX_BSSNMoL::CanudaX_BSSNMoL_bssn2adm: [local] Convert variables back to the ADM ones
          GROUP ADMBaseX_SetADMRHS: Set ADM RHS variables in this group
          GROUP ADMBaseX_SetADMVars: Set ADM variables in this group
          GROUP TmunuBaseX_SetTmunuVars: Schedule group for setting T_munu
            TmunuBaseX::TmunuBaseX_ZeroTmunu: Set T_munu to zero
            GROUP TmunuBaseX_AddToTmunu: Add to T_munu here
        GROUP ODESolvers_EstimateError: Estimate discretization error (for regridding)
    endif
    if (checkpoint initial data)
      [CCTK_CPINITIAL]
        CarpetX::CarpetX_CheckpointInitial: [meta] Checkpoint initial conditions
    endif
    if (analysis)
      [CCTK_ANALYSIS]
        CanudaX_BSSNMoL::CanudaX_BSSNMoL_bssn_constraints: Compute constraints
        GROUP ODESolvers_Analysis: Calculate analysis quantities everywhere
  endif
  Output grid variables

  do loop over timesteps
    [CCTK_PREREGRID]
    Change grid hierarchy
    [CCTK_POSTREGRID]
      GROUP ODESolvers_PostStep: Apply boundary conditions to state vector, and project if necessary
        GROUP CanudaX_BSSNMoL_PostStepGroup: CanudaX_BSSNMoL: post-step operations
          CanudaX_BSSNMoL::CanudaX_BSSNMoL_impose_conf_fac_floor: Make sure conformal factor does not drop below specified value
          CanudaX_BSSNMoL::CanudaX_BSSNMoL_reset_detmetric: reset dethh = 1
          CanudaX_BSSNMoL::CanudaX_BSSNMoL_remove_trA: Remove trace of A
          CanudaX_BSSNMoL::CanudaX_BSSNMoL_sync: [global] Sync state vector
          CanudaX_BSSNMoL::CanudaX_BSSNMoL_bssn2adm: [local] Convert variables back to the ADM ones
        GROUP ADMBaseX_SetADMRHS: Set ADM RHS variables in this group
        GROUP ADMBaseX_SetADMVars: Set ADM variables in this group
        GROUP TmunuBaseX_SetTmunuVars: Schedule group for setting T_munu
          TmunuBaseX::TmunuBaseX_ZeroTmunu: Set T_munu to zero
          GROUP TmunuBaseX_AddToTmunu: Add to T_munu here
    Rotate timelevels
    iteration = iteration+1
    t = t+dt
    [CCTK_PRESTEP]
    [CCTK_EVOL]
      ODESolvers::ODESolvers_Solve: [level] Solve ODEs
      while (ODESolvers::do_substeps)
        GROUP ODESolvers_CalledBySolve: Groups internally scheduled by ODESolvers_Solve
          GROUP ODESolvers_RHS: Evaluate the RHS for of state vector everywhere on the grid
            GROUP CanudaX_BSSNMoL_RHSGroup: CanudaX_BSSNMoL: calculate BSSN RHS
              CanudaX_BSSNMoL::CanudaX_BSSNMoL_calc_bssn_rhs: MoL RHS calculation
              CanudaX_BSSNMoL::CanudaX_BSSNMoL_apply_boundary_conditions: Apply radiative boundary conditions 
          GROUP ODESolvers_PostStep: Apply boundary conditions to state vector, and project if necessary
            GROUP CanudaX_BSSNMoL_PostStepGroup: CanudaX_BSSNMoL: post-step operations
              CanudaX_BSSNMoL::CanudaX_BSSNMoL_impose_conf_fac_floor: Make sure conformal factor does not drop below specified value
              CanudaX_BSSNMoL::CanudaX_BSSNMoL_reset_detmetric: reset dethh = 1
              CanudaX_BSSNMoL::CanudaX_BSSNMoL_remove_trA: Remove trace of A
              CanudaX_BSSNMoL::CanudaX_BSSNMoL_sync: [global] Sync state vector
              CanudaX_BSSNMoL::CanudaX_BSSNMoL_bssn2adm: [local] Convert variables back to the ADM ones
            GROUP ADMBaseX_SetADMRHS: Set ADM RHS variables in this group
            GROUP ADMBaseX_SetADMVars: Set ADM variables in this group
            GROUP TmunuBaseX_SetTmunuVars: Schedule group for setting T_munu
              TmunuBaseX::TmunuBaseX_ZeroTmunu: Set T_munu to zero
              GROUP TmunuBaseX_AddToTmunu: Add to T_munu here
      end while
    Evolve finer grids recursively
    Restrict from finer grids
    [CCTK_POSTRESTRICT]
      GROUP ODESolvers_PostStep: Apply boundary conditions to state vector, and project if necessary
        GROUP CanudaX_BSSNMoL_PostStepGroup: CanudaX_BSSNMoL: post-step operations
          CanudaX_BSSNMoL::CanudaX_BSSNMoL_impose_conf_fac_floor: Make sure conformal factor does not drop below specified value
          CanudaX_BSSNMoL::CanudaX_BSSNMoL_reset_detmetric: reset dethh = 1
          CanudaX_BSSNMoL::CanudaX_BSSNMoL_remove_trA: Remove trace of A
          CanudaX_BSSNMoL::CanudaX_BSSNMoL_sync: [global] Sync state vector
          CanudaX_BSSNMoL::CanudaX_BSSNMoL_bssn2adm: [local] Convert variables back to the ADM ones
        GROUP ADMBaseX_SetADMRHS: Set ADM RHS variables in this group
        GROUP ADMBaseX_SetADMVars: Set ADM variables in this group
        GROUP TmunuBaseX_SetTmunuVars: Schedule group for setting T_munu
          TmunuBaseX::TmunuBaseX_ZeroTmunu: Set T_munu to zero
          GROUP TmunuBaseX_AddToTmunu: Add to T_munu here
    [CCTK_POSTSTEP]
      GROUP ODESolvers_EstimateError: Estimate discretization error (for regridding)
    if (checkpoint)
      [CCTK_CHECKPOINT]
      CarpetX::CarpetX_Checkpoint: [meta] Checkpoint
    endif
    if (analysis)
      [CCTK_ANALYSIS]
      CanudaX_BSSNMoL::CanudaX_BSSNMoL_bssn_constraints: Compute constraints
      GROUP ODESolvers_Analysis: Calculate analysis quantities everywhere
    endif
    Output grid variables
    enddo

  Termination routines
    [CCTK_TERMINATE]
      CarpetX::CarpetX_CheckpointTerminate: [meta] Checkpoint before terminating

  Shutdown routines
    [CCTK_SHUTDOWN]
      CarpetX::Driver_Shutdown: [meta] Shut down the driver

  Routines run after changing the grid hierarchy:
    [CCTK_POSTREGRID]
      GROUP ODESolvers_PostStep: Apply boundary conditions to state vector, and project if necessary
        GROUP CanudaX_BSSNMoL_PostStepGroup: CanudaX_BSSNMoL: post-step operations
          CanudaX_BSSNMoL::CanudaX_BSSNMoL_impose_conf_fac_floor: Make sure conformal factor does not drop below specified value
          CanudaX_BSSNMoL::CanudaX_BSSNMoL_reset_detmetric: reset dethh = 1
          CanudaX_BSSNMoL::CanudaX_BSSNMoL_remove_trA: Remove trace of A
          CanudaX_BSSNMoL::CanudaX_BSSNMoL_sync: [global] Sync state vector
          CanudaX_BSSNMoL::CanudaX_BSSNMoL_bssn2adm: [local] Convert variables back to the ADM ones
        GROUP ADMBaseX_SetADMRHS: Set ADM RHS variables in this group
        GROUP ADMBaseX_SetADMVars: Set ADM variables in this group
        GROUP TmunuBaseX_SetTmunuVars: Schedule group for setting T_munu
          TmunuBaseX::TmunuBaseX_ZeroTmunu: Set T_munu to zero
          GROUP TmunuBaseX_AddToTmunu: Add to T_munu here
--------------------------------------------------------------------------------
INFO (hwloc): library version 2.10.0, API version 0x20800
--------------------------------------------------------------------------------

  [34m  ▕▏  [34m  ▕▏  [34m  ▕▏  [34m  ▕▏  [34m  ▕▏  [34m  ▕▏  [34m  ▕▏  [34m  ▕▏  [34m  ▕▏  [39m  
  [34m──██──[34m──██──[34m──██──[34m──██──[34m──██──[34m──██──[34m──██──[34m──██──[34m──██──[39m  
  [34m  ▕▏  [34m  ▕▏  [34m  ▕▏  [34m  ▕▏  [34m  ▕▏  [34m  ▕▏  [34m  ▕▏  [34m  ▕▏  [34m  ▕▏  [39m  
  [34m  ▕▏  [32m██████[34m  ▕▏  [34m  ▕▏  [32m██████[34m  ▕▏  [34m  ▕▏  [32m██████[34m  ▕▏  [39m  
  [34m──██──[32m██████[34m──██──[34m──██──[32m██████[34m──██──[34m──██──[32m██████[34m──██──[39m  
  [34m  ▕▏  [32m██████[34m  ▕▏  [34m  ▕▏  [32m██████[34m  ▕▏  [34m  ▕▏  [32m██████[34m  ▕▏  [39m  
  [34m  ▕▏  [34m  ▕▏  [34m  ▕▏  [34m  ▕▏  [34m  ▕▏  [34m  ▕▏  [34m  ▕▏  [34m  ▕▏  [34m  ▕▏  [39m  
  [34m──██──[34m──██──[34m──██──[34m──██──[34m──██──[34m──██──[34m──██──[34m──██──[34m──██──[39m  
  [34m  ▕▏  [34m  ▕▏  [34m  ▕▏  [34m  ▕▏  [34m  ▕▏  [34m  ▕▏  [34m  ▕▏  [34m  ▕▏  [34m  ▕▏  [39m  
  [34m  ▕▏  [34m  ▕▏  [34m  ▕▏  [31m██████[31m██████[31m██████[34m  ▕▏  [34m  ▕▏  [34m  ▕▏  [39m  
  [34m──██──[34m──██──[34m──██──[31m██████[31m██████[31m██████[34m──██──[34m──██──[34m──██──[39m  
  [34m  ▕▏  [34m  ▕▏  [34m  ▕▏  [31m██████[31m██████[31m██████[34m  ▕▏  [34m  ▕▏  [34m  ▕▏  [39m  
  [34m  ▕▏  [32m██████[34m  ▕▏  [31m██████[31m██████[31m██████[34m  ▕▏  [32m██████[34m  ▕▏  [39m  
  [34m──██──[32m██████[34m──██──[31m██████[31m██████[31m██████[34m──██──[32m██████[34m──██──[39m  
  [34m  ▕▏  [32m██████[34m  ▕▏  [31m██████[31m██████[31m██████[34m  ▕▏  [32m██████[34m  ▕▏  [39m  
  [34m  ▕▏  [34m  ▕▏  [34m  ▕▏  [31m██████[31m██████[31m██████[34m  ▕▏  [34m  ▕▏  [34m  ▕▏  [39m  
  [34m──██──[34m──██──[34m──██──[31m██████[31m██████[31m██████[34m──██──[34m──██──[34m──██──[39m  
  [34m  ▕▏  [34m  ▕▏  [34m  ▕▏  [31m██████[31m██████[31m██████[34m  ▕▏  [34m  ▕▏  [34m  ▕▏  [39m  
  [34m  ▕▏  [34m  ▕▏  [34m  ▕▏  [34m  ▕▏  [34m  ▕▏  [34m  ▕▏  [34m  ▕▏  [34m  ▕▏  [34m  ▕▏  [39m  
  [34m──██──[34m──██──[34m──██──[34m──██──[34m──██──[34m──██──[34m──██──[34m──██──[34m──██──[39m  
  [34m  ▕▏  [34m  ▕▏  [34m  ▕▏  [34m  ▕▏  [34m  ▕▏  [34m  ▕▏  [34m  ▕▏  [34m  ▕▏  [34m  ▕▏  [39m  
  [34m  ▕▏  [32m██████[34m  ▕▏  [34m  ▕▏  [32m██████[34m  ▕▏  [34m  ▕▏  [32m██████[34m  ▕▏  [39m  
  [34m──██──[32m██████[34m──██──[34m──██──[32m██████[34m──██──[34m──██──[32m██████[34m──██──[39m  
  [34m  ▕▏  [32m██████[34m  ▕▏  [34m  ▕▏  [32m██████[34m  ▕▏  [34m  ▕▏  [32m██████[34m  ▕▏  [39m  
  [34m  ▕▏  [34m  ▕▏  [34m  ▕▏  [34m  ▕▏  [34m  ▕▏  [34m  ▕▏  [34m  ▕▏  [34m  ▕▏  [34m  ▕▏  [39m  
  [34m──██──[34m──██──[34m──██──[34m──██──[34m──██──[34m──██──[34m──██──[34m──██──[34m──██──[39m  
  [34m  ▕▏  [34m  ▕▏  [34m  ▕▏  [34m  ▕▏  [34m  ▕▏  [34m  ▕▏  [34m  ▕▏  [34m  ▕▏  [34m  ▕▏  [39m  

AMR driver provided by CarpetX,
using AMReX 25.11 (MPI, OpenMP, no accelerators, debug)
--------------------------------------------------------------------------------

Initializing AMReX (25.11)...
MPI initialized with 1 MPI processes
MPI initialized with thread support level 2
OMP initialized with 2 OMP threads
AMReX (25.11) initialized
INFO (CarpetX): 
Symmetries:
  lower x: periodic
  lower y: periodic
  lower z: periodic
  upper x: periodic
  upper y: periodic
  upper z: periodic
Default boundaries:
  lower x: symmetry_boundary
  lower y: symmetry_boundary
  lower z: symmetry_boundary
  upper x: symmetry_boundary
  upper y: symmetry_boundary
  upper z: symmetry_boundary
INFO (Arith): Test_cplx
INFO (Arith): Test_smallvector
INFO (Arith): Test_spvect
INFO (CarpetX): Setting initial values for max_grid_size values for all levels
INFO (CarpetX): Setting up initial conditions...
INFO (CarpetX): Iteration: 0   time: 0   delta_time: 0.00390625
INFO (CarpetX): Patch 0:
INFO (CarpetX):   Grid extent:
INFO (CarpetX):     gsh=[71,15,15]
INFO (CarpetX):     blocking_factor=[8,8,8]
INFO (CarpetX):     max_grid_size=[10000000,10000000,10000000]
INFO (CarpetX):     max_tile_size=[1024000,16,32]
INFO (CarpetX):   Domain extent:
INFO (CarpetX):     xmin=[-0.5,-0.0625,-0.0625]
INFO (CarpetX):     xmax=[0.5,0.0625,0.0625]
INFO (CarpetX):     base dx=[0.015625,0.015625,0.015625]
INFO (CarpetX): Initializing level 0...
INFO (CanudaX_ExactID): Begin Gauge Wave initial data
INFO (CanudaX_ExactID): === End gauge wave initial data ===
INFO (CarpetX): Regridding...
INFO (CarpetX):   level 0: 1 boxes, 4096 cells (100%)
INFO (CarpetX): Initialized 1 levels
INFO (CarpetX): OutputGH: iteration 0, time 0.000000, run time 0 s
INFO (CarpetX): OutputGH done.
INFO (CarpetX): Starting evolution...
INFO (ODESolvers): ODE integrator is RK4
INFO (CarpetX): OutputGH: iteration 1, time 0.003906, run time 0 s
INFO (CarpetX): OutputGH done.
INFO (CarpetX): Simulation time: 0.00390625   Iterations per second: 34.0378   Simulation time per second: 0.13296
INFO (CarpetX): Grid cells: 4096   Grid cell updates per second: 139419
INFO (CarpetX): Performance:
INFO (CarpetX):   total evolution time:            0.0293791 sec
INFO (CarpetX):   total evolution compute time:    0.029371 sec
INFO (CarpetX):   total evolution output time:     8.10623e-06 sec
INFO (CarpetX):   total iterations:                1
INFO (CarpetX):   total cells updated:             4096
INFO (CarpetX):   average iterations per second: 34.0378
INFO (CarpetX):   average cell updates per second: 139419
INFO (CarpetX): OutputGH: iteration 2, time 0.007812, run time 0 s
INFO (CarpetX): OutputGH done.
INFO (CarpetX): Simulation time: 0.0078125   Iterations per second: 35.2291   Simulation time per second: 0.137614
INFO (CarpetX): Grid cells: 4096   Grid cell updates per second: 144298
INFO (CarpetX): Performance:
INFO (CarpetX):   total evolution time:            0.0567713 sec
INFO (CarpetX):   total evolution compute time:    0.056756 sec
INFO (CarpetX):   total evolution output time:     1.52588e-05 sec
INFO (CarpetX):   total iterations:                2
INFO (CarpetX):   total cells updated:             8192
INFO (CarpetX):   average iterations per second: 35.2291
INFO (CarpetX):   average cell updates per second: 144298
INFO (CarpetX): OutputGH: iteration 3, time 0.011719, run time 0 s
INFO (CarpetX): OutputGH done.
INFO (CarpetX): Simulation time: 0.0117188   Iterations per second: 35.885   Simulation time per second: 0.140176
INFO (CarpetX): Grid cells: 4096   Grid cell updates per second: 146985
INFO (CarpetX): Performance:
INFO (CarpetX):   total evolution time:            0.0836003 sec
INFO (CarpetX):   total evolution compute time:    0.0835788 sec
INFO (CarpetX):   total evolution output time:     2.14577e-05 sec
INFO (CarpetX):   total iterations:                3
INFO (CarpetX):   total cells updated:             12288
INFO (CarpetX):   average iterations per second: 35.885
INFO (CarpetX):   average cell updates per second: 146985
INFO (CarpetX): OutputGH: iteration 4, time 0.015625, run time 1 s
INFO (CarpetX): OutputGH done.
INFO (CarpetX): Simulation time: 0.015625   Iterations per second: 36.2857   Simulation time per second: 0.141741
INFO (CarpetX): Grid cells: 4096   Grid cell updates per second: 148626
INFO (CarpetX): Performance:
INFO (CarpetX):   total evolution time:            0.110236 sec
INFO (CarpetX):   total evolution compute time:    0.110209 sec
INFO (CarpetX):   total evolution output time:     2.74181e-05 sec
INFO (CarpetX):   total iterations:                4
INFO (CarpetX):   total cells updated:             16384
INFO (CarpetX):   average iterations per second: 36.2857
INFO (CarpetX):   average cell updates per second: 148626
INFO (CarpetX): OutputGH: iteration 5, time 0.019531, run time 1 s
INFO (CarpetX): OutputGH done.
INFO (CarpetX): Simulation time: 0.0195312   Iterations per second: 36.5251   Simulation time per second: 0.142676
INFO (CarpetX): Grid cells: 4096   Grid cell updates per second: 149607
INFO (CarpetX): Performance:
INFO (CarpetX):   total evolution time:            0.136892 sec
INFO (CarpetX):   total evolution compute time:    0.136859 sec
INFO (CarpetX):   total evolution output time:     3.33786e-05 sec
INFO (CarpetX):   total iterations:                5
INFO (CarpetX):   total cells updated:             20480
INFO (CarpetX):   average iterations per second: 36.5251
INFO (CarpetX):   average cell updates per second: 149607
INFO (CarpetX): OutputGH: iteration 6, time 0.023438, run time 1 s
INFO (CarpetX): OutputGH done.
INFO (CarpetX): Simulation time: 0.0234375   Iterations per second: 36.5294   Simulation time per second: 0.142693
INFO (CarpetX): Grid cells: 4096   Grid cell updates per second: 149624
INFO (CarpetX): Performance:
INFO (CarpetX):   total evolution time:            0.164251 sec
INFO (CarpetX):   total evolution compute time:    0.16421 sec
INFO (CarpetX):   total evolution output time:     4.14848e-05 sec
INFO (CarpetX):   total iterations:                6
INFO (CarpetX):   total cells updated:             24576
INFO (CarpetX):   average iterations per second: 36.5294
INFO (CarpetX):   average cell updates per second: 149624
INFO (CarpetX): OutputGH: iteration 7, time 0.027344, run time 1 s
INFO (CarpetX): OutputGH done.
INFO (CarpetX): Simulation time: 0.0273438   Iterations per second: 36.4175   Simulation time per second: 0.142256
INFO (CarpetX): Grid cells: 4096   Grid cell updates per second: 149166
INFO (CarpetX): Performance:
INFO (CarpetX):   total evolution time:            0.192215 sec
INFO (CarpetX):   total evolution compute time:    0.192168 sec
INFO (CarpetX):   total evolution output time:     4.74453e-05 sec
INFO (CarpetX):   total iterations:                7
INFO (CarpetX):   total cells updated:             28672
INFO (CarpetX):   average iterations per second: 36.4175
INFO (CarpetX):   average cell updates per second: 149166
INFO (CarpetX): OutputGH: iteration 8, time 0.031250, run time 1 s
INFO (CarpetX): OutputGH done.
INFO (CarpetX): Simulation time: 0.03125   Iterations per second: 36.2313   Simulation time per second: 0.141529
INFO (CarpetX): Grid cells: 4096   Grid cell updates per second: 148403
INFO (CarpetX): Performance:
INFO (CarpetX):   total evolution time:            0.220803 sec
INFO (CarpetX):   total evolution compute time:    0.220749 sec
INFO (CarpetX):   total evolution output time:     5.45979e-05 sec
INFO (CarpetX):   total iterations:                8
INFO (CarpetX):   total cells updated:             32768
INFO (CarpetX):   average iterations per second: 36.2313
INFO (CarpetX):   average cell updates per second: 148403
INFO (CarpetX): OutputGH: iteration 9, time 0.035156, run time 1 s
INFO (CarpetX): OutputGH done.
INFO (CarpetX): Simulation time: 0.0351562   Iterations per second: 36.2021   Simulation time per second: 0.141414
INFO (CarpetX): Grid cells: 4096   Grid cell updates per second: 148284
INFO (CarpetX): Performance:
INFO (CarpetX):   total evolution time:            0.248605 sec
INFO (CarpetX):   total evolution compute time:    0.248544 sec
INFO (CarpetX):   total evolution output time:     6.07967e-05 sec
INFO (CarpetX):   total iterations:                9
INFO (CarpetX):   total cells updated:             36864
INFO (CarpetX):   average iterations per second: 36.2021
INFO (CarpetX):   average cell updates per second: 148284
INFO (CarpetX): OutputGH: iteration 10, time 0.039062, run time 1 s
INFO (CarpetX): OutputGH done.
INFO (CarpetX): Simulation time: 0.0390625   Iterations per second: 36.2359   Simulation time per second: 0.141546
INFO (CarpetX): Grid cells: 4096   Grid cell updates per second: 148422
INFO (CarpetX): Performance:
INFO (CarpetX):   total evolution time:            0.27597 sec
INFO (CarpetX):   total evolution compute time:    0.275888 sec
INFO (CarpetX):   total evolution output time:     8.17776e-05 sec
INFO (CarpetX):   total iterations:                10
INFO (CarpetX):   total cells updated:             40960
INFO (CarpetX):   average iterations per second: 36.2359
INFO (CarpetX):   average cell updates per second: 148422
INFO (CarpetX): OutputGH: iteration 11, time 0.042969, run time 1 s
INFO (CarpetX): OutputGH done.
INFO (CarpetX): Simulation time: 0.0429688   Iterations per second: 36.3288   Simulation time per second: 0.141909
INFO (CarpetX): Grid cells: 4096   Grid cell updates per second: 148803
INFO (CarpetX): Performance:
INFO (CarpetX):   total evolution time:            0.30286 sec
INFO (CarpetX):   total evolution compute time:    0.302773 sec
INFO (CarpetX):   total evolution output time:     8.7738e-05 sec
INFO (CarpetX):   total iterations:                11
INFO (CarpetX):   total cells updated:             45056
INFO (CarpetX):   average iterations per second: 36.3204
INFO (CarpetX):   average cell updates per second: 148768
INFO (CarpetX): OutputGH: iteration 12, time 0.046875, run time 1 s
INFO (CarpetX): OutputGH done.
INFO (CarpetX): Simulation time: 0.046875   Iterations per second: 36.4387   Simulation time per second: 0.142339
INFO (CarpetX): Grid cells: 4096   Grid cell updates per second: 149253
INFO (CarpetX): Performance:
INFO (CarpetX):   total evolution time:            0.329556 sec
INFO (CarpetX):   total evolution compute time:    0.329463 sec
INFO (CarpetX):   total evolution output time:     9.36985e-05 sec
INFO (CarpetX):   total iterations:                12
INFO (CarpetX):   total cells updated:             49152
INFO (CarpetX):   average iterations per second: 36.4126
INFO (CarpetX):   average cell updates per second: 149146
INFO (CarpetX): OutputGH: iteration 13, time 0.050781, run time 1 s
INFO (CarpetX): OutputGH done.
INFO (CarpetX): Simulation time: 0.0507812   Iterations per second: 36.5102   Simulation time per second: 0.142618
INFO (CarpetX): Grid cells: 4096   Grid cell updates per second: 149546
INFO (CarpetX): Performance:
INFO (CarpetX):   total evolution time:            0.356462 sec
INFO (CarpetX):   total evolution compute time:    0.356363 sec
INFO (CarpetX):   total evolution output time:     9.98974e-05 sec
INFO (CarpetX):   total iterations:                13
INFO (CarpetX):   total cells updated:             53248
INFO (CarpetX):   average iterations per second: 36.4695
INFO (CarpetX):   average cell updates per second: 149379
INFO (CarpetX): OutputGH: iteration 14, time 0.054688, run time 1 s
INFO (CarpetX): OutputGH done.
INFO (CarpetX): Simulation time: 0.0546875   Iterations per second: 36.5283   Simulation time per second: 0.142689
INFO (CarpetX): Grid cells: 4096   Grid cell updates per second: 149620
INFO (CarpetX): Performance:
INFO (CarpetX):   total evolution time:            0.383717 sec
INFO (CarpetX):   total evolution compute time:    0.38361 sec
INFO (CarpetX):   total evolution output time:     0.000106096 sec
INFO (CarpetX):   total iterations:                14
INFO (CarpetX):   total cells updated:             57344
INFO (CarpetX):   average iterations per second: 36.4853
INFO (CarpetX):   average cell updates per second: 149444
INFO (CarpetX): OutputGH: iteration 15, time 0.058594, run time 1 s
INFO (CarpetX): OutputGH done.
INFO (CarpetX): Simulation time: 0.0585938   Iterations per second: 36.5494   Simulation time per second: 0.142771
INFO (CarpetX): Grid cells: 4096   Grid cell updates per second: 149706
INFO (CarpetX): Performance:
INFO (CarpetX):   total evolution time:            0.410934 sec
INFO (CarpetX):   total evolution compute time:    0.410822 sec
INFO (CarpetX):   total evolution output time:     0.000112057 sec
INFO (CarpetX):   total iterations:                15
INFO (CarpetX):   total cells updated:             61440
INFO (CarpetX):   average iterations per second: 36.5022
INFO (CarpetX):   average cell updates per second: 149513
INFO (CarpetX): OutputGH: iteration 16, time 0.062500, run time 1 s
INFO (CarpetX): OutputGH done.
INFO (CarpetX): Simulation time: 0.0625   Iterations per second: 36.628   Simulation time per second: 0.143078
INFO (CarpetX): Grid cells: 4096   Grid cell updates per second: 150028
INFO (CarpetX): Performance:
INFO (CarpetX):   total evolution time:            0.437707 sec
INFO (CarpetX):   total evolution compute time:    0.437589 sec
INFO (CarpetX):   total evolution output time:     0.000118017 sec
INFO (CarpetX):   total iterations:                16
INFO (CarpetX):   total cells updated:             65536
INFO (CarpetX):   average iterations per second: 36.5541
INFO (CarpetX):   average cell updates per second: 149726
INFO (CarpetX): OutputGH: iteration 17, time 0.066406, run time 1 s
INFO (CarpetX): OutputGH done.
INFO (CarpetX): Simulation time: 0.0664062   Iterations per second: 36.716   Simulation time per second: 0.143422
INFO (CarpetX): Grid cells: 4096   Grid cell updates per second: 150389
INFO (CarpetX): Performance:
INFO (CarpetX):   total evolution time:            0.464355 sec
INFO (CarpetX):   total evolution compute time:    0.464231 sec
INFO (CarpetX):   total evolution output time:     0.000123978 sec
INFO (CarpetX):   total iterations:                17
INFO (CarpetX):   total cells updated:             69632
INFO (CarpetX):   average iterations per second: 36.61
INFO (CarpetX):   average cell updates per second: 149954
INFO (CarpetX): OutputGH: iteration 18, time 0.070312, run time 1 s
INFO (CarpetX): OutputGH done.
INFO (CarpetX): Simulation time: 0.0703125   Iterations per second: 36.7897   Simulation time per second: 0.14371
INFO (CarpetX): Grid cells: 4096   Grid cell updates per second: 150690
INFO (CarpetX): Performance:
INFO (CarpetX):   total evolution time:            0.491045 sec
INFO (CarpetX):   total evolution compute time:    0.490916 sec
INFO (CarpetX):   total evolution output time:     0.000128984 sec
INFO (CarpetX):   total iterations:                18
INFO (CarpetX):   total cells updated:             73728
INFO (CarpetX):   average iterations per second: 36.6565
INFO (CarpetX):   average cell updates per second: 150145
INFO (CarpetX): OutputGH: iteration 19, time 0.074219, run time 1 s
INFO (CarpetX): OutputGH done.
INFO (CarpetX): Simulation time: 0.0742188   Iterations per second: 36.8718   Simulation time per second: 0.144031
INFO (CarpetX): Grid cells: 4096   Grid cell updates per second: 151027
INFO (CarpetX): Performance:
INFO (CarpetX):   total evolution time:            0.517621 sec
INFO (CarpetX):   total evolution compute time:    0.517487 sec
INFO (CarpetX):   total evolution output time:     0.000133991 sec
INFO (CarpetX):   total iterations:                19
INFO (CarpetX):   total cells updated:             77824
INFO (CarpetX):   average iterations per second: 36.7064
INFO (CarpetX):   average cell updates per second: 150349
INFO (CarpetX): OutputGH: iteration 20, time 0.078125, run time 1 s
INFO (CarpetX): OutputGH done.
INFO (CarpetX): Simulation time: 0.078125   Iterations per second: 36.9518   Simulation time per second: 0.144343
INFO (CarpetX): Grid cells: 4096   Grid cell updates per second: 151355
INFO (CarpetX): Performance:
INFO (CarpetX):   total evolution time:            0.544155 sec
INFO (CarpetX):   total evolution compute time:    0.544015 sec
INFO (CarpetX):   total evolution output time:     0.000139952 sec
INFO (CarpetX):   total iterations:                20
INFO (CarpetX):   total cells updated:             81920
INFO (CarpetX):   average iterations per second: 36.7542
INFO (CarpetX):   average cell updates per second: 150545
INFO (CarpetX): OutputGH: iteration 21, time 0.082031, run time 1 s
INFO (CarpetX): OutputGH done.
INFO (CarpetX): Simulation time: 0.0820312   Iterations per second: 37.0081   Simulation time per second: 0.144563
INFO (CarpetX): Grid cells: 4096   Grid cell updates per second: 151585
INFO (CarpetX): Performance:
INFO (CarpetX):   total evolution time:            0.570806 sec
INFO (CarpetX):   total evolution compute time:    0.57066 sec
INFO (CarpetX):   total evolution output time:     0.000146151 sec
INFO (CarpetX):   total iterations:                21
INFO (CarpetX):   total cells updated:             86016
INFO (CarpetX):   average iterations per second: 36.7901
INFO (CarpetX):   average cell updates per second: 150692
INFO (CarpetX): OutputGH: iteration 22, time 0.085938, run time 1 s
INFO (CarpetX): OutputGH done.
INFO (CarpetX): Simulation time: 0.0859375   Iterations per second: 37.0568   Simulation time per second: 0.144753
INFO (CarpetX): Grid cells: 4096   Grid cell updates per second: 151785
INFO (CarpetX): Performance:
INFO (CarpetX):   total evolution time:            0.597472 sec
INFO (CarpetX):   total evolution compute time:    0.59732 sec
INFO (CarpetX):   total evolution output time:     0.000152111 sec
INFO (CarpetX):   total iterations:                22
INFO (CarpetX):   total cells updated:             90112
INFO (CarpetX):   average iterations per second: 36.8218
INFO (CarpetX):   average cell updates per second: 150822
INFO (CarpetX): OutputGH: iteration 23, time 0.089844, run time 1 s
INFO (CarpetX): OutputGH done.
INFO (CarpetX): Simulation time: 0.0898438   Iterations per second: 37.1033   Simulation time per second: 0.144935
INFO (CarpetX): Grid cells: 4096   Grid cell updates per second: 151975
INFO (CarpetX): Performance:
INFO (CarpetX):   total evolution time:            0.624119 sec
INFO (CarpetX):   total evolution compute time:    0.623961 sec
INFO (CarpetX):   total evolution output time:     0.000158072 sec
INFO (CarpetX):   total iterations:                23
INFO (CarpetX):   total cells updated:             94208
INFO (CarpetX):   average iterations per second: 36.8519
INFO (CarpetX):   average cell updates per second: 150946
INFO (CarpetX): OutputGH: iteration 24, time 0.093750, run time 1 s
INFO (CarpetX): OutputGH done.
INFO (CarpetX): Simulation time: 0.09375   Iterations per second: 37.0914   Simulation time per second: 0.144888
INFO (CarpetX): Grid cells: 4096   Grid cell updates per second: 151926
INFO (CarpetX): Performance:
INFO (CarpetX):   total evolution time:            0.651158 sec
INFO (CarpetX):   total evolution compute time:    0.650994 sec
INFO (CarpetX):   total evolution output time:     0.000164032 sec
INFO (CarpetX):   total iterations:                24
INFO (CarpetX):   total cells updated:             98304
INFO (CarpetX):   average iterations per second: 36.8574
INFO (CarpetX):   average cell updates per second: 150968
INFO (CarpetX): OutputGH: iteration 25, time 0.097656, run time 1 s
INFO (CarpetX): OutputGH done.
INFO (CarpetX): Simulation time: 0.0976562   Iterations per second: 36.989   Simulation time per second: 0.144488
INFO (CarpetX): Grid cells: 4096   Grid cell updates per second: 151507
INFO (CarpetX): Performance:
INFO (CarpetX):   total evolution time:            0.678865 sec
INFO (CarpetX):   total evolution compute time:    0.678694 sec
INFO (CarpetX):   total evolution output time:     0.000170946 sec
INFO (CarpetX):   total iterations:                25
INFO (CarpetX):   total cells updated:             102400
INFO (CarpetX):   average iterations per second: 36.8262
INFO (CarpetX):   average cell updates per second: 150840
INFO (CarpetX): OutputGH: iteration 26, time 0.101562, run time 1 s
INFO (CarpetX): OutputGH done.
INFO (CarpetX): Simulation time: 0.101562   Iterations per second: 36.8771   Simulation time per second: 0.144051
INFO (CarpetX): Grid cells: 4096   Grid cell updates per second: 151049
INFO (CarpetX): Performance:
INFO (CarpetX):   total evolution time:            0.70672 sec
INFO (CarpetX):   total evolution compute time:    0.706543 sec
INFO (CarpetX):   total evolution output time:     0.000176907 sec
INFO (CarpetX):   total iterations:                26
INFO (CarpetX):   total cells updated:             106496
INFO (CarpetX):   average iterations per second: 36.7897
INFO (CarpetX):   average cell updates per second: 150691
INFO (CarpetX): OutputGH: iteration 27, time 0.105469, run time 1 s
INFO (CarpetX): OutputGH done.
INFO (CarpetX): Simulation time: 0.105469   Iterations per second: 36.8024   Simulation time per second: 0.143759
INFO (CarpetX): Grid cells: 4096   Grid cell updates per second: 150742
INFO (CarpetX): Performance:
INFO (CarpetX):   total evolution time:            0.734388 sec
INFO (CarpetX):   total evolution compute time:    0.734204 sec
INFO (CarpetX):   total evolution output time:     0.000183821 sec
INFO (CarpetX):   total iterations:                27
INFO (CarpetX):   total cells updated:             110592
INFO (CarpetX):   average iterations per second: 36.7653
INFO (CarpetX):   average cell updates per second: 150591
INFO (CarpetX): OutputGH: iteration 28, time 0.109375, run time 1 s
INFO (CarpetX): OutputGH done.
INFO (CarpetX): Simulation time: 0.109375   Iterations per second: 36.7388   Simulation time per second: 0.143511
INFO (CarpetX): Grid cells: 4096   Grid cell updates per second: 150482
INFO (CarpetX): Performance:
INFO (CarpetX):   total evolution time:            0.76203 sec
INFO (CarpetX):   total evolution compute time:    0.76184 sec
INFO (CarpetX):   total evolution output time:     0.000189781 sec
INFO (CarpetX):   total iterations:                28
INFO (CarpetX):   total cells updated:             114688
INFO (CarpetX):   average iterations per second: 36.744
INFO (CarpetX):   average cell updates per second: 150503
INFO (CarpetX): OutputGH: iteration 29, time 0.113281, run time 1 s
INFO (CarpetX): OutputGH done.
INFO (CarpetX): Simulation time: 0.113281   Iterations per second: 36.6538   Simulation time per second: 0.143179
INFO (CarpetX): Grid cells: 4096   Grid cell updates per second: 150134
INFO (CarpetX): Performance:
INFO (CarpetX):   total evolution time:            0.789881 sec
INFO (CarpetX):   total evolution compute time:    0.789685 sec
INFO (CarpetX):   total evolution output time:     0.000195742 sec
INFO (CarpetX):   total iterations:                29
INFO (CarpetX):   total cells updated:             118784
INFO (CarpetX):   average iterations per second: 36.7144
INFO (CarpetX):   average cell updates per second: 150382
INFO (CarpetX): OutputGH: iteration 30, time 0.117188, run time 1 s
INFO (CarpetX): OutputGH done.
INFO (CarpetX): Simulation time: 0.117188   Iterations per second: 36.6169   Simulation time per second: 0.143035
INFO (CarpetX): Grid cells: 4096   Grid cell updates per second: 149983
INFO (CarpetX): Performance:
INFO (CarpetX):   total evolution time:            0.817437 sec
INFO (CarpetX):   total evolution compute time:    0.817235 sec
INFO (CarpetX):   total evolution output time:     0.000202656 sec
INFO (CarpetX):   total iterations:                30
INFO (CarpetX):   total cells updated:             122880
INFO (CarpetX):   average iterations per second: 36.7001
INFO (CarpetX):   average cell updates per second: 150323
INFO (CarpetX): OutputGH: iteration 31, time 0.121094, run time 1 s
INFO (CarpetX): OutputGH done.
INFO (CarpetX): Simulation time: 0.121094   Iterations per second: 36.6455   Simulation time per second: 0.143146
INFO (CarpetX): Grid cells: 4096   Grid cell updates per second: 150100
INFO (CarpetX): Performance:
INFO (CarpetX):   total evolution time:            0.844534 sec
INFO (CarpetX):   total evolution compute time:    0.844324 sec
INFO (CarpetX):   total evolution output time:     0.000210524 sec
INFO (CarpetX):   total iterations:                31
INFO (CarpetX):   total cells updated:             126976
INFO (CarpetX):   average iterations per second: 36.7066
INFO (CarpetX):   average cell updates per second: 150350
INFO (CarpetX): OutputGH: iteration 32, time 0.125000, run time 1 s
INFO (CarpetX): OutputGH done.
INFO (CarpetX): Simulation time: 0.125   Iterations per second: 36.7039   Simulation time per second: 0.143375
INFO (CarpetX): Grid cells: 4096   Grid cell updates per second: 150339
INFO (CarpetX): Performance:
INFO (CarpetX):   total evolution time:            0.871388 sec
INFO (CarpetX):   total evolution compute time:    0.87117 sec
INFO (CarpetX):   total evolution output time:     0.000218391 sec
INFO (CarpetX):   total iterations:                32
INFO (CarpetX):   total cells updated:             131072
INFO (CarpetX):   average iterations per second: 36.723
INFO (CarpetX):   average cell updates per second: 150417
INFO (CarpetX): OutputGH: iteration 33, time 0.128906, run time 1 s
INFO (CarpetX): OutputGH done.
INFO (CarpetX): Simulation time: 0.128906   Iterations per second: 36.7588   Simulation time per second: 0.143589
INFO (CarpetX): Grid cells: 4096   Grid cell updates per second: 150564
INFO (CarpetX): Performance:
INFO (CarpetX):   total evolution time:            0.898226 sec
INFO (CarpetX):   total evolution compute time:    0.898002 sec
INFO (CarpetX):   total evolution output time:     0.000224352 sec
INFO (CarpetX):   total iterations:                33
INFO (CarpetX):   total cells updated:             135168
INFO (CarpetX):   average iterations per second: 36.7391
INFO (CarpetX):   average cell updates per second: 150483
INFO (CarpetX): OutputGH: iteration 34, time 0.132812, run time 1 s
INFO (CarpetX): OutputGH done.
INFO (CarpetX): Simulation time: 0.132812   Iterations per second: 36.8084   Simulation time per second: 0.143783
INFO (CarpetX): Grid cells: 4096   Grid cell updates per second: 150767
INFO (CarpetX): Performance:
INFO (CarpetX):   total evolution time:            0.925065 sec
INFO (CarpetX):   total evolution compute time:    0.924834 sec
INFO (CarpetX):   total evolution output time:     0.000230312 sec
INFO (CarpetX):   total iterations:                34
INFO (CarpetX):   total cells updated:             139264
INFO (CarpetX):   average iterations per second: 36.7542
INFO (CarpetX):   average cell updates per second: 150545
INFO (CarpetX): OutputGH: iteration 35, time 0.136719, run time 1 s
INFO (CarpetX): OutputGH done.
INFO (CarpetX): Simulation time: 0.136719   Iterations per second: 36.8599   Simulation time per second: 0.143984
INFO (CarpetX): Grid cells: 4096   Grid cell updates per second: 150978
INFO (CarpetX): Performance:
INFO (CarpetX):   total evolution time:            0.951853 sec
INFO (CarpetX):   total evolution compute time:    0.951616 sec
INFO (CarpetX):   total evolution output time:     0.000236511 sec
INFO (CarpetX):   total iterations:                35
INFO (CarpetX):   total cells updated:             143360
INFO (CarpetX):   average iterations per second: 36.7704
INFO (CarpetX):   average cell updates per second: 150612
INFO (CarpetX): OutputGH: iteration 36, time 0.140625, run time 1 s
INFO (CarpetX): OutputGH done.
INFO (CarpetX): Simulation time: 0.140625   Iterations per second: 36.9078   Simulation time per second: 0.144171
INFO (CarpetX): Grid cells: 4096   Grid cell updates per second: 151174
INFO (CarpetX): Performance:
INFO (CarpetX):   total evolution time:            0.978631 sec
INFO (CarpetX):   total evolution compute time:    0.978388 sec
INFO (CarpetX):   total evolution output time:     0.000242472 sec
INFO (CarpetX):   total iterations:                36
INFO (CarpetX):   total cells updated:             147456
INFO (CarpetX):   average iterations per second: 36.7861
INFO (CarpetX):   average cell updates per second: 150676
INFO (CarpetX): OutputGH: iteration 37, time 0.144531, run time 1 s
INFO (CarpetX): OutputGH done.
INFO (CarpetX): Simulation time: 0.144531   Iterations per second: 36.9505   Simulation time per second: 0.144338
INFO (CarpetX): Grid cells: 4096   Grid cell updates per second: 151349
INFO (CarpetX): Performance:
INFO (CarpetX):   total evolution time:            1.00541 sec
INFO (CarpetX):   total evolution compute time:    1.00516 sec
INFO (CarpetX):   total evolution output time:     0.000248671 sec
INFO (CarpetX):   total iterations:                37
INFO (CarpetX):   total cells updated:             151552
INFO (CarpetX):   average iterations per second: 36.8008
INFO (CarpetX):   average cell updates per second: 150736
INFO (CarpetX): OutputGH: iteration 38, time 0.148438, run time 1 s
INFO (CarpetX): OutputGH done.
INFO (CarpetX): Simulation time: 0.148438   Iterations per second: 36.9929   Simulation time per second: 0.144504
INFO (CarpetX): Grid cells: 4096   Grid cell updates per second: 151523
INFO (CarpetX): Performance:
INFO (CarpetX):   total evolution time:            1.03216 sec
INFO (CarpetX):   total evolution compute time:    1.03191 sec
INFO (CarpetX):   total evolution output time:     0.000254631 sec
INFO (CarpetX):   total iterations:                38
INFO (CarpetX):   total cells updated:             155648
INFO (CarpetX):   average iterations per second: 36.8158
INFO (CarpetX):   average cell updates per second: 150798
INFO (CarpetX): OutputGH: iteration 39, time 0.152344, run time 1 s
INFO (CarpetX): OutputGH done.
INFO (CarpetX): Simulation time: 0.152344   Iterations per second: 37.0288   Simulation time per second: 0.144644
INFO (CarpetX): Grid cells: 4096   Grid cell updates per second: 151670
INFO (CarpetX): Performance:
INFO (CarpetX):   total evolution time:            1.05893 sec
INFO (CarpetX):   total evolution compute time:    1.05868 sec
INFO (CarpetX):   total evolution output time:     0.000259638 sec
INFO (CarpetX):   total iterations:                39
INFO (CarpetX):   total cells updated:             159744
INFO (CarpetX):   average iterations per second: 36.8295
INFO (CarpetX):   average cell updates per second: 150853
INFO (CarpetX): OutputGH: iteration 40, time 0.156250, run time 1 s
INFO (CarpetX): OutputGH done.
INFO (CarpetX): Simulation time: 0.15625   Iterations per second: 37.0637   Simulation time per second: 0.14478
INFO (CarpetX): Grid cells: 4096   Grid cell updates per second: 151813
INFO (CarpetX): Performance:
INFO (CarpetX):   total evolution time:            1.08569 sec
INFO (CarpetX):   total evolution compute time:    1.08542 sec
INFO (CarpetX):   total evolution output time:     0.000265598 sec
INFO (CarpetX):   total iterations:                40
INFO (CarpetX):   total cells updated:             163840
INFO (CarpetX):   average iterations per second: 36.843
INFO (CarpetX):   average cell updates per second: 150909
INFO (CarpetX): OutputGH: iteration 41, time 0.160156, run time 2 s
INFO (CarpetX): OutputGH done.
INFO (CarpetX): Simulation time: 0.160156   Iterations per second: 37.1082   Simulation time per second: 0.144954
INFO (CarpetX): Grid cells: 4096   Grid cell updates per second: 151995
INFO (CarpetX): Performance:
INFO (CarpetX):   total evolution time:            1.11234 sec
INFO (CarpetX):   total evolution compute time:    1.11207 sec
INFO (CarpetX):   total evolution output time:     0.000271559 sec
INFO (CarpetX):   total iterations:                41
INFO (CarpetX):   total cells updated:             167936
INFO (CarpetX):   average iterations per second: 36.8591
INFO (CarpetX):   average cell updates per second: 150975
INFO (CarpetX): OutputGH: iteration 42, time 0.164062, run time 2 s
INFO (CarpetX): OutputGH done.
INFO (CarpetX): Simulation time: 0.164062   Iterations per second: 37.0774   Simulation time per second: 0.144834
INFO (CarpetX): Grid cells: 4096   Grid cell updates per second: 151869
INFO (CarpetX): Performance:
INFO (CarpetX):   total evolution time:            1.13952 sec
INFO (CarpetX):   total evolution compute time:    1.13924 sec
INFO (CarpetX):   total evolution output time:     0.000277519 sec
INFO (CarpetX):   total iterations:                42
INFO (CarpetX):   total cells updated:             172032
INFO (CarpetX):   average iterations per second: 36.8578
INFO (CarpetX):   average cell updates per second: 150969
INFO (CarpetX): OutputGH: iteration 43, time 0.167969, run time 2 s
INFO (CarpetX): OutputGH done.
INFO (CarpetX): Simulation time: 0.167969   Iterations per second: 36.8641   Simulation time per second: 0.144
INFO (CarpetX): Grid cells: 4096   Grid cell updates per second: 150995
INFO (CarpetX): Performance:
INFO (CarpetX):   total evolution time:            1.16805 sec
INFO (CarpetX):   total evolution compute time:    1.16776 sec
INFO (CarpetX):   total evolution output time:     0.00028348 sec
INFO (CarpetX):   total iterations:                43
INFO (CarpetX):   total cells updated:             176128
INFO (CarpetX):   average iterations per second: 36.8136
INFO (CarpetX):   average cell updates per second: 150788
INFO (CarpetX): OutputGH: iteration 44, time 0.171875, run time 2 s
INFO (CarpetX): OutputGH done.
INFO (CarpetX): Simulation time: 0.171875   Iterations per second: 36.6482   Simulation time per second: 0.143157
INFO (CarpetX): Grid cells: 4096   Grid cell updates per second: 150111
INFO (CarpetX): Performance:
INFO (CarpetX):   total evolution time:            1.19677 sec
INFO (CarpetX):   total evolution compute time:    1.19648 sec
INFO (CarpetX):   total evolution output time:     0.00028944 sec
INFO (CarpetX):   total iterations:                44
INFO (CarpetX):   total cells updated:             180224
INFO (CarpetX):   average iterations per second: 36.7656
INFO (CarpetX):   average cell updates per second: 150592
INFO (CarpetX): OutputGH: iteration 45, time 0.175781, run time 2 s
INFO (CarpetX): OutputGH done.
INFO (CarpetX): Simulation time: 0.175781   Iterations per second: 36.4188   Simulation time per second: 0.142261
INFO (CarpetX): Grid cells: 4096   Grid cell updates per second: 149172
INFO (CarpetX): Performance:
INFO (CarpetX):   total evolution time:            1.22578 sec
INFO (CarpetX):   total evolution compute time:    1.22548 sec
INFO (CarpetX):   total evolution output time:     0.000295401 sec
INFO (CarpetX):   total iterations:                45
INFO (CarpetX):   total cells updated:             184320
INFO (CarpetX):   average iterations per second: 36.7114
INFO (CarpetX):   average cell updates per second: 150370
INFO (CarpetX): OutputGH: iteration 46, time 0.179688, run time 2 s
INFO (CarpetX): OutputGH done.
INFO (CarpetX): Simulation time: 0.179688   Iterations per second: 36.186   Simulation time per second: 0.141352
INFO (CarpetX): Grid cells: 4096   Grid cell updates per second: 148218
INFO (CarpetX): Performance:
INFO (CarpetX):   total evolution time:            1.255 sec
INFO (CarpetX):   total evolution compute time:    1.2547 sec
INFO (CarpetX):   total evolution output time:     0.000300407 sec
INFO (CarpetX):   total iterations:                46
INFO (CarpetX):   total cells updated:             188416
INFO (CarpetX):   average iterations per second: 36.6533
INFO (CarpetX):   average cell updates per second: 150132
INFO (CarpetX): OutputGH: iteration 47, time 0.183594, run time 2 s
INFO (CarpetX): OutputGH done.
INFO (CarpetX): Simulation time: 0.183594   Iterations per second: 35.2891   Simulation time per second: 0.137848
INFO (CarpetX): Grid cells: 4096   Grid cell updates per second: 144544
INFO (CarpetX): Performance:
INFO (CarpetX):   total evolution time:            1.28966 sec
INFO (CarpetX):   total evolution compute time:    1.28935 sec
INFO (CarpetX):   total evolution output time:     0.000306368 sec
INFO (CarpetX):   total iterations:                47
INFO (CarpetX):   total cells updated:             192512
INFO (CarpetX):   average iterations per second: 36.4437
INFO (CarpetX):   average cell updates per second: 149273
INFO (CarpetX): OutputGH: iteration 48, time 0.187500, run time 2 s
INFO (CarpetX): OutputGH done.
INFO (CarpetX): Simulation time: 0.1875   Iterations per second: 34.0305   Simulation time per second: 0.132931
INFO (CarpetX): Grid cells: 4096   Grid cell updates per second: 139389
INFO (CarpetX): Performance:
INFO (CarpetX):   total evolution time:            1.32848 sec
INFO (CarpetX):   total evolution compute time:    1.32815 sec
INFO (CarpetX):   total evolution output time:     0.000325441 sec
INFO (CarpetX):   total iterations:                48
INFO (CarpetX):   total cells updated:             196608
INFO (CarpetX):   average iterations per second: 36.1316
INFO (CarpetX):   average cell updates per second: 147995
INFO (CarpetX): OutputGH: iteration 49, time 0.191406, run time 2 s
INFO (CarpetX): OutputGH done.
INFO (CarpetX): Simulation time: 0.191406   Iterations per second: 32.349   Simulation time per second: 0.126363
INFO (CarpetX): Grid cells: 4096   Grid cell updates per second: 132501
INFO (CarpetX): Performance:
INFO (CarpetX):   total evolution time:            1.37314 sec
INFO (CarpetX):   total evolution compute time:    1.37281 sec
INFO (CarpetX):   total evolution output time:     0.000332594 sec
INFO (CarpetX):   total iterations:                49
INFO (CarpetX):   total cells updated:             200704
INFO (CarpetX):   average iterations per second: 35.6847
INFO (CarpetX):   average cell updates per second: 146164
INFO (CarpetX): OutputGH: iteration 50, time 0.195312, run time 2 s
INFO (CarpetX): OutputGH done.
INFO (CarpetX): Simulation time: 0.195312   Iterations per second: 31.3033   Simulation time per second: 0.122279
INFO (CarpetX): Grid cells: 4096   Grid cell updates per second: 128218
INFO (CarpetX): Performance:
INFO (CarpetX):   total evolution time:            1.41438 sec
INFO (CarpetX):   total evolution compute time:    1.41404 sec
INFO (CarpetX):   total evolution output time:     0.000339508 sec
INFO (CarpetX):   total iterations:                50
INFO (CarpetX):   total cells updated:             204800
INFO (CarpetX):   average iterations per second: 35.3512
INFO (CarpetX):   average cell updates per second: 144799
INFO (CarpetX): OutputGH: iteration 51, time 0.199219, run time 2 s
INFO (CarpetX): OutputGH done.
INFO (CarpetX): Simulation time: 0.199219   Iterations per second: 31.71   Simulation time per second: 0.123867
INFO (CarpetX): Grid cells: 4096   Grid cell updates per second: 129884
INFO (CarpetX): Performance:
INFO (CarpetX):   total evolution time:            1.44223 sec
INFO (CarpetX):   total evolution compute time:    1.44188 sec
INFO (CarpetX):   total evolution output time:     0.000346661 sec
INFO (CarpetX):   total iterations:                51
INFO (CarpetX):   total cells updated:             208896
INFO (CarpetX):   average iterations per second: 35.362
INFO (CarpetX):   average cell updates per second: 144843
INFO (CarpetX): OutputGH: iteration 52, time 0.203125, run time 2 s
INFO (CarpetX): OutputGH done.
INFO (CarpetX): Simulation time: 0.203125   Iterations per second: 31.954   Simulation time per second: 0.12482
INFO (CarpetX): Grid cells: 4096   Grid cell updates per second: 130884
INFO (CarpetX): Performance:
INFO (CarpetX):   total evolution time:            1.47135 sec
INFO (CarpetX):   total evolution compute time:    1.471 sec
INFO (CarpetX):   total evolution output time:     0.000353813 sec
INFO (CarpetX):   total iterations:                52
INFO (CarpetX):   total cells updated:             212992
INFO (CarpetX):   average iterations per second: 35.3416
INFO (CarpetX):   average cell updates per second: 144759
INFO (CarpetX): OutputGH: iteration 53, time 0.207031, run time 2 s
INFO (CarpetX): OutputGH done.
INFO (CarpetX): Simulation time: 0.207031   Iterations per second: 32.2531   Simulation time per second: 0.125989
INFO (CarpetX): Grid cells: 4096   Grid cell updates per second: 132109
INFO (CarpetX): Performance:
INFO (CarpetX):   total evolution time:            1.49975 sec
INFO (CarpetX):   total evolution compute time:    1.49938 sec
INFO (CarpetX):   total evolution output time:     0.000361919 sec
INFO (CarpetX):   total iterations:                53
INFO (CarpetX):   total cells updated:             217088
INFO (CarpetX):   average iterations per second: 35.3393
INFO (CarpetX):   average cell updates per second: 144750
INFO (CarpetX): OutputGH: iteration 54, time 0.210938, run time 2 s
INFO (CarpetX): OutputGH done.
INFO (CarpetX): Simulation time: 0.210938   Iterations per second: 32.5046   Simulation time per second: 0.126971
INFO (CarpetX): Grid cells: 4096   Grid cell updates per second: 133139
INFO (CarpetX): Performance:
INFO (CarpetX):   total evolution time:            1.52835 sec
INFO (CarpetX):   total evolution compute time:    1.52798 sec
INFO (CarpetX):   total evolution output time:     0.000369072 sec
INFO (CarpetX):   total iterations:                54
INFO (CarpetX):   total cells updated:             221184
INFO (CarpetX):   average iterations per second: 35.3322
INFO (CarpetX):   average cell updates per second: 144721
INFO (CarpetX): OutputGH: iteration 55, time 0.214844, run time 2 s
INFO (CarpetX): OutputGH done.
INFO (CarpetX): Simulation time: 0.214844   Iterations per second: 32.7939   Simulation time per second: 0.128101
INFO (CarpetX): Grid cells: 4096   Grid cell updates per second: 134324
INFO (CarpetX): Performance:
INFO (CarpetX):   total evolution time:            1.5564 sec
INFO (CarpetX):   total evolution compute time:    1.55603 sec
INFO (CarpetX):   total evolution output time:     0.000375032 sec
INFO (CarpetX):   total iterations:                55
INFO (CarpetX):   total cells updated:             225280
INFO (CarpetX):   average iterations per second: 35.3379
INFO (CarpetX):   average cell updates per second: 144744
INFO (CarpetX): OutputGH: iteration 56, time 0.218750, run time 2 s
INFO (CarpetX): OutputGH done.
INFO (CarpetX): Simulation time: 0.21875   Iterations per second: 33.0063   Simulation time per second: 0.128931
INFO (CarpetX): Grid cells: 4096   Grid cell updates per second: 135194
INFO (CarpetX): Performance:
INFO (CarpetX):   total evolution time:            1.58493 sec
INFO (CarpetX):   total evolution compute time:    1.58455 sec
INFO (CarpetX):   total evolution output time:     0.000380993 sec
INFO (CarpetX):   total iterations:                56
INFO (CarpetX):   total cells updated:             229376
INFO (CarpetX):   average iterations per second: 35.3327
INFO (CarpetX):   average cell updates per second: 144723
INFO (CarpetX): OutputGH: iteration 57, time 0.222656, run time 2 s
INFO (CarpetX): OutputGH done.
INFO (CarpetX): Simulation time: 0.222656   Iterations per second: 33.1079   Simulation time per second: 0.129328
INFO (CarpetX): Grid cells: 4096   Grid cell updates per second: 135610
INFO (CarpetX): Performance:
INFO (CarpetX):   total evolution time:            1.6143 sec
INFO (CarpetX):   total evolution compute time:    1.61391 sec
INFO (CarpetX):   total evolution output time:     0.000389099 sec
INFO (CarpetX):   total iterations:                57
INFO (CarpetX):   total cells updated:             233472
INFO (CarpetX):   average iterations per second: 35.3094
INFO (CarpetX):   average cell updates per second: 144627
INFO (CarpetX): OutputGH: iteration 58, time 0.226562, run time 2 s
INFO (CarpetX): OutputGH done.
INFO (CarpetX): Simulation time: 0.226562   Iterations per second: 33.2772   Simulation time per second: 0.129989
INFO (CarpetX): Grid cells: 4096   Grid cell updates per second: 136303
INFO (CarpetX): Performance:
INFO (CarpetX):   total evolution time:            1.64297 sec
INFO (CarpetX):   total evolution compute time:    1.64257 sec
INFO (CarpetX):   total evolution output time:     0.00039506 sec
INFO (CarpetX):   total iterations:                58
INFO (CarpetX):   total cells updated:             237568
INFO (CarpetX):   average iterations per second: 35.3019
INFO (CarpetX):   average cell updates per second: 144597
INFO (CarpetX): OutputGH: iteration 59, time 0.230469, run time 2 s
INFO (CarpetX): OutputGH done.
INFO (CarpetX): Simulation time: 0.230469   Iterations per second: 33.3237   Simulation time per second: 0.130171
INFO (CarpetX): Grid cells: 4096   Grid cell updates per second: 136494
INFO (CarpetX): Performance:
INFO (CarpetX):   total evolution time:            1.6726 sec
INFO (CarpetX):   total evolution compute time:    1.6722 sec
INFO (CarpetX):   total evolution output time:     0.00040102 sec
INFO (CarpetX):   total iterations:                59
INFO (CarpetX):   total cells updated:             241664
INFO (CarpetX):   average iterations per second: 35.2744
INFO (CarpetX):   average cell updates per second: 144484
INFO (CarpetX): OutputGH: iteration 60, time 0.234375, run time 2 s
INFO (CarpetX): OutputGH done.
INFO (CarpetX): Simulation time: 0.234375   Iterations per second: 33.4942   Simulation time per second: 0.130837
INFO (CarpetX): Grid cells: 4096   Grid cell updates per second: 137192
INFO (CarpetX): Performance:
INFO (CarpetX):   total evolution time:            1.70108 sec
INFO (CarpetX):   total evolution compute time:    1.70067 sec
INFO (CarpetX):   total evolution output time:     0.000407934 sec
INFO (CarpetX):   total iterations:                60
INFO (CarpetX):   total cells updated:             245760
INFO (CarpetX):   average iterations per second: 35.2717
INFO (CarpetX):   average cell updates per second: 144473
INFO (CarpetX): OutputGH: iteration 61, time 0.238281, run time 2 s
INFO (CarpetX): OutputGH done.
INFO (CarpetX): Simulation time: 0.238281   Iterations per second: 33.6507   Simulation time per second: 0.131448
INFO (CarpetX): Grid cells: 4096   Grid cell updates per second: 137833
INFO (CarpetX): Performance:
INFO (CarpetX):   total evolution time:            1.72955 sec
INFO (CarpetX):   total evolution compute time:    1.72914 sec
INFO (CarpetX):   total evolution output time:     0.000413895 sec
INFO (CarpetX):   total iterations:                61
INFO (CarpetX):   total cells updated:             249856
INFO (CarpetX):   average iterations per second: 35.2693
INFO (CarpetX):   average cell updates per second: 144463
INFO (CarpetX): OutputGH: iteration 62, time 0.242188, run time 2 s
INFO (CarpetX): OutputGH done.
INFO (CarpetX): Simulation time: 0.242188   Iterations per second: 33.8369   Simulation time per second: 0.132176
INFO (CarpetX): Grid cells: 4096   Grid cell updates per second: 138596
INFO (CarpetX): Performance:
INFO (CarpetX):   total evolution time:            1.75763 sec
INFO (CarpetX):   total evolution compute time:    1.75721 sec
INFO (CarpetX):   total evolution output time:     0.000420094 sec
INFO (CarpetX):   total iterations:                62
INFO (CarpetX):   total cells updated:             253952
INFO (CarpetX):   average iterations per second: 35.2748
INFO (CarpetX):   average cell updates per second: 144485
INFO (CarpetX): OutputGH: iteration 63, time 0.246094, run time 2 s
INFO (CarpetX): OutputGH done.
INFO (CarpetX): Simulation time: 0.246094   Iterations per second: 33.9881   Simulation time per second: 0.132766
INFO (CarpetX): Grid cells: 4096   Grid cell updates per second: 139215
INFO (CarpetX): Performance:
INFO (CarpetX):   total evolution time:            1.78587 sec
INFO (CarpetX):   total evolution compute time:    1.78544 sec
INFO (CarpetX):   total evolution output time:     0.0004251 sec
INFO (CarpetX):   total iterations:                63
INFO (CarpetX):   total cells updated:             258048
INFO (CarpetX):   average iterations per second: 35.2769
INFO (CarpetX):   average cell updates per second: 144494
INFO (CarpetX): OutputGH: iteration 64, time 0.250000, run time 2 s
INFO (CarpetX): OutputGH done.
INFO (CarpetX): Simulation time: 0.25   Iterations per second: 19.6637   Simulation time per second: 0.0768115
INFO (CarpetX): Grid cells: 4096   Grid cell updates per second: 80542.6
INFO (CarpetX): Performance:
INFO (CarpetX):   total evolution time:            2.02962 sec
INFO (CarpetX):   total evolution compute time:    1.81681 sec
INFO (CarpetX):   total evolution output time:     0.212813 sec
INFO (CarpetX):   total iterations:                64
INFO (CarpetX):   total cells updated:             262144
INFO (CarpetX):   average iterations per second: 31.533
INFO (CarpetX):   average cell updates per second: 129159
INFO (CarpetX): Shutting down...
AMReX (25.11) finalized
--------------------------------------------------------------------------------
Done.
+ echo Stopping:
Stopping:
+ date
Fri Sep 18 22:20:14 UTC 2026
+ echo Done.
Done.
  Elapsed time: 2.8 s
