/home/runner/simulations/TestJob01_temp_1/output-0000/TEST/sim/MemSpeed
Preparing:
+ set -e
+ cd output-0000-active
+ echo Checking:
Checking:
+ pwd
/home/runner/simulations/TestJob01_temp_1/output-0000/TEST/sim/MemSpeed/output-0000-active
+ hostname
runnervm3jyl0
+ date
Fri May 29 18:31:31 UTC 2026
+ echo Environment:
Environment:
+ export CACTUS_NUM_PROCS=1
+ CACTUS_NUM_PROCS=1
+ export CACTUS_NUM_THREADS=2
+ CACTUS_NUM_THREADS=2
+ export GMON_OUT_PREFIX=gmon.out
+ GMON_OUT_PREFIX=gmon.out
+ export OMP_NUM_THREADS=2
+ OMP_NUM_THREADS=2
+ env
+ sort
+ echo Starting:
Starting:
++ date +%s
+ export CACTUS_STARTTIME=1780079491
+ CACTUS_STARTTIME=1780079491
+ '[' 1 = 1 ']'
+ '[' 0 -eq 0 ']'
+ /home/runner/simulations/TestJob01_temp_1/SIMFACTORY/exe/cactus_sim -L 3 /home/runner/simulations/TestJob01_temp_1/output-0000/arrangements/CactusUtils/MemSpeed/test/memspeed.par
INFO (Cactus): Increased logging level from 0 to 3
--------------------------------------------------------------------------------

       10                                  
  1   0101       ************************  
  01  1010 10      The Cactus Code V4.18.0    
 1010 1101 011      www.cactuscode.org     
  1001 100101    ************************  
    00010101                               
     100011     (c) Copyright The Authors  
      0100      GNU Licensed. No Warranty  
      0101                                 
--------------------------------------------------------------------------------

Cactus version:    4.18.0
Compile date:      May 29 2026 (18:19:34)
Run date:          May 29 2026 (18:31:32+0000)
Run host:          runnervm3jyl0.3jf31m1wzpwutlocd01cqhvyfd.phxx.internal.cloudapp.net (pid=171434)
Working directory: /home/runner/simulations/TestJob01_temp_1/output-0000/TEST/sim/MemSpeed
Executable:        /home/runner/simulations/TestJob01_temp_1/SIMFACTORY/exe/cactus_sim
Parameter file:    /home/runner/simulations/TestJob01_temp_1/output-0000/arrangements/CactusUtils/MemSpeed/test/memspeed.par
--------------------------------------------------------------------------------

Activating thorn Cactus...Success -> active implementation Cactus
Activation requested for 
--->hwloc MemSpeed SystemTopology CartGrid3D CoordBase IOASCII IOUtil PUGH PUGHSlab<---
Thorn hwloc requests automatic activation of zlib
Thorn MemSpeed requests automatic activation of Vectors
Thorn MemSpeed requests automatic activation of MPI
Activating thorn CartGrid3D...Success -> active implementation grid
Activating thorn CoordBase...Success -> active implementation CoordBase
Activating thorn hwloc...Success -> active implementation hwloc
Activating thorn IOASCII...Success -> active implementation IOASCII
Activating thorn IOUtil...Success -> active implementation IO
Activating thorn MemSpeed...Success -> active implementation MemSpeed
Activating thorn MPI...Success -> active implementation MPI
Activating thorn PUGH...Success -> active implementation Driver
Activating thorn PUGHSlab...Success -> active implementation Hyperslab
Activating thorn SystemTopology...Success -> active implementation SystemTopology
Activating thorn Vectors...Success -> active implementation Vectors
Activating thorn zlib...Success -> active implementation zlib
--------------------------------------------------------------------------------
  if (recover initial data)
    Recover parameters
  endif

  Startup routines
    [CCTK_STARTUP]
      CartGrid3D::SymmetryStartup: Register GH Extension for GridSymmetry
      CoordBase::CoordBase_Startup: Register a GH extension to store the coordinate system handles
      GROUP hwloc_startup: hwloc startup group
        hwloc::hwloc_version: Output hwloc version
      SystemTopology::ST_system_topology: Output and/or modify system topology and hardware locality
      PUGH::Driver_Startup: Startup routine
      PUGH::PUGH_RegisterPUGHP2LRoutines: Register Physical to Logical process mapping routines
      PUGH::PUGH_RegisterPUGHTopologyRoutines: Register topology generation routines routines
      IOUtil::IOUtil_Startup: Startup routine
      Vectors::Vectors_Startup: Print startup message
      IOASCII::IOASCII_Startup: Startup routine

  Startup routines which need an existing grid hierarchy
    [CCTK_WRAGH]
      CartGrid3D::RegisterCartGrid3DCoords: [meta] Register coordinates for the Cartesian grid
      MemSpeed::MemSpeed_MeasureSpeed: [meta] Measure CPU, memory, cache speeds
  Parameter checking routines
    [CCTK_PARAMCHECK]
      CartGrid3D::ParamCheck_CartGrid3D: Check coordinates for CartGrid3D
      Vectors::Vectors_Test: Run correctness tests.

  Initialisation
    if (NOT (recover initial data AND recovery_mode is 'strict'))
      [CCTK_PREREGRIDINITIAL]
      Set up grid hierarchy
      [CCTK_POSTREGRIDINITIAL]
        CartGrid3D::SpatialCoordinates: Set Coordinates after regridding
      [CCTK_BASEGRID]
        CartGrid3D::SpatialSpacings: Set up ranges for spatial 3D Cartesian coordinates (on all grids)
        CartGrid3D::SpatialCoordinates: Set up spatial 3D Cartesian coordinates on the GH
        IOASCII::IOASCII_Choose1D: Choose 1D output lines
        IOASCII::IOASCII_Choose2D: Choose 2D output planes
        PUGH::PUGH_Report: Report on PUGH set up
      [CCTK_INITIAL]
      [CCTK_POSTINITIAL]
      Initialise finer grids recursively
      Restrict from finer grids
      [CCTK_POSTRESTRICTINITIAL]
      [CCTK_POSTPOSTINITIAL]
      [CCTK_POSTSTEP]
    endif
    if (recover initial data)
      [CCTK_BASEGRID]
        CartGrid3D::SpatialSpacings: Set up ranges for spatial 3D Cartesian coordinates (on all grids)
        CartGrid3D::SpatialCoordinates: Set up spatial 3D Cartesian coordinates on the GH
        IOASCII::IOASCII_Choose1D: Choose 1D output lines
        IOASCII::IOASCII_Choose2D: Choose 2D output planes
        PUGH::PUGH_Report: Report on PUGH set up
      [CCTK_RECOVER_VARIABLES]
      [CCTK_POST_RECOVER_VARIABLES]
    endif
    if (checkpoint initial data)
      [CCTK_CPINITIAL]
    endif
    if (analysis)
      [CCTK_ANALYSIS]
  endif
  Output grid variables

  do loop over timesteps
    [CCTK_PREREGRID]
    Change grid hierarchy
    [CCTK_POSTREGRID]
      CartGrid3D::SpatialCoordinates: Set Coordinates after regridding
    Rotate timelevels
    iteration = iteration+1
    t = t+dt
    [CCTK_PRESTEP]
    [CCTK_EVOL]
    Evolve finer grids recursively
    Restrict from finer grids
    [CCTK_POSTRESTRICT]
    [CCTK_POSTSTEP]
    if (checkpoint)
      [CCTK_CHECKPOINT]
    endif
    if (analysis)
      [CCTK_ANALYSIS]
    endif
    Output grid variables
    enddo

  Termination routines
    [CCTK_TERMINATE]
      PUGH::Driver_Terminate: Termination routine

  Shutdown routines
    [CCTK_SHUTDOWN]

  Routines run after changing the grid hierarchy:
    [CCTK_POSTREGRID]
      CartGrid3D::SpatialCoordinates: Set Coordinates after regridding
--------------------------------------------------------------------------------
INFO (hwloc): library version 2.10.0, API version 0x20800
INFO (SystemTopology): MPI process-to-host mapping:
This is MPI process 0 of 1
MPI hosts:
  0: runnervm3jyl0
This MPI process runs on host 0 of 1
On this host, this is MPI process 0 of 1
INFO (SystemTopology): Topology support:
Discovery support:
  discovery->pu                            : yes
CPU binding support:
  cpubind->set_thisproc_cpubind            : yes
  cpubind->get_thisproc_cpubind            : yes
  cpubind->set_proc_cpubind                : yes
  cpubind->get_proc_cpubind                : yes
  cpubind->set_thisthread_cpubind          : yes
  cpubind->get_thisthread_cpubind          : yes
  cpubind->set_thread_cpubind              : yes
  cpubind->get_thread_cpubind              : yes
  cpubind->get_thisproc_last_cpu_location  : yes
  cpubind->get_proc_last_cpu_location      : yes
  cpubind->get_thisthread_last_cpu_location: yes
Memory binding support:
  membind->set_thisproc_membind            : no
  membind->get_thisproc_membind            : no
  membind->set_proc_membind                : no
  membind->get_proc_membind                : no
  membind->set_thisthread_membind          : yes
  membind->get_thisthread_membind          : yes
  membind->set_area_membind                : yes
  membind->get_area_membind                : yes
  membind->alloc_membind                   : yes
  membind->firsttouch_membind              : yes
  membind->bind_membind                    : yes
  membind->interleave_membind              : yes
  membind->nexttouch_membind               : no
  membind->migrate_membind                 : yes
INFO (SystemTopology): Hardware objects in this node:
Machine L#0: (P#0, total=16373460KB, DMIProductName="Virtual Machine", DMIProductVersion="Hyper-V UEFI Release v4.1", DMIProductUUID=a5b053a3-9bdf-41af-a8cf-71f6e66d6f1e, DMIBoardVendor="Microsoft Corporation", DMIBoardName="Virtual Machine", DMIBoardVersion="Hyper-V UEFI Release v4.1", DMIBoardAssetTag=None, DMIChassisVendor="Microsoft Corporation", DMIChassisType=3, DMIChassisVersion="Hyper-V UEFI Release v4.1", DMIChassisAssetTag=7783-7084-3265-9085-8269-3286-77, DMIBIOSVendor="Microsoft Corporation", DMIBIOSVersion="Hyper-V UEFI Release v4.1", DMIBIOSDate=01/08/2026, DMISysVendor="Microsoft Corporation", Backend=Linux, LinuxCgroup=/system.slice/hosted-compute-agent.service, OSName=Linux, OSRelease=6.17.0-1015-azure, OSVersion="#15~24.04.1-Ubuntu SMP Wed May  6 22:37:49 UTC 2026", HostName=runnervm3jyl0, Architecture=x86_64, hwlocVersion=2.10.0, ProcessName=cactus_sim)
  Package L#0: (P#0, total=16373460KB, CPUVendor=AuthenticAMD, CPUFamilyNumber=25, CPUModelNumber=1, CPUModel="AMD EPYC 7763 64-Core Processor                ", CPUStepping=1)
    L3Cache L#0: (P#0, size=32768KB, linesize=64, ways=16, Inclusive=0)
      L2Cache L#0: (P#0, size=512KB, linesize=64, ways=8, Inclusive=1)
        L1dCache L#0: (P#0, size=32KB, linesize=64, ways=8, Inclusive=0)
          Core L#0: (P#0)
            PU L#0: (P#0)
            PU L#1: (P#1)
      L2Cache L#1: (P#1, size=512KB, linesize=64, ways=8, Inclusive=1)
        L1dCache L#1: (P#1, size=32KB, linesize=64, ways=8, Inclusive=0)
          Core L#1: (P#1)
            PU L#2: (P#2)
            PU L#3: (P#3)
INFO (SystemTopology): Thread CPU bindings:
  MPI process 0 on host 0 (process 0 of 1 on this host)
    OpenMP thread 0: PU set L#{0-3} P#{0-3}
    OpenMP thread 1: PU set L#{0-3} P#{0-3}
INFO (SystemTopology): Setting thread CPU bindings:
INFO (SystemTopology): Thread CPU bindings:
  MPI process 0 on host 0 (process 0 of 1 on this host)
    OpenMP thread 0: PU set L#{0} P#{0}
    OpenMP thread 1: PU set L#{2} P#{2}
INFO (SystemTopology): Extracting CPU/cache/memory properties:
  There are 2 PUs per core (aka hardware SMT threads)
  There are 1 threads per core (aka SMT threads used)
  Cache (unknown name) has type "data" depth 1
    size 32768 linesize 64 associativity 8 stride 4096, for 2 PUs
  Cache (unknown name) has type "unified" depth 2
    size 524288 linesize 64 associativity 8 stride 65536, for 2 PUs
  Cache (unknown name) has type "unified" depth 3
    size 33554432 linesize 64 associativity 16 stride 2097152, for 4 PUs
INFO (PUGH): Using physical to logical mappings: direct
INFO (PUGH): Using topology generator: automatic
INFO (Vectors): Using vector size 2 for architecture SSE2 (64-bit precision)
--------------------------------------------------------------------------------
Driver provided by PUGH
--------------------------------------------------------------------------------

INFO (PUGH): Not setting up a topology for 1 dimensions
INFO (PUGH): Not setting up a topology for 2 dimensions
INFO (PUGH): Setting up a topology for 3 dimensions
INFO (IOASCII): I/O Method 'IOASCII_1D' registered: output of 1D lines of grid functions/arrays to ASCII files
INFO (IOASCII): Periodic 1D output every 1 iterations
INFO (IOASCII): Periodic 1D output requested for 'GRID::r'
INFO (IOASCII): I/O Method 'IOASCII_2D' registered: output of 2D planes of grid functions/arrays to ASCII files
INFO (IOASCII): Periodic 2D output turned off
INFO (IOASCII): I/O Method 'IOASCII_3D' registered: output of 3D grid functions/arrays to ASCII files
INFO (IOASCII): Periodic 3D output turned off
INFO (MemSpeed): Measuring CPU, cache, memory, and communication speeds:
  Single-core measurements (using 1 MPI processes with 1 OpenMP threads each):
    CPU frequency:
      iterations=1000000... time=0.00125299 sec
      iterations=10000000... time=0.0125185 sec
      iterations=100000000... time=0.124771 sec
      iterations=900000000... time=1.12173 sec
      iterations=900000000... time=0.842712 sec
      result: 6.4511 GHz
    CPU floating point performance:
      iterations=1000000... time=0.00198756 sec
      iterations=10000000... time=0.0198591 sec
      iterations=100000000... time=0.198517 sec
      iterations=600000000... time=1.1945 sec
      result: 16.0737 Gflop/sec
    CPU integer performance:
      iterations=1000000... time=0.001577 sec
      iterations=10000000... time=0.0155653 sec
      iterations=100000000... time=0.155615 sec
      iterations=700000000... time=1.0901 sec
      result: 10.2743 Giop/sec
    Read latency of D1 cache (for 2 PUs) (using 1*24576 bytes):
      iterations=1000... time=0.000125987 sec
      iterations=10000... time=0.00125123 sec
      iterations=100000... time=0.0124506 sec
      iterations=1000000... time=0.124481 sec
      iterations=9000000... time=1.12105 sec
      result: 1.24561 nsec
    Read latency of L2 cache (for 2 PUs) (using 1*393216 bytes):
      iterations=1000... time=0.000482768 sec
      iterations=10000... time=0.00441546 sec
      iterations=100000... time=0.0423068 sec
      iterations=1000000... time=0.416835 sec
      iterations=3000000... time=1.27739 sec
      result: 4.25796 nsec
    Read latency of L3 cache (for 4 PUs) (using 1*25165824 bytes):
      [skipped -- avoiding large-memory benchmarks]
    Read bandwidth of D1 cache (for 2 PUs) (using 1*24576 bytes):
      iterations=1... time=4.91e-07 sec
      iterations=10... time=3.116e-06 sec
      iterations=100... time=3.6399e-05 sec
      iterations=1000... time=0.000286478 sec
      iterations=10000... time=0.00248816 sec
      iterations=100000... time=0.0245636 sec
      iterations=1000000... time=0.245284 sec
      iterations=4000000... time=0.982851 sec
      iterations=8000000... time=1.9697 sec
      result: 99.8163 GByte/sec
    Read bandwidth of L2 cache (for 2 PUs) (using 1*393216 bytes):
      iterations=1... time=8.156e-06 sec
      iterations=10... time=5.7027e-05 sec
      iterations=100... time=0.000506032 sec
      iterations=1000... time=0.00503861 sec
      iterations=10000... time=0.0502309 sec
      iterations=100000... time=0.501365 sec
      iterations=200000... time=1.00256 sec
      result: 78.4427 GByte/sec
    Read bandwidth of L3 cache (for 4 PUs) (using 1*25165824 bytes):
      [skipped -- avoiding large-memory benchmarks]
    Write latency of D1 cache (for 2 PUs) (using 1*24576 bytes):
      iterations=1000... time=3.667e-06 sec
      iterations=10000... time=3.182e-05 sec
      iterations=100000... time=0.000256032 sec
      iterations=1000000... time=0.00250189 sec
      iterations=10000000... time=0.0249084 sec
      iterations=100000000... time=0.249123 sec
      iterations=400000000... time=0.996107 sec
      iterations=800000000... time=1.99498 sec
      result: 0.311715 nsec
    Write latency of L2 cache (for 2 PUs) (using 1*393216 bytes):
      iterations=1000... time=1.2793e-05 sec
      iterations=10000... time=9.7243e-05 sec
      iterations=100000... time=0.000941792 sec
      iterations=1000000... time=0.00905303 sec
      iterations=10000000... time=0.0911482 sec
      iterations=100000000... time=0.903518 sec
      iterations=200000000... time=1.79621 sec
      result: 1.12263 nsec
    Write latency of L3 cache (for 4 PUs) (using 1*25165824 bytes):
      [skipped -- avoiding large-memory benchmarks]
    Write bandwidth of D1 cache (for 2 PUs) (using 1*24576 bytes):
      iterations=1... time=5.11e-07 sec
      iterations=10... time=3.848e-06 sec
      iterations=100... time=3.9615e-05 sec
      iterations=1000... time=0.00028677 sec
      iterations=10000... time=0.00279725 sec
      iterations=100000... time=0.0278742 sec
      iterations=1000000... time=0.278599 sec
      iterations=4000000... time=1.1154 sec
      result: 88.1335 GByte/sec
    Write bandwidth of L2 cache (for 2 PUs) (using 1*393216 bytes):
      iterations=1... time=6.542e-06 sec
      iterations=10... time=6.3149e-05 sec
      iterations=100... time=0.000465255 sec
      iterations=1000... time=0.00442229 sec
      iterations=10000... time=0.0443885 sec
      iterations=100000... time=0.442228 sec
      iterations=200000... time=0.885442 sec
      iterations=400000... time=1.7677 sec
      result: 88.9781 GByte/sec
    Write bandwidth of L3 cache (for 4 PUs) (using 1*25165824 bytes):
      [skipped -- avoiding large-memory benchmarks]
    Stencil code performance of D1 cache (for 2 PUs) (using 1*12^3 grid points, 1*27648 bytes):
      iterations=1... time=4.3803e-05 sec
      iterations=10... time=0.000330321 sec
      iterations=100... time=0.00326251 sec
      iterations=1000... time=0.0324405 sec
      iterations=10000... time=0.325562 sec
      iterations=30000... time=0.967259 sec
      iterations=60000... time=1.97211 sec
      result: 0.0525732 Gupdates/sec
    Stencil code performance of L2 cache (for 2 PUs) (using 1*29^3 grid points, 1*390224 bytes):
      iterations=1... time=0.000149812 sec
      iterations=10... time=0.00155675 sec
      iterations=100... time=0.0155803 sec
      iterations=1000... time=0.156586 sec
      iterations=7000... time=1.12689 sec
      result: 0.151499 Gupdates/sec
    Stencil code performance of L3 cache (for 4 PUs) (using 1*116^3 grid points, 1*24974336 bytes):
      iterations=1... time=0.00414529 sec
      iterations=10... time=0.0403301 sec
      iterations=100... time=0.392193 sec
      iterations=300... time=1.20353 sec
      result: 0.389079 Gupdates/sec
  Single-node measurements (using 1 MPI processes with 2 OpenMP threads each):
    CPU frequency:
      iterations=1000000... time=0.0013328 sec
      iterations=10000000... time=0.0124671 sec
      iterations=100000000... time=0.124632 sec
      iterations=900000000... time=1.12135 sec
      iterations=900000000... time=0.841904 sec
      result: 6.4412 GHz
    CPU floating point performance:
      iterations=1000000... time=0.00198479 sec
      iterations=10000000... time=0.019842 sec
      iterations=100000000... time=0.198599 sec
      iterations=600000000... time=1.19149 sec
      result: 16.1143 Gflop/sec
    CPU integer performance:
      iterations=1000000... time=0.00157177 sec
      iterations=10000000... time=0.0155582 sec
      iterations=100000000... time=0.156088 sec
      iterations=700000000... time=1.09018 sec
      result: 10.2736 Giop/sec
    Read latency of D1 cache (for 2 PUs) (using 2*24576 bytes):
      iterations=1000... time=0.00012484 sec
      iterations=10000... time=0.00125623 sec
      iterations=100000... time=0.0124386 sec
      iterations=1000000... time=0.12445 sec
      iterations=9000000... time=1.12101 sec
      result: 1.24557 nsec
    Read latency of L2 cache (for 2 PUs) (using 2*393216 bytes):
      iterations=1000... time=0.000458513 sec
      iterations=10000... time=0.00442525 sec
      iterations=100000... time=0.0439365 sec
      iterations=1000000... time=0.436617 sec
      iterations=3000000... time=1.3071 sec
      result: 4.35701 nsec
    Read latency of L3 cache (for 4 PUs) (using 1*25165824 bytes):
      [skipped -- avoiding large-memory benchmarks]
    Read bandwidth of D1 cache (for 2 PUs) (using 2*24576 bytes):
      iterations=1... time=4.31e-07 sec
      iterations=10... time=2.8205e-06 sec
      iterations=100... time=3.11085e-05 sec
      iterations=1000... time=0.000263055 sec
      iterations=10000... time=0.0025029 sec
      iterations=100000... time=0.0245683 sec
      iterations=1000000... time=0.245167 sec
      iterations=4000000... time=0.981013 sec
      iterations=8000000... time=1.96358 sec
      result: 100.127 GByte/sec
    Read bandwidth of L2 cache (for 2 PUs) (using 2*393216 bytes):
      iterations=1... time=7.8145e-06 sec
      iterations=10... time=5.4733e-05 sec
      iterations=100... time=0.000501007 sec
      iterations=1000... time=0.00543575 sec
      iterations=10000... time=0.0603934 sec
      iterations=100000... time=0.526835 sec
      iterations=200000... time=1.00191 sec
      result: 78.4929 GByte/sec
    Read bandwidth of L3 cache (for 4 PUs) (using 1*25165824 bytes):
      [skipped -- avoiding large-memory benchmarks]
    Write latency of D1 cache (for 2 PUs) (using 2*24576 bytes):
      iterations=1000... time=3.2665e-06 sec
      iterations=10000... time=3.18645e-05 sec
      iterations=100000... time=0.00028177 sec
      iterations=1000000... time=0.00250892 sec
      iterations=10000000... time=0.0251545 sec
      iterations=100000000... time=0.249072 sec
      iterations=400000000... time=0.996434 sec
      iterations=800000000... time=1.9997 sec
      result: 0.312453 nsec
    Write latency of L2 cache (for 2 PUs) (using 2*393216 bytes):
      iterations=1000... time=1.1622e-05 sec
      iterations=10000... time=9.07005e-05 sec
      iterations=100000... time=0.000889423 sec
      iterations=1000000... time=0.00881088 sec
      iterations=10000000... time=0.0884697 sec
      iterations=100000000... time=0.876631 sec
      iterations=200000000... time=1.75328 sec
      result: 1.0958 nsec
    Write latency of L3 cache (for 4 PUs) (using 1*25165824 bytes):
      [skipped -- avoiding large-memory benchmarks]
    Write bandwidth of D1 cache (for 2 PUs) (using 2*24576 bytes):
      iterations=1... time=5.36e-07 sec
      iterations=10... time=4.0875e-06 sec
      iterations=100... time=3.73705e-05 sec
      iterations=1000... time=0.000316064 sec
      iterations=10000... time=0.00284165 sec
      iterations=100000... time=0.02787 sec
      iterations=1000000... time=0.278842 sec
      iterations=4000000... time=1.14504 sec
      result: 85.8524 GByte/sec
    Write bandwidth of L2 cache (for 2 PUs) (using 2*393216 bytes):
      iterations=1... time=9.122e-06 sec
      iterations=10... time=5.7839e-05 sec
      iterations=100... time=0.000552449 sec
      iterations=1000... time=0.00449899 sec
      iterations=10000... time=0.0443603 sec
      iterations=100000... time=0.444978 sec
      iterations=200000... time=0.889264 sec
      iterations=400000... time=1.78313 sec
      result: 88.2081 GByte/sec
    Write bandwidth of L3 cache (for 4 PUs) (using 1*25165824 bytes):
      [skipped -- avoiding large-memory benchmarks]
    Stencil code performance of D1 cache (for 2 PUs) (using 1*12^3 grid points, 1*27648 bytes):
      iterations=1... time=1.2228e-05 sec
      iterations=10... time=8.6678e-05 sec
      iterations=100... time=0.000867201 sec
      iterations=1000... time=0.00838755 sec
      iterations=10000... time=0.0849128 sec
      iterations=100000... time=0.867806 sec
      iterations=200000... time=1.74643 sec
      result: 0.197889 Gupdates/sec
    Stencil code performance of L2 cache (for 2 PUs) (using 1*29^3 grid points, 1*390224 bytes):
      iterations=1... time=3.9204e-05 sec
      iterations=10... time=0.000389703 sec
      iterations=100... time=0.00395168 sec
      iterations=1000... time=0.0406501 sec
      iterations=10000... time=0.361932 sec
      iterations=30000... time=1.15802 sec
      result: 0.631828 Gupdates/sec
    Stencil code performance of L3 cache (for 4 PUs) (using 1*116^3 grid points, 1*24974336 bytes):
      iterations=1... time=0.00141401 sec
      iterations=10... time=0.0107293 sec
      iterations=100... time=0.108362 sec
      iterations=1000... time=1.08373 sec
      result: 1.4403 Gupdates/sec
INFO (Vectors): Testing vectorisation... [errors may result in segfaults]
INFO (Vectors): 375/375 tests passed 
INFO (CartGrid3D): Grid Spacings:
INFO (CartGrid3D): dx=>1.1111111e-01  dy=>1.1111111e-01  dz=>1.1111111e-01
INFO (CartGrid3D): Computational Coordinates:
INFO (CartGrid3D): x=>[-0.500, 0.500]  y=>[-0.500, 0.500]  z=>[-0.500, 0.500]
INFO (CartGrid3D): Indices of Physical Coordinates:
INFO (CartGrid3D): x=>[0,9]  y=>[0,9]  z=>[0,9]
INFO (PUGH): MPI Evolution on 1 processors
INFO (PUGH): 3-dimensional grid functions
INFO (PUGH):  10
INFO (PUGH):  1
INFO (PUGH): 10]
INFO (PUGH):   Maximum load skew: 0.000000
--------------------------------------------------------------------------------
Done.
+ echo Stopping:
Stopping:
+ date
Fri May 29 18:32:36 UTC 2026
+ echo Done.
Done.
  Elapsed time: 64.9 s
