/home/runner/simulations/TestJob01_temp_2/output-0000/TEST/sim/MemSpeed
Preparing:
+ set -e
+ cd output-0000-active
+ echo Checking:
Checking:
+ pwd
/home/runner/simulations/TestJob01_temp_2/output-0000/TEST/sim/MemSpeed/output-0000-active
+ hostname
runnervmkkn4f
+ date
Wed Jul  8 08:51:18 UTC 2026
+ echo Environment:
Environment:
+ export CACTUS_NUM_PROCS=2
+ CACTUS_NUM_PROCS=2
+ export CACTUS_NUM_THREADS=1
+ CACTUS_NUM_THREADS=1
+ export GMON_OUT_PREFIX=gmon.out
+ GMON_OUT_PREFIX=gmon.out
+ export OMP_NUM_THREADS=1
+ OMP_NUM_THREADS=1
+ env
+ sort
+ echo Starting:
Starting:
++ date +%s
+ export CACTUS_STARTTIME=1783500678
+ CACTUS_STARTTIME=1783500678
+ '[' 2 = 1 ']'
+ mpirun -np 2 /home/runner/simulations/TestJob01_temp_2/SIMFACTORY/exe/cactus_sim -L 3 /home/runner/simulations/TestJob01_temp_2/output-0000/arrangements/CactusUtils/MemSpeed/test/memspeed.par
INFO (Cactus): Increased logging level from 0 to 3
--------------------------------------------------------------------------------

       10                                  
  1   0101       ************************  
  01  1010 10      The Cactus Code V4.20.0    
 1010 1101 011      www.cactuscode.org     
  1001 100101    ************************  
    00010101                               
     100011     (c) Copyright The Authors  
      0100      GNU Licensed. No Warranty  
      0101                                 
--------------------------------------------------------------------------------

Cactus version:    4.20.0
Compile date:      Jul 08 2026 (08:06:28)
Run date:          Jul 08 2026 (08:51:19+0000)
Run host:          runnervmkkn4f.ruemotfze4de3d0wsa50oj5uif.phxx.internal.cloudapp.net (pid=180558)
Working directory: /home/runner/simulations/TestJob01_temp_2/output-0000/TEST/sim/MemSpeed
Executable:        /home/runner/simulations/TestJob01_temp_2/SIMFACTORY/exe/cactus_sim
Parameter file:    /home/runner/simulations/TestJob01_temp_2/output-0000/arrangements/CactusUtils/MemSpeed/test/memspeed.par
--------------------------------------------------------------------------------

Activating thorn Cactus...Success -> active implementation Cactus
Activation requested for 
--->hwloc MemSpeed SystemTopology CartGrid3D CoordBase IOASCII IOUtil PUGH PUGHSlab<---
Thorn hwloc requests automatic activation of zlib
Thorn MemSpeed requests automatic activation of Vectors
Thorn MemSpeed requests automatic activation of MPI
Activating thorn CartGrid3D...Success -> active implementation grid
Activating thorn CoordBase...Success -> active implementation CoordBase
Activating thorn hwloc...Success -> active implementation hwloc
Activating thorn IOASCII...Success -> active implementation IOASCII
Activating thorn IOUtil...Success -> active implementation IO
Activating thorn MemSpeed...Success -> active implementation MemSpeed
Activating thorn MPI...Success -> active implementation MPI
Activating thorn PUGH...Success -> active implementation Driver
Activating thorn PUGHSlab...Success -> active implementation Hyperslab
Activating thorn SystemTopology...Success -> active implementation SystemTopology
Activating thorn Vectors...Success -> active implementation Vectors
Activating thorn zlib...Success -> active implementation zlib
--------------------------------------------------------------------------------
  if (recover initial data)
    Recover parameters
  endif

  Startup routines
    [CCTK_STARTUP]
      CartGrid3D::SymmetryStartup: Register GH Extension for GridSymmetry
      CoordBase::CoordBase_Startup: Register a GH extension to store the coordinate system handles
      GROUP hwloc_startup: hwloc startup group
        hwloc::hwloc_version: Output hwloc version
      SystemTopology::ST_system_topology: Output and/or modify system topology and hardware locality
      PUGH::Driver_Startup: Startup routine
      PUGH::PUGH_RegisterPUGHP2LRoutines: Register Physical to Logical process mapping routines
      PUGH::PUGH_RegisterPUGHTopologyRoutines: Register topology generation routines routines
      IOUtil::IOUtil_Startup: Startup routine
      Vectors::Vectors_Startup: Print startup message
      IOASCII::IOASCII_Startup: Startup routine

  Startup routines which need an existing grid hierarchy
    [CCTK_WRAGH]
      CartGrid3D::RegisterCartGrid3DCoords: [meta] Register coordinates for the Cartesian grid
      MemSpeed::MemSpeed_MeasureSpeed: [meta] Measure CPU, memory, cache speeds
  Parameter checking routines
    [CCTK_PARAMCHECK]
      CartGrid3D::ParamCheck_CartGrid3D: Check coordinates for CartGrid3D
      Vectors::Vectors_Test: Run correctness tests.

  Initialisation
    if (NOT (recover initial data AND recovery_mode is 'strict'))
      [CCTK_PREREGRIDINITIAL]
      Set up grid hierarchy
      [CCTK_POSTREGRIDINITIAL]
        CartGrid3D::SpatialCoordinates: Set Coordinates after regridding
      [CCTK_BASEGRID]
        CartGrid3D::SpatialSpacings: Set up ranges for spatial 3D Cartesian coordinates (on all grids)
        CartGrid3D::SpatialCoordinates: Set up spatial 3D Cartesian coordinates on the GH
        IOASCII::IOASCII_Choose1D: Choose 1D output lines
        IOASCII::IOASCII_Choose2D: Choose 2D output planes
        PUGH::PUGH_Report: Report on PUGH set up
      [CCTK_INITIAL]
      [CCTK_POSTINITIAL]
      Initialise finer grids recursively
      Restrict from finer grids
      [CCTK_POSTRESTRICTINITIAL]
      [CCTK_POSTPOSTINITIAL]
      [CCTK_POSTSTEP]
    endif
    if (recover initial data)
      [CCTK_BASEGRID]
        CartGrid3D::SpatialSpacings: Set up ranges for spatial 3D Cartesian coordinates (on all grids)
        CartGrid3D::SpatialCoordinates: Set up spatial 3D Cartesian coordinates on the GH
        IOASCII::IOASCII_Choose1D: Choose 1D output lines
        IOASCII::IOASCII_Choose2D: Choose 2D output planes
        PUGH::PUGH_Report: Report on PUGH set up
      [CCTK_RECOVER_VARIABLES]
      [CCTK_POST_RECOVER_VARIABLES]
    endif
    if (checkpoint initial data)
      [CCTK_CPINITIAL]
    endif
    if (analysis)
      [CCTK_ANALYSIS]
  endif
  Output grid variables

  do loop over timesteps
    [CCTK_PREREGRID]
    Change grid hierarchy
    [CCTK_POSTREGRID]
      CartGrid3D::SpatialCoordinates: Set Coordinates after regridding
    Rotate timelevels
    iteration = iteration+1
    t = t+dt
    [CCTK_PRESTEP]
    [CCTK_EVOL]
    Evolve finer grids recursively
    Restrict from finer grids
    [CCTK_POSTRESTRICT]
    [CCTK_POSTSTEP]
    if (checkpoint)
      [CCTK_CHECKPOINT]
    endif
    if (analysis)
      [CCTK_ANALYSIS]
    endif
    Output grid variables
    enddo

  Termination routines
    [CCTK_TERMINATE]
      PUGH::Driver_Terminate: Termination routine

  Shutdown routines
    [CCTK_SHUTDOWN]

  Routines run after changing the grid hierarchy:
    [CCTK_POSTREGRID]
      CartGrid3D::SpatialCoordinates: Set Coordinates after regridding
--------------------------------------------------------------------------------
INFO (hwloc): library version 2.10.0, API version 0x20800
INFO (SystemTopology): MPI process-to-host mapping:
This is MPI process 0 of 2
MPI hosts:
  0: runnervmkkn4f
This MPI process runs on host 0 of 1
On this host, this is MPI process 0 of 2
INFO (SystemTopology): Topology support:
Discovery support:
  discovery->pu                            : yes
CPU binding support:
  cpubind->set_thisproc_cpubind            : yes
  cpubind->get_thisproc_cpubind            : yes
  cpubind->set_proc_cpubind                : yes
  cpubind->get_proc_cpubind                : yes
  cpubind->set_thisthread_cpubind          : yes
  cpubind->get_thisthread_cpubind          : yes
  cpubind->set_thread_cpubind              : yes
  cpubind->get_thread_cpubind              : yes
  cpubind->get_thisproc_last_cpu_location  : yes
  cpubind->get_proc_last_cpu_location      : yes
  cpubind->get_thisthread_last_cpu_location: yes
Memory binding support:
  membind->set_thisproc_membind            : no
  membind->get_thisproc_membind            : no
  membind->set_proc_membind                : no
  membind->get_proc_membind                : no
  membind->set_thisthread_membind          : yes
  membind->get_thisthread_membind          : yes
  membind->set_area_membind                : yes
  membind->get_area_membind                : yes
  membind->alloc_membind                   : yes
  membind->firsttouch_membind              : yes
  membind->bind_membind                    : yes
  membind->interleave_membind              : yes
  membind->nexttouch_membind               : no
  membind->migrate_membind                 : yes
INFO (SystemTopology): Hardware objects in this node:
Machine L#0: (P#0, total=16372448KB, DMIProductName="Virtual Machine", DMIProductVersion="Hyper-V UEFI Release v4.1", DMIProductUUID=c729af7b-2149-498c-a500-dd195ffe644a, DMIBoardVendor="Microsoft Corporation", DMIBoardName="Virtual Machine", DMIBoardVersion="Hyper-V UEFI Release v4.1", DMIBoardAssetTag=None, DMIChassisVendor="Microsoft Corporation", DMIChassisType=3, DMIChassisVersion="Hyper-V UEFI Release v4.1", DMIChassisAssetTag=7783-7084-3265-9085-8269-3286-77, DMIBIOSVendor="Microsoft Corporation", DMIBIOSVersion="Hyper-V UEFI Release v4.1", DMIBIOSDate=01/08/2026, DMISysVendor="Microsoft Corporation", Backend=Linux, LinuxCgroup=/system.slice/hosted-compute-agent.service, OSName=Linux, OSRelease=6.17.0-1018-azure, OSVersion="#18~24.04.1-Ubuntu SMP Thu May 28 16:39:11 UTC 2026", HostName=runnervmkkn4f, Architecture=x86_64, hwlocVersion=2.10.0, ProcessName=cactus_sim)
  Package L#0: (P#0, total=16372448KB, CPUVendor=GenuineIntel, CPUFamilyNumber=6, CPUModelNumber=106, CPUModel="Intel(R) Xeon(R) Platinum 8370C CPU @ 2.80GHz", CPUStepping=6)
    L3Cache L#0: (P#0, size=49152KB, linesize=64, ways=12, Inclusive=0)
      L2Cache L#0: (P#0, size=1280KB, linesize=64, ways=20, Inclusive=0)
        L1dCache L#0: (P#0, size=48KB, linesize=64, ways=12, Inclusive=0)
          Core L#0: (P#0)
            PU L#0: (P#0)
            PU L#1: (P#1)
      L2Cache L#1: (P#1, size=1280KB, linesize=64, ways=20, Inclusive=0)
        L1dCache L#1: (P#1, size=48KB, linesize=64, ways=12, Inclusive=0)
          Core L#1: (P#1)
            PU L#2: (P#2)
            PU L#3: (P#3)
INFO (SystemTopology): Thread CPU bindings:
  MPI process 0 on host 0 (process 0 of 2 on this host)
    OpenMP thread 0: PU set L#{0-1} P#{0-1}
  MPI process 1 on host 0 (process 1 of 2 on this host)
    OpenMP thread 0: PU set L#{2-3} P#{2-3}
INFO (SystemTopology): Setting thread CPU bindings:
INFO (SystemTopology): Thread CPU bindings:
  MPI process 0 on host 0 (process 0 of 2 on this host)
    OpenMP thread 0: PU set L#{0} P#{0}
  MPI process 1 on host 0 (process 1 of 2 on this host)
    OpenMP thread 0: PU set L#{2} P#{2}
INFO (SystemTopology): Extracting CPU/cache/memory properties:
  There are 2 PUs per core (aka hardware SMT threads)
  There are 1 threads per core (aka SMT threads used)
  Cache (unknown name) has type "data" depth 1
    size 49152 linesize 64 associativity 12 stride 4096, for 2 PUs
  Cache (unknown name) has type "unified" depth 2
    size 1310720 linesize 64 associativity 20 stride 65536, for 2 PUs
  Cache (unknown name) has type "unified" depth 3
    size 50331648 linesize 64 associativity 12 stride 4194304, for 4 PUs
INFO (PUGH): Using physical to logical mappings: direct
INFO (PUGH): Using topology generator: automatic
INFO (Vectors): Using vector size 2 for architecture SSE2 (64-bit precision)
--------------------------------------------------------------------------------
Driver provided by PUGH
--------------------------------------------------------------------------------

INFO (PUGH): Not setting up a topology for 1 dimensions
INFO (PUGH): Not setting up a topology for 2 dimensions
INFO (PUGH): Setting up a topology for 3 dimensions
INFO (IOASCII): I/O Method 'IOASCII_1D' registered: output of 1D lines of grid functions/arrays to ASCII files
INFO (IOASCII): Periodic 1D output every 1 iterations
INFO (IOASCII): Periodic 1D output requested for 'GRID::r'
INFO (IOASCII): I/O Method 'IOASCII_2D' registered: output of 2D planes of grid functions/arrays to ASCII files
INFO (IOASCII): Periodic 2D output turned off
INFO (IOASCII): I/O Method 'IOASCII_3D' registered: output of 3D grid functions/arrays to ASCII files
INFO (IOASCII): Periodic 3D output turned off
INFO (MemSpeed): Measuring CPU, cache, memory, and communication speeds:
  Single-core measurements (using 1 MPI processes with 1 OpenMP threads each):
    CPU frequency:
      iterations=1000000... time=0.00120129 sec
      iterations=10000000... time=0.0116745 sec
      iterations=100000000... time=0.115874 sec
      iterations=900000000... time=1.0428 sec
      iterations=900000000... time=1.12021 sec
      result: -23.2523 GHz
    CPU floating point performance:
      iterations=1000000... time=0.00259804 sec
      iterations=10000000... time=0.0259251 sec
      iterations=100000000... time=0.259196 sec
      iterations=400000000... time=1.03677 sec
      result: 12.346 Gflop/sec
    CPU integer performance:
      iterations=1000000... time=0.00149261 sec
      iterations=10000000... time=0.0145988 sec
      iterations=100000000... time=0.145832 sec
      iterations=800000000... time=1.16686 sec
      result: 10.9696 Giop/sec
    Read latency of D1 cache (for 2 PUs) (using 1*36864 bytes):
      iterations=1000... time=0.000165731 sec
      iterations=10000... time=0.00151048 sec
      iterations=100000... time=0.0150792 sec
      iterations=1000000... time=0.150744 sec
      iterations=7000000... time=1.05495 sec
      result: 1.50707 nsec
    Read latency of L2 cache (for 2 PUs) (using 1*983040 bytes):
      iterations=1000... time=0.000429773 sec
      iterations=10000... time=0.00415491 sec
      iterations=100000... time=0.0425094 sec
      iterations=1000000... time=0.413339 sec
      iterations=3000000... time=1.24029 sec
      result: 4.13431 nsec
    Read latency of L3 cache (for 4 PUs) (using 1*37748736 bytes):
      [skipped -- avoiding large-memory benchmarks]
    Read bandwidth of D1 cache (for 2 PUs) (using 1*36864 bytes):
      iterations=1... time=7.17e-07 sec
      iterations=10... time=5.305e-06 sec
      iterations=100... time=4.5239e-05 sec
      iterations=1000... time=0.000400109 sec
      iterations=10000... time=0.00393619 sec
      iterations=100000... time=0.0390476 sec
      iterations=1000000... time=0.389282 sec
      iterations=3000000... time=1.16808 sec
      result: 94.6788 GByte/sec
    Read bandwidth of L2 cache (for 2 PUs) (using 1*983040 bytes):
      iterations=1... time=1.8944e-05 sec
      iterations=10... time=0.000164852 sec
      iterations=100... time=0.0015481 sec
      iterations=1000... time=0.0153498 sec
      iterations=10000... time=0.152977 sec
      iterations=70000... time=1.07222 sec
      result: 64.1776 GByte/sec
    Read bandwidth of L3 cache (for 4 PUs) (using 1*37748736 bytes):
      [skipped -- avoiding large-memory benchmarks]
    Write latency of D1 cache (for 2 PUs) (using 1*36864 bytes):
      iterations=1000... time=3.371e-06 sec
      iterations=10000... time=2.7025e-05 sec
      iterations=100000... time=0.000245175 sec
      iterations=1000000... time=0.00231937 sec
      iterations=10000000... time=0.0231275 sec
      iterations=100000000... time=0.231404 sec
      iterations=500000000... time=1.15912 sec
      result: 0.289781 nsec
    Write latency of L2 cache (for 2 PUs) (using 1*983040 bytes):
      iterations=1000... time=1.7946e-05 sec
      iterations=10000... time=0.000131261 sec
      iterations=100000... time=0.00127278 sec
      iterations=1000000... time=0.0129143 sec
      iterations=10000000... time=0.129113 sec
      iterations=90000000... time=1.15867 sec
      result: 1.60926 nsec
    Write latency of L3 cache (for 4 PUs) (using 1*37748736 bytes):
      [skipped -- avoiding large-memory benchmarks]
    Write bandwidth of D1 cache (for 2 PUs) (using 1*36864 bytes):
      iterations=1... time=6.32e-07 sec
      iterations=10... time=4.688e-06 sec
      iterations=100... time=3.2691e-05 sec
      iterations=1000... time=0.000196838 sec
      iterations=10000... time=0.00179356 sec
      iterations=100000... time=0.0179037 sec
      iterations=1000000... time=0.178791 sec
      iterations=6000000... time=1.07293 sec
      result: 206.15 GByte/sec
    Write bandwidth of L2 cache (for 2 PUs) (using 1*983040 bytes):
      iterations=1... time=3.4271e-05 sec
      iterations=10... time=0.000163638 sec
      iterations=100... time=0.00147396 sec
      iterations=1000... time=0.0145485 sec
      iterations=10000... time=0.145461 sec
      iterations=80000... time=1.16328 sec
      result: 67.6047 GByte/sec
    Write bandwidth of L3 cache (for 4 PUs) (using 1*37748736 bytes):
      [skipped -- avoiding large-memory benchmarks]
    Stencil code performance of D1 cache (for 2 PUs) (using 1*13^3 grid points, 1*35152 bytes):
      iterations=1... time=1.4793e-05 sec
      iterations=10... time=0.000137596 sec
      iterations=100... time=0.00135615 sec
      iterations=1000... time=0.0135427 sec
      iterations=10000... time=0.134845 sec
      iterations=80000... time=1.07293 sec
      result: 0.163813 Gupdates/sec
    Stencil code performance of L2 cache (for 2 PUs) (using 1*39^3 grid points, 1*949104 bytes):
      iterations=1... time=0.000415842 sec
      iterations=10... time=0.00233826 sec
      iterations=100... time=0.0224308 sec
      iterations=1000... time=0.223966 sec
      iterations=5000... time=1.12502 sec
      result: 0.263636 Gupdates/sec
    Stencil code performance of L3 cache (for 4 PUs) (using 1*133^3 grid points, 1*37642192 bytes):
      iterations=1... time=0.0473889 sec
      iterations=10... time=0.483483 sec
      iterations=20... time=0.96114 sec
      iterations=40... time=1.92373 sec
      result: 0.0489182 Gupdates/sec
  Single-node measurements (using 2 MPI processes with 1 OpenMP threads each):
    CPU frequency:
      iterations=1000000... time=0.00119055 sec
      iterations=10000000... time=0.0116973 sec
      iterations=100000000... time=0.115702 sec
      iterations=1000000000... time=1.15718 sec
      iterations=1000000000... time=1.24399 sec
      result: -23.0409 GHz
    CPU floating point performance:
      iterations=1000000... time=0.00259834 sec
      iterations=10000000... time=0.0258966 sec
      iterations=100000000... time=0.259108 sec
      iterations=400000000... time=1.03729 sec
      result: 12.3398 Gflop/sec
    CPU integer performance:
      iterations=1000000... time=0.00150287 sec
      iterations=10000000... time=0.0146099 sec
      iterations=100000000... time=0.146658 sec
      iterations=800000000... time=1.16907 sec
      result: 10.9489 Giop/sec
    Read latency of D1 cache (for 2 PUs) (using 2*36864 bytes):
      iterations=1000... time=0.000148509 sec
      iterations=10000... time=0.00148426 sec
      iterations=100000... time=0.0144687 sec
      iterations=1000000... time=0.144518 sec
      iterations=8000000... time=1.1559 sec
      result: 1.44487 nsec
    Read latency of L2 cache (for 2 PUs) (using 2*983040 bytes):
      iterations=1000... time=0.000446194 sec
      iterations=10000... time=0.00425403 sec
      iterations=100000... time=0.0419118 sec
      iterations=1000000... time=0.418402 sec
      iterations=3000000... time=1.25396 sec
      result: 4.17988 nsec
    Read latency of L3 cache (for 4 PUs) (using 1*37748736 bytes):
      [skipped -- too many MPI processes]
    Read bandwidth of D1 cache (for 2 PUs) (using 2*36864 bytes):
      iterations=1... time=8.765e-07 sec
      iterations=10... time=4.5325e-06 sec
      iterations=100... time=4.49925e-05 sec
      iterations=1000... time=0.000401185 sec
      iterations=10000... time=0.0039094 sec
      iterations=100000... time=0.038915 sec
      iterations=1000000... time=0.388927 sec
      iterations=3000000... time=1.16801 sec
      result: 94.6838 GByte/sec
    Read bandwidth of L2 cache (for 2 PUs) (using 2*983040 bytes):
      iterations=1... time=2.1755e-05 sec
      iterations=10... time=0.000186221 sec
      iterations=100... time=0.00161903 sec
      iterations=1000... time=0.015745 sec
      iterations=10000... time=0.157734 sec
      iterations=70000... time=1.10032 sec
      result: 62.5387 GByte/sec
    Read bandwidth of L3 cache (for 4 PUs) (using 1*37748736 bytes):
      [skipped -- too many MPI processes]
    Write latency of D1 cache (for 2 PUs) (using 2*36864 bytes):
      iterations=1000... time=3.1815e-06 sec
      iterations=10000... time=2.712e-05 sec
      iterations=100000... time=0.000246055 sec
      iterations=1000000... time=0.00233234 sec
      iterations=10000000... time=0.0231513 sec
      iterations=100000000... time=0.231204 sec
      iterations=500000000... time=1.15549 sec
      result: 0.288872 nsec
    Write latency of L2 cache (for 2 PUs) (using 2*983040 bytes):
      iterations=1000... time=2.13495e-05 sec
      iterations=10000... time=0.000127795 sec
      iterations=100000... time=0.00129848 sec
      iterations=1000000... time=0.0128103 sec
      iterations=10000000... time=0.128647 sec
      iterations=90000000... time=1.15638 sec
      result: 1.60609 nsec
    Write latency of L3 cache (for 4 PUs) (using 1*37748736 bytes):
      [skipped -- too many MPI processes]
    Write bandwidth of D1 cache (for 2 PUs) (using 2*36864 bytes):
      iterations=1... time=5.805e-07 sec
      iterations=10... time=4.9345e-06 sec
      iterations=100... time=4.80305e-05 sec
      iterations=1000... time=0.000197674 sec
      iterations=10000... time=0.00180831 sec
      iterations=100000... time=0.0176997 sec
      iterations=1000000... time=0.176707 sec
      iterations=6000000... time=1.06214 sec
      result: 208.243 GByte/sec
    Write bandwidth of L2 cache (for 2 PUs) (using 2*983040 bytes):
      iterations=1... time=3.9133e-05 sec
      iterations=10... time=0.00017538 sec
      iterations=100... time=0.00154405 sec
      iterations=1000... time=0.0150099 sec
      iterations=10000... time=0.150254 sec
      iterations=70000... time=1.05206 sec
      result: 65.4075 GByte/sec
    Write bandwidth of L3 cache (for 4 PUs) (using 1*37748736 bytes):
      [skipped -- too many MPI processes]
    Stencil code performance of D1 cache (for 2 PUs) (using 1*13^3 grid points, 1*35152 bytes):
      [skipped -- too many MPI processes]
    Stencil code performance of L2 cache (for 2 PUs) (using 1*39^3 grid points, 1*949104 bytes):
      [skipped -- too many MPI processes]
    Stencil code performance of L3 cache (for 4 PUs) (using 1*133^3 grid points, 1*37642192 bytes):
      [skipped -- too many MPI processes]
  Single-node measurements:
    MPI latency: 675.5 nsec
    MPI bandwidth: 7.12899 GByte/sec
INFO (Vectors): Testing vectorisation... [errors may result in segfaults]
INFO (Vectors): 375/375 tests passed 
INFO (CartGrid3D): Grid Spacings:
INFO (CartGrid3D): dx=>1.1111111e-01  dy=>1.1111111e-01  dz=>1.1111111e-01
INFO (CartGrid3D): Computational Coordinates:
INFO (CartGrid3D): x=>[-0.500, 0.500]  y=>[-0.500, 0.500]  z=>[-0.500, 0.500]
INFO (CartGrid3D): Indices of Physical Coordinates:
INFO (CartGrid3D): x=>[0,9]  y=>[0,9]  z=>[0,9]
INFO (PUGH): MPI Evolution on 2 processors
INFO (PUGH): 3-dimensional grid functions
INFO (PUGH):  10
INFO (PUGH):  1
INFO (PUGH): 10]
INFO (PUGH):   Maximum load skew: 0.000000
--------------------------------------------------------------------------------
Done.
+ echo Stopping:
Stopping:
+ date
Wed Jul  8 08:51:57 UTC 2026
+ echo Done.
Done.
  Elapsed time: 39.2 s
