/home/runner/simulations/TestJob01_temp_1/output-0000/TEST/sim/CanudaX_BSSNMoL
Preparing:
+ set -e
+ cd output-0000-active
+ echo Checking:
Checking:
+ pwd
/home/runner/simulations/TestJob01_temp_1/output-0000/TEST/sim/CanudaX_BSSNMoL/output-0000-active
+ hostname
runnervmgx7h7
+ date
Fri Aug 28 00:59:17 UTC 2026
+ echo Environment:
Environment:
+ export CACTUS_NUM_PROCS=1
+ CACTUS_NUM_PROCS=1
+ export CACTUS_NUM_THREADS=2
+ CACTUS_NUM_THREADS=2
+ export GMON_OUT_PREFIX=gmon.out
+ GMON_OUT_PREFIX=gmon.out
+ export OMP_NUM_THREADS=2
+ OMP_NUM_THREADS=2
+ env
+ sort
+ echo Starting:
Starting:
++ date +%s
+ export CACTUS_STARTTIME=1787878757
+ CACTUS_STARTTIME=1787878757
+ '[' 1 = 1 ']'
+ '[' 0 -eq 0 ']'
+ /home/runner/simulations/TestJob01_temp_1/SIMFACTORY/exe/cactus_sim -L 3 /home/runner/simulations/TestJob01_temp_1/output-0000/arrangements/CanudaX/CanudaX_BSSNMoL/test/gaugewave.par
INFO (Cactus): Increased logging level from 0 to 3
--------------------------------------------------------------------------------

       10                                  
  1   0101       ************************  
  01  1010 10      The Cactus Code V4.20.0    
 1010 1101 011      www.cactuscode.org     
  1001 100101    ************************  
    00010101                               
     100011     (c) Copyright The Authors  
      0100      GNU Licensed. No Warranty  
      0101                                 
--------------------------------------------------------------------------------

Cactus version:    4.20.0
Compile date:      Aug 28 2026 (00:56:28)
Run date:          Aug 28 2026 (00:59:18+0000)
Run host:          runnervmgx7h7.k4qi3avqzhnufh5dv343u22uad.bx.internal.cloudapp.net (pid=169244)
Working directory: /home/runner/simulations/TestJob01_temp_1/output-0000/TEST/sim/CanudaX_BSSNMoL
Executable:        /home/runner/simulations/TestJob01_temp_1/SIMFACTORY/exe/cactus_sim
Parameter file:    /home/runner/simulations/TestJob01_temp_1/output-0000/arrangements/CanudaX/CanudaX_BSSNMoL/test/gaugewave.par
--------------------------------------------------------------------------------

Activating thorn Cactus...Success -> active implementation Cactus
Activation requested for 
--->ADMBaseX CanudaX_BSSNMoL CanudaX_ExactID CarpetX IOUtil ODESolvers TmunuBaseX<---
Thorn ADMBaseX requests automatic activation of Loop
Thorn CarpetX requests automatic activation of AMReX
Thorn CarpetX requests automatic activation of MPI
Thorn CarpetX requests automatic activation of yaml_cpp
Thorn CarpetX requests automatic activation of zlib
Thorn CarpetX requests automatic activation of Arith
Thorn CarpetX requests automatic activation of CarpetXRegrid
Thorn CarpetX requests automatic activation of ADIOS2
Thorn CarpetX requests automatic activation of openPMD
Thorn CarpetX requests automatic activation of Silo
Thorn ADIOS2 requests automatic activation of CMake
Thorn Arith requests automatic activation of NSIMD
Thorn MPI requests automatic activation of hwloc
Thorn openPMD requests automatic activation of HDF5
Activating thorn ADIOS2...Success -> active implementation ADIOS2
Activating thorn ADMBaseX...Success -> active implementation ADMBaseX
Activating thorn AMReX...Success -> active implementation AMReX
Activating thorn Arith...Success -> active implementation Arith
Activating thorn CanudaX_BSSNMoL...Success -> active implementation CanudaX_BSSNMoL
Activating thorn CanudaX_ExactID...Success -> active implementation CanudaX_ExactID
Activating thorn CarpetX...Success -> active implementation Driver
Activating thorn CarpetXRegrid...Success -> active implementation CarpetXRegrid
Activating thorn CMake...Success -> active implementation CMake
Activating thorn HDF5...Success -> active implementation HDF5
Activating thorn hwloc...Success -> active implementation hwloc
Activating thorn IOUtil...Success -> active implementation IO
Activating thorn Loop...Success -> active implementation Loop
Activating thorn MPI...Success -> active implementation MPI
Activating thorn NSIMD...Success -> active implementation NSIMD
Activating thorn ODESolvers...Success -> active implementation ODESolvers
Activating thorn openPMD...Success -> active implementation openPMD
Activating thorn Silo...Success -> active implementation Silo
Activating thorn TmunuBaseX...Success -> active implementation TmunuBaseX
Activating thorn yaml_cpp...Success -> active implementation yaml_cpp
Activating thorn zlib...Success -> active implementation zlib
--------------------------------------------------------------------------------
  if (recover initial data)
    Recover parameters
  endif

  Startup routines
    [CCTK_STARTUP]
      CarpetX::Driver_Startup: Start up the driver
      IOUtil::IOUtil_Startup: Startup routine
      GROUP hwloc_startup: hwloc startup group
        hwloc::hwloc_version: Output hwloc version

  Startup routines which need an existing grid hierarchy
    [CCTK_WRAGH]
      Arith::Test_smallvector: [meta] Test small vectors
      Arith::Test_spvect: [meta] Test sparse vectors
      ODESolvers::ODESolvers_InitConstants: [global] Set up dummy loop counters for schedule printout
  Parameter checking routines
    [CCTK_PARAMCHECK]
      CanudaX_BSSNMoL::CanudaX_BSSNMoL_paramcheck: Check CanudaX_BSSNMoL parameters for consistency

  Initialisation
    if (NOT (recover initial data AND recovery_mode is 'strict'))
      [CCTK_PREREGRIDINITIAL]
      Set up grid hierarchy
      [CCTK_POSTREGRIDINITIAL]
      [CCTK_BASEGRID]
        CarpetXRegrid::CarpetXRegrid_InitError: Initialize regridding error to zero
        GROUP ODESolvers_BaseGrid: Set up constants (e.g. coordinates) everywhere on the grid
      [CCTK_INITIAL]
        GROUP TmunuBaseX_SetTmunuVars: Schedule group for setting T_munu
          TmunuBaseX::TmunuBaseX_ZeroTmunu: Set T_munu to zero
          GROUP TmunuBaseX_AddToTmunu: Add to T_munu here
        GROUP ODESolvers_Initial: Set up initial conditions on interior of state vector
          GROUP ADMBaseX_InitialData: Schedule group for calculating ADM initial data
            GROUP CanudaX_ExactIDGroup: CanudaX_ExactID group for setting up initial data
              CanudaX_ExactID::CanudaX_ExactID_GaugeWave: [local] Create gauge wave initial data
          GROUP ADMBaseX_InitialGauge: Schedule group for the ADM initial gauge condition
            ADMBaseX::ADMBaseX_initial_dtlapse: Set dtlapse to zero
            ADMBaseX::ADMBaseX_initial_dtshift: Set dtshift to zero
          GROUP ADMBaseX_PostInitial: Schedule group for modifying the ADM initial data, such as e.g. adding noise
        GROUP CanudaX_BSSNMoL_InitialGroup: CanudaX_BSSNMoL: initial bin
          CanudaX_BSSNMoL::CanudaX_BSSNMoL_adm2bssn: [local] Convert initial data into BSSN variables
          CanudaX_BSSNMoL::CanudaX_BSSNMoL_gammat: [local] Set Gammat initial data
      [CCTK_POSTINITIAL]
        GROUP ODESolvers_PostStep: Apply boundary conditions to state vector, and project if necessary
          GROUP CanudaX_BSSNMoL_PostStepGroup: CanudaX_BSSNMoL: post-step operations
            CanudaX_BSSNMoL::CanudaX_BSSNMoL_impose_conf_fac_floor: Make sure conformal factor does not drop below specified value
            CanudaX_BSSNMoL::CanudaX_BSSNMoL_reset_detmetric: reset dethh = 1
            CanudaX_BSSNMoL::CanudaX_BSSNMoL_remove_trA: Remove trace of A
            CanudaX_BSSNMoL::CanudaX_BSSNMoL_sync: [global] Sync state vector
            CanudaX_BSSNMoL::CanudaX_BSSNMoL_bssn2adm: [local] Convert variables back to the ADM ones
          GROUP ADMBaseX_SetADMRHS: Set ADM RHS variables in this group
          GROUP ADMBaseX_SetADMVars: Set ADM variables in this group
          GROUP TmunuBaseX_SetTmunuVars: Schedule group for setting T_munu
            TmunuBaseX::TmunuBaseX_ZeroTmunu: Set T_munu to zero
            GROUP TmunuBaseX_AddToTmunu: Add to T_munu here
        GROUP ODESolvers_EstimateError: Estimate discretization error (for regridding)
      Initialise finer grids recursively
      Restrict from finer grids
      [CCTK_POSTRESTRICTINITIAL]
      [CCTK_POSTPOSTINITIAL]
      [CCTK_POSTSTEP]
        GROUP ODESolvers_EstimateError: Estimate discretization error (for regridding)
    endif
    if (recover initial data)
      [CCTK_BASEGRID]
        CarpetXRegrid::CarpetXRegrid_InitError: Initialize regridding error to zero
        GROUP ODESolvers_BaseGrid: Set up constants (e.g. coordinates) everywhere on the grid
      [CCTK_RECOVER_VARIABLES]
      [CCTK_POST_RECOVER_VARIABLES]
        GROUP ODESolvers_PostStep: Apply boundary conditions to state vector, and project if necessary
          GROUP CanudaX_BSSNMoL_PostStepGroup: CanudaX_BSSNMoL: post-step operations
            CanudaX_BSSNMoL::CanudaX_BSSNMoL_impose_conf_fac_floor: Make sure conformal factor does not drop below specified value
            CanudaX_BSSNMoL::CanudaX_BSSNMoL_reset_detmetric: reset dethh = 1
            CanudaX_BSSNMoL::CanudaX_BSSNMoL_remove_trA: Remove trace of A
            CanudaX_BSSNMoL::CanudaX_BSSNMoL_sync: [global] Sync state vector
            CanudaX_BSSNMoL::CanudaX_BSSNMoL_bssn2adm: [local] Convert variables back to the ADM ones
          GROUP ADMBaseX_SetADMRHS: Set ADM RHS variables in this group
          GROUP ADMBaseX_SetADMVars: Set ADM variables in this group
          GROUP TmunuBaseX_SetTmunuVars: Schedule group for setting T_munu
            TmunuBaseX::TmunuBaseX_ZeroTmunu: Set T_munu to zero
            GROUP TmunuBaseX_AddToTmunu: Add to T_munu here
        GROUP ODESolvers_EstimateError: Estimate discretization error (for regridding)
    endif
    if (checkpoint initial data)
      [CCTK_CPINITIAL]
        CarpetX::CarpetX_CheckpointInitial: [meta] Checkpoint initial conditions
    endif
    if (analysis)
      [CCTK_ANALYSIS]
        CanudaX_BSSNMoL::CanudaX_BSSNMoL_bssn_constraints: Compute constraints
        GROUP ODESolvers_Analysis: Calculate analysis quantities everywhere
  endif
  Output grid variables

  do loop over timesteps
    [CCTK_PREREGRID]
    Change grid hierarchy
    [CCTK_POSTREGRID]
      GROUP ODESolvers_PostStep: Apply boundary conditions to state vector, and project if necessary
        GROUP CanudaX_BSSNMoL_PostStepGroup: CanudaX_BSSNMoL: post-step operations
          CanudaX_BSSNMoL::CanudaX_BSSNMoL_impose_conf_fac_floor: Make sure conformal factor does not drop below specified value
          CanudaX_BSSNMoL::CanudaX_BSSNMoL_reset_detmetric: reset dethh = 1
          CanudaX_BSSNMoL::CanudaX_BSSNMoL_remove_trA: Remove trace of A
          CanudaX_BSSNMoL::CanudaX_BSSNMoL_sync: [global] Sync state vector
          CanudaX_BSSNMoL::CanudaX_BSSNMoL_bssn2adm: [local] Convert variables back to the ADM ones
        GROUP ADMBaseX_SetADMRHS: Set ADM RHS variables in this group
        GROUP ADMBaseX_SetADMVars: Set ADM variables in this group
        GROUP TmunuBaseX_SetTmunuVars: Schedule group for setting T_munu
          TmunuBaseX::TmunuBaseX_ZeroTmunu: Set T_munu to zero
          GROUP TmunuBaseX_AddToTmunu: Add to T_munu here
    Rotate timelevels
    iteration = iteration+1
    t = t+dt
    [CCTK_PRESTEP]
    [CCTK_EVOL]
      ODESolvers::ODESolvers_Solve: [level] Solve ODEs
      while (ODESolvers::do_substeps)
        GROUP ODESolvers_CalledBySolve: Groups internally scheduled by ODESolvers_Solve
          GROUP ODESolvers_RHS: Evaluate the RHS for of state vector everywhere on the grid
            GROUP CanudaX_BSSNMoL_RHSGroup: CanudaX_BSSNMoL: calculate BSSN RHS
              CanudaX_BSSNMoL::CanudaX_BSSNMoL_calc_bssn_rhs: MoL RHS calculation
              CanudaX_BSSNMoL::CanudaX_BSSNMoL_apply_boundary_conditions: Apply radiative boundary conditions 
          GROUP ODESolvers_PostStep: Apply boundary conditions to state vector, and project if necessary
            GROUP CanudaX_BSSNMoL_PostStepGroup: CanudaX_BSSNMoL: post-step operations
              CanudaX_BSSNMoL::CanudaX_BSSNMoL_impose_conf_fac_floor: Make sure conformal factor does not drop below specified value
              CanudaX_BSSNMoL::CanudaX_BSSNMoL_reset_detmetric: reset dethh = 1
              CanudaX_BSSNMoL::CanudaX_BSSNMoL_remove_trA: Remove trace of A
              CanudaX_BSSNMoL::CanudaX_BSSNMoL_sync: [global] Sync state vector
              CanudaX_BSSNMoL::CanudaX_BSSNMoL_bssn2adm: [local] Convert variables back to the ADM ones
            GROUP ADMBaseX_SetADMRHS: Set ADM RHS variables in this group
            GROUP ADMBaseX_SetADMVars: Set ADM variables in this group
            GROUP TmunuBaseX_SetTmunuVars: Schedule group for setting T_munu
              TmunuBaseX::TmunuBaseX_ZeroTmunu: Set T_munu to zero
              GROUP TmunuBaseX_AddToTmunu: Add to T_munu here
      end while
    Evolve finer grids recursively
    Restrict from finer grids
    [CCTK_POSTRESTRICT]
      GROUP ODESolvers_PostStep: Apply boundary conditions to state vector, and project if necessary
        GROUP CanudaX_BSSNMoL_PostStepGroup: CanudaX_BSSNMoL: post-step operations
          CanudaX_BSSNMoL::CanudaX_BSSNMoL_impose_conf_fac_floor: Make sure conformal factor does not drop below specified value
          CanudaX_BSSNMoL::CanudaX_BSSNMoL_reset_detmetric: reset dethh = 1
          CanudaX_BSSNMoL::CanudaX_BSSNMoL_remove_trA: Remove trace of A
          CanudaX_BSSNMoL::CanudaX_BSSNMoL_sync: [global] Sync state vector
          CanudaX_BSSNMoL::CanudaX_BSSNMoL_bssn2adm: [local] Convert variables back to the ADM ones
        GROUP ADMBaseX_SetADMRHS: Set ADM RHS variables in this group
        GROUP ADMBaseX_SetADMVars: Set ADM variables in this group
        GROUP TmunuBaseX_SetTmunuVars: Schedule group for setting T_munu
          TmunuBaseX::TmunuBaseX_ZeroTmunu: Set T_munu to zero
          GROUP TmunuBaseX_AddToTmunu: Add to T_munu here
    [CCTK_POSTSTEP]
      GROUP ODESolvers_EstimateError: Estimate discretization error (for regridding)
    if (checkpoint)
      [CCTK_CHECKPOINT]
      CarpetX::CarpetX_Checkpoint: [meta] Checkpoint
    endif
    if (analysis)
      [CCTK_ANALYSIS]
      CanudaX_BSSNMoL::CanudaX_BSSNMoL_bssn_constraints: Compute constraints
      GROUP ODESolvers_Analysis: Calculate analysis quantities everywhere
    endif
    Output grid variables
    enddo

  Termination routines
    [CCTK_TERMINATE]
      CarpetX::CarpetX_CheckpointTerminate: [meta] Checkpoint before terminating

  Shutdown routines
    [CCTK_SHUTDOWN]
      CarpetX::Driver_Shutdown: [meta] Shut down the driver

  Routines run after changing the grid hierarchy:
    [CCTK_POSTREGRID]
      GROUP ODESolvers_PostStep: Apply boundary conditions to state vector, and project if necessary
        GROUP CanudaX_BSSNMoL_PostStepGroup: CanudaX_BSSNMoL: post-step operations
          CanudaX_BSSNMoL::CanudaX_BSSNMoL_impose_conf_fac_floor: Make sure conformal factor does not drop below specified value
          CanudaX_BSSNMoL::CanudaX_BSSNMoL_reset_detmetric: reset dethh = 1
          CanudaX_BSSNMoL::CanudaX_BSSNMoL_remove_trA: Remove trace of A
          CanudaX_BSSNMoL::CanudaX_BSSNMoL_sync: [global] Sync state vector
          CanudaX_BSSNMoL::CanudaX_BSSNMoL_bssn2adm: [local] Convert variables back to the ADM ones
        GROUP ADMBaseX_SetADMRHS: Set ADM RHS variables in this group
        GROUP ADMBaseX_SetADMVars: Set ADM variables in this group
        GROUP TmunuBaseX_SetTmunuVars: Schedule group for setting T_munu
          TmunuBaseX::TmunuBaseX_ZeroTmunu: Set T_munu to zero
          GROUP TmunuBaseX_AddToTmunu: Add to T_munu here
--------------------------------------------------------------------------------
INFO (hwloc): library version 2.10.0, API version 0x20800
--------------------------------------------------------------------------------

  [34m  ▕▏  [34m  ▕▏  [34m  ▕▏  [34m  ▕▏  [34m  ▕▏  [34m  ▕▏  [34m  ▕▏  [34m  ▕▏  [34m  ▕▏  [39m  
  [34m──██──[34m──██──[34m──██──[34m──██──[34m──██──[34m──██──[34m──██──[34m──██──[34m──██──[39m  
  [34m  ▕▏  [34m  ▕▏  [34m  ▕▏  [34m  ▕▏  [34m  ▕▏  [34m  ▕▏  [34m  ▕▏  [34m  ▕▏  [34m  ▕▏  [39m  
  [34m  ▕▏  [32m██████[34m  ▕▏  [34m  ▕▏  [32m██████[34m  ▕▏  [34m  ▕▏  [32m██████[34m  ▕▏  [39m  
  [34m──██──[32m██████[34m──██──[34m──██──[32m██████[34m──██──[34m──██──[32m██████[34m──██──[39m  
  [34m  ▕▏  [32m██████[34m  ▕▏  [34m  ▕▏  [32m██████[34m  ▕▏  [34m  ▕▏  [32m██████[34m  ▕▏  [39m  
  [34m  ▕▏  [34m  ▕▏  [34m  ▕▏  [34m  ▕▏  [34m  ▕▏  [34m  ▕▏  [34m  ▕▏  [34m  ▕▏  [34m  ▕▏  [39m  
  [34m──██──[34m──██──[34m──██──[34m──██──[34m──██──[34m──██──[34m──██──[34m──██──[34m──██──[39m  
  [34m  ▕▏  [34m  ▕▏  [34m  ▕▏  [34m  ▕▏  [34m  ▕▏  [34m  ▕▏  [34m  ▕▏  [34m  ▕▏  [34m  ▕▏  [39m  
  [34m  ▕▏  [34m  ▕▏  [34m  ▕▏  [31m██████[31m██████[31m██████[34m  ▕▏  [34m  ▕▏  [34m  ▕▏  [39m  
  [34m──██──[34m──██──[34m──██──[31m██████[31m██████[31m██████[34m──██──[34m──██──[34m──██──[39m  
  [34m  ▕▏  [34m  ▕▏  [34m  ▕▏  [31m██████[31m██████[31m██████[34m  ▕▏  [34m  ▕▏  [34m  ▕▏  [39m  
  [34m  ▕▏  [32m██████[34m  ▕▏  [31m██████[31m██████[31m██████[34m  ▕▏  [32m██████[34m  ▕▏  [39m  
  [34m──██──[32m██████[34m──██──[31m██████[31m██████[31m██████[34m──██──[32m██████[34m──██──[39m  
  [34m  ▕▏  [32m██████[34m  ▕▏  [31m██████[31m██████[31m██████[34m  ▕▏  [32m██████[34m  ▕▏  [39m  
  [34m  ▕▏  [34m  ▕▏  [34m  ▕▏  [31m██████[31m██████[31m██████[34m  ▕▏  [34m  ▕▏  [34m  ▕▏  [39m  
  [34m──██──[34m──██──[34m──██──[31m██████[31m██████[31m██████[34m──██──[34m──██──[34m──██──[39m  
  [34m  ▕▏  [34m  ▕▏  [34m  ▕▏  [31m██████[31m██████[31m██████[34m  ▕▏  [34m  ▕▏  [34m  ▕▏  [39m  
  [34m  ▕▏  [34m  ▕▏  [34m  ▕▏  [34m  ▕▏  [34m  ▕▏  [34m  ▕▏  [34m  ▕▏  [34m  ▕▏  [34m  ▕▏  [39m  
  [34m──██──[34m──██──[34m──██──[34m──██──[34m──██──[34m──██──[34m──██──[34m──██──[34m──██──[39m  
  [34m  ▕▏  [34m  ▕▏  [34m  ▕▏  [34m  ▕▏  [34m  ▕▏  [34m  ▕▏  [34m  ▕▏  [34m  ▕▏  [34m  ▕▏  [39m  
  [34m  ▕▏  [32m██████[34m  ▕▏  [34m  ▕▏  [32m██████[34m  ▕▏  [34m  ▕▏  [32m██████[34m  ▕▏  [39m  
  [34m──██──[32m██████[34m──██──[34m──██──[32m██████[34m──██──[34m──██──[32m██████[34m──██──[39m  
  [34m  ▕▏  [32m██████[34m  ▕▏  [34m  ▕▏  [32m██████[34m  ▕▏  [34m  ▕▏  [32m██████[34m  ▕▏  [39m  
  [34m  ▕▏  [34m  ▕▏  [34m  ▕▏  [34m  ▕▏  [34m  ▕▏  [34m  ▕▏  [34m  ▕▏  [34m  ▕▏  [34m  ▕▏  [39m  
  [34m──██──[34m──██──[34m──██──[34m──██──[34m──██──[34m──██──[34m──██──[34m──██──[34m──██──[39m  
  [34m  ▕▏  [34m  ▕▏  [34m  ▕▏  [34m  ▕▏  [34m  ▕▏  [34m  ▕▏  [34m  ▕▏  [34m  ▕▏  [34m  ▕▏  [39m  

AMR driver provided by CarpetX,
using AMReX 25.11 (MPI, OpenMP, no accelerators, debug)
--------------------------------------------------------------------------------

Initializing AMReX (25.11)...
MPI initialized with 1 MPI processes
MPI initialized with thread support level 2
OMP initialized with 2 OMP threads
AMReX (25.11) initialized
INFO (CarpetX): 
Symmetries:
  lower x: periodic
  lower y: periodic
  lower z: periodic
  upper x: periodic
  upper y: periodic
  upper z: periodic
Default boundaries:
  lower x: symmetry_boundary
  lower y: symmetry_boundary
  lower z: symmetry_boundary
  upper x: symmetry_boundary
  upper y: symmetry_boundary
  upper z: symmetry_boundary
INFO (Arith): Test_smallvector
INFO (Arith): Test_spvect
INFO (CarpetX): Setting initial values for max_grid_size values for all levels
INFO (CarpetX): Setting up initial conditions...
INFO (CarpetX): Iteration: 0   time: 0   delta_time: 0.00390625
INFO (CarpetX): Patch 0:
INFO (CarpetX):   Grid extent:
INFO (CarpetX):     gsh=[71,15,15]
INFO (CarpetX):     blocking_factor=[8,8,8]
INFO (CarpetX):     max_grid_size=[10000000,10000000,10000000]
INFO (CarpetX):     max_tile_size=[1024000,16,32]
INFO (CarpetX):   Domain extent:
INFO (CarpetX):     xmin=[-0.5,-0.0625,-0.0625]
INFO (CarpetX):     xmax=[0.5,0.0625,0.0625]
INFO (CarpetX):     base dx=[0.015625,0.015625,0.015625]
INFO (CarpetX): Initializing level 0...
INFO (CanudaX_ExactID): Begin Gauge Wave initial data
INFO (CanudaX_ExactID): === End gauge wave initial data ===
INFO (CarpetX): Regridding...
INFO (CarpetX):   level 0: 1 boxes, 4096 cells (100%)
INFO (CarpetX): Initialized 1 levels
INFO (CarpetX): OutputGH: iteration 0, time 0.000000, run time 1 s
INFO (CarpetX): OutputGH done.
INFO (CarpetX): Starting evolution...
INFO (ODESolvers): ODE integrator is RK4
INFO (CarpetX): OutputGH: iteration 1, time 0.003906, run time 2 s
INFO (CarpetX): OutputGH done.
INFO (CarpetX): Simulation time: 0.00390625   Iterations per second: 18.6476   Simulation time per second: 0.0728424
INFO (CarpetX): Grid cells: 4096   Grid cell updates per second: 76380.8
INFO (CarpetX): Performance:
INFO (CarpetX):   total evolution time:            0.0536261 sec
INFO (CarpetX):   total evolution compute time:    0.053618 sec
INFO (CarpetX):   total evolution output time:     8.10623e-06 sec
INFO (CarpetX):   total iterations:                1
INFO (CarpetX):   total cells updated:             4096
INFO (CarpetX):   average iterations per second: 18.6476
INFO (CarpetX):   average cell updates per second: 76380.8
INFO (CarpetX): OutputGH: iteration 2, time 0.007812, run time 2 s
INFO (CarpetX): OutputGH done.
INFO (CarpetX): Simulation time: 0.0078125   Iterations per second: 19.1683   Simulation time per second: 0.0748762
INFO (CarpetX): Grid cells: 4096   Grid cell updates per second: 78513.4
INFO (CarpetX): Performance:
INFO (CarpetX):   total evolution time:            0.104339 sec
INFO (CarpetX):   total evolution compute time:    0.104323 sec
INFO (CarpetX):   total evolution output time:     1.5974e-05 sec
INFO (CarpetX):   total iterations:                2
INFO (CarpetX):   total cells updated:             8192
INFO (CarpetX):   average iterations per second: 19.1683
INFO (CarpetX):   average cell updates per second: 78513.4
INFO (CarpetX): OutputGH: iteration 3, time 0.011719, run time 2 s
INFO (CarpetX): OutputGH done.
INFO (CarpetX): Simulation time: 0.0117188   Iterations per second: 19.3424   Simulation time per second: 0.0755562
INFO (CarpetX): Grid cells: 4096   Grid cell updates per second: 79226.4
INFO (CarpetX): Performance:
INFO (CarpetX):   total evolution time:            0.1551 sec
INFO (CarpetX):   total evolution compute time:    0.155075 sec
INFO (CarpetX):   total evolution output time:     2.5034e-05 sec
INFO (CarpetX):   total iterations:                3
INFO (CarpetX):   total cells updated:             12288
INFO (CarpetX):   average iterations per second: 19.3424
INFO (CarpetX):   average cell updates per second: 79226.4
INFO (CarpetX): OutputGH: iteration 4, time 0.015625, run time 2 s
INFO (CarpetX): OutputGH done.
INFO (CarpetX): Simulation time: 0.015625   Iterations per second: 19.4222   Simulation time per second: 0.075868
INFO (CarpetX): Grid cells: 4096   Grid cell updates per second: 79553.4
INFO (CarpetX): Performance:
INFO (CarpetX):   total evolution time:            0.20595 sec
INFO (CarpetX):   total evolution compute time:    0.205907 sec
INFO (CarpetX):   total evolution output time:     4.31538e-05 sec
INFO (CarpetX):   total iterations:                4
INFO (CarpetX):   total cells updated:             16384
INFO (CarpetX):   average iterations per second: 19.4222
INFO (CarpetX):   average cell updates per second: 79553.4
INFO (CarpetX): OutputGH: iteration 5, time 0.019531, run time 2 s
INFO (CarpetX): OutputGH done.
INFO (CarpetX): Simulation time: 0.0195312   Iterations per second: 19.482   Simulation time per second: 0.0761017
INFO (CarpetX): Grid cells: 4096   Grid cell updates per second: 79798.4
INFO (CarpetX): Performance:
INFO (CarpetX):   total evolution time:            0.256647 sec
INFO (CarpetX):   total evolution compute time:    0.256594 sec
INFO (CarpetX):   total evolution output time:     5.22137e-05 sec
INFO (CarpetX):   total iterations:                5
INFO (CarpetX):   total cells updated:             20480
INFO (CarpetX):   average iterations per second: 19.482
INFO (CarpetX):   average cell updates per second: 79798.4
INFO (CarpetX): OutputGH: iteration 6, time 0.023438, run time 2 s
INFO (CarpetX): OutputGH done.
INFO (CarpetX): Simulation time: 0.0234375   Iterations per second: 19.5219   Simulation time per second: 0.0762573
INFO (CarpetX): Grid cells: 4096   Grid cell updates per second: 79961.6
INFO (CarpetX): Performance:
INFO (CarpetX):   total evolution time:            0.307348 sec
INFO (CarpetX):   total evolution compute time:    0.307289 sec
INFO (CarpetX):   total evolution output time:     5.81741e-05 sec
INFO (CarpetX):   total iterations:                6
INFO (CarpetX):   total cells updated:             24576
INFO (CarpetX):   average iterations per second: 19.5219
INFO (CarpetX):   average cell updates per second: 79961.6
INFO (CarpetX): OutputGH: iteration 7, time 0.027344, run time 2 s
INFO (CarpetX): OutputGH done.
INFO (CarpetX): Simulation time: 0.0273438   Iterations per second: 19.5606   Simulation time per second: 0.0764085
INFO (CarpetX): Grid cells: 4096   Grid cell updates per second: 80120.2
INFO (CarpetX): Performance:
INFO (CarpetX):   total evolution time:            0.357862 sec
INFO (CarpetX):   total evolution compute time:    0.357796 sec
INFO (CarpetX):   total evolution output time:     6.62804e-05 sec
INFO (CarpetX):   total iterations:                7
INFO (CarpetX):   total cells updated:             28672
INFO (CarpetX):   average iterations per second: 19.5606
INFO (CarpetX):   average cell updates per second: 80120.2
INFO (CarpetX): OutputGH: iteration 8, time 0.031250, run time 2 s
INFO (CarpetX): OutputGH done.
INFO (CarpetX): Simulation time: 0.03125   Iterations per second: 19.5801   Simulation time per second: 0.0764849
INFO (CarpetX): Grid cells: 4096   Grid cell updates per second: 80200.2
INFO (CarpetX): Performance:
INFO (CarpetX):   total evolution time:            0.408577 sec
INFO (CarpetX):   total evolution compute time:    0.408503 sec
INFO (CarpetX):   total evolution output time:     7.43866e-05 sec
INFO (CarpetX):   total iterations:                8
INFO (CarpetX):   total cells updated:             32768
INFO (CarpetX):   average iterations per second: 19.5801
INFO (CarpetX):   average cell updates per second: 80200.2
INFO (CarpetX): OutputGH: iteration 9, time 0.035156, run time 2 s
INFO (CarpetX): OutputGH done.
INFO (CarpetX): Simulation time: 0.0351562   Iterations per second: 19.5885   Simulation time per second: 0.0765175
INFO (CarpetX): Grid cells: 4096   Grid cell updates per second: 80234.4
INFO (CarpetX): Performance:
INFO (CarpetX):   total evolution time:            0.459454 sec
INFO (CarpetX):   total evolution compute time:    0.45937 sec
INFO (CarpetX):   total evolution output time:     8.34465e-05 sec
INFO (CarpetX):   total iterations:                9
INFO (CarpetX):   total cells updated:             36864
INFO (CarpetX):   average iterations per second: 19.5885
INFO (CarpetX):   average cell updates per second: 80234.4
INFO (CarpetX): OutputGH: iteration 10, time 0.039062, run time 2 s
INFO (CarpetX): OutputGH done.
INFO (CarpetX): Simulation time: 0.0390625   Iterations per second: 19.6002   Simulation time per second: 0.0765632
INFO (CarpetX): Grid cells: 4096   Grid cell updates per second: 80282.3
INFO (CarpetX): Performance:
INFO (CarpetX):   total evolution time:            0.5102 sec
INFO (CarpetX):   total evolution compute time:    0.5101 sec
INFO (CarpetX):   total evolution output time:     9.94205e-05 sec
INFO (CarpetX):   total iterations:                10
INFO (CarpetX):   total cells updated:             40960
INFO (CarpetX):   average iterations per second: 19.6002
INFO (CarpetX):   average cell updates per second: 80282.3
INFO (CarpetX): OutputGH: iteration 11, time 0.042969, run time 2 s
INFO (CarpetX): OutputGH done.
INFO (CarpetX): Simulation time: 0.0429688   Iterations per second: 19.61   Simulation time per second: 0.0766017
INFO (CarpetX): Grid cells: 4096   Grid cell updates per second: 80322.7
INFO (CarpetX): Performance:
INFO (CarpetX):   total evolution time:            0.560963 sec
INFO (CarpetX):   total evolution compute time:    0.560856 sec
INFO (CarpetX):   total evolution output time:     0.000106573 sec
INFO (CarpetX):   total iterations:                11
INFO (CarpetX):   total cells updated:             45056
INFO (CarpetX):   average iterations per second: 19.6091
INFO (CarpetX):   average cell updates per second: 80319.1
INFO (CarpetX): OutputGH: iteration 12, time 0.046875, run time 2 s
INFO (CarpetX): OutputGH done.
INFO (CarpetX): Simulation time: 0.046875   Iterations per second: 19.6222   Simulation time per second: 0.0766491
INFO (CarpetX): Grid cells: 4096   Grid cell updates per second: 80372.4
INFO (CarpetX): Performance:
INFO (CarpetX):   total evolution time:            0.611642 sec
INFO (CarpetX):   total evolution compute time:    0.611526 sec
INFO (CarpetX):   total evolution output time:     0.000115395 sec
INFO (CarpetX):   total iterations:                12
INFO (CarpetX):   total cells updated:             49152
INFO (CarpetX):   average iterations per second: 19.6193
INFO (CarpetX):   average cell updates per second: 80360.7
INFO (CarpetX): OutputGH: iteration 13, time 0.050781, run time 2 s
INFO (CarpetX): OutputGH done.
INFO (CarpetX): Simulation time: 0.0507812   Iterations per second: 19.6326   Simulation time per second: 0.07669
INFO (CarpetX): Grid cells: 4096   Grid cell updates per second: 80415.3
INFO (CarpetX): Performance:
INFO (CarpetX):   total evolution time:            0.662333 sec
INFO (CarpetX):   total evolution compute time:    0.662209 sec
INFO (CarpetX):   total evolution output time:     0.000124216 sec
INFO (CarpetX):   total iterations:                13
INFO (CarpetX):   total cells updated:             53248
INFO (CarpetX):   average iterations per second: 19.6276
INFO (CarpetX):   average cell updates per second: 80394.6
INFO (CarpetX): OutputGH: iteration 14, time 0.054688, run time 2 s
INFO (CarpetX): OutputGH done.
INFO (CarpetX): Simulation time: 0.0546875   Iterations per second: 19.6397   Simulation time per second: 0.0767176
INFO (CarpetX): Grid cells: 4096   Grid cell updates per second: 80444.3
INFO (CarpetX): Performance:
INFO (CarpetX):   total evolution time:            0.713085 sec
INFO (CarpetX):   total evolution compute time:    0.712953 sec
INFO (CarpetX):   total evolution output time:     0.000132084 sec
INFO (CarpetX):   total iterations:                14
INFO (CarpetX):   total cells updated:             57344
INFO (CarpetX):   average iterations per second: 19.633
INFO (CarpetX):   average cell updates per second: 80416.8
INFO (CarpetX): OutputGH: iteration 15, time 0.058594, run time 2 s
INFO (CarpetX): OutputGH done.
INFO (CarpetX): Simulation time: 0.0585938   Iterations per second: 19.6505   Simulation time per second: 0.0767599
INFO (CarpetX): Grid cells: 4096   Grid cell updates per second: 80488.6
INFO (CarpetX): Performance:
INFO (CarpetX):   total evolution time:            0.763722 sec
INFO (CarpetX):   total evolution compute time:    0.763582 sec
INFO (CarpetX):   total evolution output time:     0.00014019 sec
INFO (CarpetX):   total iterations:                15
INFO (CarpetX):   total cells updated:             61440
INFO (CarpetX):   average iterations per second: 19.6407
INFO (CarpetX):   average cell updates per second: 80448.1
INFO (CarpetX): OutputGH: iteration 16, time 0.062500, run time 2 s
INFO (CarpetX): OutputGH done.
INFO (CarpetX): Simulation time: 0.0625   Iterations per second: 19.6507   Simulation time per second: 0.0767607
INFO (CarpetX): Grid cells: 4096   Grid cell updates per second: 80489.4
INFO (CarpetX): Performance:
INFO (CarpetX):   total evolution time:            0.814606 sec
INFO (CarpetX):   total evolution compute time:    0.814455 sec
INFO (CarpetX):   total evolution output time:     0.000151396 sec
INFO (CarpetX):   total iterations:                16
INFO (CarpetX):   total cells updated:             65536
INFO (CarpetX):   average iterations per second: 19.6414
INFO (CarpetX):   average cell updates per second: 80451.2
INFO (CarpetX): OutputGH: iteration 17, time 0.066406, run time 2 s
INFO (CarpetX): OutputGH done.
INFO (CarpetX): Simulation time: 0.0664062   Iterations per second: 19.6524   Simulation time per second: 0.0767674
INFO (CarpetX): Grid cells: 4096   Grid cell updates per second: 80496.4
INFO (CarpetX): Performance:
INFO (CarpetX):   total evolution time:            0.86545 sec
INFO (CarpetX):   total evolution compute time:    0.86529 sec
INFO (CarpetX):   total evolution output time:     0.000160217 sec
INFO (CarpetX):   total iterations:                17
INFO (CarpetX):   total cells updated:             69632
INFO (CarpetX):   average iterations per second: 19.643
INFO (CarpetX):   average cell updates per second: 80457.6
INFO (CarpetX): OutputGH: iteration 18, time 0.070312, run time 3 s
INFO (CarpetX): OutputGH done.
INFO (CarpetX): Simulation time: 0.0703125   Iterations per second: 19.6487   Simulation time per second: 0.0767526
INFO (CarpetX): Grid cells: 4096   Grid cell updates per second: 80481
INFO (CarpetX): Performance:
INFO (CarpetX):   total evolution time:            0.916432 sec
INFO (CarpetX):   total evolution compute time:    0.916263 sec
INFO (CarpetX):   total evolution output time:     0.000169277 sec
INFO (CarpetX):   total iterations:                18
INFO (CarpetX):   total cells updated:             73728
INFO (CarpetX):   average iterations per second: 19.6414
INFO (CarpetX):   average cell updates per second: 80451.1
INFO (CarpetX): OutputGH: iteration 19, time 0.074219, run time 3 s
INFO (CarpetX): OutputGH done.
INFO (CarpetX): Simulation time: 0.0742188   Iterations per second: 19.61   Simulation time per second: 0.0766017
INFO (CarpetX): Grid cells: 4096   Grid cell updates per second: 80322.7
INFO (CarpetX): Performance:
INFO (CarpetX):   total evolution time:            0.968329 sec
INFO (CarpetX):   total evolution compute time:    0.968152 sec
INFO (CarpetX):   total evolution output time:     0.000177145 sec
INFO (CarpetX):   total iterations:                19
INFO (CarpetX):   total cells updated:             77824
INFO (CarpetX):   average iterations per second: 19.6214
INFO (CarpetX):   average cell updates per second: 80369.4
INFO (CarpetX): OutputGH: iteration 20, time 0.078125, run time 3 s
INFO (CarpetX): OutputGH done.
INFO (CarpetX): Simulation time: 0.078125   Iterations per second: 19.5673   Simulation time per second: 0.0764349
INFO (CarpetX): Grid cells: 4096   Grid cell updates per second: 80147.8
INFO (CarpetX): Performance:
INFO (CarpetX):   total evolution time:            1.02044 sec
INFO (CarpetX):   total evolution compute time:    1.02025 sec
INFO (CarpetX):   total evolution output time:     0.000186205 sec
INFO (CarpetX):   total iterations:                20
INFO (CarpetX):   total cells updated:             81920
INFO (CarpetX):   average iterations per second: 19.5995
INFO (CarpetX):   average cell updates per second: 80279.4
INFO (CarpetX): OutputGH: iteration 21, time 0.082031, run time 3 s
INFO (CarpetX): OutputGH done.
INFO (CarpetX): Simulation time: 0.0820312   Iterations per second: 19.5905   Simulation time per second: 0.0765253
INFO (CarpetX): Grid cells: 4096   Grid cell updates per second: 80242.6
INFO (CarpetX): Performance:
INFO (CarpetX):   total evolution time:            1.07094 sec
INFO (CarpetX):   total evolution compute time:    1.07074 sec
INFO (CarpetX):   total evolution output time:     0.000193119 sec
INFO (CarpetX):   total iterations:                21
INFO (CarpetX):   total cells updated:             86016
INFO (CarpetX):   average iterations per second: 19.609
INFO (CarpetX):   average cell updates per second: 80318.4
INFO (CarpetX): OutputGH: iteration 22, time 0.085938, run time 3 s
INFO (CarpetX): OutputGH done.
INFO (CarpetX): Simulation time: 0.0859375   Iterations per second: 19.6113   Simulation time per second: 0.0766067
INFO (CarpetX): Grid cells: 4096   Grid cell updates per second: 80327.9
INFO (CarpetX): Performance:
INFO (CarpetX):   total evolution time:            1.12144 sec
INFO (CarpetX):   total evolution compute time:    1.12124 sec
INFO (CarpetX):   total evolution output time:     0.000201225 sec
INFO (CarpetX):   total iterations:                22
INFO (CarpetX):   total cells updated:             90112
INFO (CarpetX):   average iterations per second: 19.6176
INFO (CarpetX):   average cell updates per second: 80353.8
INFO (CarpetX): OutputGH: iteration 23, time 0.089844, run time 3 s
INFO (CarpetX): OutputGH done.
INFO (CarpetX): Simulation time: 0.0898438   Iterations per second: 19.62   Simulation time per second: 0.0766408
INFO (CarpetX): Grid cells: 4096   Grid cell updates per second: 80363.7
INFO (CarpetX): Performance:
INFO (CarpetX):   total evolution time:            1.17221 sec
INFO (CarpetX):   total evolution compute time:    1.17199 sec
INFO (CarpetX):   total evolution output time:     0.000211239 sec
INFO (CarpetX):   total iterations:                23
INFO (CarpetX):   total cells updated:             94208
INFO (CarpetX):   average iterations per second: 19.6211
INFO (CarpetX):   average cell updates per second: 80368.2
INFO (CarpetX): OutputGH: iteration 24, time 0.093750, run time 3 s
INFO (CarpetX): OutputGH done.
INFO (CarpetX): Simulation time: 0.09375   Iterations per second: 19.6254   Simulation time per second: 0.0766616
INFO (CarpetX): Grid cells: 4096   Grid cell updates per second: 80385.5
INFO (CarpetX): Performance:
INFO (CarpetX):   total evolution time:            1.22304 sec
INFO (CarpetX):   total evolution compute time:    1.22282 sec
INFO (CarpetX):   total evolution output time:     0.000218153 sec
INFO (CarpetX):   total iterations:                24
INFO (CarpetX):   total cells updated:             98304
INFO (CarpetX):   average iterations per second: 19.6233
INFO (CarpetX):   average cell updates per second: 80377.1
INFO (CarpetX): OutputGH: iteration 25, time 0.097656, run time 3 s
INFO (CarpetX): OutputGH done.
INFO (CarpetX): Simulation time: 0.0976562   Iterations per second: 19.6398   Simulation time per second: 0.0767181
INFO (CarpetX): Grid cells: 4096   Grid cell updates per second: 80444.8
INFO (CarpetX): Performance:
INFO (CarpetX):   total evolution time:            1.27361 sec
INFO (CarpetX):   total evolution compute time:    1.27339 sec
INFO (CarpetX):   total evolution output time:     0.000226021 sec
INFO (CarpetX):   total iterations:                25
INFO (CarpetX):   total cells updated:             102400
INFO (CarpetX):   average iterations per second: 19.6292
INFO (CarpetX):   average cell updates per second: 80401.1
INFO (CarpetX): OutputGH: iteration 26, time 0.101562, run time 3 s
INFO (CarpetX): OutputGH done.
INFO (CarpetX): Simulation time: 0.101562   Iterations per second: 19.6502   Simulation time per second: 0.0767586
INFO (CarpetX): Grid cells: 4096   Grid cell updates per second: 80487.3
INFO (CarpetX): Performance:
INFO (CarpetX):   total evolution time:            1.32426 sec
INFO (CarpetX):   total evolution compute time:    1.32403 sec
INFO (CarpetX):   total evolution output time:     0.000232935 sec
INFO (CarpetX):   total iterations:                26
INFO (CarpetX):   total cells updated:             106496
INFO (CarpetX):   average iterations per second: 19.6336
INFO (CarpetX):   average cell updates per second: 80419.1
INFO (CarpetX): OutputGH: iteration 27, time 0.105469, run time 3 s
INFO (CarpetX): OutputGH done.
INFO (CarpetX): Simulation time: 0.105469   Iterations per second: 19.6421   Simulation time per second: 0.076727
INFO (CarpetX): Grid cells: 4096   Grid cell updates per second: 80454.1
INFO (CarpetX): Performance:
INFO (CarpetX):   total evolution time:            1.37536 sec
INFO (CarpetX):   total evolution compute time:    1.37512 sec
INFO (CarpetX):   total evolution output time:     0.000241041 sec
INFO (CarpetX):   total iterations:                27
INFO (CarpetX):   total cells updated:             110592
INFO (CarpetX):   average iterations per second: 19.6312
INFO (CarpetX):   average cell updates per second: 80409.4
INFO (CarpetX): OutputGH: iteration 28, time 0.109375, run time 3 s
INFO (CarpetX): OutputGH done.
INFO (CarpetX): Simulation time: 0.109375   Iterations per second: 19.4213   Simulation time per second: 0.0758643
INFO (CarpetX): Grid cells: 4096   Grid cell updates per second: 79549.5
INFO (CarpetX): Performance:
INFO (CarpetX):   total evolution time:            1.43206 sec
INFO (CarpetX):   total evolution compute time:    1.43181 sec
INFO (CarpetX):   total evolution output time:     0.000255108 sec
INFO (CarpetX):   total iterations:                28
INFO (CarpetX):   total cells updated:             114688
INFO (CarpetX):   average iterations per second: 19.5522
INFO (CarpetX):   average cell updates per second: 80085.9
INFO (CarpetX): OutputGH: iteration 29, time 0.113281, run time 3 s
INFO (CarpetX): OutputGH done.
INFO (CarpetX): Simulation time: 0.113281   Iterations per second: 19.4217   Simulation time per second: 0.0758659
INFO (CarpetX): Grid cells: 4096   Grid cell updates per second: 79551.2
INFO (CarpetX): Performance:
INFO (CarpetX):   total evolution time:            1.48354 sec
INFO (CarpetX):   total evolution compute time:    1.48328 sec
INFO (CarpetX):   total evolution output time:     0.000262976 sec
INFO (CarpetX):   total iterations:                29
INFO (CarpetX):   total cells updated:             118784
INFO (CarpetX):   average iterations per second: 19.5478
INFO (CarpetX):   average cell updates per second: 80067.9
INFO (CarpetX): OutputGH: iteration 30, time 0.117188, run time 3 s
INFO (CarpetX): OutputGH done.
INFO (CarpetX): Simulation time: 0.117188   Iterations per second: 19.4554   Simulation time per second: 0.0759977
INFO (CarpetX): Grid cells: 4096   Grid cell updates per second: 79689.4
INFO (CarpetX): Performance:
INFO (CarpetX):   total evolution time:            1.53414 sec
INFO (CarpetX):   total evolution compute time:    1.53387 sec
INFO (CarpetX):   total evolution output time:     0.000268936 sec
INFO (CarpetX):   total iterations:                30
INFO (CarpetX):   total cells updated:             122880
INFO (CarpetX):   average iterations per second: 19.555
INFO (CarpetX):   average cell updates per second: 80097.1
INFO (CarpetX): OutputGH: iteration 31, time 0.121094, run time 3 s
INFO (CarpetX): OutputGH done.
INFO (CarpetX): Simulation time: 0.121094   Iterations per second: 19.4874   Simulation time per second: 0.0761228
INFO (CarpetX): Grid cells: 4096   Grid cell updates per second: 79820.5
INFO (CarpetX): Performance:
INFO (CarpetX):   total evolution time:            1.58469 sec
INFO (CarpetX):   total evolution compute time:    1.58442 sec
INFO (CarpetX):   total evolution output time:     0.00027585 sec
INFO (CarpetX):   total iterations:                31
INFO (CarpetX):   total cells updated:             126976
INFO (CarpetX):   average iterations per second: 19.5622
INFO (CarpetX):   average cell updates per second: 80126.6
INFO (CarpetX): OutputGH: iteration 32, time 0.125000, run time 3 s
INFO (CarpetX): OutputGH done.
INFO (CarpetX): Simulation time: 0.125   Iterations per second: 19.5142   Simulation time per second: 0.0762274
INFO (CarpetX): Grid cells: 4096   Grid cell updates per second: 79930.2
INFO (CarpetX): Performance:
INFO (CarpetX):   total evolution time:            1.6353 sec
INFO (CarpetX):   total evolution compute time:    1.63502 sec
INFO (CarpetX):   total evolution output time:     0.000283718 sec
INFO (CarpetX):   total iterations:                32
INFO (CarpetX):   total cells updated:             131072
INFO (CarpetX):   average iterations per second: 19.5682
INFO (CarpetX):   average cell updates per second: 80151.5
INFO (CarpetX): OutputGH: iteration 33, time 0.128906, run time 3 s
INFO (CarpetX): OutputGH done.
INFO (CarpetX): Simulation time: 0.128906   Iterations per second: 19.5354   Simulation time per second: 0.07631
INFO (CarpetX): Grid cells: 4096   Grid cell updates per second: 80016.8
INFO (CarpetX): Performance:
INFO (CarpetX):   total evolution time:            1.68599 sec
INFO (CarpetX):   total evolution compute time:    1.6857 sec
INFO (CarpetX):   total evolution output time:     0.000289679 sec
INFO (CarpetX):   total iterations:                33
INFO (CarpetX):   total cells updated:             135168
INFO (CarpetX):   average iterations per second: 19.573
INFO (CarpetX):   average cell updates per second: 80171.1
INFO (CarpetX): OutputGH: iteration 34, time 0.132812, run time 3 s
INFO (CarpetX): OutputGH done.
INFO (CarpetX): Simulation time: 0.132812   Iterations per second: 19.5553   Simulation time per second: 0.0763879
INFO (CarpetX): Grid cells: 4096   Grid cell updates per second: 80098.5
INFO (CarpetX): Performance:
INFO (CarpetX):   total evolution time:            1.73666 sec
INFO (CarpetX):   total evolution compute time:    1.73637 sec
INFO (CarpetX):   total evolution output time:     0.000293732 sec
INFO (CarpetX):   total iterations:                34
INFO (CarpetX):   total cells updated:             139264
INFO (CarpetX):   average iterations per second: 19.5778
INFO (CarpetX):   average cell updates per second: 80190.7
INFO (CarpetX): OutputGH: iteration 35, time 0.136719, run time 3 s
INFO (CarpetX): OutputGH done.
INFO (CarpetX): Simulation time: 0.136719   Iterations per second: 19.5784   Simulation time per second: 0.0764782
INFO (CarpetX): Grid cells: 4096   Grid cell updates per second: 80193.2
INFO (CarpetX): Performance:
INFO (CarpetX):   total evolution time:            1.78719 sec
INFO (CarpetX):   total evolution compute time:    1.78689 sec
INFO (CarpetX):   total evolution output time:     0.000300646 sec
INFO (CarpetX):   total iterations:                35
INFO (CarpetX):   total cells updated:             143360
INFO (CarpetX):   average iterations per second: 19.5838
INFO (CarpetX):   average cell updates per second: 80215.2
INFO (CarpetX): OutputGH: iteration 36, time 0.140625, run time 3 s
INFO (CarpetX): OutputGH done.
INFO (CarpetX): Simulation time: 0.140625   Iterations per second: 19.5862   Simulation time per second: 0.0765086
INFO (CarpetX): Grid cells: 4096   Grid cell updates per second: 80225.1
INFO (CarpetX): Performance:
INFO (CarpetX):   total evolution time:            1.83807 sec
INFO (CarpetX):   total evolution compute time:    1.83776 sec
INFO (CarpetX):   total evolution output time:     0.000308514 sec
INFO (CarpetX):   total iterations:                36
INFO (CarpetX):   total cells updated:             147456
INFO (CarpetX):   average iterations per second: 19.5858
INFO (CarpetX):   average cell updates per second: 80223.4
INFO (CarpetX): OutputGH: iteration 37, time 0.144531, run time 4 s
INFO (CarpetX): OutputGH done.
INFO (CarpetX): Simulation time: 0.144531   Iterations per second: 19.6019   Simulation time per second: 0.07657
INFO (CarpetX): Grid cells: 4096   Grid cell updates per second: 80289.4
INFO (CarpetX): Performance:
INFO (CarpetX):   total evolution time:            1.88871 sec
INFO (CarpetX):   total evolution compute time:    1.8884 sec
INFO (CarpetX):   total evolution output time:     0.000315666 sec
INFO (CarpetX):   total iterations:                37
INFO (CarpetX):   total cells updated:             151552
INFO (CarpetX):   average iterations per second: 19.59
INFO (CarpetX):   average cell updates per second: 80240.8
INFO (CarpetX): OutputGH: iteration 38, time 0.148438, run time 4 s
INFO (CarpetX): OutputGH done.
INFO (CarpetX): Simulation time: 0.148438   Iterations per second: 19.6099   Simulation time per second: 0.0766011
INFO (CarpetX): Grid cells: 4096   Grid cell updates per second: 80322.1
INFO (CarpetX): Performance:
INFO (CarpetX):   total evolution time:            1.93952 sec
INFO (CarpetX):   total evolution compute time:    1.9392 sec
INFO (CarpetX):   total evolution output time:     0.00032258 sec
INFO (CarpetX):   total iterations:                38
INFO (CarpetX):   total cells updated:             155648
INFO (CarpetX):   average iterations per second: 19.5925
INFO (CarpetX):   average cell updates per second: 80250.7
INFO (CarpetX): OutputGH: iteration 39, time 0.152344, run time 4 s
INFO (CarpetX): OutputGH done.
INFO (CarpetX): Simulation time: 0.152344   Iterations per second: 19.6199   Simulation time per second: 0.0766403
INFO (CarpetX): Grid cells: 4096   Grid cell updates per second: 80363.2
INFO (CarpetX): Performance:
INFO (CarpetX):   total evolution time:            1.99026 sec
INFO (CarpetX):   total evolution compute time:    1.98993 sec
INFO (CarpetX):   total evolution output time:     0.000328779 sec
INFO (CarpetX):   total iterations:                39
INFO (CarpetX):   total cells updated:             159744
INFO (CarpetX):   average iterations per second: 19.5955
INFO (CarpetX):   average cell updates per second: 80263
INFO (CarpetX): OutputGH: iteration 40, time 0.156250, run time 4 s
INFO (CarpetX): OutputGH done.
INFO (CarpetX): Simulation time: 0.15625   Iterations per second: 19.6387   Simulation time per second: 0.0767138
INFO (CarpetX): Grid cells: 4096   Grid cell updates per second: 80440.3
INFO (CarpetX): Performance:
INFO (CarpetX):   total evolution time:            2.04074 sec
INFO (CarpetX):   total evolution compute time:    2.0404 sec
INFO (CarpetX):   total evolution output time:     0.000334978 sec
INFO (CarpetX):   total iterations:                40
INFO (CarpetX):   total cells updated:             163840
INFO (CarpetX):   average iterations per second: 19.6008
INFO (CarpetX):   average cell updates per second: 80284.7
INFO (CarpetX): OutputGH: iteration 41, time 0.160156, run time 4 s
INFO (CarpetX): OutputGH done.
INFO (CarpetX): Simulation time: 0.160156   Iterations per second: 19.6524   Simulation time per second: 0.076767
INFO (CarpetX): Grid cells: 4096   Grid cell updates per second: 80496.1
INFO (CarpetX): Performance:
INFO (CarpetX):   total evolution time:            2.0913 sec
INFO (CarpetX):   total evolution compute time:    2.09096 sec
INFO (CarpetX):   total evolution output time:     0.000341892 sec
INFO (CarpetX):   total iterations:                41
INFO (CarpetX):   total cells updated:             167936
INFO (CarpetX):   average iterations per second: 19.605
INFO (CarpetX):   average cell updates per second: 80302.1
INFO (CarpetX): OutputGH: iteration 42, time 0.164062, run time 4 s
INFO (CarpetX): OutputGH done.
INFO (CarpetX): Simulation time: 0.164062   Iterations per second: 19.669   Simulation time per second: 0.076832
INFO (CarpetX): Grid cells: 4096   Grid cell updates per second: 80564.2
INFO (CarpetX): Performance:
INFO (CarpetX):   total evolution time:            2.14176 sec
INFO (CarpetX):   total evolution compute time:    2.14141 sec
INFO (CarpetX):   total evolution output time:     0.000348806 sec
INFO (CarpetX):   total iterations:                42
INFO (CarpetX):   total cells updated:             172032
INFO (CarpetX):   average iterations per second: 19.6101
INFO (CarpetX):   average cell updates per second: 80322.8
INFO (CarpetX): OutputGH: iteration 43, time 0.167969, run time 4 s
INFO (CarpetX): OutputGH done.
INFO (CarpetX): Simulation time: 0.167969   Iterations per second: 19.6831   Simulation time per second: 0.0768871
INFO (CarpetX): Grid cells: 4096   Grid cell updates per second: 80622
INFO (CarpetX): Performance:
INFO (CarpetX):   total evolution time:            2.19223 sec
INFO (CarpetX):   total evolution compute time:    2.19188 sec
INFO (CarpetX):   total evolution output time:     0.000354767 sec
INFO (CarpetX):   total iterations:                43
INFO (CarpetX):   total cells updated:             176128
INFO (CarpetX):   average iterations per second: 19.6147
INFO (CarpetX):   average cell updates per second: 80341.8
INFO (CarpetX): OutputGH: iteration 44, time 0.171875, run time 4 s
INFO (CarpetX): OutputGH done.
INFO (CarpetX): Simulation time: 0.171875   Iterations per second: 19.6841   Simulation time per second: 0.0768911
INFO (CarpetX): Grid cells: 4096   Grid cell updates per second: 80626.2
INFO (CarpetX): Performance:
INFO (CarpetX):   total evolution time:            2.24301 sec
INFO (CarpetX):   total evolution compute time:    2.24265 sec
INFO (CarpetX):   total evolution output time:     0.00036478 sec
INFO (CarpetX):   total iterations:                44
INFO (CarpetX):   total cells updated:             180224
INFO (CarpetX):   average iterations per second: 19.6165
INFO (CarpetX):   average cell updates per second: 80349.1
INFO (CarpetX): OutputGH: iteration 45, time 0.175781, run time 4 s
INFO (CarpetX): OutputGH done.
INFO (CarpetX): Simulation time: 0.175781   Iterations per second: 19.6875   Simulation time per second: 0.0769045
INFO (CarpetX): Grid cells: 4096   Grid cell updates per second: 80640.2
INFO (CarpetX): Performance:
INFO (CarpetX):   total evolution time:            2.29373 sec
INFO (CarpetX):   total evolution compute time:    2.29335 sec
INFO (CarpetX):   total evolution output time:     0.00037384 sec
INFO (CarpetX):   total iterations:                45
INFO (CarpetX):   total cells updated:             184320
INFO (CarpetX):   average iterations per second: 19.6187
INFO (CarpetX):   average cell updates per second: 80358.3
INFO (CarpetX): OutputGH: iteration 46, time 0.179688, run time 4 s
INFO (CarpetX): OutputGH done.
INFO (CarpetX): Simulation time: 0.179688   Iterations per second: 19.6778   Simulation time per second: 0.0768663
INFO (CarpetX): Grid cells: 4096   Grid cell updates per second: 80600.1
INFO (CarpetX): Performance:
INFO (CarpetX):   total evolution time:            2.34477 sec
INFO (CarpetX):   total evolution compute time:    2.34439 sec
INFO (CarpetX):   total evolution output time:     0.0003829 sec
INFO (CarpetX):   total iterations:                46
INFO (CarpetX):   total cells updated:             188416
INFO (CarpetX):   average iterations per second: 19.6181
INFO (CarpetX):   average cell updates per second: 80355.7
INFO (CarpetX): OutputGH: iteration 47, time 0.183594, run time 4 s
INFO (CarpetX): OutputGH done.
INFO (CarpetX): Simulation time: 0.183594   Iterations per second: 19.6703   Simulation time per second: 0.0768369
INFO (CarpetX): Grid cells: 4096   Grid cell updates per second: 80569.3
INFO (CarpetX): Performance:
INFO (CarpetX):   total evolution time:            2.39579 sec
INFO (CarpetX):   total evolution compute time:    2.39539 sec
INFO (CarpetX):   total evolution output time:     0.00039196 sec
INFO (CarpetX):   total iterations:                47
INFO (CarpetX):   total cells updated:             192512
INFO (CarpetX):   average iterations per second: 19.6178
INFO (CarpetX):   average cell updates per second: 80354.4
INFO (CarpetX): OutputGH: iteration 48, time 0.187500, run time 4 s
INFO (CarpetX): OutputGH done.
INFO (CarpetX): Simulation time: 0.1875   Iterations per second: 19.6759   Simulation time per second: 0.0768589
INFO (CarpetX): Grid cells: 4096   Grid cell updates per second: 80592.4
INFO (CarpetX): Performance:
INFO (CarpetX):   total evolution time:            2.44648 sec
INFO (CarpetX):   total evolution compute time:    2.44608 sec
INFO (CarpetX):   total evolution output time:     0.000399828 sec
INFO (CarpetX):   total iterations:                48
INFO (CarpetX):   total cells updated:             196608
INFO (CarpetX):   average iterations per second: 19.62
INFO (CarpetX):   average cell updates per second: 80363.6
INFO (CarpetX): OutputGH: iteration 49, time 0.191406, run time 4 s
INFO (CarpetX): OutputGH done.
INFO (CarpetX): Simulation time: 0.191406   Iterations per second: 19.6673   Simulation time per second: 0.0768254
INFO (CarpetX): Grid cells: 4096   Grid cell updates per second: 80557.3
INFO (CarpetX): Performance:
INFO (CarpetX):   total evolution time:            2.49752 sec
INFO (CarpetX):   total evolution compute time:    2.49711 sec
INFO (CarpetX):   total evolution output time:     0.000416756 sec
INFO (CarpetX):   total iterations:                49
INFO (CarpetX):   total cells updated:             200704
INFO (CarpetX):   average iterations per second: 19.6194
INFO (CarpetX):   average cell updates per second: 80361.2
INFO (CarpetX): OutputGH: iteration 50, time 0.195312, run time 4 s
INFO (CarpetX): OutputGH done.
INFO (CarpetX): Simulation time: 0.195312   Iterations per second: 19.6875   Simulation time per second: 0.0769042
INFO (CarpetX): Grid cells: 4096   Grid cell updates per second: 80639.9
INFO (CarpetX): Performance:
INFO (CarpetX):   total evolution time:            2.54785 sec
INFO (CarpetX):   total evolution compute time:    2.54743 sec
INFO (CarpetX):   total evolution output time:     0.000422716 sec
INFO (CarpetX):   total iterations:                50
INFO (CarpetX):   total cells updated:             204800
INFO (CarpetX):   average iterations per second: 19.6244
INFO (CarpetX):   average cell updates per second: 80381.5
INFO (CarpetX): OutputGH: iteration 51, time 0.199219, run time 4 s
INFO (CarpetX): OutputGH done.
INFO (CarpetX): Simulation time: 0.199219   Iterations per second: 19.7043   Simulation time per second: 0.0769698
INFO (CarpetX): Grid cells: 4096   Grid cell updates per second: 80708.7
INFO (CarpetX): Performance:
INFO (CarpetX):   total evolution time:            2.59821 sec
INFO (CarpetX):   total evolution compute time:    2.59778 sec
INFO (CarpetX):   total evolution output time:     0.00042963 sec
INFO (CarpetX):   total iterations:                51
INFO (CarpetX):   total cells updated:             208896
INFO (CarpetX):   average iterations per second: 19.6289
INFO (CarpetX):   average cell updates per second: 80400
INFO (CarpetX): OutputGH: iteration 52, time 0.203125, run time 4 s
INFO (CarpetX): OutputGH done.
INFO (CarpetX): Simulation time: 0.203125   Iterations per second: 19.7084   Simulation time per second: 0.0769861
INFO (CarpetX): Grid cells: 4096   Grid cell updates per second: 80725.8
INFO (CarpetX): Performance:
INFO (CarpetX):   total evolution time:            2.64885 sec
INFO (CarpetX):   total evolution compute time:    2.64841 sec
INFO (CarpetX):   total evolution output time:     0.00043869 sec
INFO (CarpetX):   total iterations:                52
INFO (CarpetX):   total cells updated:             212992
INFO (CarpetX):   average iterations per second: 19.6311
INFO (CarpetX):   average cell updates per second: 80409.1
INFO (CarpetX): OutputGH: iteration 53, time 0.207031, run time 4 s
INFO (CarpetX): OutputGH done.
INFO (CarpetX): Simulation time: 0.207031   Iterations per second: 19.7128   Simulation time per second: 0.0770032
INFO (CarpetX): Grid cells: 4096   Grid cell updates per second: 80743.7
INFO (CarpetX): Performance:
INFO (CarpetX):   total evolution time:            2.69948 sec
INFO (CarpetX):   total evolution compute time:    2.69904 sec
INFO (CarpetX):   total evolution output time:     0.000444889 sec
INFO (CarpetX):   total iterations:                53
INFO (CarpetX):   total cells updated:             217088
INFO (CarpetX):   average iterations per second: 19.6334
INFO (CarpetX):   average cell updates per second: 80418.4
INFO (CarpetX): OutputGH: iteration 54, time 0.210938, run time 4 s
INFO (CarpetX): OutputGH done.
INFO (CarpetX): Simulation time: 0.210938   Iterations per second: 19.7211   Simulation time per second: 0.0770354
INFO (CarpetX): Grid cells: 4096   Grid cell updates per second: 80777.5
INFO (CarpetX): Performance:
INFO (CarpetX):   total evolution time:            2.75 sec
INFO (CarpetX):   total evolution compute time:    2.74954 sec
INFO (CarpetX):   total evolution output time:     0.000451803 sec
INFO (CarpetX):   total iterations:                54
INFO (CarpetX):   total cells updated:             221184
INFO (CarpetX):   average iterations per second: 19.6364
INFO (CarpetX):   average cell updates per second: 80430.7
INFO (CarpetX): OutputGH: iteration 55, time 0.214844, run time 4 s
INFO (CarpetX): OutputGH done.
INFO (CarpetX): Simulation time: 0.214844   Iterations per second: 19.7181   Simulation time per second: 0.0770239
INFO (CarpetX): Grid cells: 4096   Grid cell updates per second: 80765.4
INFO (CarpetX): Performance:
INFO (CarpetX):   total evolution time:            2.80078 sec
INFO (CarpetX):   total evolution compute time:    2.80032 sec
INFO (CarpetX):   total evolution output time:     0.000457764 sec
INFO (CarpetX):   total iterations:                55
INFO (CarpetX):   total cells updated:             225280
INFO (CarpetX):   average iterations per second: 19.6374
INFO (CarpetX):   average cell updates per second: 80434.8
INFO (CarpetX): OutputGH: iteration 56, time 0.218750, run time 4 s
INFO (CarpetX): OutputGH done.
INFO (CarpetX): Simulation time: 0.21875   Iterations per second: 19.7285   Simulation time per second: 0.0770645
INFO (CarpetX): Grid cells: 4096   Grid cell updates per second: 80808
INFO (CarpetX): Performance:
INFO (CarpetX):   total evolution time:            2.85123 sec
INFO (CarpetX):   total evolution compute time:    2.85076 sec
INFO (CarpetX):   total evolution output time:     0.00046277 sec
INFO (CarpetX):   total iterations:                56
INFO (CarpetX):   total cells updated:             229376
INFO (CarpetX):   average iterations per second: 19.6407
INFO (CarpetX):   average cell updates per second: 80448.2
INFO (CarpetX): OutputGH: iteration 57, time 0.222656, run time 5 s
INFO (CarpetX): OutputGH done.
INFO (CarpetX): Simulation time: 0.222656   Iterations per second: 19.7229   Simulation time per second: 0.0770426
INFO (CarpetX): Grid cells: 4096   Grid cell updates per second: 80785
INFO (CarpetX): Performance:
INFO (CarpetX):   total evolution time:            2.90206 sec
INFO (CarpetX):   total evolution compute time:    2.90159 sec
INFO (CarpetX):   total evolution output time:     0.000469685 sec
INFO (CarpetX):   total iterations:                57
INFO (CarpetX):   total cells updated:             233472
INFO (CarpetX):   average iterations per second: 19.6412
INFO (CarpetX):   average cell updates per second: 80450.5
INFO (CarpetX): OutputGH: iteration 58, time 0.226562, run time 5 s
INFO (CarpetX): OutputGH done.
INFO (CarpetX): Simulation time: 0.226562   Iterations per second: 19.7251   Simulation time per second: 0.0770512
INFO (CarpetX): Grid cells: 4096   Grid cell updates per second: 80794
INFO (CarpetX): Performance:
INFO (CarpetX):   total evolution time:            2.9527 sec
INFO (CarpetX):   total evolution compute time:    2.95223 sec
INFO (CarpetX):   total evolution output time:     0.000477552 sec
INFO (CarpetX):   total iterations:                58
INFO (CarpetX):   total cells updated:             237568
INFO (CarpetX):   average iterations per second: 19.643
INFO (CarpetX):   average cell updates per second: 80457.8
INFO (CarpetX): OutputGH: iteration 59, time 0.230469, run time 5 s
INFO (CarpetX): OutputGH done.
INFO (CarpetX): Simulation time: 0.230469   Iterations per second: 19.7257   Simulation time per second: 0.0770534
INFO (CarpetX): Grid cells: 4096   Grid cell updates per second: 80796.4
INFO (CarpetX): Performance:
INFO (CarpetX):   total evolution time:            3.00339 sec
INFO (CarpetX):   total evolution compute time:    3.0029 sec
INFO (CarpetX):   total evolution output time:     0.000482559 sec
INFO (CarpetX):   total iterations:                59
INFO (CarpetX):   total cells updated:             241664
INFO (CarpetX):   average iterations per second: 19.6445
INFO (CarpetX):   average cell updates per second: 80463.8
INFO (CarpetX): OutputGH: iteration 60, time 0.234375, run time 5 s
INFO (CarpetX): OutputGH done.
INFO (CarpetX): Simulation time: 0.234375   Iterations per second: 19.7256   Simulation time per second: 0.077053
INFO (CarpetX): Grid cells: 4096   Grid cell updates per second: 80796
INFO (CarpetX): Performance:
INFO (CarpetX):   total evolution time:            3.05409 sec
INFO (CarpetX):   total evolution compute time:    3.0536 sec
INFO (CarpetX):   total evolution output time:     0.000488758 sec
INFO (CarpetX):   total iterations:                60
INFO (CarpetX):   total cells updated:             245760
INFO (CarpetX):   average iterations per second: 19.6458
INFO (CarpetX):   average cell updates per second: 80469.3
INFO (CarpetX): OutputGH: iteration 61, time 0.238281, run time 5 s
INFO (CarpetX): OutputGH done.
INFO (CarpetX): Simulation time: 0.238281   Iterations per second: 19.7309   Simulation time per second: 0.0770738
INFO (CarpetX): Grid cells: 4096   Grid cell updates per second: 80817.7
INFO (CarpetX): Performance:
INFO (CarpetX):   total evolution time:            3.10464 sec
INFO (CarpetX):   total evolution compute time:    3.10415 sec
INFO (CarpetX):   total evolution output time:     0.000494719 sec
INFO (CarpetX):   total iterations:                61
INFO (CarpetX):   total cells updated:             249856
INFO (CarpetX):   average iterations per second: 19.648
INFO (CarpetX):   average cell updates per second: 80478.1
INFO (CarpetX): OutputGH: iteration 62, time 0.242188, run time 5 s
INFO (CarpetX): OutputGH done.
INFO (CarpetX): Simulation time: 0.242188   Iterations per second: 19.7299   Simulation time per second: 0.07707
INFO (CarpetX): Grid cells: 4096   Grid cell updates per second: 80813.7
INFO (CarpetX): Performance:
INFO (CarpetX):   total evolution time:            3.15535 sec
INFO (CarpetX):   total evolution compute time:    3.15485 sec
INFO (CarpetX):   total evolution output time:     0.000500917 sec
INFO (CarpetX):   total iterations:                62
INFO (CarpetX):   total cells updated:             253952
INFO (CarpetX):   average iterations per second: 19.6492
INFO (CarpetX):   average cell updates per second: 80483
INFO (CarpetX): OutputGH: iteration 63, time 0.246094, run time 5 s
INFO (CarpetX): OutputGH done.
INFO (CarpetX): Simulation time: 0.246094   Iterations per second: 19.7302   Simulation time per second: 0.0770712
INFO (CarpetX): Grid cells: 4096   Grid cell updates per second: 80815
INFO (CarpetX): Performance:
INFO (CarpetX):   total evolution time:            3.20603 sec
INFO (CarpetX):   total evolution compute time:    3.20552 sec
INFO (CarpetX):   total evolution output time:     0.000506878 sec
INFO (CarpetX):   total iterations:                63
INFO (CarpetX):   total cells updated:             258048
INFO (CarpetX):   average iterations per second: 19.6505
INFO (CarpetX):   average cell updates per second: 80488.4
INFO (CarpetX): OutputGH: iteration 64, time 0.250000, run time 5 s
INFO (CarpetX): OutputGH done.
INFO (CarpetX): Simulation time: 0.25   Iterations per second: 8.90018   Simulation time per second: 0.0347663
INFO (CarpetX): Grid cells: 4096   Grid cell updates per second: 36455.1
INFO (CarpetX): Performance:
INFO (CarpetX):   total evolution time:            3.87345 sec
INFO (CarpetX):   total evolution compute time:    3.26166 sec
INFO (CarpetX):   total evolution output time:     0.611792 sec
INFO (CarpetX):   total iterations:                64
INFO (CarpetX):   total cells updated:             262144
INFO (CarpetX):   average iterations per second: 16.5227
INFO (CarpetX):   average cell updates per second: 67677.2
INFO (CarpetX): Shutting down...
AMReX (25.11) finalized
--------------------------------------------------------------------------------
Done.
+ echo Stopping:
Stopping:
+ date
Fri Aug 28 00:59:23 UTC 2026
+ echo Done.
Done.
  Elapsed time: 5.2 s
