/home/runner/simulations/TestJob01_temp_1/output-0000/TEST/sim/CanudaX_BSSNMoL
Preparing:
+ set -e
+ cd output-0000-active
+ echo Checking:
Checking:
+ pwd
/home/runner/simulations/TestJob01_temp_1/output-0000/TEST/sim/CanudaX_BSSNMoL/output-0000-active
+ hostname
runnervmg397c
+ date
Thu May 21 01:42:30 UTC 2026
+ echo Environment:
Environment:
+ export CACTUS_NUM_PROCS=1
+ CACTUS_NUM_PROCS=1
+ export CACTUS_NUM_THREADS=2
+ CACTUS_NUM_THREADS=2
+ export GMON_OUT_PREFIX=gmon.out
+ GMON_OUT_PREFIX=gmon.out
+ export OMP_NUM_THREADS=2
+ OMP_NUM_THREADS=2
+ env
+ sort
+ echo Starting:
Starting:
++ date +%s
+ export CACTUS_STARTTIME=1779327750
+ CACTUS_STARTTIME=1779327750
+ '[' 1 = 1 ']'
+ '[' 0 -eq 0 ']'
+ /home/runner/simulations/TestJob01_temp_1/SIMFACTORY/exe/cactus_sim -L 3 /home/runner/simulations/TestJob01_temp_1/output-0000/arrangements/CanudaX/CanudaX_BSSNMoL/test/gaugewave.par
INFO (Cactus): Increased logging level from 0 to 3
--------------------------------------------------------------------------------

       10                                  
  1   0101       ************************  
  01  1010 10      The Cactus Code V4.18.0    
 1010 1101 011      www.cactuscode.org     
  1001 100101    ************************  
    00010101                               
     100011     (c) Copyright The Authors  
      0100      GNU Licensed. No Warranty  
      0101                                 
--------------------------------------------------------------------------------

Cactus version:    4.18.0
Compile date:      May 21 2026 (01:39:30)
Run date:          May 21 2026 (01:42:31+0000)
Run host:          runnervmg397c.eqqbi1bsjwperikfmdpty0pxef.cx.internal.cloudapp.net (pid=169368)
Working directory: /home/runner/simulations/TestJob01_temp_1/output-0000/TEST/sim/CanudaX_BSSNMoL
Executable:        /home/runner/simulations/TestJob01_temp_1/SIMFACTORY/exe/cactus_sim
Parameter file:    /home/runner/simulations/TestJob01_temp_1/output-0000/arrangements/CanudaX/CanudaX_BSSNMoL/test/gaugewave.par
--------------------------------------------------------------------------------

Activating thorn Cactus...Success -> active implementation Cactus
Activation requested for 
--->ADMBaseX CanudaX_BSSNMoL CanudaX_ExactID CarpetX IOUtil ODESolvers TmunuBaseX<---
Thorn ADMBaseX requests automatic activation of Loop
Thorn CarpetX requests automatic activation of AMReX
Thorn CarpetX requests automatic activation of MPI
Thorn CarpetX requests automatic activation of yaml_cpp
Thorn CarpetX requests automatic activation of zlib
Thorn CarpetX requests automatic activation of Arith
Thorn CarpetX requests automatic activation of CarpetXRegrid
Thorn CarpetX requests automatic activation of ADIOS2
Thorn CarpetX requests automatic activation of openPMD
Thorn CarpetX requests automatic activation of Silo
Thorn ADIOS2 requests automatic activation of CMake
Thorn Arith requests automatic activation of NSIMD
Thorn MPI requests automatic activation of hwloc
Thorn openPMD requests automatic activation of HDF5
Activating thorn ADIOS2...Success -> active implementation ADIOS2
Activating thorn ADMBaseX...Success -> active implementation ADMBaseX
Activating thorn AMReX...Success -> active implementation AMReX
Activating thorn Arith...Success -> active implementation Arith
Activating thorn CanudaX_BSSNMoL...Success -> active implementation CanudaX_BSSNMoL
Activating thorn CanudaX_ExactID...Success -> active implementation CanudaX_ExactID
Activating thorn CarpetX...Success -> active implementation Driver
Activating thorn CarpetXRegrid...Success -> active implementation CarpetXRegrid
Activating thorn CMake...Success -> active implementation CMake
Activating thorn HDF5...Success -> active implementation HDF5
Activating thorn hwloc...Success -> active implementation hwloc
Activating thorn IOUtil...Success -> active implementation IO
Activating thorn Loop...Success -> active implementation Loop
Activating thorn MPI...Success -> active implementation MPI
Activating thorn NSIMD...Success -> active implementation NSIMD
Activating thorn ODESolvers...Success -> active implementation ODESolvers
Activating thorn openPMD...Success -> active implementation openPMD
Activating thorn Silo...Success -> active implementation Silo
Activating thorn TmunuBaseX...Success -> active implementation TmunuBaseX
Activating thorn yaml_cpp...Success -> active implementation yaml_cpp
Activating thorn zlib...Success -> active implementation zlib
--------------------------------------------------------------------------------
  if (recover initial data)
    Recover parameters
  endif

  Startup routines
    [CCTK_STARTUP]
      CarpetX::Driver_Startup: Start up the driver
      IOUtil::IOUtil_Startup: Startup routine
      GROUP hwloc_startup: hwloc startup group
        hwloc::hwloc_version: Output hwloc version

  Startup routines which need an existing grid hierarchy
    [CCTK_WRAGH]
      Arith::Test_smallvector: [meta] Test small vectors
      Arith::Test_spvect: [meta] Test sparse vectors
      ODESolvers::ODESolvers_InitConstants: [global] Set up dummy loop counters for schedule printout
  Parameter checking routines
    [CCTK_PARAMCHECK]
      CanudaX_BSSNMoL::CanudaX_BSSNMoL_paramcheck: Check CanudaX_BSSNMoL parameters for consistency

  Initialisation
    if (NOT (recover initial data AND recovery_mode is 'strict'))
      [CCTK_PREREGRIDINITIAL]
      Set up grid hierarchy
      [CCTK_POSTREGRIDINITIAL]
      [CCTK_BASEGRID]
        CarpetXRegrid::CarpetXRegrid_InitError: Initialize regridding error to zero
        GROUP ODESolvers_BaseGrid: Set up constants (e.g. coordinates) everywhere on the grid
      [CCTK_INITIAL]
        GROUP TmunuBaseX_SetTmunuVars: Schedule group for setting T_munu
          TmunuBaseX::TmunuBaseX_ZeroTmunu: Set T_munu to zero
          GROUP TmunuBaseX_AddToTmunu: Add to T_munu here
        GROUP ODESolvers_Initial: Set up initial conditions on interior of state vector
          GROUP ADMBaseX_InitialData: Schedule group for calculating ADM initial data
            GROUP CanudaX_ExactIDGroup: CanudaX_ExactID group for setting up initial data
              CanudaX_ExactID::CanudaX_ExactID_GaugeWave: [local] Create gauge wave initial data
          GROUP ADMBaseX_InitialGauge: Schedule group for the ADM initial gauge condition
            ADMBaseX::ADMBaseX_initial_dtlapse: Set dtlapse to zero
            ADMBaseX::ADMBaseX_initial_dtshift: Set dtshift to zero
          GROUP ADMBaseX_PostInitial: Schedule group for modifying the ADM initial data, such as e.g. adding noise
        GROUP CanudaX_BSSNMoL_InitialGroup: CanudaX_BSSNMoL: initial bin
          CanudaX_BSSNMoL::CanudaX_BSSNMoL_adm2bssn: [local] Convert initial data into BSSN variables
          CanudaX_BSSNMoL::CanudaX_BSSNMoL_gammat: [local] Set Gammat initial data
      [CCTK_POSTINITIAL]
        GROUP ODESolvers_PostStep: Apply boundary conditions to state vector, and project if necessary
          GROUP CanudaX_BSSNMoL_PostStepGroup: CanudaX_BSSNMoL: post-step operations
            CanudaX_BSSNMoL::CanudaX_BSSNMoL_impose_conf_fac_floor: Make sure conformal factor does not drop below specified value
            CanudaX_BSSNMoL::CanudaX_BSSNMoL_reset_detmetric: reset dethh = 1
            CanudaX_BSSNMoL::CanudaX_BSSNMoL_remove_trA: Remove trace of A
            CanudaX_BSSNMoL::CanudaX_BSSNMoL_sync: [global] Sync state vector
            CanudaX_BSSNMoL::CanudaX_BSSNMoL_bssn2adm: [local] Convert variables back to the ADM ones
          GROUP ADMBaseX_SetADMRHS: Set ADM RHS variables in this group
          GROUP ADMBaseX_SetADMVars: Set ADM variables in this group
          GROUP TmunuBaseX_SetTmunuVars: Schedule group for setting T_munu
            TmunuBaseX::TmunuBaseX_ZeroTmunu: Set T_munu to zero
            GROUP TmunuBaseX_AddToTmunu: Add to T_munu here
        GROUP ODESolvers_EstimateError: Estimate discretization error (for regridding)
      Initialise finer grids recursively
      Restrict from finer grids
      [CCTK_POSTRESTRICTINITIAL]
      [CCTK_POSTPOSTINITIAL]
      [CCTK_POSTSTEP]
        GROUP ODESolvers_EstimateError: Estimate discretization error (for regridding)
    endif
    if (recover initial data)
      [CCTK_BASEGRID]
        CarpetXRegrid::CarpetXRegrid_InitError: Initialize regridding error to zero
        GROUP ODESolvers_BaseGrid: Set up constants (e.g. coordinates) everywhere on the grid
      [CCTK_RECOVER_VARIABLES]
      [CCTK_POST_RECOVER_VARIABLES]
        GROUP ODESolvers_PostStep: Apply boundary conditions to state vector, and project if necessary
          GROUP CanudaX_BSSNMoL_PostStepGroup: CanudaX_BSSNMoL: post-step operations
            CanudaX_BSSNMoL::CanudaX_BSSNMoL_impose_conf_fac_floor: Make sure conformal factor does not drop below specified value
            CanudaX_BSSNMoL::CanudaX_BSSNMoL_reset_detmetric: reset dethh = 1
            CanudaX_BSSNMoL::CanudaX_BSSNMoL_remove_trA: Remove trace of A
            CanudaX_BSSNMoL::CanudaX_BSSNMoL_sync: [global] Sync state vector
            CanudaX_BSSNMoL::CanudaX_BSSNMoL_bssn2adm: [local] Convert variables back to the ADM ones
          GROUP ADMBaseX_SetADMRHS: Set ADM RHS variables in this group
          GROUP ADMBaseX_SetADMVars: Set ADM variables in this group
          GROUP TmunuBaseX_SetTmunuVars: Schedule group for setting T_munu
            TmunuBaseX::TmunuBaseX_ZeroTmunu: Set T_munu to zero
            GROUP TmunuBaseX_AddToTmunu: Add to T_munu here
        GROUP ODESolvers_EstimateError: Estimate discretization error (for regridding)
    endif
    if (checkpoint initial data)
      [CCTK_CPINITIAL]
        CarpetX::CarpetX_CheckpointInitial: [meta] Checkpoint initial conditions
    endif
    if (analysis)
      [CCTK_ANALYSIS]
        CanudaX_BSSNMoL::CanudaX_BSSNMoL_bssn_constraints: Compute constraints
        GROUP ODESolvers_Analysis: Calculate analysis quantities everywhere
  endif
  Output grid variables

  do loop over timesteps
    [CCTK_PREREGRID]
    Change grid hierarchy
    [CCTK_POSTREGRID]
      GROUP ODESolvers_PostStep: Apply boundary conditions to state vector, and project if necessary
        GROUP CanudaX_BSSNMoL_PostStepGroup: CanudaX_BSSNMoL: post-step operations
          CanudaX_BSSNMoL::CanudaX_BSSNMoL_impose_conf_fac_floor: Make sure conformal factor does not drop below specified value
          CanudaX_BSSNMoL::CanudaX_BSSNMoL_reset_detmetric: reset dethh = 1
          CanudaX_BSSNMoL::CanudaX_BSSNMoL_remove_trA: Remove trace of A
          CanudaX_BSSNMoL::CanudaX_BSSNMoL_sync: [global] Sync state vector
          CanudaX_BSSNMoL::CanudaX_BSSNMoL_bssn2adm: [local] Convert variables back to the ADM ones
        GROUP ADMBaseX_SetADMRHS: Set ADM RHS variables in this group
        GROUP ADMBaseX_SetADMVars: Set ADM variables in this group
        GROUP TmunuBaseX_SetTmunuVars: Schedule group for setting T_munu
          TmunuBaseX::TmunuBaseX_ZeroTmunu: Set T_munu to zero
          GROUP TmunuBaseX_AddToTmunu: Add to T_munu here
    Rotate timelevels
    iteration = iteration+1
    t = t+dt
    [CCTK_PRESTEP]
    [CCTK_EVOL]
      ODESolvers::ODESolvers_Solve: [level] Solve ODEs
      while (ODESolvers::do_substeps)
        GROUP ODESolvers_CalledBySolve: Groups internally scheduled by ODESolvers_Solve
          GROUP ODESolvers_RHS: Evaluate the RHS for of state vector everywhere on the grid
            GROUP CanudaX_BSSNMoL_RHSGroup: CanudaX_BSSNMoL: calculate BSSN RHS
              CanudaX_BSSNMoL::CanudaX_BSSNMoL_calc_bssn_rhs: MoL RHS calculation
              CanudaX_BSSNMoL::CanudaX_BSSNMoL_apply_boundary_conditions: Apply radiative boundary conditions 
          GROUP ODESolvers_PostStep: Apply boundary conditions to state vector, and project if necessary
            GROUP CanudaX_BSSNMoL_PostStepGroup: CanudaX_BSSNMoL: post-step operations
              CanudaX_BSSNMoL::CanudaX_BSSNMoL_impose_conf_fac_floor: Make sure conformal factor does not drop below specified value
              CanudaX_BSSNMoL::CanudaX_BSSNMoL_reset_detmetric: reset dethh = 1
              CanudaX_BSSNMoL::CanudaX_BSSNMoL_remove_trA: Remove trace of A
              CanudaX_BSSNMoL::CanudaX_BSSNMoL_sync: [global] Sync state vector
              CanudaX_BSSNMoL::CanudaX_BSSNMoL_bssn2adm: [local] Convert variables back to the ADM ones
            GROUP ADMBaseX_SetADMRHS: Set ADM RHS variables in this group
            GROUP ADMBaseX_SetADMVars: Set ADM variables in this group
            GROUP TmunuBaseX_SetTmunuVars: Schedule group for setting T_munu
              TmunuBaseX::TmunuBaseX_ZeroTmunu: Set T_munu to zero
              GROUP TmunuBaseX_AddToTmunu: Add to T_munu here
      end while
    Evolve finer grids recursively
    Restrict from finer grids
    [CCTK_POSTRESTRICT]
      GROUP ODESolvers_PostStep: Apply boundary conditions to state vector, and project if necessary
        GROUP CanudaX_BSSNMoL_PostStepGroup: CanudaX_BSSNMoL: post-step operations
          CanudaX_BSSNMoL::CanudaX_BSSNMoL_impose_conf_fac_floor: Make sure conformal factor does not drop below specified value
          CanudaX_BSSNMoL::CanudaX_BSSNMoL_reset_detmetric: reset dethh = 1
          CanudaX_BSSNMoL::CanudaX_BSSNMoL_remove_trA: Remove trace of A
          CanudaX_BSSNMoL::CanudaX_BSSNMoL_sync: [global] Sync state vector
          CanudaX_BSSNMoL::CanudaX_BSSNMoL_bssn2adm: [local] Convert variables back to the ADM ones
        GROUP ADMBaseX_SetADMRHS: Set ADM RHS variables in this group
        GROUP ADMBaseX_SetADMVars: Set ADM variables in this group
        GROUP TmunuBaseX_SetTmunuVars: Schedule group for setting T_munu
          TmunuBaseX::TmunuBaseX_ZeroTmunu: Set T_munu to zero
          GROUP TmunuBaseX_AddToTmunu: Add to T_munu here
    [CCTK_POSTSTEP]
      GROUP ODESolvers_EstimateError: Estimate discretization error (for regridding)
    if (checkpoint)
      [CCTK_CHECKPOINT]
      CarpetX::CarpetX_Checkpoint: [meta] Checkpoint
    endif
    if (analysis)
      [CCTK_ANALYSIS]
      CanudaX_BSSNMoL::CanudaX_BSSNMoL_bssn_constraints: Compute constraints
      GROUP ODESolvers_Analysis: Calculate analysis quantities everywhere
    endif
    Output grid variables
    enddo

  Termination routines
    [CCTK_TERMINATE]
      CarpetX::CarpetX_CheckpointTerminate: [meta] Checkpoint before terminating

  Shutdown routines
    [CCTK_SHUTDOWN]
      CarpetX::Driver_Shutdown: [meta] Shut down the driver

  Routines run after changing the grid hierarchy:
    [CCTK_POSTREGRID]
      GROUP ODESolvers_PostStep: Apply boundary conditions to state vector, and project if necessary
        GROUP CanudaX_BSSNMoL_PostStepGroup: CanudaX_BSSNMoL: post-step operations
          CanudaX_BSSNMoL::CanudaX_BSSNMoL_impose_conf_fac_floor: Make sure conformal factor does not drop below specified value
          CanudaX_BSSNMoL::CanudaX_BSSNMoL_reset_detmetric: reset dethh = 1
          CanudaX_BSSNMoL::CanudaX_BSSNMoL_remove_trA: Remove trace of A
          CanudaX_BSSNMoL::CanudaX_BSSNMoL_sync: [global] Sync state vector
          CanudaX_BSSNMoL::CanudaX_BSSNMoL_bssn2adm: [local] Convert variables back to the ADM ones
        GROUP ADMBaseX_SetADMRHS: Set ADM RHS variables in this group
        GROUP ADMBaseX_SetADMVars: Set ADM variables in this group
        GROUP TmunuBaseX_SetTmunuVars: Schedule group for setting T_munu
          TmunuBaseX::TmunuBaseX_ZeroTmunu: Set T_munu to zero
          GROUP TmunuBaseX_AddToTmunu: Add to T_munu here
--------------------------------------------------------------------------------
INFO (hwloc): library version 2.10.0, API version 0x20800
--------------------------------------------------------------------------------

  [34m  ▕▏  [34m  ▕▏  [34m  ▕▏  [34m  ▕▏  [34m  ▕▏  [34m  ▕▏  [34m  ▕▏  [34m  ▕▏  [34m  ▕▏  [39m  
  [34m──██──[34m──██──[34m──██──[34m──██──[34m──██──[34m──██──[34m──██──[34m──██──[34m──██──[39m  
  [34m  ▕▏  [34m  ▕▏  [34m  ▕▏  [34m  ▕▏  [34m  ▕▏  [34m  ▕▏  [34m  ▕▏  [34m  ▕▏  [34m  ▕▏  [39m  
  [34m  ▕▏  [32m██████[34m  ▕▏  [34m  ▕▏  [32m██████[34m  ▕▏  [34m  ▕▏  [32m██████[34m  ▕▏  [39m  
  [34m──██──[32m██████[34m──██──[34m──██──[32m██████[34m──██──[34m──██──[32m██████[34m──██──[39m  
  [34m  ▕▏  [32m██████[34m  ▕▏  [34m  ▕▏  [32m██████[34m  ▕▏  [34m  ▕▏  [32m██████[34m  ▕▏  [39m  
  [34m  ▕▏  [34m  ▕▏  [34m  ▕▏  [34m  ▕▏  [34m  ▕▏  [34m  ▕▏  [34m  ▕▏  [34m  ▕▏  [34m  ▕▏  [39m  
  [34m──██──[34m──██──[34m──██──[34m──██──[34m──██──[34m──██──[34m──██──[34m──██──[34m──██──[39m  
  [34m  ▕▏  [34m  ▕▏  [34m  ▕▏  [34m  ▕▏  [34m  ▕▏  [34m  ▕▏  [34m  ▕▏  [34m  ▕▏  [34m  ▕▏  [39m  
  [34m  ▕▏  [34m  ▕▏  [34m  ▕▏  [31m██████[31m██████[31m██████[34m  ▕▏  [34m  ▕▏  [34m  ▕▏  [39m  
  [34m──██──[34m──██──[34m──██──[31m██████[31m██████[31m██████[34m──██──[34m──██──[34m──██──[39m  
  [34m  ▕▏  [34m  ▕▏  [34m  ▕▏  [31m██████[31m██████[31m██████[34m  ▕▏  [34m  ▕▏  [34m  ▕▏  [39m  
  [34m  ▕▏  [32m██████[34m  ▕▏  [31m██████[31m██████[31m██████[34m  ▕▏  [32m██████[34m  ▕▏  [39m  
  [34m──██──[32m██████[34m──██──[31m██████[31m██████[31m██████[34m──██──[32m██████[34m──██──[39m  
  [34m  ▕▏  [32m██████[34m  ▕▏  [31m██████[31m██████[31m██████[34m  ▕▏  [32m██████[34m  ▕▏  [39m  
  [34m  ▕▏  [34m  ▕▏  [34m  ▕▏  [31m██████[31m██████[31m██████[34m  ▕▏  [34m  ▕▏  [34m  ▕▏  [39m  
  [34m──██──[34m──██──[34m──██──[31m██████[31m██████[31m██████[34m──██──[34m──██──[34m──██──[39m  
  [34m  ▕▏  [34m  ▕▏  [34m  ▕▏  [31m██████[31m██████[31m██████[34m  ▕▏  [34m  ▕▏  [34m  ▕▏  [39m  
  [34m  ▕▏  [34m  ▕▏  [34m  ▕▏  [34m  ▕▏  [34m  ▕▏  [34m  ▕▏  [34m  ▕▏  [34m  ▕▏  [34m  ▕▏  [39m  
  [34m──██──[34m──██──[34m──██──[34m──██──[34m──██──[34m──██──[34m──██──[34m──██──[34m──██──[39m  
  [34m  ▕▏  [34m  ▕▏  [34m  ▕▏  [34m  ▕▏  [34m  ▕▏  [34m  ▕▏  [34m  ▕▏  [34m  ▕▏  [34m  ▕▏  [39m  
  [34m  ▕▏  [32m██████[34m  ▕▏  [34m  ▕▏  [32m██████[34m  ▕▏  [34m  ▕▏  [32m██████[34m  ▕▏  [39m  
  [34m──██──[32m██████[34m──██──[34m──██──[32m██████[34m──██──[34m──██──[32m██████[34m──██──[39m  
  [34m  ▕▏  [32m██████[34m  ▕▏  [34m  ▕▏  [32m██████[34m  ▕▏  [34m  ▕▏  [32m██████[34m  ▕▏  [39m  
  [34m  ▕▏  [34m  ▕▏  [34m  ▕▏  [34m  ▕▏  [34m  ▕▏  [34m  ▕▏  [34m  ▕▏  [34m  ▕▏  [34m  ▕▏  [39m  
  [34m──██──[34m──██──[34m──██──[34m──██──[34m──██──[34m──██──[34m──██──[34m──██──[34m──██──[39m  
  [34m  ▕▏  [34m  ▕▏  [34m  ▕▏  [34m  ▕▏  [34m  ▕▏  [34m  ▕▏  [34m  ▕▏  [34m  ▕▏  [34m  ▕▏  [39m  

AMR driver provided by CarpetX,
using AMReX 25.11 (MPI, OpenMP, no accelerators, debug)
--------------------------------------------------------------------------------

Initializing AMReX (25.11)...
MPI initialized with 1 MPI processes
MPI initialized with thread support level 2
OMP initialized with 2 OMP threads
AMReX (25.11) initialized
INFO (CarpetX): 
Symmetries:
  lower x: periodic
  lower y: periodic
  lower z: periodic
  upper x: periodic
  upper y: periodic
  upper z: periodic
Default boundaries:
  lower x: symmetry_boundary
  lower y: symmetry_boundary
  lower z: symmetry_boundary
  upper x: symmetry_boundary
  upper y: symmetry_boundary
  upper z: symmetry_boundary
INFO (Arith): Test_smallvector
INFO (Arith): Test_spvect
INFO (CarpetX): Setting initial values for max_grid_size values for all levels
INFO (CarpetX): Setting up initial conditions...
INFO (CarpetX): Iteration: 0   time: 0   delta_time: 0.00390625
INFO (CarpetX): Patch 0:
INFO (CarpetX):   Grid extent:
INFO (CarpetX):     gsh=[71,15,15]
INFO (CarpetX):     blocking_factor=[8,8,8]
INFO (CarpetX):     max_grid_size=[10000000,10000000,10000000]
INFO (CarpetX):     max_tile_size=[1024000,16,32]
INFO (CarpetX):   Domain extent:
INFO (CarpetX):     xmin=[-0.5,-0.0625,-0.0625]
INFO (CarpetX):     xmax=[0.5,0.0625,0.0625]
INFO (CarpetX):     base dx=[0.015625,0.015625,0.015625]
INFO (CarpetX): Initializing level 0...
INFO (CanudaX_ExactID): Begin Gauge Wave initial data
INFO (CanudaX_ExactID): === End gauge wave initial data ===
INFO (CarpetX): Regridding...
INFO (CarpetX):   level 0: 1 boxes, 4096 cells (100%)
INFO (CarpetX): Initialized 1 levels
INFO (CarpetX): OutputGH: iteration 0, time 0.000000, run time 1 s
INFO (CarpetX): OutputGH done.
INFO (CarpetX): Starting evolution...
INFO (ODESolvers): ODE integrator is RK4
INFO (CarpetX): OutputGH: iteration 1, time 0.003906, run time 2 s
INFO (CarpetX): OutputGH done.
INFO (CarpetX): Simulation time: 0.00390625   Iterations per second: 14.5875   Simulation time per second: 0.0569825
INFO (CarpetX): Grid cells: 4096   Grid cell updates per second: 59750.5
INFO (CarpetX): Performance:
INFO (CarpetX):   total evolution time:            0.0685518 sec
INFO (CarpetX):   total evolution compute time:    0.0685449 sec
INFO (CarpetX):   total evolution output time:     6.91414e-06 sec
INFO (CarpetX):   total iterations:                1
INFO (CarpetX):   total cells updated:             4096
INFO (CarpetX):   average iterations per second: 14.5875
INFO (CarpetX):   average cell updates per second: 59750.5
INFO (CarpetX): OutputGH: iteration 2, time 0.007812, run time 2 s
INFO (CarpetX): OutputGH done.
INFO (CarpetX): Simulation time: 0.0078125   Iterations per second: 14.8593   Simulation time per second: 0.0580441
INFO (CarpetX): Grid cells: 4096   Grid cell updates per second: 60863.7
INFO (CarpetX): Performance:
INFO (CarpetX):   total evolution time:            0.134596 sec
INFO (CarpetX):   total evolution compute time:    0.134581 sec
INFO (CarpetX):   total evolution output time:     1.50204e-05 sec
INFO (CarpetX):   total iterations:                2
INFO (CarpetX):   total cells updated:             8192
INFO (CarpetX):   average iterations per second: 14.8593
INFO (CarpetX):   average cell updates per second: 60863.7
INFO (CarpetX): OutputGH: iteration 3, time 0.011719, run time 2 s
INFO (CarpetX): OutputGH done.
INFO (CarpetX): Simulation time: 0.0117188   Iterations per second: 14.8933   Simulation time per second: 0.058177
INFO (CarpetX): Grid cells: 4096   Grid cell updates per second: 61003
INFO (CarpetX): Performance:
INFO (CarpetX):   total evolution time:            0.201433 sec
INFO (CarpetX):   total evolution compute time:    0.201408 sec
INFO (CarpetX):   total evolution output time:     2.47955e-05 sec
INFO (CarpetX):   total iterations:                3
INFO (CarpetX):   total cells updated:             12288
INFO (CarpetX):   average iterations per second: 14.8933
INFO (CarpetX):   average cell updates per second: 61003
INFO (CarpetX): OutputGH: iteration 4, time 0.015625, run time 2 s
INFO (CarpetX): OutputGH done.
INFO (CarpetX): Simulation time: 0.015625   Iterations per second: 14.9454   Simulation time per second: 0.0583805
INFO (CarpetX): Grid cells: 4096   Grid cell updates per second: 61216.4
INFO (CarpetX): Performance:
INFO (CarpetX):   total evolution time:            0.267641 sec
INFO (CarpetX):   total evolution compute time:    0.267608 sec
INFO (CarpetX):   total evolution output time:     3.29018e-05 sec
INFO (CarpetX):   total iterations:                4
INFO (CarpetX):   total cells updated:             16384
INFO (CarpetX):   average iterations per second: 14.9454
INFO (CarpetX):   average cell updates per second: 61216.4
INFO (CarpetX): OutputGH: iteration 5, time 0.019531, run time 2 s
INFO (CarpetX): OutputGH done.
INFO (CarpetX): Simulation time: 0.0195312   Iterations per second: 14.9627   Simulation time per second: 0.0584481
INFO (CarpetX): Grid cells: 4096   Grid cell updates per second: 61287.3
INFO (CarpetX): Performance:
INFO (CarpetX):   total evolution time:            0.334164 sec
INFO (CarpetX):   total evolution compute time:    0.334123 sec
INFO (CarpetX):   total evolution output time:     4.1008e-05 sec
INFO (CarpetX):   total iterations:                5
INFO (CarpetX):   total cells updated:             20480
INFO (CarpetX):   average iterations per second: 14.9627
INFO (CarpetX):   average cell updates per second: 61287.3
INFO (CarpetX): OutputGH: iteration 6, time 0.023438, run time 2 s
INFO (CarpetX): OutputGH done.
INFO (CarpetX): Simulation time: 0.0234375   Iterations per second: 14.9682   Simulation time per second: 0.0584697
INFO (CarpetX): Grid cells: 4096   Grid cell updates per second: 61309.9
INFO (CarpetX): Performance:
INFO (CarpetX):   total evolution time:            0.400849 sec
INFO (CarpetX):   total evolution compute time:    0.400798 sec
INFO (CarpetX):   total evolution output time:     5.10216e-05 sec
INFO (CarpetX):   total iterations:                6
INFO (CarpetX):   total cells updated:             24576
INFO (CarpetX):   average iterations per second: 14.9682
INFO (CarpetX):   average cell updates per second: 61309.9
INFO (CarpetX): OutputGH: iteration 7, time 0.027344, run time 2 s
INFO (CarpetX): OutputGH done.
INFO (CarpetX): Simulation time: 0.0273438   Iterations per second: 14.9805   Simulation time per second: 0.0585176
INFO (CarpetX): Grid cells: 4096   Grid cell updates per second: 61360.2
INFO (CarpetX): Performance:
INFO (CarpetX):   total evolution time:            0.467274 sec
INFO (CarpetX):   total evolution compute time:    0.467213 sec
INFO (CarpetX):   total evolution output time:     6.10352e-05 sec
INFO (CarpetX):   total iterations:                7
INFO (CarpetX):   total cells updated:             28672
INFO (CarpetX):   average iterations per second: 14.9805
INFO (CarpetX):   average cell updates per second: 61360.2
INFO (CarpetX): OutputGH: iteration 8, time 0.031250, run time 2 s
INFO (CarpetX): OutputGH done.
INFO (CarpetX): Simulation time: 0.03125   Iterations per second: 14.9909   Simulation time per second: 0.0585582
INFO (CarpetX): Grid cells: 4096   Grid cell updates per second: 61402.7
INFO (CarpetX): Performance:
INFO (CarpetX):   total evolution time:            0.533657 sec
INFO (CarpetX):   total evolution compute time:    0.533587 sec
INFO (CarpetX):   total evolution output time:     7.00951e-05 sec
INFO (CarpetX):   total iterations:                8
INFO (CarpetX):   total cells updated:             32768
INFO (CarpetX):   average iterations per second: 14.9909
INFO (CarpetX):   average cell updates per second: 61402.7
INFO (CarpetX): OutputGH: iteration 9, time 0.035156, run time 2 s
INFO (CarpetX): OutputGH done.
INFO (CarpetX): Simulation time: 0.0351562   Iterations per second: 14.9995   Simulation time per second: 0.0585918
INFO (CarpetX): Grid cells: 4096   Grid cell updates per second: 61437.9
INFO (CarpetX): Performance:
INFO (CarpetX):   total evolution time:            0.60002 sec
INFO (CarpetX):   total evolution compute time:    0.599941 sec
INFO (CarpetX):   total evolution output time:     7.9155e-05 sec
INFO (CarpetX):   total iterations:                9
INFO (CarpetX):   total cells updated:             36864
INFO (CarpetX):   average iterations per second: 14.9995
INFO (CarpetX):   average cell updates per second: 61437.9
INFO (CarpetX): OutputGH: iteration 10, time 0.039062, run time 2 s
INFO (CarpetX): OutputGH done.
INFO (CarpetX): Simulation time: 0.0390625   Iterations per second: 15.0119   Simulation time per second: 0.0586403
INFO (CarpetX): Grid cells: 4096   Grid cell updates per second: 61488.9
INFO (CarpetX): Performance:
INFO (CarpetX):   total evolution time:            0.666137 sec
INFO (CarpetX):   total evolution compute time:    0.666035 sec
INFO (CarpetX):   total evolution output time:     0.000102043 sec
INFO (CarpetX):   total iterations:                10
INFO (CarpetX):   total cells updated:             40960
INFO (CarpetX):   average iterations per second: 15.0119
INFO (CarpetX):   average cell updates per second: 61488.9
INFO (CarpetX): OutputGH: iteration 11, time 0.042969, run time 2 s
INFO (CarpetX): OutputGH done.
INFO (CarpetX): Simulation time: 0.0429688   Iterations per second: 15.0218   Simulation time per second: 0.0586791
INFO (CarpetX): Grid cells: 4096   Grid cell updates per second: 61529.5
INFO (CarpetX): Performance:
INFO (CarpetX):   total evolution time:            0.732311 sec
INFO (CarpetX):   total evolution compute time:    0.7322 sec
INFO (CarpetX):   total evolution output time:     0.000111103 sec
INFO (CarpetX):   total iterations:                11
INFO (CarpetX):   total cells updated:             45056
INFO (CarpetX):   average iterations per second: 15.0209
INFO (CarpetX):   average cell updates per second: 61525.8
INFO (CarpetX): OutputGH: iteration 12, time 0.046875, run time 3 s
INFO (CarpetX): OutputGH done.
INFO (CarpetX): Simulation time: 0.046875   Iterations per second: 15.0302   Simulation time per second: 0.0587117
INFO (CarpetX): Grid cells: 4096   Grid cell updates per second: 61563.7
INFO (CarpetX): Performance:
INFO (CarpetX):   total evolution time:            0.798511 sec
INFO (CarpetX):   total evolution compute time:    0.798394 sec
INFO (CarpetX):   total evolution output time:     0.000117302 sec
INFO (CarpetX):   total iterations:                12
INFO (CarpetX):   total cells updated:             49152
INFO (CarpetX):   average iterations per second: 15.028
INFO (CarpetX):   average cell updates per second: 61554.6
INFO (CarpetX): OutputGH: iteration 13, time 0.050781, run time 3 s
INFO (CarpetX): OutputGH done.
INFO (CarpetX): Simulation time: 0.0507812   Iterations per second: 15.0358   Simulation time per second: 0.0587335
INFO (CarpetX): Grid cells: 4096   Grid cell updates per second: 61586.6
INFO (CarpetX): Performance:
INFO (CarpetX):   total evolution time:            0.864796 sec
INFO (CarpetX):   total evolution compute time:    0.864671 sec
INFO (CarpetX):   total evolution output time:     0.000125408 sec
INFO (CarpetX):   total iterations:                13
INFO (CarpetX):   total cells updated:             53248
INFO (CarpetX):   average iterations per second: 15.0324
INFO (CarpetX):   average cell updates per second: 61572.9
INFO (CarpetX): OutputGH: iteration 14, time 0.054688, run time 3 s
INFO (CarpetX): OutputGH done.
INFO (CarpetX): Simulation time: 0.0546875   Iterations per second: 15.0458   Simulation time per second: 0.0587726
INFO (CarpetX): Grid cells: 4096   Grid cell updates per second: 61627.5
INFO (CarpetX): Performance:
INFO (CarpetX):   total evolution time:            0.930862 sec
INFO (CarpetX):   total evolution compute time:    0.930729 sec
INFO (CarpetX):   total evolution output time:     0.000133276 sec
INFO (CarpetX):   total iterations:                14
INFO (CarpetX):   total cells updated:             57344
INFO (CarpetX):   average iterations per second: 15.0398
INFO (CarpetX):   average cell updates per second: 61603.1
INFO (CarpetX): OutputGH: iteration 15, time 0.058594, run time 3 s
INFO (CarpetX): OutputGH done.
INFO (CarpetX): Simulation time: 0.0585938   Iterations per second: 15.0587   Simulation time per second: 0.058823
INFO (CarpetX): Grid cells: 4096   Grid cell updates per second: 61680.4
INFO (CarpetX): Performance:
INFO (CarpetX):   total evolution time:            0.996756 sec
INFO (CarpetX):   total evolution compute time:    0.996614 sec
INFO (CarpetX):   total evolution output time:     0.000142336 sec
INFO (CarpetX):   total iterations:                15
INFO (CarpetX):   total cells updated:             61440
INFO (CarpetX):   average iterations per second: 15.0488
INFO (CarpetX):   average cell updates per second: 61640
INFO (CarpetX): OutputGH: iteration 16, time 0.062500, run time 3 s
INFO (CarpetX): OutputGH done.
INFO (CarpetX): Simulation time: 0.0625   Iterations per second: 15.0688   Simulation time per second: 0.0588626
INFO (CarpetX): Grid cells: 4096   Grid cell updates per second: 61721.9
INFO (CarpetX): Performance:
INFO (CarpetX):   total evolution time:            1.06272 sec
INFO (CarpetX):   total evolution compute time:    1.06257 sec
INFO (CarpetX):   total evolution output time:     0.000150442 sec
INFO (CarpetX):   total iterations:                16
INFO (CarpetX):   total cells updated:             65536
INFO (CarpetX):   average iterations per second: 15.0558
INFO (CarpetX):   average cell updates per second: 61668.4
INFO (CarpetX): OutputGH: iteration 17, time 0.066406, run time 3 s
INFO (CarpetX): OutputGH done.
INFO (CarpetX): Simulation time: 0.0664062   Iterations per second: 15.0817   Simulation time per second: 0.058913
INFO (CarpetX): Grid cells: 4096   Grid cell updates per second: 61774.7
INFO (CarpetX): Performance:
INFO (CarpetX):   total evolution time:            1.12851 sec
INFO (CarpetX):   total evolution compute time:    1.12835 sec
INFO (CarpetX):   total evolution output time:     0.000159502 sec
INFO (CarpetX):   total iterations:                17
INFO (CarpetX):   total cells updated:             69632
INFO (CarpetX):   average iterations per second: 15.0641
INFO (CarpetX):   average cell updates per second: 61702.5
INFO (CarpetX): OutputGH: iteration 18, time 0.070312, run time 3 s
INFO (CarpetX): OutputGH done.
INFO (CarpetX): Simulation time: 0.0703125   Iterations per second: 15.0871   Simulation time per second: 0.058934
INFO (CarpetX): Grid cells: 4096   Grid cell updates per second: 61796.7
INFO (CarpetX): Performance:
INFO (CarpetX):   total evolution time:            1.19458 sec
INFO (CarpetX):   total evolution compute time:    1.19441 sec
INFO (CarpetX):   total evolution output time:     0.000168562 sec
INFO (CarpetX):   total iterations:                18
INFO (CarpetX):   total cells updated:             73728
INFO (CarpetX):   average iterations per second: 15.0681
INFO (CarpetX):   average cell updates per second: 61718.7
INFO (CarpetX): OutputGH: iteration 19, time 0.074219, run time 3 s
INFO (CarpetX): OutputGH done.
INFO (CarpetX): Simulation time: 0.0742188   Iterations per second: 15.091   Simulation time per second: 0.0589492
INFO (CarpetX): Grid cells: 4096   Grid cell updates per second: 61812.7
INFO (CarpetX): Performance:
INFO (CarpetX):   total evolution time:            1.26069 sec
INFO (CarpetX):   total evolution compute time:    1.26051 sec
INFO (CarpetX):   total evolution output time:     0.00017643 sec
INFO (CarpetX):   total iterations:                19
INFO (CarpetX):   total cells updated:             77824
INFO (CarpetX):   average iterations per second: 15.0711
INFO (CarpetX):   average cell updates per second: 61731.2
INFO (CarpetX): OutputGH: iteration 20, time 0.078125, run time 3 s
INFO (CarpetX): OutputGH done.
INFO (CarpetX): Simulation time: 0.078125   Iterations per second: 15.0971   Simulation time per second: 0.058973
INFO (CarpetX): Grid cells: 4096   Grid cell updates per second: 61837.7
INFO (CarpetX): Performance:
INFO (CarpetX):   total evolution time:            1.32669 sec
INFO (CarpetX):   total evolution compute time:    1.3265 sec
INFO (CarpetX):   total evolution output time:     0.000184298 sec
INFO (CarpetX):   total iterations:                20
INFO (CarpetX):   total cells updated:             81920
INFO (CarpetX):   average iterations per second: 15.0751
INFO (CarpetX):   average cell updates per second: 61747.7
INFO (CarpetX): OutputGH: iteration 21, time 0.082031, run time 3 s
INFO (CarpetX): OutputGH done.
INFO (CarpetX): Simulation time: 0.0820312   Iterations per second: 15.0969   Simulation time per second: 0.0589722
INFO (CarpetX): Grid cells: 4096   Grid cell updates per second: 61836.8
INFO (CarpetX): Performance:
INFO (CarpetX):   total evolution time:            1.39294 sec
INFO (CarpetX):   total evolution compute time:    1.39274 sec
INFO (CarpetX):   total evolution output time:     0.000194311 sec
INFO (CarpetX):   total iterations:                21
INFO (CarpetX):   total cells updated:             86016
INFO (CarpetX):   average iterations per second: 15.0761
INFO (CarpetX):   average cell updates per second: 61751.6
INFO (CarpetX): OutputGH: iteration 22, time 0.085938, run time 3 s
INFO (CarpetX): OutputGH done.
INFO (CarpetX): Simulation time: 0.0859375   Iterations per second: 15.0946   Simulation time per second: 0.0589635
INFO (CarpetX): Grid cells: 4096   Grid cell updates per second: 61827.7
INFO (CarpetX): Performance:
INFO (CarpetX):   total evolution time:            1.45927 sec
INFO (CarpetX):   total evolution compute time:    1.45907 sec
INFO (CarpetX):   total evolution output time:     0.000203371 sec
INFO (CarpetX):   total iterations:                22
INFO (CarpetX):   total cells updated:             90112
INFO (CarpetX):   average iterations per second: 15.076
INFO (CarpetX):   average cell updates per second: 61751.3
INFO (CarpetX): OutputGH: iteration 23, time 0.089844, run time 3 s
INFO (CarpetX): OutputGH done.
INFO (CarpetX): Simulation time: 0.0898438   Iterations per second: 15.1029   Simulation time per second: 0.0589958
INFO (CarpetX): Grid cells: 4096   Grid cell updates per second: 61861.6
INFO (CarpetX): Performance:
INFO (CarpetX):   total evolution time:            1.52516 sec
INFO (CarpetX):   total evolution compute time:    1.52495 sec
INFO (CarpetX):   total evolution output time:     0.000212431 sec
INFO (CarpetX):   total iterations:                23
INFO (CarpetX):   total cells updated:             94208
INFO (CarpetX):   average iterations per second: 15.0804
INFO (CarpetX):   average cell updates per second: 61769.4
INFO (CarpetX): OutputGH: iteration 24, time 0.093750, run time 3 s
INFO (CarpetX): OutputGH done.
INFO (CarpetX): Simulation time: 0.09375   Iterations per second: 15.1066   Simulation time per second: 0.05901
INFO (CarpetX): Grid cells: 4096   Grid cell updates per second: 61876.5
INFO (CarpetX): Performance:
INFO (CarpetX):   total evolution time:            1.59121 sec
INFO (CarpetX):   total evolution compute time:    1.59099 sec
INFO (CarpetX):   total evolution output time:     0.000221491 sec
INFO (CarpetX):   total iterations:                24
INFO (CarpetX):   total cells updated:             98304
INFO (CarpetX):   average iterations per second: 15.0829
INFO (CarpetX):   average cell updates per second: 61779.4
INFO (CarpetX): OutputGH: iteration 25, time 0.097656, run time 3 s
INFO (CarpetX): OutputGH done.
INFO (CarpetX): Simulation time: 0.0976562   Iterations per second: 15.1112   Simulation time per second: 0.0590283
INFO (CarpetX): Grid cells: 4096   Grid cell updates per second: 61895.7
INFO (CarpetX): Performance:
INFO (CarpetX):   total evolution time:            1.6572 sec
INFO (CarpetX):   total evolution compute time:    1.65697 sec
INFO (CarpetX):   total evolution output time:     0.000230312 sec
INFO (CarpetX):   total iterations:                25
INFO (CarpetX):   total cells updated:             102400
INFO (CarpetX):   average iterations per second: 15.0857
INFO (CarpetX):   average cell updates per second: 61790.9
INFO (CarpetX): OutputGH: iteration 26, time 0.101562, run time 3 s
INFO (CarpetX): OutputGH done.
INFO (CarpetX): Simulation time: 0.101562   Iterations per second: 15.1084   Simulation time per second: 0.0590171
INFO (CarpetX): Grid cells: 4096   Grid cell updates per second: 61884
INFO (CarpetX): Performance:
INFO (CarpetX):   total evolution time:            1.7235 sec
INFO (CarpetX):   total evolution compute time:    1.72326 sec
INFO (CarpetX):   total evolution output time:     0.000240326 sec
INFO (CarpetX):   total iterations:                26
INFO (CarpetX):   total cells updated:             106496
INFO (CarpetX):   average iterations per second: 15.0856
INFO (CarpetX):   average cell updates per second: 61790.4
INFO (CarpetX): OutputGH: iteration 27, time 0.105469, run time 4 s
INFO (CarpetX): OutputGH done.
INFO (CarpetX): Simulation time: 0.105469   Iterations per second: 15.1099   Simulation time per second: 0.0590231
INFO (CarpetX): Grid cells: 4096   Grid cell updates per second: 61890.2
INFO (CarpetX): Performance:
INFO (CarpetX):   total evolution time:            1.78962 sec
INFO (CarpetX):   total evolution compute time:    1.78938 sec
INFO (CarpetX):   total evolution output time:     0.000249386 sec
INFO (CarpetX):   total iterations:                27
INFO (CarpetX):   total cells updated:             110592
INFO (CarpetX):   average iterations per second: 15.087
INFO (CarpetX):   average cell updates per second: 61796.2
INFO (CarpetX): OutputGH: iteration 28, time 0.109375, run time 4 s
INFO (CarpetX): OutputGH done.
INFO (CarpetX): Simulation time: 0.109375   Iterations per second: 15.1122   Simulation time per second: 0.059032
INFO (CarpetX): Grid cells: 4096   Grid cell updates per second: 61899.5
INFO (CarpetX): Performance:
INFO (CarpetX):   total evolution time:            1.85571 sec
INFO (CarpetX):   total evolution compute time:    1.85545 sec
INFO (CarpetX):   total evolution output time:     0.000259399 sec
INFO (CarpetX):   total iterations:                28
INFO (CarpetX):   total cells updated:             114688
INFO (CarpetX):   average iterations per second: 15.0886
INFO (CarpetX):   average cell updates per second: 61802.9
INFO (CarpetX): OutputGH: iteration 29, time 0.113281, run time 4 s
INFO (CarpetX): OutputGH done.
INFO (CarpetX): Simulation time: 0.113281   Iterations per second: 15.118   Simulation time per second: 0.0590546
INFO (CarpetX): Grid cells: 4096   Grid cell updates per second: 61923.2
INFO (CarpetX): Performance:
INFO (CarpetX):   total evolution time:            1.92162 sec
INFO (CarpetX):   total evolution compute time:    1.92136 sec
INFO (CarpetX):   total evolution output time:     0.000268221 sec
INFO (CarpetX):   total iterations:                29
INFO (CarpetX):   total cells updated:             118784
INFO (CarpetX):   average iterations per second: 15.0914
INFO (CarpetX):   average cell updates per second: 61814.4
INFO (CarpetX): OutputGH: iteration 30, time 0.117188, run time 4 s
INFO (CarpetX): OutputGH done.
INFO (CarpetX): Simulation time: 0.117188   Iterations per second: 15.1157   Simulation time per second: 0.0590459
INFO (CarpetX): Grid cells: 4096   Grid cell updates per second: 61914.1
INFO (CarpetX): Performance:
INFO (CarpetX):   total evolution time:            1.98787 sec
INFO (CarpetX):   total evolution compute time:    1.98759 sec
INFO (CarpetX):   total evolution output time:     0.000279188 sec
INFO (CarpetX):   total iterations:                30
INFO (CarpetX):   total cells updated:             122880
INFO (CarpetX):   average iterations per second: 15.0915
INFO (CarpetX):   average cell updates per second: 61814.9
INFO (CarpetX): OutputGH: iteration 31, time 0.121094, run time 4 s
INFO (CarpetX): OutputGH done.
INFO (CarpetX): Simulation time: 0.121094   Iterations per second: 15.1233   Simulation time per second: 0.0590755
INFO (CarpetX): Grid cells: 4096   Grid cell updates per second: 61945.1
INFO (CarpetX): Performance:
INFO (CarpetX):   total evolution time:            2.05369 sec
INFO (CarpetX):   total evolution compute time:    2.05341 sec
INFO (CarpetX):   total evolution output time:     0.000285149 sec
INFO (CarpetX):   total iterations:                31
INFO (CarpetX):   total cells updated:             126976
INFO (CarpetX):   average iterations per second: 15.0948
INFO (CarpetX):   average cell updates per second: 61828.1
INFO (CarpetX): OutputGH: iteration 32, time 0.125000, run time 4 s
INFO (CarpetX): OutputGH done.
INFO (CarpetX): Simulation time: 0.125   Iterations per second: 15.1261   Simulation time per second: 0.0590864
INFO (CarpetX): Grid cells: 4096   Grid cell updates per second: 61956.6
INFO (CarpetX): Performance:
INFO (CarpetX):   total evolution time:            2.11969 sec
INFO (CarpetX):   total evolution compute time:    2.1194 sec
INFO (CarpetX):   total evolution output time:     0.000293016 sec
INFO (CarpetX):   total iterations:                32
INFO (CarpetX):   total cells updated:             131072
INFO (CarpetX):   average iterations per second: 15.0965
INFO (CarpetX):   average cell updates per second: 61835.3
INFO (CarpetX): OutputGH: iteration 33, time 0.128906, run time 4 s
INFO (CarpetX): OutputGH done.
INFO (CarpetX): Simulation time: 0.128906   Iterations per second: 15.1291   Simulation time per second: 0.0590981
INFO (CarpetX): Grid cells: 4096   Grid cell updates per second: 61968.8
INFO (CarpetX): Performance:
INFO (CarpetX):   total evolution time:            2.18567 sec
INFO (CarpetX):   total evolution compute time:    2.18537 sec
INFO (CarpetX):   total evolution output time:     0.000300884 sec
INFO (CarpetX):   total iterations:                33
INFO (CarpetX):   total cells updated:             135168
INFO (CarpetX):   average iterations per second: 15.0983
INFO (CarpetX):   average cell updates per second: 61842.7
INFO (CarpetX): OutputGH: iteration 34, time 0.132812, run time 4 s
INFO (CarpetX): OutputGH done.
INFO (CarpetX): Simulation time: 0.132812   Iterations per second: 15.1352   Simulation time per second: 0.0591217
INFO (CarpetX): Grid cells: 4096   Grid cell updates per second: 61993.6
INFO (CarpetX): Performance:
INFO (CarpetX):   total evolution time:            2.25151 sec
INFO (CarpetX):   total evolution compute time:    2.2512 sec
INFO (CarpetX):   total evolution output time:     0.000307083 sec
INFO (CarpetX):   total iterations:                34
INFO (CarpetX):   total cells updated:             139264
INFO (CarpetX):   average iterations per second: 15.101
INFO (CarpetX):   average cell updates per second: 61853.7
INFO (CarpetX): OutputGH: iteration 35, time 0.136719, run time 4 s
INFO (CarpetX): OutputGH done.
INFO (CarpetX): Simulation time: 0.136719   Iterations per second: 15.1416   Simulation time per second: 0.059147
INFO (CarpetX): Grid cells: 4096   Grid cell updates per second: 62020.1
INFO (CarpetX): Performance:
INFO (CarpetX):   total evolution time:            2.3173 sec
INFO (CarpetX):   total evolution compute time:    2.31698 sec
INFO (CarpetX):   total evolution output time:     0.000313997 sec
INFO (CarpetX):   total iterations:                35
INFO (CarpetX):   total cells updated:             143360
INFO (CarpetX):   average iterations per second: 15.1038
INFO (CarpetX):   average cell updates per second: 61865.2
INFO (CarpetX): OutputGH: iteration 36, time 0.140625, run time 4 s
INFO (CarpetX): OutputGH done.
INFO (CarpetX): Simulation time: 0.140625   Iterations per second: 15.1364   Simulation time per second: 0.0591265
INFO (CarpetX): Grid cells: 4096   Grid cell updates per second: 61998.7
INFO (CarpetX): Performance:
INFO (CarpetX):   total evolution time:            2.38357 sec
INFO (CarpetX):   total evolution compute time:    2.38325 sec
INFO (CarpetX):   total evolution output time:     0.000323057 sec
INFO (CarpetX):   total iterations:                36
INFO (CarpetX):   total cells updated:             147456
INFO (CarpetX):   average iterations per second: 15.1034
INFO (CarpetX):   average cell updates per second: 61863.5
INFO (CarpetX): OutputGH: iteration 37, time 0.144531, run time 4 s
INFO (CarpetX): OutputGH done.
INFO (CarpetX): Simulation time: 0.144531   Iterations per second: 15.1405   Simulation time per second: 0.0591427
INFO (CarpetX): Grid cells: 4096   Grid cell updates per second: 62015.6
INFO (CarpetX): Performance:
INFO (CarpetX):   total evolution time:            2.44945 sec
INFO (CarpetX):   total evolution compute time:    2.44912 sec
INFO (CarpetX):   total evolution output time:     0.000331163 sec
INFO (CarpetX):   total iterations:                37
INFO (CarpetX):   total cells updated:             151552
INFO (CarpetX):   average iterations per second: 15.1054
INFO (CarpetX):   average cell updates per second: 61871.7
INFO (CarpetX): OutputGH: iteration 38, time 0.148438, run time 4 s
INFO (CarpetX): OutputGH done.
INFO (CarpetX): Simulation time: 0.148438   Iterations per second: 15.1378   Simulation time per second: 0.0591321
INFO (CarpetX): Grid cells: 4096   Grid cell updates per second: 62004.5
INFO (CarpetX): Performance:
INFO (CarpetX):   total evolution time:            2.51562 sec
INFO (CarpetX):   total evolution compute time:    2.51528 sec
INFO (CarpetX):   total evolution output time:     0.000341177 sec
INFO (CarpetX):   total iterations:                38
INFO (CarpetX):   total cells updated:             155648
INFO (CarpetX):   average iterations per second: 15.1056
INFO (CarpetX):   average cell updates per second: 61872.6
INFO (CarpetX): OutputGH: iteration 39, time 0.152344, run time 4 s
INFO (CarpetX): OutputGH done.
INFO (CarpetX): Simulation time: 0.152344   Iterations per second: 15.1449   Simulation time per second: 0.0591597
INFO (CarpetX): Grid cells: 4096   Grid cell updates per second: 62033.4
INFO (CarpetX): Performance:
INFO (CarpetX):   total evolution time:            2.58137 sec
INFO (CarpetX):   total evolution compute time:    2.58102 sec
INFO (CarpetX):   total evolution output time:     0.00034833 sec
INFO (CarpetX):   total iterations:                39
INFO (CarpetX):   total cells updated:             159744
INFO (CarpetX):   average iterations per second: 15.1082
INFO (CarpetX):   average cell updates per second: 61883.4
INFO (CarpetX): OutputGH: iteration 40, time 0.156250, run time 4 s
INFO (CarpetX): OutputGH done.
INFO (CarpetX): Simulation time: 0.15625   Iterations per second: 15.1448   Simulation time per second: 0.0591592
INFO (CarpetX): Grid cells: 4096   Grid cell updates per second: 62033
INFO (CarpetX): Performance:
INFO (CarpetX):   total evolution time:            2.64741 sec
INFO (CarpetX):   total evolution compute time:    2.64705 sec
INFO (CarpetX):   total evolution output time:     0.000357389 sec
INFO (CarpetX):   total iterations:                40
INFO (CarpetX):   total cells updated:             163840
INFO (CarpetX):   average iterations per second: 15.1091
INFO (CarpetX):   average cell updates per second: 61887
INFO (CarpetX): OutputGH: iteration 41, time 0.160156, run time 4 s
INFO (CarpetX): OutputGH done.
INFO (CarpetX): Simulation time: 0.160156   Iterations per second: 15.1414   Simulation time per second: 0.0591463
INFO (CarpetX): Grid cells: 4096   Grid cell updates per second: 62019.4
INFO (CarpetX): Performance:
INFO (CarpetX):   total evolution time:            2.71358 sec
INFO (CarpetX):   total evolution compute time:    2.71321 sec
INFO (CarpetX):   total evolution output time:     0.000366449 sec
INFO (CarpetX):   total iterations:                41
INFO (CarpetX):   total cells updated:             167936
INFO (CarpetX):   average iterations per second: 15.1092
INFO (CarpetX):   average cell updates per second: 61887.2
INFO (CarpetX): OutputGH: iteration 42, time 0.164062, run time 5 s
INFO (CarpetX): OutputGH done.
INFO (CarpetX): Simulation time: 0.164062   Iterations per second: 15.1303   Simulation time per second: 0.0591026
INFO (CarpetX): Grid cells: 4096   Grid cell updates per second: 61973.6
INFO (CarpetX): Performance:
INFO (CarpetX):   total evolution time:            2.78011 sec
INFO (CarpetX):   total evolution compute time:    2.77974 sec
INFO (CarpetX):   total evolution output time:     0.000374556 sec
INFO (CarpetX):   total iterations:                42
INFO (CarpetX):   total cells updated:             172032
INFO (CarpetX):   average iterations per second: 15.1073
INFO (CarpetX):   average cell updates per second: 61879.5
INFO (CarpetX): OutputGH: iteration 43, time 0.167969, run time 5 s
INFO (CarpetX): OutputGH done.
INFO (CarpetX): Simulation time: 0.167969   Iterations per second: 15.1354   Simulation time per second: 0.0591226
INFO (CarpetX): Grid cells: 4096   Grid cell updates per second: 61994.6
INFO (CarpetX): Performance:
INFO (CarpetX):   total evolution time:            2.84598 sec
INFO (CarpetX):   total evolution compute time:    2.8456 sec
INFO (CarpetX):   total evolution output time:     0.000380516 sec
INFO (CarpetX):   total iterations:                43
INFO (CarpetX):   total cells updated:             176128
INFO (CarpetX):   average iterations per second: 15.109
INFO (CarpetX):   average cell updates per second: 61886.6
INFO (CarpetX): OutputGH: iteration 44, time 0.171875, run time 5 s
INFO (CarpetX): OutputGH done.
INFO (CarpetX): Simulation time: 0.171875   Iterations per second: 15.135   Simulation time per second: 0.059121
INFO (CarpetX): Grid cells: 4096   Grid cell updates per second: 61992.8
INFO (CarpetX): Performance:
INFO (CarpetX):   total evolution time:            2.91207 sec
INFO (CarpetX):   total evolution compute time:    2.91168 sec
INFO (CarpetX):   total evolution output time:     0.000388622 sec
INFO (CarpetX):   total iterations:                44
INFO (CarpetX):   total cells updated:             180224
INFO (CarpetX):   average iterations per second: 15.1095
INFO (CarpetX):   average cell updates per second: 61888.6
INFO (CarpetX): OutputGH: iteration 45, time 0.175781, run time 5 s
INFO (CarpetX): OutputGH done.
INFO (CarpetX): Simulation time: 0.175781   Iterations per second: 15.1381   Simulation time per second: 0.0591331
INFO (CarpetX): Grid cells: 4096   Grid cell updates per second: 62005.5
INFO (CarpetX): Performance:
INFO (CarpetX):   total evolution time:            2.97801 sec
INFO (CarpetX):   total evolution compute time:    2.97761 sec
INFO (CarpetX):   total evolution output time:     0.000394583 sec
INFO (CarpetX):   total iterations:                45
INFO (CarpetX):   total cells updated:             184320
INFO (CarpetX):   average iterations per second: 15.1108
INFO (CarpetX):   average cell updates per second: 61893.7
INFO (CarpetX): OutputGH: iteration 46, time 0.179688, run time 5 s
INFO (CarpetX): OutputGH done.
INFO (CarpetX): Simulation time: 0.179688   Iterations per second: 15.139   Simulation time per second: 0.0591365
INFO (CarpetX): Grid cells: 4096   Grid cell updates per second: 62009.1
INFO (CarpetX): Performance:
INFO (CarpetX):   total evolution time:            3.04403 sec
INFO (CarpetX):   total evolution compute time:    3.04363 sec
INFO (CarpetX):   total evolution output time:     0.000400543 sec
INFO (CarpetX):   total iterations:                46
INFO (CarpetX):   total cells updated:             188416
INFO (CarpetX):   average iterations per second: 15.1116
INFO (CarpetX):   average cell updates per second: 61897
INFO (CarpetX): OutputGH: iteration 47, time 0.183594, run time 5 s
INFO (CarpetX): OutputGH done.
INFO (CarpetX): Simulation time: 0.183594   Iterations per second: 15.1435   Simulation time per second: 0.0591544
INFO (CarpetX): Grid cells: 4096   Grid cell updates per second: 62027.9
INFO (CarpetX): Performance:
INFO (CarpetX):   total evolution time:            3.10988 sec
INFO (CarpetX):   total evolution compute time:    3.10948 sec
INFO (CarpetX):   total evolution output time:     0.00040555 sec
INFO (CarpetX):   total iterations:                47
INFO (CarpetX):   total cells updated:             192512
INFO (CarpetX):   average iterations per second: 15.1131
INFO (CarpetX):   average cell updates per second: 61903.3
INFO (CarpetX): OutputGH: iteration 48, time 0.187500, run time 5 s
INFO (CarpetX): OutputGH done.
INFO (CarpetX): Simulation time: 0.1875   Iterations per second: 15.1454   Simulation time per second: 0.0591618
INFO (CarpetX): Grid cells: 4096   Grid cell updates per second: 62035.6
INFO (CarpetX): Performance:
INFO (CarpetX):   total evolution time:            3.17583 sec
INFO (CarpetX):   total evolution compute time:    3.17543 sec
INFO (CarpetX):   total evolution output time:     0.000409603 sec
INFO (CarpetX):   total iterations:                48
INFO (CarpetX):   total cells updated:             196608
INFO (CarpetX):   average iterations per second: 15.1141
INFO (CarpetX):   average cell updates per second: 61907.5
INFO (CarpetX): OutputGH: iteration 49, time 0.191406, run time 5 s
INFO (CarpetX): OutputGH done.
INFO (CarpetX): Simulation time: 0.191406   Iterations per second: 15.147   Simulation time per second: 0.059168
INFO (CarpetX): Grid cells: 4096   Grid cell updates per second: 62042.1
INFO (CarpetX): Performance:
INFO (CarpetX):   total evolution time:            3.24179 sec
INFO (CarpetX):   total evolution compute time:    3.24136 sec
INFO (CarpetX):   total evolution output time:     0.000427723 sec
INFO (CarpetX):   total iterations:                49
INFO (CarpetX):   total cells updated:             200704
INFO (CarpetX):   average iterations per second: 15.1151
INFO (CarpetX):   average cell updates per second: 61911.4
INFO (CarpetX): OutputGH: iteration 50, time 0.195312, run time 5 s
INFO (CarpetX): OutputGH done.
INFO (CarpetX): Simulation time: 0.195312   Iterations per second: 15.1462   Simulation time per second: 0.059165
INFO (CarpetX): Grid cells: 4096   Grid cell updates per second: 62039
INFO (CarpetX): Performance:
INFO (CarpetX):   total evolution time:            3.30784 sec
INFO (CarpetX):   total evolution compute time:    3.30741 sec
INFO (CarpetX):   total evolution output time:     0.000431776 sec
INFO (CarpetX):   total iterations:                50
INFO (CarpetX):   total cells updated:             204800
INFO (CarpetX):   average iterations per second: 15.1156
INFO (CarpetX):   average cell updates per second: 61913.4
INFO (CarpetX): OutputGH: iteration 51, time 0.199219, run time 5 s
INFO (CarpetX): OutputGH done.
INFO (CarpetX): Simulation time: 0.199219   Iterations per second: 15.1502   Simulation time per second: 0.0591803
INFO (CarpetX): Grid cells: 4096   Grid cell updates per second: 62055.1
INFO (CarpetX): Performance:
INFO (CarpetX):   total evolution time:            3.3737 sec
INFO (CarpetX):   total evolution compute time:    3.37326 sec
INFO (CarpetX):   total evolution output time:     0.000435829 sec
INFO (CarpetX):   total iterations:                51
INFO (CarpetX):   total cells updated:             208896
INFO (CarpetX):   average iterations per second: 15.1169
INFO (CarpetX):   average cell updates per second: 61919
INFO (CarpetX): OutputGH: iteration 52, time 0.203125, run time 5 s
INFO (CarpetX): OutputGH done.
INFO (CarpetX): Simulation time: 0.203125   Iterations per second: 15.1529   Simulation time per second: 0.0591909
INFO (CarpetX): Grid cells: 4096   Grid cell updates per second: 62066.2
INFO (CarpetX): Performance:
INFO (CarpetX):   total evolution time:            3.43958 sec
INFO (CarpetX):   total evolution compute time:    3.43915 sec
INFO (CarpetX):   total evolution output time:     0.000439644 sec
INFO (CarpetX):   total iterations:                52
INFO (CarpetX):   total cells updated:             212992
INFO (CarpetX):   average iterations per second: 15.1181
INFO (CarpetX):   average cell updates per second: 61923.8
INFO (CarpetX): OutputGH: iteration 53, time 0.207031, run time 5 s
INFO (CarpetX): OutputGH done.
INFO (CarpetX): Simulation time: 0.207031   Iterations per second: 15.1542   Simulation time per second: 0.0591962
INFO (CarpetX): Grid cells: 4096   Grid cell updates per second: 62071.7
INFO (CarpetX): Performance:
INFO (CarpetX):   total evolution time:            3.50552 sec
INFO (CarpetX):   total evolution compute time:    3.50508 sec
INFO (CarpetX):   total evolution output time:     0.000443697 sec
INFO (CarpetX):   total iterations:                53
INFO (CarpetX):   total cells updated:             217088
INFO (CarpetX):   average iterations per second: 15.119
INFO (CarpetX):   average cell updates per second: 61927.5
INFO (CarpetX): OutputGH: iteration 54, time 0.210938, run time 5 s
INFO (CarpetX): OutputGH done.
INFO (CarpetX): Simulation time: 0.210938   Iterations per second: 15.1521   Simulation time per second: 0.059188
INFO (CarpetX): Grid cells: 4096   Grid cell updates per second: 62063.1
INFO (CarpetX): Performance:
INFO (CarpetX):   total evolution time:            3.5716 sec
INFO (CarpetX):   total evolution compute time:    3.57115 sec
INFO (CarpetX):   total evolution output time:     0.000448704 sec
INFO (CarpetX):   total iterations:                54
INFO (CarpetX):   total cells updated:             221184
INFO (CarpetX):   average iterations per second: 15.1193
INFO (CarpetX):   average cell updates per second: 61928.6
INFO (CarpetX): OutputGH: iteration 55, time 0.214844, run time 5 s
INFO (CarpetX): OutputGH done.
INFO (CarpetX): Simulation time: 0.214844   Iterations per second: 15.1545   Simulation time per second: 0.0591971
INFO (CarpetX): Grid cells: 4096   Grid cell updates per second: 62072.6
INFO (CarpetX): Performance:
INFO (CarpetX):   total evolution time:            3.6375 sec
INFO (CarpetX):   total evolution compute time:    3.63704 sec
INFO (CarpetX):   total evolution output time:     0.000452757 sec
INFO (CarpetX):   total iterations:                55
INFO (CarpetX):   total cells updated:             225280
INFO (CarpetX):   average iterations per second: 15.1203
INFO (CarpetX):   average cell updates per second: 61932.7
INFO (CarpetX): OutputGH: iteration 56, time 0.218750, run time 5 s
INFO (CarpetX): OutputGH done.
INFO (CarpetX): Simulation time: 0.21875   Iterations per second: 15.1569   Simulation time per second: 0.0592065
INFO (CarpetX): Grid cells: 4096   Grid cell updates per second: 62082.5
INFO (CarpetX): Performance:
INFO (CarpetX):   total evolution time:            3.70338 sec
INFO (CarpetX):   total evolution compute time:    3.70292 sec
INFO (CarpetX):   total evolution output time:     0.000458717 sec
INFO (CarpetX):   total iterations:                56
INFO (CarpetX):   total cells updated:             229376
INFO (CarpetX):   average iterations per second: 15.1213
INFO (CarpetX):   average cell updates per second: 61937
INFO (CarpetX): OutputGH: iteration 57, time 0.222656, run time 6 s
INFO (CarpetX): OutputGH done.
INFO (CarpetX): Simulation time: 0.222656   Iterations per second: 15.1598   Simulation time per second: 0.0592182
INFO (CarpetX): Grid cells: 4096   Grid cell updates per second: 62094.7
INFO (CarpetX): Performance:
INFO (CarpetX):   total evolution time:            3.76922 sec
INFO (CarpetX):   total evolution compute time:    3.76876 sec
INFO (CarpetX):   total evolution output time:     0.000466824 sec
INFO (CarpetX):   total iterations:                57
INFO (CarpetX):   total cells updated:             233472
INFO (CarpetX):   average iterations per second: 15.1225
INFO (CarpetX):   average cell updates per second: 61941.7
INFO (CarpetX): OutputGH: iteration 58, time 0.226562, run time 6 s
INFO (CarpetX): OutputGH done.
INFO (CarpetX): Simulation time: 0.226562   Iterations per second: 15.1616   Simulation time per second: 0.059225
INFO (CarpetX): Grid cells: 4096   Grid cell updates per second: 62101.9
INFO (CarpetX): Performance:
INFO (CarpetX):   total evolution time:            3.83511 sec
INFO (CarpetX):   total evolution compute time:    3.83464 sec
INFO (CarpetX):   total evolution output time:     0.000473738 sec
INFO (CarpetX):   total iterations:                58
INFO (CarpetX):   total cells updated:             237568
INFO (CarpetX):   average iterations per second: 15.1234
INFO (CarpetX):   average cell updates per second: 61945.5
INFO (CarpetX): OutputGH: iteration 59, time 0.230469, run time 6 s
INFO (CarpetX): OutputGH done.
INFO (CarpetX): Simulation time: 0.230469   Iterations per second: 15.1623   Simulation time per second: 0.0592276
INFO (CarpetX): Grid cells: 4096   Grid cell updates per second: 62104.6
INFO (CarpetX): Performance:
INFO (CarpetX):   total evolution time:            3.90104 sec
INFO (CarpetX):   total evolution compute time:    3.90056 sec
INFO (CarpetX):   total evolution output time:     0.000480652 sec
INFO (CarpetX):   total iterations:                59
INFO (CarpetX):   total cells updated:             241664
INFO (CarpetX):   average iterations per second: 15.1242
INFO (CarpetX):   average cell updates per second: 61948.6
INFO (CarpetX): OutputGH: iteration 60, time 0.234375, run time 6 s
INFO (CarpetX): OutputGH done.
INFO (CarpetX): Simulation time: 0.234375   Iterations per second: 15.1612   Simulation time per second: 0.0592234
INFO (CarpetX): Grid cells: 4096   Grid cell updates per second: 62100.3
INFO (CarpetX): Performance:
INFO (CarpetX):   total evolution time:            3.96704 sec
INFO (CarpetX):   total evolution compute time:    3.96655 sec
INFO (CarpetX):   total evolution output time:     0.000488758 sec
INFO (CarpetX):   total iterations:                60
INFO (CarpetX):   total cells updated:             245760
INFO (CarpetX):   average iterations per second: 15.1246
INFO (CarpetX):   average cell updates per second: 61950.5
INFO (CarpetX): OutputGH: iteration 61, time 0.238281, run time 6 s
INFO (CarpetX): OutputGH done.
INFO (CarpetX): Simulation time: 0.238281   Iterations per second: 15.1623   Simulation time per second: 0.0592278
INFO (CarpetX): Grid cells: 4096   Grid cell updates per second: 62104.9
INFO (CarpetX): Performance:
INFO (CarpetX):   total evolution time:            4.03295 sec
INFO (CarpetX):   total evolution compute time:    4.03245 sec
INFO (CarpetX):   total evolution output time:     0.000494719 sec
INFO (CarpetX):   total iterations:                61
INFO (CarpetX):   total cells updated:             249856
INFO (CarpetX):   average iterations per second: 15.1254
INFO (CarpetX):   average cell updates per second: 61953.7
INFO (CarpetX): OutputGH: iteration 62, time 0.242188, run time 6 s
INFO (CarpetX): OutputGH done.
INFO (CarpetX): Simulation time: 0.242188   Iterations per second: 15.1623   Simulation time per second: 0.0592277
INFO (CarpetX): Grid cells: 4096   Grid cell updates per second: 62104.8
INFO (CarpetX): Performance:
INFO (CarpetX):   total evolution time:            4.0989 sec
INFO (CarpetX):   total evolution compute time:    4.0984 sec
INFO (CarpetX):   total evolution output time:     0.000501871 sec
INFO (CarpetX):   total iterations:                62
INFO (CarpetX):   total cells updated:             253952
INFO (CarpetX):   average iterations per second: 15.126
INFO (CarpetX):   average cell updates per second: 61956.1
INFO (CarpetX): OutputGH: iteration 63, time 0.246094, run time 6 s
INFO (CarpetX): OutputGH done.
INFO (CarpetX): Simulation time: 0.246094   Iterations per second: 15.1589   Simulation time per second: 0.0592146
INFO (CarpetX): Grid cells: 4096   Grid cell updates per second: 62091
INFO (CarpetX): Performance:
INFO (CarpetX):   total evolution time:            4.165 sec
INFO (CarpetX):   total evolution compute time:    4.16449 sec
INFO (CarpetX):   total evolution output time:     0.000508785 sec
INFO (CarpetX):   total iterations:                63
INFO (CarpetX):   total cells updated:             258048
INFO (CarpetX):   average iterations per second: 15.126
INFO (CarpetX):   average cell updates per second: 61956.3
INFO (CarpetX): OutputGH: iteration 64, time 0.250000, run time 6 s
INFO (CarpetX): OutputGH done.
INFO (CarpetX): Simulation time: 0.25   Iterations per second: 7.88532   Simulation time per second: 0.030802
INFO (CarpetX): Grid cells: 4096   Grid cell updates per second: 32298.3
INFO (CarpetX): Performance:
INFO (CarpetX):   total evolution time:            4.83947 sec
INFO (CarpetX):   total evolution compute time:    4.23591 sec
INFO (CarpetX):   total evolution output time:     0.603559 sec
INFO (CarpetX):   total iterations:                64
INFO (CarpetX):   total cells updated:             262144
INFO (CarpetX):   average iterations per second: 13.2246
INFO (CarpetX):   average cell updates per second: 54167.9
INFO (CarpetX): Shutting down...
AMReX (25.11) finalized
--------------------------------------------------------------------------------
Done.
+ echo Stopping:
Stopping:
+ date
Thu May 21 01:42:37 UTC 2026
+ echo Done.
Done.
  Elapsed time: 6.2 s
