/home/runner/simulations/TestJob01_temp_1/output-0000/TEST/sim/CanudaX_BSSNMoL
Preparing:
+ set -e
+ cd output-0000-active
+ echo Checking:
Checking:
+ pwd
/home/runner/simulations/TestJob01_temp_1/output-0000/TEST/sim/CanudaX_BSSNMoL/output-0000-active
+ hostname
runnervmg397c
+ date
Mon May 25 23:52:26 UTC 2026
+ echo Environment:
Environment:
+ export CACTUS_NUM_PROCS=1
+ CACTUS_NUM_PROCS=1
+ export CACTUS_NUM_THREADS=2
+ CACTUS_NUM_THREADS=2
+ export GMON_OUT_PREFIX=gmon.out
+ GMON_OUT_PREFIX=gmon.out
+ export OMP_NUM_THREADS=2
+ OMP_NUM_THREADS=2
+ env
+ sort
+ echo Starting:
Starting:
++ date +%s
+ export CACTUS_STARTTIME=1779753146
+ CACTUS_STARTTIME=1779753146
+ '[' 1 = 1 ']'
+ '[' 0 -eq 0 ']'
+ /home/runner/simulations/TestJob01_temp_1/SIMFACTORY/exe/cactus_sim -L 3 /home/runner/simulations/TestJob01_temp_1/output-0000/arrangements/CanudaX/CanudaX_BSSNMoL/test/gaugewave.par
INFO (Cactus): Increased logging level from 0 to 3
--------------------------------------------------------------------------------

       10                                  
  1   0101       ************************  
  01  1010 10      The Cactus Code V4.18.0    
 1010 1101 011      www.cactuscode.org     
  1001 100101    ************************  
    00010101                               
     100011     (c) Copyright The Authors  
      0100      GNU Licensed. No Warranty  
      0101                                 
--------------------------------------------------------------------------------

Cactus version:    4.18.0
Compile date:      May 25 2026 (23:49:40)
Run date:          May 25 2026 (23:52:26+0000)
Run host:          runnervmg397c.nvcrsk4lb03ebagxjwngdrxj4g.ex.internal.cloudapp.net (pid=168704)
Working directory: /home/runner/simulations/TestJob01_temp_1/output-0000/TEST/sim/CanudaX_BSSNMoL
Executable:        /home/runner/simulations/TestJob01_temp_1/SIMFACTORY/exe/cactus_sim
Parameter file:    /home/runner/simulations/TestJob01_temp_1/output-0000/arrangements/CanudaX/CanudaX_BSSNMoL/test/gaugewave.par
--------------------------------------------------------------------------------

Activating thorn Cactus...Success -> active implementation Cactus
Activation requested for 
--->ADMBaseX CanudaX_BSSNMoL CanudaX_ExactID CarpetX IOUtil ODESolvers TmunuBaseX<---
Thorn ADMBaseX requests automatic activation of Loop
Thorn CarpetX requests automatic activation of AMReX
Thorn CarpetX requests automatic activation of MPI
Thorn CarpetX requests automatic activation of yaml_cpp
Thorn CarpetX requests automatic activation of zlib
Thorn CarpetX requests automatic activation of Arith
Thorn CarpetX requests automatic activation of CarpetXRegrid
Thorn CarpetX requests automatic activation of ADIOS2
Thorn CarpetX requests automatic activation of openPMD
Thorn CarpetX requests automatic activation of Silo
Thorn ADIOS2 requests automatic activation of CMake
Thorn Arith requests automatic activation of NSIMD
Thorn MPI requests automatic activation of hwloc
Thorn openPMD requests automatic activation of HDF5
Activating thorn ADIOS2...Success -> active implementation ADIOS2
Activating thorn ADMBaseX...Success -> active implementation ADMBaseX
Activating thorn AMReX...Success -> active implementation AMReX
Activating thorn Arith...Success -> active implementation Arith
Activating thorn CanudaX_BSSNMoL...Success -> active implementation CanudaX_BSSNMoL
Activating thorn CanudaX_ExactID...Success -> active implementation CanudaX_ExactID
Activating thorn CarpetX...Success -> active implementation Driver
Activating thorn CarpetXRegrid...Success -> active implementation CarpetXRegrid
Activating thorn CMake...Success -> active implementation CMake
Activating thorn HDF5...Success -> active implementation HDF5
Activating thorn hwloc...Success -> active implementation hwloc
Activating thorn IOUtil...Success -> active implementation IO
Activating thorn Loop...Success -> active implementation Loop
Activating thorn MPI...Success -> active implementation MPI
Activating thorn NSIMD...Success -> active implementation NSIMD
Activating thorn ODESolvers...Success -> active implementation ODESolvers
Activating thorn openPMD...Success -> active implementation openPMD
Activating thorn Silo...Success -> active implementation Silo
Activating thorn TmunuBaseX...Success -> active implementation TmunuBaseX
Activating thorn yaml_cpp...Success -> active implementation yaml_cpp
Activating thorn zlib...Success -> active implementation zlib
--------------------------------------------------------------------------------
  if (recover initial data)
    Recover parameters
  endif

  Startup routines
    [CCTK_STARTUP]
      CarpetX::Driver_Startup: Start up the driver
      IOUtil::IOUtil_Startup: Startup routine
      GROUP hwloc_startup: hwloc startup group
        hwloc::hwloc_version: Output hwloc version

  Startup routines which need an existing grid hierarchy
    [CCTK_WRAGH]
      Arith::Test_smallvector: [meta] Test small vectors
      Arith::Test_spvect: [meta] Test sparse vectors
      ODESolvers::ODESolvers_InitConstants: [global] Set up dummy loop counters for schedule printout
  Parameter checking routines
    [CCTK_PARAMCHECK]
      CanudaX_BSSNMoL::CanudaX_BSSNMoL_paramcheck: Check CanudaX_BSSNMoL parameters for consistency

  Initialisation
    if (NOT (recover initial data AND recovery_mode is 'strict'))
      [CCTK_PREREGRIDINITIAL]
      Set up grid hierarchy
      [CCTK_POSTREGRIDINITIAL]
      [CCTK_BASEGRID]
        CarpetXRegrid::CarpetXRegrid_InitError: Initialize regridding error to zero
        GROUP ODESolvers_BaseGrid: Set up constants (e.g. coordinates) everywhere on the grid
      [CCTK_INITIAL]
        GROUP TmunuBaseX_SetTmunuVars: Schedule group for setting T_munu
          TmunuBaseX::TmunuBaseX_ZeroTmunu: Set T_munu to zero
          GROUP TmunuBaseX_AddToTmunu: Add to T_munu here
        GROUP ODESolvers_Initial: Set up initial conditions on interior of state vector
          GROUP ADMBaseX_InitialData: Schedule group for calculating ADM initial data
            GROUP CanudaX_ExactIDGroup: CanudaX_ExactID group for setting up initial data
              CanudaX_ExactID::CanudaX_ExactID_GaugeWave: [local] Create gauge wave initial data
          GROUP ADMBaseX_InitialGauge: Schedule group for the ADM initial gauge condition
            ADMBaseX::ADMBaseX_initial_dtlapse: Set dtlapse to zero
            ADMBaseX::ADMBaseX_initial_dtshift: Set dtshift to zero
          GROUP ADMBaseX_PostInitial: Schedule group for modifying the ADM initial data, such as e.g. adding noise
        GROUP CanudaX_BSSNMoL_InitialGroup: CanudaX_BSSNMoL: initial bin
          CanudaX_BSSNMoL::CanudaX_BSSNMoL_adm2bssn: [local] Convert initial data into BSSN variables
          CanudaX_BSSNMoL::CanudaX_BSSNMoL_gammat: [local] Set Gammat initial data
      [CCTK_POSTINITIAL]
        GROUP ODESolvers_PostStep: Apply boundary conditions to state vector, and project if necessary
          GROUP CanudaX_BSSNMoL_PostStepGroup: CanudaX_BSSNMoL: post-step operations
            CanudaX_BSSNMoL::CanudaX_BSSNMoL_impose_conf_fac_floor: Make sure conformal factor does not drop below specified value
            CanudaX_BSSNMoL::CanudaX_BSSNMoL_reset_detmetric: reset dethh = 1
            CanudaX_BSSNMoL::CanudaX_BSSNMoL_remove_trA: Remove trace of A
            CanudaX_BSSNMoL::CanudaX_BSSNMoL_sync: [global] Sync state vector
            CanudaX_BSSNMoL::CanudaX_BSSNMoL_bssn2adm: [local] Convert variables back to the ADM ones
          GROUP ADMBaseX_SetADMRHS: Set ADM RHS variables in this group
          GROUP ADMBaseX_SetADMVars: Set ADM variables in this group
          GROUP TmunuBaseX_SetTmunuVars: Schedule group for setting T_munu
            TmunuBaseX::TmunuBaseX_ZeroTmunu: Set T_munu to zero
            GROUP TmunuBaseX_AddToTmunu: Add to T_munu here
        GROUP ODESolvers_EstimateError: Estimate discretization error (for regridding)
      Initialise finer grids recursively
      Restrict from finer grids
      [CCTK_POSTRESTRICTINITIAL]
      [CCTK_POSTPOSTINITIAL]
      [CCTK_POSTSTEP]
        GROUP ODESolvers_EstimateError: Estimate discretization error (for regridding)
    endif
    if (recover initial data)
      [CCTK_BASEGRID]
        CarpetXRegrid::CarpetXRegrid_InitError: Initialize regridding error to zero
        GROUP ODESolvers_BaseGrid: Set up constants (e.g. coordinates) everywhere on the grid
      [CCTK_RECOVER_VARIABLES]
      [CCTK_POST_RECOVER_VARIABLES]
        GROUP ODESolvers_PostStep: Apply boundary conditions to state vector, and project if necessary
          GROUP CanudaX_BSSNMoL_PostStepGroup: CanudaX_BSSNMoL: post-step operations
            CanudaX_BSSNMoL::CanudaX_BSSNMoL_impose_conf_fac_floor: Make sure conformal factor does not drop below specified value
            CanudaX_BSSNMoL::CanudaX_BSSNMoL_reset_detmetric: reset dethh = 1
            CanudaX_BSSNMoL::CanudaX_BSSNMoL_remove_trA: Remove trace of A
            CanudaX_BSSNMoL::CanudaX_BSSNMoL_sync: [global] Sync state vector
            CanudaX_BSSNMoL::CanudaX_BSSNMoL_bssn2adm: [local] Convert variables back to the ADM ones
          GROUP ADMBaseX_SetADMRHS: Set ADM RHS variables in this group
          GROUP ADMBaseX_SetADMVars: Set ADM variables in this group
          GROUP TmunuBaseX_SetTmunuVars: Schedule group for setting T_munu
            TmunuBaseX::TmunuBaseX_ZeroTmunu: Set T_munu to zero
            GROUP TmunuBaseX_AddToTmunu: Add to T_munu here
        GROUP ODESolvers_EstimateError: Estimate discretization error (for regridding)
    endif
    if (checkpoint initial data)
      [CCTK_CPINITIAL]
        CarpetX::CarpetX_CheckpointInitial: [meta] Checkpoint initial conditions
    endif
    if (analysis)
      [CCTK_ANALYSIS]
        CanudaX_BSSNMoL::CanudaX_BSSNMoL_bssn_constraints: Compute constraints
        GROUP ODESolvers_Analysis: Calculate analysis quantities everywhere
  endif
  Output grid variables

  do loop over timesteps
    [CCTK_PREREGRID]
    Change grid hierarchy
    [CCTK_POSTREGRID]
      GROUP ODESolvers_PostStep: Apply boundary conditions to state vector, and project if necessary
        GROUP CanudaX_BSSNMoL_PostStepGroup: CanudaX_BSSNMoL: post-step operations
          CanudaX_BSSNMoL::CanudaX_BSSNMoL_impose_conf_fac_floor: Make sure conformal factor does not drop below specified value
          CanudaX_BSSNMoL::CanudaX_BSSNMoL_reset_detmetric: reset dethh = 1
          CanudaX_BSSNMoL::CanudaX_BSSNMoL_remove_trA: Remove trace of A
          CanudaX_BSSNMoL::CanudaX_BSSNMoL_sync: [global] Sync state vector
          CanudaX_BSSNMoL::CanudaX_BSSNMoL_bssn2adm: [local] Convert variables back to the ADM ones
        GROUP ADMBaseX_SetADMRHS: Set ADM RHS variables in this group
        GROUP ADMBaseX_SetADMVars: Set ADM variables in this group
        GROUP TmunuBaseX_SetTmunuVars: Schedule group for setting T_munu
          TmunuBaseX::TmunuBaseX_ZeroTmunu: Set T_munu to zero
          GROUP TmunuBaseX_AddToTmunu: Add to T_munu here
    Rotate timelevels
    iteration = iteration+1
    t = t+dt
    [CCTK_PRESTEP]
    [CCTK_EVOL]
      ODESolvers::ODESolvers_Solve: [level] Solve ODEs
      while (ODESolvers::do_substeps)
        GROUP ODESolvers_CalledBySolve: Groups internally scheduled by ODESolvers_Solve
          GROUP ODESolvers_RHS: Evaluate the RHS for of state vector everywhere on the grid
            GROUP CanudaX_BSSNMoL_RHSGroup: CanudaX_BSSNMoL: calculate BSSN RHS
              CanudaX_BSSNMoL::CanudaX_BSSNMoL_calc_bssn_rhs: MoL RHS calculation
              CanudaX_BSSNMoL::CanudaX_BSSNMoL_apply_boundary_conditions: Apply radiative boundary conditions 
          GROUP ODESolvers_PostStep: Apply boundary conditions to state vector, and project if necessary
            GROUP CanudaX_BSSNMoL_PostStepGroup: CanudaX_BSSNMoL: post-step operations
              CanudaX_BSSNMoL::CanudaX_BSSNMoL_impose_conf_fac_floor: Make sure conformal factor does not drop below specified value
              CanudaX_BSSNMoL::CanudaX_BSSNMoL_reset_detmetric: reset dethh = 1
              CanudaX_BSSNMoL::CanudaX_BSSNMoL_remove_trA: Remove trace of A
              CanudaX_BSSNMoL::CanudaX_BSSNMoL_sync: [global] Sync state vector
              CanudaX_BSSNMoL::CanudaX_BSSNMoL_bssn2adm: [local] Convert variables back to the ADM ones
            GROUP ADMBaseX_SetADMRHS: Set ADM RHS variables in this group
            GROUP ADMBaseX_SetADMVars: Set ADM variables in this group
            GROUP TmunuBaseX_SetTmunuVars: Schedule group for setting T_munu
              TmunuBaseX::TmunuBaseX_ZeroTmunu: Set T_munu to zero
              GROUP TmunuBaseX_AddToTmunu: Add to T_munu here
      end while
    Evolve finer grids recursively
    Restrict from finer grids
    [CCTK_POSTRESTRICT]
      GROUP ODESolvers_PostStep: Apply boundary conditions to state vector, and project if necessary
        GROUP CanudaX_BSSNMoL_PostStepGroup: CanudaX_BSSNMoL: post-step operations
          CanudaX_BSSNMoL::CanudaX_BSSNMoL_impose_conf_fac_floor: Make sure conformal factor does not drop below specified value
          CanudaX_BSSNMoL::CanudaX_BSSNMoL_reset_detmetric: reset dethh = 1
          CanudaX_BSSNMoL::CanudaX_BSSNMoL_remove_trA: Remove trace of A
          CanudaX_BSSNMoL::CanudaX_BSSNMoL_sync: [global] Sync state vector
          CanudaX_BSSNMoL::CanudaX_BSSNMoL_bssn2adm: [local] Convert variables back to the ADM ones
        GROUP ADMBaseX_SetADMRHS: Set ADM RHS variables in this group
        GROUP ADMBaseX_SetADMVars: Set ADM variables in this group
        GROUP TmunuBaseX_SetTmunuVars: Schedule group for setting T_munu
          TmunuBaseX::TmunuBaseX_ZeroTmunu: Set T_munu to zero
          GROUP TmunuBaseX_AddToTmunu: Add to T_munu here
    [CCTK_POSTSTEP]
      GROUP ODESolvers_EstimateError: Estimate discretization error (for regridding)
    if (checkpoint)
      [CCTK_CHECKPOINT]
      CarpetX::CarpetX_Checkpoint: [meta] Checkpoint
    endif
    if (analysis)
      [CCTK_ANALYSIS]
      CanudaX_BSSNMoL::CanudaX_BSSNMoL_bssn_constraints: Compute constraints
      GROUP ODESolvers_Analysis: Calculate analysis quantities everywhere
    endif
    Output grid variables
    enddo

  Termination routines
    [CCTK_TERMINATE]
      CarpetX::CarpetX_CheckpointTerminate: [meta] Checkpoint before terminating

  Shutdown routines
    [CCTK_SHUTDOWN]
      CarpetX::Driver_Shutdown: [meta] Shut down the driver

  Routines run after changing the grid hierarchy:
    [CCTK_POSTREGRID]
      GROUP ODESolvers_PostStep: Apply boundary conditions to state vector, and project if necessary
        GROUP CanudaX_BSSNMoL_PostStepGroup: CanudaX_BSSNMoL: post-step operations
          CanudaX_BSSNMoL::CanudaX_BSSNMoL_impose_conf_fac_floor: Make sure conformal factor does not drop below specified value
          CanudaX_BSSNMoL::CanudaX_BSSNMoL_reset_detmetric: reset dethh = 1
          CanudaX_BSSNMoL::CanudaX_BSSNMoL_remove_trA: Remove trace of A
          CanudaX_BSSNMoL::CanudaX_BSSNMoL_sync: [global] Sync state vector
          CanudaX_BSSNMoL::CanudaX_BSSNMoL_bssn2adm: [local] Convert variables back to the ADM ones
        GROUP ADMBaseX_SetADMRHS: Set ADM RHS variables in this group
        GROUP ADMBaseX_SetADMVars: Set ADM variables in this group
        GROUP TmunuBaseX_SetTmunuVars: Schedule group for setting T_munu
          TmunuBaseX::TmunuBaseX_ZeroTmunu: Set T_munu to zero
          GROUP TmunuBaseX_AddToTmunu: Add to T_munu here
--------------------------------------------------------------------------------
INFO (hwloc): library version 2.10.0, API version 0x20800
--------------------------------------------------------------------------------

  [34m  ▕▏  [34m  ▕▏  [34m  ▕▏  [34m  ▕▏  [34m  ▕▏  [34m  ▕▏  [34m  ▕▏  [34m  ▕▏  [34m  ▕▏  [39m  
  [34m──██──[34m──██──[34m──██──[34m──██──[34m──██──[34m──██──[34m──██──[34m──██──[34m──██──[39m  
  [34m  ▕▏  [34m  ▕▏  [34m  ▕▏  [34m  ▕▏  [34m  ▕▏  [34m  ▕▏  [34m  ▕▏  [34m  ▕▏  [34m  ▕▏  [39m  
  [34m  ▕▏  [32m██████[34m  ▕▏  [34m  ▕▏  [32m██████[34m  ▕▏  [34m  ▕▏  [32m██████[34m  ▕▏  [39m  
  [34m──██──[32m██████[34m──██──[34m──██──[32m██████[34m──██──[34m──██──[32m██████[34m──██──[39m  
  [34m  ▕▏  [32m██████[34m  ▕▏  [34m  ▕▏  [32m██████[34m  ▕▏  [34m  ▕▏  [32m██████[34m  ▕▏  [39m  
  [34m  ▕▏  [34m  ▕▏  [34m  ▕▏  [34m  ▕▏  [34m  ▕▏  [34m  ▕▏  [34m  ▕▏  [34m  ▕▏  [34m  ▕▏  [39m  
  [34m──██──[34m──██──[34m──██──[34m──██──[34m──██──[34m──██──[34m──██──[34m──██──[34m──██──[39m  
  [34m  ▕▏  [34m  ▕▏  [34m  ▕▏  [34m  ▕▏  [34m  ▕▏  [34m  ▕▏  [34m  ▕▏  [34m  ▕▏  [34m  ▕▏  [39m  
  [34m  ▕▏  [34m  ▕▏  [34m  ▕▏  [31m██████[31m██████[31m██████[34m  ▕▏  [34m  ▕▏  [34m  ▕▏  [39m  
  [34m──██──[34m──██──[34m──██──[31m██████[31m██████[31m██████[34m──██──[34m──██──[34m──██──[39m  
  [34m  ▕▏  [34m  ▕▏  [34m  ▕▏  [31m██████[31m██████[31m██████[34m  ▕▏  [34m  ▕▏  [34m  ▕▏  [39m  
  [34m  ▕▏  [32m██████[34m  ▕▏  [31m██████[31m██████[31m██████[34m  ▕▏  [32m██████[34m  ▕▏  [39m  
  [34m──██──[32m██████[34m──██──[31m██████[31m██████[31m██████[34m──██──[32m██████[34m──██──[39m  
  [34m  ▕▏  [32m██████[34m  ▕▏  [31m██████[31m██████[31m██████[34m  ▕▏  [32m██████[34m  ▕▏  [39m  
  [34m  ▕▏  [34m  ▕▏  [34m  ▕▏  [31m██████[31m██████[31m██████[34m  ▕▏  [34m  ▕▏  [34m  ▕▏  [39m  
  [34m──██──[34m──██──[34m──██──[31m██████[31m██████[31m██████[34m──██──[34m──██──[34m──██──[39m  
  [34m  ▕▏  [34m  ▕▏  [34m  ▕▏  [31m██████[31m██████[31m██████[34m  ▕▏  [34m  ▕▏  [34m  ▕▏  [39m  
  [34m  ▕▏  [34m  ▕▏  [34m  ▕▏  [34m  ▕▏  [34m  ▕▏  [34m  ▕▏  [34m  ▕▏  [34m  ▕▏  [34m  ▕▏  [39m  
  [34m──██──[34m──██──[34m──██──[34m──██──[34m──██──[34m──██──[34m──██──[34m──██──[34m──██──[39m  
  [34m  ▕▏  [34m  ▕▏  [34m  ▕▏  [34m  ▕▏  [34m  ▕▏  [34m  ▕▏  [34m  ▕▏  [34m  ▕▏  [34m  ▕▏  [39m  
  [34m  ▕▏  [32m██████[34m  ▕▏  [34m  ▕▏  [32m██████[34m  ▕▏  [34m  ▕▏  [32m██████[34m  ▕▏  [39m  
  [34m──██──[32m██████[34m──██──[34m──██──[32m██████[34m──██──[34m──██──[32m██████[34m──██──[39m  
  [34m  ▕▏  [32m██████[34m  ▕▏  [34m  ▕▏  [32m██████[34m  ▕▏  [34m  ▕▏  [32m██████[34m  ▕▏  [39m  
  [34m  ▕▏  [34m  ▕▏  [34m  ▕▏  [34m  ▕▏  [34m  ▕▏  [34m  ▕▏  [34m  ▕▏  [34m  ▕▏  [34m  ▕▏  [39m  
  [34m──██──[34m──██──[34m──██──[34m──██──[34m──██──[34m──██──[34m──██──[34m──██──[34m──██──[39m  
  [34m  ▕▏  [34m  ▕▏  [34m  ▕▏  [34m  ▕▏  [34m  ▕▏  [34m  ▕▏  [34m  ▕▏  [34m  ▕▏  [34m  ▕▏  [39m  

AMR driver provided by CarpetX,
using AMReX 25.11 (MPI, OpenMP, no accelerators, debug)
--------------------------------------------------------------------------------

Initializing AMReX (25.11)...
MPI initialized with 1 MPI processes
MPI initialized with thread support level 2
OMP initialized with 2 OMP threads
AMReX (25.11) initialized
INFO (CarpetX): 
Symmetries:
  lower x: periodic
  lower y: periodic
  lower z: periodic
  upper x: periodic
  upper y: periodic
  upper z: periodic
Default boundaries:
  lower x: symmetry_boundary
  lower y: symmetry_boundary
  lower z: symmetry_boundary
  upper x: symmetry_boundary
  upper y: symmetry_boundary
  upper z: symmetry_boundary
INFO (Arith): Test_smallvector
INFO (Arith): Test_spvect
INFO (CarpetX): Setting initial values for max_grid_size values for all levels
INFO (CarpetX): Setting up initial conditions...
INFO (CarpetX): Iteration: 0   time: 0   delta_time: 0.00390625
INFO (CarpetX): Patch 0:
INFO (CarpetX):   Grid extent:
INFO (CarpetX):     gsh=[71,15,15]
INFO (CarpetX):     blocking_factor=[8,8,8]
INFO (CarpetX):     max_grid_size=[10000000,10000000,10000000]
INFO (CarpetX):     max_tile_size=[1024000,16,32]
INFO (CarpetX):   Domain extent:
INFO (CarpetX):     xmin=[-0.5,-0.0625,-0.0625]
INFO (CarpetX):     xmax=[0.5,0.0625,0.0625]
INFO (CarpetX):     base dx=[0.015625,0.015625,0.015625]
INFO (CarpetX): Initializing level 0...
INFO (CanudaX_ExactID): Begin Gauge Wave initial data
INFO (CanudaX_ExactID): === End gauge wave initial data ===
INFO (CarpetX): Regridding...
INFO (CarpetX):   level 0: 1 boxes, 4096 cells (100%)
INFO (CarpetX): Initialized 1 levels
INFO (CarpetX): OutputGH: iteration 0, time 0.000000, run time 0 s
INFO (CarpetX): OutputGH done.
INFO (CarpetX): Starting evolution...
INFO (ODESolvers): ODE integrator is RK4
INFO (CarpetX): OutputGH: iteration 1, time 0.003906, run time 1 s
INFO (CarpetX): OutputGH done.
INFO (CarpetX): Simulation time: 0.00390625   Iterations per second: 14.8679   Simulation time per second: 0.0580777
INFO (CarpetX): Grid cells: 4096   Grid cell updates per second: 60898.8
INFO (CarpetX): Performance:
INFO (CarpetX):   total evolution time:            0.0672591 sec
INFO (CarpetX):   total evolution compute time:    0.0672519 sec
INFO (CarpetX):   total evolution output time:     7.15256e-06 sec
INFO (CarpetX):   total iterations:                1
INFO (CarpetX):   total cells updated:             4096
INFO (CarpetX):   average iterations per second: 14.8679
INFO (CarpetX):   average cell updates per second: 60898.8
INFO (CarpetX): OutputGH: iteration 2, time 0.007812, run time 1 s
INFO (CarpetX): OutputGH done.
INFO (CarpetX): Simulation time: 0.0078125   Iterations per second: 15.1655   Simulation time per second: 0.0592404
INFO (CarpetX): Grid cells: 4096   Grid cell updates per second: 62118.1
INFO (CarpetX): Performance:
INFO (CarpetX):   total evolution time:            0.131878 sec
INFO (CarpetX):   total evolution compute time:    0.131864 sec
INFO (CarpetX):   total evolution output time:     1.40667e-05 sec
INFO (CarpetX):   total iterations:                2
INFO (CarpetX):   total cells updated:             8192
INFO (CarpetX):   average iterations per second: 15.1655
INFO (CarpetX):   average cell updates per second: 62118.1
INFO (CarpetX): OutputGH: iteration 3, time 0.011719, run time 1 s
INFO (CarpetX): OutputGH done.
INFO (CarpetX): Simulation time: 0.0117188   Iterations per second: 15.2595   Simulation time per second: 0.0596074
INFO (CarpetX): Grid cells: 4096   Grid cell updates per second: 62502.9
INFO (CarpetX): Performance:
INFO (CarpetX):   total evolution time:            0.196599 sec
INFO (CarpetX):   total evolution compute time:    0.196576 sec
INFO (CarpetX):   total evolution output time:     2.28882e-05 sec
INFO (CarpetX):   total iterations:                3
INFO (CarpetX):   total cells updated:             12288
INFO (CarpetX):   average iterations per second: 15.2595
INFO (CarpetX):   average cell updates per second: 62502.9
INFO (CarpetX): OutputGH: iteration 4, time 0.015625, run time 1 s
INFO (CarpetX): OutputGH done.
INFO (CarpetX): Simulation time: 0.015625   Iterations per second: 15.3234   Simulation time per second: 0.059857
INFO (CarpetX): Grid cells: 4096   Grid cell updates per second: 62764.6
INFO (CarpetX): Performance:
INFO (CarpetX):   total evolution time:            0.261039 sec
INFO (CarpetX):   total evolution compute time:    0.261008 sec
INFO (CarpetX):   total evolution output time:     3.0756e-05 sec
INFO (CarpetX):   total iterations:                4
INFO (CarpetX):   total cells updated:             16384
INFO (CarpetX):   average iterations per second: 15.3234
INFO (CarpetX):   average cell updates per second: 62764.6
INFO (CarpetX): OutputGH: iteration 5, time 0.019531, run time 1 s
INFO (CarpetX): OutputGH done.
INFO (CarpetX): Simulation time: 0.0195312   Iterations per second: 15.3521   Simulation time per second: 0.0599693
INFO (CarpetX): Grid cells: 4096   Grid cell updates per second: 62882.3
INFO (CarpetX): Performance:
INFO (CarpetX):   total evolution time:            0.325688 sec
INFO (CarpetX):   total evolution compute time:    0.32565 sec
INFO (CarpetX):   total evolution output time:     3.76701e-05 sec
INFO (CarpetX):   total iterations:                5
INFO (CarpetX):   total cells updated:             20480
INFO (CarpetX):   average iterations per second: 15.3521
INFO (CarpetX):   average cell updates per second: 62882.3
INFO (CarpetX): OutputGH: iteration 6, time 0.023438, run time 1 s
INFO (CarpetX): OutputGH done.
INFO (CarpetX): Simulation time: 0.0234375   Iterations per second: 15.3749   Simulation time per second: 0.0600582
INFO (CarpetX): Grid cells: 4096   Grid cell updates per second: 62975.6
INFO (CarpetX): Performance:
INFO (CarpetX):   total evolution time:            0.390247 sec
INFO (CarpetX):   total evolution compute time:    0.390201 sec
INFO (CarpetX):   total evolution output time:     4.57764e-05 sec
INFO (CarpetX):   total iterations:                6
INFO (CarpetX):   total cells updated:             24576
INFO (CarpetX):   average iterations per second: 15.3749
INFO (CarpetX):   average cell updates per second: 62975.6
INFO (CarpetX): OutputGH: iteration 7, time 0.027344, run time 1 s
INFO (CarpetX): OutputGH done.
INFO (CarpetX): Simulation time: 0.0273438   Iterations per second: 15.3849   Simulation time per second: 0.0600972
INFO (CarpetX): Grid cells: 4096   Grid cell updates per second: 63016.5
INFO (CarpetX): Performance:
INFO (CarpetX):   total evolution time:            0.454992 sec
INFO (CarpetX):   total evolution compute time:    0.454939 sec
INFO (CarpetX):   total evolution output time:     5.26905e-05 sec
INFO (CarpetX):   total iterations:                7
INFO (CarpetX):   total cells updated:             28672
INFO (CarpetX):   average iterations per second: 15.3849
INFO (CarpetX):   average cell updates per second: 63016.5
INFO (CarpetX): OutputGH: iteration 8, time 0.031250, run time 1 s
INFO (CarpetX): OutputGH done.
INFO (CarpetX): Simulation time: 0.03125   Iterations per second: 15.4021   Simulation time per second: 0.0601644
INFO (CarpetX): Grid cells: 4096   Grid cell updates per second: 63087
INFO (CarpetX): Performance:
INFO (CarpetX):   total evolution time:            0.51941 sec
INFO (CarpetX):   total evolution compute time:    0.51935 sec
INFO (CarpetX):   total evolution output time:     5.96046e-05 sec
INFO (CarpetX):   total iterations:                8
INFO (CarpetX):   total cells updated:             32768
INFO (CarpetX):   average iterations per second: 15.4021
INFO (CarpetX):   average cell updates per second: 63087
INFO (CarpetX): OutputGH: iteration 9, time 0.035156, run time 1 s
INFO (CarpetX): OutputGH done.
INFO (CarpetX): Simulation time: 0.0351562   Iterations per second: 15.4086   Simulation time per second: 0.0601898
INFO (CarpetX): Grid cells: 4096   Grid cell updates per second: 63113.6
INFO (CarpetX): Performance:
INFO (CarpetX):   total evolution time:            0.58409 sec
INFO (CarpetX):   total evolution compute time:    0.584022 sec
INFO (CarpetX):   total evolution output time:     6.77109e-05 sec
INFO (CarpetX):   total iterations:                9
INFO (CarpetX):   total cells updated:             36864
INFO (CarpetX):   average iterations per second: 15.4086
INFO (CarpetX):   average cell updates per second: 63113.6
INFO (CarpetX): OutputGH: iteration 10, time 0.039062, run time 2 s
INFO (CarpetX): OutputGH done.
INFO (CarpetX): Simulation time: 0.0390625   Iterations per second: 15.4152   Simulation time per second: 0.0602156
INFO (CarpetX): Grid cells: 4096   Grid cell updates per second: 63140.6
INFO (CarpetX): Performance:
INFO (CarpetX):   total evolution time:            0.648711 sec
INFO (CarpetX):   total evolution compute time:    0.648626 sec
INFO (CarpetX):   total evolution output time:     8.46386e-05 sec
INFO (CarpetX):   total iterations:                10
INFO (CarpetX):   total cells updated:             40960
INFO (CarpetX):   average iterations per second: 15.4152
INFO (CarpetX):   average cell updates per second: 63140.6
INFO (CarpetX): OutputGH: iteration 11, time 0.042969, run time 2 s
INFO (CarpetX): OutputGH done.
INFO (CarpetX): Simulation time: 0.0429688   Iterations per second: 15.4199   Simulation time per second: 0.0602341
INFO (CarpetX): Grid cells: 4096   Grid cell updates per second: 63160.1
INFO (CarpetX): Performance:
INFO (CarpetX):   total evolution time:            0.713382 sec
INFO (CarpetX):   total evolution compute time:    0.713289 sec
INFO (CarpetX):   total evolution output time:     9.27448e-05 sec
INFO (CarpetX):   total iterations:                11
INFO (CarpetX):   total cells updated:             45056
INFO (CarpetX):   average iterations per second: 15.4195
INFO (CarpetX):   average cell updates per second: 63158.3
INFO (CarpetX): OutputGH: iteration 12, time 0.046875, run time 2 s
INFO (CarpetX): OutputGH done.
INFO (CarpetX): Simulation time: 0.046875   Iterations per second: 15.4288   Simulation time per second: 0.0602687
INFO (CarpetX): Grid cells: 4096   Grid cell updates per second: 63196.4
INFO (CarpetX): Performance:
INFO (CarpetX):   total evolution time:            0.777861 sec
INFO (CarpetX):   total evolution compute time:    0.77776 sec
INFO (CarpetX):   total evolution output time:     0.000100851 sec
INFO (CarpetX):   total iterations:                12
INFO (CarpetX):   total cells updated:             49152
INFO (CarpetX):   average iterations per second: 15.4269
INFO (CarpetX):   average cell updates per second: 63188.7
INFO (CarpetX): OutputGH: iteration 13, time 0.050781, run time 2 s
INFO (CarpetX): OutputGH done.
INFO (CarpetX): Simulation time: 0.0507812   Iterations per second: 15.4334   Simulation time per second: 0.0602866
INFO (CarpetX): Grid cells: 4096   Grid cell updates per second: 63215
INFO (CarpetX): Performance:
INFO (CarpetX):   total evolution time:            0.842483 sec
INFO (CarpetX):   total evolution compute time:    0.842373 sec
INFO (CarpetX):   total evolution output time:     0.000109911 sec
INFO (CarpetX):   total iterations:                13
INFO (CarpetX):   total cells updated:             53248
INFO (CarpetX):   average iterations per second: 15.4306
INFO (CarpetX):   average cell updates per second: 63203.6
INFO (CarpetX): OutputGH: iteration 14, time 0.054688, run time 2 s
INFO (CarpetX): OutputGH done.
INFO (CarpetX): Simulation time: 0.0546875   Iterations per second: 15.4392   Simulation time per second: 0.0603094
INFO (CarpetX): Grid cells: 4096   Grid cell updates per second: 63239
INFO (CarpetX): Performance:
INFO (CarpetX):   total evolution time:            0.907032 sec
INFO (CarpetX):   total evolution compute time:    0.906914 sec
INFO (CarpetX):   total evolution output time:     0.000118017 sec
INFO (CarpetX):   total iterations:                14
INFO (CarpetX):   total cells updated:             57344
INFO (CarpetX):   average iterations per second: 15.435
INFO (CarpetX):   average cell updates per second: 63221.6
INFO (CarpetX): OutputGH: iteration 15, time 0.058594, run time 2 s
INFO (CarpetX): OutputGH done.
INFO (CarpetX): Simulation time: 0.0585938   Iterations per second: 15.4357   Simulation time per second: 0.0602958
INFO (CarpetX): Grid cells: 4096   Grid cell updates per second: 63224.8
INFO (CarpetX): Performance:
INFO (CarpetX):   total evolution time:            0.971948 sec
INFO (CarpetX):   total evolution compute time:    0.971821 sec
INFO (CarpetX):   total evolution output time:     0.000127077 sec
INFO (CarpetX):   total iterations:                15
INFO (CarpetX):   total cells updated:             61440
INFO (CarpetX):   average iterations per second: 15.4329
INFO (CarpetX):   average cell updates per second: 63213.2
INFO (CarpetX): OutputGH: iteration 16, time 0.062500, run time 2 s
INFO (CarpetX): OutputGH done.
INFO (CarpetX): Simulation time: 0.0625   Iterations per second: 15.4432   Simulation time per second: 0.0603249
INFO (CarpetX): Grid cells: 4096   Grid cell updates per second: 63255.2
INFO (CarpetX): Performance:
INFO (CarpetX):   total evolution time:            1.03642 sec
INFO (CarpetX):   total evolution compute time:    1.03629 sec
INFO (CarpetX):   total evolution output time:     0.000135183 sec
INFO (CarpetX):   total iterations:                16
INFO (CarpetX):   total cells updated:             65536
INFO (CarpetX):   average iterations per second: 15.4377
INFO (CarpetX):   average cell updates per second: 63233
INFO (CarpetX): OutputGH: iteration 17, time 0.066406, run time 2 s
INFO (CarpetX): OutputGH done.
INFO (CarpetX): Simulation time: 0.0664062   Iterations per second: 15.4448   Simulation time per second: 0.0603311
INFO (CarpetX): Grid cells: 4096   Grid cell updates per second: 63261.7
INFO (CarpetX): Performance:
INFO (CarpetX):   total evolution time:            1.10111 sec
INFO (CarpetX):   total evolution compute time:    1.10097 sec
INFO (CarpetX):   total evolution output time:     0.000142097 sec
INFO (CarpetX):   total iterations:                17
INFO (CarpetX):   total cells updated:             69632
INFO (CarpetX):   average iterations per second: 15.439
INFO (CarpetX):   average cell updates per second: 63238.1
INFO (CarpetX): OutputGH: iteration 18, time 0.070312, run time 2 s
INFO (CarpetX): OutputGH done.
INFO (CarpetX): Simulation time: 0.0703125   Iterations per second: 15.4498   Simulation time per second: 0.0603509
INFO (CarpetX): Grid cells: 4096   Grid cell updates per second: 63282.5
INFO (CarpetX): Performance:
INFO (CarpetX):   total evolution time:            1.16564 sec
INFO (CarpetX):   total evolution compute time:    1.16549 sec
INFO (CarpetX):   total evolution output time:     0.000149965 sec
INFO (CarpetX):   total iterations:                18
INFO (CarpetX):   total cells updated:             73728
INFO (CarpetX):   average iterations per second: 15.4421
INFO (CarpetX):   average cell updates per second: 63251
INFO (CarpetX): OutputGH: iteration 19, time 0.074219, run time 2 s
INFO (CarpetX): OutputGH done.
INFO (CarpetX): Simulation time: 0.0742188   Iterations per second: 15.4539   Simulation time per second: 0.0603667
INFO (CarpetX): Grid cells: 4096   Grid cell updates per second: 63299
INFO (CarpetX): Performance:
INFO (CarpetX):   total evolution time:            1.2302 sec
INFO (CarpetX):   total evolution compute time:    1.23004 sec
INFO (CarpetX):   total evolution output time:     0.000157833 sec
INFO (CarpetX):   total iterations:                19
INFO (CarpetX):   total cells updated:             77824
INFO (CarpetX):   average iterations per second: 15.4447
INFO (CarpetX):   average cell updates per second: 63261.3
INFO (CarpetX): OutputGH: iteration 20, time 0.078125, run time 2 s
INFO (CarpetX): OutputGH done.
INFO (CarpetX): Simulation time: 0.078125   Iterations per second: 15.4604   Simulation time per second: 0.0603922
INFO (CarpetX): Grid cells: 4096   Grid cell updates per second: 63325.8
INFO (CarpetX): Performance:
INFO (CarpetX):   total evolution time:            1.29463 sec
INFO (CarpetX):   total evolution compute time:    1.29447 sec
INFO (CarpetX):   total evolution output time:     0.000165939 sec
INFO (CarpetX):   total iterations:                20
INFO (CarpetX):   total cells updated:             81920
INFO (CarpetX):   average iterations per second: 15.4484
INFO (CarpetX):   average cell updates per second: 63276.6
INFO (CarpetX): OutputGH: iteration 21, time 0.082031, run time 2 s
INFO (CarpetX): OutputGH done.
INFO (CarpetX): Simulation time: 0.0820312   Iterations per second: 15.427   Simulation time per second: 0.0602616
INFO (CarpetX): Grid cells: 4096   Grid cell updates per second: 63188.9
INFO (CarpetX): Performance:
INFO (CarpetX):   total evolution time:            1.36072 sec
INFO (CarpetX):   total evolution compute time:    1.36054 sec
INFO (CarpetX):   total evolution output time:     0.000174046 sec
INFO (CarpetX):   total iterations:                21
INFO (CarpetX):   total cells updated:             86016
INFO (CarpetX):   average iterations per second: 15.433
INFO (CarpetX):   average cell updates per second: 63213.7
INFO (CarpetX): OutputGH: iteration 22, time 0.085938, run time 2 s
INFO (CarpetX): OutputGH done.
INFO (CarpetX): Simulation time: 0.0859375   Iterations per second: 15.4347   Simulation time per second: 0.0602918
INFO (CarpetX): Grid cells: 4096   Grid cell updates per second: 63220.5
INFO (CarpetX): Performance:
INFO (CarpetX):   total evolution time:            1.42521 sec
INFO (CarpetX):   total evolution compute time:    1.42503 sec
INFO (CarpetX):   total evolution output time:     0.000182152 sec
INFO (CarpetX):   total iterations:                22
INFO (CarpetX):   total cells updated:             90112
INFO (CarpetX):   average iterations per second: 15.4363
INFO (CarpetX):   average cell updates per second: 63227
INFO (CarpetX): OutputGH: iteration 23, time 0.089844, run time 2 s
INFO (CarpetX): OutputGH done.
INFO (CarpetX): Simulation time: 0.0898438   Iterations per second: 15.4385   Simulation time per second: 0.0603068
INFO (CarpetX): Grid cells: 4096   Grid cell updates per second: 63236.3
INFO (CarpetX): Performance:
INFO (CarpetX):   total evolution time:            1.48984 sec
INFO (CarpetX):   total evolution compute time:    1.48965 sec
INFO (CarpetX):   total evolution output time:     0.000190258 sec
INFO (CarpetX):   total iterations:                23
INFO (CarpetX):   total cells updated:             94208
INFO (CarpetX):   average iterations per second: 15.4379
INFO (CarpetX):   average cell updates per second: 63233.5
INFO (CarpetX): OutputGH: iteration 24, time 0.093750, run time 2 s
INFO (CarpetX): OutputGH done.
INFO (CarpetX): Simulation time: 0.09375   Iterations per second: 15.4491   Simulation time per second: 0.0603482
INFO (CarpetX): Grid cells: 4096   Grid cell updates per second: 63279.6
INFO (CarpetX): Performance:
INFO (CarpetX):   total evolution time:            1.55417 sec
INFO (CarpetX):   total evolution compute time:    1.55397 sec
INFO (CarpetX):   total evolution output time:     0.000198364 sec
INFO (CarpetX):   total iterations:                24
INFO (CarpetX):   total cells updated:             98304
INFO (CarpetX):   average iterations per second: 15.4423
INFO (CarpetX):   average cell updates per second: 63251.7
INFO (CarpetX): OutputGH: iteration 25, time 0.097656, run time 3 s
INFO (CarpetX): OutputGH done.
INFO (CarpetX): Simulation time: 0.0976562   Iterations per second: 15.3856   Simulation time per second: 0.0601
INFO (CarpetX): Grid cells: 4096   Grid cell updates per second: 63019.4
INFO (CarpetX): Performance:
INFO (CarpetX):   total evolution time:            1.62157 sec
INFO (CarpetX):   total evolution compute time:    1.62137 sec
INFO (CarpetX):   total evolution output time:     0.000205517 sec
INFO (CarpetX):   total iterations:                25
INFO (CarpetX):   total cells updated:             102400
INFO (CarpetX):   average iterations per second: 15.4171
INFO (CarpetX):   average cell updates per second: 63148.6
INFO (CarpetX): OutputGH: iteration 26, time 0.101562, run time 3 s
INFO (CarpetX): OutputGH done.
INFO (CarpetX): Simulation time: 0.101562   Iterations per second: 15.3938   Simulation time per second: 0.0601322
INFO (CarpetX): Grid cells: 4096   Grid cell updates per second: 63053.2
INFO (CarpetX): Performance:
INFO (CarpetX):   total evolution time:            1.68622 sec
INFO (CarpetX):   total evolution compute time:    1.68601 sec
INFO (CarpetX):   total evolution output time:     0.000213623 sec
INFO (CarpetX):   total iterations:                26
INFO (CarpetX):   total cells updated:             106496
INFO (CarpetX):   average iterations per second: 15.4191
INFO (CarpetX):   average cell updates per second: 63156.6
INFO (CarpetX): OutputGH: iteration 27, time 0.105469, run time 3 s
INFO (CarpetX): OutputGH done.
INFO (CarpetX): Simulation time: 0.105469   Iterations per second: 15.405   Simulation time per second: 0.0601757
INFO (CarpetX): Grid cells: 4096   Grid cell updates per second: 63098.7
INFO (CarpetX): Performance:
INFO (CarpetX):   total evolution time:            1.75071 sec
INFO (CarpetX):   total evolution compute time:    1.75049 sec
INFO (CarpetX):   total evolution output time:     0.000221491 sec
INFO (CarpetX):   total iterations:                27
INFO (CarpetX):   total cells updated:             110592
INFO (CarpetX):   average iterations per second: 15.4223
INFO (CarpetX):   average cell updates per second: 63169.7
INFO (CarpetX): OutputGH: iteration 28, time 0.109375, run time 3 s
INFO (CarpetX): OutputGH done.
INFO (CarpetX): Simulation time: 0.109375   Iterations per second: 15.4114   Simulation time per second: 0.0602007
INFO (CarpetX): Grid cells: 4096   Grid cell updates per second: 63125
INFO (CarpetX): Performance:
INFO (CarpetX):   total evolution time:            1.81536 sec
INFO (CarpetX):   total evolution compute time:    1.81513 sec
INFO (CarpetX):   total evolution output time:     0.000229597 sec
INFO (CarpetX):   total iterations:                28
INFO (CarpetX):   total cells updated:             114688
INFO (CarpetX):   average iterations per second: 15.424
INFO (CarpetX):   average cell updates per second: 63176.6
INFO (CarpetX): OutputGH: iteration 29, time 0.113281, run time 3 s
INFO (CarpetX): OutputGH done.
INFO (CarpetX): Simulation time: 0.113281   Iterations per second: 15.4165   Simulation time per second: 0.0602206
INFO (CarpetX): Grid cells: 4096   Grid cell updates per second: 63145.8
INFO (CarpetX): Performance:
INFO (CarpetX):   total evolution time:            1.88003 sec
INFO (CarpetX):   total evolution compute time:    1.87979 sec
INFO (CarpetX):   total evolution output time:     0.000237465 sec
INFO (CarpetX):   total iterations:                29
INFO (CarpetX):   total cells updated:             118784
INFO (CarpetX):   average iterations per second: 15.4253
INFO (CarpetX):   average cell updates per second: 63182
INFO (CarpetX): OutputGH: iteration 30, time 0.117188, run time 3 s
INFO (CarpetX): OutputGH done.
INFO (CarpetX): Simulation time: 0.117188   Iterations per second: 15.4236   Simulation time per second: 0.0602486
INFO (CarpetX): Grid cells: 4096   Grid cell updates per second: 63175.2
INFO (CarpetX): Performance:
INFO (CarpetX):   total evolution time:            1.94459 sec
INFO (CarpetX):   total evolution compute time:    1.94435 sec
INFO (CarpetX):   total evolution output time:     0.000244617 sec
INFO (CarpetX):   total iterations:                30
INFO (CarpetX):   total cells updated:             122880
INFO (CarpetX):   average iterations per second: 15.4274
INFO (CarpetX):   average cell updates per second: 63190.6
INFO (CarpetX): OutputGH: iteration 31, time 0.121094, run time 3 s
INFO (CarpetX): OutputGH done.
INFO (CarpetX): Simulation time: 0.121094   Iterations per second: 15.428   Simulation time per second: 0.0602657
INFO (CarpetX): Grid cells: 4096   Grid cell updates per second: 63193.1
INFO (CarpetX): Performance:
INFO (CarpetX):   total evolution time:            2.00925 sec
INFO (CarpetX):   total evolution compute time:    2.00899 sec
INFO (CarpetX):   total evolution output time:     0.000252724 sec
INFO (CarpetX):   total iterations:                31
INFO (CarpetX):   total cells updated:             126976
INFO (CarpetX):   average iterations per second: 15.4287
INFO (CarpetX):   average cell updates per second: 63195.9
INFO (CarpetX): OutputGH: iteration 32, time 0.125000, run time 3 s
INFO (CarpetX): OutputGH done.
INFO (CarpetX): Simulation time: 0.125   Iterations per second: 15.4322   Simulation time per second: 0.0602822
INFO (CarpetX): Grid cells: 4096   Grid cell updates per second: 63210.5
INFO (CarpetX): Performance:
INFO (CarpetX):   total evolution time:            2.07388 sec
INFO (CarpetX):   total evolution compute time:    2.07362 sec
INFO (CarpetX):   total evolution output time:     0.000259876 sec
INFO (CarpetX):   total iterations:                32
INFO (CarpetX):   total cells updated:             131072
INFO (CarpetX):   average iterations per second: 15.43
INFO (CarpetX):   average cell updates per second: 63201.2
INFO (CarpetX): OutputGH: iteration 33, time 0.128906, run time 3 s
INFO (CarpetX): OutputGH done.
INFO (CarpetX): Simulation time: 0.128906   Iterations per second: 15.4351   Simulation time per second: 0.0602935
INFO (CarpetX): Grid cells: 4096   Grid cell updates per second: 63222.3
INFO (CarpetX): Performance:
INFO (CarpetX):   total evolution time:            2.13856 sec
INFO (CarpetX):   total evolution compute time:    2.13829 sec
INFO (CarpetX):   total evolution output time:     0.000267744 sec
INFO (CarpetX):   total iterations:                33
INFO (CarpetX):   total cells updated:             135168
INFO (CarpetX):   average iterations per second: 15.4309
INFO (CarpetX):   average cell updates per second: 63205.1
INFO (CarpetX): OutputGH: iteration 34, time 0.132812, run time 3 s
INFO (CarpetX): OutputGH done.
INFO (CarpetX): Simulation time: 0.132812   Iterations per second: 15.442   Simulation time per second: 0.0603202
INFO (CarpetX): Grid cells: 4096   Grid cell updates per second: 63250.3
INFO (CarpetX): Performance:
INFO (CarpetX):   total evolution time:            2.20306 sec
INFO (CarpetX):   total evolution compute time:    2.20279 sec
INFO (CarpetX):   total evolution output time:     0.000274658 sec
INFO (CarpetX):   total iterations:                34
INFO (CarpetX):   total cells updated:             139264
INFO (CarpetX):   average iterations per second: 15.4331
INFO (CarpetX):   average cell updates per second: 63213.8
INFO (CarpetX): OutputGH: iteration 35, time 0.136719, run time 3 s
INFO (CarpetX): OutputGH done.
INFO (CarpetX): Simulation time: 0.136719   Iterations per second: 15.4502   Simulation time per second: 0.0603525
INFO (CarpetX): Grid cells: 4096   Grid cell updates per second: 63284.1
INFO (CarpetX): Performance:
INFO (CarpetX):   total evolution time:            2.26748 sec
INFO (CarpetX):   total evolution compute time:    2.26719 sec
INFO (CarpetX):   total evolution output time:     0.000281811 sec
INFO (CarpetX):   total iterations:                35
INFO (CarpetX):   total cells updated:             143360
INFO (CarpetX):   average iterations per second: 15.4357
INFO (CarpetX):   average cell updates per second: 63224.5
INFO (CarpetX): OutputGH: iteration 36, time 0.140625, run time 3 s
INFO (CarpetX): OutputGH done.
INFO (CarpetX): Simulation time: 0.140625   Iterations per second: 15.4515   Simulation time per second: 0.0603576
INFO (CarpetX): Grid cells: 4096   Grid cell updates per second: 63289.5
INFO (CarpetX): Performance:
INFO (CarpetX):   total evolution time:            2.33214 sec
INFO (CarpetX):   total evolution compute time:    2.33185 sec
INFO (CarpetX):   total evolution output time:     0.000289917 sec
INFO (CarpetX):   total iterations:                36
INFO (CarpetX):   total cells updated:             147456
INFO (CarpetX):   average iterations per second: 15.4364
INFO (CarpetX):   average cell updates per second: 63227.6
INFO (CarpetX): OutputGH: iteration 37, time 0.144531, run time 3 s
INFO (CarpetX): OutputGH done.
INFO (CarpetX): Simulation time: 0.144531   Iterations per second: 15.4542   Simulation time per second: 0.0603679
INFO (CarpetX): Grid cells: 4096   Grid cell updates per second: 63300.3
INFO (CarpetX): Performance:
INFO (CarpetX):   total evolution time:            2.39675 sec
INFO (CarpetX):   total evolution compute time:    2.39645 sec
INFO (CarpetX):   total evolution output time:     0.000298977 sec
INFO (CarpetX):   total iterations:                37
INFO (CarpetX):   total cells updated:             151552
INFO (CarpetX):   average iterations per second: 15.4376
INFO (CarpetX):   average cell updates per second: 63232.2
INFO (CarpetX): OutputGH: iteration 38, time 0.148438, run time 3 s
INFO (CarpetX): OutputGH done.
INFO (CarpetX): Simulation time: 0.148438   Iterations per second: 15.4552   Simulation time per second: 0.060372
INFO (CarpetX): Grid cells: 4096   Grid cell updates per second: 63304.6
INFO (CarpetX): Performance:
INFO (CarpetX):   total evolution time:            2.46142 sec
INFO (CarpetX):   total evolution compute time:    2.46111 sec
INFO (CarpetX):   total evolution output time:     0.000306845 sec
INFO (CarpetX):   total iterations:                38
INFO (CarpetX):   total cells updated:             155648
INFO (CarpetX):   average iterations per second: 15.4383
INFO (CarpetX):   average cell updates per second: 63235.2
INFO (CarpetX): OutputGH: iteration 39, time 0.152344, run time 3 s
INFO (CarpetX): OutputGH done.
INFO (CarpetX): Simulation time: 0.152344   Iterations per second: 15.4601   Simulation time per second: 0.0603912
INFO (CarpetX): Grid cells: 4096   Grid cell updates per second: 63324.7
INFO (CarpetX): Performance:
INFO (CarpetX):   total evolution time:            2.52591 sec
INFO (CarpetX):   total evolution compute time:    2.5256 sec
INFO (CarpetX):   total evolution output time:     0.000314713 sec
INFO (CarpetX):   total iterations:                39
INFO (CarpetX):   total cells updated:             159744
INFO (CarpetX):   average iterations per second: 15.44
INFO (CarpetX):   average cell updates per second: 63242.1
INFO (CarpetX): OutputGH: iteration 40, time 0.156250, run time 3 s
INFO (CarpetX): OutputGH done.
INFO (CarpetX): Simulation time: 0.15625   Iterations per second: 15.4662   Simulation time per second: 0.0604148
INFO (CarpetX): Grid cells: 4096   Grid cell updates per second: 63349.6
INFO (CarpetX): Performance:
INFO (CarpetX):   total evolution time:            2.59034 sec
INFO (CarpetX):   total evolution compute time:    2.59001 sec
INFO (CarpetX):   total evolution output time:     0.00033164 sec
INFO (CarpetX):   total iterations:                40
INFO (CarpetX):   total cells updated:             163840
INFO (CarpetX):   average iterations per second: 15.442
INFO (CarpetX):   average cell updates per second: 63250.3
INFO (CarpetX): OutputGH: iteration 41, time 0.160156, run time 4 s
INFO (CarpetX): OutputGH done.
INFO (CarpetX): Simulation time: 0.160156   Iterations per second: 15.4663   Simulation time per second: 0.0604152
INFO (CarpetX): Grid cells: 4096   Grid cell updates per second: 63350
INFO (CarpetX): Performance:
INFO (CarpetX):   total evolution time:            2.655 sec
INFO (CarpetX):   total evolution compute time:    2.65466 sec
INFO (CarpetX):   total evolution output time:     0.000339508 sec
INFO (CarpetX):   total iterations:                41
INFO (CarpetX):   total cells updated:             167936
INFO (CarpetX):   average iterations per second: 15.4426
INFO (CarpetX):   average cell updates per second: 63252.8
INFO (CarpetX): OutputGH: iteration 42, time 0.164062, run time 4 s
INFO (CarpetX): OutputGH done.
INFO (CarpetX): Simulation time: 0.164062   Iterations per second: 15.4665   Simulation time per second: 0.060416
INFO (CarpetX): Grid cells: 4096   Grid cell updates per second: 63350.7
INFO (CarpetX): Performance:
INFO (CarpetX):   total evolution time:            2.71964 sec
INFO (CarpetX):   total evolution compute time:    2.7193 sec
INFO (CarpetX):   total evolution output time:     0.000347376 sec
INFO (CarpetX):   total iterations:                42
INFO (CarpetX):   total cells updated:             172032
INFO (CarpetX):   average iterations per second: 15.4432
INFO (CarpetX):   average cell updates per second: 63255.3
INFO (CarpetX): OutputGH: iteration 43, time 0.167969, run time 4 s
INFO (CarpetX): OutputGH done.
INFO (CarpetX): Simulation time: 0.167969   Iterations per second: 15.4713   Simulation time per second: 0.060435
INFO (CarpetX): Grid cells: 4096   Grid cell updates per second: 63370.6
INFO (CarpetX): Performance:
INFO (CarpetX):   total evolution time:            2.7841 sec
INFO (CarpetX):   total evolution compute time:    2.78374 sec
INFO (CarpetX):   total evolution output time:     0.000355244 sec
INFO (CarpetX):   total iterations:                43
INFO (CarpetX):   total cells updated:             176128
INFO (CarpetX):   average iterations per second: 15.4449
INFO (CarpetX):   average cell updates per second: 63262.2
INFO (CarpetX): OutputGH: iteration 44, time 0.171875, run time 4 s
INFO (CarpetX): OutputGH done.
INFO (CarpetX): Simulation time: 0.171875   Iterations per second: 15.4722   Simulation time per second: 0.0604382
INFO (CarpetX): Grid cells: 4096   Grid cell updates per second: 63374
INFO (CarpetX): Performance:
INFO (CarpetX):   total evolution time:            2.8487 sec
INFO (CarpetX):   total evolution compute time:    2.84833 sec
INFO (CarpetX):   total evolution output time:     0.00036335 sec
INFO (CarpetX):   total iterations:                44
INFO (CarpetX):   total cells updated:             180224
INFO (CarpetX):   average iterations per second: 15.4457
INFO (CarpetX):   average cell updates per second: 63265.4
INFO (CarpetX): OutputGH: iteration 45, time 0.175781, run time 4 s
INFO (CarpetX): OutputGH done.
INFO (CarpetX): Simulation time: 0.175781   Iterations per second: 15.4738   Simulation time per second: 0.0604447
INFO (CarpetX): Grid cells: 4096   Grid cell updates per second: 63380.8
INFO (CarpetX): Performance:
INFO (CarpetX):   total evolution time:            2.91326 sec
INFO (CarpetX):   total evolution compute time:    2.91289 sec
INFO (CarpetX):   total evolution output time:     0.000370264 sec
INFO (CarpetX):   total iterations:                45
INFO (CarpetX):   total cells updated:             184320
INFO (CarpetX):   average iterations per second: 15.4466
INFO (CarpetX):   average cell updates per second: 63269.3
INFO (CarpetX): OutputGH: iteration 46, time 0.179688, run time 4 s
INFO (CarpetX): OutputGH done.
INFO (CarpetX): Simulation time: 0.179688   Iterations per second: 15.469   Simulation time per second: 0.0604258
INFO (CarpetX): Grid cells: 4096   Grid cell updates per second: 63361.1
INFO (CarpetX): Performance:
INFO (CarpetX):   total evolution time:            2.97809 sec
INFO (CarpetX):   total evolution compute time:    2.97771 sec
INFO (CarpetX):   total evolution output time:     0.00037837 sec
INFO (CarpetX):   total iterations:                46
INFO (CarpetX):   total cells updated:             188416
INFO (CarpetX):   average iterations per second: 15.4462
INFO (CarpetX):   average cell updates per second: 63267.4
INFO (CarpetX): OutputGH: iteration 47, time 0.183594, run time 4 s
INFO (CarpetX): OutputGH done.
INFO (CarpetX): Simulation time: 0.183594   Iterations per second: 15.4721   Simulation time per second: 0.0604379
INFO (CarpetX): Grid cells: 4096   Grid cell updates per second: 63373.7
INFO (CarpetX): Performance:
INFO (CarpetX):   total evolution time:            3.0426 sec
INFO (CarpetX):   total evolution compute time:    3.04222 sec
INFO (CarpetX):   total evolution output time:     0.000386477 sec
INFO (CarpetX):   total iterations:                47
INFO (CarpetX):   total cells updated:             192512
INFO (CarpetX):   average iterations per second: 15.4473
INFO (CarpetX):   average cell updates per second: 63272.1
INFO (CarpetX): OutputGH: iteration 48, time 0.187500, run time 4 s
INFO (CarpetX): OutputGH done.
INFO (CarpetX): Simulation time: 0.1875   Iterations per second: 15.4734   Simulation time per second: 0.0604429
INFO (CarpetX): Grid cells: 4096   Grid cell updates per second: 63379
INFO (CarpetX): Performance:
INFO (CarpetX):   total evolution time:            3.10718 sec
INFO (CarpetX):   total evolution compute time:    3.10679 sec
INFO (CarpetX):   total evolution output time:     0.000393629 sec
INFO (CarpetX):   total iterations:                48
INFO (CarpetX):   total cells updated:             196608
INFO (CarpetX):   average iterations per second: 15.4481
INFO (CarpetX):   average cell updates per second: 63275.3
INFO (CarpetX): OutputGH: iteration 49, time 0.191406, run time 4 s
INFO (CarpetX): OutputGH done.
INFO (CarpetX): Simulation time: 0.191406   Iterations per second: 15.4723   Simulation time per second: 0.0604385
INFO (CarpetX): Grid cells: 4096   Grid cell updates per second: 63374.4
INFO (CarpetX): Performance:
INFO (CarpetX):   total evolution time:            3.17186 sec
INFO (CarpetX):   total evolution compute time:    3.17145 sec
INFO (CarpetX):   total evolution output time:     0.000409603 sec
INFO (CarpetX):   total iterations:                49
INFO (CarpetX):   total cells updated:             200704
INFO (CarpetX):   average iterations per second: 15.4484
INFO (CarpetX):   average cell updates per second: 63276.5
INFO (CarpetX): OutputGH: iteration 50, time 0.195312, run time 4 s
INFO (CarpetX): OutputGH done.
INFO (CarpetX): Simulation time: 0.195312   Iterations per second: 15.4767   Simulation time per second: 0.0604558
INFO (CarpetX): Grid cells: 4096   Grid cell updates per second: 63392.5
INFO (CarpetX): Performance:
INFO (CarpetX):   total evolution time:            3.2363 sec
INFO (CarpetX):   total evolution compute time:    3.23589 sec
INFO (CarpetX):   total evolution output time:     0.000416517 sec
INFO (CarpetX):   total iterations:                50
INFO (CarpetX):   total cells updated:             204800
INFO (CarpetX):   average iterations per second: 15.4497
INFO (CarpetX):   average cell updates per second: 63282.1
INFO (CarpetX): OutputGH: iteration 51, time 0.199219, run time 4 s
INFO (CarpetX): OutputGH done.
INFO (CarpetX): Simulation time: 0.199219   Iterations per second: 15.4771   Simulation time per second: 0.0604574
INFO (CarpetX): Grid cells: 4096   Grid cell updates per second: 63394.2
INFO (CarpetX): Performance:
INFO (CarpetX):   total evolution time:            3.3009 sec
INFO (CarpetX):   total evolution compute time:    3.30048 sec
INFO (CarpetX):   total evolution output time:     0.000423431 sec
INFO (CarpetX):   total iterations:                51
INFO (CarpetX):   total cells updated:             208896
INFO (CarpetX):   average iterations per second: 15.4503
INFO (CarpetX):   average cell updates per second: 63284.6
INFO (CarpetX): OutputGH: iteration 52, time 0.203125, run time 4 s
INFO (CarpetX): OutputGH done.
INFO (CarpetX): Simulation time: 0.203125   Iterations per second: 15.4776   Simulation time per second: 0.0604592
INFO (CarpetX): Grid cells: 4096   Grid cell updates per second: 63396.1
INFO (CarpetX): Performance:
INFO (CarpetX):   total evolution time:            3.36549 sec
INFO (CarpetX):   total evolution compute time:    3.36506 sec
INFO (CarpetX):   total evolution output time:     0.000430346 sec
INFO (CarpetX):   total iterations:                52
INFO (CarpetX):   total cells updated:             212992
INFO (CarpetX):   average iterations per second: 15.4509
INFO (CarpetX):   average cell updates per second: 63287
INFO (CarpetX): OutputGH: iteration 53, time 0.207031, run time 4 s
INFO (CarpetX): OutputGH done.
INFO (CarpetX): Simulation time: 0.207031   Iterations per second: 15.4771   Simulation time per second: 0.0604575
INFO (CarpetX): Grid cells: 4096   Grid cell updates per second: 63394.3
INFO (CarpetX): Performance:
INFO (CarpetX):   total evolution time:            3.43012 sec
INFO (CarpetX):   total evolution compute time:    3.42968 sec
INFO (CarpetX):   total evolution output time:     0.000437498 sec
INFO (CarpetX):   total iterations:                53
INFO (CarpetX):   total cells updated:             217088
INFO (CarpetX):   average iterations per second: 15.4514
INFO (CarpetX):   average cell updates per second: 63288.8
INFO (CarpetX): OutputGH: iteration 54, time 0.210938, run time 4 s
INFO (CarpetX): OutputGH done.
INFO (CarpetX): Simulation time: 0.210938   Iterations per second: 15.4804   Simulation time per second: 0.0604702
INFO (CarpetX): Grid cells: 4096   Grid cell updates per second: 63407.6
INFO (CarpetX): Performance:
INFO (CarpetX):   total evolution time:            3.4946 sec
INFO (CarpetX):   total evolution compute time:    3.49415 sec
INFO (CarpetX):   total evolution output time:     0.000444412 sec
INFO (CarpetX):   total iterations:                54
INFO (CarpetX):   total cells updated:             221184
INFO (CarpetX):   average iterations per second: 15.4524
INFO (CarpetX):   average cell updates per second: 63293.2
INFO (CarpetX): OutputGH: iteration 55, time 0.214844, run time 4 s
INFO (CarpetX): OutputGH done.
INFO (CarpetX): Simulation time: 0.214844   Iterations per second: 15.4876   Simulation time per second: 0.0604984
INFO (CarpetX): Grid cells: 4096   Grid cell updates per second: 63437.2
INFO (CarpetX): Performance:
INFO (CarpetX):   total evolution time:            3.55889 sec
INFO (CarpetX):   total evolution compute time:    3.55844 sec
INFO (CarpetX):   total evolution output time:     0.000451326 sec
INFO (CarpetX):   total iterations:                55
INFO (CarpetX):   total cells updated:             225280
INFO (CarpetX):   average iterations per second: 15.4542
INFO (CarpetX):   average cell updates per second: 63300.6
INFO (CarpetX): OutputGH: iteration 56, time 0.218750, run time 5 s
INFO (CarpetX): OutputGH done.
INFO (CarpetX): Simulation time: 0.21875   Iterations per second: 15.4872   Simulation time per second: 0.0604969
INFO (CarpetX): Grid cells: 4096   Grid cell updates per second: 63435.6
INFO (CarpetX): Performance:
INFO (CarpetX):   total evolution time:            3.62348 sec
INFO (CarpetX):   total evolution compute time:    3.62302 sec
INFO (CarpetX):   total evolution output time:     0.000459194 sec
INFO (CarpetX):   total iterations:                56
INFO (CarpetX):   total cells updated:             229376
INFO (CarpetX):   average iterations per second: 15.4548
INFO (CarpetX):   average cell updates per second: 63302.7
INFO (CarpetX): OutputGH: iteration 57, time 0.222656, run time 5 s
INFO (CarpetX): OutputGH done.
INFO (CarpetX): Simulation time: 0.222656   Iterations per second: 15.4898   Simulation time per second: 0.0605071
INFO (CarpetX): Grid cells: 4096   Grid cell updates per second: 63446.3
INFO (CarpetX): Performance:
INFO (CarpetX):   total evolution time:            3.68794 sec
INFO (CarpetX):   total evolution compute time:    3.68747 sec
INFO (CarpetX):   total evolution output time:     0.0004673 sec
INFO (CarpetX):   total iterations:                57
INFO (CarpetX):   total cells updated:             233472
INFO (CarpetX):   average iterations per second: 15.4558
INFO (CarpetX):   average cell updates per second: 63306.9
INFO (CarpetX): OutputGH: iteration 58, time 0.226562, run time 5 s
INFO (CarpetX): OutputGH done.
INFO (CarpetX): Simulation time: 0.226562   Iterations per second: 15.4933   Simulation time per second: 0.0605208
INFO (CarpetX): Grid cells: 4096   Grid cell updates per second: 63460.7
INFO (CarpetX): Performance:
INFO (CarpetX):   total evolution time:            3.75235 sec
INFO (CarpetX):   total evolution compute time:    3.75187 sec
INFO (CarpetX):   total evolution output time:     0.000475407 sec
INFO (CarpetX):   total iterations:                58
INFO (CarpetX):   total cells updated:             237568
INFO (CarpetX):   average iterations per second: 15.457
INFO (CarpetX):   average cell updates per second: 63311.8
INFO (CarpetX): OutputGH: iteration 59, time 0.230469, run time 5 s
INFO (CarpetX): OutputGH done.
INFO (CarpetX): Simulation time: 0.230469   Iterations per second: 15.4932   Simulation time per second: 0.0605205
INFO (CarpetX): Grid cells: 4096   Grid cell updates per second: 63460.3
INFO (CarpetX): Performance:
INFO (CarpetX):   total evolution time:            3.8169 sec
INFO (CarpetX):   total evolution compute time:    3.81641 sec
INFO (CarpetX):   total evolution output time:     0.000483513 sec
INFO (CarpetX):   total iterations:                59
INFO (CarpetX):   total cells updated:             241664
INFO (CarpetX):   average iterations per second: 15.4576
INFO (CarpetX):   average cell updates per second: 63314.3
INFO (CarpetX): OutputGH: iteration 60, time 0.234375, run time 5 s
INFO (CarpetX): OutputGH done.
INFO (CarpetX): Simulation time: 0.234375   Iterations per second: 15.491   Simulation time per second: 0.0605119
INFO (CarpetX): Grid cells: 4096   Grid cell updates per second: 63451.3
INFO (CarpetX): Performance:
INFO (CarpetX):   total evolution time:            3.88153 sec
INFO (CarpetX):   total evolution compute time:    3.88104 sec
INFO (CarpetX):   total evolution output time:     0.000490427 sec
INFO (CarpetX):   total iterations:                60
INFO (CarpetX):   total cells updated:             245760
INFO (CarpetX):   average iterations per second: 15.4578
INFO (CarpetX):   average cell updates per second: 63315.2
INFO (CarpetX): OutputGH: iteration 61, time 0.238281, run time 5 s
INFO (CarpetX): OutputGH done.
INFO (CarpetX): Simulation time: 0.238281   Iterations per second: 15.4903   Simulation time per second: 0.0605089
INFO (CarpetX): Grid cells: 4096   Grid cell updates per second: 63448.2
INFO (CarpetX): Performance:
INFO (CarpetX):   total evolution time:            3.94612 sec
INFO (CarpetX):   total evolution compute time:    3.94562 sec
INFO (CarpetX):   total evolution output time:     0.000498533 sec
INFO (CarpetX):   total iterations:                61
INFO (CarpetX):   total cells updated:             249856
INFO (CarpetX):   average iterations per second: 15.4582
INFO (CarpetX):   average cell updates per second: 63316.9
INFO (CarpetX): OutputGH: iteration 62, time 0.242188, run time 5 s
INFO (CarpetX): OutputGH done.
INFO (CarpetX): Simulation time: 0.242188   Iterations per second: 15.4795   Simulation time per second: 0.0604668
INFO (CarpetX): Grid cells: 4096   Grid cell updates per second: 63404.1
INFO (CarpetX): Performance:
INFO (CarpetX):   total evolution time:            4.01112 sec
INFO (CarpetX):   total evolution compute time:    4.01062 sec
INFO (CarpetX):   total evolution output time:     0.000505447 sec
INFO (CarpetX):   total iterations:                62
INFO (CarpetX):   total cells updated:             253952
INFO (CarpetX):   average iterations per second: 15.457
INFO (CarpetX):   average cell updates per second: 63311.9
INFO (CarpetX): OutputGH: iteration 63, time 0.246094, run time 5 s
INFO (CarpetX): OutputGH done.
INFO (CarpetX): Simulation time: 0.246094   Iterations per second: 15.4814   Simulation time per second: 0.0604741
INFO (CarpetX): Grid cells: 4096   Grid cell updates per second: 63411.7
INFO (CarpetX): Performance:
INFO (CarpetX):   total evolution time:            4.07565 sec
INFO (CarpetX):   total evolution compute time:    4.07514 sec
INFO (CarpetX):   total evolution output time:     0.000512362 sec
INFO (CarpetX):   total iterations:                63
INFO (CarpetX):   total cells updated:             258048
INFO (CarpetX):   average iterations per second: 15.4577
INFO (CarpetX):   average cell updates per second: 63314.6
INFO (CarpetX): OutputGH: iteration 64, time 0.250000, run time 5 s
INFO (CarpetX): OutputGH done.
INFO (CarpetX): Simulation time: 0.25   Iterations per second: 8.0681   Simulation time per second: 0.031516
INFO (CarpetX): Grid cells: 4096   Grid cell updates per second: 33046.9
INFO (CarpetX): Performance:
INFO (CarpetX):   total evolution time:            4.73375 sec
INFO (CarpetX):   total evolution compute time:    4.14544 sec
INFO (CarpetX):   total evolution output time:     0.588316 sec
INFO (CarpetX):   total iterations:                64
INFO (CarpetX):   total cells updated:             262144
INFO (CarpetX):   average iterations per second: 13.5199
INFO (CarpetX):   average cell updates per second: 55377.6
INFO (CarpetX): Shutting down...
AMReX (25.11) finalized
--------------------------------------------------------------------------------
Done.
+ echo Stopping:
Stopping:
+ date
Mon May 25 23:52:32 UTC 2026
+ echo Done.
Done.
  Elapsed time: 6.1 s
