/home/runner/simulations/TestJob01_temp_1/output-0000/TEST/sim/CanudaX_BSSNMoL
Preparing:
+ set -e
+ cd output-0000-active
+ echo Checking:
Checking:
+ pwd
/home/runner/simulations/TestJob01_temp_1/output-0000/TEST/sim/CanudaX_BSSNMoL/output-0000-active
+ hostname
runnervmkkn4f
+ date
Tue Jul  7 13:07:18 UTC 2026
+ echo Environment:
Environment:
+ export CACTUS_NUM_PROCS=1
+ CACTUS_NUM_PROCS=1
+ export CACTUS_NUM_THREADS=2
+ CACTUS_NUM_THREADS=2
+ export GMON_OUT_PREFIX=gmon.out
+ GMON_OUT_PREFIX=gmon.out
+ export OMP_NUM_THREADS=2
+ OMP_NUM_THREADS=2
+ env
+ sort
+ echo Starting:
Starting:
++ date +%s
+ export CACTUS_STARTTIME=1783429638
+ CACTUS_STARTTIME=1783429638
+ '[' 1 = 1 ']'
+ '[' 0 -eq 0 ']'
+ /home/runner/simulations/TestJob01_temp_1/SIMFACTORY/exe/cactus_sim -L 3 /home/runner/simulations/TestJob01_temp_1/output-0000/arrangements/CanudaX/CanudaX_BSSNMoL/test/gaugewave.par
INFO (Cactus): Increased logging level from 0 to 3
--------------------------------------------------------------------------------

       10                                  
  1   0101       ************************  
  01  1010 10      The Cactus Code V4.20.0    
 1010 1101 011      www.cactuscode.org     
  1001 100101    ************************  
    00010101                               
     100011     (c) Copyright The Authors  
      0100      GNU Licensed. No Warranty  
      0101                                 
--------------------------------------------------------------------------------

Cactus version:    4.20.0
Compile date:      Jul 07 2026 (13:04:30)
Run date:          Jul 07 2026 (13:07:19+0000)
Run host:          runnervmkkn4f.evz1atmcliiexf3fmmiqzozgad.ex.internal.cloudapp.net (pid=168942)
Working directory: /home/runner/simulations/TestJob01_temp_1/output-0000/TEST/sim/CanudaX_BSSNMoL
Executable:        /home/runner/simulations/TestJob01_temp_1/SIMFACTORY/exe/cactus_sim
Parameter file:    /home/runner/simulations/TestJob01_temp_1/output-0000/arrangements/CanudaX/CanudaX_BSSNMoL/test/gaugewave.par
--------------------------------------------------------------------------------

Activating thorn Cactus...Success -> active implementation Cactus
Activation requested for 
--->ADMBaseX CanudaX_BSSNMoL CanudaX_ExactID CarpetX IOUtil ODESolvers TmunuBaseX<---
Thorn ADMBaseX requests automatic activation of Loop
Thorn CarpetX requests automatic activation of AMReX
Thorn CarpetX requests automatic activation of MPI
Thorn CarpetX requests automatic activation of yaml_cpp
Thorn CarpetX requests automatic activation of zlib
Thorn CarpetX requests automatic activation of Arith
Thorn CarpetX requests automatic activation of CarpetXRegrid
Thorn CarpetX requests automatic activation of ADIOS2
Thorn CarpetX requests automatic activation of openPMD
Thorn CarpetX requests automatic activation of Silo
Thorn ADIOS2 requests automatic activation of CMake
Thorn Arith requests automatic activation of NSIMD
Thorn MPI requests automatic activation of hwloc
Thorn openPMD requests automatic activation of HDF5
Activating thorn ADIOS2...Success -> active implementation ADIOS2
Activating thorn ADMBaseX...Success -> active implementation ADMBaseX
Activating thorn AMReX...Success -> active implementation AMReX
Activating thorn Arith...Success -> active implementation Arith
Activating thorn CanudaX_BSSNMoL...Success -> active implementation CanudaX_BSSNMoL
Activating thorn CanudaX_ExactID...Success -> active implementation CanudaX_ExactID
Activating thorn CarpetX...Success -> active implementation Driver
Activating thorn CarpetXRegrid...Success -> active implementation CarpetXRegrid
Activating thorn CMake...Success -> active implementation CMake
Activating thorn HDF5...Success -> active implementation HDF5
Activating thorn hwloc...Success -> active implementation hwloc
Activating thorn IOUtil...Success -> active implementation IO
Activating thorn Loop...Success -> active implementation Loop
Activating thorn MPI...Success -> active implementation MPI
Activating thorn NSIMD...Success -> active implementation NSIMD
Activating thorn ODESolvers...Success -> active implementation ODESolvers
Activating thorn openPMD...Success -> active implementation openPMD
Activating thorn Silo...Success -> active implementation Silo
Activating thorn TmunuBaseX...Success -> active implementation TmunuBaseX
Activating thorn yaml_cpp...Success -> active implementation yaml_cpp
Activating thorn zlib...Success -> active implementation zlib
--------------------------------------------------------------------------------
  if (recover initial data)
    Recover parameters
  endif

  Startup routines
    [CCTK_STARTUP]
      CarpetX::Driver_Startup: Start up the driver
      IOUtil::IOUtil_Startup: Startup routine
      GROUP hwloc_startup: hwloc startup group
        hwloc::hwloc_version: Output hwloc version

  Startup routines which need an existing grid hierarchy
    [CCTK_WRAGH]
      Arith::Test_smallvector: [meta] Test small vectors
      Arith::Test_spvect: [meta] Test sparse vectors
      ODESolvers::ODESolvers_InitConstants: [global] Set up dummy loop counters for schedule printout
  Parameter checking routines
    [CCTK_PARAMCHECK]
      CanudaX_BSSNMoL::CanudaX_BSSNMoL_paramcheck: Check CanudaX_BSSNMoL parameters for consistency

  Initialisation
    if (NOT (recover initial data AND recovery_mode is 'strict'))
      [CCTK_PREREGRIDINITIAL]
      Set up grid hierarchy
      [CCTK_POSTREGRIDINITIAL]
      [CCTK_BASEGRID]
        CarpetXRegrid::CarpetXRegrid_InitError: Initialize regridding error to zero
        GROUP ODESolvers_BaseGrid: Set up constants (e.g. coordinates) everywhere on the grid
      [CCTK_INITIAL]
        GROUP TmunuBaseX_SetTmunuVars: Schedule group for setting T_munu
          TmunuBaseX::TmunuBaseX_ZeroTmunu: Set T_munu to zero
          GROUP TmunuBaseX_AddToTmunu: Add to T_munu here
        GROUP ODESolvers_Initial: Set up initial conditions on interior of state vector
          GROUP ADMBaseX_InitialData: Schedule group for calculating ADM initial data
            GROUP CanudaX_ExactIDGroup: CanudaX_ExactID group for setting up initial data
              CanudaX_ExactID::CanudaX_ExactID_GaugeWave: [local] Create gauge wave initial data
          GROUP ADMBaseX_InitialGauge: Schedule group for the ADM initial gauge condition
            ADMBaseX::ADMBaseX_initial_dtlapse: Set dtlapse to zero
            ADMBaseX::ADMBaseX_initial_dtshift: Set dtshift to zero
          GROUP ADMBaseX_PostInitial: Schedule group for modifying the ADM initial data, such as e.g. adding noise
        GROUP CanudaX_BSSNMoL_InitialGroup: CanudaX_BSSNMoL: initial bin
          CanudaX_BSSNMoL::CanudaX_BSSNMoL_adm2bssn: [local] Convert initial data into BSSN variables
          CanudaX_BSSNMoL::CanudaX_BSSNMoL_gammat: [local] Set Gammat initial data
      [CCTK_POSTINITIAL]
        GROUP ODESolvers_PostStep: Apply boundary conditions to state vector, and project if necessary
          GROUP CanudaX_BSSNMoL_PostStepGroup: CanudaX_BSSNMoL: post-step operations
            CanudaX_BSSNMoL::CanudaX_BSSNMoL_impose_conf_fac_floor: Make sure conformal factor does not drop below specified value
            CanudaX_BSSNMoL::CanudaX_BSSNMoL_reset_detmetric: reset dethh = 1
            CanudaX_BSSNMoL::CanudaX_BSSNMoL_remove_trA: Remove trace of A
            CanudaX_BSSNMoL::CanudaX_BSSNMoL_sync: [global] Sync state vector
            CanudaX_BSSNMoL::CanudaX_BSSNMoL_bssn2adm: [local] Convert variables back to the ADM ones
          GROUP ADMBaseX_SetADMRHS: Set ADM RHS variables in this group
          GROUP ADMBaseX_SetADMVars: Set ADM variables in this group
          GROUP TmunuBaseX_SetTmunuVars: Schedule group for setting T_munu
            TmunuBaseX::TmunuBaseX_ZeroTmunu: Set T_munu to zero
            GROUP TmunuBaseX_AddToTmunu: Add to T_munu here
        GROUP ODESolvers_EstimateError: Estimate discretization error (for regridding)
      Initialise finer grids recursively
      Restrict from finer grids
      [CCTK_POSTRESTRICTINITIAL]
      [CCTK_POSTPOSTINITIAL]
      [CCTK_POSTSTEP]
        GROUP ODESolvers_EstimateError: Estimate discretization error (for regridding)
    endif
    if (recover initial data)
      [CCTK_BASEGRID]
        CarpetXRegrid::CarpetXRegrid_InitError: Initialize regridding error to zero
        GROUP ODESolvers_BaseGrid: Set up constants (e.g. coordinates) everywhere on the grid
      [CCTK_RECOVER_VARIABLES]
      [CCTK_POST_RECOVER_VARIABLES]
        GROUP ODESolvers_PostStep: Apply boundary conditions to state vector, and project if necessary
          GROUP CanudaX_BSSNMoL_PostStepGroup: CanudaX_BSSNMoL: post-step operations
            CanudaX_BSSNMoL::CanudaX_BSSNMoL_impose_conf_fac_floor: Make sure conformal factor does not drop below specified value
            CanudaX_BSSNMoL::CanudaX_BSSNMoL_reset_detmetric: reset dethh = 1
            CanudaX_BSSNMoL::CanudaX_BSSNMoL_remove_trA: Remove trace of A
            CanudaX_BSSNMoL::CanudaX_BSSNMoL_sync: [global] Sync state vector
            CanudaX_BSSNMoL::CanudaX_BSSNMoL_bssn2adm: [local] Convert variables back to the ADM ones
          GROUP ADMBaseX_SetADMRHS: Set ADM RHS variables in this group
          GROUP ADMBaseX_SetADMVars: Set ADM variables in this group
          GROUP TmunuBaseX_SetTmunuVars: Schedule group for setting T_munu
            TmunuBaseX::TmunuBaseX_ZeroTmunu: Set T_munu to zero
            GROUP TmunuBaseX_AddToTmunu: Add to T_munu here
        GROUP ODESolvers_EstimateError: Estimate discretization error (for regridding)
    endif
    if (checkpoint initial data)
      [CCTK_CPINITIAL]
        CarpetX::CarpetX_CheckpointInitial: [meta] Checkpoint initial conditions
    endif
    if (analysis)
      [CCTK_ANALYSIS]
        CanudaX_BSSNMoL::CanudaX_BSSNMoL_bssn_constraints: Compute constraints
        GROUP ODESolvers_Analysis: Calculate analysis quantities everywhere
  endif
  Output grid variables

  do loop over timesteps
    [CCTK_PREREGRID]
    Change grid hierarchy
    [CCTK_POSTREGRID]
      GROUP ODESolvers_PostStep: Apply boundary conditions to state vector, and project if necessary
        GROUP CanudaX_BSSNMoL_PostStepGroup: CanudaX_BSSNMoL: post-step operations
          CanudaX_BSSNMoL::CanudaX_BSSNMoL_impose_conf_fac_floor: Make sure conformal factor does not drop below specified value
          CanudaX_BSSNMoL::CanudaX_BSSNMoL_reset_detmetric: reset dethh = 1
          CanudaX_BSSNMoL::CanudaX_BSSNMoL_remove_trA: Remove trace of A
          CanudaX_BSSNMoL::CanudaX_BSSNMoL_sync: [global] Sync state vector
          CanudaX_BSSNMoL::CanudaX_BSSNMoL_bssn2adm: [local] Convert variables back to the ADM ones
        GROUP ADMBaseX_SetADMRHS: Set ADM RHS variables in this group
        GROUP ADMBaseX_SetADMVars: Set ADM variables in this group
        GROUP TmunuBaseX_SetTmunuVars: Schedule group for setting T_munu
          TmunuBaseX::TmunuBaseX_ZeroTmunu: Set T_munu to zero
          GROUP TmunuBaseX_AddToTmunu: Add to T_munu here
    Rotate timelevels
    iteration = iteration+1
    t = t+dt
    [CCTK_PRESTEP]
    [CCTK_EVOL]
      ODESolvers::ODESolvers_Solve: [level] Solve ODEs
      while (ODESolvers::do_substeps)
        GROUP ODESolvers_CalledBySolve: Groups internally scheduled by ODESolvers_Solve
          GROUP ODESolvers_RHS: Evaluate the RHS for of state vector everywhere on the grid
            GROUP CanudaX_BSSNMoL_RHSGroup: CanudaX_BSSNMoL: calculate BSSN RHS
              CanudaX_BSSNMoL::CanudaX_BSSNMoL_calc_bssn_rhs: MoL RHS calculation
              CanudaX_BSSNMoL::CanudaX_BSSNMoL_apply_boundary_conditions: Apply radiative boundary conditions 
          GROUP ODESolvers_PostStep: Apply boundary conditions to state vector, and project if necessary
            GROUP CanudaX_BSSNMoL_PostStepGroup: CanudaX_BSSNMoL: post-step operations
              CanudaX_BSSNMoL::CanudaX_BSSNMoL_impose_conf_fac_floor: Make sure conformal factor does not drop below specified value
              CanudaX_BSSNMoL::CanudaX_BSSNMoL_reset_detmetric: reset dethh = 1
              CanudaX_BSSNMoL::CanudaX_BSSNMoL_remove_trA: Remove trace of A
              CanudaX_BSSNMoL::CanudaX_BSSNMoL_sync: [global] Sync state vector
              CanudaX_BSSNMoL::CanudaX_BSSNMoL_bssn2adm: [local] Convert variables back to the ADM ones
            GROUP ADMBaseX_SetADMRHS: Set ADM RHS variables in this group
            GROUP ADMBaseX_SetADMVars: Set ADM variables in this group
            GROUP TmunuBaseX_SetTmunuVars: Schedule group for setting T_munu
              TmunuBaseX::TmunuBaseX_ZeroTmunu: Set T_munu to zero
              GROUP TmunuBaseX_AddToTmunu: Add to T_munu here
      end while
    Evolve finer grids recursively
    Restrict from finer grids
    [CCTK_POSTRESTRICT]
      GROUP ODESolvers_PostStep: Apply boundary conditions to state vector, and project if necessary
        GROUP CanudaX_BSSNMoL_PostStepGroup: CanudaX_BSSNMoL: post-step operations
          CanudaX_BSSNMoL::CanudaX_BSSNMoL_impose_conf_fac_floor: Make sure conformal factor does not drop below specified value
          CanudaX_BSSNMoL::CanudaX_BSSNMoL_reset_detmetric: reset dethh = 1
          CanudaX_BSSNMoL::CanudaX_BSSNMoL_remove_trA: Remove trace of A
          CanudaX_BSSNMoL::CanudaX_BSSNMoL_sync: [global] Sync state vector
          CanudaX_BSSNMoL::CanudaX_BSSNMoL_bssn2adm: [local] Convert variables back to the ADM ones
        GROUP ADMBaseX_SetADMRHS: Set ADM RHS variables in this group
        GROUP ADMBaseX_SetADMVars: Set ADM variables in this group
        GROUP TmunuBaseX_SetTmunuVars: Schedule group for setting T_munu
          TmunuBaseX::TmunuBaseX_ZeroTmunu: Set T_munu to zero
          GROUP TmunuBaseX_AddToTmunu: Add to T_munu here
    [CCTK_POSTSTEP]
      GROUP ODESolvers_EstimateError: Estimate discretization error (for regridding)
    if (checkpoint)
      [CCTK_CHECKPOINT]
      CarpetX::CarpetX_Checkpoint: [meta] Checkpoint
    endif
    if (analysis)
      [CCTK_ANALYSIS]
      CanudaX_BSSNMoL::CanudaX_BSSNMoL_bssn_constraints: Compute constraints
      GROUP ODESolvers_Analysis: Calculate analysis quantities everywhere
    endif
    Output grid variables
    enddo

  Termination routines
    [CCTK_TERMINATE]
      CarpetX::CarpetX_CheckpointTerminate: [meta] Checkpoint before terminating

  Shutdown routines
    [CCTK_SHUTDOWN]
      CarpetX::Driver_Shutdown: [meta] Shut down the driver

  Routines run after changing the grid hierarchy:
    [CCTK_POSTREGRID]
      GROUP ODESolvers_PostStep: Apply boundary conditions to state vector, and project if necessary
        GROUP CanudaX_BSSNMoL_PostStepGroup: CanudaX_BSSNMoL: post-step operations
          CanudaX_BSSNMoL::CanudaX_BSSNMoL_impose_conf_fac_floor: Make sure conformal factor does not drop below specified value
          CanudaX_BSSNMoL::CanudaX_BSSNMoL_reset_detmetric: reset dethh = 1
          CanudaX_BSSNMoL::CanudaX_BSSNMoL_remove_trA: Remove trace of A
          CanudaX_BSSNMoL::CanudaX_BSSNMoL_sync: [global] Sync state vector
          CanudaX_BSSNMoL::CanudaX_BSSNMoL_bssn2adm: [local] Convert variables back to the ADM ones
        GROUP ADMBaseX_SetADMRHS: Set ADM RHS variables in this group
        GROUP ADMBaseX_SetADMVars: Set ADM variables in this group
        GROUP TmunuBaseX_SetTmunuVars: Schedule group for setting T_munu
          TmunuBaseX::TmunuBaseX_ZeroTmunu: Set T_munu to zero
          GROUP TmunuBaseX_AddToTmunu: Add to T_munu here
--------------------------------------------------------------------------------
INFO (hwloc): library version 2.10.0, API version 0x20800
--------------------------------------------------------------------------------

  [34m  ▕▏  [34m  ▕▏  [34m  ▕▏  [34m  ▕▏  [34m  ▕▏  [34m  ▕▏  [34m  ▕▏  [34m  ▕▏  [34m  ▕▏  [39m  
  [34m──██──[34m──██──[34m──██──[34m──██──[34m──██──[34m──██──[34m──██──[34m──██──[34m──██──[39m  
  [34m  ▕▏  [34m  ▕▏  [34m  ▕▏  [34m  ▕▏  [34m  ▕▏  [34m  ▕▏  [34m  ▕▏  [34m  ▕▏  [34m  ▕▏  [39m  
  [34m  ▕▏  [32m██████[34m  ▕▏  [34m  ▕▏  [32m██████[34m  ▕▏  [34m  ▕▏  [32m██████[34m  ▕▏  [39m  
  [34m──██──[32m██████[34m──██──[34m──██──[32m██████[34m──██──[34m──██──[32m██████[34m──██──[39m  
  [34m  ▕▏  [32m██████[34m  ▕▏  [34m  ▕▏  [32m██████[34m  ▕▏  [34m  ▕▏  [32m██████[34m  ▕▏  [39m  
  [34m  ▕▏  [34m  ▕▏  [34m  ▕▏  [34m  ▕▏  [34m  ▕▏  [34m  ▕▏  [34m  ▕▏  [34m  ▕▏  [34m  ▕▏  [39m  
  [34m──██──[34m──██──[34m──██──[34m──██──[34m──██──[34m──██──[34m──██──[34m──██──[34m──██──[39m  
  [34m  ▕▏  [34m  ▕▏  [34m  ▕▏  [34m  ▕▏  [34m  ▕▏  [34m  ▕▏  [34m  ▕▏  [34m  ▕▏  [34m  ▕▏  [39m  
  [34m  ▕▏  [34m  ▕▏  [34m  ▕▏  [31m██████[31m██████[31m██████[34m  ▕▏  [34m  ▕▏  [34m  ▕▏  [39m  
  [34m──██──[34m──██──[34m──██──[31m██████[31m██████[31m██████[34m──██──[34m──██──[34m──██──[39m  
  [34m  ▕▏  [34m  ▕▏  [34m  ▕▏  [31m██████[31m██████[31m██████[34m  ▕▏  [34m  ▕▏  [34m  ▕▏  [39m  
  [34m  ▕▏  [32m██████[34m  ▕▏  [31m██████[31m██████[31m██████[34m  ▕▏  [32m██████[34m  ▕▏  [39m  
  [34m──██──[32m██████[34m──██──[31m██████[31m██████[31m██████[34m──██──[32m██████[34m──██──[39m  
  [34m  ▕▏  [32m██████[34m  ▕▏  [31m██████[31m██████[31m██████[34m  ▕▏  [32m██████[34m  ▕▏  [39m  
  [34m  ▕▏  [34m  ▕▏  [34m  ▕▏  [31m██████[31m██████[31m██████[34m  ▕▏  [34m  ▕▏  [34m  ▕▏  [39m  
  [34m──██──[34m──██──[34m──██──[31m██████[31m██████[31m██████[34m──██──[34m──██──[34m──██──[39m  
  [34m  ▕▏  [34m  ▕▏  [34m  ▕▏  [31m██████[31m██████[31m██████[34m  ▕▏  [34m  ▕▏  [34m  ▕▏  [39m  
  [34m  ▕▏  [34m  ▕▏  [34m  ▕▏  [34m  ▕▏  [34m  ▕▏  [34m  ▕▏  [34m  ▕▏  [34m  ▕▏  [34m  ▕▏  [39m  
  [34m──██──[34m──██──[34m──██──[34m──██──[34m──██──[34m──██──[34m──██──[34m──██──[34m──██──[39m  
  [34m  ▕▏  [34m  ▕▏  [34m  ▕▏  [34m  ▕▏  [34m  ▕▏  [34m  ▕▏  [34m  ▕▏  [34m  ▕▏  [34m  ▕▏  [39m  
  [34m  ▕▏  [32m██████[34m  ▕▏  [34m  ▕▏  [32m██████[34m  ▕▏  [34m  ▕▏  [32m██████[34m  ▕▏  [39m  
  [34m──██──[32m██████[34m──██──[34m──██──[32m██████[34m──██──[34m──██──[32m██████[34m──██──[39m  
  [34m  ▕▏  [32m██████[34m  ▕▏  [34m  ▕▏  [32m██████[34m  ▕▏  [34m  ▕▏  [32m██████[34m  ▕▏  [39m  
  [34m  ▕▏  [34m  ▕▏  [34m  ▕▏  [34m  ▕▏  [34m  ▕▏  [34m  ▕▏  [34m  ▕▏  [34m  ▕▏  [34m  ▕▏  [39m  
  [34m──██──[34m──██──[34m──██──[34m──██──[34m──██──[34m──██──[34m──██──[34m──██──[34m──██──[39m  
  [34m  ▕▏  [34m  ▕▏  [34m  ▕▏  [34m  ▕▏  [34m  ▕▏  [34m  ▕▏  [34m  ▕▏  [34m  ▕▏  [34m  ▕▏  [39m  

AMR driver provided by CarpetX,
using AMReX 25.11 (MPI, OpenMP, no accelerators, debug)
--------------------------------------------------------------------------------

Initializing AMReX (25.11)...
MPI initialized with 1 MPI processes
MPI initialized with thread support level 2
OMP initialized with 2 OMP threads
AMReX (25.11) initialized
INFO (CarpetX): 
Symmetries:
  lower x: periodic
  lower y: periodic
  lower z: periodic
  upper x: periodic
  upper y: periodic
  upper z: periodic
Default boundaries:
  lower x: symmetry_boundary
  lower y: symmetry_boundary
  lower z: symmetry_boundary
  upper x: symmetry_boundary
  upper y: symmetry_boundary
  upper z: symmetry_boundary
INFO (Arith): Test_smallvector
INFO (Arith): Test_spvect
INFO (CarpetX): Setting initial values for max_grid_size values for all levels
INFO (CarpetX): Setting up initial conditions...
INFO (CarpetX): Iteration: 0   time: 0   delta_time: 0.00390625
INFO (CarpetX): Patch 0:
INFO (CarpetX):   Grid extent:
INFO (CarpetX):     gsh=[71,15,15]
INFO (CarpetX):     blocking_factor=[8,8,8]
INFO (CarpetX):     max_grid_size=[10000000,10000000,10000000]
INFO (CarpetX):     max_tile_size=[1024000,16,32]
INFO (CarpetX):   Domain extent:
INFO (CarpetX):     xmin=[-0.5,-0.0625,-0.0625]
INFO (CarpetX):     xmax=[0.5,0.0625,0.0625]
INFO (CarpetX):     base dx=[0.015625,0.015625,0.015625]
INFO (CarpetX): Initializing level 0...
INFO (CanudaX_ExactID): Begin Gauge Wave initial data
INFO (CanudaX_ExactID): === End gauge wave initial data ===
INFO (CarpetX): Regridding...
INFO (CarpetX):   level 0: 1 boxes, 4096 cells (100%)
INFO (CarpetX): Initialized 1 levels
INFO (CarpetX): OutputGH: iteration 0, time 0.000000, run time 1 s
INFO (CarpetX): OutputGH done.
INFO (CarpetX): Starting evolution...
INFO (ODESolvers): ODE integrator is RK4
INFO (CarpetX): OutputGH: iteration 1, time 0.003906, run time 1 s
INFO (CarpetX): OutputGH done.
INFO (CarpetX): Simulation time: 0.00390625   Iterations per second: 18.9028   Simulation time per second: 0.0738391
INFO (CarpetX): Grid cells: 4096   Grid cell updates per second: 77425.9
INFO (CarpetX): Performance:
INFO (CarpetX):   total evolution time:            0.0529022 sec
INFO (CarpetX):   total evolution compute time:    0.0528972 sec
INFO (CarpetX):   total evolution output time:     5.00679e-06 sec
INFO (CarpetX):   total iterations:                1
INFO (CarpetX):   total cells updated:             4096
INFO (CarpetX):   average iterations per second: 18.9028
INFO (CarpetX):   average cell updates per second: 77425.9
INFO (CarpetX): OutputGH: iteration 2, time 0.007812, run time 1 s
INFO (CarpetX): OutputGH done.
INFO (CarpetX): Simulation time: 0.0078125   Iterations per second: 19.4003   Simulation time per second: 0.0757824
INFO (CarpetX): Grid cells: 4096   Grid cell updates per second: 79463.6
INFO (CarpetX): Performance:
INFO (CarpetX):   total evolution time:            0.103091 sec
INFO (CarpetX):   total evolution compute time:    0.103081 sec
INFO (CarpetX):   total evolution output time:     1.00136e-05 sec
INFO (CarpetX):   total iterations:                2
INFO (CarpetX):   total cells updated:             8192
INFO (CarpetX):   average iterations per second: 19.4003
INFO (CarpetX):   average cell updates per second: 79463.6
INFO (CarpetX): OutputGH: iteration 3, time 0.011719, run time 1 s
INFO (CarpetX): OutputGH done.
INFO (CarpetX): Simulation time: 0.0117188   Iterations per second: 19.577   Simulation time per second: 0.0764725
INFO (CarpetX): Grid cells: 4096   Grid cell updates per second: 80187.2
INFO (CarpetX): Performance:
INFO (CarpetX):   total evolution time:            0.153241 sec
INFO (CarpetX):   total evolution compute time:    0.153227 sec
INFO (CarpetX):   total evolution output time:     1.40667e-05 sec
INFO (CarpetX):   total iterations:                3
INFO (CarpetX):   total cells updated:             12288
INFO (CarpetX):   average iterations per second: 19.577
INFO (CarpetX):   average cell updates per second: 80187.2
INFO (CarpetX): OutputGH: iteration 4, time 0.015625, run time 1 s
INFO (CarpetX): OutputGH done.
INFO (CarpetX): Simulation time: 0.015625   Iterations per second: 19.6721   Simulation time per second: 0.0768442
INFO (CarpetX): Grid cells: 4096   Grid cell updates per second: 80577
INFO (CarpetX): Performance:
INFO (CarpetX):   total evolution time:            0.203333 sec
INFO (CarpetX):   total evolution compute time:    0.203313 sec
INFO (CarpetX):   total evolution output time:     2.00272e-05 sec
INFO (CarpetX):   total iterations:                4
INFO (CarpetX):   total cells updated:             16384
INFO (CarpetX):   average iterations per second: 19.6721
INFO (CarpetX):   average cell updates per second: 80577
INFO (CarpetX): OutputGH: iteration 5, time 0.019531, run time 2 s
INFO (CarpetX): OutputGH done.
INFO (CarpetX): Simulation time: 0.0195312   Iterations per second: 19.7134   Simulation time per second: 0.0770055
INFO (CarpetX): Grid cells: 4096   Grid cell updates per second: 80746.1
INFO (CarpetX): Performance:
INFO (CarpetX):   total evolution time:            0.253634 sec
INFO (CarpetX):   total evolution compute time:    0.253605 sec
INFO (CarpetX):   total evolution output time:     2.90871e-05 sec
INFO (CarpetX):   total iterations:                5
INFO (CarpetX):   total cells updated:             20480
INFO (CarpetX):   average iterations per second: 19.7134
INFO (CarpetX):   average cell updates per second: 80746.1
INFO (CarpetX): OutputGH: iteration 6, time 0.023438, run time 2 s
INFO (CarpetX): OutputGH done.
INFO (CarpetX): Simulation time: 0.0234375   Iterations per second: 19.7471   Simulation time per second: 0.0771372
INFO (CarpetX): Grid cells: 4096   Grid cell updates per second: 80884.3
INFO (CarpetX): Performance:
INFO (CarpetX):   total evolution time:            0.303842 sec
INFO (CarpetX):   total evolution compute time:    0.303804 sec
INFO (CarpetX):   total evolution output time:     3.71933e-05 sec
INFO (CarpetX):   total iterations:                6
INFO (CarpetX):   total cells updated:             24576
INFO (CarpetX):   average iterations per second: 19.7471
INFO (CarpetX):   average cell updates per second: 80884.3
INFO (CarpetX): OutputGH: iteration 7, time 0.027344, run time 2 s
INFO (CarpetX): OutputGH done.
INFO (CarpetX): Simulation time: 0.0273438   Iterations per second: 19.7512   Simulation time per second: 0.0771529
INFO (CarpetX): Grid cells: 4096   Grid cell updates per second: 80900.7
INFO (CarpetX): Performance:
INFO (CarpetX):   total evolution time:            0.35441 sec
INFO (CarpetX):   total evolution compute time:    0.354363 sec
INFO (CarpetX):   total evolution output time:     4.62532e-05 sec
INFO (CarpetX):   total iterations:                7
INFO (CarpetX):   total cells updated:             28672
INFO (CarpetX):   average iterations per second: 19.7512
INFO (CarpetX):   average cell updates per second: 80900.7
INFO (CarpetX): OutputGH: iteration 8, time 0.031250, run time 2 s
INFO (CarpetX): OutputGH done.
INFO (CarpetX): Simulation time: 0.03125   Iterations per second: 19.7701   Simulation time per second: 0.0772271
INFO (CarpetX): Grid cells: 4096   Grid cell updates per second: 80978.5
INFO (CarpetX): Performance:
INFO (CarpetX):   total evolution time:            0.404651 sec
INFO (CarpetX):   total evolution compute time:    0.404594 sec
INFO (CarpetX):   total evolution output time:     5.62668e-05 sec
INFO (CarpetX):   total iterations:                8
INFO (CarpetX):   total cells updated:             32768
INFO (CarpetX):   average iterations per second: 19.7701
INFO (CarpetX):   average cell updates per second: 80978.5
INFO (CarpetX): OutputGH: iteration 9, time 0.035156, run time 2 s
INFO (CarpetX): OutputGH done.
INFO (CarpetX): Simulation time: 0.0351562   Iterations per second: 19.7842   Simulation time per second: 0.0772822
INFO (CarpetX): Grid cells: 4096   Grid cell updates per second: 81036.2
INFO (CarpetX): Performance:
INFO (CarpetX):   total evolution time:            0.454908 sec
INFO (CarpetX):   total evolution compute time:    0.454847 sec
INFO (CarpetX):   total evolution output time:     6.03199e-05 sec
INFO (CarpetX):   total iterations:                9
INFO (CarpetX):   total cells updated:             36864
INFO (CarpetX):   average iterations per second: 19.7842
INFO (CarpetX):   average cell updates per second: 81036.2
INFO (CarpetX): OutputGH: iteration 10, time 0.039062, run time 2 s
INFO (CarpetX): OutputGH done.
INFO (CarpetX): Simulation time: 0.0390625   Iterations per second: 19.7976   Simulation time per second: 0.0773344
INFO (CarpetX): Grid cells: 4096   Grid cell updates per second: 81091
INFO (CarpetX): Performance:
INFO (CarpetX):   total evolution time:            0.505112 sec
INFO (CarpetX):   total evolution compute time:    0.505033 sec
INFO (CarpetX):   total evolution output time:     7.82013e-05 sec
INFO (CarpetX):   total iterations:                10
INFO (CarpetX):   total cells updated:             40960
INFO (CarpetX):   average iterations per second: 19.7976
INFO (CarpetX):   average cell updates per second: 81091
INFO (CarpetX): OutputGH: iteration 11, time 0.042969, run time 2 s
INFO (CarpetX): OutputGH done.
INFO (CarpetX): Simulation time: 0.0429688   Iterations per second: 19.8127   Simulation time per second: 0.0773933
INFO (CarpetX): Grid cells: 4096   Grid cell updates per second: 81152.7
INFO (CarpetX): Performance:
INFO (CarpetX):   total evolution time:            0.555238 sec
INFO (CarpetX):   total evolution compute time:    0.555156 sec
INFO (CarpetX):   total evolution output time:     8.22544e-05 sec
INFO (CarpetX):   total iterations:                11
INFO (CarpetX):   total cells updated:             45056
INFO (CarpetX):   average iterations per second: 19.8113
INFO (CarpetX):   average cell updates per second: 81147.1
INFO (CarpetX): OutputGH: iteration 12, time 0.046875, run time 2 s
INFO (CarpetX): OutputGH done.
INFO (CarpetX): Simulation time: 0.046875   Iterations per second: 19.8288   Simulation time per second: 0.0774563
INFO (CarpetX): Grid cells: 4096   Grid cell updates per second: 81218.8
INFO (CarpetX): Performance:
INFO (CarpetX):   total evolution time:            0.6053 sec
INFO (CarpetX):   total evolution compute time:    0.605213 sec
INFO (CarpetX):   total evolution output time:     8.72612e-05 sec
INFO (CarpetX):   total iterations:                12
INFO (CarpetX):   total cells updated:             49152
INFO (CarpetX):   average iterations per second: 19.8249
INFO (CarpetX):   average cell updates per second: 81202.7
INFO (CarpetX): OutputGH: iteration 13, time 0.050781, run time 2 s
INFO (CarpetX): OutputGH done.
INFO (CarpetX): Simulation time: 0.0507812   Iterations per second: 19.8359   Simulation time per second: 0.0774841
INFO (CarpetX): Grid cells: 4096   Grid cell updates per second: 81247.9
INFO (CarpetX): Performance:
INFO (CarpetX):   total evolution time:            0.655551 sec
INFO (CarpetX):   total evolution compute time:    0.655459 sec
INFO (CarpetX):   total evolution output time:     9.2268e-05 sec
INFO (CarpetX):   total iterations:                13
INFO (CarpetX):   total cells updated:             53248
INFO (CarpetX):   average iterations per second: 19.8306
INFO (CarpetX):   average cell updates per second: 81226.3
INFO (CarpetX): OutputGH: iteration 14, time 0.054688, run time 2 s
INFO (CarpetX): OutputGH done.
INFO (CarpetX): Simulation time: 0.0546875   Iterations per second: 19.8506   Simulation time per second: 0.0775415
INFO (CarpetX): Grid cells: 4096   Grid cell updates per second: 81308.2
INFO (CarpetX): Performance:
INFO (CarpetX):   total evolution time:            0.705591 sec
INFO (CarpetX):   total evolution compute time:    0.705494 sec
INFO (CarpetX):   total evolution output time:     9.72748e-05 sec
INFO (CarpetX):   total iterations:                14
INFO (CarpetX):   total cells updated:             57344
INFO (CarpetX):   average iterations per second: 19.8415
INFO (CarpetX):   average cell updates per second: 81270.8
INFO (CarpetX): OutputGH: iteration 15, time 0.058594, run time 2 s
INFO (CarpetX): OutputGH done.
INFO (CarpetX): Simulation time: 0.0585938   Iterations per second: 19.8564   Simulation time per second: 0.0775642
INFO (CarpetX): Grid cells: 4096   Grid cell updates per second: 81332
INFO (CarpetX): Performance:
INFO (CarpetX):   total evolution time:            0.75582 sec
INFO (CarpetX):   total evolution compute time:    0.755718 sec
INFO (CarpetX):   total evolution output time:     0.000102282 sec
INFO (CarpetX):   total iterations:                15
INFO (CarpetX):   total cells updated:             61440
INFO (CarpetX):   average iterations per second: 19.846
INFO (CarpetX):   average cell updates per second: 81289.2
INFO (CarpetX): OutputGH: iteration 16, time 0.062500, run time 2 s
INFO (CarpetX): OutputGH done.
INFO (CarpetX): Simulation time: 0.0625   Iterations per second: 19.8603   Simulation time per second: 0.0775794
INFO (CarpetX): Grid cells: 4096   Grid cell updates per second: 81347.9
INFO (CarpetX): Performance:
INFO (CarpetX):   total evolution time:            0.806083 sec
INFO (CarpetX):   total evolution compute time:    0.805964 sec
INFO (CarpetX):   total evolution output time:     0.000119209 sec
INFO (CarpetX):   total iterations:                16
INFO (CarpetX):   total cells updated:             65536
INFO (CarpetX):   average iterations per second: 19.8491
INFO (CarpetX):   average cell updates per second: 81301.8
INFO (CarpetX): OutputGH: iteration 17, time 0.066406, run time 2 s
INFO (CarpetX): OutputGH done.
INFO (CarpetX): Simulation time: 0.0664062   Iterations per second: 19.8671   Simulation time per second: 0.0776059
INFO (CarpetX): Grid cells: 4096   Grid cell updates per second: 81375.7
INFO (CarpetX): Performance:
INFO (CarpetX):   total evolution time:            0.856263 sec
INFO (CarpetX):   total evolution compute time:    0.856137 sec
INFO (CarpetX):   total evolution output time:     0.000126362 sec
INFO (CarpetX):   total iterations:                17
INFO (CarpetX):   total cells updated:             69632
INFO (CarpetX):   average iterations per second: 19.8537
INFO (CarpetX):   average cell updates per second: 81320.8
INFO (CarpetX): OutputGH: iteration 18, time 0.070312, run time 2 s
INFO (CarpetX): OutputGH done.
INFO (CarpetX): Simulation time: 0.0703125   Iterations per second: 19.8679   Simulation time per second: 0.077609
INFO (CarpetX): Grid cells: 4096   Grid cell updates per second: 81379
INFO (CarpetX): Performance:
INFO (CarpetX):   total evolution time:            0.906577 sec
INFO (CarpetX):   total evolution compute time:    0.906445 sec
INFO (CarpetX):   total evolution output time:     0.000132322 sec
INFO (CarpetX):   total iterations:                18
INFO (CarpetX):   total cells updated:             73728
INFO (CarpetX):   average iterations per second: 19.8549
INFO (CarpetX):   average cell updates per second: 81325.7
INFO (CarpetX): OutputGH: iteration 19, time 0.074219, run time 2 s
INFO (CarpetX): OutputGH done.
INFO (CarpetX): Simulation time: 0.0742188   Iterations per second: 19.8348   Simulation time per second: 0.0774798
INFO (CarpetX): Grid cells: 4096   Grid cell updates per second: 81243.4
INFO (CarpetX): Performance:
INFO (CarpetX):   total evolution time:            0.957749 sec
INFO (CarpetX):   total evolution compute time:    0.95761 sec
INFO (CarpetX):   total evolution output time:     0.000139236 sec
INFO (CarpetX):   total iterations:                19
INFO (CarpetX):   total cells updated:             77824
INFO (CarpetX):   average iterations per second: 19.8382
INFO (CarpetX):   average cell updates per second: 81257.2
INFO (CarpetX): OutputGH: iteration 20, time 0.078125, run time 2 s
INFO (CarpetX): OutputGH done.
INFO (CarpetX): Simulation time: 0.078125   Iterations per second: 19.8493   Simulation time per second: 0.0775364
INFO (CarpetX): Grid cells: 4096   Grid cell updates per second: 81302.8
INFO (CarpetX): Performance:
INFO (CarpetX):   total evolution time:            1.0078 sec
INFO (CarpetX):   total evolution compute time:    1.00765 sec
INFO (CarpetX):   total evolution output time:     0.00014329 sec
INFO (CarpetX):   total iterations:                20
INFO (CarpetX):   total cells updated:             81920
INFO (CarpetX):   average iterations per second: 19.8453
INFO (CarpetX):   average cell updates per second: 81286.2
INFO (CarpetX): OutputGH: iteration 21, time 0.082031, run time 2 s
INFO (CarpetX): OutputGH done.
INFO (CarpetX): Simulation time: 0.0820312   Iterations per second: 19.8666   Simulation time per second: 0.077604
INFO (CarpetX): Grid cells: 4096   Grid cell updates per second: 81373.7
INFO (CarpetX): Performance:
INFO (CarpetX):   total evolution time:            1.05774 sec
INFO (CarpetX):   total evolution compute time:    1.05759 sec
INFO (CarpetX):   total evolution output time:     0.000148296 sec
INFO (CarpetX):   total iterations:                21
INFO (CarpetX):   total cells updated:             86016
INFO (CarpetX):   average iterations per second: 19.8537
INFO (CarpetX):   average cell updates per second: 81320.7
INFO (CarpetX): OutputGH: iteration 22, time 0.085938, run time 2 s
INFO (CarpetX): OutputGH done.
INFO (CarpetX): Simulation time: 0.0859375   Iterations per second: 19.8763   Simulation time per second: 0.0776417
INFO (CarpetX): Grid cells: 4096   Grid cell updates per second: 81413.2
INFO (CarpetX): Performance:
INFO (CarpetX):   total evolution time:            1.10783 sec
INFO (CarpetX):   total evolution compute time:    1.10768 sec
INFO (CarpetX):   total evolution output time:     0.000152349 sec
INFO (CarpetX):   total iterations:                22
INFO (CarpetX):   total cells updated:             90112
INFO (CarpetX):   average iterations per second: 19.8587
INFO (CarpetX):   average cell updates per second: 81341
INFO (CarpetX): OutputGH: iteration 23, time 0.089844, run time 2 s
INFO (CarpetX): OutputGH done.
INFO (CarpetX): Simulation time: 0.0898438   Iterations per second: 19.8749   Simulation time per second: 0.0776362
INFO (CarpetX): Grid cells: 4096   Grid cell updates per second: 81407.4
INFO (CarpetX): Performance:
INFO (CarpetX):   total evolution time:            1.15818 sec
INFO (CarpetX):   total evolution compute time:    1.15802 sec
INFO (CarpetX):   total evolution output time:     0.000157356 sec
INFO (CarpetX):   total iterations:                23
INFO (CarpetX):   total cells updated:             94208
INFO (CarpetX):   average iterations per second: 19.8588
INFO (CarpetX):   average cell updates per second: 81341.7
INFO (CarpetX): OutputGH: iteration 24, time 0.093750, run time 2 s
INFO (CarpetX): OutputGH done.
INFO (CarpetX): Simulation time: 0.09375   Iterations per second: 19.8794   Simulation time per second: 0.077654
INFO (CarpetX): Grid cells: 4096   Grid cell updates per second: 81426.2
INFO (CarpetX): Performance:
INFO (CarpetX):   total evolution time:            1.20838 sec
INFO (CarpetX):   total evolution compute time:    1.20821 sec
INFO (CarpetX):   total evolution output time:     0.000162363 sec
INFO (CarpetX):   total iterations:                24
INFO (CarpetX):   total cells updated:             98304
INFO (CarpetX):   average iterations per second: 19.8614
INFO (CarpetX):   average cell updates per second: 81352.2
INFO (CarpetX): OutputGH: iteration 25, time 0.097656, run time 3 s
INFO (CarpetX): OutputGH done.
INFO (CarpetX): Simulation time: 0.0976562   Iterations per second: 19.8771   Simulation time per second: 0.0776448
INFO (CarpetX): Grid cells: 4096   Grid cell updates per second: 81416.5
INFO (CarpetX): Performance:
INFO (CarpetX):   total evolution time:            1.25874 sec
INFO (CarpetX):   total evolution compute time:    1.25857 sec
INFO (CarpetX):   total evolution output time:     0.000171423 sec
INFO (CarpetX):   total iterations:                25
INFO (CarpetX):   total cells updated:             102400
INFO (CarpetX):   average iterations per second: 19.8612
INFO (CarpetX):   average cell updates per second: 81351.3
INFO (CarpetX): OutputGH: iteration 26, time 0.101562, run time 3 s
INFO (CarpetX): OutputGH done.
INFO (CarpetX): Simulation time: 0.101562   Iterations per second: 19.8814   Simulation time per second: 0.0776617
INFO (CarpetX): Grid cells: 4096   Grid cell updates per second: 81434.2
INFO (CarpetX): Performance:
INFO (CarpetX):   total evolution time:            1.30894 sec
INFO (CarpetX):   total evolution compute time:    1.30876 sec
INFO (CarpetX):   total evolution output time:     0.000175476 sec
INFO (CarpetX):   total iterations:                26
INFO (CarpetX):   total cells updated:             106496
INFO (CarpetX):   average iterations per second: 19.8634
INFO (CarpetX):   average cell updates per second: 81360.6
INFO (CarpetX): OutputGH: iteration 27, time 0.105469, run time 3 s
INFO (CarpetX): OutputGH done.
INFO (CarpetX): Simulation time: 0.105469   Iterations per second: 19.877   Simulation time per second: 0.0776446
INFO (CarpetX): Grid cells: 4096   Grid cell updates per second: 81416.2
INFO (CarpetX): Performance:
INFO (CarpetX):   total evolution time:            1.35935 sec
INFO (CarpetX):   total evolution compute time:    1.35917 sec
INFO (CarpetX):   total evolution output time:     0.000180483 sec
INFO (CarpetX):   total iterations:                27
INFO (CarpetX):   total cells updated:             110592
INFO (CarpetX):   average iterations per second: 19.8625
INFO (CarpetX):   average cell updates per second: 81356.7
INFO (CarpetX): OutputGH: iteration 28, time 0.109375, run time 3 s
INFO (CarpetX): OutputGH done.
INFO (CarpetX): Simulation time: 0.109375   Iterations per second: 19.8863   Simulation time per second: 0.0776809
INFO (CarpetX): Grid cells: 4096   Grid cell updates per second: 81454.3
INFO (CarpetX): Performance:
INFO (CarpetX):   total evolution time:            1.40942 sec
INFO (CarpetX):   total evolution compute time:    1.40923 sec
INFO (CarpetX):   total evolution output time:     0.000187635 sec
INFO (CarpetX):   total iterations:                28
INFO (CarpetX):   total cells updated:             114688
INFO (CarpetX):   average iterations per second: 19.8663
INFO (CarpetX):   average cell updates per second: 81372.4
INFO (CarpetX): OutputGH: iteration 29, time 0.113281, run time 3 s
INFO (CarpetX): OutputGH done.
INFO (CarpetX): Simulation time: 0.113281   Iterations per second: 19.8844   Simulation time per second: 0.0776733
INFO (CarpetX): Grid cells: 4096   Grid cell updates per second: 81446.4
INFO (CarpetX): Performance:
INFO (CarpetX):   total evolution time:            1.45976 sec
INFO (CarpetX):   total evolution compute time:    1.45956 sec
INFO (CarpetX):   total evolution output time:     0.000195503 sec
INFO (CarpetX):   total iterations:                29
INFO (CarpetX):   total cells updated:             118784
INFO (CarpetX):   average iterations per second: 19.8663
INFO (CarpetX):   average cell updates per second: 81372.5
INFO (CarpetX): OutputGH: iteration 30, time 0.117188, run time 3 s
INFO (CarpetX): OutputGH done.
INFO (CarpetX): Simulation time: 0.117188   Iterations per second: 19.8862   Simulation time per second: 0.0776805
INFO (CarpetX): Grid cells: 4096   Grid cell updates per second: 81453.9
INFO (CarpetX): Performance:
INFO (CarpetX):   total evolution time:            1.51 sec
INFO (CarpetX):   total evolution compute time:    1.5098 sec
INFO (CarpetX):   total evolution output time:     0.000202656 sec
INFO (CarpetX):   total iterations:                30
INFO (CarpetX):   total cells updated:             122880
INFO (CarpetX):   average iterations per second: 19.8675
INFO (CarpetX):   average cell updates per second: 81377.4
INFO (CarpetX): OutputGH: iteration 31, time 0.121094, run time 3 s
INFO (CarpetX): OutputGH done.
INFO (CarpetX): Simulation time: 0.121094   Iterations per second: 19.8955   Simulation time per second: 0.0777167
INFO (CarpetX): Grid cells: 4096   Grid cell updates per second: 81491.9
INFO (CarpetX): Performance:
INFO (CarpetX):   total evolution time:            1.56005 sec
INFO (CarpetX):   total evolution compute time:    1.55984 sec
INFO (CarpetX):   total evolution output time:     0.000207663 sec
INFO (CarpetX):   total iterations:                31
INFO (CarpetX):   total cells updated:             126976
INFO (CarpetX):   average iterations per second: 19.8711
INFO (CarpetX):   average cell updates per second: 81392.1
INFO (CarpetX): OutputGH: iteration 32, time 0.125000, run time 3 s
INFO (CarpetX): OutputGH done.
INFO (CarpetX): Simulation time: 0.125   Iterations per second: 19.9009   Simulation time per second: 0.077738
INFO (CarpetX): Grid cells: 4096   Grid cell updates per second: 81514.2
INFO (CarpetX): Performance:
INFO (CarpetX):   total evolution time:            1.61018 sec
INFO (CarpetX):   total evolution compute time:    1.60996 sec
INFO (CarpetX):   total evolution output time:     0.000212669 sec
INFO (CarpetX):   total iterations:                32
INFO (CarpetX):   total cells updated:             131072
INFO (CarpetX):   average iterations per second: 19.8736
INFO (CarpetX):   average cell updates per second: 81402.2
INFO (CarpetX): OutputGH: iteration 33, time 0.128906, run time 3 s
INFO (CarpetX): OutputGH done.
INFO (CarpetX): Simulation time: 0.128906   Iterations per second: 19.9018   Simulation time per second: 0.0777412
INFO (CarpetX): Grid cells: 4096   Grid cell updates per second: 81517.6
INFO (CarpetX): Performance:
INFO (CarpetX):   total evolution time:            1.66041 sec
INFO (CarpetX):   total evolution compute time:    1.66019 sec
INFO (CarpetX):   total evolution output time:     0.000217676 sec
INFO (CarpetX):   total iterations:                33
INFO (CarpetX):   total cells updated:             135168
INFO (CarpetX):   average iterations per second: 19.8747
INFO (CarpetX):   average cell updates per second: 81406.6
INFO (CarpetX): OutputGH: iteration 34, time 0.132812, run time 3 s
INFO (CarpetX): OutputGH done.
INFO (CarpetX): Simulation time: 0.132812   Iterations per second: 19.9033   Simulation time per second: 0.0777474
INFO (CarpetX): Grid cells: 4096   Grid cell updates per second: 81524.1
INFO (CarpetX): Performance:
INFO (CarpetX):   total evolution time:            1.71061 sec
INFO (CarpetX):   total evolution compute time:    1.71039 sec
INFO (CarpetX):   total evolution output time:     0.000222683 sec
INFO (CarpetX):   total iterations:                34
INFO (CarpetX):   total cells updated:             139264
INFO (CarpetX):   average iterations per second: 19.8759
INFO (CarpetX):   average cell updates per second: 81411.8
INFO (CarpetX): OutputGH: iteration 35, time 0.136719, run time 3 s
INFO (CarpetX): OutputGH done.
INFO (CarpetX): Simulation time: 0.136719   Iterations per second: 19.9038   Simulation time per second: 0.0777494
INFO (CarpetX): Grid cells: 4096   Grid cell updates per second: 81526.2
INFO (CarpetX): Performance:
INFO (CarpetX):   total evolution time:            1.76084 sec
INFO (CarpetX):   total evolution compute time:    1.76062 sec
INFO (CarpetX):   total evolution output time:     0.000226736 sec
INFO (CarpetX):   total iterations:                35
INFO (CarpetX):   total cells updated:             143360
INFO (CarpetX):   average iterations per second: 19.8768
INFO (CarpetX):   average cell updates per second: 81415.6
INFO (CarpetX): OutputGH: iteration 36, time 0.140625, run time 3 s
INFO (CarpetX): OutputGH done.
INFO (CarpetX): Simulation time: 0.140625   Iterations per second: 19.9038   Simulation time per second: 0.0777492
INFO (CarpetX): Grid cells: 4096   Grid cell updates per second: 81525.9
INFO (CarpetX): Performance:
INFO (CarpetX):   total evolution time:            1.81109 sec
INFO (CarpetX):   total evolution compute time:    1.81085 sec
INFO (CarpetX):   total evolution output time:     0.000230789 sec
INFO (CarpetX):   total iterations:                36
INFO (CarpetX):   total cells updated:             147456
INFO (CarpetX):   average iterations per second: 19.8776
INFO (CarpetX):   average cell updates per second: 81418.6
INFO (CarpetX): OutputGH: iteration 37, time 0.144531, run time 3 s
INFO (CarpetX): OutputGH done.
INFO (CarpetX): Simulation time: 0.144531   Iterations per second: 19.9113   Simulation time per second: 0.0777786
INFO (CarpetX): Grid cells: 4096   Grid cell updates per second: 81556.7
INFO (CarpetX): Performance:
INFO (CarpetX):   total evolution time:            1.86114 sec
INFO (CarpetX):   total evolution compute time:    1.8609 sec
INFO (CarpetX):   total evolution output time:     0.000234842 sec
INFO (CarpetX):   total iterations:                37
INFO (CarpetX):   total cells updated:             151552
INFO (CarpetX):   average iterations per second: 19.8803
INFO (CarpetX):   average cell updates per second: 81429.8
INFO (CarpetX): OutputGH: iteration 38, time 0.148438, run time 3 s
INFO (CarpetX): OutputGH done.
INFO (CarpetX): Simulation time: 0.148438   Iterations per second: 19.9132   Simulation time per second: 0.0777861
INFO (CarpetX): Grid cells: 4096   Grid cell updates per second: 81564.6
INFO (CarpetX): Performance:
INFO (CarpetX):   total evolution time:            1.91131 sec
INFO (CarpetX):   total evolution compute time:    1.91107 sec
INFO (CarpetX):   total evolution output time:     0.000239849 sec
INFO (CarpetX):   total iterations:                38
INFO (CarpetX):   total cells updated:             155648
INFO (CarpetX):   average iterations per second: 19.8816
INFO (CarpetX):   average cell updates per second: 81435.2
INFO (CarpetX): OutputGH: iteration 39, time 0.152344, run time 3 s
INFO (CarpetX): OutputGH done.
INFO (CarpetX): Simulation time: 0.152344   Iterations per second: 19.9109   Simulation time per second: 0.0777771
INFO (CarpetX): Grid cells: 4096   Grid cell updates per second: 81555.2
INFO (CarpetX): Performance:
INFO (CarpetX):   total evolution time:            1.96159 sec
INFO (CarpetX):   total evolution compute time:    1.96134 sec
INFO (CarpetX):   total evolution output time:     0.000243902 sec
INFO (CarpetX):   total iterations:                39
INFO (CarpetX):   total cells updated:             159744
INFO (CarpetX):   average iterations per second: 19.8819
INFO (CarpetX):   average cell updates per second: 81436.1
INFO (CarpetX): OutputGH: iteration 40, time 0.156250, run time 3 s
INFO (CarpetX): OutputGH done.
INFO (CarpetX): Simulation time: 0.15625   Iterations per second: 19.9068   Simulation time per second: 0.077761
INFO (CarpetX): Grid cells: 4096   Grid cell updates per second: 81538.3
INFO (CarpetX): Performance:
INFO (CarpetX):   total evolution time:            2.01192 sec
INFO (CarpetX):   total evolution compute time:    2.01166 sec
INFO (CarpetX):   total evolution output time:     0.000252008 sec
INFO (CarpetX):   total iterations:                40
INFO (CarpetX):   total cells updated:             163840
INFO (CarpetX):   average iterations per second: 19.8816
INFO (CarpetX):   average cell updates per second: 81434.8
INFO (CarpetX): OutputGH: iteration 41, time 0.160156, run time 3 s
INFO (CarpetX): OutputGH done.
INFO (CarpetX): Simulation time: 0.160156   Iterations per second: 19.9072   Simulation time per second: 0.0777624
INFO (CarpetX): Grid cells: 4096   Grid cell updates per second: 81539.8
INFO (CarpetX): Performance:
INFO (CarpetX):   total evolution time:            2.06214 sec
INFO (CarpetX):   total evolution compute time:    2.06188 sec
INFO (CarpetX):   total evolution output time:     0.000258923 sec
INFO (CarpetX):   total iterations:                41
INFO (CarpetX):   total cells updated:             167936
INFO (CarpetX):   average iterations per second: 19.8823
INFO (CarpetX):   average cell updates per second: 81437.7
INFO (CarpetX): OutputGH: iteration 42, time 0.164062, run time 3 s
INFO (CarpetX): OutputGH done.
INFO (CarpetX): Simulation time: 0.164062   Iterations per second: 19.9097   Simulation time per second: 0.0777722
INFO (CarpetX): Grid cells: 4096   Grid cell updates per second: 81550
INFO (CarpetX): Performance:
INFO (CarpetX):   total evolution time:            2.11231 sec
INFO (CarpetX):   total evolution compute time:    2.11205 sec
INFO (CarpetX):   total evolution output time:     0.000263929 sec
INFO (CarpetX):   total iterations:                42
INFO (CarpetX):   total cells updated:             172032
INFO (CarpetX):   average iterations per second: 19.8834
INFO (CarpetX):   average cell updates per second: 81442.6
INFO (CarpetX): OutputGH: iteration 43, time 0.167969, run time 3 s
INFO (CarpetX): OutputGH done.
INFO (CarpetX): Simulation time: 0.167969   Iterations per second: 19.9135   Simulation time per second: 0.0777871
INFO (CarpetX): Grid cells: 4096   Grid cell updates per second: 81565.7
INFO (CarpetX): Performance:
INFO (CarpetX):   total evolution time:            2.16244 sec
INFO (CarpetX):   total evolution compute time:    2.16217 sec
INFO (CarpetX):   total evolution output time:     0.000267744 sec
INFO (CarpetX):   total iterations:                43
INFO (CarpetX):   total cells updated:             176128
INFO (CarpetX):   average iterations per second: 19.8849
INFO (CarpetX):   average cell updates per second: 81448.7
INFO (CarpetX): OutputGH: iteration 44, time 0.171875, run time 4 s
INFO (CarpetX): OutputGH done.
INFO (CarpetX): Simulation time: 0.171875   Iterations per second: 19.9109   Simulation time per second: 0.0777769
INFO (CarpetX): Grid cells: 4096   Grid cell updates per second: 81555
INFO (CarpetX): Performance:
INFO (CarpetX):   total evolution time:            2.21272 sec
INFO (CarpetX):   total evolution compute time:    2.21245 sec
INFO (CarpetX):   total evolution output time:     0.000272751 sec
INFO (CarpetX):   total iterations:                44
INFO (CarpetX):   total cells updated:             180224
INFO (CarpetX):   average iterations per second: 19.885
INFO (CarpetX):   average cell updates per second: 81448.9
INFO (CarpetX): OutputGH: iteration 45, time 0.175781, run time 4 s
INFO (CarpetX): OutputGH done.
INFO (CarpetX): Simulation time: 0.175781   Iterations per second: 19.9183   Simulation time per second: 0.0778059
INFO (CarpetX): Grid cells: 4096   Grid cell updates per second: 81585.4
INFO (CarpetX): Performance:
INFO (CarpetX):   total evolution time:            2.26276 sec
INFO (CarpetX):   total evolution compute time:    2.26248 sec
INFO (CarpetX):   total evolution output time:     0.000278711 sec
INFO (CarpetX):   total iterations:                45
INFO (CarpetX):   total cells updated:             184320
INFO (CarpetX):   average iterations per second: 19.8872
INFO (CarpetX):   average cell updates per second: 81458
INFO (CarpetX): OutputGH: iteration 46, time 0.179688, run time 4 s
INFO (CarpetX): OutputGH done.
INFO (CarpetX): Simulation time: 0.179688   Iterations per second: 19.9177   Simulation time per second: 0.0778035
INFO (CarpetX): Grid cells: 4096   Grid cell updates per second: 81582.9
INFO (CarpetX): Performance:
INFO (CarpetX):   total evolution time:            2.31298 sec
INFO (CarpetX):   total evolution compute time:    2.3127 sec
INFO (CarpetX):   total evolution output time:     0.000283718 sec
INFO (CarpetX):   total iterations:                46
INFO (CarpetX):   total cells updated:             188416
INFO (CarpetX):   average iterations per second: 19.8878
INFO (CarpetX):   average cell updates per second: 81460.3
INFO (CarpetX): OutputGH: iteration 47, time 0.183594, run time 4 s
INFO (CarpetX): OutputGH done.
INFO (CarpetX): Simulation time: 0.183594   Iterations per second: 19.5897   Simulation time per second: 0.0765223
INFO (CarpetX): Grid cells: 4096   Grid cell updates per second: 80239.4
INFO (CarpetX): Performance:
INFO (CarpetX):   total evolution time:            2.37159 sec
INFO (CarpetX):   total evolution compute time:    2.3713 sec
INFO (CarpetX):   total evolution output time:     0.000288725 sec
INFO (CarpetX):   total iterations:                47
INFO (CarpetX):   total cells updated:             192512
INFO (CarpetX):   average iterations per second: 19.8179
INFO (CarpetX):   average cell updates per second: 81174.1
INFO (CarpetX): OutputGH: iteration 48, time 0.187500, run time 4 s
INFO (CarpetX): OutputGH done.
INFO (CarpetX): Simulation time: 0.1875   Iterations per second: 19.621   Simulation time per second: 0.0766444
INFO (CarpetX): Grid cells: 4096   Grid cell updates per second: 80367.4
INFO (CarpetX): Performance:
INFO (CarpetX):   total evolution time:            2.42183 sec
INFO (CarpetX):   total evolution compute time:    2.42153 sec
INFO (CarpetX):   total evolution output time:     0.000292778 sec
INFO (CarpetX):   total iterations:                48
INFO (CarpetX):   total cells updated:             196608
INFO (CarpetX):   average iterations per second: 19.8197
INFO (CarpetX):   average cell updates per second: 81181.7
INFO (CarpetX): OutputGH: iteration 49, time 0.191406, run time 4 s
INFO (CarpetX): OutputGH done.
INFO (CarpetX): Simulation time: 0.191406   Iterations per second: 19.6454   Simulation time per second: 0.0767397
INFO (CarpetX): Grid cells: 4096   Grid cell updates per second: 80467.4
INFO (CarpetX): Performance:
INFO (CarpetX):   total evolution time:            2.47216 sec
INFO (CarpetX):   total evolution compute time:    2.47185 sec
INFO (CarpetX):   total evolution output time:     0.000310898 sec
INFO (CarpetX):   total iterations:                49
INFO (CarpetX):   total cells updated:             200704
INFO (CarpetX):   average iterations per second: 19.8207
INFO (CarpetX):   average cell updates per second: 81185.7
INFO (CarpetX): OutputGH: iteration 50, time 0.195312, run time 4 s
INFO (CarpetX): OutputGH done.
INFO (CarpetX): Simulation time: 0.195312   Iterations per second: 19.6708   Simulation time per second: 0.0768391
INFO (CarpetX): Grid cells: 4096   Grid cell updates per second: 80571.6
INFO (CarpetX): Performance:
INFO (CarpetX):   total evolution time:            2.5224 sec
INFO (CarpetX):   total evolution compute time:    2.52209 sec
INFO (CarpetX):   total evolution output time:     0.000314951 sec
INFO (CarpetX):   total iterations:                50
INFO (CarpetX):   total cells updated:             204800
INFO (CarpetX):   average iterations per second: 19.8224
INFO (CarpetX):   average cell updates per second: 81192.4
INFO (CarpetX): OutputGH: iteration 51, time 0.199219, run time 4 s
INFO (CarpetX): OutputGH done.
INFO (CarpetX): Simulation time: 0.199219   Iterations per second: 19.7013   Simulation time per second: 0.076958
INFO (CarpetX): Grid cells: 4096   Grid cell updates per second: 80696.3
INFO (CarpetX): Performance:
INFO (CarpetX):   total evolution time:            2.57246 sec
INFO (CarpetX):   total evolution compute time:    2.57214 sec
INFO (CarpetX):   total evolution output time:     0.000319004 sec
INFO (CarpetX):   total iterations:                51
INFO (CarpetX):   total cells updated:             208896
INFO (CarpetX):   average iterations per second: 19.8254
INFO (CarpetX):   average cell updates per second: 81204.9
INFO (CarpetX): OutputGH: iteration 52, time 0.203125, run time 4 s
INFO (CarpetX): OutputGH done.
INFO (CarpetX): Simulation time: 0.203125   Iterations per second: 19.7218   Simulation time per second: 0.0770382
INFO (CarpetX): Grid cells: 4096   Grid cell updates per second: 80780.4
INFO (CarpetX): Performance:
INFO (CarpetX):   total evolution time:            2.62269 sec
INFO (CarpetX):   total evolution compute time:    2.62236 sec
INFO (CarpetX):   total evolution output time:     0.00032711 sec
INFO (CarpetX):   total iterations:                52
INFO (CarpetX):   total cells updated:             212992
INFO (CarpetX):   average iterations per second: 19.827
INFO (CarpetX):   average cell updates per second: 81211.4
INFO (CarpetX): OutputGH: iteration 53, time 0.207031, run time 4 s
INFO (CarpetX): OutputGH done.
INFO (CarpetX): Simulation time: 0.207031   Iterations per second: 19.7452   Simulation time per second: 0.0771298
INFO (CarpetX): Grid cells: 4096   Grid cell updates per second: 80876.5
INFO (CarpetX): Performance:
INFO (CarpetX):   total evolution time:            2.67279 sec
INFO (CarpetX):   total evolution compute time:    2.67246 sec
INFO (CarpetX):   total evolution output time:     0.000332117 sec
INFO (CarpetX):   total iterations:                53
INFO (CarpetX):   total cells updated:             217088
INFO (CarpetX):   average iterations per second: 19.8295
INFO (CarpetX):   average cell updates per second: 81221.5
INFO (CarpetX): OutputGH: iteration 54, time 0.210938, run time 4 s
INFO (CarpetX): OutputGH done.
INFO (CarpetX): Simulation time: 0.210938   Iterations per second: 19.7674   Simulation time per second: 0.0772164
INFO (CarpetX): Grid cells: 4096   Grid cell updates per second: 80967.3
INFO (CarpetX): Performance:
INFO (CarpetX):   total evolution time:            2.72287 sec
INFO (CarpetX):   total evolution compute time:    2.72253 sec
INFO (CarpetX):   total evolution output time:     0.00033617 sec
INFO (CarpetX):   total iterations:                54
INFO (CarpetX):   total cells updated:             221184
INFO (CarpetX):   average iterations per second: 19.832
INFO (CarpetX):   average cell updates per second: 81232.1
INFO (CarpetX): OutputGH: iteration 55, time 0.214844, run time 4 s
INFO (CarpetX): OutputGH done.
INFO (CarpetX): Simulation time: 0.214844   Iterations per second: 19.7821   Simulation time per second: 0.0772738
INFO (CarpetX): Grid cells: 4096   Grid cell updates per second: 81027.4
INFO (CarpetX): Performance:
INFO (CarpetX):   total evolution time:            2.77308 sec
INFO (CarpetX):   total evolution compute time:    2.77274 sec
INFO (CarpetX):   total evolution output time:     0.000340223 sec
INFO (CarpetX):   total iterations:                55
INFO (CarpetX):   total cells updated:             225280
INFO (CarpetX):   average iterations per second: 19.8336
INFO (CarpetX):   average cell updates per second: 81238.2
INFO (CarpetX): OutputGH: iteration 56, time 0.218750, run time 4 s
INFO (CarpetX): OutputGH done.
INFO (CarpetX): Simulation time: 0.21875   Iterations per second: 19.7955   Simulation time per second: 0.0773264
INFO (CarpetX): Grid cells: 4096   Grid cell updates per second: 81082.6
INFO (CarpetX): Performance:
INFO (CarpetX):   total evolution time:            2.82329 sec
INFO (CarpetX):   total evolution compute time:    2.82294 sec
INFO (CarpetX):   total evolution output time:     0.00034523 sec
INFO (CarpetX):   total iterations:                56
INFO (CarpetX):   total cells updated:             229376
INFO (CarpetX):   average iterations per second: 19.835
INFO (CarpetX):   average cell updates per second: 81244.3
INFO (CarpetX): OutputGH: iteration 57, time 0.222656, run time 4 s
INFO (CarpetX): OutputGH done.
INFO (CarpetX): Simulation time: 0.222656   Iterations per second: 19.8117   Simulation time per second: 0.0773896
INFO (CarpetX): Grid cells: 4096   Grid cell updates per second: 81148.8
INFO (CarpetX): Performance:
INFO (CarpetX):   total evolution time:            2.87339 sec
INFO (CarpetX):   total evolution compute time:    2.87304 sec
INFO (CarpetX):   total evolution output time:     0.000350237 sec
INFO (CarpetX):   total iterations:                57
INFO (CarpetX):   total cells updated:             233472
INFO (CarpetX):   average iterations per second: 19.8372
INFO (CarpetX):   average cell updates per second: 81253.2
INFO (CarpetX): OutputGH: iteration 58, time 0.226562, run time 4 s
INFO (CarpetX): OutputGH done.
INFO (CarpetX): Simulation time: 0.226562   Iterations per second: 19.8257   Simulation time per second: 0.0774443
INFO (CarpetX): Grid cells: 4096   Grid cell updates per second: 81206.3
INFO (CarpetX): Performance:
INFO (CarpetX):   total evolution time:            2.92351 sec
INFO (CarpetX):   total evolution compute time:    2.92315 sec
INFO (CarpetX):   total evolution output time:     0.00035429 sec
INFO (CarpetX):   total iterations:                58
INFO (CarpetX):   total cells updated:             237568
INFO (CarpetX):   average iterations per second: 19.8392
INFO (CarpetX):   average cell updates per second: 81261.3
INFO (CarpetX): OutputGH: iteration 59, time 0.230469, run time 4 s
INFO (CarpetX): OutputGH done.
INFO (CarpetX): Simulation time: 0.230469   Iterations per second: 19.8346   Simulation time per second: 0.0774791
INFO (CarpetX): Grid cells: 4096   Grid cell updates per second: 81242.7
INFO (CarpetX): Performance:
INFO (CarpetX):   total evolution time:            2.97372 sec
INFO (CarpetX):   total evolution compute time:    2.97336 sec
INFO (CarpetX):   total evolution output time:     0.000358343 sec
INFO (CarpetX):   total iterations:                59
INFO (CarpetX):   total cells updated:             241664
INFO (CarpetX):   average iterations per second: 19.8405
INFO (CarpetX):   average cell updates per second: 81266.5
INFO (CarpetX): OutputGH: iteration 60, time 0.234375, run time 4 s
INFO (CarpetX): OutputGH done.
INFO (CarpetX): Simulation time: 0.234375   Iterations per second: 19.8495   Simulation time per second: 0.0775372
INFO (CarpetX): Grid cells: 4096   Grid cell updates per second: 81303.6
INFO (CarpetX): Performance:
INFO (CarpetX):   total evolution time:            3.02376 sec
INFO (CarpetX):   total evolution compute time:    3.02339 sec
INFO (CarpetX):   total evolution output time:     0.000366211 sec
INFO (CarpetX):   total iterations:                60
INFO (CarpetX):   total cells updated:             245760
INFO (CarpetX):   average iterations per second: 19.8428
INFO (CarpetX):   average cell updates per second: 81276.3
INFO (CarpetX): OutputGH: iteration 61, time 0.238281, run time 4 s
INFO (CarpetX): OutputGH done.
INFO (CarpetX): Simulation time: 0.238281   Iterations per second: 19.8619   Simulation time per second: 0.0775857
INFO (CarpetX): Grid cells: 4096   Grid cell updates per second: 81354.5
INFO (CarpetX): Performance:
INFO (CarpetX):   total evolution time:            3.07382 sec
INFO (CarpetX):   total evolution compute time:    3.07345 sec
INFO (CarpetX):   total evolution output time:     0.000370264 sec
INFO (CarpetX):   total iterations:                61
INFO (CarpetX):   total cells updated:             249856
INFO (CarpetX):   average iterations per second: 19.845
INFO (CarpetX):   average cell updates per second: 81285.1
INFO (CarpetX): OutputGH: iteration 62, time 0.242188, run time 4 s
INFO (CarpetX): OutputGH done.
INFO (CarpetX): Simulation time: 0.242188   Iterations per second: 19.8696   Simulation time per second: 0.0776155
INFO (CarpetX): Grid cells: 4096   Grid cell updates per second: 81385.8
INFO (CarpetX): Performance:
INFO (CarpetX):   total evolution time:            3.12398 sec
INFO (CarpetX):   total evolution compute time:    3.1236 sec
INFO (CarpetX):   total evolution output time:     0.000374317 sec
INFO (CarpetX):   total iterations:                62
INFO (CarpetX):   total cells updated:             253952
INFO (CarpetX):   average iterations per second: 19.8465
INFO (CarpetX):   average cell updates per second: 81291.2
INFO (CarpetX): OutputGH: iteration 63, time 0.246094, run time 4 s
INFO (CarpetX): OutputGH done.
INFO (CarpetX): Simulation time: 0.246094   Iterations per second: 19.8773   Simulation time per second: 0.0776458
INFO (CarpetX): Grid cells: 4096   Grid cell updates per second: 81417.5
INFO (CarpetX): Performance:
INFO (CarpetX):   total evolution time:            3.17411 sec
INFO (CarpetX):   total evolution compute time:    3.17373 sec
INFO (CarpetX):   total evolution output time:     0.000380278 sec
INFO (CarpetX):   total iterations:                63
INFO (CarpetX):   total cells updated:             258048
INFO (CarpetX):   average iterations per second: 19.8481
INFO (CarpetX):   average cell updates per second: 81297.8
INFO (CarpetX): OutputGH: iteration 64, time 0.250000, run time 5 s
INFO (CarpetX): OutputGH done.
INFO (CarpetX): Simulation time: 0.25   Iterations per second: 8.92703   Simulation time per second: 0.0348712
INFO (CarpetX): Grid cells: 4096   Grid cell updates per second: 36565.1
INFO (CarpetX): Performance:
INFO (CarpetX):   total evolution time:            3.84153 sec
INFO (CarpetX):   total evolution compute time:    3.22943 sec
INFO (CarpetX):   total evolution output time:     0.612095 sec
INFO (CarpetX):   total iterations:                64
INFO (CarpetX):   total cells updated:             262144
INFO (CarpetX):   average iterations per second: 16.66
INFO (CarpetX):   average cell updates per second: 68239.5
INFO (CarpetX): Shutting down...
AMReX (25.11) finalized
--------------------------------------------------------------------------------
Done.
+ echo Stopping:
Stopping:
+ date
Tue Jul  7 13:07:23 UTC 2026
+ echo Done.
Done.
  Elapsed time: 5.2 s
