/home/runner/simulations/TestJob01_temp_1/output-0000/TEST/sim/MemSpeed
Preparing:
+ set -e
+ cd output-0000-active
+ echo Checking:
Checking:
+ pwd
/home/runner/simulations/TestJob01_temp_1/output-0000/TEST/sim/MemSpeed/output-0000-active
+ hostname
runnervmrw5os
+ date
Wed May 20 18:32:40 UTC 2026
+ echo Environment:
Environment:
+ export CACTUS_NUM_PROCS=1
+ CACTUS_NUM_PROCS=1
+ export CACTUS_NUM_THREADS=2
+ CACTUS_NUM_THREADS=2
+ export GMON_OUT_PREFIX=gmon.out
+ GMON_OUT_PREFIX=gmon.out
+ export OMP_NUM_THREADS=2
+ OMP_NUM_THREADS=2
+ env
+ sort
+ echo Starting:
Starting:
++ date +%s
+ export CACTUS_STARTTIME=1779301960
+ CACTUS_STARTTIME=1779301960
+ '[' 1 = 1 ']'
+ '[' 0 -eq 0 ']'
+ /home/runner/simulations/TestJob01_temp_1/SIMFACTORY/exe/cactus_sim -L 3 /home/runner/simulations/TestJob01_temp_1/output-0000/arrangements/CactusUtils/MemSpeed/test/memspeed.par
INFO (Cactus): Increased logging level from 0 to 3
--------------------------------------------------------------------------------

       10                                  
  1   0101       ************************  
  01  1010 10      The Cactus Code V4.18.0    
 1010 1101 011      www.cactuscode.org     
  1001 100101    ************************  
    00010101                               
     100011     (c) Copyright The Authors  
      0100      GNU Licensed. No Warranty  
      0101                                 
--------------------------------------------------------------------------------

Cactus version:    4.18.0
Compile date:      May 20 2026 (18:20:38)
Run date:          May 20 2026 (18:32:40+0000)
Run host:          runnervmrw5os.gcmhov5igm0ejnnsex2vfcq44a.gx.internal.cloudapp.net (pid=171447)
Working directory: /home/runner/simulations/TestJob01_temp_1/output-0000/TEST/sim/MemSpeed
Executable:        /home/runner/simulations/TestJob01_temp_1/SIMFACTORY/exe/cactus_sim
Parameter file:    /home/runner/simulations/TestJob01_temp_1/output-0000/arrangements/CactusUtils/MemSpeed/test/memspeed.par
--------------------------------------------------------------------------------

Activating thorn Cactus...Success -> active implementation Cactus
Activation requested for 
--->hwloc MemSpeed SystemTopology CartGrid3D CoordBase IOASCII IOUtil PUGH PUGHSlab<---
Thorn hwloc requests automatic activation of zlib
Thorn MemSpeed requests automatic activation of Vectors
Thorn MemSpeed requests automatic activation of MPI
Activating thorn CartGrid3D...Success -> active implementation grid
Activating thorn CoordBase...Success -> active implementation CoordBase
Activating thorn hwloc...Success -> active implementation hwloc
Activating thorn IOASCII...Success -> active implementation IOASCII
Activating thorn IOUtil...Success -> active implementation IO
Activating thorn MemSpeed...Success -> active implementation MemSpeed
Activating thorn MPI...Success -> active implementation MPI
Activating thorn PUGH...Success -> active implementation Driver
Activating thorn PUGHSlab...Success -> active implementation Hyperslab
Activating thorn SystemTopology...Success -> active implementation SystemTopology
Activating thorn Vectors...Success -> active implementation Vectors
Activating thorn zlib...Success -> active implementation zlib
--------------------------------------------------------------------------------
  if (recover initial data)
    Recover parameters
  endif

  Startup routines
    [CCTK_STARTUP]
      CartGrid3D::SymmetryStartup: Register GH Extension for GridSymmetry
      CoordBase::CoordBase_Startup: Register a GH extension to store the coordinate system handles
      GROUP hwloc_startup: hwloc startup group
        hwloc::hwloc_version: Output hwloc version
      SystemTopology::ST_system_topology: Output and/or modify system topology and hardware locality
      PUGH::Driver_Startup: Startup routine
      PUGH::PUGH_RegisterPUGHP2LRoutines: Register Physical to Logical process mapping routines
      PUGH::PUGH_RegisterPUGHTopologyRoutines: Register topology generation routines routines
      IOUtil::IOUtil_Startup: Startup routine
      Vectors::Vectors_Startup: Print startup message
      IOASCII::IOASCII_Startup: Startup routine

  Startup routines which need an existing grid hierarchy
    [CCTK_WRAGH]
      CartGrid3D::RegisterCartGrid3DCoords: [meta] Register coordinates for the Cartesian grid
      MemSpeed::MemSpeed_MeasureSpeed: [meta] Measure CPU, memory, cache speeds
  Parameter checking routines
    [CCTK_PARAMCHECK]
      CartGrid3D::ParamCheck_CartGrid3D: Check coordinates for CartGrid3D
      Vectors::Vectors_Test: Run correctness tests.

  Initialisation
    if (NOT (recover initial data AND recovery_mode is 'strict'))
      [CCTK_PREREGRIDINITIAL]
      Set up grid hierarchy
      [CCTK_POSTREGRIDINITIAL]
        CartGrid3D::SpatialCoordinates: Set Coordinates after regridding
      [CCTK_BASEGRID]
        CartGrid3D::SpatialSpacings: Set up ranges for spatial 3D Cartesian coordinates (on all grids)
        CartGrid3D::SpatialCoordinates: Set up spatial 3D Cartesian coordinates on the GH
        IOASCII::IOASCII_Choose1D: Choose 1D output lines
        IOASCII::IOASCII_Choose2D: Choose 2D output planes
        PUGH::PUGH_Report: Report on PUGH set up
      [CCTK_INITIAL]
      [CCTK_POSTINITIAL]
      Initialise finer grids recursively
      Restrict from finer grids
      [CCTK_POSTRESTRICTINITIAL]
      [CCTK_POSTPOSTINITIAL]
      [CCTK_POSTSTEP]
    endif
    if (recover initial data)
      [CCTK_BASEGRID]
        CartGrid3D::SpatialSpacings: Set up ranges for spatial 3D Cartesian coordinates (on all grids)
        CartGrid3D::SpatialCoordinates: Set up spatial 3D Cartesian coordinates on the GH
        IOASCII::IOASCII_Choose1D: Choose 1D output lines
        IOASCII::IOASCII_Choose2D: Choose 2D output planes
        PUGH::PUGH_Report: Report on PUGH set up
      [CCTK_RECOVER_VARIABLES]
      [CCTK_POST_RECOVER_VARIABLES]
    endif
    if (checkpoint initial data)
      [CCTK_CPINITIAL]
    endif
    if (analysis)
      [CCTK_ANALYSIS]
  endif
  Output grid variables

  do loop over timesteps
    [CCTK_PREREGRID]
    Change grid hierarchy
    [CCTK_POSTREGRID]
      CartGrid3D::SpatialCoordinates: Set Coordinates after regridding
    Rotate timelevels
    iteration = iteration+1
    t = t+dt
    [CCTK_PRESTEP]
    [CCTK_EVOL]
    Evolve finer grids recursively
    Restrict from finer grids
    [CCTK_POSTRESTRICT]
    [CCTK_POSTSTEP]
    if (checkpoint)
      [CCTK_CHECKPOINT]
    endif
    if (analysis)
      [CCTK_ANALYSIS]
    endif
    Output grid variables
    enddo

  Termination routines
    [CCTK_TERMINATE]
      PUGH::Driver_Terminate: Termination routine

  Shutdown routines
    [CCTK_SHUTDOWN]

  Routines run after changing the grid hierarchy:
    [CCTK_POSTREGRID]
      CartGrid3D::SpatialCoordinates: Set Coordinates after regridding
--------------------------------------------------------------------------------
INFO (hwloc): library version 2.10.0, API version 0x20800
INFO (SystemTopology): MPI process-to-host mapping:
This is MPI process 0 of 1
MPI hosts:
  0: runnervmrw5os
This MPI process runs on host 0 of 1
On this host, this is MPI process 0 of 1
INFO (SystemTopology): Topology support:
Discovery support:
  discovery->pu                            : yes
CPU binding support:
  cpubind->set_thisproc_cpubind            : yes
  cpubind->get_thisproc_cpubind            : yes
  cpubind->set_proc_cpubind                : yes
  cpubind->get_proc_cpubind                : yes
  cpubind->set_thisthread_cpubind          : yes
  cpubind->get_thisthread_cpubind          : yes
  cpubind->set_thread_cpubind              : yes
  cpubind->get_thread_cpubind              : yes
  cpubind->get_thisproc_last_cpu_location  : yes
  cpubind->get_proc_last_cpu_location      : yes
  cpubind->get_thisthread_last_cpu_location: yes
Memory binding support:
  membind->set_thisproc_membind            : no
  membind->get_thisproc_membind            : no
  membind->set_proc_membind                : no
  membind->get_proc_membind                : no
  membind->set_thisthread_membind          : yes
  membind->get_thisthread_membind          : yes
  membind->set_area_membind                : yes
  membind->get_area_membind                : yes
  membind->alloc_membind                   : yes
  membind->firsttouch_membind              : yes
  membind->bind_membind                    : yes
  membind->interleave_membind              : yes
  membind->nexttouch_membind               : no
  membind->migrate_membind                 : yes
INFO (SystemTopology): Hardware objects in this node:
Machine L#0: (P#0, total=16373464KB, DMIProductName="Virtual Machine", DMIProductVersion="Hyper-V UEFI Release v4.1", DMIProductUUID=3fbfde72-34d8-4418-8725-e3736f3ef6bb, DMIBoardVendor="Microsoft Corporation", DMIBoardName="Virtual Machine", DMIBoardVersion="Hyper-V UEFI Release v4.1", DMIBoardAssetTag=None, DMIChassisVendor="Microsoft Corporation", DMIChassisType=3, DMIChassisVersion="Hyper-V UEFI Release v4.1", DMIChassisAssetTag=7783-7084-3265-9085-8269-3286-77, DMIBIOSVendor="Microsoft Corporation", DMIBIOSVersion="Hyper-V UEFI Release v4.1", DMIBIOSDate=01/08/2026, DMISysVendor="Microsoft Corporation", Backend=Linux, LinuxCgroup=/system.slice/hosted-compute-agent.service, OSName=Linux, OSRelease=6.17.0-1013-azure, OSVersion="#13~24.04.1-Ubuntu SMP Wed Apr 15 16:52:17 UTC 2026", HostName=runnervmrw5os, Architecture=x86_64, hwlocVersion=2.10.0, ProcessName=cactus_sim)
  Package L#0: (P#0, total=16373464KB, CPUVendor=AuthenticAMD, CPUFamilyNumber=25, CPUModelNumber=17, CPUModel="AMD EPYC 9V74 80-Core Processor                ", CPUStepping=1)
    L3Cache L#0: (P#0, size=32768KB, linesize=64, ways=16, Inclusive=0)
      L2Cache L#0: (P#0, size=1024KB, linesize=64, ways=8, Inclusive=1)
        L1dCache L#0: (P#0, size=32KB, linesize=64, ways=8, Inclusive=0)
          Core L#0: (P#0)
            PU L#0: (P#0)
            PU L#1: (P#1)
      L2Cache L#1: (P#1, size=1024KB, linesize=64, ways=8, Inclusive=1)
        L1dCache L#1: (P#1, size=32KB, linesize=64, ways=8, Inclusive=0)
          Core L#1: (P#1)
            PU L#2: (P#2)
            PU L#3: (P#3)
INFO (SystemTopology): Thread CPU bindings:
  MPI process 0 on host 0 (process 0 of 1 on this host)
    OpenMP thread 0: PU set L#{0-3} P#{0-3}
    OpenMP thread 1: PU set L#{0-3} P#{0-3}
INFO (SystemTopology): Setting thread CPU bindings:
INFO (SystemTopology): Thread CPU bindings:
  MPI process 0 on host 0 (process 0 of 1 on this host)
    OpenMP thread 0: PU set L#{0} P#{0}
    OpenMP thread 1: PU set L#{2} P#{2}
INFO (SystemTopology): Extracting CPU/cache/memory properties:
  There are 2 PUs per core (aka hardware SMT threads)
  There are 1 threads per core (aka SMT threads used)
  Cache (unknown name) has type "data" depth 1
    size 32768 linesize 64 associativity 8 stride 4096, for 2 PUs
  Cache (unknown name) has type "unified" depth 2
    size 1048576 linesize 64 associativity 8 stride 131072, for 2 PUs
  Cache (unknown name) has type "unified" depth 3
    size 33554432 linesize 64 associativity 16 stride 2097152, for 4 PUs
INFO (PUGH): Using physical to logical mappings: direct
INFO (PUGH): Using topology generator: automatic
INFO (Vectors): Using vector size 2 for architecture SSE2 (64-bit precision)
--------------------------------------------------------------------------------
Driver provided by PUGH
--------------------------------------------------------------------------------

INFO (PUGH): Not setting up a topology for 1 dimensions
INFO (PUGH): Not setting up a topology for 2 dimensions
INFO (PUGH): Setting up a topology for 3 dimensions
INFO (IOASCII): I/O Method 'IOASCII_1D' registered: output of 1D lines of grid functions/arrays to ASCII files
INFO (IOASCII): Periodic 1D output every 1 iterations
INFO (IOASCII): Periodic 1D output requested for 'GRID::r'
INFO (IOASCII): I/O Method 'IOASCII_2D' registered: output of 2D planes of grid functions/arrays to ASCII files
INFO (IOASCII): Periodic 2D output turned off
INFO (IOASCII): I/O Method 'IOASCII_3D' registered: output of 3D grid functions/arrays to ASCII files
INFO (IOASCII): Periodic 3D output turned off
INFO (MemSpeed): Measuring CPU, cache, memory, and communication speeds:
  Single-core measurements (using 1 MPI processes with 1 OpenMP threads each):
    CPU frequency:
      iterations=1000000... time=0.00142919 sec
      iterations=10000000... time=0.0140945 sec
      iterations=100000000... time=0.140653 sec
      iterations=800000000... time=1.12488 sec
      iterations=800000000... time=0.843604 sec
      result: 5.68845 GHz
    CPU floating point performance:
      iterations=1000000... time=0.00219765 sec
      iterations=10000000... time=0.0220483 sec
      iterations=100000000... time=0.21971 sec
      iterations=500000000... time=1.09777 sec
      result: 14.575 Gflop/sec
    CPU integer performance:
      iterations=1000000... time=0.00177768 sec
      iterations=10000000... time=0.0175671 sec
      iterations=100000000... time=0.175872 sec
      iterations=600000000... time=1.05528 sec
      result: 9.09711 Giop/sec
    Read latency of D1 cache (for 2 PUs) (using 1*24576 bytes):
      iterations=1000... time=0.000150266 sec
      iterations=10000... time=0.00140532 sec
      iterations=100000... time=0.0140602 sec
      iterations=1000000... time=0.141131 sec
      iterations=8000000... time=1.12582 sec
      result: 1.40728 nsec
    Read latency of L2 cache (for 2 PUs) (using 1*786432 bytes):
      iterations=1000... time=0.000832839 sec
      iterations=10000... time=0.00783187 sec
      iterations=100000... time=0.0780151 sec
      iterations=1000000... time=0.792036 sec
      iterations=2000000... time=1.58736 sec
      result: 7.9368 nsec
    Read latency of L3 cache (for 4 PUs) (using 1*25165824 bytes):
      [skipped -- avoiding large-memory benchmarks]
    Read bandwidth of D1 cache (for 2 PUs) (using 1*24576 bytes):
      iterations=1... time=5.2e-07 sec
      iterations=10... time=2.955e-06 sec
      iterations=100... time=3.1657e-05 sec
      iterations=1000... time=0.000276945 sec
      iterations=10000... time=0.00278981 sec
      iterations=100000... time=0.0277125 sec
      iterations=1000000... time=0.276465 sec
      iterations=4000000... time=1.10591 sec
      result: 88.8894 GByte/sec
    Read bandwidth of L2 cache (for 2 PUs) (using 1*786432 bytes):
      iterations=1... time=1.4471e-05 sec
      iterations=10... time=0.00010701 sec
      iterations=100... time=0.00100787 sec
      iterations=1000... time=0.0100348 sec
      iterations=10000... time=0.100047 sec
      iterations=100000... time=1.00071 sec
      result: 78.5875 GByte/sec
    Read bandwidth of L3 cache (for 4 PUs) (using 1*25165824 bytes):
      [skipped -- avoiding large-memory benchmarks]
    Write latency of D1 cache (for 2 PUs) (using 1*24576 bytes):
      iterations=1000... time=3.596e-06 sec
      iterations=10000... time=3.2159e-05 sec
      iterations=100000... time=0.000284066 sec
      iterations=1000000... time=0.00281698 sec
      iterations=10000000... time=0.0281487 sec
      iterations=100000000... time=0.281581 sec
      iterations=400000000... time=1.12717 sec
      result: 0.352239 nsec
    Write latency of L2 cache (for 2 PUs) (using 1*786432 bytes):
      iterations=1000... time=7.792e-06 sec
      iterations=10000... time=6.9714e-05 sec
      iterations=100000... time=0.000672808 sec
      iterations=1000000... time=0.00666093 sec
      iterations=10000000... time=0.0665279 sec
      iterations=100000000... time=0.664624 sec
      iterations=200000000... time=1.32882 sec
      result: 0.830515 nsec
    Write latency of L3 cache (for 4 PUs) (using 1*25165824 bytes):
      [skipped -- avoiding large-memory benchmarks]
    Write bandwidth of D1 cache (for 2 PUs) (using 1*24576 bytes):
      iterations=1... time=3.71e-07 sec
      iterations=10... time=3.165e-06 sec
      iterations=100... time=3.1297e-05 sec
      iterations=1000... time=0.000296443 sec
      iterations=10000... time=0.00284288 sec
      iterations=100000... time=0.0282915 sec
      iterations=1000000... time=0.283807 sec
      iterations=4000000... time=1.13285 sec
      result: 86.776 GByte/sec
    Write bandwidth of L2 cache (for 2 PUs) (using 1*786432 bytes):
      iterations=1... time=1.3149e-05 sec
      iterations=10... time=0.000105978 sec
      iterations=100... time=0.000981367 sec
      iterations=1000... time=0.00960613 sec
      iterations=10000... time=0.095794 sec
      iterations=100000... time=0.958898 sec
      iterations=200000... time=1.91849 sec
      result: 81.9844 GByte/sec
    Write bandwidth of L3 cache (for 4 PUs) (using 1*25165824 bytes):
      [skipped -- avoiding large-memory benchmarks]
    Stencil code performance of D1 cache (for 2 PUs) (using 1*12^3 grid points, 1*27648 bytes):
      iterations=1... time=2.6891e-05 sec
      iterations=10... time=0.000373459 sec
      iterations=100... time=0.00372307 sec
      iterations=1000... time=0.036988 sec
      iterations=10000... time=0.372937 sec
      iterations=30000... time=1.11608 sec
      result: 0.0464482 Gupdates/sec
    Stencil code performance of L2 cache (for 2 PUs) (using 1*37^3 grid points, 1*810448 bytes):
      iterations=1... time=0.000310084 sec
      iterations=10... time=0.00318523 sec
      iterations=100... time=0.0320476 sec
      iterations=1000... time=0.320268 sec
      iterations=3000... time=0.954216 sec
      iterations=6000... time=1.90171 sec
      result: 0.159813 Gupdates/sec
    Stencil code performance of L3 cache (for 4 PUs) (using 1*116^3 grid points, 1*24974336 bytes):
      iterations=1... time=0.00409983 sec
      iterations=10... time=0.0408544 sec
      iterations=100... time=0.414666 sec
      iterations=300... time=1.22691 sec
      result: 0.381664 Gupdates/sec
  Single-node measurements (using 1 MPI processes with 2 OpenMP threads each):
    CPU frequency:
      iterations=1000000... time=0.00142583 sec
      iterations=10000000... time=0.0140704 sec
      iterations=100000000... time=0.140714 sec
      iterations=800000000... time=1.12544 sec
      iterations=800000000... time=0.843517 sec
      result: 5.67538 GHz
    CPU floating point performance:
      iterations=1000000... time=0.00219277 sec
      iterations=10000000... time=0.0219706 sec
      iterations=100000000... time=0.219561 sec
      iterations=500000000... time=1.09768 sec
      result: 14.5761 Gflop/sec
    CPU integer performance:
      iterations=1000000... time=0.00178221 sec
      iterations=10000000... time=0.0175879 sec
      iterations=100000000... time=0.175795 sec
      iterations=600000000... time=1.05682 sec
      result: 9.08389 Giop/sec
    Read latency of D1 cache (for 2 PUs) (using 2*24576 bytes):
      iterations=1000... time=0.000140521 sec
      iterations=10000... time=0.00140519 sec
      iterations=100000... time=0.0140731 sec
      iterations=1000000... time=0.140767 sec
      iterations=8000000... time=1.12605 sec
      result: 1.40756 nsec
    Read latency of L2 cache (for 2 PUs) (using 2*786432 bytes):
      iterations=1000... time=0.000716885 sec
      iterations=10000... time=0.00708546 sec
      iterations=100000... time=0.0698834 sec
      iterations=1000000... time=0.700269 sec
      iterations=2000000... time=1.40173 sec
      result: 7.00864 nsec
    Read latency of L3 cache (for 4 PUs) (using 1*25165824 bytes):
      [skipped -- avoiding large-memory benchmarks]
    Read bandwidth of D1 cache (for 2 PUs) (using 2*24576 bytes):
      iterations=1... time=3.405e-07 sec
      iterations=10... time=2.8595e-06 sec
      iterations=100... time=2.90585e-05 sec
      iterations=1000... time=0.000284897 sec
      iterations=10000... time=0.00274708 sec
      iterations=100000... time=0.0276411 sec
      iterations=1000000... time=0.276652 sec
      iterations=4000000... time=1.10651 sec
      result: 88.8416 GByte/sec
    Read bandwidth of L2 cache (for 2 PUs) (using 2*786432 bytes):
      iterations=1... time=1.20575e-05 sec
      iterations=10... time=0.000103516 sec
      iterations=100... time=0.0010109 sec
      iterations=1000... time=0.0100899 sec
      iterations=10000... time=0.100848 sec
      iterations=100000... time=1.00954 sec
      result: 77.8998 GByte/sec
    Read bandwidth of L3 cache (for 4 PUs) (using 1*25165824 bytes):
      [skipped -- avoiding large-memory benchmarks]
    Write latency of D1 cache (for 2 PUs) (using 2*24576 bytes):
      iterations=1000... time=2.9645e-06 sec
      iterations=10000... time=3.05655e-05 sec
      iterations=100000... time=0.000281247 sec
      iterations=1000000... time=0.00282042 sec
      iterations=10000000... time=0.0282233 sec
      iterations=100000000... time=0.281363 sec
      iterations=400000000... time=1.12601 sec
      result: 0.351879 nsec
    Write latency of L2 cache (for 2 PUs) (using 2*786432 bytes):
      iterations=1000... time=7.301e-06 sec
      iterations=10000... time=6.91935e-05 sec
      iterations=100000... time=0.00067174 sec
      iterations=1000000... time=0.0065793 sec
      iterations=10000000... time=0.0658569 sec
      iterations=100000000... time=0.658453 sec
      iterations=200000000... time=1.31669 sec
      result: 0.82293 nsec
    Write latency of L3 cache (for 4 PUs) (using 1*25165824 bytes):
      [skipped -- avoiding large-memory benchmarks]
    Write bandwidth of D1 cache (for 2 PUs) (using 2*24576 bytes):
      iterations=1... time=3.705e-07 sec
      iterations=10... time=2.9645e-06 sec
      iterations=100... time=3.0375e-05 sec
      iterations=1000... time=0.000281337 sec
      iterations=10000... time=0.00282703 sec
      iterations=100000... time=0.0282575 sec
      iterations=1000000... time=0.282191 sec
      iterations=4000000... time=1.12848 sec
      result: 87.112 GByte/sec
    Write bandwidth of L2 cache (for 2 PUs) (using 2*786432 bytes):
      iterations=1... time=1.17325e-05 sec
      iterations=10... time=0.000101788 sec
      iterations=100... time=0.000982855 sec
      iterations=1000... time=0.00970667 sec
      iterations=10000... time=0.0972128 sec
      iterations=100000... time=0.973213 sec
      iterations=200000... time=1.94729 sec
      result: 80.7718 GByte/sec
    Write bandwidth of L3 cache (for 4 PUs) (using 1*25165824 bytes):
      [skipped -- avoiding large-memory benchmarks]
    Stencil code performance of D1 cache (for 2 PUs) (using 1*12^3 grid points, 1*27648 bytes):
      iterations=1... time=7.1555e-06 sec
      iterations=10... time=0.00010001 sec
      iterations=100... time=0.000992387 sec
      iterations=1000... time=0.00986937 sec
      iterations=10000... time=0.100589 sec
      iterations=100000... time=1.00507 sec
      result: 0.171928 Gupdates/sec
    Stencil code performance of L2 cache (for 2 PUs) (using 1*37^3 grid points, 1*810448 bytes):
      iterations=1... time=8.2018e-05 sec
      iterations=10... time=0.000821135 sec
      iterations=100... time=0.00810118 sec
      iterations=1000... time=0.0813706 sec
      iterations=10000... time=0.819702 sec
      iterations=20000... time=1.64166 sec
      result: 0.617097 Gupdates/sec
    Stencil code performance of L3 cache (for 4 PUs) (using 1*116^3 grid points, 1*24974336 bytes):
      iterations=1... time=0.000855472 sec
      iterations=10... time=0.012824 sec
      iterations=100... time=0.127385 sec
      iterations=900... time=1.14189 sec
      result: 1.23025 Gupdates/sec
INFO (Vectors): Testing vectorisation... [errors may result in segfaults]
INFO (Vectors): 375/375 tests passed 
INFO (CartGrid3D): Grid Spacings:
INFO (CartGrid3D): dx=>1.1111111e-01  dy=>1.1111111e-01  dz=>1.1111111e-01
INFO (CartGrid3D): Computational Coordinates:
INFO (CartGrid3D): x=>[-0.500, 0.500]  y=>[-0.500, 0.500]  z=>[-0.500, 0.500]
INFO (CartGrid3D): Indices of Physical Coordinates:
INFO (CartGrid3D): x=>[0,9]  y=>[0,9]  z=>[0,9]
INFO (PUGH): MPI Evolution on 1 processors
INFO (PUGH): 3-dimensional grid functions
INFO (PUGH):  10
INFO (PUGH):  1
INFO (PUGH): 10]
INFO (PUGH):   Maximum load skew: 0.000000
--------------------------------------------------------------------------------
Done.
+ echo Stopping:
Stopping:
+ date
Wed May 20 18:33:34 UTC 2026
+ echo Done.
Done.
  Elapsed time: 54.8 s
