/home/runner/simulations/TestJob01_temp_1/output-0000/TEST/sim/MemSpeed
Preparing:
+ set -e
+ cd output-0000-active
+ echo Checking:
Checking:
+ pwd
/home/runner/simulations/TestJob01_temp_1/output-0000/TEST/sim/MemSpeed/output-0000-active
+ hostname
runnervmkkn4f
+ date
Wed Jul  8 08:17:28 UTC 2026
+ echo Environment:
Environment:
+ export CACTUS_NUM_PROCS=1
+ CACTUS_NUM_PROCS=1
+ export CACTUS_NUM_THREADS=2
+ CACTUS_NUM_THREADS=2
+ export GMON_OUT_PREFIX=gmon.out
+ GMON_OUT_PREFIX=gmon.out
+ export OMP_NUM_THREADS=2
+ OMP_NUM_THREADS=2
+ env
+ sort
+ echo Starting:
Starting:
++ date +%s
+ export CACTUS_STARTTIME=1783498648
+ CACTUS_STARTTIME=1783498648
+ '[' 1 = 1 ']'
+ '[' 0 -eq 0 ']'
+ /home/runner/simulations/TestJob01_temp_1/SIMFACTORY/exe/cactus_sim -L 3 /home/runner/simulations/TestJob01_temp_1/output-0000/arrangements/CactusUtils/MemSpeed/test/memspeed.par
INFO (Cactus): Increased logging level from 0 to 3
--------------------------------------------------------------------------------

       10                                  
  1   0101       ************************  
  01  1010 10      The Cactus Code V4.20.0    
 1010 1101 011      www.cactuscode.org     
  1001 100101    ************************  
    00010101                               
     100011     (c) Copyright The Authors  
      0100      GNU Licensed. No Warranty  
      0101                                 
--------------------------------------------------------------------------------

Cactus version:    4.20.0
Compile date:      Jul 08 2026 (08:06:28)
Run date:          Jul 08 2026 (08:17:29+0000)
Run host:          runnervmkkn4f.ruemotfze4de3d0wsa50oj5uif.phxx.internal.cloudapp.net (pid=171642)
Working directory: /home/runner/simulations/TestJob01_temp_1/output-0000/TEST/sim/MemSpeed
Executable:        /home/runner/simulations/TestJob01_temp_1/SIMFACTORY/exe/cactus_sim
Parameter file:    /home/runner/simulations/TestJob01_temp_1/output-0000/arrangements/CactusUtils/MemSpeed/test/memspeed.par
--------------------------------------------------------------------------------

Activating thorn Cactus...Success -> active implementation Cactus
Activation requested for 
--->hwloc MemSpeed SystemTopology CartGrid3D CoordBase IOASCII IOUtil PUGH PUGHSlab<---
Thorn hwloc requests automatic activation of zlib
Thorn MemSpeed requests automatic activation of Vectors
Thorn MemSpeed requests automatic activation of MPI
Activating thorn CartGrid3D...Success -> active implementation grid
Activating thorn CoordBase...Success -> active implementation CoordBase
Activating thorn hwloc...Success -> active implementation hwloc
Activating thorn IOASCII...Success -> active implementation IOASCII
Activating thorn IOUtil...Success -> active implementation IO
Activating thorn MemSpeed...Success -> active implementation MemSpeed
Activating thorn MPI...Success -> active implementation MPI
Activating thorn PUGH...Success -> active implementation Driver
Activating thorn PUGHSlab...Success -> active implementation Hyperslab
Activating thorn SystemTopology...Success -> active implementation SystemTopology
Activating thorn Vectors...Success -> active implementation Vectors
Activating thorn zlib...Success -> active implementation zlib
--------------------------------------------------------------------------------
  if (recover initial data)
    Recover parameters
  endif

  Startup routines
    [CCTK_STARTUP]
      CartGrid3D::SymmetryStartup: Register GH Extension for GridSymmetry
      CoordBase::CoordBase_Startup: Register a GH extension to store the coordinate system handles
      GROUP hwloc_startup: hwloc startup group
        hwloc::hwloc_version: Output hwloc version
      SystemTopology::ST_system_topology: Output and/or modify system topology and hardware locality
      PUGH::Driver_Startup: Startup routine
      PUGH::PUGH_RegisterPUGHP2LRoutines: Register Physical to Logical process mapping routines
      PUGH::PUGH_RegisterPUGHTopologyRoutines: Register topology generation routines routines
      IOUtil::IOUtil_Startup: Startup routine
      Vectors::Vectors_Startup: Print startup message
      IOASCII::IOASCII_Startup: Startup routine

  Startup routines which need an existing grid hierarchy
    [CCTK_WRAGH]
      CartGrid3D::RegisterCartGrid3DCoords: [meta] Register coordinates for the Cartesian grid
      MemSpeed::MemSpeed_MeasureSpeed: [meta] Measure CPU, memory, cache speeds
  Parameter checking routines
    [CCTK_PARAMCHECK]
      CartGrid3D::ParamCheck_CartGrid3D: Check coordinates for CartGrid3D
      Vectors::Vectors_Test: Run correctness tests.

  Initialisation
    if (NOT (recover initial data AND recovery_mode is 'strict'))
      [CCTK_PREREGRIDINITIAL]
      Set up grid hierarchy
      [CCTK_POSTREGRIDINITIAL]
        CartGrid3D::SpatialCoordinates: Set Coordinates after regridding
      [CCTK_BASEGRID]
        CartGrid3D::SpatialSpacings: Set up ranges for spatial 3D Cartesian coordinates (on all grids)
        CartGrid3D::SpatialCoordinates: Set up spatial 3D Cartesian coordinates on the GH
        IOASCII::IOASCII_Choose1D: Choose 1D output lines
        IOASCII::IOASCII_Choose2D: Choose 2D output planes
        PUGH::PUGH_Report: Report on PUGH set up
      [CCTK_INITIAL]
      [CCTK_POSTINITIAL]
      Initialise finer grids recursively
      Restrict from finer grids
      [CCTK_POSTRESTRICTINITIAL]
      [CCTK_POSTPOSTINITIAL]
      [CCTK_POSTSTEP]
    endif
    if (recover initial data)
      [CCTK_BASEGRID]
        CartGrid3D::SpatialSpacings: Set up ranges for spatial 3D Cartesian coordinates (on all grids)
        CartGrid3D::SpatialCoordinates: Set up spatial 3D Cartesian coordinates on the GH
        IOASCII::IOASCII_Choose1D: Choose 1D output lines
        IOASCII::IOASCII_Choose2D: Choose 2D output planes
        PUGH::PUGH_Report: Report on PUGH set up
      [CCTK_RECOVER_VARIABLES]
      [CCTK_POST_RECOVER_VARIABLES]
    endif
    if (checkpoint initial data)
      [CCTK_CPINITIAL]
    endif
    if (analysis)
      [CCTK_ANALYSIS]
  endif
  Output grid variables

  do loop over timesteps
    [CCTK_PREREGRID]
    Change grid hierarchy
    [CCTK_POSTREGRID]
      CartGrid3D::SpatialCoordinates: Set Coordinates after regridding
    Rotate timelevels
    iteration = iteration+1
    t = t+dt
    [CCTK_PRESTEP]
    [CCTK_EVOL]
    Evolve finer grids recursively
    Restrict from finer grids
    [CCTK_POSTRESTRICT]
    [CCTK_POSTSTEP]
    if (checkpoint)
      [CCTK_CHECKPOINT]
    endif
    if (analysis)
      [CCTK_ANALYSIS]
    endif
    Output grid variables
    enddo

  Termination routines
    [CCTK_TERMINATE]
      PUGH::Driver_Terminate: Termination routine

  Shutdown routines
    [CCTK_SHUTDOWN]

  Routines run after changing the grid hierarchy:
    [CCTK_POSTREGRID]
      CartGrid3D::SpatialCoordinates: Set Coordinates after regridding
--------------------------------------------------------------------------------
INFO (hwloc): library version 2.10.0, API version 0x20800
INFO (SystemTopology): MPI process-to-host mapping:
This is MPI process 0 of 1
MPI hosts:
  0: runnervmkkn4f
This MPI process runs on host 0 of 1
On this host, this is MPI process 0 of 1
INFO (SystemTopology): Topology support:
Discovery support:
  discovery->pu                            : yes
CPU binding support:
  cpubind->set_thisproc_cpubind            : yes
  cpubind->get_thisproc_cpubind            : yes
  cpubind->set_proc_cpubind                : yes
  cpubind->get_proc_cpubind                : yes
  cpubind->set_thisthread_cpubind          : yes
  cpubind->get_thisthread_cpubind          : yes
  cpubind->set_thread_cpubind              : yes
  cpubind->get_thread_cpubind              : yes
  cpubind->get_thisproc_last_cpu_location  : yes
  cpubind->get_proc_last_cpu_location      : yes
  cpubind->get_thisthread_last_cpu_location: yes
Memory binding support:
  membind->set_thisproc_membind            : no
  membind->get_thisproc_membind            : no
  membind->set_proc_membind                : no
  membind->get_proc_membind                : no
  membind->set_thisthread_membind          : yes
  membind->get_thisthread_membind          : yes
  membind->set_area_membind                : yes
  membind->get_area_membind                : yes
  membind->alloc_membind                   : yes
  membind->firsttouch_membind              : yes
  membind->bind_membind                    : yes
  membind->interleave_membind              : yes
  membind->nexttouch_membind               : no
  membind->migrate_membind                 : yes
INFO (SystemTopology): Hardware objects in this node:
Machine L#0: (P#0, total=16372448KB, DMIProductName="Virtual Machine", DMIProductVersion="Hyper-V UEFI Release v4.1", DMIProductUUID=c729af7b-2149-498c-a500-dd195ffe644a, DMIBoardVendor="Microsoft Corporation", DMIBoardName="Virtual Machine", DMIBoardVersion="Hyper-V UEFI Release v4.1", DMIBoardAssetTag=None, DMIChassisVendor="Microsoft Corporation", DMIChassisType=3, DMIChassisVersion="Hyper-V UEFI Release v4.1", DMIChassisAssetTag=7783-7084-3265-9085-8269-3286-77, DMIBIOSVendor="Microsoft Corporation", DMIBIOSVersion="Hyper-V UEFI Release v4.1", DMIBIOSDate=01/08/2026, DMISysVendor="Microsoft Corporation", Backend=Linux, LinuxCgroup=/system.slice/hosted-compute-agent.service, OSName=Linux, OSRelease=6.17.0-1018-azure, OSVersion="#18~24.04.1-Ubuntu SMP Thu May 28 16:39:11 UTC 2026", HostName=runnervmkkn4f, Architecture=x86_64, hwlocVersion=2.10.0, ProcessName=cactus_sim)
  Package L#0: (P#0, total=16372448KB, CPUVendor=GenuineIntel, CPUFamilyNumber=6, CPUModelNumber=106, CPUModel="Intel(R) Xeon(R) Platinum 8370C CPU @ 2.80GHz", CPUStepping=6)
    L3Cache L#0: (P#0, size=49152KB, linesize=64, ways=12, Inclusive=0)
      L2Cache L#0: (P#0, size=1280KB, linesize=64, ways=20, Inclusive=0)
        L1dCache L#0: (P#0, size=48KB, linesize=64, ways=12, Inclusive=0)
          Core L#0: (P#0)
            PU L#0: (P#0)
            PU L#1: (P#1)
      L2Cache L#1: (P#1, size=1280KB, linesize=64, ways=20, Inclusive=0)
        L1dCache L#1: (P#1, size=48KB, linesize=64, ways=12, Inclusive=0)
          Core L#1: (P#1)
            PU L#2: (P#2)
            PU L#3: (P#3)
INFO (SystemTopology): Thread CPU bindings:
  MPI process 0 on host 0 (process 0 of 1 on this host)
    OpenMP thread 0: PU set L#{0-3} P#{0-3}
    OpenMP thread 1: PU set L#{0-3} P#{0-3}
INFO (SystemTopology): Setting thread CPU bindings:
INFO (SystemTopology): Thread CPU bindings:
  MPI process 0 on host 0 (process 0 of 1 on this host)
    OpenMP thread 0: PU set L#{0} P#{0}
    OpenMP thread 1: PU set L#{2} P#{2}
INFO (SystemTopology): Extracting CPU/cache/memory properties:
  There are 2 PUs per core (aka hardware SMT threads)
  There are 1 threads per core (aka SMT threads used)
  Cache (unknown name) has type "data" depth 1
    size 49152 linesize 64 associativity 12 stride 4096, for 2 PUs
  Cache (unknown name) has type "unified" depth 2
    size 1310720 linesize 64 associativity 20 stride 65536, for 2 PUs
  Cache (unknown name) has type "unified" depth 3
    size 50331648 linesize 64 associativity 12 stride 4194304, for 4 PUs
INFO (PUGH): Using physical to logical mappings: direct
INFO (PUGH): Using topology generator: automatic
INFO (Vectors): Using vector size 2 for architecture SSE2 (64-bit precision)
--------------------------------------------------------------------------------
Driver provided by PUGH
--------------------------------------------------------------------------------

INFO (PUGH): Not setting up a topology for 1 dimensions
INFO (PUGH): Not setting up a topology for 2 dimensions
INFO (PUGH): Setting up a topology for 3 dimensions
INFO (IOASCII): I/O Method 'IOASCII_1D' registered: output of 1D lines of grid functions/arrays to ASCII files
INFO (IOASCII): Periodic 1D output every 1 iterations
INFO (IOASCII): Periodic 1D output requested for 'GRID::r'
INFO (IOASCII): I/O Method 'IOASCII_2D' registered: output of 2D planes of grid functions/arrays to ASCII files
INFO (IOASCII): Periodic 2D output turned off
INFO (IOASCII): I/O Method 'IOASCII_3D' registered: output of 3D grid functions/arrays to ASCII files
INFO (IOASCII): Periodic 3D output turned off
INFO (MemSpeed): Measuring CPU, cache, memory, and communication speeds:
  Single-core measurements (using 1 MPI processes with 1 OpenMP threads each):
    CPU frequency:
      iterations=1000000... time=0.00116653 sec
      iterations=10000000... time=0.0117531 sec
      iterations=100000000... time=0.115555 sec
      iterations=1000000000... time=1.15607 sec
      iterations=1000000000... time=1.24231 sec
      result: -23.1891 GHz
    CPU floating point performance:
      iterations=1000000... time=0.00260437 sec
      iterations=10000000... time=0.0259091 sec
      iterations=100000000... time=0.258636 sec
      iterations=400000000... time=1.03501 sec
      result: 12.367 Gflop/sec
    CPU integer performance:
      iterations=1000000... time=0.00147969 sec
      iterations=10000000... time=0.0145458 sec
      iterations=100000000... time=0.145506 sec
      iterations=800000000... time=1.16391 sec
      result: 10.9974 Giop/sec
    Read latency of D1 cache (for 2 PUs) (using 1*36864 bytes):
      iterations=1000... time=0.000148262 sec
      iterations=10000... time=0.00144691 sec
      iterations=100000... time=0.0144214 sec
      iterations=1000000... time=0.144379 sec
      iterations=8000000... time=1.1538 sec
      result: 1.44225 nsec
    Read latency of L2 cache (for 2 PUs) (using 1*983040 bytes):
      iterations=1000... time=0.000431878 sec
      iterations=10000... time=0.00429048 sec
      iterations=100000... time=0.0421407 sec
      iterations=1000000... time=0.421199 sec
      iterations=3000000... time=1.26399 sec
      result: 4.21329 nsec
    Read latency of L3 cache (for 4 PUs) (using 1*37748736 bytes):
      [skipped -- avoiding large-memory benchmarks]
    Read bandwidth of D1 cache (for 2 PUs) (using 1*36864 bytes):
      iterations=1... time=6.16e-07 sec
      iterations=10... time=4.2e-06 sec
      iterations=100... time=4.2656e-05 sec
      iterations=1000... time=0.000405889 sec
      iterations=10000... time=0.00390007 sec
      iterations=100000... time=0.039073 sec
      iterations=1000000... time=0.388299 sec
      iterations=3000000... time=1.16465 sec
      result: 94.9574 GByte/sec
    Read bandwidth of L2 cache (for 2 PUs) (using 1*983040 bytes):
      iterations=1... time=2.3596e-05 sec
      iterations=10... time=0.000171326 sec
      iterations=100... time=0.00162941 sec
      iterations=1000... time=0.0160974 sec
      iterations=10000... time=0.160641 sec
      iterations=70000... time=1.1267 sec
      result: 61.0749 GByte/sec
    Read bandwidth of L3 cache (for 4 PUs) (using 1*37748736 bytes):
      [skipped -- avoiding large-memory benchmarks]
    Write latency of D1 cache (for 2 PUs) (using 1*36864 bytes):
      iterations=1000... time=2.919e-06 sec
      iterations=10000... time=2.7069e-05 sec
      iterations=100000... time=0.000234322 sec
      iterations=1000000... time=0.00231061 sec
      iterations=10000000... time=0.0230418 sec
      iterations=100000000... time=0.230782 sec
      iterations=500000000... time=1.15337 sec
      result: 0.288342 nsec
    Write latency of L2 cache (for 2 PUs) (using 1*983040 bytes):
      iterations=1000... time=2.2604e-05 sec
      iterations=10000... time=0.000130921 sec
      iterations=100000... time=0.00128257 sec
      iterations=1000000... time=0.0130071 sec
      iterations=10000000... time=0.129267 sec
      iterations=90000000... time=1.16019 sec
      result: 1.61137 nsec
    Write latency of L3 cache (for 4 PUs) (using 1*37748736 bytes):
      [skipped -- avoiding large-memory benchmarks]
    Write bandwidth of D1 cache (for 2 PUs) (using 1*36864 bytes):
      iterations=1... time=5.22e-07 sec
      iterations=10... time=4.25e-06 sec
      iterations=100... time=4.4391e-05 sec
      iterations=1000... time=0.000190712 sec
      iterations=10000... time=0.00178764 sec
      iterations=100000... time=0.0178386 sec
      iterations=1000000... time=0.178361 sec
      iterations=6000000... time=1.07025 sec
      result: 206.665 GByte/sec
    Write bandwidth of L2 cache (for 2 PUs) (using 1*983040 bytes):
      iterations=1... time=3.0488e-05 sec
      iterations=10... time=0.000166996 sec
      iterations=100... time=0.00155727 sec
      iterations=1000... time=0.0154141 sec
      iterations=10000... time=0.154116 sec
      iterations=70000... time=1.08006 sec
      result: 63.712 GByte/sec
    Write bandwidth of L3 cache (for 4 PUs) (using 1*37748736 bytes):
      [skipped -- avoiding large-memory benchmarks]
    Stencil code performance of D1 cache (for 2 PUs) (using 1*13^3 grid points, 1*35152 bytes):
      iterations=1... time=1.3297e-05 sec
      iterations=10... time=0.000140894 sec
      iterations=100... time=0.00138734 sec
      iterations=1000... time=0.0136982 sec
      iterations=10000... time=0.136488 sec
      iterations=80000... time=1.08761 sec
      result: 0.161602 Gupdates/sec
    Stencil code performance of L2 cache (for 2 PUs) (using 1*39^3 grid points, 1*949104 bytes):
      iterations=1... time=0.00019047 sec
      iterations=10... time=0.00274132 sec
      iterations=100... time=0.0270243 sec
      iterations=1000... time=0.272093 sec
      iterations=4000... time=1.10014 sec
      result: 0.215679 Gupdates/sec
    Stencil code performance of L3 cache (for 4 PUs) (using 1*133^3 grid points, 1*37642192 bytes):
      iterations=1... time=0.0480616 sec
      iterations=10... time=0.483601 sec
      iterations=20... time=0.967847 sec
      iterations=40... time=1.9351 sec
      result: 0.0486308 Gupdates/sec
  Single-node measurements (using 1 MPI processes with 2 OpenMP threads each):
    CPU frequency:
      iterations=1000000... time=0.00131049 sec
      iterations=10000000... time=0.0121552 sec
      iterations=100000000... time=0.11595 sec
      iterations=900000000... time=1.04212 sec
      iterations=900000000... time=1.11979 sec
      result: -23.1728 GHz
    CPU floating point performance:
      iterations=1000000... time=0.00259178 sec
      iterations=10000000... time=0.0259194 sec
      iterations=100000000... time=0.259208 sec
      iterations=400000000... time=1.03692 sec
      result: 12.3442 Gflop/sec
    CPU integer performance:
      iterations=1000000... time=0.00147714 sec
      iterations=10000000... time=0.0147065 sec
      iterations=100000000... time=0.145922 sec
      iterations=800000000... time=1.167 sec
      result: 10.9683 Giop/sec
    Read latency of D1 cache (for 2 PUs) (using 2*36864 bytes):
      iterations=1000... time=0.000152877 sec
      iterations=10000... time=0.00144521 sec
      iterations=100000... time=0.0144399 sec
      iterations=1000000... time=0.144553 sec
      iterations=8000000... time=1.15657 sec
      result: 1.44571 nsec
    Read latency of L2 cache (for 2 PUs) (using 2*983040 bytes):
      iterations=1000... time=0.000426876 sec
      iterations=10000... time=0.00422392 sec
      iterations=100000... time=0.0419077 sec
      iterations=1000000... time=0.418253 sec
      iterations=3000000... time=1.26635 sec
      result: 4.22115 nsec
    Read latency of L3 cache (for 4 PUs) (using 1*37748736 bytes):
      [skipped -- avoiding large-memory benchmarks]
    Read bandwidth of D1 cache (for 2 PUs) (using 2*36864 bytes):
      iterations=1... time=6.17e-07 sec
      iterations=10... time=4.153e-06 sec
      iterations=100... time=5.08395e-05 sec
      iterations=1000... time=0.000390277 sec
      iterations=10000... time=0.00389335 sec
      iterations=100000... time=0.0388764 sec
      iterations=1000000... time=0.389342 sec
      iterations=3000000... time=1.16698 sec
      result: 94.7673 GByte/sec
    Read bandwidth of L2 cache (for 2 PUs) (using 2*983040 bytes):
      iterations=1... time=1.93045e-05 sec
      iterations=10... time=0.000162383 sec
      iterations=100... time=0.00157404 sec
      iterations=1000... time=0.0156565 sec
      iterations=10000... time=0.156584 sec
      iterations=70000... time=1.0956 sec
      result: 62.8081 GByte/sec
    Read bandwidth of L3 cache (for 4 PUs) (using 1*37748736 bytes):
      [skipped -- avoiding large-memory benchmarks]
    Write latency of D1 cache (for 2 PUs) (using 2*36864 bytes):
      iterations=1000... time=3.082e-06 sec
      iterations=10000... time=2.5072e-05 sec
      iterations=100000... time=0.00023168 sec
      iterations=1000000... time=0.00232285 sec
      iterations=10000000... time=0.02317 sec
      iterations=100000000... time=0.230956 sec
      iterations=500000000... time=1.15595 sec
      result: 0.288988 nsec
    Write latency of L2 cache (for 2 PUs) (using 2*983040 bytes):
      iterations=1000... time=2.0161e-05 sec
      iterations=10000... time=0.000124525 sec
      iterations=100000... time=0.00126682 sec
      iterations=1000000... time=0.0126128 sec
      iterations=10000000... time=0.127195 sec
      iterations=90000000... time=1.14945 sec
      result: 1.59646 nsec
    Write latency of L3 cache (for 4 PUs) (using 1*37748736 bytes):
      [skipped -- avoiding large-memory benchmarks]
    Write bandwidth of D1 cache (for 2 PUs) (using 2*36864 bytes):
      iterations=1... time=5.605e-07 sec
      iterations=10... time=4.262e-06 sec
      iterations=100... time=5.2013e-05 sec
      iterations=1000... time=0.000179042 sec
      iterations=10000... time=0.00176036 sec
      iterations=100000... time=0.0176604 sec
      iterations=1000000... time=0.176522 sec
      iterations=6000000... time=1.05846 sec
      result: 208.967 GByte/sec
    Write bandwidth of L2 cache (for 2 PUs) (using 2*983040 bytes):
      iterations=1... time=2.75655e-05 sec
      iterations=10... time=0.000158184 sec
      iterations=100... time=0.00150995 sec
      iterations=1000... time=0.0149341 sec
      iterations=10000... time=0.149444 sec
      iterations=70000... time=1.04485 sec
      result: 65.8589 GByte/sec
    Write bandwidth of L3 cache (for 4 PUs) (using 1*37748736 bytes):
      [skipped -- avoiding large-memory benchmarks]
    Stencil code performance of D1 cache (for 2 PUs) (using 1*13^3 grid points, 1*35152 bytes):
      iterations=1... time=9.53e-06 sec
      iterations=10... time=4.31605e-05 sec
      iterations=100... time=0.000393156 sec
      iterations=1000... time=0.00396915 sec
      iterations=10000... time=0.0399296 sec
      iterations=100000... time=0.396121 sec
      iterations=300000... time=1.19159 sec
      result: 0.553127 Gupdates/sec
    Stencil code performance of L2 cache (for 2 PUs) (using 1*39^3 grid points, 1*949104 bytes):
      iterations=1... time=4.85635e-05 sec
      iterations=10... time=0.000699219 sec
      iterations=100... time=0.0071299 sec
      iterations=1000... time=0.0693336 sec
      iterations=10000... time=0.70108 sec
      iterations=20000... time=1.39947 sec
      result: 0.847733 Gupdates/sec
    Stencil code performance of L3 cache (for 4 PUs) (using 1*133^3 grid points, 1*37642192 bytes):
      iterations=1... time=0.00124199 sec
      iterations=10... time=0.0119861 sec
      iterations=100... time=0.115754 sec
      iterations=1000... time=1.16472 sec
      result: 2.01992 Gupdates/sec
INFO (Vectors): Testing vectorisation... [errors may result in segfaults]
INFO (Vectors): 375/375 tests passed 
INFO (CartGrid3D): Grid Spacings:
INFO (CartGrid3D): dx=>1.1111111e-01  dy=>1.1111111e-01  dz=>1.1111111e-01
INFO (CartGrid3D): Computational Coordinates:
INFO (CartGrid3D): x=>[-0.500, 0.500]  y=>[-0.500, 0.500]  z=>[-0.500, 0.500]
INFO (CartGrid3D): Indices of Physical Coordinates:
INFO (CartGrid3D): x=>[0,9]  y=>[0,9]  z=>[0,9]
INFO (PUGH): MPI Evolution on 1 processors
INFO (PUGH): 3-dimensional grid functions
INFO (PUGH):  10
INFO (PUGH):  1
INFO (PUGH): 10]
INFO (PUGH):   Maximum load skew: 0.000000
--------------------------------------------------------------------------------
Done.
+ echo Stopping:
Stopping:
+ date
Wed Jul  8 08:18:18 UTC 2026
+ echo Done.
Done.
  Elapsed time: 49.5 s
