/home/runner/simulations/TestJob01_temp_2/output-0000/TEST/sim/CanudaX_BSSNMoL
Preparing:
+ set -e
+ cd output-0000-active
+ echo Checking:
Checking:
+ pwd
/home/runner/simulations/TestJob01_temp_2/output-0000/TEST/sim/CanudaX_BSSNMoL/output-0000-active
+ hostname
runnervm3jyl0
+ date
Mon Jun  8 23:07:29 UTC 2026
+ echo Environment:
Environment:
+ export CACTUS_NUM_PROCS=2
+ CACTUS_NUM_PROCS=2
+ export CACTUS_NUM_THREADS=1
+ CACTUS_NUM_THREADS=1
+ export GMON_OUT_PREFIX=gmon.out
+ GMON_OUT_PREFIX=gmon.out
+ export OMP_NUM_THREADS=1
+ OMP_NUM_THREADS=1
+ env
+ sort
+ echo Starting:
Starting:
++ date +%s
+ export CACTUS_STARTTIME=1780960049
+ CACTUS_STARTTIME=1780960049
+ '[' 2 = 1 ']'
+ mpirun -np 2 /home/runner/simulations/TestJob01_temp_2/SIMFACTORY/exe/cactus_sim -L 3 /home/runner/simulations/TestJob01_temp_2/output-0000/arrangements/CanudaX/CanudaX_BSSNMoL/test/gaugewave.par
INFO (Cactus): Increased logging level from 0 to 3
--------------------------------------------------------------------------------

       10                                  
  1   0101       ************************  
  01  1010 10      The Cactus Code V4.20.0    
 1010 1101 011      www.cactuscode.org     
  1001 100101    ************************  
    00010101                               
     100011     (c) Copyright The Authors  
      0100      GNU Licensed. No Warranty  
      0101                                 
--------------------------------------------------------------------------------

Cactus version:    4.20.0
Compile date:      Jun 08 2026 (22:44:13)
Run date:          Jun 08 2026 (23:07:30+0000)
Run host:          runnervm3jyl0.i0fnop2thlderixbsj2qpy22md.yx.internal.cloudapp.net (pid=181104)
Working directory: /home/runner/simulations/TestJob01_temp_2/output-0000/TEST/sim/CanudaX_BSSNMoL
Executable:        /home/runner/simulations/TestJob01_temp_2/SIMFACTORY/exe/cactus_sim
Parameter file:    /home/runner/simulations/TestJob01_temp_2/output-0000/arrangements/CanudaX/CanudaX_BSSNMoL/test/gaugewave.par
--------------------------------------------------------------------------------

Activating thorn Cactus...Success -> active implementation Cactus
Activation requested for 
--->ADMBaseX CanudaX_BSSNMoL CanudaX_ExactID CarpetX IOUtil ODESolvers TmunuBaseX<---
Thorn ADMBaseX requests automatic activation of Loop
Thorn CarpetX requests automatic activation of AMReX
Thorn CarpetX requests automatic activation of MPI
Thorn CarpetX requests automatic activation of yaml_cpp
Thorn CarpetX requests automatic activation of zlib
Thorn CarpetX requests automatic activation of Arith
Thorn CarpetX requests automatic activation of CarpetXRegrid
Thorn CarpetX requests automatic activation of ADIOS2
Thorn CarpetX requests automatic activation of openPMD
Thorn CarpetX requests automatic activation of Silo
Thorn ADIOS2 requests automatic activation of CMake
Thorn Arith requests automatic activation of NSIMD
Thorn MPI requests automatic activation of hwloc
Thorn openPMD requests automatic activation of HDF5
Activating thorn ADIOS2...Success -> active implementation ADIOS2
Activating thorn ADMBaseX...Success -> active implementation ADMBaseX
Activating thorn AMReX...Success -> active implementation AMReX
Activating thorn Arith...Success -> active implementation Arith
Activating thorn CanudaX_BSSNMoL...Success -> active implementation CanudaX_BSSNMoL
Activating thorn CanudaX_ExactID...Success -> active implementation CanudaX_ExactID
Activating thorn CarpetX...Success -> active implementation Driver
Activating thorn CarpetXRegrid...Success -> active implementation CarpetXRegrid
Activating thorn CMake...Success -> active implementation CMake
Activating thorn HDF5...Success -> active implementation HDF5
Activating thorn hwloc...Success -> active implementation hwloc
Activating thorn IOUtil...Success -> active implementation IO
Activating thorn Loop...Success -> active implementation Loop
Activating thorn MPI...Success -> active implementation MPI
Activating thorn NSIMD...Success -> active implementation NSIMD
Activating thorn ODESolvers...Success -> active implementation ODESolvers
Activating thorn openPMD...Success -> active implementation openPMD
Activating thorn Silo...Success -> active implementation Silo
Activating thorn TmunuBaseX...Success -> active implementation TmunuBaseX
Activating thorn yaml_cpp...Success -> active implementation yaml_cpp
Activating thorn zlib...Success -> active implementation zlib
--------------------------------------------------------------------------------
  if (recover initial data)
    Recover parameters
  endif

  Startup routines
    [CCTK_STARTUP]
      CarpetX::Driver_Startup: Start up the driver
      IOUtil::IOUtil_Startup: Startup routine
      GROUP hwloc_startup: hwloc startup group
        hwloc::hwloc_version: Output hwloc version

  Startup routines which need an existing grid hierarchy
    [CCTK_WRAGH]
      Arith::Test_smallvector: [meta] Test small vectors
      Arith::Test_spvect: [meta] Test sparse vectors
      ODESolvers::ODESolvers_InitConstants: [global] Set up dummy loop counters for schedule printout
  Parameter checking routines
    [CCTK_PARAMCHECK]
      CanudaX_BSSNMoL::CanudaX_BSSNMoL_paramcheck: Check CanudaX_BSSNMoL parameters for consistency

  Initialisation
    if (NOT (recover initial data AND recovery_mode is 'strict'))
      [CCTK_PREREGRIDINITIAL]
      Set up grid hierarchy
      [CCTK_POSTREGRIDINITIAL]
      [CCTK_BASEGRID]
        CarpetXRegrid::CarpetXRegrid_InitError: Initialize regridding error to zero
        GROUP ODESolvers_BaseGrid: Set up constants (e.g. coordinates) everywhere on the grid
      [CCTK_INITIAL]
        GROUP TmunuBaseX_SetTmunuVars: Schedule group for setting T_munu
          TmunuBaseX::TmunuBaseX_ZeroTmunu: Set T_munu to zero
          GROUP TmunuBaseX_AddToTmunu: Add to T_munu here
        GROUP ODESolvers_Initial: Set up initial conditions on interior of state vector
          GROUP ADMBaseX_InitialData: Schedule group for calculating ADM initial data
            GROUP CanudaX_ExactIDGroup: CanudaX_ExactID group for setting up initial data
              CanudaX_ExactID::CanudaX_ExactID_GaugeWave: [local] Create gauge wave initial data
          GROUP ADMBaseX_InitialGauge: Schedule group for the ADM initial gauge condition
            ADMBaseX::ADMBaseX_initial_dtlapse: Set dtlapse to zero
            ADMBaseX::ADMBaseX_initial_dtshift: Set dtshift to zero
          GROUP ADMBaseX_PostInitial: Schedule group for modifying the ADM initial data, such as e.g. adding noise
        GROUP CanudaX_BSSNMoL_InitialGroup: CanudaX_BSSNMoL: initial bin
          CanudaX_BSSNMoL::CanudaX_BSSNMoL_adm2bssn: [local] Convert initial data into BSSN variables
          CanudaX_BSSNMoL::CanudaX_BSSNMoL_gammat: [local] Set Gammat initial data
      [CCTK_POSTINITIAL]
        GROUP ODESolvers_PostStep: Apply boundary conditions to state vector, and project if necessary
          GROUP CanudaX_BSSNMoL_PostStepGroup: CanudaX_BSSNMoL: post-step operations
            CanudaX_BSSNMoL::CanudaX_BSSNMoL_impose_conf_fac_floor: Make sure conformal factor does not drop below specified value
            CanudaX_BSSNMoL::CanudaX_BSSNMoL_reset_detmetric: reset dethh = 1
            CanudaX_BSSNMoL::CanudaX_BSSNMoL_remove_trA: Remove trace of A
            CanudaX_BSSNMoL::CanudaX_BSSNMoL_sync: [global] Sync state vector
            CanudaX_BSSNMoL::CanudaX_BSSNMoL_bssn2adm: [local] Convert variables back to the ADM ones
          GROUP ADMBaseX_SetADMRHS: Set ADM RHS variables in this group
          GROUP ADMBaseX_SetADMVars: Set ADM variables in this group
          GROUP TmunuBaseX_SetTmunuVars: Schedule group for setting T_munu
            TmunuBaseX::TmunuBaseX_ZeroTmunu: Set T_munu to zero
            GROUP TmunuBaseX_AddToTmunu: Add to T_munu here
        GROUP ODESolvers_EstimateError: Estimate discretization error (for regridding)
      Initialise finer grids recursively
      Restrict from finer grids
      [CCTK_POSTRESTRICTINITIAL]
      [CCTK_POSTPOSTINITIAL]
      [CCTK_POSTSTEP]
        GROUP ODESolvers_EstimateError: Estimate discretization error (for regridding)
    endif
    if (recover initial data)
      [CCTK_BASEGRID]
        CarpetXRegrid::CarpetXRegrid_InitError: Initialize regridding error to zero
        GROUP ODESolvers_BaseGrid: Set up constants (e.g. coordinates) everywhere on the grid
      [CCTK_RECOVER_VARIABLES]
      [CCTK_POST_RECOVER_VARIABLES]
        GROUP ODESolvers_PostStep: Apply boundary conditions to state vector, and project if necessary
          GROUP CanudaX_BSSNMoL_PostStepGroup: CanudaX_BSSNMoL: post-step operations
            CanudaX_BSSNMoL::CanudaX_BSSNMoL_impose_conf_fac_floor: Make sure conformal factor does not drop below specified value
            CanudaX_BSSNMoL::CanudaX_BSSNMoL_reset_detmetric: reset dethh = 1
            CanudaX_BSSNMoL::CanudaX_BSSNMoL_remove_trA: Remove trace of A
            CanudaX_BSSNMoL::CanudaX_BSSNMoL_sync: [global] Sync state vector
            CanudaX_BSSNMoL::CanudaX_BSSNMoL_bssn2adm: [local] Convert variables back to the ADM ones
          GROUP ADMBaseX_SetADMRHS: Set ADM RHS variables in this group
          GROUP ADMBaseX_SetADMVars: Set ADM variables in this group
          GROUP TmunuBaseX_SetTmunuVars: Schedule group for setting T_munu
            TmunuBaseX::TmunuBaseX_ZeroTmunu: Set T_munu to zero
            GROUP TmunuBaseX_AddToTmunu: Add to T_munu here
        GROUP ODESolvers_EstimateError: Estimate discretization error (for regridding)
    endif
    if (checkpoint initial data)
      [CCTK_CPINITIAL]
        CarpetX::CarpetX_CheckpointInitial: [meta] Checkpoint initial conditions
    endif
    if (analysis)
      [CCTK_ANALYSIS]
        CanudaX_BSSNMoL::CanudaX_BSSNMoL_bssn_constraints: Compute constraints
        GROUP ODESolvers_Analysis: Calculate analysis quantities everywhere
  endif
  Output grid variables

  do loop over timesteps
    [CCTK_PREREGRID]
    Change grid hierarchy
    [CCTK_POSTREGRID]
      GROUP ODESolvers_PostStep: Apply boundary conditions to state vector, and project if necessary
        GROUP CanudaX_BSSNMoL_PostStepGroup: CanudaX_BSSNMoL: post-step operations
          CanudaX_BSSNMoL::CanudaX_BSSNMoL_impose_conf_fac_floor: Make sure conformal factor does not drop below specified value
          CanudaX_BSSNMoL::CanudaX_BSSNMoL_reset_detmetric: reset dethh = 1
          CanudaX_BSSNMoL::CanudaX_BSSNMoL_remove_trA: Remove trace of A
          CanudaX_BSSNMoL::CanudaX_BSSNMoL_sync: [global] Sync state vector
          CanudaX_BSSNMoL::CanudaX_BSSNMoL_bssn2adm: [local] Convert variables back to the ADM ones
        GROUP ADMBaseX_SetADMRHS: Set ADM RHS variables in this group
        GROUP ADMBaseX_SetADMVars: Set ADM variables in this group
        GROUP TmunuBaseX_SetTmunuVars: Schedule group for setting T_munu
          TmunuBaseX::TmunuBaseX_ZeroTmunu: Set T_munu to zero
          GROUP TmunuBaseX_AddToTmunu: Add to T_munu here
    Rotate timelevels
    iteration = iteration+1
    t = t+dt
    [CCTK_PRESTEP]
    [CCTK_EVOL]
      ODESolvers::ODESolvers_Solve: [level] Solve ODEs
      while (ODESolvers::do_substeps)
        GROUP ODESolvers_CalledBySolve: Groups internally scheduled by ODESolvers_Solve
          GROUP ODESolvers_RHS: Evaluate the RHS for of state vector everywhere on the grid
            GROUP CanudaX_BSSNMoL_RHSGroup: CanudaX_BSSNMoL: calculate BSSN RHS
              CanudaX_BSSNMoL::CanudaX_BSSNMoL_calc_bssn_rhs: MoL RHS calculation
              CanudaX_BSSNMoL::CanudaX_BSSNMoL_apply_boundary_conditions: Apply radiative boundary conditions 
          GROUP ODESolvers_PostStep: Apply boundary conditions to state vector, and project if necessary
            GROUP CanudaX_BSSNMoL_PostStepGroup: CanudaX_BSSNMoL: post-step operations
              CanudaX_BSSNMoL::CanudaX_BSSNMoL_impose_conf_fac_floor: Make sure conformal factor does not drop below specified value
              CanudaX_BSSNMoL::CanudaX_BSSNMoL_reset_detmetric: reset dethh = 1
              CanudaX_BSSNMoL::CanudaX_BSSNMoL_remove_trA: Remove trace of A
              CanudaX_BSSNMoL::CanudaX_BSSNMoL_sync: [global] Sync state vector
              CanudaX_BSSNMoL::CanudaX_BSSNMoL_bssn2adm: [local] Convert variables back to the ADM ones
            GROUP ADMBaseX_SetADMRHS: Set ADM RHS variables in this group
            GROUP ADMBaseX_SetADMVars: Set ADM variables in this group
            GROUP TmunuBaseX_SetTmunuVars: Schedule group for setting T_munu
              TmunuBaseX::TmunuBaseX_ZeroTmunu: Set T_munu to zero
              GROUP TmunuBaseX_AddToTmunu: Add to T_munu here
      end while
    Evolve finer grids recursively
    Restrict from finer grids
    [CCTK_POSTRESTRICT]
      GROUP ODESolvers_PostStep: Apply boundary conditions to state vector, and project if necessary
        GROUP CanudaX_BSSNMoL_PostStepGroup: CanudaX_BSSNMoL: post-step operations
          CanudaX_BSSNMoL::CanudaX_BSSNMoL_impose_conf_fac_floor: Make sure conformal factor does not drop below specified value
          CanudaX_BSSNMoL::CanudaX_BSSNMoL_reset_detmetric: reset dethh = 1
          CanudaX_BSSNMoL::CanudaX_BSSNMoL_remove_trA: Remove trace of A
          CanudaX_BSSNMoL::CanudaX_BSSNMoL_sync: [global] Sync state vector
          CanudaX_BSSNMoL::CanudaX_BSSNMoL_bssn2adm: [local] Convert variables back to the ADM ones
        GROUP ADMBaseX_SetADMRHS: Set ADM RHS variables in this group
        GROUP ADMBaseX_SetADMVars: Set ADM variables in this group
        GROUP TmunuBaseX_SetTmunuVars: Schedule group for setting T_munu
          TmunuBaseX::TmunuBaseX_ZeroTmunu: Set T_munu to zero
          GROUP TmunuBaseX_AddToTmunu: Add to T_munu here
    [CCTK_POSTSTEP]
      GROUP ODESolvers_EstimateError: Estimate discretization error (for regridding)
    if (checkpoint)
      [CCTK_CHECKPOINT]
      CarpetX::CarpetX_Checkpoint: [meta] Checkpoint
    endif
    if (analysis)
      [CCTK_ANALYSIS]
      CanudaX_BSSNMoL::CanudaX_BSSNMoL_bssn_constraints: Compute constraints
      GROUP ODESolvers_Analysis: Calculate analysis quantities everywhere
    endif
    Output grid variables
    enddo

  Termination routines
    [CCTK_TERMINATE]
      CarpetX::CarpetX_CheckpointTerminate: [meta] Checkpoint before terminating

  Shutdown routines
    [CCTK_SHUTDOWN]
      CarpetX::Driver_Shutdown: [meta] Shut down the driver

  Routines run after changing the grid hierarchy:
    [CCTK_POSTREGRID]
      GROUP ODESolvers_PostStep: Apply boundary conditions to state vector, and project if necessary
        GROUP CanudaX_BSSNMoL_PostStepGroup: CanudaX_BSSNMoL: post-step operations
          CanudaX_BSSNMoL::CanudaX_BSSNMoL_impose_conf_fac_floor: Make sure conformal factor does not drop below specified value
          CanudaX_BSSNMoL::CanudaX_BSSNMoL_reset_detmetric: reset dethh = 1
          CanudaX_BSSNMoL::CanudaX_BSSNMoL_remove_trA: Remove trace of A
          CanudaX_BSSNMoL::CanudaX_BSSNMoL_sync: [global] Sync state vector
          CanudaX_BSSNMoL::CanudaX_BSSNMoL_bssn2adm: [local] Convert variables back to the ADM ones
        GROUP ADMBaseX_SetADMRHS: Set ADM RHS variables in this group
        GROUP ADMBaseX_SetADMVars: Set ADM variables in this group
        GROUP TmunuBaseX_SetTmunuVars: Schedule group for setting T_munu
          TmunuBaseX::TmunuBaseX_ZeroTmunu: Set T_munu to zero
          GROUP TmunuBaseX_AddToTmunu: Add to T_munu here
--------------------------------------------------------------------------------
INFO (hwloc): library version 2.10.0, API version 0x20800
--------------------------------------------------------------------------------

  [34m  ▕▏  [34m  ▕▏  [34m  ▕▏  [34m  ▕▏  [34m  ▕▏  [34m  ▕▏  [34m  ▕▏  [34m  ▕▏  [34m  ▕▏  [39m  
  [34m──██──[34m──██──[34m──██──[34m──██──[34m──██──[34m──██──[34m──██──[34m──██──[34m──██──[39m  
  [34m  ▕▏  [34m  ▕▏  [34m  ▕▏  [34m  ▕▏  [34m  ▕▏  [34m  ▕▏  [34m  ▕▏  [34m  ▕▏  [34m  ▕▏  [39m  
  [34m  ▕▏  [32m██████[34m  ▕▏  [34m  ▕▏  [32m██████[34m  ▕▏  [34m  ▕▏  [32m██████[34m  ▕▏  [39m  
  [34m──██──[32m██████[34m──██──[34m──██──[32m██████[34m──██──[34m──██──[32m██████[34m──██──[39m  
  [34m  ▕▏  [32m██████[34m  ▕▏  [34m  ▕▏  [32m██████[34m  ▕▏  [34m  ▕▏  [32m██████[34m  ▕▏  [39m  
  [34m  ▕▏  [34m  ▕▏  [34m  ▕▏  [34m  ▕▏  [34m  ▕▏  [34m  ▕▏  [34m  ▕▏  [34m  ▕▏  [34m  ▕▏  [39m  
  [34m──██──[34m──██──[34m──██──[34m──██──[34m──██──[34m──██──[34m──██──[34m──██──[34m──██──[39m  
  [34m  ▕▏  [34m  ▕▏  [34m  ▕▏  [34m  ▕▏  [34m  ▕▏  [34m  ▕▏  [34m  ▕▏  [34m  ▕▏  [34m  ▕▏  [39m  
  [34m  ▕▏  [34m  ▕▏  [34m  ▕▏  [31m██████[31m██████[31m██████[34m  ▕▏  [34m  ▕▏  [34m  ▕▏  [39m  
  [34m──██──[34m──██──[34m──██──[31m██████[31m██████[31m██████[34m──██──[34m──██──[34m──██──[39m  
  [34m  ▕▏  [34m  ▕▏  [34m  ▕▏  [31m██████[31m██████[31m██████[34m  ▕▏  [34m  ▕▏  [34m  ▕▏  [39m  
  [34m  ▕▏  [32m██████[34m  ▕▏  [31m██████[31m██████[31m██████[34m  ▕▏  [32m██████[34m  ▕▏  [39m  
  [34m──██──[32m██████[34m──██──[31m██████[31m██████[31m██████[34m──██──[32m██████[34m──██──[39m  
  [34m  ▕▏  [32m██████[34m  ▕▏  [31m██████[31m██████[31m██████[34m  ▕▏  [32m██████[34m  ▕▏  [39m  
  [34m  ▕▏  [34m  ▕▏  [34m  ▕▏  [31m██████[31m██████[31m██████[34m  ▕▏  [34m  ▕▏  [34m  ▕▏  [39m  
  [34m──██──[34m──██──[34m──██──[31m██████[31m██████[31m██████[34m──██──[34m──██──[34m──██──[39m  
  [34m  ▕▏  [34m  ▕▏  [34m  ▕▏  [31m██████[31m██████[31m██████[34m  ▕▏  [34m  ▕▏  [34m  ▕▏  [39m  
  [34m  ▕▏  [34m  ▕▏  [34m  ▕▏  [34m  ▕▏  [34m  ▕▏  [34m  ▕▏  [34m  ▕▏  [34m  ▕▏  [34m  ▕▏  [39m  
  [34m──██──[34m──██──[34m──██──[34m──██──[34m──██──[34m──██──[34m──██──[34m──██──[34m──██──[39m  
  [34m  ▕▏  [34m  ▕▏  [34m  ▕▏  [34m  ▕▏  [34m  ▕▏  [34m  ▕▏  [34m  ▕▏  [34m  ▕▏  [34m  ▕▏  [39m  
  [34m  ▕▏  [32m██████[34m  ▕▏  [34m  ▕▏  [32m██████[34m  ▕▏  [34m  ▕▏  [32m██████[34m  ▕▏  [39m  
  [34m──██──[32m██████[34m──██──[34m──██──[32m██████[34m──██──[34m──██──[32m██████[34m──██──[39m  
  [34m  ▕▏  [32m██████[34m  ▕▏  [34m  ▕▏  [32m██████[34m  ▕▏  [34m  ▕▏  [32m██████[34m  ▕▏  [39m  
  [34m  ▕▏  [34m  ▕▏  [34m  ▕▏  [34m  ▕▏  [34m  ▕▏  [34m  ▕▏  [34m  ▕▏  [34m  ▕▏  [34m  ▕▏  [39m  
  [34m──██──[34m──██──[34m──██──[34m──██──[34m──██──[34m──██──[34m──██──[34m──██──[34m──██──[39m  
  [34m  ▕▏  [34m  ▕▏  [34m  ▕▏  [34m  ▕▏  [34m  ▕▏  [34m  ▕▏  [34m  ▕▏  [34m  ▕▏  [34m  ▕▏  [39m  

AMR driver provided by CarpetX,
using AMReX 25.11 (MPI, OpenMP, no accelerators, debug)
--------------------------------------------------------------------------------

Initializing AMReX (25.11)...
MPI initialized with 2 MPI processes
MPI initialized with thread support level 2
OMP initialized with 1 OMP threads
AMReX (25.11) initialized
INFO (CarpetX): 
Symmetries:
  lower x: periodic
  lower y: periodic
  lower z: periodic
  upper x: periodic
  upper y: periodic
  upper z: periodic
Default boundaries:
  lower x: symmetry_boundary
  lower y: symmetry_boundary
  lower z: symmetry_boundary
  upper x: symmetry_boundary
  upper y: symmetry_boundary
  upper z: symmetry_boundary
INFO (Arith): Test_smallvector
INFO (Arith): Test_spvect
INFO (CarpetX): Setting initial values for max_grid_size values for all levels
INFO (CarpetX): Setting up initial conditions...
INFO (CarpetX): Iteration: 0   time: 0   delta_time: 0.00390625
INFO (CarpetX): Patch 0:
INFO (CarpetX):   Grid extent:
INFO (CarpetX):     gsh=[71,15,15]
INFO (CarpetX):     blocking_factor=[8,8,8]
INFO (CarpetX):     max_grid_size=[10000000,10000000,10000000]
INFO (CarpetX):     max_tile_size=[1024000,16,32]
INFO (CarpetX):   Domain extent:
INFO (CarpetX):     xmin=[-0.5,-0.0625,-0.0625]
INFO (CarpetX):     xmax=[0.5,0.0625,0.0625]
INFO (CarpetX):     base dx=[0.015625,0.015625,0.015625]
INFO (CarpetX): Initializing level 0...
INFO (CanudaX_ExactID): Begin Gauge Wave initial data
INFO (CanudaX_ExactID): === End gauge wave initial data ===
INFO (CarpetX): Regridding...
INFO (CarpetX):   level 0: 2 boxes, 4096 cells (100%)
INFO (CarpetX): Initialized 1 levels
INFO (CarpetX): OutputGH: iteration 0, time 0.000000, run time 0 s
INFO (CarpetX): OutputGH done.
INFO (CarpetX): Starting evolution...
INFO (ODESolvers): ODE integrator is RK4
INFO (CarpetX): OutputGH: iteration 1, time 0.003906, run time 1 s
INFO (CarpetX): OutputGH done.
INFO (CarpetX): Simulation time: 0.00390625   Iterations per second: 26.8434   Simulation time per second: 0.104857
INFO (CarpetX): Grid cells: 4096   Grid cell updates per second: 109950
INFO (CarpetX): Performance:
INFO (CarpetX):   total evolution time:            0.0372531 sec
INFO (CarpetX):   total evolution compute time:    0.0372252 sec
INFO (CarpetX):   total evolution output time:     2.7895e-05 sec
INFO (CarpetX):   total iterations:                1
INFO (CarpetX):   total cells updated:             4096
INFO (CarpetX):   average iterations per second: 26.8434
INFO (CarpetX):   average cell updates per second: 109950
INFO (CarpetX): OutputGH: iteration 2, time 0.007812, run time 1 s
INFO (CarpetX): OutputGH done.
INFO (CarpetX): Simulation time: 0.0078125   Iterations per second: 27.9333   Simulation time per second: 0.109115
INFO (CarpetX): Grid cells: 4096   Grid cell updates per second: 114415
INFO (CarpetX): Performance:
INFO (CarpetX):   total evolution time:            0.071599 sec
INFO (CarpetX):   total evolution compute time:    0.071542 sec
INFO (CarpetX):   total evolution output time:     5.6982e-05 sec
INFO (CarpetX):   total iterations:                2
INFO (CarpetX):   total cells updated:             8192
INFO (CarpetX):   average iterations per second: 27.9333
INFO (CarpetX):   average cell updates per second: 114415
INFO (CarpetX): OutputGH: iteration 3, time 0.011719, run time 1 s
INFO (CarpetX): OutputGH done.
INFO (CarpetX): Simulation time: 0.0117188   Iterations per second: 28.3725   Simulation time per second: 0.11083
INFO (CarpetX): Grid cells: 4096   Grid cell updates per second: 116214
INFO (CarpetX): Performance:
INFO (CarpetX):   total evolution time:            0.105736 sec
INFO (CarpetX):   total evolution compute time:    0.105651 sec
INFO (CarpetX):   total evolution output time:     8.4877e-05 sec
INFO (CarpetX):   total iterations:                3
INFO (CarpetX):   total cells updated:             12288
INFO (CarpetX):   average iterations per second: 28.3725
INFO (CarpetX):   average cell updates per second: 116214
INFO (CarpetX): OutputGH: iteration 4, time 0.015625, run time 1 s
INFO (CarpetX): OutputGH done.
INFO (CarpetX): Simulation time: 0.015625   Iterations per second: 28.6031   Simulation time per second: 0.111731
INFO (CarpetX): Grid cells: 4096   Grid cell updates per second: 117158
INFO (CarpetX): Performance:
INFO (CarpetX):   total evolution time:            0.139845 sec
INFO (CarpetX):   total evolution compute time:    0.139737 sec
INFO (CarpetX):   total evolution output time:     0.000108004 sec
INFO (CarpetX):   total iterations:                4
INFO (CarpetX):   total cells updated:             16384
INFO (CarpetX):   average iterations per second: 28.6031
INFO (CarpetX):   average cell updates per second: 117158
INFO (CarpetX): OutputGH: iteration 5, time 0.019531, run time 1 s
INFO (CarpetX): OutputGH done.
INFO (CarpetX): Simulation time: 0.0195312   Iterations per second: 28.7066   Simulation time per second: 0.112135
INFO (CarpetX): Grid cells: 4096   Grid cell updates per second: 117582
INFO (CarpetX): Performance:
INFO (CarpetX):   total evolution time:            0.174176 sec
INFO (CarpetX):   total evolution compute time:    0.174035 sec
INFO (CarpetX):   total evolution output time:     0.000140905 sec
INFO (CarpetX):   total iterations:                5
INFO (CarpetX):   total cells updated:             20480
INFO (CarpetX):   average iterations per second: 28.7066
INFO (CarpetX):   average cell updates per second: 117582
INFO (CarpetX): OutputGH: iteration 6, time 0.023438, run time 1 s
INFO (CarpetX): OutputGH done.
INFO (CarpetX): Simulation time: 0.0234375   Iterations per second: 28.7083   Simulation time per second: 0.112142
INFO (CarpetX): Grid cells: 4096   Grid cell updates per second: 117589
INFO (CarpetX): Performance:
INFO (CarpetX):   total evolution time:            0.208999 sec
INFO (CarpetX):   total evolution compute time:    0.208823 sec
INFO (CarpetX):   total evolution output time:     0.000175953 sec
INFO (CarpetX):   total iterations:                6
INFO (CarpetX):   total cells updated:             24576
INFO (CarpetX):   average iterations per second: 28.7083
INFO (CarpetX):   average cell updates per second: 117589
INFO (CarpetX): OutputGH: iteration 7, time 0.027344, run time 1 s
INFO (CarpetX): OutputGH done.
INFO (CarpetX): Simulation time: 0.0273438   Iterations per second: 28.7808   Simulation time per second: 0.112425
INFO (CarpetX): Grid cells: 4096   Grid cell updates per second: 117886
INFO (CarpetX): Performance:
INFO (CarpetX):   total evolution time:            0.243218 sec
INFO (CarpetX):   total evolution compute time:    0.243012 sec
INFO (CarpetX):   total evolution output time:     0.000205994 sec
INFO (CarpetX):   total iterations:                7
INFO (CarpetX):   total cells updated:             28672
INFO (CarpetX):   average iterations per second: 28.7808
INFO (CarpetX):   average cell updates per second: 117886
INFO (CarpetX): OutputGH: iteration 8, time 0.031250, run time 1 s
INFO (CarpetX): OutputGH done.
INFO (CarpetX): Simulation time: 0.03125   Iterations per second: 28.8422   Simulation time per second: 0.112665
INFO (CarpetX): Grid cells: 4096   Grid cell updates per second: 118138
INFO (CarpetX): Performance:
INFO (CarpetX):   total evolution time:            0.277371 sec
INFO (CarpetX):   total evolution compute time:    0.277138 sec
INFO (CarpetX):   total evolution output time:     0.000232935 sec
INFO (CarpetX):   total iterations:                8
INFO (CarpetX):   total cells updated:             32768
INFO (CarpetX):   average iterations per second: 28.8422
INFO (CarpetX):   average cell updates per second: 118138
INFO (CarpetX): OutputGH: iteration 9, time 0.035156, run time 1 s
INFO (CarpetX): OutputGH done.
INFO (CarpetX): Simulation time: 0.0351562   Iterations per second: 28.8958   Simulation time per second: 0.112874
INFO (CarpetX): Grid cells: 4096   Grid cell updates per second: 118357
INFO (CarpetX): Performance:
INFO (CarpetX):   total evolution time:            0.311464 sec
INFO (CarpetX):   total evolution compute time:    0.311201 sec
INFO (CarpetX):   total evolution output time:     0.000262976 sec
INFO (CarpetX):   total iterations:                9
INFO (CarpetX):   total cells updated:             36864
INFO (CarpetX):   average iterations per second: 28.8958
INFO (CarpetX):   average cell updates per second: 118357
INFO (CarpetX): OutputGH: iteration 10, time 0.039062, run time 1 s
INFO (CarpetX): OutputGH done.
INFO (CarpetX): Simulation time: 0.0390625   Iterations per second: 28.9292   Simulation time per second: 0.113005
INFO (CarpetX): Grid cells: 4096   Grid cell updates per second: 118494
INFO (CarpetX): Performance:
INFO (CarpetX):   total evolution time:            0.345672 sec
INFO (CarpetX):   total evolution compute time:    0.345379 sec
INFO (CarpetX):   total evolution output time:     0.000292778 sec
INFO (CarpetX):   total iterations:                10
INFO (CarpetX):   total cells updated:             40960
INFO (CarpetX):   average iterations per second: 28.9292
INFO (CarpetX):   average cell updates per second: 118494
INFO (CarpetX): OutputGH: iteration 11, time 0.042969, run time 1 s
INFO (CarpetX): OutputGH done.
INFO (CarpetX): Simulation time: 0.0429688   Iterations per second: 28.9224   Simulation time per second: 0.112978
INFO (CarpetX): Grid cells: 4096   Grid cell updates per second: 118466
INFO (CarpetX): Performance:
INFO (CarpetX):   total evolution time:            0.38032 sec
INFO (CarpetX):   total evolution compute time:    0.379993 sec
INFO (CarpetX):   total evolution output time:     0.000326633 sec
INFO (CarpetX):   total iterations:                11
INFO (CarpetX):   total cells updated:             45056
INFO (CarpetX):   average iterations per second: 28.923
INFO (CarpetX):   average cell updates per second: 118469
INFO (CarpetX): OutputGH: iteration 12, time 0.046875, run time 1 s
INFO (CarpetX): OutputGH done.
INFO (CarpetX): Simulation time: 0.046875   Iterations per second: 28.7338   Simulation time per second: 0.112241
INFO (CarpetX): Grid cells: 4096   Grid cell updates per second: 117694
INFO (CarpetX): Performance:
INFO (CarpetX):   total evolution time:            0.417165 sec
INFO (CarpetX):   total evolution compute time:    0.416806 sec
INFO (CarpetX):   total evolution output time:     0.000358582 sec
INFO (CarpetX):   total iterations:                12
INFO (CarpetX):   total cells updated:             49152
INFO (CarpetX):   average iterations per second: 28.7656
INFO (CarpetX):   average cell updates per second: 117824
INFO (CarpetX): OutputGH: iteration 13, time 0.050781, run time 1 s
INFO (CarpetX): OutputGH done.
INFO (CarpetX): Simulation time: 0.0507812   Iterations per second: 28.7486   Simulation time per second: 0.112299
INFO (CarpetX): Grid cells: 4096   Grid cell updates per second: 117754
INFO (CarpetX): Performance:
INFO (CarpetX):   total evolution time:            0.451788 sec
INFO (CarpetX):   total evolution compute time:    0.451404 sec
INFO (CarpetX):   total evolution output time:     0.000383615 sec
INFO (CarpetX):   total iterations:                13
INFO (CarpetX):   total cells updated:             53248
INFO (CarpetX):   average iterations per second: 28.7746
INFO (CarpetX):   average cell updates per second: 117861
INFO (CarpetX): OutputGH: iteration 14, time 0.054688, run time 1 s
INFO (CarpetX): OutputGH done.
INFO (CarpetX): Simulation time: 0.0546875   Iterations per second: 28.7775   Simulation time per second: 0.112412
INFO (CarpetX): Grid cells: 4096   Grid cell updates per second: 117873
INFO (CarpetX): Performance:
INFO (CarpetX):   total evolution time:            0.486223 sec
INFO (CarpetX):   total evolution compute time:    0.485812 sec
INFO (CarpetX):   total evolution output time:     0.000410557 sec
INFO (CarpetX):   total iterations:                14
INFO (CarpetX):   total cells updated:             57344
INFO (CarpetX):   average iterations per second: 28.7934
INFO (CarpetX):   average cell updates per second: 117938
INFO (CarpetX): OutputGH: iteration 15, time 0.058594, run time 1 s
INFO (CarpetX): OutputGH done.
INFO (CarpetX): Simulation time: 0.0585938   Iterations per second: 28.8063   Simulation time per second: 0.112525
INFO (CarpetX): Grid cells: 4096   Grid cell updates per second: 117991
INFO (CarpetX): Performance:
INFO (CarpetX):   total evolution time:            0.520624 sec
INFO (CarpetX):   total evolution compute time:    0.520185 sec
INFO (CarpetX):   total evolution output time:     0.000439644 sec
INFO (CarpetX):   total iterations:                15
INFO (CarpetX):   total cells updated:             61440
INFO (CarpetX):   average iterations per second: 28.8116
INFO (CarpetX):   average cell updates per second: 118012
INFO (CarpetX): OutputGH: iteration 16, time 0.062500, run time 1 s
INFO (CarpetX): OutputGH done.
INFO (CarpetX): Simulation time: 0.0625   Iterations per second: 28.8339   Simulation time per second: 0.112632
INFO (CarpetX): Grid cells: 4096   Grid cell updates per second: 118104
INFO (CarpetX): Performance:
INFO (CarpetX):   total evolution time:            0.555007 sec
INFO (CarpetX):   total evolution compute time:    0.55454 sec
INFO (CarpetX):   total evolution output time:     0.000467539 sec
INFO (CarpetX):   total iterations:                16
INFO (CarpetX):   total cells updated:             65536
INFO (CarpetX):   average iterations per second: 28.8285
INFO (CarpetX):   average cell updates per second: 118081
INFO (CarpetX): OutputGH: iteration 17, time 0.066406, run time 1 s
INFO (CarpetX): OutputGH done.
INFO (CarpetX): Simulation time: 0.0664062   Iterations per second: 28.8409   Simulation time per second: 0.11266
INFO (CarpetX): Grid cells: 4096   Grid cell updates per second: 118132
INFO (CarpetX): Performance:
INFO (CarpetX):   total evolution time:            0.589604 sec
INFO (CarpetX):   total evolution compute time:    0.589081 sec
INFO (CarpetX):   total evolution output time:     0.000523567 sec
INFO (CarpetX):   total iterations:                17
INFO (CarpetX):   total cells updated:             69632
INFO (CarpetX):   average iterations per second: 28.8329
INFO (CarpetX):   average cell updates per second: 118100
INFO (CarpetX): OutputGH: iteration 18, time 0.070312, run time 1 s
INFO (CarpetX): OutputGH done.
INFO (CarpetX): Simulation time: 0.0703125   Iterations per second: 28.8226   Simulation time per second: 0.112588
INFO (CarpetX): Grid cells: 4096   Grid cell updates per second: 118057
INFO (CarpetX): Performance:
INFO (CarpetX):   total evolution time:            0.624497 sec
INFO (CarpetX):   total evolution compute time:    0.623936 sec
INFO (CarpetX):   total evolution output time:     0.000561476 sec
INFO (CarpetX):   total iterations:                18
INFO (CarpetX):   total cells updated:             73728
INFO (CarpetX):   average iterations per second: 28.8232
INFO (CarpetX):   average cell updates per second: 118060
INFO (CarpetX): OutputGH: iteration 19, time 0.074219, run time 1 s
INFO (CarpetX): OutputGH done.
INFO (CarpetX): Simulation time: 0.0742188   Iterations per second: 28.7704   Simulation time per second: 0.112384
INFO (CarpetX): Grid cells: 4096   Grid cell updates per second: 117843
INFO (CarpetX): Performance:
INFO (CarpetX):   total evolution time:            0.659822 sec
INFO (CarpetX):   total evolution compute time:    0.659225 sec
INFO (CarpetX):   total evolution output time:     0.000597477 sec
INFO (CarpetX):   total iterations:                19
INFO (CarpetX):   total cells updated:             77824
INFO (CarpetX):   average iterations per second: 28.7956
INFO (CarpetX):   average cell updates per second: 117947
INFO (CarpetX): OutputGH: iteration 20, time 0.078125, run time 1 s
INFO (CarpetX): OutputGH done.
INFO (CarpetX): Simulation time: 0.078125   Iterations per second: 28.7109   Simulation time per second: 0.112152
INFO (CarpetX): Grid cells: 4096   Grid cell updates per second: 117600
INFO (CarpetX): Performance:
INFO (CarpetX):   total evolution time:            0.6953 sec
INFO (CarpetX):   total evolution compute time:    0.694667 sec
INFO (CarpetX):   total evolution output time:     0.000633478 sec
INFO (CarpetX):   total iterations:                20
INFO (CarpetX):   total cells updated:             81920
INFO (CarpetX):   average iterations per second: 28.7646
INFO (CarpetX):   average cell updates per second: 117820
INFO (CarpetX): OutputGH: iteration 21, time 0.082031, run time 1 s
INFO (CarpetX): OutputGH done.
INFO (CarpetX): Simulation time: 0.0820312   Iterations per second: 28.6731   Simulation time per second: 0.112004
INFO (CarpetX): Grid cells: 4096   Grid cell updates per second: 117445
INFO (CarpetX): Performance:
INFO (CarpetX):   total evolution time:            0.730589 sec
INFO (CarpetX):   total evolution compute time:    0.729921 sec
INFO (CarpetX):   total evolution output time:     0.000668526 sec
INFO (CarpetX):   total iterations:                21
INFO (CarpetX):   total cells updated:             86016
INFO (CarpetX):   average iterations per second: 28.7439
INFO (CarpetX):   average cell updates per second: 117735
INFO (CarpetX): OutputGH: iteration 22, time 0.085938, run time 1 s
INFO (CarpetX): OutputGH done.
INFO (CarpetX): Simulation time: 0.0859375   Iterations per second: 28.6014   Simulation time per second: 0.111724
INFO (CarpetX): Grid cells: 4096   Grid cell updates per second: 117151
INFO (CarpetX): Performance:
INFO (CarpetX):   total evolution time:            0.76634 sec
INFO (CarpetX):   total evolution compute time:    0.765635 sec
INFO (CarpetX):   total evolution output time:     0.000705481 sec
INFO (CarpetX):   total iterations:                22
INFO (CarpetX):   total cells updated:             90112
INFO (CarpetX):   average iterations per second: 28.7079
INFO (CarpetX):   average cell updates per second: 117587
INFO (CarpetX): OutputGH: iteration 23, time 0.089844, run time 1 s
INFO (CarpetX): OutputGH done.
INFO (CarpetX): Simulation time: 0.0898438   Iterations per second: 28.5637   Simulation time per second: 0.111577
INFO (CarpetX): Grid cells: 4096   Grid cell updates per second: 116997
INFO (CarpetX): Performance:
INFO (CarpetX):   total evolution time:            0.801764 sec
INFO (CarpetX):   total evolution compute time:    0.801028 sec
INFO (CarpetX):   total evolution output time:     0.000736475 sec
INFO (CarpetX):   total iterations:                23
INFO (CarpetX):   total cells updated:             94208
INFO (CarpetX):   average iterations per second: 28.6867
INFO (CarpetX):   average cell updates per second: 117501
INFO (CarpetX): OutputGH: iteration 24, time 0.093750, run time 1 s
INFO (CarpetX): OutputGH done.
INFO (CarpetX): Simulation time: 0.09375   Iterations per second: 28.5694   Simulation time per second: 0.111599
INFO (CarpetX): Grid cells: 4096   Grid cell updates per second: 117020
INFO (CarpetX): Performance:
INFO (CarpetX):   total evolution time:            0.836704 sec
INFO (CarpetX):   total evolution compute time:    0.835932 sec
INFO (CarpetX):   total evolution output time:     0.000771523 sec
INFO (CarpetX):   total iterations:                24
INFO (CarpetX):   total cells updated:             98304
INFO (CarpetX):   average iterations per second: 28.684
INFO (CarpetX):   average cell updates per second: 117490
INFO (CarpetX): OutputGH: iteration 25, time 0.097656, run time 1 s
INFO (CarpetX): OutputGH done.
INFO (CarpetX): Simulation time: 0.0976562   Iterations per second: 28.6057   Simulation time per second: 0.111741
INFO (CarpetX): Grid cells: 4096   Grid cell updates per second: 117169
INFO (CarpetX): Performance:
INFO (CarpetX):   total evolution time:            0.871262 sec
INFO (CarpetX):   total evolution compute time:    0.870466 sec
INFO (CarpetX):   total evolution output time:     0.000796318 sec
INFO (CarpetX):   total iterations:                25
INFO (CarpetX):   total cells updated:             102400
INFO (CarpetX):   average iterations per second: 28.694
INFO (CarpetX):   average cell updates per second: 117531
INFO (CarpetX): OutputGH: iteration 26, time 0.101562, run time 1 s
INFO (CarpetX): OutputGH done.
INFO (CarpetX): Simulation time: 0.101562   Iterations per second: 28.65   Simulation time per second: 0.111914
INFO (CarpetX): Grid cells: 4096   Grid cell updates per second: 117351
INFO (CarpetX): Performance:
INFO (CarpetX):   total evolution time:            0.905679 sec
INFO (CarpetX):   total evolution compute time:    0.904857 sec
INFO (CarpetX):   total evolution output time:     0.000822306 sec
INFO (CarpetX):   total iterations:                26
INFO (CarpetX):   total cells updated:             106496
INFO (CarpetX):   average iterations per second: 28.7077
INFO (CarpetX):   average cell updates per second: 117587
INFO (CarpetX): OutputGH: iteration 27, time 0.105469, run time 1 s
INFO (CarpetX): OutputGH done.
INFO (CarpetX): Simulation time: 0.105469   Iterations per second: 28.6958   Simulation time per second: 0.112093
INFO (CarpetX): Grid cells: 4096   Grid cell updates per second: 117538
INFO (CarpetX): Performance:
INFO (CarpetX):   total evolution time:            0.940026 sec
INFO (CarpetX):   total evolution compute time:    0.93917 sec
INFO (CarpetX):   total evolution output time:     0.0008564 sec
INFO (CarpetX):   total iterations:                27
INFO (CarpetX):   total cells updated:             110592
INFO (CarpetX):   average iterations per second: 28.7226
INFO (CarpetX):   average cell updates per second: 117648
INFO (CarpetX): OutputGH: iteration 28, time 0.109375, run time 2 s
INFO (CarpetX): OutputGH done.
INFO (CarpetX): Simulation time: 0.109375   Iterations per second: 28.6846   Simulation time per second: 0.112049
INFO (CarpetX): Grid cells: 4096   Grid cell updates per second: 117492
INFO (CarpetX): Performance:
INFO (CarpetX):   total evolution time:            0.975011 sec
INFO (CarpetX):   total evolution compute time:    0.97412 sec
INFO (CarpetX):   total evolution output time:     0.000891447 sec
INFO (CarpetX):   total iterations:                28
INFO (CarpetX):   total cells updated:             114688
INFO (CarpetX):   average iterations per second: 28.7176
INFO (CarpetX):   average cell updates per second: 117627
INFO (CarpetX): OutputGH: iteration 29, time 0.113281, run time 2 s
INFO (CarpetX): OutputGH done.
INFO (CarpetX): Simulation time: 0.113281   Iterations per second: 28.664   Simulation time per second: 0.111969
INFO (CarpetX): Grid cells: 4096   Grid cell updates per second: 117408
INFO (CarpetX): Performance:
INFO (CarpetX):   total evolution time:            1.01012 sec
INFO (CarpetX):   total evolution compute time:    1.0092 sec
INFO (CarpetX):   total evolution output time:     0.000927448 sec
INFO (CarpetX):   total iterations:                29
INFO (CarpetX):   total cells updated:             118784
INFO (CarpetX):   average iterations per second: 28.7094
INFO (CarpetX):   average cell updates per second: 117594
INFO (CarpetX): OutputGH: iteration 30, time 0.117188, run time 2 s
INFO (CarpetX): OutputGH done.
INFO (CarpetX): Simulation time: 0.117188   Iterations per second: 28.65   Simulation time per second: 0.111914
INFO (CarpetX): Grid cells: 4096   Grid cell updates per second: 117350
INFO (CarpetX): Performance:
INFO (CarpetX):   total evolution time:            1.04518 sec
INFO (CarpetX):   total evolution compute time:    1.04423 sec
INFO (CarpetX):   total evolution output time:     0.000955343 sec
INFO (CarpetX):   total iterations:                30
INFO (CarpetX):   total cells updated:             122880
INFO (CarpetX):   average iterations per second: 28.7032
INFO (CarpetX):   average cell updates per second: 117568
INFO (CarpetX): OutputGH: iteration 31, time 0.121094, run time 2 s
INFO (CarpetX): OutputGH done.
INFO (CarpetX): Simulation time: 0.121094   Iterations per second: 28.5879   Simulation time per second: 0.111672
INFO (CarpetX): Grid cells: 4096   Grid cell updates per second: 117096
INFO (CarpetX): Performance:
INFO (CarpetX):   total evolution time:            1.08084 sec
INFO (CarpetX):   total evolution compute time:    1.07985 sec
INFO (CarpetX):   total evolution output time:     0.000988245 sec
INFO (CarpetX):   total iterations:                31
INFO (CarpetX):   total cells updated:             126976
INFO (CarpetX):   average iterations per second: 28.6813
INFO (CarpetX):   average cell updates per second: 117479
INFO (CarpetX): OutputGH: iteration 32, time 0.125000, run time 2 s
INFO (CarpetX): OutputGH done.
INFO (CarpetX): Simulation time: 0.125   Iterations per second: 28.5552   Simulation time per second: 0.111544
INFO (CarpetX): Grid cells: 4096   Grid cell updates per second: 116962
INFO (CarpetX): Performance:
INFO (CarpetX):   total evolution time:            1.11622 sec
INFO (CarpetX):   total evolution compute time:    1.1152 sec
INFO (CarpetX):   total evolution output time:     0.00102234 sec
INFO (CarpetX):   total iterations:                32
INFO (CarpetX):   total cells updated:             131072
INFO (CarpetX):   average iterations per second: 28.6681
INFO (CarpetX):   average cell updates per second: 117425
INFO (CarpetX): OutputGH: iteration 33, time 0.128906, run time 2 s
INFO (CarpetX): OutputGH done.
INFO (CarpetX): Simulation time: 0.128906   Iterations per second: 28.5274   Simulation time per second: 0.111435
INFO (CarpetX): Grid cells: 4096   Grid cell updates per second: 116848
INFO (CarpetX): Performance:
INFO (CarpetX):   total evolution time:            1.15158 sec
INFO (CarpetX):   total evolution compute time:    1.15053 sec
INFO (CarpetX):   total evolution output time:     0.00105333 sec
INFO (CarpetX):   total iterations:                33
INFO (CarpetX):   total cells updated:             135168
INFO (CarpetX):   average iterations per second: 28.6562
INFO (CarpetX):   average cell updates per second: 117376
INFO (CarpetX): OutputGH: iteration 34, time 0.132812, run time 2 s
INFO (CarpetX): OutputGH done.
INFO (CarpetX): Simulation time: 0.132812   Iterations per second: 28.5145   Simulation time per second: 0.111385
INFO (CarpetX): Grid cells: 4096   Grid cell updates per second: 116795
INFO (CarpetX): Performance:
INFO (CarpetX):   total evolution time:            1.1868 sec
INFO (CarpetX):   total evolution compute time:    1.18571 sec
INFO (CarpetX):   total evolution output time:     0.00108433 sec
INFO (CarpetX):   total iterations:                34
INFO (CarpetX):   total cells updated:             139264
INFO (CarpetX):   average iterations per second: 28.6485
INFO (CarpetX):   average cell updates per second: 117344
INFO (CarpetX): OutputGH: iteration 35, time 0.136719, run time 2 s
INFO (CarpetX): OutputGH done.
INFO (CarpetX): Simulation time: 0.136719   Iterations per second: 28.5538   Simulation time per second: 0.111538
INFO (CarpetX): Grid cells: 4096   Grid cell updates per second: 116956
INFO (CarpetX): Performance:
INFO (CarpetX):   total evolution time:            1.22138 sec
INFO (CarpetX):   total evolution compute time:    1.22027 sec
INFO (CarpetX):   total evolution output time:     0.00111437 sec
INFO (CarpetX):   total iterations:                35
INFO (CarpetX):   total cells updated:             143360
INFO (CarpetX):   average iterations per second: 28.656
INFO (CarpetX):   average cell updates per second: 117375
INFO (CarpetX): OutputGH: iteration 36, time 0.140625, run time 2 s
INFO (CarpetX): OutputGH done.
INFO (CarpetX): Simulation time: 0.140625   Iterations per second: 28.5927   Simulation time per second: 0.11169
INFO (CarpetX): Grid cells: 4096   Grid cell updates per second: 117116
INFO (CarpetX): Performance:
INFO (CarpetX):   total evolution time:            1.25593 sec
INFO (CarpetX):   total evolution compute time:    1.25479 sec
INFO (CarpetX):   total evolution output time:     0.0011394 sec
INFO (CarpetX):   total iterations:                36
INFO (CarpetX):   total cells updated:             147456
INFO (CarpetX):   average iterations per second: 28.664
INFO (CarpetX):   average cell updates per second: 117408
INFO (CarpetX): OutputGH: iteration 37, time 0.144531, run time 2 s
INFO (CarpetX): OutputGH done.
INFO (CarpetX): Simulation time: 0.144531   Iterations per second: 28.6304   Simulation time per second: 0.111837
INFO (CarpetX): Grid cells: 4096   Grid cell updates per second: 117270
INFO (CarpetX): Performance:
INFO (CarpetX):   total evolution time:            1.29044 sec
INFO (CarpetX):   total evolution compute time:    1.28928 sec
INFO (CarpetX):   total evolution output time:     0.00116324 sec
INFO (CarpetX):   total iterations:                37
INFO (CarpetX):   total cells updated:             151552
INFO (CarpetX):   average iterations per second: 28.6723
INFO (CarpetX):   average cell updates per second: 117442
INFO (CarpetX): OutputGH: iteration 38, time 0.148438, run time 2 s
INFO (CarpetX): OutputGH done.
INFO (CarpetX): Simulation time: 0.148438   Iterations per second: 28.6637   Simulation time per second: 0.111968
INFO (CarpetX): Grid cells: 4096   Grid cell updates per second: 117407
INFO (CarpetX): Performance:
INFO (CarpetX):   total evolution time:            1.32497 sec
INFO (CarpetX):   total evolution compute time:    1.32377 sec
INFO (CarpetX):   total evolution output time:     0.00119042 sec
INFO (CarpetX):   total iterations:                38
INFO (CarpetX):   total cells updated:             155648
INFO (CarpetX):   average iterations per second: 28.68
INFO (CarpetX):   average cell updates per second: 117473
INFO (CarpetX): OutputGH: iteration 39, time 0.152344, run time 2 s
INFO (CarpetX): OutputGH done.
INFO (CarpetX): Simulation time: 0.152344   Iterations per second: 28.7026   Simulation time per second: 0.112119
INFO (CarpetX): Grid cells: 4096   Grid cell updates per second: 117566
INFO (CarpetX): Performance:
INFO (CarpetX):   total evolution time:            1.35938 sec
INFO (CarpetX):   total evolution compute time:    1.35816 sec
INFO (CarpetX):   total evolution output time:     0.00121737 sec
INFO (CarpetX):   total iterations:                39
INFO (CarpetX):   total cells updated:             159744
INFO (CarpetX):   average iterations per second: 28.6895
INFO (CarpetX):   average cell updates per second: 117512
INFO (CarpetX): OutputGH: iteration 40, time 0.156250, run time 2 s
INFO (CarpetX): OutputGH done.
INFO (CarpetX): Simulation time: 0.15625   Iterations per second: 28.7493   Simulation time per second: 0.112302
INFO (CarpetX): Grid cells: 4096   Grid cell updates per second: 117757
INFO (CarpetX): Performance:
INFO (CarpetX):   total evolution time:            1.39365 sec
INFO (CarpetX):   total evolution compute time:    1.39241 sec
INFO (CarpetX):   total evolution output time:     0.00124049 sec
INFO (CarpetX):   total iterations:                40
INFO (CarpetX):   total cells updated:             163840
INFO (CarpetX):   average iterations per second: 28.7015
INFO (CarpetX):   average cell updates per second: 117561
INFO (CarpetX): OutputGH: iteration 41, time 0.160156, run time 2 s
INFO (CarpetX): OutputGH done.
INFO (CarpetX): Simulation time: 0.160156   Iterations per second: 28.7505   Simulation time per second: 0.112306
INFO (CarpetX): Grid cells: 4096   Grid cell updates per second: 117762
INFO (CarpetX): Performance:
INFO (CarpetX):   total evolution time:            1.42842 sec
INFO (CarpetX):   total evolution compute time:    1.42715 sec
INFO (CarpetX):   total evolution output time:     0.00127459 sec
INFO (CarpetX):   total iterations:                41
INFO (CarpetX):   total cells updated:             167936
INFO (CarpetX):   average iterations per second: 28.703
INFO (CarpetX):   average cell updates per second: 117567
INFO (CarpetX): OutputGH: iteration 42, time 0.164062, run time 2 s
INFO (CarpetX): OutputGH done.
INFO (CarpetX): Simulation time: 0.164062   Iterations per second: 28.7382   Simulation time per second: 0.112258
INFO (CarpetX): Grid cells: 4096   Grid cell updates per second: 117711
INFO (CarpetX): Performance:
INFO (CarpetX):   total evolution time:            1.46335 sec
INFO (CarpetX):   total evolution compute time:    1.46205 sec
INFO (CarpetX):   total evolution output time:     0.00130343 sec
INFO (CarpetX):   total iterations:                42
INFO (CarpetX):   total cells updated:             172032
INFO (CarpetX):   average iterations per second: 28.7012
INFO (CarpetX):   average cell updates per second: 117560
INFO (CarpetX): OutputGH: iteration 43, time 0.167969, run time 2 s
INFO (CarpetX): OutputGH done.
INFO (CarpetX): Simulation time: 0.167969   Iterations per second: 28.6287   Simulation time per second: 0.111831
INFO (CarpetX): Grid cells: 4096   Grid cell updates per second: 117263
INFO (CarpetX): Performance:
INFO (CarpetX):   total evolution time:            1.49948 sec
INFO (CarpetX):   total evolution compute time:    1.49815 sec
INFO (CarpetX):   total evolution output time:     0.00133538 sec
INFO (CarpetX):   total iterations:                43
INFO (CarpetX):   total cells updated:             176128
INFO (CarpetX):   average iterations per second: 28.6766
INFO (CarpetX):   average cell updates per second: 117459
INFO (CarpetX): OutputGH: iteration 44, time 0.171875, run time 2 s
INFO (CarpetX): OutputGH done.
INFO (CarpetX): Simulation time: 0.171875   Iterations per second: 28.6211   Simulation time per second: 0.111801
INFO (CarpetX): Grid cells: 4096   Grid cell updates per second: 117232
INFO (CarpetX): Performance:
INFO (CarpetX):   total evolution time:            1.5345 sec
INFO (CarpetX):   total evolution compute time:    1.53313 sec
INFO (CarpetX):   total evolution output time:     0.00137019 sec
INFO (CarpetX):   total iterations:                44
INFO (CarpetX):   total cells updated:             180224
INFO (CarpetX):   average iterations per second: 28.6738
INFO (CarpetX):   average cell updates per second: 117448
INFO (CarpetX): OutputGH: iteration 45, time 0.175781, run time 2 s
INFO (CarpetX): OutputGH done.
INFO (CarpetX): Simulation time: 0.175781   Iterations per second: 28.6175   Simulation time per second: 0.111787
INFO (CarpetX): Grid cells: 4096   Grid cell updates per second: 117217
INFO (CarpetX): Performance:
INFO (CarpetX):   total evolution time:            1.56949 sec
INFO (CarpetX):   total evolution compute time:    1.56808 sec
INFO (CarpetX):   total evolution output time:     0.00140238 sec
INFO (CarpetX):   total iterations:                45
INFO (CarpetX):   total cells updated:             184320
INFO (CarpetX):   average iterations per second: 28.6718
INFO (CarpetX):   average cell updates per second: 117440
INFO (CarpetX): OutputGH: iteration 46, time 0.179688, run time 2 s
INFO (CarpetX): OutputGH done.
INFO (CarpetX): Simulation time: 0.179688   Iterations per second: 28.6099   Simulation time per second: 0.111757
INFO (CarpetX): Grid cells: 4096   Grid cell updates per second: 117186
INFO (CarpetX): Performance:
INFO (CarpetX):   total evolution time:            1.60452 sec
INFO (CarpetX):   total evolution compute time:    1.60309 sec
INFO (CarpetX):   total evolution output time:     0.00143719 sec
INFO (CarpetX):   total iterations:                46
INFO (CarpetX):   total cells updated:             188416
INFO (CarpetX):   average iterations per second: 28.6689
INFO (CarpetX):   average cell updates per second: 117428
INFO (CarpetX): OutputGH: iteration 47, time 0.183594, run time 2 s
INFO (CarpetX): OutputGH done.
INFO (CarpetX): Simulation time: 0.183594   Iterations per second: 28.6194   Simulation time per second: 0.111794
INFO (CarpetX): Grid cells: 4096   Grid cell updates per second: 117225
INFO (CarpetX): Performance:
INFO (CarpetX):   total evolution time:            1.63936 sec
INFO (CarpetX):   total evolution compute time:    1.63789 sec
INFO (CarpetX):   total evolution output time:     0.0014751 sec
INFO (CarpetX):   total iterations:                47
INFO (CarpetX):   total cells updated:             192512
INFO (CarpetX):   average iterations per second: 28.6697
INFO (CarpetX):   average cell updates per second: 117431
INFO (CarpetX): OutputGH: iteration 48, time 0.187500, run time 2 s
INFO (CarpetX): OutputGH done.
INFO (CarpetX): Simulation time: 0.1875   Iterations per second: 28.6095   Simulation time per second: 0.111756
INFO (CarpetX): Grid cells: 4096   Grid cell updates per second: 117185
INFO (CarpetX): Performance:
INFO (CarpetX):   total evolution time:            1.67442 sec
INFO (CarpetX):   total evolution compute time:    1.67291 sec
INFO (CarpetX):   total evolution output time:     0.0015111 sec
INFO (CarpetX):   total iterations:                48
INFO (CarpetX):   total cells updated:             196608
INFO (CarpetX):   average iterations per second: 28.6666
INFO (CarpetX):   average cell updates per second: 117418
INFO (CarpetX): OutputGH: iteration 49, time 0.191406, run time 2 s
INFO (CarpetX): OutputGH done.
INFO (CarpetX): Simulation time: 0.191406   Iterations per second: 28.5846   Simulation time per second: 0.111659
INFO (CarpetX): Grid cells: 4096   Grid cell updates per second: 117082
INFO (CarpetX): Performance:
INFO (CarpetX):   total evolution time:            1.70968 sec
INFO (CarpetX):   total evolution compute time:    1.70813 sec
INFO (CarpetX):   total evolution output time:     0.00154805 sec
INFO (CarpetX):   total iterations:                49
INFO (CarpetX):   total cells updated:             200704
INFO (CarpetX):   average iterations per second: 28.6603
INFO (CarpetX):   average cell updates per second: 117393
INFO (CarpetX): OutputGH: iteration 50, time 0.195312, run time 2 s
INFO (CarpetX): OutputGH done.
INFO (CarpetX): Simulation time: 0.195312   Iterations per second: 28.5626   Simulation time per second: 0.111573
INFO (CarpetX): Grid cells: 4096   Grid cell updates per second: 116992
INFO (CarpetX): Performance:
INFO (CarpetX):   total evolution time:            1.74493 sec
INFO (CarpetX):   total evolution compute time:    1.74335 sec
INFO (CarpetX):   total evolution output time:     0.0015831 sec
INFO (CarpetX):   total iterations:                50
INFO (CarpetX):   total cells updated:             204800
INFO (CarpetX):   average iterations per second: 28.6544
INFO (CarpetX):   average cell updates per second: 117368
INFO (CarpetX): OutputGH: iteration 51, time 0.199219, run time 2 s
INFO (CarpetX): OutputGH done.
INFO (CarpetX): Simulation time: 0.199219   Iterations per second: 28.5485   Simulation time per second: 0.111518
INFO (CarpetX): Grid cells: 4096   Grid cell updates per second: 116935
INFO (CarpetX): Performance:
INFO (CarpetX):   total evolution time:            1.78012 sec
INFO (CarpetX):   total evolution compute time:    1.7785 sec
INFO (CarpetX):   total evolution output time:     0.00161409 sec
INFO (CarpetX):   total iterations:                51
INFO (CarpetX):   total cells updated:             208896
INFO (CarpetX):   average iterations per second: 28.6498
INFO (CarpetX):   average cell updates per second: 117350
INFO (CarpetX): OutputGH: iteration 52, time 0.203125, run time 2 s
INFO (CarpetX): OutputGH done.
INFO (CarpetX): Simulation time: 0.203125   Iterations per second: 28.5092   Simulation time per second: 0.111364
INFO (CarpetX): Grid cells: 4096   Grid cell updates per second: 116774
INFO (CarpetX): Performance:
INFO (CarpetX):   total evolution time:            1.81563 sec
INFO (CarpetX):   total evolution compute time:    1.81398 sec
INFO (CarpetX):   total evolution output time:     0.00165105 sec
INFO (CarpetX):   total iterations:                52
INFO (CarpetX):   total cells updated:             212992
INFO (CarpetX):   average iterations per second: 28.6402
INFO (CarpetX):   average cell updates per second: 117310
INFO (CarpetX): OutputGH: iteration 53, time 0.207031, run time 2 s
INFO (CarpetX): OutputGH done.
INFO (CarpetX): Simulation time: 0.207031   Iterations per second: 28.4833   Simulation time per second: 0.111263
INFO (CarpetX): Grid cells: 4096   Grid cell updates per second: 116668
INFO (CarpetX): Performance:
INFO (CarpetX):   total evolution time:            1.85102 sec
INFO (CarpetX):   total evolution compute time:    1.84934 sec
INFO (CarpetX):   total evolution output time:     0.00168705 sec
INFO (CarpetX):   total iterations:                53
INFO (CarpetX):   total cells updated:             217088
INFO (CarpetX):   average iterations per second: 28.6328
INFO (CarpetX):   average cell updates per second: 117280
INFO (CarpetX): OutputGH: iteration 54, time 0.210938, run time 2 s
INFO (CarpetX): OutputGH done.
INFO (CarpetX): Simulation time: 0.210938   Iterations per second: 28.4744   Simulation time per second: 0.111228
INFO (CarpetX): Grid cells: 4096   Grid cell updates per second: 116631
INFO (CarpetX): Performance:
INFO (CarpetX):   total evolution time:            1.88624 sec
INFO (CarpetX):   total evolution compute time:    1.88452 sec
INFO (CarpetX):   total evolution output time:     0.001719 sec
INFO (CarpetX):   total iterations:                54
INFO (CarpetX):   total cells updated:             221184
INFO (CarpetX):   average iterations per second: 28.6283
INFO (CarpetX):   average cell updates per second: 117262
INFO (CarpetX): OutputGH: iteration 55, time 0.214844, run time 2 s
INFO (CarpetX): OutputGH done.
INFO (CarpetX): Simulation time: 0.214844   Iterations per second: 28.456   Simulation time per second: 0.111156
INFO (CarpetX): Grid cells: 4096   Grid cell updates per second: 116556
INFO (CarpetX): Performance:
INFO (CarpetX):   total evolution time:            1.92159 sec
INFO (CarpetX):   total evolution compute time:    1.91983 sec
INFO (CarpetX):   total evolution output time:     0.00175595 sec
INFO (CarpetX):   total iterations:                55
INFO (CarpetX):   total cells updated:             225280
INFO (CarpetX):   average iterations per second: 28.6221
INFO (CarpetX):   average cell updates per second: 117236
INFO (CarpetX): OutputGH: iteration 56, time 0.218750, run time 2 s
INFO (CarpetX): OutputGH done.
INFO (CarpetX): Simulation time: 0.21875   Iterations per second: 28.4482   Simulation time per second: 0.111126
INFO (CarpetX): Grid cells: 4096   Grid cell updates per second: 116524
INFO (CarpetX): Performance:
INFO (CarpetX):   total evolution time:            1.95683 sec
INFO (CarpetX):   total evolution compute time:    1.95504 sec
INFO (CarpetX):   total evolution output time:     0.00178599 sec
INFO (CarpetX):   total iterations:                56
INFO (CarpetX):   total cells updated:             229376
INFO (CarpetX):   average iterations per second: 28.6178
INFO (CarpetX):   average cell updates per second: 117218
INFO (CarpetX): OutputGH: iteration 57, time 0.222656, run time 3 s
INFO (CarpetX): OutputGH done.
INFO (CarpetX): Simulation time: 0.222656   Iterations per second: 28.4357   Simulation time per second: 0.111077
INFO (CarpetX): Grid cells: 4096   Grid cell updates per second: 116473
INFO (CarpetX): Performance:
INFO (CarpetX):   total evolution time:            1.99213 sec
INFO (CarpetX):   total evolution compute time:    1.99031 sec
INFO (CarpetX):   total evolution output time:     0.00182295 sec
INFO (CarpetX):   total iterations:                57
INFO (CarpetX):   total cells updated:             233472
INFO (CarpetX):   average iterations per second: 28.6125
INFO (CarpetX):   average cell updates per second: 117197
INFO (CarpetX): OutputGH: iteration 58, time 0.226562, run time 3 s
INFO (CarpetX): OutputGH done.
INFO (CarpetX): Simulation time: 0.226562   Iterations per second: 28.4161   Simulation time per second: 0.111
INFO (CarpetX): Grid cells: 4096   Grid cell updates per second: 116392
INFO (CarpetX): Performance:
INFO (CarpetX):   total evolution time:            2.02754 sec
INFO (CarpetX):   total evolution compute time:    2.02569 sec
INFO (CarpetX):   total evolution output time:     0.00185776 sec
INFO (CarpetX):   total iterations:                58
INFO (CarpetX):   total cells updated:             237568
INFO (CarpetX):   average iterations per second: 28.606
INFO (CarpetX):   average cell updates per second: 117170
INFO (CarpetX): OutputGH: iteration 59, time 0.230469, run time 3 s
INFO (CarpetX): OutputGH done.
INFO (CarpetX): Simulation time: 0.230469   Iterations per second: 28.4063   Simulation time per second: 0.110962
INFO (CarpetX): Grid cells: 4096   Grid cell updates per second: 116352
INFO (CarpetX): Performance:
INFO (CarpetX):   total evolution time:            2.06286 sec
INFO (CarpetX):   total evolution compute time:    2.06096 sec
INFO (CarpetX):   total evolution output time:     0.00189376 sec
INFO (CarpetX):   total iterations:                59
INFO (CarpetX):   total cells updated:             241664
INFO (CarpetX):   average iterations per second: 28.6011
INFO (CarpetX):   average cell updates per second: 117150
INFO (CarpetX): OutputGH: iteration 60, time 0.234375, run time 3 s
INFO (CarpetX): OutputGH done.
INFO (CarpetX): Simulation time: 0.234375   Iterations per second: 28.4112   Simulation time per second: 0.110981
INFO (CarpetX): Grid cells: 4096   Grid cell updates per second: 116372
INFO (CarpetX): Performance:
INFO (CarpetX):   total evolution time:            2.098 sec
INFO (CarpetX):   total evolution compute time:    2.09607 sec
INFO (CarpetX):   total evolution output time:     0.0019269 sec
INFO (CarpetX):   total iterations:                60
INFO (CarpetX):   total cells updated:             245760
INFO (CarpetX):   average iterations per second: 28.5987
INFO (CarpetX):   average cell updates per second: 117140
INFO (CarpetX): OutputGH: iteration 61, time 0.238281, run time 3 s
INFO (CarpetX): OutputGH done.
INFO (CarpetX): Simulation time: 0.238281   Iterations per second: 28.3943   Simulation time per second: 0.110915
INFO (CarpetX): Grid cells: 4096   Grid cell updates per second: 116303
INFO (CarpetX): Performance:
INFO (CarpetX):   total evolution time:            2.1334 sec
INFO (CarpetX):   total evolution compute time:    2.13144 sec
INFO (CarpetX):   total evolution output time:     0.00196004 sec
INFO (CarpetX):   total iterations:                61
INFO (CarpetX):   total cells updated:             249856
INFO (CarpetX):   average iterations per second: 28.5928
INFO (CarpetX):   average cell updates per second: 117116
INFO (CarpetX): OutputGH: iteration 62, time 0.242188, run time 3 s
INFO (CarpetX): OutputGH done.
INFO (CarpetX): Simulation time: 0.242188   Iterations per second: 28.3926   Simulation time per second: 0.110908
INFO (CarpetX): Grid cells: 4096   Grid cell updates per second: 116296
INFO (CarpetX): Performance:
INFO (CarpetX):   total evolution time:            2.16864 sec
INFO (CarpetX):   total evolution compute time:    2.16665 sec
INFO (CarpetX):   total evolution output time:     0.00199413 sec
INFO (CarpetX):   total iterations:                62
INFO (CarpetX):   total cells updated:             253952
INFO (CarpetX):   average iterations per second: 28.5893
INFO (CarpetX):   average cell updates per second: 117102
INFO (CarpetX): OutputGH: iteration 63, time 0.246094, run time 3 s
INFO (CarpetX): OutputGH done.
INFO (CarpetX): Simulation time: 0.246094   Iterations per second: 28.3756   Simulation time per second: 0.110842
INFO (CarpetX): Grid cells: 4096   Grid cell updates per second: 116227
INFO (CarpetX): Performance:
INFO (CarpetX):   total evolution time:            2.20408 sec
INFO (CarpetX):   total evolution compute time:    2.20205 sec
INFO (CarpetX):   total evolution output time:     0.00202918 sec
INFO (CarpetX):   total iterations:                63
INFO (CarpetX):   total cells updated:             258048
INFO (CarpetX):   average iterations per second: 28.5834
INFO (CarpetX):   average cell updates per second: 117078
INFO (CarpetX): OutputGH: iteration 64, time 0.250000, run time 3 s
INFO (CarpetX): OutputGH done.
INFO (CarpetX): Simulation time: 0.25   Iterations per second: 13.326   Simulation time per second: 0.0520547
INFO (CarpetX): Grid cells: 4096   Grid cell updates per second: 54583.3
INFO (CarpetX): Performance:
INFO (CarpetX):   total evolution time:            2.63731 sec
INFO (CarpetX):   total evolution compute time:    2.23973 sec
INFO (CarpetX):   total evolution output time:     0.397584 sec
INFO (CarpetX):   total iterations:                64
INFO (CarpetX):   total cells updated:             262144
INFO (CarpetX):   average iterations per second: 24.2671
INFO (CarpetX):   average cell updates per second: 99398.1
INFO (CarpetX): Shutting down...
AMReX (25.11) finalized
--------------------------------------------------------------------------------
Done.
+ echo Stopping:
Stopping:
+ date
Mon Jun  8 23:07:33 UTC 2026
+ echo Done.
Done.
  Elapsed time: 3.8 s
