/home/runner/simulations/TestJob01_temp_1/output-0000/TEST/sim/CanudaX_BSSNMoL
Preparing:
+ set -e
+ cd output-0000-active
+ echo Checking:
Checking:
+ pwd
/home/runner/simulations/TestJob01_temp_1/output-0000/TEST/sim/CanudaX_BSSNMoL/output-0000-active
+ hostname
runnervmlun5p
+ date
Tue Sep 15 06:13:20 UTC 2026
+ echo Environment:
Environment:
+ export CACTUS_NUM_PROCS=1
+ CACTUS_NUM_PROCS=1
+ export CACTUS_NUM_THREADS=2
+ CACTUS_NUM_THREADS=2
+ export GMON_OUT_PREFIX=gmon.out
+ GMON_OUT_PREFIX=gmon.out
+ export OMP_NUM_THREADS=2
+ OMP_NUM_THREADS=2
+ env
+ sort
+ echo Starting:
Starting:
++ date +%s
+ export CACTUS_STARTTIME=1789452800
+ CACTUS_STARTTIME=1789452800
+ '[' 1 = 1 ']'
+ '[' 0 -eq 0 ']'
+ /home/runner/simulations/TestJob01_temp_1/SIMFACTORY/exe/cactus_sim -L 3 /home/runner/simulations/TestJob01_temp_1/output-0000/arrangements/CanudaX/CanudaX_BSSNMoL/test/gaugewave.par
INFO (Cactus): Increased logging level from 0 to 3
--------------------------------------------------------------------------------

       10                                  
  1   0101       ************************  
  01  1010 10      The Cactus Code V4.20.0    
 1010 1101 011      www.cactuscode.org     
  1001 100101    ************************  
    00010101                               
     100011     (c) Copyright The Authors  
      0100      GNU Licensed. No Warranty  
      0101                                 
--------------------------------------------------------------------------------

Cactus version:    4.20.0
Compile date:      Sep 15 2026 (06:10:36)
Run date:          Sep 15 2026 (06:13:21+0000)
Run host:          runnervmlun5p.f1ixmop0vftuff1qa1wv2b5m1d.ex.internal.cloudapp.net (pid=168905)
Working directory: /home/runner/simulations/TestJob01_temp_1/output-0000/TEST/sim/CanudaX_BSSNMoL
Executable:        /home/runner/simulations/TestJob01_temp_1/SIMFACTORY/exe/cactus_sim
Parameter file:    /home/runner/simulations/TestJob01_temp_1/output-0000/arrangements/CanudaX/CanudaX_BSSNMoL/test/gaugewave.par
--------------------------------------------------------------------------------

Activating thorn Cactus...Success -> active implementation Cactus
Activation requested for 
--->ADMBaseX CanudaX_BSSNMoL CanudaX_ExactID CarpetX IOUtil ODESolvers TmunuBaseX<---
Thorn ADMBaseX requests automatic activation of Loop
Thorn CarpetX requests automatic activation of AMReX
Thorn CarpetX requests automatic activation of MPI
Thorn CarpetX requests automatic activation of yaml_cpp
Thorn CarpetX requests automatic activation of zlib
Thorn CarpetX requests automatic activation of Arith
Thorn CarpetX requests automatic activation of CarpetXRegrid
Thorn CarpetX requests automatic activation of ADIOS2
Thorn CarpetX requests automatic activation of openPMD
Thorn CarpetX requests automatic activation of Silo
Thorn ADIOS2 requests automatic activation of CMake
Thorn Arith requests automatic activation of NSIMD
Thorn MPI requests automatic activation of hwloc
Thorn openPMD requests automatic activation of HDF5
Activating thorn ADIOS2...Success -> active implementation ADIOS2
Activating thorn ADMBaseX...Success -> active implementation ADMBaseX
Activating thorn AMReX...Success -> active implementation AMReX
Activating thorn Arith...Success -> active implementation Arith
Activating thorn CanudaX_BSSNMoL...Success -> active implementation CanudaX_BSSNMoL
Activating thorn CanudaX_ExactID...Success -> active implementation CanudaX_ExactID
Activating thorn CarpetX...Success -> active implementation Driver
Activating thorn CarpetXRegrid...Success -> active implementation CarpetXRegrid
Activating thorn CMake...Success -> active implementation CMake
Activating thorn HDF5...Success -> active implementation HDF5
Activating thorn hwloc...Success -> active implementation hwloc
Activating thorn IOUtil...Success -> active implementation IO
Activating thorn Loop...Success -> active implementation Loop
Activating thorn MPI...Success -> active implementation MPI
Activating thorn NSIMD...Success -> active implementation NSIMD
Activating thorn ODESolvers...Success -> active implementation ODESolvers
Activating thorn openPMD...Success -> active implementation openPMD
Activating thorn Silo...Success -> active implementation Silo
Activating thorn TmunuBaseX...Success -> active implementation TmunuBaseX
Activating thorn yaml_cpp...Success -> active implementation yaml_cpp
Activating thorn zlib...Success -> active implementation zlib
--------------------------------------------------------------------------------
  if (recover initial data)
    Recover parameters
  endif

  Startup routines
    [CCTK_STARTUP]
      CarpetX::Driver_Startup: Start up the driver
      IOUtil::IOUtil_Startup: Startup routine
      GROUP hwloc_startup: hwloc startup group
        hwloc::hwloc_version: Output hwloc version

  Startup routines which need an existing grid hierarchy
    [CCTK_WRAGH]
      Arith::Test_cplx: [meta] Test complex numbers
      Arith::Test_smallvector: [meta] Test small vectors
      Arith::Test_spvect: [meta] Test sparse vectors
      ODESolvers::ODESolvers_InitConstants: [global] Set up dummy loop counters for schedule printout
  Parameter checking routines
    [CCTK_PARAMCHECK]
      CanudaX_BSSNMoL::CanudaX_BSSNMoL_paramcheck: Check CanudaX_BSSNMoL parameters for consistency

  Initialisation
    if (NOT (recover initial data AND recovery_mode is 'strict'))
      [CCTK_PREREGRIDINITIAL]
      Set up grid hierarchy
      [CCTK_POSTREGRIDINITIAL]
      [CCTK_BASEGRID]
        CarpetXRegrid::CarpetXRegrid_InitError: Initialize regridding error to zero
        GROUP ODESolvers_BaseGrid: Set up constants (e.g. coordinates) everywhere on the grid
      [CCTK_INITIAL]
        GROUP TmunuBaseX_SetTmunuVars: Schedule group for setting T_munu
          TmunuBaseX::TmunuBaseX_ZeroTmunu: Set T_munu to zero
          GROUP TmunuBaseX_AddToTmunu: Add to T_munu here
        GROUP ODESolvers_Initial: Set up initial conditions on interior of state vector
          GROUP ADMBaseX_InitialData: Schedule group for calculating ADM initial data
            GROUP CanudaX_ExactIDGroup: CanudaX_ExactID group for setting up initial data
              CanudaX_ExactID::CanudaX_ExactID_GaugeWave: [local] Create gauge wave initial data
          GROUP ADMBaseX_InitialGauge: Schedule group for the ADM initial gauge condition
            ADMBaseX::ADMBaseX_initial_dtlapse: Set dtlapse to zero
            ADMBaseX::ADMBaseX_initial_dtshift: Set dtshift to zero
          GROUP ADMBaseX_PostInitial: Schedule group for modifying the ADM initial data, such as e.g. adding noise
        GROUP CanudaX_BSSNMoL_InitialGroup: CanudaX_BSSNMoL: initial bin
          CanudaX_BSSNMoL::CanudaX_BSSNMoL_adm2bssn: [local] Convert initial data into BSSN variables
          CanudaX_BSSNMoL::CanudaX_BSSNMoL_gammat: [local] Set Gammat initial data
      [CCTK_POSTINITIAL]
        GROUP ODESolvers_PostStep: Apply boundary conditions to state vector, and project if necessary
          GROUP CanudaX_BSSNMoL_PostStepGroup: CanudaX_BSSNMoL: post-step operations
            CanudaX_BSSNMoL::CanudaX_BSSNMoL_impose_conf_fac_floor: Make sure conformal factor does not drop below specified value
            CanudaX_BSSNMoL::CanudaX_BSSNMoL_reset_detmetric: reset dethh = 1
            CanudaX_BSSNMoL::CanudaX_BSSNMoL_remove_trA: Remove trace of A
            CanudaX_BSSNMoL::CanudaX_BSSNMoL_sync: [global] Sync state vector
            CanudaX_BSSNMoL::CanudaX_BSSNMoL_bssn2adm: [local] Convert variables back to the ADM ones
          GROUP ADMBaseX_SetADMRHS: Set ADM RHS variables in this group
          GROUP ADMBaseX_SetADMVars: Set ADM variables in this group
          GROUP TmunuBaseX_SetTmunuVars: Schedule group for setting T_munu
            TmunuBaseX::TmunuBaseX_ZeroTmunu: Set T_munu to zero
            GROUP TmunuBaseX_AddToTmunu: Add to T_munu here
        GROUP ODESolvers_EstimateError: Estimate discretization error (for regridding)
      Initialise finer grids recursively
      Restrict from finer grids
      [CCTK_POSTRESTRICTINITIAL]
      [CCTK_POSTPOSTINITIAL]
      [CCTK_POSTSTEP]
        GROUP ODESolvers_EstimateError: Estimate discretization error (for regridding)
    endif
    if (recover initial data)
      [CCTK_BASEGRID]
        CarpetXRegrid::CarpetXRegrid_InitError: Initialize regridding error to zero
        GROUP ODESolvers_BaseGrid: Set up constants (e.g. coordinates) everywhere on the grid
      [CCTK_RECOVER_VARIABLES]
      [CCTK_POST_RECOVER_VARIABLES]
        GROUP ODESolvers_PostStep: Apply boundary conditions to state vector, and project if necessary
          GROUP CanudaX_BSSNMoL_PostStepGroup: CanudaX_BSSNMoL: post-step operations
            CanudaX_BSSNMoL::CanudaX_BSSNMoL_impose_conf_fac_floor: Make sure conformal factor does not drop below specified value
            CanudaX_BSSNMoL::CanudaX_BSSNMoL_reset_detmetric: reset dethh = 1
            CanudaX_BSSNMoL::CanudaX_BSSNMoL_remove_trA: Remove trace of A
            CanudaX_BSSNMoL::CanudaX_BSSNMoL_sync: [global] Sync state vector
            CanudaX_BSSNMoL::CanudaX_BSSNMoL_bssn2adm: [local] Convert variables back to the ADM ones
          GROUP ADMBaseX_SetADMRHS: Set ADM RHS variables in this group
          GROUP ADMBaseX_SetADMVars: Set ADM variables in this group
          GROUP TmunuBaseX_SetTmunuVars: Schedule group for setting T_munu
            TmunuBaseX::TmunuBaseX_ZeroTmunu: Set T_munu to zero
            GROUP TmunuBaseX_AddToTmunu: Add to T_munu here
        GROUP ODESolvers_EstimateError: Estimate discretization error (for regridding)
    endif
    if (checkpoint initial data)
      [CCTK_CPINITIAL]
        CarpetX::CarpetX_CheckpointInitial: [meta] Checkpoint initial conditions
    endif
    if (analysis)
      [CCTK_ANALYSIS]
        CanudaX_BSSNMoL::CanudaX_BSSNMoL_bssn_constraints: Compute constraints
        GROUP ODESolvers_Analysis: Calculate analysis quantities everywhere
  endif
  Output grid variables

  do loop over timesteps
    [CCTK_PREREGRID]
    Change grid hierarchy
    [CCTK_POSTREGRID]
      GROUP ODESolvers_PostStep: Apply boundary conditions to state vector, and project if necessary
        GROUP CanudaX_BSSNMoL_PostStepGroup: CanudaX_BSSNMoL: post-step operations
          CanudaX_BSSNMoL::CanudaX_BSSNMoL_impose_conf_fac_floor: Make sure conformal factor does not drop below specified value
          CanudaX_BSSNMoL::CanudaX_BSSNMoL_reset_detmetric: reset dethh = 1
          CanudaX_BSSNMoL::CanudaX_BSSNMoL_remove_trA: Remove trace of A
          CanudaX_BSSNMoL::CanudaX_BSSNMoL_sync: [global] Sync state vector
          CanudaX_BSSNMoL::CanudaX_BSSNMoL_bssn2adm: [local] Convert variables back to the ADM ones
        GROUP ADMBaseX_SetADMRHS: Set ADM RHS variables in this group
        GROUP ADMBaseX_SetADMVars: Set ADM variables in this group
        GROUP TmunuBaseX_SetTmunuVars: Schedule group for setting T_munu
          TmunuBaseX::TmunuBaseX_ZeroTmunu: Set T_munu to zero
          GROUP TmunuBaseX_AddToTmunu: Add to T_munu here
    Rotate timelevels
    iteration = iteration+1
    t = t+dt
    [CCTK_PRESTEP]
    [CCTK_EVOL]
      ODESolvers::ODESolvers_Solve: [level] Solve ODEs
      while (ODESolvers::do_substeps)
        GROUP ODESolvers_CalledBySolve: Groups internally scheduled by ODESolvers_Solve
          GROUP ODESolvers_RHS: Evaluate the RHS for of state vector everywhere on the grid
            GROUP CanudaX_BSSNMoL_RHSGroup: CanudaX_BSSNMoL: calculate BSSN RHS
              CanudaX_BSSNMoL::CanudaX_BSSNMoL_calc_bssn_rhs: MoL RHS calculation
              CanudaX_BSSNMoL::CanudaX_BSSNMoL_apply_boundary_conditions: Apply radiative boundary conditions 
          GROUP ODESolvers_PostStep: Apply boundary conditions to state vector, and project if necessary
            GROUP CanudaX_BSSNMoL_PostStepGroup: CanudaX_BSSNMoL: post-step operations
              CanudaX_BSSNMoL::CanudaX_BSSNMoL_impose_conf_fac_floor: Make sure conformal factor does not drop below specified value
              CanudaX_BSSNMoL::CanudaX_BSSNMoL_reset_detmetric: reset dethh = 1
              CanudaX_BSSNMoL::CanudaX_BSSNMoL_remove_trA: Remove trace of A
              CanudaX_BSSNMoL::CanudaX_BSSNMoL_sync: [global] Sync state vector
              CanudaX_BSSNMoL::CanudaX_BSSNMoL_bssn2adm: [local] Convert variables back to the ADM ones
            GROUP ADMBaseX_SetADMRHS: Set ADM RHS variables in this group
            GROUP ADMBaseX_SetADMVars: Set ADM variables in this group
            GROUP TmunuBaseX_SetTmunuVars: Schedule group for setting T_munu
              TmunuBaseX::TmunuBaseX_ZeroTmunu: Set T_munu to zero
              GROUP TmunuBaseX_AddToTmunu: Add to T_munu here
      end while
    Evolve finer grids recursively
    Restrict from finer grids
    [CCTK_POSTRESTRICT]
      GROUP ODESolvers_PostStep: Apply boundary conditions to state vector, and project if necessary
        GROUP CanudaX_BSSNMoL_PostStepGroup: CanudaX_BSSNMoL: post-step operations
          CanudaX_BSSNMoL::CanudaX_BSSNMoL_impose_conf_fac_floor: Make sure conformal factor does not drop below specified value
          CanudaX_BSSNMoL::CanudaX_BSSNMoL_reset_detmetric: reset dethh = 1
          CanudaX_BSSNMoL::CanudaX_BSSNMoL_remove_trA: Remove trace of A
          CanudaX_BSSNMoL::CanudaX_BSSNMoL_sync: [global] Sync state vector
          CanudaX_BSSNMoL::CanudaX_BSSNMoL_bssn2adm: [local] Convert variables back to the ADM ones
        GROUP ADMBaseX_SetADMRHS: Set ADM RHS variables in this group
        GROUP ADMBaseX_SetADMVars: Set ADM variables in this group
        GROUP TmunuBaseX_SetTmunuVars: Schedule group for setting T_munu
          TmunuBaseX::TmunuBaseX_ZeroTmunu: Set T_munu to zero
          GROUP TmunuBaseX_AddToTmunu: Add to T_munu here
    [CCTK_POSTSTEP]
      GROUP ODESolvers_EstimateError: Estimate discretization error (for regridding)
    if (checkpoint)
      [CCTK_CHECKPOINT]
      CarpetX::CarpetX_Checkpoint: [meta] Checkpoint
    endif
    if (analysis)
      [CCTK_ANALYSIS]
      CanudaX_BSSNMoL::CanudaX_BSSNMoL_bssn_constraints: Compute constraints
      GROUP ODESolvers_Analysis: Calculate analysis quantities everywhere
    endif
    Output grid variables
    enddo

  Termination routines
    [CCTK_TERMINATE]
      CarpetX::CarpetX_CheckpointTerminate: [meta] Checkpoint before terminating

  Shutdown routines
    [CCTK_SHUTDOWN]
      CarpetX::Driver_Shutdown: [meta] Shut down the driver

  Routines run after changing the grid hierarchy:
    [CCTK_POSTREGRID]
      GROUP ODESolvers_PostStep: Apply boundary conditions to state vector, and project if necessary
        GROUP CanudaX_BSSNMoL_PostStepGroup: CanudaX_BSSNMoL: post-step operations
          CanudaX_BSSNMoL::CanudaX_BSSNMoL_impose_conf_fac_floor: Make sure conformal factor does not drop below specified value
          CanudaX_BSSNMoL::CanudaX_BSSNMoL_reset_detmetric: reset dethh = 1
          CanudaX_BSSNMoL::CanudaX_BSSNMoL_remove_trA: Remove trace of A
          CanudaX_BSSNMoL::CanudaX_BSSNMoL_sync: [global] Sync state vector
          CanudaX_BSSNMoL::CanudaX_BSSNMoL_bssn2adm: [local] Convert variables back to the ADM ones
        GROUP ADMBaseX_SetADMRHS: Set ADM RHS variables in this group
        GROUP ADMBaseX_SetADMVars: Set ADM variables in this group
        GROUP TmunuBaseX_SetTmunuVars: Schedule group for setting T_munu
          TmunuBaseX::TmunuBaseX_ZeroTmunu: Set T_munu to zero
          GROUP TmunuBaseX_AddToTmunu: Add to T_munu here
--------------------------------------------------------------------------------
INFO (hwloc): library version 2.10.0, API version 0x20800
--------------------------------------------------------------------------------

  [34m  ▕▏  [34m  ▕▏  [34m  ▕▏  [34m  ▕▏  [34m  ▕▏  [34m  ▕▏  [34m  ▕▏  [34m  ▕▏  [34m  ▕▏  [39m  
  [34m──██──[34m──██──[34m──██──[34m──██──[34m──██──[34m──██──[34m──██──[34m──██──[34m──██──[39m  
  [34m  ▕▏  [34m  ▕▏  [34m  ▕▏  [34m  ▕▏  [34m  ▕▏  [34m  ▕▏  [34m  ▕▏  [34m  ▕▏  [34m  ▕▏  [39m  
  [34m  ▕▏  [32m██████[34m  ▕▏  [34m  ▕▏  [32m██████[34m  ▕▏  [34m  ▕▏  [32m██████[34m  ▕▏  [39m  
  [34m──██──[32m██████[34m──██──[34m──██──[32m██████[34m──██──[34m──██──[32m██████[34m──██──[39m  
  [34m  ▕▏  [32m██████[34m  ▕▏  [34m  ▕▏  [32m██████[34m  ▕▏  [34m  ▕▏  [32m██████[34m  ▕▏  [39m  
  [34m  ▕▏  [34m  ▕▏  [34m  ▕▏  [34m  ▕▏  [34m  ▕▏  [34m  ▕▏  [34m  ▕▏  [34m  ▕▏  [34m  ▕▏  [39m  
  [34m──██──[34m──██──[34m──██──[34m──██──[34m──██──[34m──██──[34m──██──[34m──██──[34m──██──[39m  
  [34m  ▕▏  [34m  ▕▏  [34m  ▕▏  [34m  ▕▏  [34m  ▕▏  [34m  ▕▏  [34m  ▕▏  [34m  ▕▏  [34m  ▕▏  [39m  
  [34m  ▕▏  [34m  ▕▏  [34m  ▕▏  [31m██████[31m██████[31m██████[34m  ▕▏  [34m  ▕▏  [34m  ▕▏  [39m  
  [34m──██──[34m──██──[34m──██──[31m██████[31m██████[31m██████[34m──██──[34m──██──[34m──██──[39m  
  [34m  ▕▏  [34m  ▕▏  [34m  ▕▏  [31m██████[31m██████[31m██████[34m  ▕▏  [34m  ▕▏  [34m  ▕▏  [39m  
  [34m  ▕▏  [32m██████[34m  ▕▏  [31m██████[31m██████[31m██████[34m  ▕▏  [32m██████[34m  ▕▏  [39m  
  [34m──██──[32m██████[34m──██──[31m██████[31m██████[31m██████[34m──██──[32m██████[34m──██──[39m  
  [34m  ▕▏  [32m██████[34m  ▕▏  [31m██████[31m██████[31m██████[34m  ▕▏  [32m██████[34m  ▕▏  [39m  
  [34m  ▕▏  [34m  ▕▏  [34m  ▕▏  [31m██████[31m██████[31m██████[34m  ▕▏  [34m  ▕▏  [34m  ▕▏  [39m  
  [34m──██──[34m──██──[34m──██──[31m██████[31m██████[31m██████[34m──██──[34m──██──[34m──██──[39m  
  [34m  ▕▏  [34m  ▕▏  [34m  ▕▏  [31m██████[31m██████[31m██████[34m  ▕▏  [34m  ▕▏  [34m  ▕▏  [39m  
  [34m  ▕▏  [34m  ▕▏  [34m  ▕▏  [34m  ▕▏  [34m  ▕▏  [34m  ▕▏  [34m  ▕▏  [34m  ▕▏  [34m  ▕▏  [39m  
  [34m──██──[34m──██──[34m──██──[34m──██──[34m──██──[34m──██──[34m──██──[34m──██──[34m──██──[39m  
  [34m  ▕▏  [34m  ▕▏  [34m  ▕▏  [34m  ▕▏  [34m  ▕▏  [34m  ▕▏  [34m  ▕▏  [34m  ▕▏  [34m  ▕▏  [39m  
  [34m  ▕▏  [32m██████[34m  ▕▏  [34m  ▕▏  [32m██████[34m  ▕▏  [34m  ▕▏  [32m██████[34m  ▕▏  [39m  
  [34m──██──[32m██████[34m──██──[34m──██──[32m██████[34m──██──[34m──██──[32m██████[34m──██──[39m  
  [34m  ▕▏  [32m██████[34m  ▕▏  [34m  ▕▏  [32m██████[34m  ▕▏  [34m  ▕▏  [32m██████[34m  ▕▏  [39m  
  [34m  ▕▏  [34m  ▕▏  [34m  ▕▏  [34m  ▕▏  [34m  ▕▏  [34m  ▕▏  [34m  ▕▏  [34m  ▕▏  [34m  ▕▏  [39m  
  [34m──██──[34m──██──[34m──██──[34m──██──[34m──██──[34m──██──[34m──██──[34m──██──[34m──██──[39m  
  [34m  ▕▏  [34m  ▕▏  [34m  ▕▏  [34m  ▕▏  [34m  ▕▏  [34m  ▕▏  [34m  ▕▏  [34m  ▕▏  [34m  ▕▏  [39m  

AMR driver provided by CarpetX,
using AMReX 25.11 (MPI, OpenMP, no accelerators, debug)
--------------------------------------------------------------------------------

Initializing AMReX (25.11)...
MPI initialized with 1 MPI processes
MPI initialized with thread support level 2
OMP initialized with 2 OMP threads
AMReX (25.11) initialized
INFO (CarpetX): 
Symmetries:
  lower x: periodic
  lower y: periodic
  lower z: periodic
  upper x: periodic
  upper y: periodic
  upper z: periodic
Default boundaries:
  lower x: symmetry_boundary
  lower y: symmetry_boundary
  lower z: symmetry_boundary
  upper x: symmetry_boundary
  upper y: symmetry_boundary
  upper z: symmetry_boundary
INFO (Arith): Test_cplx
INFO (Arith): Test_smallvector
INFO (Arith): Test_spvect
INFO (CarpetX): Setting initial values for max_grid_size values for all levels
INFO (CarpetX): Setting up initial conditions...
INFO (CarpetX): Iteration: 0   time: 0   delta_time: 0.00390625
INFO (CarpetX): Patch 0:
INFO (CarpetX):   Grid extent:
INFO (CarpetX):     gsh=[71,15,15]
INFO (CarpetX):     blocking_factor=[8,8,8]
INFO (CarpetX):     max_grid_size=[10000000,10000000,10000000]
INFO (CarpetX):     max_tile_size=[1024000,16,32]
INFO (CarpetX):   Domain extent:
INFO (CarpetX):     xmin=[-0.5,-0.0625,-0.0625]
INFO (CarpetX):     xmax=[0.5,0.0625,0.0625]
INFO (CarpetX):     base dx=[0.015625,0.015625,0.015625]
INFO (CarpetX): Initializing level 0...
INFO (CanudaX_ExactID): Begin Gauge Wave initial data
INFO (CanudaX_ExactID): === End gauge wave initial data ===
INFO (CarpetX): Regridding...
INFO (CarpetX):   level 0: 1 boxes, 4096 cells (100%)
INFO (CarpetX): Initialized 1 levels
INFO (CarpetX): OutputGH: iteration 0, time 0.000000, run time 1 s
INFO (CarpetX): OutputGH done.
INFO (CarpetX): Starting evolution...
INFO (ODESolvers): ODE integrator is RK4
INFO (CarpetX): OutputGH: iteration 1, time 0.003906, run time 1 s
INFO (CarpetX): OutputGH done.
INFO (CarpetX): Simulation time: 0.00390625   Iterations per second: 21.2689   Simulation time per second: 0.0830815
INFO (CarpetX): Grid cells: 4096   Grid cell updates per second: 87117.2
INFO (CarpetX): Performance:
INFO (CarpetX):   total evolution time:            0.0470171 sec
INFO (CarpetX):   total evolution compute time:    0.047008 sec
INFO (CarpetX):   total evolution output time:     9.05991e-06 sec
INFO (CarpetX):   total iterations:                1
INFO (CarpetX):   total cells updated:             4096
INFO (CarpetX):   average iterations per second: 21.2689
INFO (CarpetX):   average cell updates per second: 87117.2
INFO (CarpetX): OutputGH: iteration 2, time 0.007812, run time 1 s
INFO (CarpetX): OutputGH done.
INFO (CarpetX): Simulation time: 0.0078125   Iterations per second: 21.9664   Simulation time per second: 0.0858064
INFO (CarpetX): Grid cells: 4096   Grid cell updates per second: 89974.5
INFO (CarpetX): Performance:
INFO (CarpetX):   total evolution time:            0.091048 sec
INFO (CarpetX):   total evolution compute time:    0.0910308 sec
INFO (CarpetX):   total evolution output time:     1.71661e-05 sec
INFO (CarpetX):   total iterations:                2
INFO (CarpetX):   total cells updated:             8192
INFO (CarpetX):   average iterations per second: 21.9664
INFO (CarpetX):   average cell updates per second: 89974.5
INFO (CarpetX): OutputGH: iteration 3, time 0.011719, run time 1 s
INFO (CarpetX): OutputGH done.
INFO (CarpetX): Simulation time: 0.0117188   Iterations per second: 22.2342   Simulation time per second: 0.0868525
INFO (CarpetX): Grid cells: 4096   Grid cell updates per second: 91071.4
INFO (CarpetX): Performance:
INFO (CarpetX):   total evolution time:            0.134927 sec
INFO (CarpetX):   total evolution compute time:    0.1349 sec
INFO (CarpetX):   total evolution output time:     2.71797e-05 sec
INFO (CarpetX):   total iterations:                3
INFO (CarpetX):   total cells updated:             12288
INFO (CarpetX):   average iterations per second: 22.2342
INFO (CarpetX):   average cell updates per second: 91071.4
INFO (CarpetX): OutputGH: iteration 4, time 0.015625, run time 1 s
INFO (CarpetX): OutputGH done.
INFO (CarpetX): Simulation time: 0.015625   Iterations per second: 22.3938   Simulation time per second: 0.0874757
INFO (CarpetX): Grid cells: 4096   Grid cell updates per second: 91724.9
INFO (CarpetX): Performance:
INFO (CarpetX):   total evolution time:            0.178621 sec
INFO (CarpetX):   total evolution compute time:    0.178586 sec
INFO (CarpetX):   total evolution output time:     3.52859e-05 sec
INFO (CarpetX):   total iterations:                4
INFO (CarpetX):   total cells updated:             16384
INFO (CarpetX):   average iterations per second: 22.3938
INFO (CarpetX):   average cell updates per second: 91724.9
INFO (CarpetX): OutputGH: iteration 5, time 0.019531, run time 1 s
INFO (CarpetX): OutputGH done.
INFO (CarpetX): Simulation time: 0.0195312   Iterations per second: 22.4663   Simulation time per second: 0.0877591
INFO (CarpetX): Grid cells: 4096   Grid cell updates per second: 92022.1
INFO (CarpetX): Performance:
INFO (CarpetX):   total evolution time:            0.222555 sec
INFO (CarpetX):   total evolution compute time:    0.222504 sec
INFO (CarpetX):   total evolution output time:     5.14984e-05 sec
INFO (CarpetX):   total iterations:                5
INFO (CarpetX):   total cells updated:             20480
INFO (CarpetX):   average iterations per second: 22.4663
INFO (CarpetX):   average cell updates per second: 92022.1
INFO (CarpetX): OutputGH: iteration 6, time 0.023438, run time 1 s
INFO (CarpetX): OutputGH done.
INFO (CarpetX): Simulation time: 0.0234375   Iterations per second: 22.5317   Simulation time per second: 0.0880146
INFO (CarpetX): Grid cells: 4096   Grid cell updates per second: 92290
INFO (CarpetX): Performance:
INFO (CarpetX):   total evolution time:            0.266291 sec
INFO (CarpetX):   total evolution compute time:    0.266232 sec
INFO (CarpetX):   total evolution output time:     5.96046e-05 sec
INFO (CarpetX):   total iterations:                6
INFO (CarpetX):   total cells updated:             24576
INFO (CarpetX):   average iterations per second: 22.5317
INFO (CarpetX):   average cell updates per second: 92290
INFO (CarpetX): OutputGH: iteration 7, time 0.027344, run time 1 s
INFO (CarpetX): OutputGH done.
INFO (CarpetX): Simulation time: 0.0273438   Iterations per second: 22.6079   Simulation time per second: 0.0883122
INFO (CarpetX): Grid cells: 4096   Grid cell updates per second: 92602
INFO (CarpetX): Performance:
INFO (CarpetX):   total evolution time:            0.309626 sec
INFO (CarpetX):   total evolution compute time:    0.309561 sec
INFO (CarpetX):   total evolution output time:     6.55651e-05 sec
INFO (CarpetX):   total iterations:                7
INFO (CarpetX):   total cells updated:             28672
INFO (CarpetX):   average iterations per second: 22.6079
INFO (CarpetX):   average cell updates per second: 92602
INFO (CarpetX): OutputGH: iteration 8, time 0.031250, run time 1 s
INFO (CarpetX): OutputGH done.
INFO (CarpetX): Simulation time: 0.03125   Iterations per second: 22.6551   Simulation time per second: 0.0884965
INFO (CarpetX): Grid cells: 4096   Grid cell updates per second: 92795.3
INFO (CarpetX): Performance:
INFO (CarpetX):   total evolution time:            0.353121 sec
INFO (CarpetX):   total evolution compute time:    0.353049 sec
INFO (CarpetX):   total evolution output time:     7.27177e-05 sec
INFO (CarpetX):   total iterations:                8
INFO (CarpetX):   total cells updated:             32768
INFO (CarpetX):   average iterations per second: 22.6551
INFO (CarpetX):   average cell updates per second: 92795.3
INFO (CarpetX): OutputGH: iteration 9, time 0.035156, run time 1 s
INFO (CarpetX): OutputGH done.
INFO (CarpetX): Simulation time: 0.0351562   Iterations per second: 22.7045   Simulation time per second: 0.0886896
INFO (CarpetX): Grid cells: 4096   Grid cell updates per second: 92997.8
INFO (CarpetX): Performance:
INFO (CarpetX):   total evolution time:            0.396396 sec
INFO (CarpetX):   total evolution compute time:    0.396318 sec
INFO (CarpetX):   total evolution output time:     7.86781e-05 sec
INFO (CarpetX):   total iterations:                9
INFO (CarpetX):   total cells updated:             36864
INFO (CarpetX):   average iterations per second: 22.7045
INFO (CarpetX):   average cell updates per second: 92997.8
INFO (CarpetX): OutputGH: iteration 10, time 0.039062, run time 1 s
INFO (CarpetX): OutputGH done.
INFO (CarpetX): Simulation time: 0.0390625   Iterations per second: 22.7221   Simulation time per second: 0.0887581
INFO (CarpetX): Grid cells: 4096   Grid cell updates per second: 93069.7
INFO (CarpetX): Performance:
INFO (CarpetX):   total evolution time:            0.4401 sec
INFO (CarpetX):   total evolution compute time:    0.44 sec
INFO (CarpetX):   total evolution output time:     0.000100613 sec
INFO (CarpetX):   total iterations:                10
INFO (CarpetX):   total cells updated:             40960
INFO (CarpetX):   average iterations per second: 22.7221
INFO (CarpetX):   average cell updates per second: 93069.7
INFO (CarpetX): OutputGH: iteration 11, time 0.042969, run time 2 s
INFO (CarpetX): OutputGH done.
INFO (CarpetX): Simulation time: 0.0429688   Iterations per second: 22.7515   Simulation time per second: 0.0888729
INFO (CarpetX): Grid cells: 4096   Grid cell updates per second: 93189.9
INFO (CarpetX): Performance:
INFO (CarpetX):   total evolution time:            0.483542 sec
INFO (CarpetX):   total evolution compute time:    0.483435 sec
INFO (CarpetX):   total evolution output time:     0.000107527 sec
INFO (CarpetX):   total iterations:                11
INFO (CarpetX):   total cells updated:             45056
INFO (CarpetX):   average iterations per second: 22.7488
INFO (CarpetX):   average cell updates per second: 93179
INFO (CarpetX): OutputGH: iteration 12, time 0.046875, run time 2 s
INFO (CarpetX): OutputGH done.
INFO (CarpetX): Simulation time: 0.046875   Iterations per second: 22.7758   Simulation time per second: 0.0889678
INFO (CarpetX): Grid cells: 4096   Grid cell updates per second: 93289.5
INFO (CarpetX): Performance:
INFO (CarpetX):   total evolution time:            0.527026 sec
INFO (CarpetX):   total evolution compute time:    0.526912 sec
INFO (CarpetX):   total evolution output time:     0.000114441 sec
INFO (CarpetX):   total iterations:                12
INFO (CarpetX):   total cells updated:             49152
INFO (CarpetX):   average iterations per second: 22.7693
INFO (CarpetX):   average cell updates per second: 93262.9
INFO (CarpetX): OutputGH: iteration 13, time 0.050781, run time 2 s
INFO (CarpetX): OutputGH done.
INFO (CarpetX): Simulation time: 0.0507812   Iterations per second: 22.7934   Simulation time per second: 0.0890369
INFO (CarpetX): Grid cells: 4096   Grid cell updates per second: 93361.9
INFO (CarpetX): Performance:
INFO (CarpetX):   total evolution time:            0.570592 sec
INFO (CarpetX):   total evolution compute time:    0.57047 sec
INFO (CarpetX):   total evolution output time:     0.000122547 sec
INFO (CarpetX):   total iterations:                13
INFO (CarpetX):   total cells updated:             53248
INFO (CarpetX):   average iterations per second: 22.7833
INFO (CarpetX):   average cell updates per second: 93320.6
INFO (CarpetX): OutputGH: iteration 14, time 0.054688, run time 2 s
INFO (CarpetX): OutputGH done.
INFO (CarpetX): Simulation time: 0.0546875   Iterations per second: 22.8172   Simulation time per second: 0.0891298
INFO (CarpetX): Grid cells: 4096   Grid cell updates per second: 93459.4
INFO (CarpetX): Performance:
INFO (CarpetX):   total evolution time:            0.614007 sec
INFO (CarpetX):   total evolution compute time:    0.613876 sec
INFO (CarpetX):   total evolution output time:     0.000131607 sec
INFO (CarpetX):   total iterations:                14
INFO (CarpetX):   total cells updated:             57344
INFO (CarpetX):   average iterations per second: 22.801
INFO (CarpetX):   average cell updates per second: 93393
INFO (CarpetX): OutputGH: iteration 15, time 0.058594, run time 2 s
INFO (CarpetX): OutputGH done.
INFO (CarpetX): Simulation time: 0.0585938   Iterations per second: 22.6897   Simulation time per second: 0.0886318
INFO (CarpetX): Grid cells: 4096   Grid cell updates per second: 92937.2
INFO (CarpetX): Performance:
INFO (CarpetX):   total evolution time:            0.660296 sec
INFO (CarpetX):   total evolution compute time:    0.660157 sec
INFO (CarpetX):   total evolution output time:     0.000139475 sec
INFO (CarpetX):   total iterations:                15
INFO (CarpetX):   total cells updated:             61440
INFO (CarpetX):   average iterations per second: 22.7171
INFO (CarpetX):   average cell updates per second: 93049.1
INFO (CarpetX): OutputGH: iteration 16, time 0.062500, run time 2 s
INFO (CarpetX): OutputGH done.
INFO (CarpetX): Simulation time: 0.0625   Iterations per second: 22.7212   Simulation time per second: 0.0887546
INFO (CarpetX): Grid cells: 4096   Grid cell updates per second: 93066
INFO (CarpetX): Performance:
INFO (CarpetX):   total evolution time:            0.703759 sec
INFO (CarpetX):   total evolution compute time:    0.703612 sec
INFO (CarpetX):   total evolution output time:     0.000147343 sec
INFO (CarpetX):   total iterations:                16
INFO (CarpetX):   total cells updated:             65536
INFO (CarpetX):   average iterations per second: 22.735
INFO (CarpetX):   average cell updates per second: 93122.8
INFO (CarpetX): OutputGH: iteration 17, time 0.066406, run time 2 s
INFO (CarpetX): OutputGH done.
INFO (CarpetX): Simulation time: 0.0664062   Iterations per second: 22.7597   Simulation time per second: 0.0889051
INFO (CarpetX): Grid cells: 4096   Grid cell updates per second: 93223.7
INFO (CarpetX): Performance:
INFO (CarpetX):   total evolution time:            0.747026 sec
INFO (CarpetX):   total evolution compute time:    0.746873 sec
INFO (CarpetX):   total evolution output time:     0.000153303 sec
INFO (CarpetX):   total iterations:                17
INFO (CarpetX):   total cells updated:             69632
INFO (CarpetX):   average iterations per second: 22.7569
INFO (CarpetX):   average cell updates per second: 93212.3
INFO (CarpetX): OutputGH: iteration 18, time 0.070312, run time 2 s
INFO (CarpetX): OutputGH done.
INFO (CarpetX): Simulation time: 0.0703125   Iterations per second: 22.7899   Simulation time per second: 0.089023
INFO (CarpetX): Grid cells: 4096   Grid cell updates per second: 93347.4
INFO (CarpetX): Performance:
INFO (CarpetX):   total evolution time:            0.790381 sec
INFO (CarpetX):   total evolution compute time:    0.790221 sec
INFO (CarpetX):   total evolution output time:     0.000160456 sec
INFO (CarpetX):   total iterations:                18
INFO (CarpetX):   total cells updated:             73728
INFO (CarpetX):   average iterations per second: 22.7738
INFO (CarpetX):   average cell updates per second: 93281.6
INFO (CarpetX): OutputGH: iteration 19, time 0.074219, run time 2 s
INFO (CarpetX): OutputGH done.
INFO (CarpetX): Simulation time: 0.0742188   Iterations per second: 22.8163   Simulation time per second: 0.089126
INFO (CarpetX): Grid cells: 4096   Grid cell updates per second: 93455.4
INFO (CarpetX): Performance:
INFO (CarpetX):   total evolution time:            0.833753 sec
INFO (CarpetX):   total evolution compute time:    0.833585 sec
INFO (CarpetX):   total evolution output time:     0.000168562 sec
INFO (CarpetX):   total iterations:                19
INFO (CarpetX):   total cells updated:             77824
INFO (CarpetX):   average iterations per second: 22.7885
INFO (CarpetX):   average cell updates per second: 93341.8
INFO (CarpetX): OutputGH: iteration 20, time 0.078125, run time 2 s
INFO (CarpetX): OutputGH done.
INFO (CarpetX): Simulation time: 0.078125   Iterations per second: 22.8372   Simulation time per second: 0.0892077
INFO (CarpetX): Grid cells: 4096   Grid cell updates per second: 93541
INFO (CarpetX): Performance:
INFO (CarpetX):   total evolution time:            0.877181 sec
INFO (CarpetX):   total evolution compute time:    0.877004 sec
INFO (CarpetX):   total evolution output time:     0.000176668 sec
INFO (CarpetX):   total iterations:                20
INFO (CarpetX):   total cells updated:             81920
INFO (CarpetX):   average iterations per second: 22.8003
INFO (CarpetX):   average cell updates per second: 93390.1
INFO (CarpetX): OutputGH: iteration 21, time 0.082031, run time 2 s
INFO (CarpetX): OutputGH done.
INFO (CarpetX): Simulation time: 0.0820312   Iterations per second: 22.7901   Simulation time per second: 0.0890237
INFO (CarpetX): Grid cells: 4096   Grid cell updates per second: 93348.1
INFO (CarpetX): Performance:
INFO (CarpetX):   total evolution time:            0.921874 sec
INFO (CarpetX):   total evolution compute time:    0.921689 sec
INFO (CarpetX):   total evolution output time:     0.000184774 sec
INFO (CarpetX):   total iterations:                21
INFO (CarpetX):   total cells updated:             86016
INFO (CarpetX):   average iterations per second: 22.7797
INFO (CarpetX):   average cell updates per second: 93305.6
INFO (CarpetX): OutputGH: iteration 22, time 0.085938, run time 2 s
INFO (CarpetX): OutputGH done.
INFO (CarpetX): Simulation time: 0.0859375   Iterations per second: 22.7883   Simulation time per second: 0.0890169
INFO (CarpetX): Grid cells: 4096   Grid cell updates per second: 93341
INFO (CarpetX): Performance:
INFO (CarpetX):   total evolution time:            0.965786 sec
INFO (CarpetX):   total evolution compute time:    0.965592 sec
INFO (CarpetX):   total evolution output time:     0.000193596 sec
INFO (CarpetX):   total iterations:                22
INFO (CarpetX):   total cells updated:             90112
INFO (CarpetX):   average iterations per second: 22.7794
INFO (CarpetX):   average cell updates per second: 93304.3
INFO (CarpetX): OutputGH: iteration 23, time 0.089844, run time 2 s
INFO (CarpetX): OutputGH done.
INFO (CarpetX): Simulation time: 0.0898438   Iterations per second: 22.7892   Simulation time per second: 0.0890203
INFO (CarpetX): Grid cells: 4096   Grid cell updates per second: 93344.6
INFO (CarpetX): Performance:
INFO (CarpetX):   total evolution time:            1.00965 sec
INFO (CarpetX):   total evolution compute time:    1.00945 sec
INFO (CarpetX):   total evolution output time:     0.000202656 sec
INFO (CarpetX):   total iterations:                23
INFO (CarpetX):   total cells updated:             94208
INFO (CarpetX):   average iterations per second: 22.7801
INFO (CarpetX):   average cell updates per second: 93307.5
INFO (CarpetX): OutputGH: iteration 24, time 0.093750, run time 2 s
INFO (CarpetX): OutputGH done.
INFO (CarpetX): Simulation time: 0.09375   Iterations per second: 22.8039   Simulation time per second: 0.0890778
INFO (CarpetX): Grid cells: 4096   Grid cell updates per second: 93404.9
INFO (CarpetX): Performance:
INFO (CarpetX):   total evolution time:            1.05325 sec
INFO (CarpetX):   total evolution compute time:    1.05304 sec
INFO (CarpetX):   total evolution output time:     0.00020957 sec
INFO (CarpetX):   total iterations:                24
INFO (CarpetX):   total cells updated:             98304
INFO (CarpetX):   average iterations per second: 22.7866
INFO (CarpetX):   average cell updates per second: 93334.1
INFO (CarpetX): OutputGH: iteration 25, time 0.097656, run time 2 s
INFO (CarpetX): OutputGH done.
INFO (CarpetX): Simulation time: 0.0976562   Iterations per second: 22.8096   Simulation time per second: 0.0891002
INFO (CarpetX): Grid cells: 4096   Grid cell updates per second: 93428.3
INFO (CarpetX): Performance:
INFO (CarpetX):   total evolution time:            1.09699 sec
INFO (CarpetX):   total evolution compute time:    1.09677 sec
INFO (CarpetX):   total evolution output time:     0.000216722 sec
INFO (CarpetX):   total iterations:                25
INFO (CarpetX):   total cells updated:             102400
INFO (CarpetX):   average iterations per second: 22.7896
INFO (CarpetX):   average cell updates per second: 93346.3
INFO (CarpetX): OutputGH: iteration 26, time 0.101562, run time 2 s
INFO (CarpetX): OutputGH done.
INFO (CarpetX): Simulation time: 0.101562   Iterations per second: 22.8227   Simulation time per second: 0.089151
INFO (CarpetX): Grid cells: 4096   Grid cell updates per second: 93481.6
INFO (CarpetX): Performance:
INFO (CarpetX):   total evolution time:            1.14058 sec
INFO (CarpetX):   total evolution compute time:    1.14036 sec
INFO (CarpetX):   total evolution output time:     0.00022459 sec
INFO (CarpetX):   total iterations:                26
INFO (CarpetX):   total cells updated:             106496
INFO (CarpetX):   average iterations per second: 22.7954
INFO (CarpetX):   average cell updates per second: 93369.9
INFO (CarpetX): OutputGH: iteration 27, time 0.105469, run time 2 s
INFO (CarpetX): OutputGH done.
INFO (CarpetX): Simulation time: 0.105469   Iterations per second: 22.8338   Simulation time per second: 0.0891944
INFO (CarpetX): Grid cells: 4096   Grid cell updates per second: 93527.1
INFO (CarpetX): Performance:
INFO (CarpetX):   total evolution time:            1.18418 sec
INFO (CarpetX):   total evolution compute time:    1.18395 sec
INFO (CarpetX):   total evolution output time:     0.000232697 sec
INFO (CarpetX):   total iterations:                27
INFO (CarpetX):   total cells updated:             110592
INFO (CarpetX):   average iterations per second: 22.8005
INFO (CarpetX):   average cell updates per second: 93390.8
INFO (CarpetX): OutputGH: iteration 28, time 0.109375, run time 2 s
INFO (CarpetX): OutputGH done.
INFO (CarpetX): Simulation time: 0.109375   Iterations per second: 22.8437   Simulation time per second: 0.0892333
INFO (CarpetX): Grid cells: 4096   Grid cell updates per second: 93567.9
INFO (CarpetX): Performance:
INFO (CarpetX):   total evolution time:            1.22779 sec
INFO (CarpetX):   total evolution compute time:    1.22755 sec
INFO (CarpetX):   total evolution output time:     0.000239611 sec
INFO (CarpetX):   total iterations:                28
INFO (CarpetX):   total cells updated:             114688
INFO (CarpetX):   average iterations per second: 22.8052
INFO (CarpetX):   average cell updates per second: 93410.2
INFO (CarpetX): OutputGH: iteration 29, time 0.113281, run time 2 s
INFO (CarpetX): OutputGH done.
INFO (CarpetX): Simulation time: 0.113281   Iterations per second: 22.8467   Simulation time per second: 0.0892449
INFO (CarpetX): Grid cells: 4096   Grid cell updates per second: 93580.1
INFO (CarpetX): Performance:
INFO (CarpetX):   total evolution time:            1.27151 sec
INFO (CarpetX):   total evolution compute time:    1.27126 sec
INFO (CarpetX):   total evolution output time:     0.000246525 sec
INFO (CarpetX):   total iterations:                29
INFO (CarpetX):   total cells updated:             118784
INFO (CarpetX):   average iterations per second: 22.8076
INFO (CarpetX):   average cell updates per second: 93419.8
INFO (CarpetX): OutputGH: iteration 30, time 0.117188, run time 2 s
INFO (CarpetX): OutputGH done.
INFO (CarpetX): Simulation time: 0.117188   Iterations per second: 22.8606   Simulation time per second: 0.0892992
INFO (CarpetX): Grid cells: 4096   Grid cell updates per second: 93637
INFO (CarpetX): Performance:
INFO (CarpetX):   total evolution time:            1.31501 sec
INFO (CarpetX):   total evolution compute time:    1.31476 sec
INFO (CarpetX):   total evolution output time:     0.000253439 sec
INFO (CarpetX):   total iterations:                30
INFO (CarpetX):   total cells updated:             122880
INFO (CarpetX):   average iterations per second: 22.8135
INFO (CarpetX):   average cell updates per second: 93444.1
INFO (CarpetX): OutputGH: iteration 31, time 0.121094, run time 2 s
INFO (CarpetX): OutputGH done.
INFO (CarpetX): Simulation time: 0.121094   Iterations per second: 22.8579   Simulation time per second: 0.0892887
INFO (CarpetX): Grid cells: 4096   Grid cell updates per second: 93626
INFO (CarpetX): Performance:
INFO (CarpetX):   total evolution time:            1.35881 sec
INFO (CarpetX):   total evolution compute time:    1.35855 sec
INFO (CarpetX):   total evolution output time:     0.000260353 sec
INFO (CarpetX):   total iterations:                31
INFO (CarpetX):   total cells updated:             126976
INFO (CarpetX):   average iterations per second: 22.8141
INFO (CarpetX):   average cell updates per second: 93446.7
INFO (CarpetX): OutputGH: iteration 32, time 0.125000, run time 2 s
INFO (CarpetX): OutputGH done.
INFO (CarpetX): Simulation time: 0.125   Iterations per second: 22.8712   Simulation time per second: 0.0893407
INFO (CarpetX): Grid cells: 4096   Grid cell updates per second: 93680.5
INFO (CarpetX): Performance:
INFO (CarpetX):   total evolution time:            1.4023 sec
INFO (CarpetX):   total evolution compute time:    1.40203 sec
INFO (CarpetX):   total evolution output time:     0.000267267 sec
INFO (CarpetX):   total iterations:                32
INFO (CarpetX):   total cells updated:             131072
INFO (CarpetX):   average iterations per second: 22.8197
INFO (CarpetX):   average cell updates per second: 93469.3
INFO (CarpetX): OutputGH: iteration 33, time 0.128906, run time 2 s
INFO (CarpetX): OutputGH done.
INFO (CarpetX): Simulation time: 0.128906   Iterations per second: 22.8941   Simulation time per second: 0.0894302
INFO (CarpetX): Grid cells: 4096   Grid cell updates per second: 93774.4
INFO (CarpetX): Performance:
INFO (CarpetX):   total evolution time:            1.44559 sec
INFO (CarpetX):   total evolution compute time:    1.44531 sec
INFO (CarpetX):   total evolution output time:     0.00027442 sec
INFO (CarpetX):   total iterations:                33
INFO (CarpetX):   total cells updated:             135168
INFO (CarpetX):   average iterations per second: 22.8281
INFO (CarpetX):   average cell updates per second: 93504
INFO (CarpetX): OutputGH: iteration 34, time 0.132812, run time 3 s
INFO (CarpetX): OutputGH done.
INFO (CarpetX): Simulation time: 0.132812   Iterations per second: 22.9191   Simulation time per second: 0.0895278
INFO (CarpetX): Grid cells: 4096   Grid cell updates per second: 93876.7
INFO (CarpetX): Performance:
INFO (CarpetX):   total evolution time:            1.48879 sec
INFO (CarpetX):   total evolution compute time:    1.48851 sec
INFO (CarpetX):   total evolution output time:     0.00028038 sec
INFO (CarpetX):   total iterations:                34
INFO (CarpetX):   total cells updated:             139264
INFO (CarpetX):   average iterations per second: 22.8374
INFO (CarpetX):   average cell updates per second: 93541.8
INFO (CarpetX): OutputGH: iteration 35, time 0.136719, run time 3 s
INFO (CarpetX): OutputGH done.
INFO (CarpetX): Simulation time: 0.136719   Iterations per second: 22.9389   Simulation time per second: 0.089605
INFO (CarpetX): Grid cells: 4096   Grid cell updates per second: 93957.6
INFO (CarpetX): Performance:
INFO (CarpetX):   total evolution time:            1.53204 sec
INFO (CarpetX):   total evolution compute time:    1.53176 sec
INFO (CarpetX):   total evolution output time:     0.000288486 sec
INFO (CarpetX):   total iterations:                35
INFO (CarpetX):   total cells updated:             143360
INFO (CarpetX):   average iterations per second: 22.8453
INFO (CarpetX):   average cell updates per second: 93574.3
INFO (CarpetX): OutputGH: iteration 36, time 0.140625, run time 3 s
INFO (CarpetX): OutputGH done.
INFO (CarpetX): Simulation time: 0.140625   Iterations per second: 22.9481   Simulation time per second: 0.0896412
INFO (CarpetX): Grid cells: 4096   Grid cell updates per second: 93995.6
INFO (CarpetX): Performance:
INFO (CarpetX):   total evolution time:            1.57546 sec
INFO (CarpetX):   total evolution compute time:    1.57517 sec
INFO (CarpetX):   total evolution output time:     0.000295401 sec
INFO (CarpetX):   total iterations:                36
INFO (CarpetX):   total cells updated:             147456
INFO (CarpetX):   average iterations per second: 22.8504
INFO (CarpetX):   average cell updates per second: 93595.4
INFO (CarpetX): OutputGH: iteration 37, time 0.144531, run time 3 s
INFO (CarpetX): OutputGH done.
INFO (CarpetX): Simulation time: 0.144531   Iterations per second: 22.9471   Simulation time per second: 0.0896369
INFO (CarpetX): Grid cells: 4096   Grid cell updates per second: 93991.1
INFO (CarpetX): Performance:
INFO (CarpetX):   total evolution time:            1.61906 sec
INFO (CarpetX):   total evolution compute time:    1.61876 sec
INFO (CarpetX):   total evolution output time:     0.000302315 sec
INFO (CarpetX):   total iterations:                37
INFO (CarpetX):   total cells updated:             151552
INFO (CarpetX):   average iterations per second: 22.8528
INFO (CarpetX):   average cell updates per second: 93605
INFO (CarpetX): OutputGH: iteration 38, time 0.148438, run time 3 s
INFO (CarpetX): OutputGH done.
INFO (CarpetX): Simulation time: 0.148438   Iterations per second: 22.9446   Simulation time per second: 0.0896272
INFO (CarpetX): Grid cells: 4096   Grid cell updates per second: 93981
INFO (CarpetX): Performance:
INFO (CarpetX):   total evolution time:            1.66269 sec
INFO (CarpetX):   total evolution compute time:    1.66238 sec
INFO (CarpetX):   total evolution output time:     0.000309229 sec
INFO (CarpetX):   total iterations:                38
INFO (CarpetX):   total cells updated:             155648
INFO (CarpetX):   average iterations per second: 22.8546
INFO (CarpetX):   average cell updates per second: 93612.4
INFO (CarpetX): OutputGH: iteration 39, time 0.152344, run time 3 s
INFO (CarpetX): OutputGH done.
INFO (CarpetX): Simulation time: 0.152344   Iterations per second: 22.9209   Simulation time per second: 0.0895348
INFO (CarpetX): Grid cells: 4096   Grid cell updates per second: 93884.1
INFO (CarpetX): Performance:
INFO (CarpetX):   total evolution time:            1.70672 sec
INFO (CarpetX):   total evolution compute time:    1.7064 sec
INFO (CarpetX):   total evolution output time:     0.000318289 sec
INFO (CarpetX):   total iterations:                39
INFO (CarpetX):   total cells updated:             159744
INFO (CarpetX):   average iterations per second: 22.8509
INFO (CarpetX):   average cell updates per second: 93597.2
INFO (CarpetX): OutputGH: iteration 40, time 0.156250, run time 3 s
INFO (CarpetX): OutputGH done.
INFO (CarpetX): Simulation time: 0.15625   Iterations per second: 22.9207   Simulation time per second: 0.0895341
INFO (CarpetX): Grid cells: 4096   Grid cell updates per second: 93883.3
INFO (CarpetX): Performance:
INFO (CarpetX):   total evolution time:            1.75035 sec
INFO (CarpetX):   total evolution compute time:    1.75002 sec
INFO (CarpetX):   total evolution output time:     0.000326157 sec
INFO (CarpetX):   total iterations:                40
INFO (CarpetX):   total cells updated:             163840
INFO (CarpetX):   average iterations per second: 22.8526
INFO (CarpetX):   average cell updates per second: 93604.1
INFO (CarpetX): OutputGH: iteration 41, time 0.160156, run time 3 s
INFO (CarpetX): OutputGH done.
INFO (CarpetX): Simulation time: 0.160156   Iterations per second: 22.9236   Simulation time per second: 0.0895453
INFO (CarpetX): Grid cells: 4096   Grid cell updates per second: 93895
INFO (CarpetX): Performance:
INFO (CarpetX):   total evolution time:            1.79392 sec
INFO (CarpetX):   total evolution compute time:    1.79359 sec
INFO (CarpetX):   total evolution output time:     0.000333071 sec
INFO (CarpetX):   total iterations:                41
INFO (CarpetX):   total cells updated:             167936
INFO (CarpetX):   average iterations per second: 22.8549
INFO (CarpetX):   average cell updates per second: 93613.7
INFO (CarpetX): OutputGH: iteration 42, time 0.164062, run time 3 s
INFO (CarpetX): OutputGH done.
INFO (CarpetX): Simulation time: 0.164062   Iterations per second: 22.9226   Simulation time per second: 0.0895414
INFO (CarpetX): Grid cells: 4096   Grid cell updates per second: 93890.9
INFO (CarpetX): Performance:
INFO (CarpetX):   total evolution time:            1.83757 sec
INFO (CarpetX):   total evolution compute time:    1.83723 sec
INFO (CarpetX):   total evolution output time:     0.000341177 sec
INFO (CarpetX):   total iterations:                42
INFO (CarpetX):   total cells updated:             172032
INFO (CarpetX):   average iterations per second: 22.8563
INFO (CarpetX):   average cell updates per second: 93619.5
INFO (CarpetX): OutputGH: iteration 43, time 0.167969, run time 3 s
INFO (CarpetX): OutputGH done.
INFO (CarpetX): Simulation time: 0.167969   Iterations per second: 22.9026   Simulation time per second: 0.0894631
INFO (CarpetX): Grid cells: 4096   Grid cell updates per second: 93808.9
INFO (CarpetX): Performance:
INFO (CarpetX):   total evolution time:            1.88157 sec
INFO (CarpetX):   total evolution compute time:    1.88123 sec
INFO (CarpetX):   total evolution output time:     0.000348091 sec
INFO (CarpetX):   total iterations:                43
INFO (CarpetX):   total cells updated:             176128
INFO (CarpetX):   average iterations per second: 22.8532
INFO (CarpetX):   average cell updates per second: 93606.8
INFO (CarpetX): OutputGH: iteration 44, time 0.171875, run time 3 s
INFO (CarpetX): OutputGH done.
INFO (CarpetX): Simulation time: 0.171875   Iterations per second: 22.8744   Simulation time per second: 0.0893533
INFO (CarpetX): Grid cells: 4096   Grid cell updates per second: 93693.7
INFO (CarpetX): Performance:
INFO (CarpetX):   total evolution time:            1.92577 sec
INFO (CarpetX):   total evolution compute time:    1.92542 sec
INFO (CarpetX):   total evolution output time:     0.000358105 sec
INFO (CarpetX):   total iterations:                44
INFO (CarpetX):   total cells updated:             180224
INFO (CarpetX):   average iterations per second: 22.848
INFO (CarpetX):   average cell updates per second: 93585.3
INFO (CarpetX): OutputGH: iteration 45, time 0.175781, run time 3 s
INFO (CarpetX): OutputGH done.
INFO (CarpetX): Simulation time: 0.175781   Iterations per second: 22.8804   Simulation time per second: 0.0893765
INFO (CarpetX): Grid cells: 4096   Grid cell updates per second: 93718.1
INFO (CarpetX): Performance:
INFO (CarpetX):   total evolution time:            1.96938 sec
INFO (CarpetX):   total evolution compute time:    1.96901 sec
INFO (CarpetX):   total evolution output time:     0.000366211 sec
INFO (CarpetX):   total iterations:                45
INFO (CarpetX):   total cells updated:             184320
INFO (CarpetX):   average iterations per second: 22.8499
INFO (CarpetX):   average cell updates per second: 93593.1
INFO (CarpetX): OutputGH: iteration 46, time 0.179688, run time 3 s
INFO (CarpetX): OutputGH done.
INFO (CarpetX): Simulation time: 0.179688   Iterations per second: 22.8729   Simulation time per second: 0.0893474
INFO (CarpetX): Grid cells: 4096   Grid cell updates per second: 93687.5
INFO (CarpetX): Performance:
INFO (CarpetX):   total evolution time:            2.01322 sec
INFO (CarpetX):   total evolution compute time:    2.01285 sec
INFO (CarpetX):   total evolution output time:     0.000373125 sec
INFO (CarpetX):   total iterations:                46
INFO (CarpetX):   total cells updated:             188416
INFO (CarpetX):   average iterations per second: 22.8489
INFO (CarpetX):   average cell updates per second: 93589.2
INFO (CarpetX): OutputGH: iteration 47, time 0.183594, run time 3 s
INFO (CarpetX): OutputGH done.
INFO (CarpetX): Simulation time: 0.183594   Iterations per second: 22.881   Simulation time per second: 0.0893788
INFO (CarpetX): Grid cells: 4096   Grid cell updates per second: 93720.5
INFO (CarpetX): Performance:
INFO (CarpetX):   total evolution time:            2.05679 sec
INFO (CarpetX):   total evolution compute time:    2.05641 sec
INFO (CarpetX):   total evolution output time:     0.000381231 sec
INFO (CarpetX):   total iterations:                47
INFO (CarpetX):   total cells updated:             192512
INFO (CarpetX):   average iterations per second: 22.8511
INFO (CarpetX):   average cell updates per second: 93598.3
INFO (CarpetX): OutputGH: iteration 48, time 0.187500, run time 3 s
INFO (CarpetX): OutputGH done.
INFO (CarpetX): Simulation time: 0.1875   Iterations per second: 22.8901   Simulation time per second: 0.0894145
INFO (CarpetX): Grid cells: 4096   Grid cell updates per second: 93757.9
INFO (CarpetX): Performance:
INFO (CarpetX):   total evolution time:            2.10032 sec
INFO (CarpetX):   total evolution compute time:    2.09993 sec
INFO (CarpetX):   total evolution output time:     0.000387192 sec
INFO (CarpetX):   total iterations:                48
INFO (CarpetX):   total cells updated:             196608
INFO (CarpetX):   average iterations per second: 22.8537
INFO (CarpetX):   average cell updates per second: 93608.6
INFO (CarpetX): OutputGH: iteration 49, time 0.191406, run time 3 s
INFO (CarpetX): OutputGH done.
INFO (CarpetX): Simulation time: 0.191406   Iterations per second: 22.8832   Simulation time per second: 0.0893873
INFO (CarpetX): Grid cells: 4096   Grid cell updates per second: 93729.4
INFO (CarpetX): Performance:
INFO (CarpetX):   total evolution time:            2.14414 sec
INFO (CarpetX):   total evolution compute time:    2.14373 sec
INFO (CarpetX):   total evolution output time:     0.000408173 sec
INFO (CarpetX):   total iterations:                49
INFO (CarpetX):   total cells updated:             200704
INFO (CarpetX):   average iterations per second: 22.853
INFO (CarpetX):   average cell updates per second: 93605.8
INFO (CarpetX): OutputGH: iteration 50, time 0.195312, run time 3 s
INFO (CarpetX): OutputGH done.
INFO (CarpetX): Simulation time: 0.195312   Iterations per second: 22.8902   Simulation time per second: 0.089415
INFO (CarpetX): Grid cells: 4096   Grid cell updates per second: 93758.4
INFO (CarpetX): Performance:
INFO (CarpetX):   total evolution time:            2.18771 sec
INFO (CarpetX):   total evolution compute time:    2.18729 sec
INFO (CarpetX):   total evolution output time:     0.000415325 sec
INFO (CarpetX):   total iterations:                50
INFO (CarpetX):   total cells updated:             204800
INFO (CarpetX):   average iterations per second: 22.855
INFO (CarpetX):   average cell updates per second: 93614.1
INFO (CarpetX): OutputGH: iteration 51, time 0.199219, run time 3 s
INFO (CarpetX): OutputGH done.
INFO (CarpetX): Simulation time: 0.199219   Iterations per second: 22.8994   Simulation time per second: 0.0894508
INFO (CarpetX): Grid cells: 4096   Grid cell updates per second: 93796
INFO (CarpetX): Performance:
INFO (CarpetX):   total evolution time:            2.23122 sec
INFO (CarpetX):   total evolution compute time:    2.2308 sec
INFO (CarpetX):   total evolution output time:     0.000420332 sec
INFO (CarpetX):   total iterations:                51
INFO (CarpetX):   total cells updated:             208896
INFO (CarpetX):   average iterations per second: 22.8575
INFO (CarpetX):   average cell updates per second: 93624.2
INFO (CarpetX): OutputGH: iteration 52, time 0.203125, run time 3 s
INFO (CarpetX): OutputGH done.
INFO (CarpetX): Simulation time: 0.203125   Iterations per second: 22.9134   Simulation time per second: 0.0895054
INFO (CarpetX): Grid cells: 4096   Grid cell updates per second: 93853.2
INFO (CarpetX): Performance:
INFO (CarpetX):   total evolution time:            2.27462 sec
INFO (CarpetX):   total evolution compute time:    2.27419 sec
INFO (CarpetX):   total evolution output time:     0.000426292 sec
INFO (CarpetX):   total iterations:                52
INFO (CarpetX):   total cells updated:             212992
INFO (CarpetX):   average iterations per second: 22.861
INFO (CarpetX):   average cell updates per second: 93638.5
INFO (CarpetX): OutputGH: iteration 53, time 0.207031, run time 3 s
INFO (CarpetX): OutputGH done.
INFO (CarpetX): Simulation time: 0.207031   Iterations per second: 22.9448   Simulation time per second: 0.0896281
INFO (CarpetX): Grid cells: 4096   Grid cell updates per second: 93981.9
INFO (CarpetX): Performance:
INFO (CarpetX):   total evolution time:            2.31767 sec
INFO (CarpetX):   total evolution compute time:    2.31723 sec
INFO (CarpetX):   total evolution output time:     0.000432491 sec
INFO (CarpetX):   total iterations:                53
INFO (CarpetX):   total cells updated:             217088
INFO (CarpetX):   average iterations per second: 22.8678
INFO (CarpetX):   average cell updates per second: 93666.7
INFO (CarpetX): OutputGH: iteration 54, time 0.210938, run time 3 s
INFO (CarpetX): OutputGH done.
INFO (CarpetX): Simulation time: 0.210938   Iterations per second: 22.9574   Simulation time per second: 0.0896775
INFO (CarpetX): Grid cells: 4096   Grid cell updates per second: 94033.6
INFO (CarpetX): Performance:
INFO (CarpetX):   total evolution time:            2.36101 sec
INFO (CarpetX):   total evolution compute time:    2.36057 sec
INFO (CarpetX):   total evolution output time:     0.000438452 sec
INFO (CarpetX):   total iterations:                54
INFO (CarpetX):   total cells updated:             221184
INFO (CarpetX):   average iterations per second: 22.8716
INFO (CarpetX):   average cell updates per second: 93682
INFO (CarpetX): OutputGH: iteration 55, time 0.214844, run time 3 s
INFO (CarpetX): OutputGH done.
INFO (CarpetX): Simulation time: 0.214844   Iterations per second: 22.9582   Simulation time per second: 0.0896803
INFO (CarpetX): Grid cells: 4096   Grid cell updates per second: 94036.6
INFO (CarpetX): Performance:
INFO (CarpetX):   total evolution time:            2.40455 sec
INFO (CarpetX):   total evolution compute time:    2.40411 sec
INFO (CarpetX):   total evolution output time:     0.000445366 sec
INFO (CarpetX):   total iterations:                55
INFO (CarpetX):   total cells updated:             225280
INFO (CarpetX):   average iterations per second: 22.8733
INFO (CarpetX):   average cell updates per second: 93688.9
INFO (CarpetX): OutputGH: iteration 56, time 0.218750, run time 3 s
INFO (CarpetX): OutputGH done.
INFO (CarpetX): Simulation time: 0.21875   Iterations per second: 22.971   Simulation time per second: 0.0897305
INFO (CarpetX): Grid cells: 4096   Grid cell updates per second: 94089.2
INFO (CarpetX): Performance:
INFO (CarpetX):   total evolution time:            2.44787 sec
INFO (CarpetX):   total evolution compute time:    2.44742 sec
INFO (CarpetX):   total evolution output time:     0.000451326 sec
INFO (CarpetX):   total iterations:                56
INFO (CarpetX):   total cells updated:             229376
INFO (CarpetX):   average iterations per second: 22.8771
INFO (CarpetX):   average cell updates per second: 93704.4
INFO (CarpetX): OutputGH: iteration 57, time 0.222656, run time 4 s
INFO (CarpetX): OutputGH done.
INFO (CarpetX): Simulation time: 0.222656   Iterations per second: 22.9954   Simulation time per second: 0.0898258
INFO (CarpetX): Grid cells: 4096   Grid cell updates per second: 94189.2
INFO (CarpetX): Performance:
INFO (CarpetX):   total evolution time:            2.49094 sec
INFO (CarpetX):   total evolution compute time:    2.49048 sec
INFO (CarpetX):   total evolution output time:     0.000456333 sec
INFO (CarpetX):   total iterations:                57
INFO (CarpetX):   total cells updated:             233472
INFO (CarpetX):   average iterations per second: 22.8829
INFO (CarpetX):   average cell updates per second: 93728.5
INFO (CarpetX): OutputGH: iteration 58, time 0.226562, run time 4 s
INFO (CarpetX): OutputGH done.
INFO (CarpetX): Simulation time: 0.226562   Iterations per second: 23.0003   Simulation time per second: 0.0898448
INFO (CarpetX): Grid cells: 4096   Grid cell updates per second: 94209.1
INFO (CarpetX): Performance:
INFO (CarpetX):   total evolution time:            2.53433 sec
INFO (CarpetX):   total evolution compute time:    2.53387 sec
INFO (CarpetX):   total evolution output time:     0.000462294 sec
INFO (CarpetX):   total iterations:                58
INFO (CarpetX):   total cells updated:             237568
INFO (CarpetX):   average iterations per second: 22.8857
INFO (CarpetX):   average cell updates per second: 93739.8
INFO (CarpetX): OutputGH: iteration 59, time 0.230469, run time 4 s
INFO (CarpetX): OutputGH done.
INFO (CarpetX): Simulation time: 0.230469   Iterations per second: 23.0066   Simulation time per second: 0.0898696
INFO (CarpetX): Grid cells: 4096   Grid cell updates per second: 94235.1
INFO (CarpetX): Performance:
INFO (CarpetX):   total evolution time:            2.57769 sec
INFO (CarpetX):   total evolution compute time:    2.57722 sec
INFO (CarpetX):   total evolution output time:     0.000468493 sec
INFO (CarpetX):   total iterations:                59
INFO (CarpetX):   total cells updated:             241664
INFO (CarpetX):   average iterations per second: 22.8887
INFO (CarpetX):   average cell updates per second: 93752.1
INFO (CarpetX): OutputGH: iteration 60, time 0.234375, run time 4 s
INFO (CarpetX): OutputGH done.
INFO (CarpetX): Simulation time: 0.234375   Iterations per second: 23.0198   Simulation time per second: 0.0899212
INFO (CarpetX): Grid cells: 4096   Grid cell updates per second: 94289.2
INFO (CarpetX): Performance:
INFO (CarpetX):   total evolution time:            2.62091 sec
INFO (CarpetX):   total evolution compute time:    2.62043 sec
INFO (CarpetX):   total evolution output time:     0.00047636 sec
INFO (CarpetX):   total iterations:                60
INFO (CarpetX):   total cells updated:             245760
INFO (CarpetX):   average iterations per second: 22.8928
INFO (CarpetX):   average cell updates per second: 93769
INFO (CarpetX): OutputGH: iteration 61, time 0.238281, run time 4 s
INFO (CarpetX): OutputGH done.
INFO (CarpetX): Simulation time: 0.238281   Iterations per second: 23.0074   Simulation time per second: 0.0898728
INFO (CarpetX): Grid cells: 4096   Grid cell updates per second: 94238.4
INFO (CarpetX): Performance:
INFO (CarpetX):   total evolution time:            2.66458 sec
INFO (CarpetX):   total evolution compute time:    2.6641 sec
INFO (CarpetX):   total evolution output time:     0.000484467 sec
INFO (CarpetX):   total iterations:                61
INFO (CarpetX):   total cells updated:             249856
INFO (CarpetX):   average iterations per second: 22.8929
INFO (CarpetX):   average cell updates per second: 93769.3
INFO (CarpetX): OutputGH: iteration 62, time 0.242188, run time 4 s
INFO (CarpetX): OutputGH done.
INFO (CarpetX): Simulation time: 0.242188   Iterations per second: 23.0035   Simulation time per second: 0.0898576
INFO (CarpetX): Grid cells: 4096   Grid cell updates per second: 94222.5
INFO (CarpetX): Performance:
INFO (CarpetX):   total evolution time:            2.70812 sec
INFO (CarpetX):   total evolution compute time:    2.70763 sec
INFO (CarpetX):   total evolution output time:     0.000493288 sec
INFO (CarpetX):   total iterations:                62
INFO (CarpetX):   total cells updated:             253952
INFO (CarpetX):   average iterations per second: 22.8941
INFO (CarpetX):   average cell updates per second: 93774.3
INFO (CarpetX): OutputGH: iteration 63, time 0.246094, run time 4 s
INFO (CarpetX): OutputGH done.
INFO (CarpetX): Simulation time: 0.246094   Iterations per second: 22.9964   Simulation time per second: 0.0898296
INFO (CarpetX): Grid cells: 4096   Grid cell updates per second: 94193.1
INFO (CarpetX): Performance:
INFO (CarpetX):   total evolution time:            2.75173 sec
INFO (CarpetX):   total evolution compute time:    2.75122 sec
INFO (CarpetX):   total evolution output time:     0.000502348 sec
INFO (CarpetX):   total iterations:                63
INFO (CarpetX):   total cells updated:             258048
INFO (CarpetX):   average iterations per second: 22.8947
INFO (CarpetX):   average cell updates per second: 93776.7
INFO (CarpetX): OutputGH: iteration 64, time 0.250000, run time 4 s
INFO (CarpetX): OutputGH done.
INFO (CarpetX): Simulation time: 0.25   Iterations per second: 13.0524   Simulation time per second: 0.050986
INFO (CarpetX): Grid cells: 4096   Grid cell updates per second: 53462.7
INFO (CarpetX): Performance:
INFO (CarpetX):   total evolution time:            3.1265 sec
INFO (CarpetX):   total evolution compute time:    2.79934 sec
INFO (CarpetX):   total evolution output time:     0.327162 sec
INFO (CarpetX):   total iterations:                64
INFO (CarpetX):   total cells updated:             262144
INFO (CarpetX):   average iterations per second: 20.4702
INFO (CarpetX):   average cell updates per second: 83845.7
INFO (CarpetX): Shutting down...
AMReX (25.11) finalized
--------------------------------------------------------------------------------
Done.
+ echo Stopping:
Stopping:
+ date
Tue Sep 15 06:13:24 UTC 2026
+ echo Done.
Done.
  Elapsed time: 4.2 s
