/home/runner/simulations/TestJob01_temp_2/output-0000/TEST/sim/CanudaX_BSSNMoL
Preparing:
+ set -e
+ cd output-0000-active
+ echo Checking:
Checking:
+ pwd
/home/runner/simulations/TestJob01_temp_2/output-0000/TEST/sim/CanudaX_BSSNMoL/output-0000-active
+ hostname
runnervm1li68
+ date
Sat Jun 13 06:15:00 UTC 2026
+ echo Environment:
Environment:
+ export CACTUS_NUM_PROCS=2
+ CACTUS_NUM_PROCS=2
+ export CACTUS_NUM_THREADS=1
+ CACTUS_NUM_THREADS=1
+ export GMON_OUT_PREFIX=gmon.out
+ GMON_OUT_PREFIX=gmon.out
+ export OMP_NUM_THREADS=1
+ OMP_NUM_THREADS=1
+ env
+ sort
+ echo Starting:
Starting:
++ date +%s
+ export CACTUS_STARTTIME=1781331300
+ CACTUS_STARTTIME=1781331300
+ '[' 2 = 1 ']'
+ mpirun -np 2 /home/runner/simulations/TestJob01_temp_2/SIMFACTORY/exe/cactus_sim -L 3 /home/runner/simulations/TestJob01_temp_2/output-0000/arrangements/CanudaX/CanudaX_BSSNMoL/test/gaugewave.par
INFO (Cactus): Increased logging level from 0 to 3
--------------------------------------------------------------------------------

       10                                  
  1   0101       ************************  
  01  1010 10      The Cactus Code V4.20.0    
 1010 1101 011      www.cactuscode.org     
  1001 100101    ************************  
    00010101                               
     100011     (c) Copyright The Authors  
      0100      GNU Licensed. No Warranty  
      0101                                 
--------------------------------------------------------------------------------

Cactus version:    4.20.0
Compile date:      Jun 13 2026 (05:51:57)
Run date:          Jun 13 2026 (06:15:01+0000)
Run host:          runnervm1li68.ttowg2p5rwme3olsz1a0ysywbg.cx.internal.cloudapp.net (pid=181305)
Working directory: /home/runner/simulations/TestJob01_temp_2/output-0000/TEST/sim/CanudaX_BSSNMoL
Executable:        /home/runner/simulations/TestJob01_temp_2/SIMFACTORY/exe/cactus_sim
Parameter file:    /home/runner/simulations/TestJob01_temp_2/output-0000/arrangements/CanudaX/CanudaX_BSSNMoL/test/gaugewave.par
--------------------------------------------------------------------------------

Activating thorn Cactus...Success -> active implementation Cactus
Activation requested for 
--->ADMBaseX CanudaX_BSSNMoL CanudaX_ExactID CarpetX IOUtil ODESolvers TmunuBaseX<---
Thorn ADMBaseX requests automatic activation of Loop
Thorn CarpetX requests automatic activation of AMReX
Thorn CarpetX requests automatic activation of MPI
Thorn CarpetX requests automatic activation of yaml_cpp
Thorn CarpetX requests automatic activation of zlib
Thorn CarpetX requests automatic activation of Arith
Thorn CarpetX requests automatic activation of CarpetXRegrid
Thorn CarpetX requests automatic activation of ADIOS2
Thorn CarpetX requests automatic activation of openPMD
Thorn CarpetX requests automatic activation of Silo
Thorn ADIOS2 requests automatic activation of CMake
Thorn Arith requests automatic activation of NSIMD
Thorn MPI requests automatic activation of hwloc
Thorn openPMD requests automatic activation of HDF5
Activating thorn ADIOS2...Success -> active implementation ADIOS2
Activating thorn ADMBaseX...Success -> active implementation ADMBaseX
Activating thorn AMReX...Success -> active implementation AMReX
Activating thorn Arith...Success -> active implementation Arith
Activating thorn CanudaX_BSSNMoL...Success -> active implementation CanudaX_BSSNMoL
Activating thorn CanudaX_ExactID...Success -> active implementation CanudaX_ExactID
Activating thorn CarpetX...Success -> active implementation Driver
Activating thorn CarpetXRegrid...Success -> active implementation CarpetXRegrid
Activating thorn CMake...Success -> active implementation CMake
Activating thorn HDF5...Success -> active implementation HDF5
Activating thorn hwloc...Success -> active implementation hwloc
Activating thorn IOUtil...Success -> active implementation IO
Activating thorn Loop...Success -> active implementation Loop
Activating thorn MPI...Success -> active implementation MPI
Activating thorn NSIMD...Success -> active implementation NSIMD
Activating thorn ODESolvers...Success -> active implementation ODESolvers
Activating thorn openPMD...Success -> active implementation openPMD
Activating thorn Silo...Success -> active implementation Silo
Activating thorn TmunuBaseX...Success -> active implementation TmunuBaseX
Activating thorn yaml_cpp...Success -> active implementation yaml_cpp
Activating thorn zlib...Success -> active implementation zlib
--------------------------------------------------------------------------------
  if (recover initial data)
    Recover parameters
  endif

  Startup routines
    [CCTK_STARTUP]
      CarpetX::Driver_Startup: Start up the driver
      IOUtil::IOUtil_Startup: Startup routine
      GROUP hwloc_startup: hwloc startup group
        hwloc::hwloc_version: Output hwloc version

  Startup routines which need an existing grid hierarchy
    [CCTK_WRAGH]
      Arith::Test_smallvector: [meta] Test small vectors
      Arith::Test_spvect: [meta] Test sparse vectors
      ODESolvers::ODESolvers_InitConstants: [global] Set up dummy loop counters for schedule printout
  Parameter checking routines
    [CCTK_PARAMCHECK]
      CanudaX_BSSNMoL::CanudaX_BSSNMoL_paramcheck: Check CanudaX_BSSNMoL parameters for consistency

  Initialisation
    if (NOT (recover initial data AND recovery_mode is 'strict'))
      [CCTK_PREREGRIDINITIAL]
      Set up grid hierarchy
      [CCTK_POSTREGRIDINITIAL]
      [CCTK_BASEGRID]
        CarpetXRegrid::CarpetXRegrid_InitError: Initialize regridding error to zero
        GROUP ODESolvers_BaseGrid: Set up constants (e.g. coordinates) everywhere on the grid
      [CCTK_INITIAL]
        GROUP TmunuBaseX_SetTmunuVars: Schedule group for setting T_munu
          TmunuBaseX::TmunuBaseX_ZeroTmunu: Set T_munu to zero
          GROUP TmunuBaseX_AddToTmunu: Add to T_munu here
        GROUP ODESolvers_Initial: Set up initial conditions on interior of state vector
          GROUP ADMBaseX_InitialData: Schedule group for calculating ADM initial data
            GROUP CanudaX_ExactIDGroup: CanudaX_ExactID group for setting up initial data
              CanudaX_ExactID::CanudaX_ExactID_GaugeWave: [local] Create gauge wave initial data
          GROUP ADMBaseX_InitialGauge: Schedule group for the ADM initial gauge condition
            ADMBaseX::ADMBaseX_initial_dtlapse: Set dtlapse to zero
            ADMBaseX::ADMBaseX_initial_dtshift: Set dtshift to zero
          GROUP ADMBaseX_PostInitial: Schedule group for modifying the ADM initial data, such as e.g. adding noise
        GROUP CanudaX_BSSNMoL_InitialGroup: CanudaX_BSSNMoL: initial bin
          CanudaX_BSSNMoL::CanudaX_BSSNMoL_adm2bssn: [local] Convert initial data into BSSN variables
          CanudaX_BSSNMoL::CanudaX_BSSNMoL_gammat: [local] Set Gammat initial data
      [CCTK_POSTINITIAL]
        GROUP ODESolvers_PostStep: Apply boundary conditions to state vector, and project if necessary
          GROUP CanudaX_BSSNMoL_PostStepGroup: CanudaX_BSSNMoL: post-step operations
            CanudaX_BSSNMoL::CanudaX_BSSNMoL_impose_conf_fac_floor: Make sure conformal factor does not drop below specified value
            CanudaX_BSSNMoL::CanudaX_BSSNMoL_reset_detmetric: reset dethh = 1
            CanudaX_BSSNMoL::CanudaX_BSSNMoL_remove_trA: Remove trace of A
            CanudaX_BSSNMoL::CanudaX_BSSNMoL_sync: [global] Sync state vector
            CanudaX_BSSNMoL::CanudaX_BSSNMoL_bssn2adm: [local] Convert variables back to the ADM ones
          GROUP ADMBaseX_SetADMRHS: Set ADM RHS variables in this group
          GROUP ADMBaseX_SetADMVars: Set ADM variables in this group
          GROUP TmunuBaseX_SetTmunuVars: Schedule group for setting T_munu
            TmunuBaseX::TmunuBaseX_ZeroTmunu: Set T_munu to zero
            GROUP TmunuBaseX_AddToTmunu: Add to T_munu here
        GROUP ODESolvers_EstimateError: Estimate discretization error (for regridding)
      Initialise finer grids recursively
      Restrict from finer grids
      [CCTK_POSTRESTRICTINITIAL]
      [CCTK_POSTPOSTINITIAL]
      [CCTK_POSTSTEP]
        GROUP ODESolvers_EstimateError: Estimate discretization error (for regridding)
    endif
    if (recover initial data)
      [CCTK_BASEGRID]
        CarpetXRegrid::CarpetXRegrid_InitError: Initialize regridding error to zero
        GROUP ODESolvers_BaseGrid: Set up constants (e.g. coordinates) everywhere on the grid
      [CCTK_RECOVER_VARIABLES]
      [CCTK_POST_RECOVER_VARIABLES]
        GROUP ODESolvers_PostStep: Apply boundary conditions to state vector, and project if necessary
          GROUP CanudaX_BSSNMoL_PostStepGroup: CanudaX_BSSNMoL: post-step operations
            CanudaX_BSSNMoL::CanudaX_BSSNMoL_impose_conf_fac_floor: Make sure conformal factor does not drop below specified value
            CanudaX_BSSNMoL::CanudaX_BSSNMoL_reset_detmetric: reset dethh = 1
            CanudaX_BSSNMoL::CanudaX_BSSNMoL_remove_trA: Remove trace of A
            CanudaX_BSSNMoL::CanudaX_BSSNMoL_sync: [global] Sync state vector
            CanudaX_BSSNMoL::CanudaX_BSSNMoL_bssn2adm: [local] Convert variables back to the ADM ones
          GROUP ADMBaseX_SetADMRHS: Set ADM RHS variables in this group
          GROUP ADMBaseX_SetADMVars: Set ADM variables in this group
          GROUP TmunuBaseX_SetTmunuVars: Schedule group for setting T_munu
            TmunuBaseX::TmunuBaseX_ZeroTmunu: Set T_munu to zero
            GROUP TmunuBaseX_AddToTmunu: Add to T_munu here
        GROUP ODESolvers_EstimateError: Estimate discretization error (for regridding)
    endif
    if (checkpoint initial data)
      [CCTK_CPINITIAL]
        CarpetX::CarpetX_CheckpointInitial: [meta] Checkpoint initial conditions
    endif
    if (analysis)
      [CCTK_ANALYSIS]
        CanudaX_BSSNMoL::CanudaX_BSSNMoL_bssn_constraints: Compute constraints
        GROUP ODESolvers_Analysis: Calculate analysis quantities everywhere
  endif
  Output grid variables

  do loop over timesteps
    [CCTK_PREREGRID]
    Change grid hierarchy
    [CCTK_POSTREGRID]
      GROUP ODESolvers_PostStep: Apply boundary conditions to state vector, and project if necessary
        GROUP CanudaX_BSSNMoL_PostStepGroup: CanudaX_BSSNMoL: post-step operations
          CanudaX_BSSNMoL::CanudaX_BSSNMoL_impose_conf_fac_floor: Make sure conformal factor does not drop below specified value
          CanudaX_BSSNMoL::CanudaX_BSSNMoL_reset_detmetric: reset dethh = 1
          CanudaX_BSSNMoL::CanudaX_BSSNMoL_remove_trA: Remove trace of A
          CanudaX_BSSNMoL::CanudaX_BSSNMoL_sync: [global] Sync state vector
          CanudaX_BSSNMoL::CanudaX_BSSNMoL_bssn2adm: [local] Convert variables back to the ADM ones
        GROUP ADMBaseX_SetADMRHS: Set ADM RHS variables in this group
        GROUP ADMBaseX_SetADMVars: Set ADM variables in this group
        GROUP TmunuBaseX_SetTmunuVars: Schedule group for setting T_munu
          TmunuBaseX::TmunuBaseX_ZeroTmunu: Set T_munu to zero
          GROUP TmunuBaseX_AddToTmunu: Add to T_munu here
    Rotate timelevels
    iteration = iteration+1
    t = t+dt
    [CCTK_PRESTEP]
    [CCTK_EVOL]
      ODESolvers::ODESolvers_Solve: [level] Solve ODEs
      while (ODESolvers::do_substeps)
        GROUP ODESolvers_CalledBySolve: Groups internally scheduled by ODESolvers_Solve
          GROUP ODESolvers_RHS: Evaluate the RHS for of state vector everywhere on the grid
            GROUP CanudaX_BSSNMoL_RHSGroup: CanudaX_BSSNMoL: calculate BSSN RHS
              CanudaX_BSSNMoL::CanudaX_BSSNMoL_calc_bssn_rhs: MoL RHS calculation
              CanudaX_BSSNMoL::CanudaX_BSSNMoL_apply_boundary_conditions: Apply radiative boundary conditions 
          GROUP ODESolvers_PostStep: Apply boundary conditions to state vector, and project if necessary
            GROUP CanudaX_BSSNMoL_PostStepGroup: CanudaX_BSSNMoL: post-step operations
              CanudaX_BSSNMoL::CanudaX_BSSNMoL_impose_conf_fac_floor: Make sure conformal factor does not drop below specified value
              CanudaX_BSSNMoL::CanudaX_BSSNMoL_reset_detmetric: reset dethh = 1
              CanudaX_BSSNMoL::CanudaX_BSSNMoL_remove_trA: Remove trace of A
              CanudaX_BSSNMoL::CanudaX_BSSNMoL_sync: [global] Sync state vector
              CanudaX_BSSNMoL::CanudaX_BSSNMoL_bssn2adm: [local] Convert variables back to the ADM ones
            GROUP ADMBaseX_SetADMRHS: Set ADM RHS variables in this group
            GROUP ADMBaseX_SetADMVars: Set ADM variables in this group
            GROUP TmunuBaseX_SetTmunuVars: Schedule group for setting T_munu
              TmunuBaseX::TmunuBaseX_ZeroTmunu: Set T_munu to zero
              GROUP TmunuBaseX_AddToTmunu: Add to T_munu here
      end while
    Evolve finer grids recursively
    Restrict from finer grids
    [CCTK_POSTRESTRICT]
      GROUP ODESolvers_PostStep: Apply boundary conditions to state vector, and project if necessary
        GROUP CanudaX_BSSNMoL_PostStepGroup: CanudaX_BSSNMoL: post-step operations
          CanudaX_BSSNMoL::CanudaX_BSSNMoL_impose_conf_fac_floor: Make sure conformal factor does not drop below specified value
          CanudaX_BSSNMoL::CanudaX_BSSNMoL_reset_detmetric: reset dethh = 1
          CanudaX_BSSNMoL::CanudaX_BSSNMoL_remove_trA: Remove trace of A
          CanudaX_BSSNMoL::CanudaX_BSSNMoL_sync: [global] Sync state vector
          CanudaX_BSSNMoL::CanudaX_BSSNMoL_bssn2adm: [local] Convert variables back to the ADM ones
        GROUP ADMBaseX_SetADMRHS: Set ADM RHS variables in this group
        GROUP ADMBaseX_SetADMVars: Set ADM variables in this group
        GROUP TmunuBaseX_SetTmunuVars: Schedule group for setting T_munu
          TmunuBaseX::TmunuBaseX_ZeroTmunu: Set T_munu to zero
          GROUP TmunuBaseX_AddToTmunu: Add to T_munu here
    [CCTK_POSTSTEP]
      GROUP ODESolvers_EstimateError: Estimate discretization error (for regridding)
    if (checkpoint)
      [CCTK_CHECKPOINT]
      CarpetX::CarpetX_Checkpoint: [meta] Checkpoint
    endif
    if (analysis)
      [CCTK_ANALYSIS]
      CanudaX_BSSNMoL::CanudaX_BSSNMoL_bssn_constraints: Compute constraints
      GROUP ODESolvers_Analysis: Calculate analysis quantities everywhere
    endif
    Output grid variables
    enddo

  Termination routines
    [CCTK_TERMINATE]
      CarpetX::CarpetX_CheckpointTerminate: [meta] Checkpoint before terminating

  Shutdown routines
    [CCTK_SHUTDOWN]
      CarpetX::Driver_Shutdown: [meta] Shut down the driver

  Routines run after changing the grid hierarchy:
    [CCTK_POSTREGRID]
      GROUP ODESolvers_PostStep: Apply boundary conditions to state vector, and project if necessary
        GROUP CanudaX_BSSNMoL_PostStepGroup: CanudaX_BSSNMoL: post-step operations
          CanudaX_BSSNMoL::CanudaX_BSSNMoL_impose_conf_fac_floor: Make sure conformal factor does not drop below specified value
          CanudaX_BSSNMoL::CanudaX_BSSNMoL_reset_detmetric: reset dethh = 1
          CanudaX_BSSNMoL::CanudaX_BSSNMoL_remove_trA: Remove trace of A
          CanudaX_BSSNMoL::CanudaX_BSSNMoL_sync: [global] Sync state vector
          CanudaX_BSSNMoL::CanudaX_BSSNMoL_bssn2adm: [local] Convert variables back to the ADM ones
        GROUP ADMBaseX_SetADMRHS: Set ADM RHS variables in this group
        GROUP ADMBaseX_SetADMVars: Set ADM variables in this group
        GROUP TmunuBaseX_SetTmunuVars: Schedule group for setting T_munu
          TmunuBaseX::TmunuBaseX_ZeroTmunu: Set T_munu to zero
          GROUP TmunuBaseX_AddToTmunu: Add to T_munu here
--------------------------------------------------------------------------------
INFO (hwloc): library version 2.10.0, API version 0x20800
--------------------------------------------------------------------------------

  [34m  ▕▏  [34m  ▕▏  [34m  ▕▏  [34m  ▕▏  [34m  ▕▏  [34m  ▕▏  [34m  ▕▏  [34m  ▕▏  [34m  ▕▏  [39m  
  [34m──██──[34m──██──[34m──██──[34m──██──[34m──██──[34m──██──[34m──██──[34m──██──[34m──██──[39m  
  [34m  ▕▏  [34m  ▕▏  [34m  ▕▏  [34m  ▕▏  [34m  ▕▏  [34m  ▕▏  [34m  ▕▏  [34m  ▕▏  [34m  ▕▏  [39m  
  [34m  ▕▏  [32m██████[34m  ▕▏  [34m  ▕▏  [32m██████[34m  ▕▏  [34m  ▕▏  [32m██████[34m  ▕▏  [39m  
  [34m──██──[32m██████[34m──██──[34m──██──[32m██████[34m──██──[34m──██──[32m██████[34m──██──[39m  
  [34m  ▕▏  [32m██████[34m  ▕▏  [34m  ▕▏  [32m██████[34m  ▕▏  [34m  ▕▏  [32m██████[34m  ▕▏  [39m  
  [34m  ▕▏  [34m  ▕▏  [34m  ▕▏  [34m  ▕▏  [34m  ▕▏  [34m  ▕▏  [34m  ▕▏  [34m  ▕▏  [34m  ▕▏  [39m  
  [34m──██──[34m──██──[34m──██──[34m──██──[34m──██──[34m──██──[34m──██──[34m──██──[34m──██──[39m  
  [34m  ▕▏  [34m  ▕▏  [34m  ▕▏  [34m  ▕▏  [34m  ▕▏  [34m  ▕▏  [34m  ▕▏  [34m  ▕▏  [34m  ▕▏  [39m  
  [34m  ▕▏  [34m  ▕▏  [34m  ▕▏  [31m██████[31m██████[31m██████[34m  ▕▏  [34m  ▕▏  [34m  ▕▏  [39m  
  [34m──██──[34m──██──[34m──██──[31m██████[31m██████[31m██████[34m──██──[34m──██──[34m──██──[39m  
  [34m  ▕▏  [34m  ▕▏  [34m  ▕▏  [31m██████[31m██████[31m██████[34m  ▕▏  [34m  ▕▏  [34m  ▕▏  [39m  
  [34m  ▕▏  [32m██████[34m  ▕▏  [31m██████[31m██████[31m██████[34m  ▕▏  [32m██████[34m  ▕▏  [39m  
  [34m──██──[32m██████[34m──██──[31m██████[31m██████[31m██████[34m──██──[32m██████[34m──██──[39m  
  [34m  ▕▏  [32m██████[34m  ▕▏  [31m██████[31m██████[31m██████[34m  ▕▏  [32m██████[34m  ▕▏  [39m  
  [34m  ▕▏  [34m  ▕▏  [34m  ▕▏  [31m██████[31m██████[31m██████[34m  ▕▏  [34m  ▕▏  [34m  ▕▏  [39m  
  [34m──██──[34m──██──[34m──██──[31m██████[31m██████[31m██████[34m──██──[34m──██──[34m──██──[39m  
  [34m  ▕▏  [34m  ▕▏  [34m  ▕▏  [31m██████[31m██████[31m██████[34m  ▕▏  [34m  ▕▏  [34m  ▕▏  [39m  
  [34m  ▕▏  [34m  ▕▏  [34m  ▕▏  [34m  ▕▏  [34m  ▕▏  [34m  ▕▏  [34m  ▕▏  [34m  ▕▏  [34m  ▕▏  [39m  
  [34m──██──[34m──██──[34m──██──[34m──██──[34m──██──[34m──██──[34m──██──[34m──██──[34m──██──[39m  
  [34m  ▕▏  [34m  ▕▏  [34m  ▕▏  [34m  ▕▏  [34m  ▕▏  [34m  ▕▏  [34m  ▕▏  [34m  ▕▏  [34m  ▕▏  [39m  
  [34m  ▕▏  [32m██████[34m  ▕▏  [34m  ▕▏  [32m██████[34m  ▕▏  [34m  ▕▏  [32m██████[34m  ▕▏  [39m  
  [34m──██──[32m██████[34m──██──[34m──██──[32m██████[34m──██──[34m──██──[32m██████[34m──██──[39m  
  [34m  ▕▏  [32m██████[34m  ▕▏  [34m  ▕▏  [32m██████[34m  ▕▏  [34m  ▕▏  [32m██████[34m  ▕▏  [39m  
  [34m  ▕▏  [34m  ▕▏  [34m  ▕▏  [34m  ▕▏  [34m  ▕▏  [34m  ▕▏  [34m  ▕▏  [34m  ▕▏  [34m  ▕▏  [39m  
  [34m──██──[34m──██──[34m──██──[34m──██──[34m──██──[34m──██──[34m──██──[34m──██──[34m──██──[39m  
  [34m  ▕▏  [34m  ▕▏  [34m  ▕▏  [34m  ▕▏  [34m  ▕▏  [34m  ▕▏  [34m  ▕▏  [34m  ▕▏  [34m  ▕▏  [39m  

AMR driver provided by CarpetX,
using AMReX 25.11 (MPI, OpenMP, no accelerators, debug)
--------------------------------------------------------------------------------

Initializing AMReX (25.11)...
MPI initialized with 2 MPI processes
MPI initialized with thread support level 2
OMP initialized with 1 OMP threads
AMReX (25.11) initialized
INFO (CarpetX): 
Symmetries:
  lower x: periodic
  lower y: periodic
  lower z: periodic
  upper x: periodic
  upper y: periodic
  upper z: periodic
Default boundaries:
  lower x: symmetry_boundary
  lower y: symmetry_boundary
  lower z: symmetry_boundary
  upper x: symmetry_boundary
  upper y: symmetry_boundary
  upper z: symmetry_boundary
INFO (Arith): Test_smallvector
INFO (Arith): Test_spvect
INFO (CarpetX): Setting initial values for max_grid_size values for all levels
INFO (CarpetX): Setting up initial conditions...
INFO (CarpetX): Iteration: 0   time: 0   delta_time: 0.00390625
INFO (CarpetX): Patch 0:
INFO (CarpetX):   Grid extent:
INFO (CarpetX):     gsh=[71,15,15]
INFO (CarpetX):     blocking_factor=[8,8,8]
INFO (CarpetX):     max_grid_size=[10000000,10000000,10000000]
INFO (CarpetX):     max_tile_size=[1024000,16,32]
INFO (CarpetX):   Domain extent:
INFO (CarpetX):     xmin=[-0.5,-0.0625,-0.0625]
INFO (CarpetX):     xmax=[0.5,0.0625,0.0625]
INFO (CarpetX):     base dx=[0.015625,0.015625,0.015625]
INFO (CarpetX): Initializing level 0...
INFO (CanudaX_ExactID): Begin Gauge Wave initial data
INFO (CanudaX_ExactID): === End gauge wave initial data ===
INFO (CarpetX): Regridding...
INFO (CarpetX):   level 0: 2 boxes, 4096 cells (100%)
INFO (CarpetX): Initialized 1 levels
INFO (CarpetX): OutputGH: iteration 0, time 0.000000, run time 1 s
INFO (CarpetX): OutputGH done.
INFO (CarpetX): Starting evolution...
INFO (ODESolvers): ODE integrator is RK4
INFO (CarpetX): OutputGH: iteration 1, time 0.003906, run time 1 s
INFO (CarpetX): OutputGH done.
INFO (CarpetX): Simulation time: 0.00390625   Iterations per second: 24.983   Simulation time per second: 0.09759
INFO (CarpetX): Grid cells: 4096   Grid cell updates per second: 102331
INFO (CarpetX): Performance:
INFO (CarpetX):   total evolution time:            0.0400271 sec
INFO (CarpetX):   total evolution compute time:    0.0399961 sec
INFO (CarpetX):   total evolution output time:     3.09944e-05 sec
INFO (CarpetX):   total iterations:                1
INFO (CarpetX):   total cells updated:             4096
INFO (CarpetX):   average iterations per second: 24.983
INFO (CarpetX):   average cell updates per second: 102331
INFO (CarpetX): OutputGH: iteration 2, time 0.007812, run time 1 s
INFO (CarpetX): OutputGH done.
INFO (CarpetX): Simulation time: 0.0078125   Iterations per second: 25.9942   Simulation time per second: 0.10154
INFO (CarpetX): Grid cells: 4096   Grid cell updates per second: 106472
INFO (CarpetX): Performance:
INFO (CarpetX):   total evolution time:            0.0769403 sec
INFO (CarpetX):   total evolution compute time:    0.0768783 sec
INFO (CarpetX):   total evolution output time:     6.19888e-05 sec
INFO (CarpetX):   total iterations:                2
INFO (CarpetX):   total cells updated:             8192
INFO (CarpetX):   average iterations per second: 25.9942
INFO (CarpetX):   average cell updates per second: 106472
INFO (CarpetX): OutputGH: iteration 3, time 0.011719, run time 1 s
INFO (CarpetX): OutputGH done.
INFO (CarpetX): Simulation time: 0.0117188   Iterations per second: 26.6138   Simulation time per second: 0.10396
INFO (CarpetX): Grid cells: 4096   Grid cell updates per second: 109010
INFO (CarpetX): Performance:
INFO (CarpetX):   total evolution time:            0.112723 sec
INFO (CarpetX):   total evolution compute time:    0.112632 sec
INFO (CarpetX):   total evolution output time:     9.10759e-05 sec
INFO (CarpetX):   total iterations:                3
INFO (CarpetX):   total cells updated:             12288
INFO (CarpetX):   average iterations per second: 26.6138
INFO (CarpetX):   average cell updates per second: 109010
INFO (CarpetX): OutputGH: iteration 4, time 0.015625, run time 1 s
INFO (CarpetX): OutputGH done.
INFO (CarpetX): Simulation time: 0.015625   Iterations per second: 26.938   Simulation time per second: 0.105226
INFO (CarpetX): Grid cells: 4096   Grid cell updates per second: 110338
INFO (CarpetX): Performance:
INFO (CarpetX):   total evolution time:            0.148489 sec
INFO (CarpetX):   total evolution compute time:    0.148368 sec
INFO (CarpetX):   total evolution output time:     0.000121117 sec
INFO (CarpetX):   total iterations:                4
INFO (CarpetX):   total cells updated:             16384
INFO (CarpetX):   average iterations per second: 26.938
INFO (CarpetX):   average cell updates per second: 110338
INFO (CarpetX): OutputGH: iteration 5, time 0.019531, run time 2 s
INFO (CarpetX): OutputGH done.
INFO (CarpetX): Simulation time: 0.0195312   Iterations per second: 27.1615   Simulation time per second: 0.106099
INFO (CarpetX): Grid cells: 4096   Grid cell updates per second: 111253
INFO (CarpetX): Performance:
INFO (CarpetX):   total evolution time:            0.184084 sec
INFO (CarpetX):   total evolution compute time:    0.183934 sec
INFO (CarpetX):   total evolution output time:     0.000149965 sec
INFO (CarpetX):   total iterations:                5
INFO (CarpetX):   total cells updated:             20480
INFO (CarpetX):   average iterations per second: 27.1615
INFO (CarpetX):   average cell updates per second: 111253
INFO (CarpetX): OutputGH: iteration 6, time 0.023438, run time 2 s
INFO (CarpetX): OutputGH done.
INFO (CarpetX): Simulation time: 0.0234375   Iterations per second: 27.2939   Simulation time per second: 0.106617
INFO (CarpetX): Grid cells: 4096   Grid cell updates per second: 111796
INFO (CarpetX): Performance:
INFO (CarpetX):   total evolution time:            0.21983 sec
INFO (CarpetX):   total evolution compute time:    0.21965 sec
INFO (CarpetX):   total evolution output time:     0.000180006 sec
INFO (CarpetX):   total iterations:                6
INFO (CarpetX):   total cells updated:             24576
INFO (CarpetX):   average iterations per second: 27.2939
INFO (CarpetX):   average cell updates per second: 111796
INFO (CarpetX): OutputGH: iteration 7, time 0.027344, run time 2 s
INFO (CarpetX): OutputGH done.
INFO (CarpetX): Simulation time: 0.0273438   Iterations per second: 27.409   Simulation time per second: 0.107066
INFO (CarpetX): Grid cells: 4096   Grid cell updates per second: 112267
INFO (CarpetX): Performance:
INFO (CarpetX):   total evolution time:            0.255391 sec
INFO (CarpetX):   total evolution compute time:    0.255176 sec
INFO (CarpetX):   total evolution output time:     0.000215054 sec
INFO (CarpetX):   total iterations:                7
INFO (CarpetX):   total cells updated:             28672
INFO (CarpetX):   average iterations per second: 27.409
INFO (CarpetX):   average cell updates per second: 112267
INFO (CarpetX): OutputGH: iteration 8, time 0.031250, run time 2 s
INFO (CarpetX): OutputGH done.
INFO (CarpetX): Simulation time: 0.03125   Iterations per second: 27.4879   Simulation time per second: 0.107374
INFO (CarpetX): Grid cells: 4096   Grid cell updates per second: 112590
INFO (CarpetX): Performance:
INFO (CarpetX):   total evolution time:            0.291038 sec
INFO (CarpetX):   total evolution compute time:    0.290788 sec
INFO (CarpetX):   total evolution output time:     0.000249863 sec
INFO (CarpetX):   total iterations:                8
INFO (CarpetX):   total cells updated:             32768
INFO (CarpetX):   average iterations per second: 27.4879
INFO (CarpetX):   average cell updates per second: 112590
INFO (CarpetX): OutputGH: iteration 9, time 0.035156, run time 2 s
INFO (CarpetX): OutputGH done.
INFO (CarpetX): Simulation time: 0.0351562   Iterations per second: 27.5388   Simulation time per second: 0.107573
INFO (CarpetX): Grid cells: 4096   Grid cell updates per second: 112799
INFO (CarpetX): Performance:
INFO (CarpetX):   total evolution time:            0.326812 sec
INFO (CarpetX):   total evolution compute time:    0.32653 sec
INFO (CarpetX):   total evolution output time:     0.000281811 sec
INFO (CarpetX):   total iterations:                9
INFO (CarpetX):   total cells updated:             36864
INFO (CarpetX):   average iterations per second: 27.5388
INFO (CarpetX):   average cell updates per second: 112799
INFO (CarpetX): OutputGH: iteration 10, time 0.039062, run time 2 s
INFO (CarpetX): OutputGH done.
INFO (CarpetX): Simulation time: 0.0390625   Iterations per second: 27.5945   Simulation time per second: 0.107791
INFO (CarpetX): Grid cells: 4096   Grid cell updates per second: 113027
INFO (CarpetX): Performance:
INFO (CarpetX):   total evolution time:            0.362391 sec
INFO (CarpetX):   total evolution compute time:    0.362079 sec
INFO (CarpetX):   total evolution output time:     0.000312805 sec
INFO (CarpetX):   total iterations:                10
INFO (CarpetX):   total cells updated:             40960
INFO (CarpetX):   average iterations per second: 27.5945
INFO (CarpetX):   average cell updates per second: 113027
INFO (CarpetX): OutputGH: iteration 11, time 0.042969, run time 2 s
INFO (CarpetX): OutputGH done.
INFO (CarpetX): Simulation time: 0.0429688   Iterations per second: 27.6327   Simulation time per second: 0.10794
INFO (CarpetX): Grid cells: 4096   Grid cell updates per second: 113183
INFO (CarpetX): Performance:
INFO (CarpetX):   total evolution time:            0.398129 sec
INFO (CarpetX):   total evolution compute time:    0.397783 sec
INFO (CarpetX):   total evolution output time:     0.000346661 sec
INFO (CarpetX):   total iterations:                11
INFO (CarpetX):   total cells updated:             45056
INFO (CarpetX):   average iterations per second: 27.6292
INFO (CarpetX):   average cell updates per second: 113169
INFO (CarpetX): OutputGH: iteration 12, time 0.046875, run time 2 s
INFO (CarpetX): OutputGH done.
INFO (CarpetX): Simulation time: 0.046875   Iterations per second: 27.6831   Simulation time per second: 0.108137
INFO (CarpetX): Grid cells: 4096   Grid cell updates per second: 113390
INFO (CarpetX): Performance:
INFO (CarpetX):   total evolution time:            0.433659 sec
INFO (CarpetX):   total evolution compute time:    0.433281 sec
INFO (CarpetX):   total evolution output time:     0.000378609 sec
INFO (CarpetX):   total iterations:                12
INFO (CarpetX):   total cells updated:             49152
INFO (CarpetX):   average iterations per second: 27.6715
INFO (CarpetX):   average cell updates per second: 113342
INFO (CarpetX): OutputGH: iteration 13, time 0.050781, run time 2 s
INFO (CarpetX): OutputGH done.
INFO (CarpetX): Simulation time: 0.0507812   Iterations per second: 27.7251   Simulation time per second: 0.108301
INFO (CarpetX): Grid cells: 4096   Grid cell updates per second: 113562
INFO (CarpetX): Performance:
INFO (CarpetX):   total evolution time:            0.469235 sec
INFO (CarpetX):   total evolution compute time:    0.468822 sec
INFO (CarpetX):   total evolution output time:     0.000413656 sec
INFO (CarpetX):   total iterations:                13
INFO (CarpetX):   total cells updated:             53248
INFO (CarpetX):   average iterations per second: 27.7046
INFO (CarpetX):   average cell updates per second: 113478
INFO (CarpetX): OutputGH: iteration 14, time 0.054688, run time 2 s
INFO (CarpetX): OutputGH done.
INFO (CarpetX): Simulation time: 0.0546875   Iterations per second: 27.742   Simulation time per second: 0.108367
INFO (CarpetX): Grid cells: 4096   Grid cell updates per second: 113631
INFO (CarpetX): Performance:
INFO (CarpetX):   total evolution time:            0.505085 sec
INFO (CarpetX):   total evolution compute time:    0.504636 sec
INFO (CarpetX):   total evolution output time:     0.000448704 sec
INFO (CarpetX):   total iterations:                14
INFO (CarpetX):   total cells updated:             57344
INFO (CarpetX):   average iterations per second: 27.7181
INFO (CarpetX):   average cell updates per second: 113533
INFO (CarpetX): OutputGH: iteration 15, time 0.058594, run time 2 s
INFO (CarpetX): OutputGH done.
INFO (CarpetX): Simulation time: 0.0585938   Iterations per second: 27.7824   Simulation time per second: 0.108525
INFO (CarpetX): Grid cells: 4096   Grid cell updates per second: 113797
INFO (CarpetX): Performance:
INFO (CarpetX):   total evolution time:            0.540606 sec
INFO (CarpetX):   total evolution compute time:    0.540129 sec
INFO (CarpetX):   total evolution output time:     0.000477791 sec
INFO (CarpetX):   total iterations:                15
INFO (CarpetX):   total cells updated:             61440
INFO (CarpetX):   average iterations per second: 27.7466
INFO (CarpetX):   average cell updates per second: 113650
INFO (CarpetX): OutputGH: iteration 16, time 0.062500, run time 2 s
INFO (CarpetX): OutputGH done.
INFO (CarpetX): Simulation time: 0.0625   Iterations per second: 27.8206   Simulation time per second: 0.108674
INFO (CarpetX): Grid cells: 4096   Grid cell updates per second: 113953
INFO (CarpetX): Performance:
INFO (CarpetX):   total evolution time:            0.576107 sec
INFO (CarpetX):   total evolution compute time:    0.575595 sec
INFO (CarpetX):   total evolution output time:     0.000511646 sec
INFO (CarpetX):   total iterations:                16
INFO (CarpetX):   total cells updated:             65536
INFO (CarpetX):   average iterations per second: 27.7726
INFO (CarpetX):   average cell updates per second: 113757
INFO (CarpetX): OutputGH: iteration 17, time 0.066406, run time 2 s
INFO (CarpetX): OutputGH done.
INFO (CarpetX): Simulation time: 0.0664062   Iterations per second: 27.8328   Simulation time per second: 0.108722
INFO (CarpetX): Grid cells: 4096   Grid cell updates per second: 114003
INFO (CarpetX): Performance:
INFO (CarpetX):   total evolution time:            0.611893 sec
INFO (CarpetX):   total evolution compute time:    0.611351 sec
INFO (CarpetX):   total evolution output time:     0.000541687 sec
INFO (CarpetX):   total iterations:                17
INFO (CarpetX):   total cells updated:             69632
INFO (CarpetX):   average iterations per second: 27.7826
INFO (CarpetX):   average cell updates per second: 113798
INFO (CarpetX): OutputGH: iteration 18, time 0.070312, run time 2 s
INFO (CarpetX): OutputGH done.
INFO (CarpetX): Simulation time: 0.0703125   Iterations per second: 27.8562   Simulation time per second: 0.108813
INFO (CarpetX): Grid cells: 4096   Grid cell updates per second: 114099
INFO (CarpetX): Performance:
INFO (CarpetX):   total evolution time:            0.647521 sec
INFO (CarpetX):   total evolution compute time:    0.646949 sec
INFO (CarpetX):   total evolution output time:     0.000571728 sec
INFO (CarpetX):   total iterations:                18
INFO (CarpetX):   total cells updated:             73728
INFO (CarpetX):   average iterations per second: 27.7983
INFO (CarpetX):   average cell updates per second: 113862
INFO (CarpetX): OutputGH: iteration 19, time 0.074219, run time 2 s
INFO (CarpetX): OutputGH done.
INFO (CarpetX): Simulation time: 0.0742188   Iterations per second: 27.8624   Simulation time per second: 0.108838
INFO (CarpetX): Grid cells: 4096   Grid cell updates per second: 114124
INFO (CarpetX): Performance:
INFO (CarpetX):   total evolution time:            0.683339 sec
INFO (CarpetX):   total evolution compute time:    0.682736 sec
INFO (CarpetX):   total evolution output time:     0.000602722 sec
INFO (CarpetX):   total iterations:                19
INFO (CarpetX):   total cells updated:             77824
INFO (CarpetX):   average iterations per second: 27.8047
INFO (CarpetX):   average cell updates per second: 113888
INFO (CarpetX): OutputGH: iteration 20, time 0.078125, run time 2 s
INFO (CarpetX): OutputGH done.
INFO (CarpetX): Simulation time: 0.078125   Iterations per second: 27.8852   Simulation time per second: 0.108927
INFO (CarpetX): Grid cells: 4096   Grid cell updates per second: 114218
INFO (CarpetX): Performance:
INFO (CarpetX):   total evolution time:            0.718936 sec
INFO (CarpetX):   total evolution compute time:    0.718298 sec
INFO (CarpetX):   total evolution output time:     0.000637531 sec
INFO (CarpetX):   total iterations:                20
INFO (CarpetX):   total cells updated:             81920
INFO (CarpetX):   average iterations per second: 27.8189
INFO (CarpetX):   average cell updates per second: 113946
INFO (CarpetX): OutputGH: iteration 21, time 0.082031, run time 2 s
INFO (CarpetX): OutputGH done.
INFO (CarpetX): Simulation time: 0.0820312   Iterations per second: 27.9066   Simulation time per second: 0.10901
INFO (CarpetX): Grid cells: 4096   Grid cell updates per second: 114305
INFO (CarpetX): Performance:
INFO (CarpetX):   total evolution time:            0.754523 sec
INFO (CarpetX):   total evolution compute time:    0.753856 sec
INFO (CarpetX):   total evolution output time:     0.00066638 sec
INFO (CarpetX):   total iterations:                21
INFO (CarpetX):   total cells updated:             86016
INFO (CarpetX):   average iterations per second: 27.8322
INFO (CarpetX):   average cell updates per second: 114001
INFO (CarpetX): OutputGH: iteration 22, time 0.085938, run time 2 s
INFO (CarpetX): OutputGH done.
INFO (CarpetX): Simulation time: 0.0859375   Iterations per second: 27.9344   Simulation time per second: 0.109119
INFO (CarpetX): Grid cells: 4096   Grid cell updates per second: 114419
INFO (CarpetX): Performance:
INFO (CarpetX):   total evolution time:            0.79 sec
INFO (CarpetX):   total evolution compute time:    0.789298 sec
INFO (CarpetX):   total evolution output time:     0.000701427 sec
INFO (CarpetX):   total iterations:                22
INFO (CarpetX):   total cells updated:             90112
INFO (CarpetX):   average iterations per second: 27.8481
INFO (CarpetX):   average cell updates per second: 114066
INFO (CarpetX): OutputGH: iteration 23, time 0.089844, run time 2 s
INFO (CarpetX): OutputGH done.
INFO (CarpetX): Simulation time: 0.0898438   Iterations per second: 27.9453   Simulation time per second: 0.109162
INFO (CarpetX): Grid cells: 4096   Grid cell updates per second: 114464
INFO (CarpetX): Performance:
INFO (CarpetX):   total evolution time:            0.825658 sec
INFO (CarpetX):   total evolution compute time:    0.824922 sec
INFO (CarpetX):   total evolution output time:     0.000735521 sec
INFO (CarpetX):   total iterations:                23
INFO (CarpetX):   total cells updated:             94208
INFO (CarpetX):   average iterations per second: 27.8566
INFO (CarpetX):   average cell updates per second: 114101
INFO (CarpetX): OutputGH: iteration 24, time 0.093750, run time 2 s
INFO (CarpetX): OutputGH done.
INFO (CarpetX): Simulation time: 0.09375   Iterations per second: 27.9706   Simulation time per second: 0.10926
INFO (CarpetX): Grid cells: 4096   Grid cell updates per second: 114568
INFO (CarpetX): Performance:
INFO (CarpetX):   total evolution time:            0.861119 sec
INFO (CarpetX):   total evolution compute time:    0.860351 sec
INFO (CarpetX):   total evolution output time:     0.000767469 sec
INFO (CarpetX):   total iterations:                24
INFO (CarpetX):   total cells updated:             98304
INFO (CarpetX):   average iterations per second: 27.8707
INFO (CarpetX):   average cell updates per second: 114158
INFO (CarpetX): OutputGH: iteration 25, time 0.097656, run time 2 s
INFO (CarpetX): OutputGH done.
INFO (CarpetX): Simulation time: 0.0976562   Iterations per second: 27.9932   Simulation time per second: 0.109348
INFO (CarpetX): Grid cells: 4096   Grid cell updates per second: 114660
INFO (CarpetX): Performance:
INFO (CarpetX):   total evolution time:            0.896582 sec
INFO (CarpetX):   total evolution compute time:    0.895784 sec
INFO (CarpetX):   total evolution output time:     0.00079751 sec
INFO (CarpetX):   total iterations:                25
INFO (CarpetX):   total cells updated:             102400
INFO (CarpetX):   average iterations per second: 27.8837
INFO (CarpetX):   average cell updates per second: 114212
INFO (CarpetX): OutputGH: iteration 26, time 0.101562, run time 2 s
INFO (CarpetX): OutputGH done.
INFO (CarpetX): Simulation time: 0.101562   Iterations per second: 27.9913   Simulation time per second: 0.109341
INFO (CarpetX): Grid cells: 4096   Grid cell updates per second: 114652
INFO (CarpetX): Performance:
INFO (CarpetX):   total evolution time:            0.93233 sec
INFO (CarpetX):   total evolution compute time:    0.931497 sec
INFO (CarpetX):   total evolution output time:     0.000832558 sec
INFO (CarpetX):   total iterations:                26
INFO (CarpetX):   total cells updated:             106496
INFO (CarpetX):   average iterations per second: 27.8871
INFO (CarpetX):   average cell updates per second: 114226
INFO (CarpetX): OutputGH: iteration 27, time 0.105469, run time 2 s
INFO (CarpetX): OutputGH done.
INFO (CarpetX): Simulation time: 0.105469   Iterations per second: 27.9928   Simulation time per second: 0.109347
INFO (CarpetX): Grid cells: 4096   Grid cell updates per second: 114658
INFO (CarpetX): Performance:
INFO (CarpetX):   total evolution time:            0.968036 sec
INFO (CarpetX):   total evolution compute time:    0.967172 sec
INFO (CarpetX):   total evolution output time:     0.000863552 sec
INFO (CarpetX):   total iterations:                27
INFO (CarpetX):   total cells updated:             110592
INFO (CarpetX):   average iterations per second: 27.8915
INFO (CarpetX):   average cell updates per second: 114244
INFO (CarpetX): OutputGH: iteration 28, time 0.109375, run time 2 s
INFO (CarpetX): OutputGH done.
INFO (CarpetX): Simulation time: 0.109375   Iterations per second: 28.0084   Simulation time per second: 0.109408
INFO (CarpetX): Grid cells: 4096   Grid cell updates per second: 114722
INFO (CarpetX): Performance:
INFO (CarpetX):   total evolution time:            1.00356 sec
INFO (CarpetX):   total evolution compute time:    1.00266 sec
INFO (CarpetX):   total evolution output time:     0.000897646 sec
INFO (CarpetX):   total iterations:                28
INFO (CarpetX):   total cells updated:             114688
INFO (CarpetX):   average iterations per second: 27.9007
INFO (CarpetX):   average cell updates per second: 114281
INFO (CarpetX): OutputGH: iteration 29, time 0.113281, run time 2 s
INFO (CarpetX): OutputGH done.
INFO (CarpetX): Simulation time: 0.113281   Iterations per second: 28.0306   Simulation time per second: 0.109495
INFO (CarpetX): Grid cells: 4096   Grid cell updates per second: 114813
INFO (CarpetX): Performance:
INFO (CarpetX):   total evolution time:            1.03898 sec
INFO (CarpetX):   total evolution compute time:    1.03805 sec
INFO (CarpetX):   total evolution output time:     0.000930786 sec
INFO (CarpetX):   total iterations:                29
INFO (CarpetX):   total cells updated:             118784
INFO (CarpetX):   average iterations per second: 27.912
INFO (CarpetX):   average cell updates per second: 114327
INFO (CarpetX): OutputGH: iteration 30, time 0.117188, run time 2 s
INFO (CarpetX): OutputGH done.
INFO (CarpetX): Simulation time: 0.117188   Iterations per second: 28.0413   Simulation time per second: 0.109536
INFO (CarpetX): Grid cells: 4096   Grid cell updates per second: 114857
INFO (CarpetX): Performance:
INFO (CarpetX):   total evolution time:            1.07452 sec
INFO (CarpetX):   total evolution compute time:    1.07356 sec
INFO (CarpetX):   total evolution output time:     0.000959873 sec
INFO (CarpetX):   total iterations:                30
INFO (CarpetX):   total cells updated:             122880
INFO (CarpetX):   average iterations per second: 27.9194
INFO (CarpetX):   average cell updates per second: 114358
INFO (CarpetX): OutputGH: iteration 31, time 0.121094, run time 2 s
INFO (CarpetX): OutputGH done.
INFO (CarpetX): Simulation time: 0.121094   Iterations per second: 28.0549   Simulation time per second: 0.10959
INFO (CarpetX): Grid cells: 4096   Grid cell updates per second: 114913
INFO (CarpetX): Performance:
INFO (CarpetX):   total evolution time:            1.11001 sec
INFO (CarpetX):   total evolution compute time:    1.10901 sec
INFO (CarpetX):   total evolution output time:     0.000993967 sec
INFO (CarpetX):   total iterations:                31
INFO (CarpetX):   total cells updated:             126976
INFO (CarpetX):   average iterations per second: 27.9277
INFO (CarpetX):   average cell updates per second: 114392
INFO (CarpetX): OutputGH: iteration 32, time 0.125000, run time 2 s
INFO (CarpetX): OutputGH done.
INFO (CarpetX): Simulation time: 0.125   Iterations per second: 28.0542   Simulation time per second: 0.109587
INFO (CarpetX): Grid cells: 4096   Grid cell updates per second: 114910
INFO (CarpetX): Performance:
INFO (CarpetX):   total evolution time:            1.14566 sec
INFO (CarpetX):   total evolution compute time:    1.14464 sec
INFO (CarpetX):   total evolution output time:     0.00102186 sec
INFO (CarpetX):   total iterations:                32
INFO (CarpetX):   total cells updated:             131072
INFO (CarpetX):   average iterations per second: 27.9314
INFO (CarpetX):   average cell updates per second: 114407
INFO (CarpetX): OutputGH: iteration 33, time 0.128906, run time 3 s
INFO (CarpetX): OutputGH done.
INFO (CarpetX): Simulation time: 0.128906   Iterations per second: 28.0457   Simulation time per second: 0.109553
INFO (CarpetX): Grid cells: 4096   Grid cell updates per second: 114875
INFO (CarpetX): Performance:
INFO (CarpetX):   total evolution time:            1.18142 sec
INFO (CarpetX):   total evolution compute time:    1.18036 sec
INFO (CarpetX):   total evolution output time:     0.00105476 sec
INFO (CarpetX):   total iterations:                33
INFO (CarpetX):   total cells updated:             135168
INFO (CarpetX):   average iterations per second: 27.9326
INFO (CarpetX):   average cell updates per second: 114412
INFO (CarpetX): OutputGH: iteration 34, time 0.132812, run time 3 s
INFO (CarpetX): OutputGH done.
INFO (CarpetX): Simulation time: 0.132812   Iterations per second: 28.0605   Simulation time per second: 0.109611
INFO (CarpetX): Grid cells: 4096   Grid cell updates per second: 114936
INFO (CarpetX): Performance:
INFO (CarpetX):   total evolution time:            1.21688 sec
INFO (CarpetX):   total evolution compute time:    1.2158 sec
INFO (CarpetX):   total evolution output time:     0.0010848 sec
INFO (CarpetX):   total iterations:                34
INFO (CarpetX):   total cells updated:             139264
INFO (CarpetX):   average iterations per second: 27.9402
INFO (CarpetX):   average cell updates per second: 114443
INFO (CarpetX): OutputGH: iteration 35, time 0.136719, run time 3 s
INFO (CarpetX): OutputGH done.
INFO (CarpetX): Simulation time: 0.136719   Iterations per second: 28.0613   Simulation time per second: 0.109614
INFO (CarpetX): Grid cells: 4096   Grid cell updates per second: 114939
INFO (CarpetX): Performance:
INFO (CarpetX):   total evolution time:            1.25251 sec
INFO (CarpetX):   total evolution compute time:    1.2514 sec
INFO (CarpetX):   total evolution output time:     0.00111365 sec
INFO (CarpetX):   total iterations:                35
INFO (CarpetX):   total cells updated:             143360
INFO (CarpetX):   average iterations per second: 27.9439
INFO (CarpetX):   average cell updates per second: 114458
INFO (CarpetX): OutputGH: iteration 36, time 0.140625, run time 3 s
INFO (CarpetX): OutputGH done.
INFO (CarpetX): Simulation time: 0.140625   Iterations per second: 28.0452   Simulation time per second: 0.109552
INFO (CarpetX): Grid cells: 4096   Grid cell updates per second: 114873
INFO (CarpetX): Performance:
INFO (CarpetX):   total evolution time:            1.28835 sec
INFO (CarpetX):   total evolution compute time:    1.2872 sec
INFO (CarpetX):   total evolution output time:     0.00114679 sec
INFO (CarpetX):   total iterations:                36
INFO (CarpetX):   total cells updated:             147456
INFO (CarpetX):   average iterations per second: 27.9427
INFO (CarpetX):   average cell updates per second: 114453
INFO (CarpetX): OutputGH: iteration 37, time 0.144531, run time 3 s
INFO (CarpetX): OutputGH done.
INFO (CarpetX): Simulation time: 0.144531   Iterations per second: 28.0537   Simulation time per second: 0.109585
INFO (CarpetX): Grid cells: 4096   Grid cell updates per second: 114908
INFO (CarpetX): Performance:
INFO (CarpetX):   total evolution time:            1.3239 sec
INFO (CarpetX):   total evolution compute time:    1.32273 sec
INFO (CarpetX):   total evolution output time:     0.00117278 sec
INFO (CarpetX):   total iterations:                37
INFO (CarpetX):   total cells updated:             151552
INFO (CarpetX):   average iterations per second: 27.9477
INFO (CarpetX):   average cell updates per second: 114474
INFO (CarpetX): OutputGH: iteration 38, time 0.148438, run time 3 s
INFO (CarpetX): OutputGH done.
INFO (CarpetX): Simulation time: 0.148438   Iterations per second: 28.0704   Simulation time per second: 0.10965
INFO (CarpetX): Grid cells: 4096   Grid cell updates per second: 114976
INFO (CarpetX): Performance:
INFO (CarpetX):   total evolution time:            1.35933 sec
INFO (CarpetX):   total evolution compute time:    1.35813 sec
INFO (CarpetX):   total evolution output time:     0.00119972 sec
INFO (CarpetX):   total iterations:                38
INFO (CarpetX):   total cells updated:             155648
INFO (CarpetX):   average iterations per second: 27.9549
INFO (CarpetX):   average cell updates per second: 114503
INFO (CarpetX): OutputGH: iteration 39, time 0.152344, run time 3 s
INFO (CarpetX): OutputGH done.
INFO (CarpetX): Simulation time: 0.152344   Iterations per second: 28.0867   Simulation time per second: 0.109714
INFO (CarpetX): Grid cells: 4096   Grid cell updates per second: 115043
INFO (CarpetX): Performance:
INFO (CarpetX):   total evolution time:            1.39475 sec
INFO (CarpetX):   total evolution compute time:    1.39352 sec
INFO (CarpetX):   total evolution output time:     0.00123358 sec
INFO (CarpetX):   total iterations:                39
INFO (CarpetX):   total cells updated:             159744
INFO (CarpetX):   average iterations per second: 27.962
INFO (CarpetX):   average cell updates per second: 114532
INFO (CarpetX): OutputGH: iteration 40, time 0.156250, run time 3 s
INFO (CarpetX): OutputGH done.
INFO (CarpetX): Simulation time: 0.15625   Iterations per second: 28.0974   Simulation time per second: 0.109755
INFO (CarpetX): Grid cells: 4096   Grid cell updates per second: 115087
INFO (CarpetX): Performance:
INFO (CarpetX):   total evolution time:            1.43022 sec
INFO (CarpetX):   total evolution compute time:    1.42896 sec
INFO (CarpetX):   total evolution output time:     0.00126553 sec
INFO (CarpetX):   total iterations:                40
INFO (CarpetX):   total cells updated:             163840
INFO (CarpetX):   average iterations per second: 27.9677
INFO (CarpetX):   average cell updates per second: 114556
INFO (CarpetX): OutputGH: iteration 41, time 0.160156, run time 3 s
INFO (CarpetX): OutputGH done.
INFO (CarpetX): Simulation time: 0.160156   Iterations per second: 28.0944   Simulation time per second: 0.109744
INFO (CarpetX): Grid cells: 4096   Grid cell updates per second: 115074
INFO (CarpetX): Performance:
INFO (CarpetX):   total evolution time:            1.46585 sec
INFO (CarpetX):   total evolution compute time:    1.46455 sec
INFO (CarpetX):   total evolution output time:     0.00130153 sec
INFO (CarpetX):   total iterations:                41
INFO (CarpetX):   total cells updated:             167936
INFO (CarpetX):   average iterations per second: 27.9701
INFO (CarpetX):   average cell updates per second: 114566
INFO (CarpetX): OutputGH: iteration 42, time 0.164062, run time 3 s
INFO (CarpetX): OutputGH done.
INFO (CarpetX): Simulation time: 0.164062   Iterations per second: 28.0661   Simulation time per second: 0.109633
INFO (CarpetX): Grid cells: 4096   Grid cell updates per second: 114959
INFO (CarpetX): Performance:
INFO (CarpetX):   total evolution time:            1.5018 sec
INFO (CarpetX):   total evolution compute time:    1.50047 sec
INFO (CarpetX):   total evolution output time:     0.00133562 sec
INFO (CarpetX):   total iterations:                42
INFO (CarpetX):   total cells updated:             172032
INFO (CarpetX):   average iterations per second: 27.9664
INFO (CarpetX):   average cell updates per second: 114550
INFO (CarpetX): OutputGH: iteration 43, time 0.167969, run time 3 s
INFO (CarpetX): OutputGH done.
INFO (CarpetX): Simulation time: 0.167969   Iterations per second: 28.0793   Simulation time per second: 0.109685
INFO (CarpetX): Grid cells: 4096   Grid cell updates per second: 115013
INFO (CarpetX): Performance:
INFO (CarpetX):   total evolution time:            1.53726 sec
INFO (CarpetX):   total evolution compute time:    1.5359 sec
INFO (CarpetX):   total evolution output time:     0.00136876 sec
INFO (CarpetX):   total iterations:                43
INFO (CarpetX):   total cells updated:             176128
INFO (CarpetX):   average iterations per second: 27.9718
INFO (CarpetX):   average cell updates per second: 114572
INFO (CarpetX): OutputGH: iteration 44, time 0.171875, run time 3 s
INFO (CarpetX): OutputGH done.
INFO (CarpetX): Simulation time: 0.171875   Iterations per second: 28.0642   Simulation time per second: 0.109626
INFO (CarpetX): Grid cells: 4096   Grid cell updates per second: 114951
INFO (CarpetX): Performance:
INFO (CarpetX):   total evolution time:            1.57307 sec
INFO (CarpetX):   total evolution compute time:    1.57167 sec
INFO (CarpetX):   total evolution output time:     0.00139856 sec
INFO (CarpetX):   total iterations:                44
INFO (CarpetX):   total cells updated:             180224
INFO (CarpetX):   average iterations per second: 27.9708
INFO (CarpetX):   average cell updates per second: 114568
INFO (CarpetX): OutputGH: iteration 45, time 0.175781, run time 3 s
INFO (CarpetX): OutputGH done.
INFO (CarpetX): Simulation time: 0.175781   Iterations per second: 28.0559   Simulation time per second: 0.109593
INFO (CarpetX): Grid cells: 4096   Grid cell updates per second: 114917
INFO (CarpetX): Performance:
INFO (CarpetX):   total evolution time:            1.60881 sec
INFO (CarpetX):   total evolution compute time:    1.60737 sec
INFO (CarpetX):   total evolution output time:     0.00143361 sec
INFO (CarpetX):   total iterations:                45
INFO (CarpetX):   total cells updated:             184320
INFO (CarpetX):   average iterations per second: 27.971
INFO (CarpetX):   average cell updates per second: 114569
INFO (CarpetX): OutputGH: iteration 46, time 0.179688, run time 3 s
INFO (CarpetX): OutputGH done.
INFO (CarpetX): Simulation time: 0.179688   Iterations per second: 28.0526   Simulation time per second: 0.109581
INFO (CarpetX): Grid cells: 4096   Grid cell updates per second: 114904
INFO (CarpetX): Performance:
INFO (CarpetX):   total evolution time:            1.64449 sec
INFO (CarpetX):   total evolution compute time:    1.64301 sec
INFO (CarpetX):   total evolution output time:     0.00148654 sec
INFO (CarpetX):   total iterations:                46
INFO (CarpetX):   total cells updated:             188416
INFO (CarpetX):   average iterations per second: 27.9722
INFO (CarpetX):   average cell updates per second: 114574
INFO (CarpetX): OutputGH: iteration 47, time 0.183594, run time 3 s
INFO (CarpetX): OutputGH done.
INFO (CarpetX): Simulation time: 0.183594   Iterations per second: 28.0573   Simulation time per second: 0.109599
INFO (CarpetX): Grid cells: 4096   Grid cell updates per second: 114923
INFO (CarpetX): Performance:
INFO (CarpetX):   total evolution time:            1.68008 sec
INFO (CarpetX):   total evolution compute time:    1.67856 sec
INFO (CarpetX):   total evolution output time:     0.00151563 sec
INFO (CarpetX):   total iterations:                47
INFO (CarpetX):   total cells updated:             192512
INFO (CarpetX):   average iterations per second: 27.9749
INFO (CarpetX):   average cell updates per second: 114585
INFO (CarpetX): OutputGH: iteration 48, time 0.187500, run time 3 s
INFO (CarpetX): OutputGH done.
INFO (CarpetX): Simulation time: 0.1875   Iterations per second: 28.0426   Simulation time per second: 0.109541
INFO (CarpetX): Grid cells: 4096   Grid cell updates per second: 114863
INFO (CarpetX): Performance:
INFO (CarpetX):   total evolution time:            1.71591 sec
INFO (CarpetX):   total evolution compute time:    1.71436 sec
INFO (CarpetX):   total evolution output time:     0.00154471 sec
INFO (CarpetX):   total iterations:                48
INFO (CarpetX):   total cells updated:             196608
INFO (CarpetX):   average iterations per second: 27.9735
INFO (CarpetX):   average cell updates per second: 114580
INFO (CarpetX): OutputGH: iteration 49, time 0.191406, run time 3 s
INFO (CarpetX): OutputGH done.
INFO (CarpetX): Simulation time: 0.191406   Iterations per second: 28.0122   Simulation time per second: 0.109423
INFO (CarpetX): Grid cells: 4096   Grid cell updates per second: 114738
INFO (CarpetX): Performance:
INFO (CarpetX):   total evolution time:            1.75196 sec
INFO (CarpetX):   total evolution compute time:    1.75037 sec
INFO (CarpetX):   total evolution output time:     0.00158072 sec
INFO (CarpetX):   total iterations:                49
INFO (CarpetX):   total cells updated:             200704
INFO (CarpetX):   average iterations per second: 27.9688
INFO (CarpetX):   average cell updates per second: 114560
INFO (CarpetX): OutputGH: iteration 50, time 0.195312, run time 3 s
INFO (CarpetX): OutputGH done.
INFO (CarpetX): Simulation time: 0.195312   Iterations per second: 27.9995   Simulation time per second: 0.109373
INFO (CarpetX): Grid cells: 4096   Grid cell updates per second: 114686
INFO (CarpetX): Performance:
INFO (CarpetX):   total evolution time:            1.78782 sec
INFO (CarpetX):   total evolution compute time:    1.78621 sec
INFO (CarpetX):   total evolution output time:     0.00161052 sec
INFO (CarpetX):   total iterations:                50
INFO (CarpetX):   total cells updated:             204800
INFO (CarpetX):   average iterations per second: 27.9671
INFO (CarpetX):   average cell updates per second: 114553
INFO (CarpetX): OutputGH: iteration 51, time 0.199219, run time 3 s
INFO (CarpetX): OutputGH done.
INFO (CarpetX): Simulation time: 0.199219   Iterations per second: 27.9363   Simulation time per second: 0.109126
INFO (CarpetX): Grid cells: 4096   Grid cell updates per second: 114427
INFO (CarpetX): Performance:
INFO (CarpetX):   total evolution time:            1.82434 sec
INFO (CarpetX):   total evolution compute time:    1.8227 sec
INFO (CarpetX):   total evolution output time:     0.00163865 sec
INFO (CarpetX):   total iterations:                51
INFO (CarpetX):   total cells updated:             208896
INFO (CarpetX):   average iterations per second: 27.9553
INFO (CarpetX):   average cell updates per second: 114505
INFO (CarpetX): OutputGH: iteration 52, time 0.203125, run time 3 s
INFO (CarpetX): OutputGH done.
INFO (CarpetX): Simulation time: 0.203125   Iterations per second: 27.9212   Simulation time per second: 0.109067
INFO (CarpetX): Grid cells: 4096   Grid cell updates per second: 114365
INFO (CarpetX): Performance:
INFO (CarpetX):   total evolution time:            1.86033 sec
INFO (CarpetX):   total evolution compute time:    1.85866 sec
INFO (CarpetX):   total evolution output time:     0.0016675 sec
INFO (CarpetX):   total iterations:                52
INFO (CarpetX):   total cells updated:             212992
INFO (CarpetX):   average iterations per second: 27.9521
INFO (CarpetX):   average cell updates per second: 114492
INFO (CarpetX): OutputGH: iteration 53, time 0.207031, run time 3 s
INFO (CarpetX): OutputGH done.
INFO (CarpetX): Simulation time: 0.207031   Iterations per second: 27.8871   Simulation time per second: 0.108934
INFO (CarpetX): Grid cells: 4096   Grid cell updates per second: 114225
INFO (CarpetX): Performance:
INFO (CarpetX):   total evolution time:            1.89658 sec
INFO (CarpetX):   total evolution compute time:    1.89489 sec
INFO (CarpetX):   total evolution output time:     0.00169563 sec
INFO (CarpetX):   total iterations:                53
INFO (CarpetX):   total cells updated:             217088
INFO (CarpetX):   average iterations per second: 27.945
INFO (CarpetX):   average cell updates per second: 114463
INFO (CarpetX): OutputGH: iteration 54, time 0.210938, run time 3 s
INFO (CarpetX): OutputGH done.
INFO (CarpetX): Simulation time: 0.210938   Iterations per second: 27.859   Simulation time per second: 0.108824
INFO (CarpetX): Grid cells: 4096   Grid cell updates per second: 114111
INFO (CarpetX): Performance:
INFO (CarpetX):   total evolution time:            1.9328 sec
INFO (CarpetX):   total evolution compute time:    1.93107 sec
INFO (CarpetX):   total evolution output time:     0.00173259 sec
INFO (CarpetX):   total iterations:                54
INFO (CarpetX):   total cells updated:             221184
INFO (CarpetX):   average iterations per second: 27.9387
INFO (CarpetX):   average cell updates per second: 114437
INFO (CarpetX): OutputGH: iteration 55, time 0.214844, run time 3 s
INFO (CarpetX): OutputGH done.
INFO (CarpetX): Simulation time: 0.214844   Iterations per second: 27.862   Simulation time per second: 0.108836
INFO (CarpetX): Grid cells: 4096   Grid cell updates per second: 114123
INFO (CarpetX): Performance:
INFO (CarpetX):   total evolution time:            1.96866 sec
INFO (CarpetX):   total evolution compute time:    1.9669 sec
INFO (CarpetX):   total evolution output time:     0.00176072 sec
INFO (CarpetX):   total iterations:                55
INFO (CarpetX):   total cells updated:             225280
INFO (CarpetX):   average iterations per second: 27.9378
INFO (CarpetX):   average cell updates per second: 114433
INFO (CarpetX): OutputGH: iteration 56, time 0.218750, run time 3 s
INFO (CarpetX): OutputGH done.
INFO (CarpetX): Simulation time: 0.21875   Iterations per second: 27.8645   Simulation time per second: 0.108846
INFO (CarpetX): Grid cells: 4096   Grid cell updates per second: 114133
INFO (CarpetX): Performance:
INFO (CarpetX):   total evolution time:            2.00452 sec
INFO (CarpetX):   total evolution compute time:    2.00273 sec
INFO (CarpetX):   total evolution output time:     0.00179052 sec
INFO (CarpetX):   total iterations:                56
INFO (CarpetX):   total cells updated:             229376
INFO (CarpetX):   average iterations per second: 27.9369
INFO (CarpetX):   average cell updates per second: 114430
INFO (CarpetX): OutputGH: iteration 57, time 0.222656, run time 3 s
INFO (CarpetX): OutputGH done.
INFO (CarpetX): Simulation time: 0.222656   Iterations per second: 27.8866   Simulation time per second: 0.108932
INFO (CarpetX): Grid cells: 4096   Grid cell updates per second: 114224
INFO (CarpetX): Performance:
INFO (CarpetX):   total evolution time:            2.04012 sec
INFO (CarpetX):   total evolution compute time:    2.0383 sec
INFO (CarpetX):   total evolution output time:     0.00182462 sec
INFO (CarpetX):   total iterations:                57
INFO (CarpetX):   total cells updated:             233472
INFO (CarpetX):   average iterations per second: 27.9395
INFO (CarpetX):   average cell updates per second: 114440
INFO (CarpetX): OutputGH: iteration 58, time 0.226562, run time 3 s
INFO (CarpetX): OutputGH done.
INFO (CarpetX): Simulation time: 0.226562   Iterations per second: 27.9005   Simulation time per second: 0.108986
INFO (CarpetX): Grid cells: 4096   Grid cell updates per second: 114280
INFO (CarpetX): Performance:
INFO (CarpetX):   total evolution time:            2.0758 sec
INFO (CarpetX):   total evolution compute time:    2.07395 sec
INFO (CarpetX):   total evolution output time:     0.00185251 sec
INFO (CarpetX):   total iterations:                58
INFO (CarpetX):   total cells updated:             237568
INFO (CarpetX):   average iterations per second: 27.941
INFO (CarpetX):   average cell updates per second: 114446
INFO (CarpetX): OutputGH: iteration 59, time 0.230469, run time 3 s
INFO (CarpetX): OutputGH done.
INFO (CarpetX): Simulation time: 0.230469   Iterations per second: 27.9122   Simulation time per second: 0.109032
INFO (CarpetX): Grid cells: 4096   Grid cell updates per second: 114328
INFO (CarpetX): Performance:
INFO (CarpetX):   total evolution time:            2.11149 sec
INFO (CarpetX):   total evolution compute time:    2.1096 sec
INFO (CarpetX):   total evolution output time:     0.00188851 sec
INFO (CarpetX):   total iterations:                59
INFO (CarpetX):   total cells updated:             241664
INFO (CarpetX):   average iterations per second: 27.9423
INFO (CarpetX):   average cell updates per second: 114452
INFO (CarpetX): OutputGH: iteration 60, time 0.234375, run time 3 s
INFO (CarpetX): OutputGH done.
INFO (CarpetX): Simulation time: 0.234375   Iterations per second: 27.918   Simulation time per second: 0.109055
INFO (CarpetX): Grid cells: 4096   Grid cell updates per second: 114352
INFO (CarpetX): Performance:
INFO (CarpetX):   total evolution time:            2.14724 sec
INFO (CarpetX):   total evolution compute time:    2.14532 sec
INFO (CarpetX):   total evolution output time:     0.00192451 sec
INFO (CarpetX):   total iterations:                60
INFO (CarpetX):   total cells updated:             245760
INFO (CarpetX):   average iterations per second: 27.9428
INFO (CarpetX):   average cell updates per second: 114454
INFO (CarpetX): OutputGH: iteration 61, time 0.238281, run time 4 s
INFO (CarpetX): OutputGH done.
INFO (CarpetX): Simulation time: 0.238281   Iterations per second: 27.9059   Simulation time per second: 0.109007
INFO (CarpetX): Grid cells: 4096   Grid cell updates per second: 114303
INFO (CarpetX): Performance:
INFO (CarpetX):   total evolution time:            2.18322 sec
INFO (CarpetX):   total evolution compute time:    2.18126 sec
INFO (CarpetX):   total evolution output time:     0.00195551 sec
INFO (CarpetX):   total iterations:                61
INFO (CarpetX):   total cells updated:             249856
INFO (CarpetX):   average iterations per second: 27.9404
INFO (CarpetX):   average cell updates per second: 114444
INFO (CarpetX): OutputGH: iteration 62, time 0.242188, run time 4 s
INFO (CarpetX): OutputGH done.
INFO (CarpetX): Simulation time: 0.242188   Iterations per second: 27.8615   Simulation time per second: 0.108834
INFO (CarpetX): Grid cells: 4096   Grid cell updates per second: 114121
INFO (CarpetX): Performance:
INFO (CarpetX):   total evolution time:            2.21963 sec
INFO (CarpetX):   total evolution compute time:    2.21763 sec
INFO (CarpetX):   total evolution output time:     0.00199246 sec
INFO (CarpetX):   total iterations:                62
INFO (CarpetX):   total cells updated:             253952
INFO (CarpetX):   average iterations per second: 27.9326
INFO (CarpetX):   average cell updates per second: 114412
INFO (CarpetX): OutputGH: iteration 63, time 0.246094, run time 4 s
INFO (CarpetX): OutputGH done.
INFO (CarpetX): Simulation time: 0.246094   Iterations per second: 27.8566   Simulation time per second: 0.108815
INFO (CarpetX): Grid cells: 4096   Grid cell updates per second: 114101
INFO (CarpetX): Performance:
INFO (CarpetX):   total evolution time:            2.25558 sec
INFO (CarpetX):   total evolution compute time:    2.25356 sec
INFO (CarpetX):   total evolution output time:     0.00201941 sec
INFO (CarpetX):   total iterations:                63
INFO (CarpetX):   total cells updated:             258048
INFO (CarpetX):   average iterations per second: 27.9307
INFO (CarpetX):   average cell updates per second: 114404
INFO (CarpetX): OutputGH: iteration 64, time 0.250000, run time 4 s
INFO (CarpetX): OutputGH done.
INFO (CarpetX): Simulation time: 0.25   Iterations per second: 13.2692   Simulation time per second: 0.0518327
INFO (CarpetX): Grid cells: 4096   Grid cell updates per second: 54350.5
INFO (CarpetX): Performance:
INFO (CarpetX):   total evolution time:            2.68612 sec
INFO (CarpetX):   total evolution compute time:    2.292 sec
INFO (CarpetX):   total evolution output time:     0.394121 sec
INFO (CarpetX):   total iterations:                64
INFO (CarpetX):   total cells updated:             262144
INFO (CarpetX):   average iterations per second: 23.8261
INFO (CarpetX):   average cell updates per second: 97591.9
INFO (CarpetX): Shutting down...
AMReX (25.11) finalized
--------------------------------------------------------------------------------
Done.
+ echo Stopping:
Stopping:
+ date
Sat Jun 13 06:15:04 UTC 2026
+ echo Done.
Done.
  Elapsed time: 3.8 s
