/home/runner/simulations/TestJob01_temp_1/output-0000/TEST/sim/CanudaX_BSSNMoL
Preparing:
+ set -e
+ cd output-0000-active
+ echo Checking:
Checking:
+ pwd
/home/runner/simulations/TestJob01_temp_1/output-0000/TEST/sim/CanudaX_BSSNMoL/output-0000-active
+ hostname
runnervm1li68
+ date
Sat Jun 13 00:06:10 UTC 2026
+ echo Environment:
Environment:
+ export CACTUS_NUM_PROCS=1
+ CACTUS_NUM_PROCS=1
+ export CACTUS_NUM_THREADS=2
+ CACTUS_NUM_THREADS=2
+ export GMON_OUT_PREFIX=gmon.out
+ GMON_OUT_PREFIX=gmon.out
+ export OMP_NUM_THREADS=2
+ OMP_NUM_THREADS=2
+ env
+ sort
+ echo Starting:
Starting:
++ date +%s
+ export CACTUS_STARTTIME=1781309170
+ CACTUS_STARTTIME=1781309170
+ '[' 1 = 1 ']'
+ '[' 0 -eq 0 ']'
+ /home/runner/simulations/TestJob01_temp_1/SIMFACTORY/exe/cactus_sim -L 3 /home/runner/simulations/TestJob01_temp_1/output-0000/arrangements/CanudaX/CanudaX_BSSNMoL/test/gaugewave.par
INFO (Cactus): Increased logging level from 0 to 3
--------------------------------------------------------------------------------

       10                                  
  1   0101       ************************  
  01  1010 10      The Cactus Code V4.20.0    
 1010 1101 011      www.cactuscode.org     
  1001 100101    ************************  
    00010101                               
     100011     (c) Copyright The Authors  
      0100      GNU Licensed. No Warranty  
      0101                                 
--------------------------------------------------------------------------------

Cactus version:    4.20.0
Compile date:      Jun 13 2026 (00:03:44)
Run date:          Jun 13 2026 (00:06:10+0000)
Run host:          runnervm1li68.aleh44j0uonurldi53v2cbfpyh.ex.internal.cloudapp.net (pid=173100)
Working directory: /home/runner/simulations/TestJob01_temp_1/output-0000/TEST/sim/CanudaX_BSSNMoL
Executable:        /home/runner/simulations/TestJob01_temp_1/SIMFACTORY/exe/cactus_sim
Parameter file:    /home/runner/simulations/TestJob01_temp_1/output-0000/arrangements/CanudaX/CanudaX_BSSNMoL/test/gaugewave.par
--------------------------------------------------------------------------------

Activating thorn Cactus...Success -> active implementation Cactus
Activation requested for 
--->ADMBaseX CanudaX_BSSNMoL CanudaX_ExactID CarpetX IOUtil ODESolvers TmunuBaseX<---
Thorn ADMBaseX requests automatic activation of Loop
Thorn CarpetX requests automatic activation of AMReX
Thorn CarpetX requests automatic activation of MPI
Thorn CarpetX requests automatic activation of yaml_cpp
Thorn CarpetX requests automatic activation of zlib
Thorn CarpetX requests automatic activation of Arith
Thorn CarpetX requests automatic activation of CarpetXRegrid
Thorn CarpetX requests automatic activation of ADIOS2
Thorn CarpetX requests automatic activation of openPMD
Thorn CarpetX requests automatic activation of Silo
Thorn ADIOS2 requests automatic activation of CMake
Thorn Arith requests automatic activation of NSIMD
Thorn MPI requests automatic activation of hwloc
Thorn openPMD requests automatic activation of HDF5
Activating thorn ADIOS2...Success -> active implementation ADIOS2
Activating thorn ADMBaseX...Success -> active implementation ADMBaseX
Activating thorn AMReX...Success -> active implementation AMReX
Activating thorn Arith...Success -> active implementation Arith
Activating thorn CanudaX_BSSNMoL...Success -> active implementation CanudaX_BSSNMoL
Activating thorn CanudaX_ExactID...Success -> active implementation CanudaX_ExactID
Activating thorn CarpetX...Success -> active implementation Driver
Activating thorn CarpetXRegrid...Success -> active implementation CarpetXRegrid
Activating thorn CMake...Success -> active implementation CMake
Activating thorn HDF5...Success -> active implementation HDF5
Activating thorn hwloc...Success -> active implementation hwloc
Activating thorn IOUtil...Success -> active implementation IO
Activating thorn Loop...Success -> active implementation Loop
Activating thorn MPI...Success -> active implementation MPI
Activating thorn NSIMD...Success -> active implementation NSIMD
Activating thorn ODESolvers...Success -> active implementation ODESolvers
Activating thorn openPMD...Success -> active implementation openPMD
Activating thorn Silo...Success -> active implementation Silo
Activating thorn TmunuBaseX...Success -> active implementation TmunuBaseX
Activating thorn yaml_cpp...Success -> active implementation yaml_cpp
Activating thorn zlib...Success -> active implementation zlib
--------------------------------------------------------------------------------
  if (recover initial data)
    Recover parameters
  endif

  Startup routines
    [CCTK_STARTUP]
      CarpetX::Driver_Startup: Start up the driver
      IOUtil::IOUtil_Startup: Startup routine
      GROUP hwloc_startup: hwloc startup group
        hwloc::hwloc_version: Output hwloc version

  Startup routines which need an existing grid hierarchy
    [CCTK_WRAGH]
      Arith::Test_smallvector: [meta] Test small vectors
      Arith::Test_spvect: [meta] Test sparse vectors
      ODESolvers::ODESolvers_InitConstants: [global] Set up dummy loop counters for schedule printout
  Parameter checking routines
    [CCTK_PARAMCHECK]
      CanudaX_BSSNMoL::CanudaX_BSSNMoL_paramcheck: Check CanudaX_BSSNMoL parameters for consistency

  Initialisation
    if (NOT (recover initial data AND recovery_mode is 'strict'))
      [CCTK_PREREGRIDINITIAL]
      Set up grid hierarchy
      [CCTK_POSTREGRIDINITIAL]
      [CCTK_BASEGRID]
        CarpetXRegrid::CarpetXRegrid_InitError: Initialize regridding error to zero
        GROUP ODESolvers_BaseGrid: Set up constants (e.g. coordinates) everywhere on the grid
      [CCTK_INITIAL]
        GROUP TmunuBaseX_SetTmunuVars: Schedule group for setting T_munu
          TmunuBaseX::TmunuBaseX_ZeroTmunu: Set T_munu to zero
          GROUP TmunuBaseX_AddToTmunu: Add to T_munu here
        GROUP ODESolvers_Initial: Set up initial conditions on interior of state vector
          GROUP ADMBaseX_InitialData: Schedule group for calculating ADM initial data
            GROUP CanudaX_ExactIDGroup: CanudaX_ExactID group for setting up initial data
              CanudaX_ExactID::CanudaX_ExactID_GaugeWave: [local] Create gauge wave initial data
          GROUP ADMBaseX_InitialGauge: Schedule group for the ADM initial gauge condition
            ADMBaseX::ADMBaseX_initial_dtlapse: Set dtlapse to zero
            ADMBaseX::ADMBaseX_initial_dtshift: Set dtshift to zero
          GROUP ADMBaseX_PostInitial: Schedule group for modifying the ADM initial data, such as e.g. adding noise
        GROUP CanudaX_BSSNMoL_InitialGroup: CanudaX_BSSNMoL: initial bin
          CanudaX_BSSNMoL::CanudaX_BSSNMoL_adm2bssn: [local] Convert initial data into BSSN variables
          CanudaX_BSSNMoL::CanudaX_BSSNMoL_gammat: [local] Set Gammat initial data
      [CCTK_POSTINITIAL]
        GROUP ODESolvers_PostStep: Apply boundary conditions to state vector, and project if necessary
          GROUP CanudaX_BSSNMoL_PostStepGroup: CanudaX_BSSNMoL: post-step operations
            CanudaX_BSSNMoL::CanudaX_BSSNMoL_impose_conf_fac_floor: Make sure conformal factor does not drop below specified value
            CanudaX_BSSNMoL::CanudaX_BSSNMoL_reset_detmetric: reset dethh = 1
            CanudaX_BSSNMoL::CanudaX_BSSNMoL_remove_trA: Remove trace of A
            CanudaX_BSSNMoL::CanudaX_BSSNMoL_sync: [global] Sync state vector
            CanudaX_BSSNMoL::CanudaX_BSSNMoL_bssn2adm: [local] Convert variables back to the ADM ones
          GROUP ADMBaseX_SetADMRHS: Set ADM RHS variables in this group
          GROUP ADMBaseX_SetADMVars: Set ADM variables in this group
          GROUP TmunuBaseX_SetTmunuVars: Schedule group for setting T_munu
            TmunuBaseX::TmunuBaseX_ZeroTmunu: Set T_munu to zero
            GROUP TmunuBaseX_AddToTmunu: Add to T_munu here
        GROUP ODESolvers_EstimateError: Estimate discretization error (for regridding)
      Initialise finer grids recursively
      Restrict from finer grids
      [CCTK_POSTRESTRICTINITIAL]
      [CCTK_POSTPOSTINITIAL]
      [CCTK_POSTSTEP]
        GROUP ODESolvers_EstimateError: Estimate discretization error (for regridding)
    endif
    if (recover initial data)
      [CCTK_BASEGRID]
        CarpetXRegrid::CarpetXRegrid_InitError: Initialize regridding error to zero
        GROUP ODESolvers_BaseGrid: Set up constants (e.g. coordinates) everywhere on the grid
      [CCTK_RECOVER_VARIABLES]
      [CCTK_POST_RECOVER_VARIABLES]
        GROUP ODESolvers_PostStep: Apply boundary conditions to state vector, and project if necessary
          GROUP CanudaX_BSSNMoL_PostStepGroup: CanudaX_BSSNMoL: post-step operations
            CanudaX_BSSNMoL::CanudaX_BSSNMoL_impose_conf_fac_floor: Make sure conformal factor does not drop below specified value
            CanudaX_BSSNMoL::CanudaX_BSSNMoL_reset_detmetric: reset dethh = 1
            CanudaX_BSSNMoL::CanudaX_BSSNMoL_remove_trA: Remove trace of A
            CanudaX_BSSNMoL::CanudaX_BSSNMoL_sync: [global] Sync state vector
            CanudaX_BSSNMoL::CanudaX_BSSNMoL_bssn2adm: [local] Convert variables back to the ADM ones
          GROUP ADMBaseX_SetADMRHS: Set ADM RHS variables in this group
          GROUP ADMBaseX_SetADMVars: Set ADM variables in this group
          GROUP TmunuBaseX_SetTmunuVars: Schedule group for setting T_munu
            TmunuBaseX::TmunuBaseX_ZeroTmunu: Set T_munu to zero
            GROUP TmunuBaseX_AddToTmunu: Add to T_munu here
        GROUP ODESolvers_EstimateError: Estimate discretization error (for regridding)
    endif
    if (checkpoint initial data)
      [CCTK_CPINITIAL]
        CarpetX::CarpetX_CheckpointInitial: [meta] Checkpoint initial conditions
    endif
    if (analysis)
      [CCTK_ANALYSIS]
        CanudaX_BSSNMoL::CanudaX_BSSNMoL_bssn_constraints: Compute constraints
        GROUP ODESolvers_Analysis: Calculate analysis quantities everywhere
  endif
  Output grid variables

  do loop over timesteps
    [CCTK_PREREGRID]
    Change grid hierarchy
    [CCTK_POSTREGRID]
      GROUP ODESolvers_PostStep: Apply boundary conditions to state vector, and project if necessary
        GROUP CanudaX_BSSNMoL_PostStepGroup: CanudaX_BSSNMoL: post-step operations
          CanudaX_BSSNMoL::CanudaX_BSSNMoL_impose_conf_fac_floor: Make sure conformal factor does not drop below specified value
          CanudaX_BSSNMoL::CanudaX_BSSNMoL_reset_detmetric: reset dethh = 1
          CanudaX_BSSNMoL::CanudaX_BSSNMoL_remove_trA: Remove trace of A
          CanudaX_BSSNMoL::CanudaX_BSSNMoL_sync: [global] Sync state vector
          CanudaX_BSSNMoL::CanudaX_BSSNMoL_bssn2adm: [local] Convert variables back to the ADM ones
        GROUP ADMBaseX_SetADMRHS: Set ADM RHS variables in this group
        GROUP ADMBaseX_SetADMVars: Set ADM variables in this group
        GROUP TmunuBaseX_SetTmunuVars: Schedule group for setting T_munu
          TmunuBaseX::TmunuBaseX_ZeroTmunu: Set T_munu to zero
          GROUP TmunuBaseX_AddToTmunu: Add to T_munu here
    Rotate timelevels
    iteration = iteration+1
    t = t+dt
    [CCTK_PRESTEP]
    [CCTK_EVOL]
      ODESolvers::ODESolvers_Solve: [level] Solve ODEs
      while (ODESolvers::do_substeps)
        GROUP ODESolvers_CalledBySolve: Groups internally scheduled by ODESolvers_Solve
          GROUP ODESolvers_RHS: Evaluate the RHS for of state vector everywhere on the grid
            GROUP CanudaX_BSSNMoL_RHSGroup: CanudaX_BSSNMoL: calculate BSSN RHS
              CanudaX_BSSNMoL::CanudaX_BSSNMoL_calc_bssn_rhs: MoL RHS calculation
              CanudaX_BSSNMoL::CanudaX_BSSNMoL_apply_boundary_conditions: Apply radiative boundary conditions 
          GROUP ODESolvers_PostStep: Apply boundary conditions to state vector, and project if necessary
            GROUP CanudaX_BSSNMoL_PostStepGroup: CanudaX_BSSNMoL: post-step operations
              CanudaX_BSSNMoL::CanudaX_BSSNMoL_impose_conf_fac_floor: Make sure conformal factor does not drop below specified value
              CanudaX_BSSNMoL::CanudaX_BSSNMoL_reset_detmetric: reset dethh = 1
              CanudaX_BSSNMoL::CanudaX_BSSNMoL_remove_trA: Remove trace of A
              CanudaX_BSSNMoL::CanudaX_BSSNMoL_sync: [global] Sync state vector
              CanudaX_BSSNMoL::CanudaX_BSSNMoL_bssn2adm: [local] Convert variables back to the ADM ones
            GROUP ADMBaseX_SetADMRHS: Set ADM RHS variables in this group
            GROUP ADMBaseX_SetADMVars: Set ADM variables in this group
            GROUP TmunuBaseX_SetTmunuVars: Schedule group for setting T_munu
              TmunuBaseX::TmunuBaseX_ZeroTmunu: Set T_munu to zero
              GROUP TmunuBaseX_AddToTmunu: Add to T_munu here
      end while
    Evolve finer grids recursively
    Restrict from finer grids
    [CCTK_POSTRESTRICT]
      GROUP ODESolvers_PostStep: Apply boundary conditions to state vector, and project if necessary
        GROUP CanudaX_BSSNMoL_PostStepGroup: CanudaX_BSSNMoL: post-step operations
          CanudaX_BSSNMoL::CanudaX_BSSNMoL_impose_conf_fac_floor: Make sure conformal factor does not drop below specified value
          CanudaX_BSSNMoL::CanudaX_BSSNMoL_reset_detmetric: reset dethh = 1
          CanudaX_BSSNMoL::CanudaX_BSSNMoL_remove_trA: Remove trace of A
          CanudaX_BSSNMoL::CanudaX_BSSNMoL_sync: [global] Sync state vector
          CanudaX_BSSNMoL::CanudaX_BSSNMoL_bssn2adm: [local] Convert variables back to the ADM ones
        GROUP ADMBaseX_SetADMRHS: Set ADM RHS variables in this group
        GROUP ADMBaseX_SetADMVars: Set ADM variables in this group
        GROUP TmunuBaseX_SetTmunuVars: Schedule group for setting T_munu
          TmunuBaseX::TmunuBaseX_ZeroTmunu: Set T_munu to zero
          GROUP TmunuBaseX_AddToTmunu: Add to T_munu here
    [CCTK_POSTSTEP]
      GROUP ODESolvers_EstimateError: Estimate discretization error (for regridding)
    if (checkpoint)
      [CCTK_CHECKPOINT]
      CarpetX::CarpetX_Checkpoint: [meta] Checkpoint
    endif
    if (analysis)
      [CCTK_ANALYSIS]
      CanudaX_BSSNMoL::CanudaX_BSSNMoL_bssn_constraints: Compute constraints
      GROUP ODESolvers_Analysis: Calculate analysis quantities everywhere
    endif
    Output grid variables
    enddo

  Termination routines
    [CCTK_TERMINATE]
      CarpetX::CarpetX_CheckpointTerminate: [meta] Checkpoint before terminating

  Shutdown routines
    [CCTK_SHUTDOWN]
      CarpetX::Driver_Shutdown: [meta] Shut down the driver

  Routines run after changing the grid hierarchy:
    [CCTK_POSTREGRID]
      GROUP ODESolvers_PostStep: Apply boundary conditions to state vector, and project if necessary
        GROUP CanudaX_BSSNMoL_PostStepGroup: CanudaX_BSSNMoL: post-step operations
          CanudaX_BSSNMoL::CanudaX_BSSNMoL_impose_conf_fac_floor: Make sure conformal factor does not drop below specified value
          CanudaX_BSSNMoL::CanudaX_BSSNMoL_reset_detmetric: reset dethh = 1
          CanudaX_BSSNMoL::CanudaX_BSSNMoL_remove_trA: Remove trace of A
          CanudaX_BSSNMoL::CanudaX_BSSNMoL_sync: [global] Sync state vector
          CanudaX_BSSNMoL::CanudaX_BSSNMoL_bssn2adm: [local] Convert variables back to the ADM ones
        GROUP ADMBaseX_SetADMRHS: Set ADM RHS variables in this group
        GROUP ADMBaseX_SetADMVars: Set ADM variables in this group
        GROUP TmunuBaseX_SetTmunuVars: Schedule group for setting T_munu
          TmunuBaseX::TmunuBaseX_ZeroTmunu: Set T_munu to zero
          GROUP TmunuBaseX_AddToTmunu: Add to T_munu here
--------------------------------------------------------------------------------
INFO (hwloc): library version 2.10.0, API version 0x20800
--------------------------------------------------------------------------------

  [34m  ▕▏  [34m  ▕▏  [34m  ▕▏  [34m  ▕▏  [34m  ▕▏  [34m  ▕▏  [34m  ▕▏  [34m  ▕▏  [34m  ▕▏  [39m  
  [34m──██──[34m──██──[34m──██──[34m──██──[34m──██──[34m──██──[34m──██──[34m──██──[34m──██──[39m  
  [34m  ▕▏  [34m  ▕▏  [34m  ▕▏  [34m  ▕▏  [34m  ▕▏  [34m  ▕▏  [34m  ▕▏  [34m  ▕▏  [34m  ▕▏  [39m  
  [34m  ▕▏  [32m██████[34m  ▕▏  [34m  ▕▏  [32m██████[34m  ▕▏  [34m  ▕▏  [32m██████[34m  ▕▏  [39m  
  [34m──██──[32m██████[34m──██──[34m──██──[32m██████[34m──██──[34m──██──[32m██████[34m──██──[39m  
  [34m  ▕▏  [32m██████[34m  ▕▏  [34m  ▕▏  [32m██████[34m  ▕▏  [34m  ▕▏  [32m██████[34m  ▕▏  [39m  
  [34m  ▕▏  [34m  ▕▏  [34m  ▕▏  [34m  ▕▏  [34m  ▕▏  [34m  ▕▏  [34m  ▕▏  [34m  ▕▏  [34m  ▕▏  [39m  
  [34m──██──[34m──██──[34m──██──[34m──██──[34m──██──[34m──██──[34m──██──[34m──██──[34m──██──[39m  
  [34m  ▕▏  [34m  ▕▏  [34m  ▕▏  [34m  ▕▏  [34m  ▕▏  [34m  ▕▏  [34m  ▕▏  [34m  ▕▏  [34m  ▕▏  [39m  
  [34m  ▕▏  [34m  ▕▏  [34m  ▕▏  [31m██████[31m██████[31m██████[34m  ▕▏  [34m  ▕▏  [34m  ▕▏  [39m  
  [34m──██──[34m──██──[34m──██──[31m██████[31m██████[31m██████[34m──██──[34m──██──[34m──██──[39m  
  [34m  ▕▏  [34m  ▕▏  [34m  ▕▏  [31m██████[31m██████[31m██████[34m  ▕▏  [34m  ▕▏  [34m  ▕▏  [39m  
  [34m  ▕▏  [32m██████[34m  ▕▏  [31m██████[31m██████[31m██████[34m  ▕▏  [32m██████[34m  ▕▏  [39m  
  [34m──██──[32m██████[34m──██──[31m██████[31m██████[31m██████[34m──██──[32m██████[34m──██──[39m  
  [34m  ▕▏  [32m██████[34m  ▕▏  [31m██████[31m██████[31m██████[34m  ▕▏  [32m██████[34m  ▕▏  [39m  
  [34m  ▕▏  [34m  ▕▏  [34m  ▕▏  [31m██████[31m██████[31m██████[34m  ▕▏  [34m  ▕▏  [34m  ▕▏  [39m  
  [34m──██──[34m──██──[34m──██──[31m██████[31m██████[31m██████[34m──██──[34m──██──[34m──██──[39m  
  [34m  ▕▏  [34m  ▕▏  [34m  ▕▏  [31m██████[31m██████[31m██████[34m  ▕▏  [34m  ▕▏  [34m  ▕▏  [39m  
  [34m  ▕▏  [34m  ▕▏  [34m  ▕▏  [34m  ▕▏  [34m  ▕▏  [34m  ▕▏  [34m  ▕▏  [34m  ▕▏  [34m  ▕▏  [39m  
  [34m──██──[34m──██──[34m──██──[34m──██──[34m──██──[34m──██──[34m──██──[34m──██──[34m──██──[39m  
  [34m  ▕▏  [34m  ▕▏  [34m  ▕▏  [34m  ▕▏  [34m  ▕▏  [34m  ▕▏  [34m  ▕▏  [34m  ▕▏  [34m  ▕▏  [39m  
  [34m  ▕▏  [32m██████[34m  ▕▏  [34m  ▕▏  [32m██████[34m  ▕▏  [34m  ▕▏  [32m██████[34m  ▕▏  [39m  
  [34m──██──[32m██████[34m──██──[34m──██──[32m██████[34m──██──[34m──██──[32m██████[34m──██──[39m  
  [34m  ▕▏  [32m██████[34m  ▕▏  [34m  ▕▏  [32m██████[34m  ▕▏  [34m  ▕▏  [32m██████[34m  ▕▏  [39m  
  [34m  ▕▏  [34m  ▕▏  [34m  ▕▏  [34m  ▕▏  [34m  ▕▏  [34m  ▕▏  [34m  ▕▏  [34m  ▕▏  [34m  ▕▏  [39m  
  [34m──██──[34m──██──[34m──██──[34m──██──[34m──██──[34m──██──[34m──██──[34m──██──[34m──██──[39m  
  [34m  ▕▏  [34m  ▕▏  [34m  ▕▏  [34m  ▕▏  [34m  ▕▏  [34m  ▕▏  [34m  ▕▏  [34m  ▕▏  [34m  ▕▏  [39m  

AMR driver provided by CarpetX,
using AMReX 25.11 (MPI, OpenMP, no accelerators, debug)
--------------------------------------------------------------------------------

Initializing AMReX (25.11)...
MPI initialized with 1 MPI processes
MPI initialized with thread support level 2
OMP initialized with 2 OMP threads
AMReX (25.11) initialized
INFO (CarpetX): 
Symmetries:
  lower x: periodic
  lower y: periodic
  lower z: periodic
  upper x: periodic
  upper y: periodic
  upper z: periodic
Default boundaries:
  lower x: symmetry_boundary
  lower y: symmetry_boundary
  lower z: symmetry_boundary
  upper x: symmetry_boundary
  upper y: symmetry_boundary
  upper z: symmetry_boundary
INFO (Arith): Test_smallvector
INFO (Arith): Test_spvect
INFO (CarpetX): Setting initial values for max_grid_size values for all levels
INFO (CarpetX): Setting up initial conditions...
INFO (CarpetX): Iteration: 0   time: 0   delta_time: 0.00390625
INFO (CarpetX): Patch 0:
INFO (CarpetX):   Grid extent:
INFO (CarpetX):     gsh=[71,15,15]
INFO (CarpetX):     blocking_factor=[8,8,8]
INFO (CarpetX):     max_grid_size=[10000000,10000000,10000000]
INFO (CarpetX):     max_tile_size=[1024000,16,32]
INFO (CarpetX):   Domain extent:
INFO (CarpetX):     xmin=[-0.5,-0.0625,-0.0625]
INFO (CarpetX):     xmax=[0.5,0.0625,0.0625]
INFO (CarpetX):     base dx=[0.015625,0.015625,0.015625]
INFO (CarpetX): Initializing level 0...
INFO (CanudaX_ExactID): Begin Gauge Wave initial data
INFO (CanudaX_ExactID): === End gauge wave initial data ===
INFO (CarpetX): Regridding...
INFO (CarpetX):   level 0: 1 boxes, 4096 cells (100%)
INFO (CarpetX): Initialized 1 levels
INFO (CarpetX): OutputGH: iteration 0, time 0.000000, run time 0 s
INFO (CarpetX): OutputGH done.
INFO (CarpetX): Starting evolution...
INFO (ODESolvers): ODE integrator is RK4
INFO (CarpetX): OutputGH: iteration 1, time 0.003906, run time 1 s
INFO (CarpetX): OutputGH done.
INFO (CarpetX): Simulation time: 0.00390625   Iterations per second: 19.4186   Simulation time per second: 0.075854
INFO (CarpetX): Grid cells: 4096   Grid cell updates per second: 79538.6
INFO (CarpetX): Performance:
INFO (CarpetX):   total evolution time:            0.051497 sec
INFO (CarpetX):   total evolution compute time:    0.0514898 sec
INFO (CarpetX):   total evolution output time:     7.15256e-06 sec
INFO (CarpetX):   total iterations:                1
INFO (CarpetX):   total cells updated:             4096
INFO (CarpetX):   average iterations per second: 19.4186
INFO (CarpetX):   average cell updates per second: 79538.6
INFO (CarpetX): OutputGH: iteration 2, time 0.007812, run time 1 s
INFO (CarpetX): OutputGH done.
INFO (CarpetX): Simulation time: 0.0078125   Iterations per second: 19.8649   Simulation time per second: 0.0775973
INFO (CarpetX): Grid cells: 4096   Grid cell updates per second: 81366.6
INFO (CarpetX): Performance:
INFO (CarpetX):   total evolution time:            0.10068 sec
INFO (CarpetX):   total evolution compute time:    0.100667 sec
INFO (CarpetX):   total evolution output time:     1.33514e-05 sec
INFO (CarpetX):   total iterations:                2
INFO (CarpetX):   total cells updated:             8192
INFO (CarpetX):   average iterations per second: 19.8649
INFO (CarpetX):   average cell updates per second: 81366.6
INFO (CarpetX): OutputGH: iteration 3, time 0.011719, run time 1 s
INFO (CarpetX): OutputGH done.
INFO (CarpetX): Simulation time: 0.0117188   Iterations per second: 20.0151   Simulation time per second: 0.0781839
INFO (CarpetX): Grid cells: 4096   Grid cell updates per second: 81981.7
INFO (CarpetX): Performance:
INFO (CarpetX):   total evolution time:            0.149887 sec
INFO (CarpetX):   total evolution compute time:    0.149868 sec
INFO (CarpetX):   total evolution output time:     1.93119e-05 sec
INFO (CarpetX):   total iterations:                3
INFO (CarpetX):   total cells updated:             12288
INFO (CarpetX):   average iterations per second: 20.0151
INFO (CarpetX):   average cell updates per second: 81981.7
INFO (CarpetX): OutputGH: iteration 4, time 0.015625, run time 1 s
INFO (CarpetX): OutputGH done.
INFO (CarpetX): Simulation time: 0.015625   Iterations per second: 20.0999   Simulation time per second: 0.0785152
INFO (CarpetX): Grid cells: 4096   Grid cell updates per second: 82329.1
INFO (CarpetX): Performance:
INFO (CarpetX):   total evolution time:            0.199006 sec
INFO (CarpetX):   total evolution compute time:    0.19898 sec
INFO (CarpetX):   total evolution output time:     2.64645e-05 sec
INFO (CarpetX):   total iterations:                4
INFO (CarpetX):   total cells updated:             16384
INFO (CarpetX):   average iterations per second: 20.0999
INFO (CarpetX):   average cell updates per second: 82329.1
INFO (CarpetX): OutputGH: iteration 5, time 0.019531, run time 1 s
INFO (CarpetX): OutputGH done.
INFO (CarpetX): Simulation time: 0.0195312   Iterations per second: 20.1508   Simulation time per second: 0.0787141
INFO (CarpetX): Grid cells: 4096   Grid cell updates per second: 82537.7
INFO (CarpetX): Performance:
INFO (CarpetX):   total evolution time:            0.248129 sec
INFO (CarpetX):   total evolution compute time:    0.248097 sec
INFO (CarpetX):   total evolution output time:     3.24249e-05 sec
INFO (CarpetX):   total iterations:                5
INFO (CarpetX):   total cells updated:             20480
INFO (CarpetX):   average iterations per second: 20.1508
INFO (CarpetX):   average cell updates per second: 82537.7
INFO (CarpetX): OutputGH: iteration 6, time 0.023438, run time 1 s
INFO (CarpetX): OutputGH done.
INFO (CarpetX): Simulation time: 0.0234375   Iterations per second: 20.1849   Simulation time per second: 0.0788472
INFO (CarpetX): Grid cells: 4096   Grid cell updates per second: 82677.3
INFO (CarpetX): Performance:
INFO (CarpetX):   total evolution time:            0.297252 sec
INFO (CarpetX):   total evolution compute time:    0.297213 sec
INFO (CarpetX):   total evolution output time:     3.93391e-05 sec
INFO (CarpetX):   total iterations:                6
INFO (CarpetX):   total cells updated:             24576
INFO (CarpetX):   average iterations per second: 20.1849
INFO (CarpetX):   average cell updates per second: 82677.3
INFO (CarpetX): OutputGH: iteration 7, time 0.027344, run time 1 s
INFO (CarpetX): OutputGH done.
INFO (CarpetX): Simulation time: 0.0273438   Iterations per second: 20.2061   Simulation time per second: 0.0789301
INFO (CarpetX): Grid cells: 4096   Grid cell updates per second: 82764.2
INFO (CarpetX): Performance:
INFO (CarpetX):   total evolution time:            0.34643 sec
INFO (CarpetX):   total evolution compute time:    0.346385 sec
INFO (CarpetX):   total evolution output time:     4.52995e-05 sec
INFO (CarpetX):   total iterations:                7
INFO (CarpetX):   total cells updated:             28672
INFO (CarpetX):   average iterations per second: 20.2061
INFO (CarpetX):   average cell updates per second: 82764.2
INFO (CarpetX): OutputGH: iteration 8, time 0.031250, run time 1 s
INFO (CarpetX): OutputGH done.
INFO (CarpetX): Simulation time: 0.03125   Iterations per second: 20.2227   Simulation time per second: 0.0789951
INFO (CarpetX): Grid cells: 4096   Grid cell updates per second: 82832.4
INFO (CarpetX): Performance:
INFO (CarpetX):   total evolution time:            0.395594 sec
INFO (CarpetX):   total evolution compute time:    0.395543 sec
INFO (CarpetX):   total evolution output time:     5.126e-05 sec
INFO (CarpetX):   total iterations:                8
INFO (CarpetX):   total cells updated:             32768
INFO (CarpetX):   average iterations per second: 20.2227
INFO (CarpetX):   average cell updates per second: 82832.4
INFO (CarpetX): OutputGH: iteration 9, time 0.035156, run time 1 s
INFO (CarpetX): OutputGH done.
INFO (CarpetX): Simulation time: 0.0351562   Iterations per second: 20.241   Simulation time per second: 0.0790666
INFO (CarpetX): Grid cells: 4096   Grid cell updates per second: 82907.3
INFO (CarpetX): Performance:
INFO (CarpetX):   total evolution time:            0.444641 sec
INFO (CarpetX):   total evolution compute time:    0.444583 sec
INFO (CarpetX):   total evolution output time:     5.84126e-05 sec
INFO (CarpetX):   total iterations:                9
INFO (CarpetX):   total cells updated:             36864
INFO (CarpetX):   average iterations per second: 20.241
INFO (CarpetX):   average cell updates per second: 82907.3
INFO (CarpetX): OutputGH: iteration 10, time 0.039062, run time 1 s
INFO (CarpetX): OutputGH done.
INFO (CarpetX): Simulation time: 0.0390625   Iterations per second: 20.2508   Simulation time per second: 0.0791046
INFO (CarpetX): Grid cells: 4096   Grid cell updates per second: 82947.2
INFO (CarpetX): Performance:
INFO (CarpetX):   total evolution time:            0.493808 sec
INFO (CarpetX):   total evolution compute time:    0.49373 sec
INFO (CarpetX):   total evolution output time:     7.84397e-05 sec
INFO (CarpetX):   total iterations:                10
INFO (CarpetX):   total cells updated:             40960
INFO (CarpetX):   average iterations per second: 20.2508
INFO (CarpetX):   average cell updates per second: 82947.2
INFO (CarpetX): OutputGH: iteration 11, time 0.042969, run time 1 s
INFO (CarpetX): OutputGH done.
INFO (CarpetX): Simulation time: 0.0429688   Iterations per second: 20.2629   Simulation time per second: 0.0791518
INFO (CarpetX): Grid cells: 4096   Grid cell updates per second: 82996.7
INFO (CarpetX): Performance:
INFO (CarpetX):   total evolution time:            0.542894 sec
INFO (CarpetX):   total evolution compute time:    0.54281 sec
INFO (CarpetX):   total evolution output time:     8.44002e-05 sec
INFO (CarpetX):   total iterations:                11
INFO (CarpetX):   total cells updated:             45056
INFO (CarpetX):   average iterations per second: 20.2618
INFO (CarpetX):   average cell updates per second: 82992.2
INFO (CarpetX): OutputGH: iteration 12, time 0.046875, run time 1 s
INFO (CarpetX): OutputGH done.
INFO (CarpetX): Simulation time: 0.046875   Iterations per second: 20.2707   Simulation time per second: 0.0791825
INFO (CarpetX): Grid cells: 4096   Grid cell updates per second: 83028.9
INFO (CarpetX): Performance:
INFO (CarpetX):   total evolution time:            0.592054 sec
INFO (CarpetX):   total evolution compute time:    0.591964 sec
INFO (CarpetX):   total evolution output time:     9.03606e-05 sec
INFO (CarpetX):   total iterations:                12
INFO (CarpetX):   total cells updated:             49152
INFO (CarpetX):   average iterations per second: 20.2684
INFO (CarpetX):   average cell updates per second: 83019.4
INFO (CarpetX): OutputGH: iteration 13, time 0.050781, run time 1 s
INFO (CarpetX): OutputGH done.
INFO (CarpetX): Simulation time: 0.0507812   Iterations per second: 20.2796   Simulation time per second: 0.0792171
INFO (CarpetX): Grid cells: 4096   Grid cell updates per second: 83065.2
INFO (CarpetX): Performance:
INFO (CarpetX):   total evolution time:            0.641171 sec
INFO (CarpetX):   total evolution compute time:    0.641074 sec
INFO (CarpetX):   total evolution output time:     9.72748e-05 sec
INFO (CarpetX):   total iterations:                13
INFO (CarpetX):   total cells updated:             53248
INFO (CarpetX):   average iterations per second: 20.2754
INFO (CarpetX):   average cell updates per second: 83048
INFO (CarpetX): OutputGH: iteration 14, time 0.054688, run time 1 s
INFO (CarpetX): OutputGH done.
INFO (CarpetX): Simulation time: 0.0546875   Iterations per second: 20.2829   Simulation time per second: 0.0792301
INFO (CarpetX): Grid cells: 4096   Grid cell updates per second: 83078.7
INFO (CarpetX): Performance:
INFO (CarpetX):   total evolution time:            0.690401 sec
INFO (CarpetX):   total evolution compute time:    0.690297 sec
INFO (CarpetX):   total evolution output time:     0.000104427 sec
INFO (CarpetX):   total iterations:                14
INFO (CarpetX):   total cells updated:             57344
INFO (CarpetX):   average iterations per second: 20.2781
INFO (CarpetX):   average cell updates per second: 83058.9
INFO (CarpetX): OutputGH: iteration 15, time 0.058594, run time 1 s
INFO (CarpetX): OutputGH done.
INFO (CarpetX): Simulation time: 0.0585938   Iterations per second: 20.2889   Simulation time per second: 0.0792536
INFO (CarpetX): Grid cells: 4096   Grid cell updates per second: 83103.5
INFO (CarpetX): Performance:
INFO (CarpetX):   total evolution time:            0.739557 sec
INFO (CarpetX):   total evolution compute time:    0.739447 sec
INFO (CarpetX):   total evolution output time:     0.000110388 sec
INFO (CarpetX):   total iterations:                15
INFO (CarpetX):   total cells updated:             61440
INFO (CarpetX):   average iterations per second: 20.2824
INFO (CarpetX):   average cell updates per second: 83076.7
INFO (CarpetX): OutputGH: iteration 16, time 0.062500, run time 1 s
INFO (CarpetX): OutputGH done.
INFO (CarpetX): Simulation time: 0.0625   Iterations per second: 20.2944   Simulation time per second: 0.0792752
INFO (CarpetX): Grid cells: 4096   Grid cell updates per second: 83126.1
INFO (CarpetX): Performance:
INFO (CarpetX):   total evolution time:            0.788711 sec
INFO (CarpetX):   total evolution compute time:    0.788594 sec
INFO (CarpetX):   total evolution output time:     0.000117302 sec
INFO (CarpetX):   total iterations:                16
INFO (CarpetX):   total cells updated:             65536
INFO (CarpetX):   average iterations per second: 20.2863
INFO (CarpetX):   average cell updates per second: 83092.5
INFO (CarpetX): OutputGH: iteration 17, time 0.066406, run time 1 s
INFO (CarpetX): OutputGH done.
INFO (CarpetX): Simulation time: 0.0664062   Iterations per second: 20.2941   Simulation time per second: 0.079274
INFO (CarpetX): Grid cells: 4096   Grid cell updates per second: 83124.8
INFO (CarpetX): Performance:
INFO (CarpetX):   total evolution time:            0.837993 sec
INFO (CarpetX):   total evolution compute time:    0.83787 sec
INFO (CarpetX):   total evolution output time:     0.000123262 sec
INFO (CarpetX):   total iterations:                17
INFO (CarpetX):   total cells updated:             69632
INFO (CarpetX):   average iterations per second: 20.2866
INFO (CarpetX):   average cell updates per second: 83093.7
INFO (CarpetX): OutputGH: iteration 18, time 0.070312, run time 1 s
INFO (CarpetX): OutputGH done.
INFO (CarpetX): Simulation time: 0.0703125   Iterations per second: 20.3009   Simulation time per second: 0.0793005
INFO (CarpetX): Grid cells: 4096   Grid cell updates per second: 83152.7
INFO (CarpetX): Performance:
INFO (CarpetX):   total evolution time:            0.887104 sec
INFO (CarpetX):   total evolution compute time:    0.886974 sec
INFO (CarpetX):   total evolution output time:     0.000129461 sec
INFO (CarpetX):   total iterations:                18
INFO (CarpetX):   total cells updated:             73728
INFO (CarpetX):   average iterations per second: 20.2908
INFO (CarpetX):   average cell updates per second: 83110.9
INFO (CarpetX): OutputGH: iteration 19, time 0.074219, run time 1 s
INFO (CarpetX): OutputGH done.
INFO (CarpetX): Simulation time: 0.0742188   Iterations per second: 20.3029   Simulation time per second: 0.0793084
INFO (CarpetX): Grid cells: 4096   Grid cell updates per second: 83160.9
INFO (CarpetX): Performance:
INFO (CarpetX):   total evolution time:            0.936314 sec
INFO (CarpetX):   total evolution compute time:    0.936178 sec
INFO (CarpetX):   total evolution output time:     0.000135422 sec
INFO (CarpetX):   total iterations:                19
INFO (CarpetX):   total cells updated:             77824
INFO (CarpetX):   average iterations per second: 20.2923
INFO (CarpetX):   average cell updates per second: 83117.4
INFO (CarpetX): OutputGH: iteration 20, time 0.078125, run time 2 s
INFO (CarpetX): OutputGH done.
INFO (CarpetX): Simulation time: 0.078125   Iterations per second: 20.3038   Simulation time per second: 0.0793116
INFO (CarpetX): Grid cells: 4096   Grid cell updates per second: 83164.3
INFO (CarpetX): Performance:
INFO (CarpetX):   total evolution time:            0.985548 sec
INFO (CarpetX):   total evolution compute time:    0.985406 sec
INFO (CarpetX):   total evolution output time:     0.000141382 sec
INFO (CarpetX):   total iterations:                20
INFO (CarpetX):   total cells updated:             81920
INFO (CarpetX):   average iterations per second: 20.2933
INFO (CarpetX):   average cell updates per second: 83121.3
INFO (CarpetX): OutputGH: iteration 21, time 0.082031, run time 2 s
INFO (CarpetX): OutputGH done.
INFO (CarpetX): Simulation time: 0.0820312   Iterations per second: 20.309   Simulation time per second: 0.0793322
INFO (CarpetX): Grid cells: 4096   Grid cell updates per second: 83185.9
INFO (CarpetX): Performance:
INFO (CarpetX):   total evolution time:            1.03467 sec
INFO (CarpetX):   total evolution compute time:    1.03452 sec
INFO (CarpetX):   total evolution output time:     0.000149488 sec
INFO (CarpetX):   total iterations:                21
INFO (CarpetX):   total cells updated:             86016
INFO (CarpetX):   average iterations per second: 20.2963
INFO (CarpetX):   average cell updates per second: 83133.6
INFO (CarpetX): OutputGH: iteration 22, time 0.085938, run time 2 s
INFO (CarpetX): OutputGH done.
INFO (CarpetX): Simulation time: 0.0859375   Iterations per second: 20.3132   Simulation time per second: 0.0793485
INFO (CarpetX): Grid cells: 4096   Grid cell updates per second: 83203
INFO (CarpetX): Performance:
INFO (CarpetX):   total evolution time:            1.08381 sec
INFO (CarpetX):   total evolution compute time:    1.08365 sec
INFO (CarpetX):   total evolution output time:     0.000155449 sec
INFO (CarpetX):   total iterations:                22
INFO (CarpetX):   total cells updated:             90112
INFO (CarpetX):   average iterations per second: 20.2988
INFO (CarpetX):   average cell updates per second: 83143.8
INFO (CarpetX): OutputGH: iteration 23, time 0.089844, run time 2 s
INFO (CarpetX): OutputGH done.
INFO (CarpetX): Simulation time: 0.0898438   Iterations per second: 20.3155   Simulation time per second: 0.0793576
INFO (CarpetX): Grid cells: 4096   Grid cell updates per second: 83212.5
INFO (CarpetX): Performance:
INFO (CarpetX):   total evolution time:            1.13298 sec
INFO (CarpetX):   total evolution compute time:    1.13282 sec
INFO (CarpetX):   total evolution output time:     0.000162363 sec
INFO (CarpetX):   total iterations:                23
INFO (CarpetX):   total cells updated:             94208
INFO (CarpetX):   average iterations per second: 20.3004
INFO (CarpetX):   average cell updates per second: 83150.5
INFO (CarpetX): OutputGH: iteration 24, time 0.093750, run time 2 s
INFO (CarpetX): OutputGH done.
INFO (CarpetX): Simulation time: 0.09375   Iterations per second: 20.3212   Simulation time per second: 0.0793796
INFO (CarpetX): Grid cells: 4096   Grid cell updates per second: 83235.5
INFO (CarpetX): Performance:
INFO (CarpetX):   total evolution time:            1.18207 sec
INFO (CarpetX):   total evolution compute time:    1.1819 sec
INFO (CarpetX):   total evolution output time:     0.000168324 sec
INFO (CarpetX):   total iterations:                24
INFO (CarpetX):   total cells updated:             98304
INFO (CarpetX):   average iterations per second: 20.3034
INFO (CarpetX):   average cell updates per second: 83162.6
INFO (CarpetX): OutputGH: iteration 25, time 0.097656, run time 2 s
INFO (CarpetX): OutputGH done.
INFO (CarpetX): Simulation time: 0.0976562   Iterations per second: 20.325   Simulation time per second: 0.0793946
INFO (CarpetX): Grid cells: 4096   Grid cell updates per second: 83251.2
INFO (CarpetX): Performance:
INFO (CarpetX):   total evolution time:            1.23119 sec
INFO (CarpetX):   total evolution compute time:    1.23101 sec
INFO (CarpetX):   total evolution output time:     0.000174284 sec
INFO (CarpetX):   total iterations:                25
INFO (CarpetX):   total cells updated:             102400
INFO (CarpetX):   average iterations per second: 20.3056
INFO (CarpetX):   average cell updates per second: 83171.8
INFO (CarpetX): OutputGH: iteration 26, time 0.101562, run time 2 s
INFO (CarpetX): OutputGH done.
INFO (CarpetX): Simulation time: 0.101562   Iterations per second: 20.3302   Simulation time per second: 0.0794146
INFO (CarpetX): Grid cells: 4096   Grid cell updates per second: 83272.3
INFO (CarpetX): Performance:
INFO (CarpetX):   total evolution time:            1.28026 sec
INFO (CarpetX):   total evolution compute time:    1.28008 sec
INFO (CarpetX):   total evolution output time:     0.000181198 sec
INFO (CarpetX):   total iterations:                26
INFO (CarpetX):   total cells updated:             106496
INFO (CarpetX):   average iterations per second: 20.3083
INFO (CarpetX):   average cell updates per second: 83183
INFO (CarpetX): OutputGH: iteration 27, time 0.105469, run time 2 s
INFO (CarpetX): OutputGH done.
INFO (CarpetX): Simulation time: 0.105469   Iterations per second: 20.3302   Simulation time per second: 0.0794147
INFO (CarpetX): Grid cells: 4096   Grid cell updates per second: 83272.3
INFO (CarpetX): Performance:
INFO (CarpetX):   total evolution time:            1.32945 sec
INFO (CarpetX):   total evolution compute time:    1.32926 sec
INFO (CarpetX):   total evolution output time:     0.000187159 sec
INFO (CarpetX):   total iterations:                27
INFO (CarpetX):   total cells updated:             110592
INFO (CarpetX):   average iterations per second: 20.3091
INFO (CarpetX):   average cell updates per second: 83186.3
INFO (CarpetX): OutputGH: iteration 28, time 0.109375, run time 2 s
INFO (CarpetX): OutputGH done.
INFO (CarpetX): Simulation time: 0.109375   Iterations per second: 20.3326   Simulation time per second: 0.0794242
INFO (CarpetX): Grid cells: 4096   Grid cell updates per second: 83282.3
INFO (CarpetX): Performance:
INFO (CarpetX):   total evolution time:            1.37858 sec
INFO (CarpetX):   total evolution compute time:    1.37838 sec
INFO (CarpetX):   total evolution output time:     0.000195265 sec
INFO (CarpetX):   total iterations:                28
INFO (CarpetX):   total cells updated:             114688
INFO (CarpetX):   average iterations per second: 20.3108
INFO (CarpetX):   average cell updates per second: 83192.9
INFO (CarpetX): OutputGH: iteration 29, time 0.113281, run time 2 s
INFO (CarpetX): OutputGH done.
INFO (CarpetX): Simulation time: 0.113281   Iterations per second: 20.3378   Simulation time per second: 0.0794446
INFO (CarpetX): Grid cells: 4096   Grid cell updates per second: 83303.7
INFO (CarpetX): Performance:
INFO (CarpetX):   total evolution time:            1.42764 sec
INFO (CarpetX):   total evolution compute time:    1.42743 sec
INFO (CarpetX):   total evolution output time:     0.000201225 sec
INFO (CarpetX):   total iterations:                29
INFO (CarpetX):   total cells updated:             118784
INFO (CarpetX):   average iterations per second: 20.3133
INFO (CarpetX):   average cell updates per second: 83203.3
INFO (CarpetX): OutputGH: iteration 30, time 0.117188, run time 2 s
INFO (CarpetX): OutputGH done.
INFO (CarpetX): Simulation time: 0.117188   Iterations per second: 20.3394   Simulation time per second: 0.0794508
INFO (CarpetX): Grid cells: 4096   Grid cell updates per second: 83310.2
INFO (CarpetX): Performance:
INFO (CarpetX):   total evolution time:            1.47677 sec
INFO (CarpetX):   total evolution compute time:    1.47656 sec
INFO (CarpetX):   total evolution output time:     0.000208139 sec
INFO (CarpetX):   total iterations:                30
INFO (CarpetX):   total cells updated:             122880
INFO (CarpetX):   average iterations per second: 20.3147
INFO (CarpetX):   average cell updates per second: 83208.8
INFO (CarpetX): OutputGH: iteration 31, time 0.121094, run time 2 s
INFO (CarpetX): OutputGH done.
INFO (CarpetX): Simulation time: 0.121094   Iterations per second: 20.3394   Simulation time per second: 0.0794506
INFO (CarpetX): Grid cells: 4096   Grid cell updates per second: 83310
INFO (CarpetX): Performance:
INFO (CarpetX):   total evolution time:            1.52593 sec
INFO (CarpetX):   total evolution compute time:    1.52572 sec
INFO (CarpetX):   total evolution output time:     0.0002141 sec
INFO (CarpetX):   total iterations:                31
INFO (CarpetX):   total cells updated:             126976
INFO (CarpetX):   average iterations per second: 20.3154
INFO (CarpetX):   average cell updates per second: 83212
INFO (CarpetX): OutputGH: iteration 32, time 0.125000, run time 2 s
INFO (CarpetX): OutputGH done.
INFO (CarpetX): Simulation time: 0.125   Iterations per second: 20.34   Simulation time per second: 0.0794533
INFO (CarpetX): Grid cells: 4096   Grid cell updates per second: 83312.8
INFO (CarpetX): Performance:
INFO (CarpetX):   total evolution time:            1.57508 sec
INFO (CarpetX):   total evolution compute time:    1.57486 sec
INFO (CarpetX):   total evolution output time:     0.000221014 sec
INFO (CarpetX):   total iterations:                32
INFO (CarpetX):   total cells updated:             131072
INFO (CarpetX):   average iterations per second: 20.3164
INFO (CarpetX):   average cell updates per second: 83216
INFO (CarpetX): OutputGH: iteration 33, time 0.128906, run time 2 s
INFO (CarpetX): OutputGH done.
INFO (CarpetX): Simulation time: 0.128906   Iterations per second: 20.344   Simulation time per second: 0.0794688
INFO (CarpetX): Grid cells: 4096   Grid cell updates per second: 83329.1
INFO (CarpetX): Performance:
INFO (CarpetX):   total evolution time:            1.62415 sec
INFO (CarpetX):   total evolution compute time:    1.62392 sec
INFO (CarpetX):   total evolution output time:     0.000226974 sec
INFO (CarpetX):   total iterations:                33
INFO (CarpetX):   total cells updated:             135168
INFO (CarpetX):   average iterations per second: 20.3183
INFO (CarpetX):   average cell updates per second: 83223.8
INFO (CarpetX): OutputGH: iteration 34, time 0.132812, run time 2 s
INFO (CarpetX): OutputGH done.
INFO (CarpetX): Simulation time: 0.132812   Iterations per second: 20.3408   Simulation time per second: 0.0794562
INFO (CarpetX): Grid cells: 4096   Grid cell updates per second: 83315.8
INFO (CarpetX): Performance:
INFO (CarpetX):   total evolution time:            1.67338 sec
INFO (CarpetX):   total evolution compute time:    1.67315 sec
INFO (CarpetX):   total evolution output time:     0.000232935 sec
INFO (CarpetX):   total iterations:                34
INFO (CarpetX):   total cells updated:             139264
INFO (CarpetX):   average iterations per second: 20.3181
INFO (CarpetX):   average cell updates per second: 83223
INFO (CarpetX): OutputGH: iteration 35, time 0.136719, run time 2 s
INFO (CarpetX): OutputGH done.
INFO (CarpetX): Simulation time: 0.136719   Iterations per second: 20.3428   Simulation time per second: 0.079464
INFO (CarpetX): Grid cells: 4096   Grid cell updates per second: 83324
INFO (CarpetX): Performance:
INFO (CarpetX):   total evolution time:            1.7225 sec
INFO (CarpetX):   total evolution compute time:    1.72226 sec
INFO (CarpetX):   total evolution output time:     0.000239849 sec
INFO (CarpetX):   total iterations:                35
INFO (CarpetX):   total cells updated:             143360
INFO (CarpetX):   average iterations per second: 20.3193
INFO (CarpetX):   average cell updates per second: 83228
INFO (CarpetX): OutputGH: iteration 36, time 0.140625, run time 2 s
INFO (CarpetX): OutputGH done.
INFO (CarpetX): Simulation time: 0.140625   Iterations per second: 20.3446   Simulation time per second: 0.079471
INFO (CarpetX): Grid cells: 4096   Grid cell updates per second: 83331.4
INFO (CarpetX): Performance:
INFO (CarpetX):   total evolution time:            1.77161 sec
INFO (CarpetX):   total evolution compute time:    1.77136 sec
INFO (CarpetX):   total evolution output time:     0.000247002 sec
INFO (CarpetX):   total iterations:                36
INFO (CarpetX):   total cells updated:             147456
INFO (CarpetX):   average iterations per second: 20.3205
INFO (CarpetX):   average cell updates per second: 83232.7
INFO (CarpetX): OutputGH: iteration 37, time 0.144531, run time 2 s
INFO (CarpetX): OutputGH done.
INFO (CarpetX): Simulation time: 0.144531   Iterations per second: 20.3411   Simulation time per second: 0.0794573
INFO (CarpetX): Grid cells: 4096   Grid cell updates per second: 83317
INFO (CarpetX): Performance:
INFO (CarpetX):   total evolution time:            1.82085 sec
INFO (CarpetX):   total evolution compute time:    1.8206 sec
INFO (CarpetX):   total evolution output time:     0.000252008 sec
INFO (CarpetX):   total iterations:                37
INFO (CarpetX):   total cells updated:             151552
INFO (CarpetX):   average iterations per second: 20.3202
INFO (CarpetX):   average cell updates per second: 83231.5
INFO (CarpetX): OutputGH: iteration 38, time 0.148438, run time 2 s
INFO (CarpetX): OutputGH done.
INFO (CarpetX): Simulation time: 0.148438   Iterations per second: 20.3399   Simulation time per second: 0.0794525
INFO (CarpetX): Grid cells: 4096   Grid cell updates per second: 83312
INFO (CarpetX): Performance:
INFO (CarpetX):   total evolution time:            1.87004 sec
INFO (CarpetX):   total evolution compute time:    1.86978 sec
INFO (CarpetX):   total evolution output time:     0.000257969 sec
INFO (CarpetX):   total iterations:                38
INFO (CarpetX):   total cells updated:             155648
INFO (CarpetX):   average iterations per second: 20.3204
INFO (CarpetX):   average cell updates per second: 83232.4
INFO (CarpetX): OutputGH: iteration 39, time 0.152344, run time 2 s
INFO (CarpetX): OutputGH done.
INFO (CarpetX): Simulation time: 0.152344   Iterations per second: 20.3338   Simulation time per second: 0.079429
INFO (CarpetX): Grid cells: 4096   Grid cell updates per second: 83287.4
INFO (CarpetX): Performance:
INFO (CarpetX):   total evolution time:            1.91935 sec
INFO (CarpetX):   total evolution compute time:    1.91909 sec
INFO (CarpetX):   total evolution output time:     0.000263929 sec
INFO (CarpetX):   total iterations:                39
INFO (CarpetX):   total cells updated:             159744
INFO (CarpetX):   average iterations per second: 20.3194
INFO (CarpetX):   average cell updates per second: 83228.2
INFO (CarpetX): OutputGH: iteration 40, time 0.156250, run time 2 s
INFO (CarpetX): OutputGH done.
INFO (CarpetX): Simulation time: 0.15625   Iterations per second: 20.3361   Simulation time per second: 0.0794379
INFO (CarpetX): Grid cells: 4096   Grid cell updates per second: 83296.7
INFO (CarpetX): Performance:
INFO (CarpetX):   total evolution time:            1.96847 sec
INFO (CarpetX):   total evolution compute time:    1.9682 sec
INFO (CarpetX):   total evolution output time:     0.000272036 sec
INFO (CarpetX):   total iterations:                40
INFO (CarpetX):   total cells updated:             163840
INFO (CarpetX):   average iterations per second: 20.3203
INFO (CarpetX):   average cell updates per second: 83232
INFO (CarpetX): OutputGH: iteration 41, time 0.160156, run time 3 s
INFO (CarpetX): OutputGH done.
INFO (CarpetX): Simulation time: 0.160156   Iterations per second: 20.3341   Simulation time per second: 0.07943
INFO (CarpetX): Grid cells: 4096   Grid cell updates per second: 83288.3
INFO (CarpetX): Performance:
INFO (CarpetX):   total evolution time:            2.0177 sec
INFO (CarpetX):   total evolution compute time:    2.01742 sec
INFO (CarpetX):   total evolution output time:     0.000277996 sec
INFO (CarpetX):   total iterations:                41
INFO (CarpetX):   total cells updated:             167936
INFO (CarpetX):   average iterations per second: 20.3202
INFO (CarpetX):   average cell updates per second: 83231.5
INFO (CarpetX): OutputGH: iteration 42, time 0.164062, run time 3 s
INFO (CarpetX): OutputGH done.
INFO (CarpetX): Simulation time: 0.164062   Iterations per second: 20.3329   Simulation time per second: 0.0794252
INFO (CarpetX): Grid cells: 4096   Grid cell updates per second: 83283.4
INFO (CarpetX): Performance:
INFO (CarpetX):   total evolution time:            2.06691 sec
INFO (CarpetX):   total evolution compute time:    2.06662 sec
INFO (CarpetX):   total evolution output time:     0.000283957 sec
INFO (CarpetX):   total iterations:                42
INFO (CarpetX):   total cells updated:             172032
INFO (CarpetX):   average iterations per second: 20.3202
INFO (CarpetX):   average cell updates per second: 83231.7
INFO (CarpetX): OutputGH: iteration 43, time 0.167969, run time 3 s
INFO (CarpetX): OutputGH done.
INFO (CarpetX): Simulation time: 0.167969   Iterations per second: 20.3357   Simulation time per second: 0.0794365
INFO (CarpetX): Grid cells: 4096   Grid cell updates per second: 83295.2
INFO (CarpetX): Performance:
INFO (CarpetX):   total evolution time:            2.11602 sec
INFO (CarpetX):   total evolution compute time:    2.11573 sec
INFO (CarpetX):   total evolution output time:     0.000289917 sec
INFO (CarpetX):   total iterations:                43
INFO (CarpetX):   total cells updated:             176128
INFO (CarpetX):   average iterations per second: 20.3212
INFO (CarpetX):   average cell updates per second: 83235.6
INFO (CarpetX): OutputGH: iteration 44, time 0.171875, run time 3 s
INFO (CarpetX): OutputGH done.
INFO (CarpetX): Simulation time: 0.171875   Iterations per second: 20.3384   Simulation time per second: 0.0794469
INFO (CarpetX): Grid cells: 4096   Grid cell updates per second: 83306.1
INFO (CarpetX): Performance:
INFO (CarpetX):   total evolution time:            2.16513 sec
INFO (CarpetX):   total evolution compute time:    2.16483 sec
INFO (CarpetX):   total evolution output time:     0.000294685 sec
INFO (CarpetX):   total iterations:                44
INFO (CarpetX):   total cells updated:             180224
INFO (CarpetX):   average iterations per second: 20.3221
INFO (CarpetX):   average cell updates per second: 83239.5
INFO (CarpetX): OutputGH: iteration 45, time 0.175781, run time 3 s
INFO (CarpetX): OutputGH done.
INFO (CarpetX): Simulation time: 0.175781   Iterations per second: 20.3395   Simulation time per second: 0.0794512
INFO (CarpetX): Grid cells: 4096   Grid cell updates per second: 83310.7
INFO (CarpetX): Performance:
INFO (CarpetX):   total evolution time:            2.21427 sec
INFO (CarpetX):   total evolution compute time:    2.21397 sec
INFO (CarpetX):   total evolution output time:     0.0003016 sec
INFO (CarpetX):   total iterations:                45
INFO (CarpetX):   total cells updated:             184320
INFO (CarpetX):   average iterations per second: 20.3227
INFO (CarpetX):   average cell updates per second: 83242
INFO (CarpetX): OutputGH: iteration 46, time 0.179688, run time 3 s
INFO (CarpetX): OutputGH done.
INFO (CarpetX): Simulation time: 0.179688   Iterations per second: 20.3316   Simulation time per second: 0.0794201
INFO (CarpetX): Grid cells: 4096   Grid cell updates per second: 83278.1
INFO (CarpetX): Performance:
INFO (CarpetX):   total evolution time:            2.26363 sec
INFO (CarpetX):   total evolution compute time:    2.26332 sec
INFO (CarpetX):   total evolution output time:     0.000306606 sec
INFO (CarpetX):   total iterations:                46
INFO (CarpetX):   total cells updated:             188416
INFO (CarpetX):   average iterations per second: 20.3214
INFO (CarpetX):   average cell updates per second: 83236.4
INFO (CarpetX): OutputGH: iteration 47, time 0.183594, run time 3 s
INFO (CarpetX): OutputGH done.
INFO (CarpetX): Simulation time: 0.183594   Iterations per second: 20.3191   Simulation time per second: 0.0793715
INFO (CarpetX): Grid cells: 4096   Grid cell updates per second: 83227
INFO (CarpetX): Performance:
INFO (CarpetX):   total evolution time:            2.31311 sec
INFO (CarpetX):   total evolution compute time:    2.3128 sec
INFO (CarpetX):   total evolution output time:     0.000312805 sec
INFO (CarpetX):   total iterations:                47
INFO (CarpetX):   total cells updated:             192512
INFO (CarpetX):   average iterations per second: 20.3189
INFO (CarpetX):   average cell updates per second: 83226.4
INFO (CarpetX): OutputGH: iteration 48, time 0.187500, run time 3 s
INFO (CarpetX): OutputGH done.
INFO (CarpetX): Simulation time: 0.1875   Iterations per second: 20.3247   Simulation time per second: 0.0793932
INFO (CarpetX): Grid cells: 4096   Grid cell updates per second: 83249.8
INFO (CarpetX): Performance:
INFO (CarpetX):   total evolution time:            2.36219 sec
INFO (CarpetX):   total evolution compute time:    2.36187 sec
INFO (CarpetX):   total evolution output time:     0.000318766 sec
INFO (CarpetX):   total iterations:                48
INFO (CarpetX):   total cells updated:             196608
INFO (CarpetX):   average iterations per second: 20.3201
INFO (CarpetX):   average cell updates per second: 83231.2
INFO (CarpetX): OutputGH: iteration 49, time 0.191406, run time 3 s
INFO (CarpetX): OutputGH done.
INFO (CarpetX): Simulation time: 0.191406   Iterations per second: 20.3292   Simulation time per second: 0.0794111
INFO (CarpetX): Grid cells: 4096   Grid cell updates per second: 83268.5
INFO (CarpetX): Performance:
INFO (CarpetX):   total evolution time:            2.41128 sec
INFO (CarpetX):   total evolution compute time:    2.41095 sec
INFO (CarpetX):   total evolution output time:     0.000336647 sec
INFO (CarpetX):   total iterations:                49
INFO (CarpetX):   total cells updated:             200704
INFO (CarpetX):   average iterations per second: 20.3211
INFO (CarpetX):   average cell updates per second: 83235.4
INFO (CarpetX): OutputGH: iteration 50, time 0.195312, run time 3 s
INFO (CarpetX): OutputGH done.
INFO (CarpetX): Simulation time: 0.195312   Iterations per second: 20.335   Simulation time per second: 0.0794337
INFO (CarpetX): Grid cells: 4096   Grid cell updates per second: 83292.3
INFO (CarpetX): Performance:
INFO (CarpetX):   total evolution time:            2.46033 sec
INFO (CarpetX):   total evolution compute time:    2.45999 sec
INFO (CarpetX):   total evolution output time:     0.000343561 sec
INFO (CarpetX):   total iterations:                50
INFO (CarpetX):   total cells updated:             204800
INFO (CarpetX):   average iterations per second: 20.3225
INFO (CarpetX):   average cell updates per second: 83240.8
INFO (CarpetX): OutputGH: iteration 51, time 0.199219, run time 3 s
INFO (CarpetX): OutputGH done.
INFO (CarpetX): Simulation time: 0.199219   Iterations per second: 20.3353   Simulation time per second: 0.0794347
INFO (CarpetX): Grid cells: 4096   Grid cell updates per second: 83293.3
INFO (CarpetX): Performance:
INFO (CarpetX):   total evolution time:            2.5095 sec
INFO (CarpetX):   total evolution compute time:    2.50915 sec
INFO (CarpetX):   total evolution output time:     0.000349522 sec
INFO (CarpetX):   total iterations:                51
INFO (CarpetX):   total cells updated:             208896
INFO (CarpetX):   average iterations per second: 20.3228
INFO (CarpetX):   average cell updates per second: 83242
INFO (CarpetX): OutputGH: iteration 52, time 0.203125, run time 3 s
INFO (CarpetX): OutputGH done.
INFO (CarpetX): Simulation time: 0.203125   Iterations per second: 20.336   Simulation time per second: 0.0794377
INFO (CarpetX): Grid cells: 4096   Grid cell updates per second: 83296.5
INFO (CarpetX): Performance:
INFO (CarpetX):   total evolution time:            2.55866 sec
INFO (CarpetX):   total evolution compute time:    2.5583 sec
INFO (CarpetX):   total evolution output time:     0.000356674 sec
INFO (CarpetX):   total iterations:                52
INFO (CarpetX):   total cells updated:             212992
INFO (CarpetX):   average iterations per second: 20.3231
INFO (CarpetX):   average cell updates per second: 83243.6
INFO (CarpetX): OutputGH: iteration 53, time 0.207031, run time 3 s
INFO (CarpetX): OutputGH done.
INFO (CarpetX): Simulation time: 0.207031   Iterations per second: 20.3391   Simulation time per second: 0.0794494
INFO (CarpetX): Grid cells: 4096   Grid cell updates per second: 83308.8
INFO (CarpetX): Performance:
INFO (CarpetX):   total evolution time:            2.60776 sec
INFO (CarpetX):   total evolution compute time:    2.6074 sec
INFO (CarpetX):   total evolution output time:     0.000362635 sec
INFO (CarpetX):   total iterations:                53
INFO (CarpetX):   total cells updated:             217088
INFO (CarpetX):   average iterations per second: 20.3239
INFO (CarpetX):   average cell updates per second: 83246.9
INFO (CarpetX): OutputGH: iteration 54, time 0.210938, run time 3 s
INFO (CarpetX): OutputGH done.
INFO (CarpetX): Simulation time: 0.210938   Iterations per second: 20.339   Simulation time per second: 0.0794494
INFO (CarpetX): Grid cells: 4096   Grid cell updates per second: 83308.7
INFO (CarpetX): Performance:
INFO (CarpetX):   total evolution time:            2.65693 sec
INFO (CarpetX):   total evolution compute time:    2.65656 sec
INFO (CarpetX):   total evolution output time:     0.000369549 sec
INFO (CarpetX):   total iterations:                54
INFO (CarpetX):   total cells updated:             221184
INFO (CarpetX):   average iterations per second: 20.3242
INFO (CarpetX):   average cell updates per second: 83248
INFO (CarpetX): OutputGH: iteration 55, time 0.214844, run time 3 s
INFO (CarpetX): OutputGH done.
INFO (CarpetX): Simulation time: 0.214844   Iterations per second: 20.3376   Simulation time per second: 0.0794436
INFO (CarpetX): Grid cells: 4096   Grid cell updates per second: 83302.6
INFO (CarpetX): Performance:
INFO (CarpetX):   total evolution time:            2.70613 sec
INFO (CarpetX):   total evolution compute time:    2.70575 sec
INFO (CarpetX):   total evolution output time:     0.000375748 sec
INFO (CarpetX):   total iterations:                55
INFO (CarpetX):   total cells updated:             225280
INFO (CarpetX):   average iterations per second: 20.3242
INFO (CarpetX):   average cell updates per second: 83248
INFO (CarpetX): OutputGH: iteration 56, time 0.218750, run time 3 s
INFO (CarpetX): OutputGH done.
INFO (CarpetX): Simulation time: 0.21875   Iterations per second: 20.3392   Simulation time per second: 0.0794499
INFO (CarpetX): Grid cells: 4096   Grid cell updates per second: 83309.3
INFO (CarpetX): Performance:
INFO (CarpetX):   total evolution time:            2.75526 sec
INFO (CarpetX):   total evolution compute time:    2.75488 sec
INFO (CarpetX):   total evolution output time:     0.000382662 sec
INFO (CarpetX):   total iterations:                56
INFO (CarpetX):   total cells updated:             229376
INFO (CarpetX):   average iterations per second: 20.3248
INFO (CarpetX):   average cell updates per second: 83250.2
INFO (CarpetX): OutputGH: iteration 57, time 0.222656, run time 3 s
INFO (CarpetX): OutputGH done.
INFO (CarpetX): Simulation time: 0.222656   Iterations per second: 20.3377   Simulation time per second: 0.0794441
INFO (CarpetX): Grid cells: 4096   Grid cell updates per second: 83303.2
INFO (CarpetX): Performance:
INFO (CarpetX):   total evolution time:            2.80446 sec
INFO (CarpetX):   total evolution compute time:    2.80407 sec
INFO (CarpetX):   total evolution output time:     0.000389814 sec
INFO (CarpetX):   total iterations:                57
INFO (CarpetX):   total cells updated:             233472
INFO (CarpetX):   average iterations per second: 20.3247
INFO (CarpetX):   average cell updates per second: 83250.2
INFO (CarpetX): OutputGH: iteration 58, time 0.226562, run time 3 s
INFO (CarpetX): OutputGH done.
INFO (CarpetX): Simulation time: 0.226562   Iterations per second: 20.3405   Simulation time per second: 0.0794549
INFO (CarpetX): Grid cells: 4096   Grid cell updates per second: 83314.5
INFO (CarpetX): Performance:
INFO (CarpetX):   total evolution time:            2.85357 sec
INFO (CarpetX):   total evolution compute time:    2.85317 sec
INFO (CarpetX):   total evolution output time:     0.000394821 sec
INFO (CarpetX):   total iterations:                58
INFO (CarpetX):   total cells updated:             237568
INFO (CarpetX):   average iterations per second: 20.3254
INFO (CarpetX):   average cell updates per second: 83253
INFO (CarpetX): OutputGH: iteration 59, time 0.230469, run time 3 s
INFO (CarpetX): OutputGH done.
INFO (CarpetX): Simulation time: 0.230469   Iterations per second: 20.3276   Simulation time per second: 0.0794047
INFO (CarpetX): Grid cells: 4096   Grid cell updates per second: 83261.9
INFO (CarpetX): Performance:
INFO (CarpetX):   total evolution time:            2.90304 sec
INFO (CarpetX):   total evolution compute time:    2.90264 sec
INFO (CarpetX):   total evolution output time:     0.000402689 sec
INFO (CarpetX):   total iterations:                59
INFO (CarpetX):   total cells updated:             241664
INFO (CarpetX):   average iterations per second: 20.3235
INFO (CarpetX):   average cell updates per second: 83245.1
INFO (CarpetX): OutputGH: iteration 60, time 0.234375, run time 3 s
INFO (CarpetX): OutputGH done.
INFO (CarpetX): Simulation time: 0.234375   Iterations per second: 20.3127   Simulation time per second: 0.0793464
INFO (CarpetX): Grid cells: 4096   Grid cell updates per second: 83200.7
INFO (CarpetX): Performance:
INFO (CarpetX):   total evolution time:            2.9526 sec
INFO (CarpetX):   total evolution compute time:    2.95219 sec
INFO (CarpetX):   total evolution output time:     0.000408649 sec
INFO (CarpetX):   total iterations:                60
INFO (CarpetX):   total cells updated:             245760
INFO (CarpetX):   average iterations per second: 20.3211
INFO (CarpetX):   average cell updates per second: 83235.2
INFO (CarpetX): OutputGH: iteration 61, time 0.238281, run time 4 s
INFO (CarpetX): OutputGH done.
INFO (CarpetX): Simulation time: 0.238281   Iterations per second: 20.3079   Simulation time per second: 0.0793277
INFO (CarpetX): Grid cells: 4096   Grid cell updates per second: 83181.1
INFO (CarpetX): Performance:
INFO (CarpetX):   total evolution time:            3.00194 sec
INFO (CarpetX):   total evolution compute time:    3.00153 sec
INFO (CarpetX):   total evolution output time:     0.00041461 sec
INFO (CarpetX):   total iterations:                61
INFO (CarpetX):   total cells updated:             249856
INFO (CarpetX):   average iterations per second: 20.3202
INFO (CarpetX):   average cell updates per second: 83231.5
INFO (CarpetX): OutputGH: iteration 62, time 0.242188, run time 4 s
INFO (CarpetX): OutputGH done.
INFO (CarpetX): Simulation time: 0.242188   Iterations per second: 20.3122   Simulation time per second: 0.0793445
INFO (CarpetX): Grid cells: 4096   Grid cell updates per second: 83198.7
INFO (CarpetX): Performance:
INFO (CarpetX):   total evolution time:            3.05108 sec
INFO (CarpetX):   total evolution compute time:    3.05066 sec
INFO (CarpetX):   total evolution output time:     0.000421524 sec
INFO (CarpetX):   total iterations:                62
INFO (CarpetX):   total cells updated:             253952
INFO (CarpetX):   average iterations per second: 20.3207
INFO (CarpetX):   average cell updates per second: 83233.5
INFO (CarpetX): OutputGH: iteration 63, time 0.246094, run time 4 s
INFO (CarpetX): OutputGH done.
INFO (CarpetX): Simulation time: 0.246094   Iterations per second: 20.3163   Simulation time per second: 0.0793607
INFO (CarpetX): Grid cells: 4096   Grid cell updates per second: 83215.7
INFO (CarpetX): Performance:
INFO (CarpetX):   total evolution time:            3.10021 sec
INFO (CarpetX):   total evolution compute time:    3.09978 sec
INFO (CarpetX):   total evolution output time:     0.000427485 sec
INFO (CarpetX):   total iterations:                63
INFO (CarpetX):   total cells updated:             258048
INFO (CarpetX):   average iterations per second: 20.3212
INFO (CarpetX):   average cell updates per second: 83235.6
INFO (CarpetX): OutputGH: iteration 64, time 0.250000, run time 4 s
INFO (CarpetX): OutputGH done.
INFO (CarpetX): Simulation time: 0.25   Iterations per second: 12.4826   Simulation time per second: 0.0487603
INFO (CarpetX): Grid cells: 4096   Grid cell updates per second: 51128.9
INFO (CarpetX): Performance:
INFO (CarpetX):   total evolution time:            3.45833 sec
INFO (CarpetX):   total evolution compute time:    3.15324 sec
INFO (CarpetX):   total evolution output time:     0.305094 sec
INFO (CarpetX):   total iterations:                64
INFO (CarpetX):   total cells updated:             262144
INFO (CarpetX):   average iterations per second: 18.506
INFO (CarpetX):   average cell updates per second: 75800.7
INFO (CarpetX): Shutting down...
AMReX (25.11) finalized
--------------------------------------------------------------------------------
Done.
+ echo Stopping:
Stopping:
+ date
Sat Jun 13 00:06:14 UTC 2026
+ echo Done.
Done.
  Elapsed time: 4.4 s
