/home/runner/simulations/TestJob01_temp_2/output-0000/TEST/sim/CanudaX_BSSNMoL
Preparing:
+ set -e
+ cd output-0000-active
+ echo Checking:
Checking:
+ pwd
/home/runner/simulations/TestJob01_temp_2/output-0000/TEST/sim/CanudaX_BSSNMoL/output-0000-active
+ hostname
runnervmejwal
+ date
Mon Sep  7 23:53:38 UTC 2026
+ echo Environment:
Environment:
+ export CACTUS_NUM_PROCS=2
+ CACTUS_NUM_PROCS=2
+ export CACTUS_NUM_THREADS=1
+ CACTUS_NUM_THREADS=1
+ export GMON_OUT_PREFIX=gmon.out
+ GMON_OUT_PREFIX=gmon.out
+ export OMP_NUM_THREADS=1
+ OMP_NUM_THREADS=1
+ env
+ sort
+ echo Starting:
Starting:
++ date +%s
+ export CACTUS_STARTTIME=1788825218
+ CACTUS_STARTTIME=1788825218
+ '[' 2 = 1 ']'
+ mpirun -np 2 /home/runner/simulations/TestJob01_temp_2/SIMFACTORY/exe/cactus_sim -L 3 /home/runner/simulations/TestJob01_temp_2/output-0000/arrangements/CanudaX/CanudaX_BSSNMoL/test/gaugewave.par
INFO (Cactus): Increased logging level from 0 to 3
--------------------------------------------------------------------------------

       10                                  
  1   0101       ************************  
  01  1010 10      The Cactus Code V4.20.0    
 1010 1101 011      www.cactuscode.org     
  1001 100101    ************************  
    00010101                               
     100011     (c) Copyright The Authors  
      0100      GNU Licensed. No Warranty  
      0101                                 
--------------------------------------------------------------------------------

Cactus version:    4.20.0
Compile date:      Sep 07 2026 (23:34:32)
Run date:          Sep 07 2026 (23:53:39+0000)
Run host:          runnervmejwal.yfl2run3zv3uliav04coywctsa.bx.internal.cloudapp.net (pid=176028)
Working directory: /home/runner/simulations/TestJob01_temp_2/output-0000/TEST/sim/CanudaX_BSSNMoL
Executable:        /home/runner/simulations/TestJob01_temp_2/SIMFACTORY/exe/cactus_sim
Parameter file:    /home/runner/simulations/TestJob01_temp_2/output-0000/arrangements/CanudaX/CanudaX_BSSNMoL/test/gaugewave.par
--------------------------------------------------------------------------------

Activating thorn Cactus...Success -> active implementation Cactus
Activation requested for 
--->ADMBaseX CanudaX_BSSNMoL CanudaX_ExactID CarpetX IOUtil ODESolvers TmunuBaseX<---
Thorn ADMBaseX requests automatic activation of Loop
Thorn CarpetX requests automatic activation of AMReX
Thorn CarpetX requests automatic activation of MPI
Thorn CarpetX requests automatic activation of yaml_cpp
Thorn CarpetX requests automatic activation of zlib
Thorn CarpetX requests automatic activation of Arith
Thorn CarpetX requests automatic activation of CarpetXRegrid
Thorn CarpetX requests automatic activation of ADIOS2
Thorn CarpetX requests automatic activation of openPMD
Thorn CarpetX requests automatic activation of Silo
Thorn ADIOS2 requests automatic activation of CMake
Thorn Arith requests automatic activation of NSIMD
Thorn MPI requests automatic activation of hwloc
Thorn openPMD requests automatic activation of HDF5
Activating thorn ADIOS2...Success -> active implementation ADIOS2
Activating thorn ADMBaseX...Success -> active implementation ADMBaseX
Activating thorn AMReX...Success -> active implementation AMReX
Activating thorn Arith...Success -> active implementation Arith
Activating thorn CanudaX_BSSNMoL...Success -> active implementation CanudaX_BSSNMoL
Activating thorn CanudaX_ExactID...Success -> active implementation CanudaX_ExactID
Activating thorn CarpetX...Success -> active implementation Driver
Activating thorn CarpetXRegrid...Success -> active implementation CarpetXRegrid
Activating thorn CMake...Success -> active implementation CMake
Activating thorn HDF5...Success -> active implementation HDF5
Activating thorn hwloc...Success -> active implementation hwloc
Activating thorn IOUtil...Success -> active implementation IO
Activating thorn Loop...Success -> active implementation Loop
Activating thorn MPI...Success -> active implementation MPI
Activating thorn NSIMD...Success -> active implementation NSIMD
Activating thorn ODESolvers...Success -> active implementation ODESolvers
Activating thorn openPMD...Success -> active implementation openPMD
Activating thorn Silo...Success -> active implementation Silo
Activating thorn TmunuBaseX...Success -> active implementation TmunuBaseX
Activating thorn yaml_cpp...Success -> active implementation yaml_cpp
Activating thorn zlib...Success -> active implementation zlib
--------------------------------------------------------------------------------
  if (recover initial data)
    Recover parameters
  endif

  Startup routines
    [CCTK_STARTUP]
      CarpetX::Driver_Startup: Start up the driver
      IOUtil::IOUtil_Startup: Startup routine
      GROUP hwloc_startup: hwloc startup group
        hwloc::hwloc_version: Output hwloc version

  Startup routines which need an existing grid hierarchy
    [CCTK_WRAGH]
      Arith::Test_cplx: [meta] Test complex numbers
      Arith::Test_smallvector: [meta] Test small vectors
      Arith::Test_spvect: [meta] Test sparse vectors
      ODESolvers::ODESolvers_InitConstants: [global] Set up dummy loop counters for schedule printout
  Parameter checking routines
    [CCTK_PARAMCHECK]
      CanudaX_BSSNMoL::CanudaX_BSSNMoL_paramcheck: Check CanudaX_BSSNMoL parameters for consistency

  Initialisation
    if (NOT (recover initial data AND recovery_mode is 'strict'))
      [CCTK_PREREGRIDINITIAL]
      Set up grid hierarchy
      [CCTK_POSTREGRIDINITIAL]
      [CCTK_BASEGRID]
        CarpetXRegrid::CarpetXRegrid_InitError: Initialize regridding error to zero
        GROUP ODESolvers_BaseGrid: Set up constants (e.g. coordinates) everywhere on the grid
      [CCTK_INITIAL]
        GROUP TmunuBaseX_SetTmunuVars: Schedule group for setting T_munu
          TmunuBaseX::TmunuBaseX_ZeroTmunu: Set T_munu to zero
          GROUP TmunuBaseX_AddToTmunu: Add to T_munu here
        GROUP ODESolvers_Initial: Set up initial conditions on interior of state vector
          GROUP ADMBaseX_InitialData: Schedule group for calculating ADM initial data
            GROUP CanudaX_ExactIDGroup: CanudaX_ExactID group for setting up initial data
              CanudaX_ExactID::CanudaX_ExactID_GaugeWave: [local] Create gauge wave initial data
          GROUP ADMBaseX_InitialGauge: Schedule group for the ADM initial gauge condition
            ADMBaseX::ADMBaseX_initial_dtlapse: Set dtlapse to zero
            ADMBaseX::ADMBaseX_initial_dtshift: Set dtshift to zero
          GROUP ADMBaseX_PostInitial: Schedule group for modifying the ADM initial data, such as e.g. adding noise
        GROUP CanudaX_BSSNMoL_InitialGroup: CanudaX_BSSNMoL: initial bin
          CanudaX_BSSNMoL::CanudaX_BSSNMoL_adm2bssn: [local] Convert initial data into BSSN variables
          CanudaX_BSSNMoL::CanudaX_BSSNMoL_gammat: [local] Set Gammat initial data
      [CCTK_POSTINITIAL]
        GROUP ODESolvers_PostStep: Apply boundary conditions to state vector, and project if necessary
          GROUP CanudaX_BSSNMoL_PostStepGroup: CanudaX_BSSNMoL: post-step operations
            CanudaX_BSSNMoL::CanudaX_BSSNMoL_impose_conf_fac_floor: Make sure conformal factor does not drop below specified value
            CanudaX_BSSNMoL::CanudaX_BSSNMoL_reset_detmetric: reset dethh = 1
            CanudaX_BSSNMoL::CanudaX_BSSNMoL_remove_trA: Remove trace of A
            CanudaX_BSSNMoL::CanudaX_BSSNMoL_sync: [global] Sync state vector
            CanudaX_BSSNMoL::CanudaX_BSSNMoL_bssn2adm: [local] Convert variables back to the ADM ones
          GROUP ADMBaseX_SetADMRHS: Set ADM RHS variables in this group
          GROUP ADMBaseX_SetADMVars: Set ADM variables in this group
          GROUP TmunuBaseX_SetTmunuVars: Schedule group for setting T_munu
            TmunuBaseX::TmunuBaseX_ZeroTmunu: Set T_munu to zero
            GROUP TmunuBaseX_AddToTmunu: Add to T_munu here
        GROUP ODESolvers_EstimateError: Estimate discretization error (for regridding)
      Initialise finer grids recursively
      Restrict from finer grids
      [CCTK_POSTRESTRICTINITIAL]
      [CCTK_POSTPOSTINITIAL]
      [CCTK_POSTSTEP]
        GROUP ODESolvers_EstimateError: Estimate discretization error (for regridding)
    endif
    if (recover initial data)
      [CCTK_BASEGRID]
        CarpetXRegrid::CarpetXRegrid_InitError: Initialize regridding error to zero
        GROUP ODESolvers_BaseGrid: Set up constants (e.g. coordinates) everywhere on the grid
      [CCTK_RECOVER_VARIABLES]
      [CCTK_POST_RECOVER_VARIABLES]
        GROUP ODESolvers_PostStep: Apply boundary conditions to state vector, and project if necessary
          GROUP CanudaX_BSSNMoL_PostStepGroup: CanudaX_BSSNMoL: post-step operations
            CanudaX_BSSNMoL::CanudaX_BSSNMoL_impose_conf_fac_floor: Make sure conformal factor does not drop below specified value
            CanudaX_BSSNMoL::CanudaX_BSSNMoL_reset_detmetric: reset dethh = 1
            CanudaX_BSSNMoL::CanudaX_BSSNMoL_remove_trA: Remove trace of A
            CanudaX_BSSNMoL::CanudaX_BSSNMoL_sync: [global] Sync state vector
            CanudaX_BSSNMoL::CanudaX_BSSNMoL_bssn2adm: [local] Convert variables back to the ADM ones
          GROUP ADMBaseX_SetADMRHS: Set ADM RHS variables in this group
          GROUP ADMBaseX_SetADMVars: Set ADM variables in this group
          GROUP TmunuBaseX_SetTmunuVars: Schedule group for setting T_munu
            TmunuBaseX::TmunuBaseX_ZeroTmunu: Set T_munu to zero
            GROUP TmunuBaseX_AddToTmunu: Add to T_munu here
        GROUP ODESolvers_EstimateError: Estimate discretization error (for regridding)
    endif
    if (checkpoint initial data)
      [CCTK_CPINITIAL]
        CarpetX::CarpetX_CheckpointInitial: [meta] Checkpoint initial conditions
    endif
    if (analysis)
      [CCTK_ANALYSIS]
        CanudaX_BSSNMoL::CanudaX_BSSNMoL_bssn_constraints: Compute constraints
        GROUP ODESolvers_Analysis: Calculate analysis quantities everywhere
  endif
  Output grid variables

  do loop over timesteps
    [CCTK_PREREGRID]
    Change grid hierarchy
    [CCTK_POSTREGRID]
      GROUP ODESolvers_PostStep: Apply boundary conditions to state vector, and project if necessary
        GROUP CanudaX_BSSNMoL_PostStepGroup: CanudaX_BSSNMoL: post-step operations
          CanudaX_BSSNMoL::CanudaX_BSSNMoL_impose_conf_fac_floor: Make sure conformal factor does not drop below specified value
          CanudaX_BSSNMoL::CanudaX_BSSNMoL_reset_detmetric: reset dethh = 1
          CanudaX_BSSNMoL::CanudaX_BSSNMoL_remove_trA: Remove trace of A
          CanudaX_BSSNMoL::CanudaX_BSSNMoL_sync: [global] Sync state vector
          CanudaX_BSSNMoL::CanudaX_BSSNMoL_bssn2adm: [local] Convert variables back to the ADM ones
        GROUP ADMBaseX_SetADMRHS: Set ADM RHS variables in this group
        GROUP ADMBaseX_SetADMVars: Set ADM variables in this group
        GROUP TmunuBaseX_SetTmunuVars: Schedule group for setting T_munu
          TmunuBaseX::TmunuBaseX_ZeroTmunu: Set T_munu to zero
          GROUP TmunuBaseX_AddToTmunu: Add to T_munu here
    Rotate timelevels
    iteration = iteration+1
    t = t+dt
    [CCTK_PRESTEP]
    [CCTK_EVOL]
      ODESolvers::ODESolvers_Solve: [level] Solve ODEs
      while (ODESolvers::do_substeps)
        GROUP ODESolvers_CalledBySolve: Groups internally scheduled by ODESolvers_Solve
          GROUP ODESolvers_RHS: Evaluate the RHS for of state vector everywhere on the grid
            GROUP CanudaX_BSSNMoL_RHSGroup: CanudaX_BSSNMoL: calculate BSSN RHS
              CanudaX_BSSNMoL::CanudaX_BSSNMoL_calc_bssn_rhs: MoL RHS calculation
              CanudaX_BSSNMoL::CanudaX_BSSNMoL_apply_boundary_conditions: Apply radiative boundary conditions 
          GROUP ODESolvers_PostStep: Apply boundary conditions to state vector, and project if necessary
            GROUP CanudaX_BSSNMoL_PostStepGroup: CanudaX_BSSNMoL: post-step operations
              CanudaX_BSSNMoL::CanudaX_BSSNMoL_impose_conf_fac_floor: Make sure conformal factor does not drop below specified value
              CanudaX_BSSNMoL::CanudaX_BSSNMoL_reset_detmetric: reset dethh = 1
              CanudaX_BSSNMoL::CanudaX_BSSNMoL_remove_trA: Remove trace of A
              CanudaX_BSSNMoL::CanudaX_BSSNMoL_sync: [global] Sync state vector
              CanudaX_BSSNMoL::CanudaX_BSSNMoL_bssn2adm: [local] Convert variables back to the ADM ones
            GROUP ADMBaseX_SetADMRHS: Set ADM RHS variables in this group
            GROUP ADMBaseX_SetADMVars: Set ADM variables in this group
            GROUP TmunuBaseX_SetTmunuVars: Schedule group for setting T_munu
              TmunuBaseX::TmunuBaseX_ZeroTmunu: Set T_munu to zero
              GROUP TmunuBaseX_AddToTmunu: Add to T_munu here
      end while
    Evolve finer grids recursively
    Restrict from finer grids
    [CCTK_POSTRESTRICT]
      GROUP ODESolvers_PostStep: Apply boundary conditions to state vector, and project if necessary
        GROUP CanudaX_BSSNMoL_PostStepGroup: CanudaX_BSSNMoL: post-step operations
          CanudaX_BSSNMoL::CanudaX_BSSNMoL_impose_conf_fac_floor: Make sure conformal factor does not drop below specified value
          CanudaX_BSSNMoL::CanudaX_BSSNMoL_reset_detmetric: reset dethh = 1
          CanudaX_BSSNMoL::CanudaX_BSSNMoL_remove_trA: Remove trace of A
          CanudaX_BSSNMoL::CanudaX_BSSNMoL_sync: [global] Sync state vector
          CanudaX_BSSNMoL::CanudaX_BSSNMoL_bssn2adm: [local] Convert variables back to the ADM ones
        GROUP ADMBaseX_SetADMRHS: Set ADM RHS variables in this group
        GROUP ADMBaseX_SetADMVars: Set ADM variables in this group
        GROUP TmunuBaseX_SetTmunuVars: Schedule group for setting T_munu
          TmunuBaseX::TmunuBaseX_ZeroTmunu: Set T_munu to zero
          GROUP TmunuBaseX_AddToTmunu: Add to T_munu here
    [CCTK_POSTSTEP]
      GROUP ODESolvers_EstimateError: Estimate discretization error (for regridding)
    if (checkpoint)
      [CCTK_CHECKPOINT]
      CarpetX::CarpetX_Checkpoint: [meta] Checkpoint
    endif
    if (analysis)
      [CCTK_ANALYSIS]
      CanudaX_BSSNMoL::CanudaX_BSSNMoL_bssn_constraints: Compute constraints
      GROUP ODESolvers_Analysis: Calculate analysis quantities everywhere
    endif
    Output grid variables
    enddo

  Termination routines
    [CCTK_TERMINATE]
      CarpetX::CarpetX_CheckpointTerminate: [meta] Checkpoint before terminating

  Shutdown routines
    [CCTK_SHUTDOWN]
      CarpetX::Driver_Shutdown: [meta] Shut down the driver

  Routines run after changing the grid hierarchy:
    [CCTK_POSTREGRID]
      GROUP ODESolvers_PostStep: Apply boundary conditions to state vector, and project if necessary
        GROUP CanudaX_BSSNMoL_PostStepGroup: CanudaX_BSSNMoL: post-step operations
          CanudaX_BSSNMoL::CanudaX_BSSNMoL_impose_conf_fac_floor: Make sure conformal factor does not drop below specified value
          CanudaX_BSSNMoL::CanudaX_BSSNMoL_reset_detmetric: reset dethh = 1
          CanudaX_BSSNMoL::CanudaX_BSSNMoL_remove_trA: Remove trace of A
          CanudaX_BSSNMoL::CanudaX_BSSNMoL_sync: [global] Sync state vector
          CanudaX_BSSNMoL::CanudaX_BSSNMoL_bssn2adm: [local] Convert variables back to the ADM ones
        GROUP ADMBaseX_SetADMRHS: Set ADM RHS variables in this group
        GROUP ADMBaseX_SetADMVars: Set ADM variables in this group
        GROUP TmunuBaseX_SetTmunuVars: Schedule group for setting T_munu
          TmunuBaseX::TmunuBaseX_ZeroTmunu: Set T_munu to zero
          GROUP TmunuBaseX_AddToTmunu: Add to T_munu here
--------------------------------------------------------------------------------
INFO (hwloc): library version 2.10.0, API version 0x20800
--------------------------------------------------------------------------------

  [34m  ▕▏  [34m  ▕▏  [34m  ▕▏  [34m  ▕▏  [34m  ▕▏  [34m  ▕▏  [34m  ▕▏  [34m  ▕▏  [34m  ▕▏  [39m  
  [34m──██──[34m──██──[34m──██──[34m──██──[34m──██──[34m──██──[34m──██──[34m──██──[34m──██──[39m  
  [34m  ▕▏  [34m  ▕▏  [34m  ▕▏  [34m  ▕▏  [34m  ▕▏  [34m  ▕▏  [34m  ▕▏  [34m  ▕▏  [34m  ▕▏  [39m  
  [34m  ▕▏  [32m██████[34m  ▕▏  [34m  ▕▏  [32m██████[34m  ▕▏  [34m  ▕▏  [32m██████[34m  ▕▏  [39m  
  [34m──██──[32m██████[34m──██──[34m──██──[32m██████[34m──██──[34m──██──[32m██████[34m──██──[39m  
  [34m  ▕▏  [32m██████[34m  ▕▏  [34m  ▕▏  [32m██████[34m  ▕▏  [34m  ▕▏  [32m██████[34m  ▕▏  [39m  
  [34m  ▕▏  [34m  ▕▏  [34m  ▕▏  [34m  ▕▏  [34m  ▕▏  [34m  ▕▏  [34m  ▕▏  [34m  ▕▏  [34m  ▕▏  [39m  
  [34m──██──[34m──██──[34m──██──[34m──██──[34m──██──[34m──██──[34m──██──[34m──██──[34m──██──[39m  
  [34m  ▕▏  [34m  ▕▏  [34m  ▕▏  [34m  ▕▏  [34m  ▕▏  [34m  ▕▏  [34m  ▕▏  [34m  ▕▏  [34m  ▕▏  [39m  
  [34m  ▕▏  [34m  ▕▏  [34m  ▕▏  [31m██████[31m██████[31m██████[34m  ▕▏  [34m  ▕▏  [34m  ▕▏  [39m  
  [34m──██──[34m──██──[34m──██──[31m██████[31m██████[31m██████[34m──██──[34m──██──[34m──██──[39m  
  [34m  ▕▏  [34m  ▕▏  [34m  ▕▏  [31m██████[31m██████[31m██████[34m  ▕▏  [34m  ▕▏  [34m  ▕▏  [39m  
  [34m  ▕▏  [32m██████[34m  ▕▏  [31m██████[31m██████[31m██████[34m  ▕▏  [32m██████[34m  ▕▏  [39m  
  [34m──██──[32m██████[34m──██──[31m██████[31m██████[31m██████[34m──██──[32m██████[34m──██──[39m  
  [34m  ▕▏  [32m██████[34m  ▕▏  [31m██████[31m██████[31m██████[34m  ▕▏  [32m██████[34m  ▕▏  [39m  
  [34m  ▕▏  [34m  ▕▏  [34m  ▕▏  [31m██████[31m██████[31m██████[34m  ▕▏  [34m  ▕▏  [34m  ▕▏  [39m  
  [34m──██──[34m──██──[34m──██──[31m██████[31m██████[31m██████[34m──██──[34m──██──[34m──██──[39m  
  [34m  ▕▏  [34m  ▕▏  [34m  ▕▏  [31m██████[31m██████[31m██████[34m  ▕▏  [34m  ▕▏  [34m  ▕▏  [39m  
  [34m  ▕▏  [34m  ▕▏  [34m  ▕▏  [34m  ▕▏  [34m  ▕▏  [34m  ▕▏  [34m  ▕▏  [34m  ▕▏  [34m  ▕▏  [39m  
  [34m──██──[34m──██──[34m──██──[34m──██──[34m──██──[34m──██──[34m──██──[34m──██──[34m──██──[39m  
  [34m  ▕▏  [34m  ▕▏  [34m  ▕▏  [34m  ▕▏  [34m  ▕▏  [34m  ▕▏  [34m  ▕▏  [34m  ▕▏  [34m  ▕▏  [39m  
  [34m  ▕▏  [32m██████[34m  ▕▏  [34m  ▕▏  [32m██████[34m  ▕▏  [34m  ▕▏  [32m██████[34m  ▕▏  [39m  
  [34m──██──[32m██████[34m──██──[34m──██──[32m██████[34m──██──[34m──██──[32m██████[34m──██──[39m  
  [34m  ▕▏  [32m██████[34m  ▕▏  [34m  ▕▏  [32m██████[34m  ▕▏  [34m  ▕▏  [32m██████[34m  ▕▏  [39m  
  [34m  ▕▏  [34m  ▕▏  [34m  ▕▏  [34m  ▕▏  [34m  ▕▏  [34m  ▕▏  [34m  ▕▏  [34m  ▕▏  [34m  ▕▏  [39m  
  [34m──██──[34m──██──[34m──██──[34m──██──[34m──██──[34m──██──[34m──██──[34m──██──[34m──██──[39m  
  [34m  ▕▏  [34m  ▕▏  [34m  ▕▏  [34m  ▕▏  [34m  ▕▏  [34m  ▕▏  [34m  ▕▏  [34m  ▕▏  [34m  ▕▏  [39m  

AMR driver provided by CarpetX,
using AMReX 25.11 (MPI, OpenMP, no accelerators, debug)
--------------------------------------------------------------------------------

Initializing AMReX (25.11)...
MPI initialized with 2 MPI processes
MPI initialized with thread support level 2
OMP initialized with 1 OMP threads
AMReX (25.11) initialized
INFO (CarpetX): 
Symmetries:
  lower x: periodic
  lower y: periodic
  lower z: periodic
  upper x: periodic
  upper y: periodic
  upper z: periodic
Default boundaries:
  lower x: symmetry_boundary
  lower y: symmetry_boundary
  lower z: symmetry_boundary
  upper x: symmetry_boundary
  upper y: symmetry_boundary
  upper z: symmetry_boundary
INFO (Arith): Test_cplx
INFO (Arith): Test_smallvector
INFO (Arith): Test_spvect
INFO (CarpetX): Setting initial values for max_grid_size values for all levels
INFO (CarpetX): Setting up initial conditions...
INFO (CarpetX): Iteration: 0   time: 0   delta_time: 0.00390625
INFO (CarpetX): Patch 0:
INFO (CarpetX):   Grid extent:
INFO (CarpetX):     gsh=[71,15,15]
INFO (CarpetX):     blocking_factor=[8,8,8]
INFO (CarpetX):     max_grid_size=[10000000,10000000,10000000]
INFO (CarpetX):     max_tile_size=[1024000,16,32]
INFO (CarpetX):   Domain extent:
INFO (CarpetX):     xmin=[-0.5,-0.0625,-0.0625]
INFO (CarpetX):     xmax=[0.5,0.0625,0.0625]
INFO (CarpetX):     base dx=[0.015625,0.015625,0.015625]
INFO (CarpetX): Initializing level 0...
INFO (CanudaX_ExactID): Begin Gauge Wave initial data
INFO (CanudaX_ExactID): === End gauge wave initial data ===
INFO (CarpetX): Regridding...
INFO (CarpetX):   level 0: 2 boxes, 4096 cells (100%)
INFO (CarpetX): Initialized 1 levels
INFO (CarpetX): OutputGH: iteration 0, time 0.000000, run time 1 s
INFO (CarpetX): OutputGH done.
INFO (CarpetX): Starting evolution...
INFO (ODESolvers): ODE integrator is RK4
INFO (CarpetX): OutputGH: iteration 1, time 0.003906, run time 1 s
INFO (CarpetX): OutputGH done.
INFO (CarpetX): Simulation time: 0.00390625   Iterations per second: 42.7842   Simulation time per second: 0.167126
INFO (CarpetX): Grid cells: 4096   Grid cell updates per second: 175244
INFO (CarpetX): Performance:
INFO (CarpetX):   total evolution time:            0.0233731 sec
INFO (CarpetX):   total evolution compute time:    0.0233541 sec
INFO (CarpetX):   total evolution output time:     1.90735e-05 sec
INFO (CarpetX):   total iterations:                1
INFO (CarpetX):   total cells updated:             4096
INFO (CarpetX):   average iterations per second: 42.7842
INFO (CarpetX):   average cell updates per second: 175244
INFO (CarpetX): OutputGH: iteration 2, time 0.007812, run time 1 s
INFO (CarpetX): OutputGH done.
INFO (CarpetX): Simulation time: 0.0078125   Iterations per second: 44.5681   Simulation time per second: 0.174094
INFO (CarpetX): Grid cells: 4096   Grid cell updates per second: 182551
INFO (CarpetX): Performance:
INFO (CarpetX):   total evolution time:            0.0448751 sec
INFO (CarpetX):   total evolution compute time:    0.0448382 sec
INFO (CarpetX):   total evolution output time:     3.69549e-05 sec
INFO (CarpetX):   total iterations:                2
INFO (CarpetX):   total cells updated:             8192
INFO (CarpetX):   average iterations per second: 44.5681
INFO (CarpetX):   average cell updates per second: 182551
INFO (CarpetX): OutputGH: iteration 3, time 0.011719, run time 1 s
INFO (CarpetX): OutputGH done.
INFO (CarpetX): Simulation time: 0.0117188   Iterations per second: 45.4753   Simulation time per second: 0.177638
INFO (CarpetX): Grid cells: 4096   Grid cell updates per second: 186267
INFO (CarpetX): Performance:
INFO (CarpetX):   total evolution time:            0.0659699 sec
INFO (CarpetX):   total evolution compute time:    0.065918 sec
INFO (CarpetX):   total evolution output time:     5.19753e-05 sec
INFO (CarpetX):   total iterations:                3
INFO (CarpetX):   total cells updated:             12288
INFO (CarpetX):   average iterations per second: 45.4753
INFO (CarpetX):   average cell updates per second: 186267
INFO (CarpetX): OutputGH: iteration 4, time 0.015625, run time 1 s
INFO (CarpetX): OutputGH done.
INFO (CarpetX): Simulation time: 0.015625   Iterations per second: 45.9728   Simulation time per second: 0.179581
INFO (CarpetX): Grid cells: 4096   Grid cell updates per second: 188305
INFO (CarpetX): Performance:
INFO (CarpetX):   total evolution time:            0.087008 sec
INFO (CarpetX):   total evolution compute time:    0.0869401 sec
INFO (CarpetX):   total evolution output time:     6.79493e-05 sec
INFO (CarpetX):   total iterations:                4
INFO (CarpetX):   total cells updated:             16384
INFO (CarpetX):   average iterations per second: 45.9728
INFO (CarpetX):   average cell updates per second: 188305
INFO (CarpetX): OutputGH: iteration 5, time 0.019531, run time 1 s
INFO (CarpetX): OutputGH done.
INFO (CarpetX): Simulation time: 0.0195312   Iterations per second: 46.2757   Simulation time per second: 0.180765
INFO (CarpetX): Grid cells: 4096   Grid cell updates per second: 189545
INFO (CarpetX): Performance:
INFO (CarpetX):   total evolution time:            0.108048 sec
INFO (CarpetX):   total evolution compute time:    0.107965 sec
INFO (CarpetX):   total evolution output time:     8.29697e-05 sec
INFO (CarpetX):   total iterations:                5
INFO (CarpetX):   total cells updated:             20480
INFO (CarpetX):   average iterations per second: 46.2757
INFO (CarpetX):   average cell updates per second: 189545
INFO (CarpetX): OutputGH: iteration 6, time 0.023438, run time 1 s
INFO (CarpetX): OutputGH done.
INFO (CarpetX): Simulation time: 0.0234375   Iterations per second: 46.4518   Simulation time per second: 0.181452
INFO (CarpetX): Grid cells: 4096   Grid cell updates per second: 190267
INFO (CarpetX): Performance:
INFO (CarpetX):   total evolution time:            0.129166 sec
INFO (CarpetX):   total evolution compute time:    0.129064 sec
INFO (CarpetX):   total evolution output time:     0.000102043 sec
INFO (CarpetX):   total iterations:                6
INFO (CarpetX):   total cells updated:             24576
INFO (CarpetX):   average iterations per second: 46.4518
INFO (CarpetX):   average cell updates per second: 190267
INFO (CarpetX): OutputGH: iteration 7, time 0.027344, run time 1 s
INFO (CarpetX): OutputGH done.
INFO (CarpetX): Simulation time: 0.0273438   Iterations per second: 46.6057   Simulation time per second: 0.182054
INFO (CarpetX): Grid cells: 4096   Grid cell updates per second: 190897
INFO (CarpetX): Performance:
INFO (CarpetX):   total evolution time:            0.150196 sec
INFO (CarpetX):   total evolution compute time:    0.150074 sec
INFO (CarpetX):   total evolution output time:     0.00012207 sec
INFO (CarpetX):   total iterations:                7
INFO (CarpetX):   total cells updated:             28672
INFO (CarpetX):   average iterations per second: 46.6057
INFO (CarpetX):   average cell updates per second: 190897
INFO (CarpetX): OutputGH: iteration 8, time 0.031250, run time 1 s
INFO (CarpetX): OutputGH done.
INFO (CarpetX): Simulation time: 0.03125   Iterations per second: 46.7177   Simulation time per second: 0.182491
INFO (CarpetX): Grid cells: 4096   Grid cell updates per second: 191356
INFO (CarpetX): Performance:
INFO (CarpetX):   total evolution time:            0.171241 sec
INFO (CarpetX):   total evolution compute time:    0.171104 sec
INFO (CarpetX):   total evolution output time:     0.000137091 sec
INFO (CarpetX):   total iterations:                8
INFO (CarpetX):   total cells updated:             32768
INFO (CarpetX):   average iterations per second: 46.7177
INFO (CarpetX):   average cell updates per second: 191356
INFO (CarpetX): OutputGH: iteration 9, time 0.035156, run time 1 s
INFO (CarpetX): OutputGH done.
INFO (CarpetX): Simulation time: 0.0351562   Iterations per second: 46.8023   Simulation time per second: 0.182822
INFO (CarpetX): Grid cells: 4096   Grid cell updates per second: 191702
INFO (CarpetX): Performance:
INFO (CarpetX):   total evolution time:            0.192298 sec
INFO (CarpetX):   total evolution compute time:    0.192144 sec
INFO (CarpetX):   total evolution output time:     0.000154257 sec
INFO (CarpetX):   total iterations:                9
INFO (CarpetX):   total cells updated:             36864
INFO (CarpetX):   average iterations per second: 46.8023
INFO (CarpetX):   average cell updates per second: 191702
INFO (CarpetX): OutputGH: iteration 10, time 0.039062, run time 1 s
INFO (CarpetX): OutputGH done.
INFO (CarpetX): Simulation time: 0.0390625   Iterations per second: 46.8579   Simulation time per second: 0.183039
INFO (CarpetX): Grid cells: 4096   Grid cell updates per second: 191930
INFO (CarpetX): Performance:
INFO (CarpetX):   total evolution time:            0.213411 sec
INFO (CarpetX):   total evolution compute time:    0.213236 sec
INFO (CarpetX):   total evolution output time:     0.000175476 sec
INFO (CarpetX):   total iterations:                10
INFO (CarpetX):   total cells updated:             40960
INFO (CarpetX):   average iterations per second: 46.8579
INFO (CarpetX):   average cell updates per second: 191930
INFO (CarpetX): OutputGH: iteration 11, time 0.042969, run time 1 s
INFO (CarpetX): OutputGH done.
INFO (CarpetX): Simulation time: 0.0429688   Iterations per second: 46.9215   Simulation time per second: 0.183287
INFO (CarpetX): Grid cells: 4096   Grid cell updates per second: 192191
INFO (CarpetX): Performance:
INFO (CarpetX):   total evolution time:            0.234463 sec
INFO (CarpetX):   total evolution compute time:    0.234272 sec
INFO (CarpetX):   total evolution output time:     0.000190496 sec
INFO (CarpetX):   total iterations:                11
INFO (CarpetX):   total cells updated:             45056
INFO (CarpetX):   average iterations per second: 46.9157
INFO (CarpetX):   average cell updates per second: 192167
INFO (CarpetX): OutputGH: iteration 12, time 0.046875, run time 1 s
INFO (CarpetX): OutputGH done.
INFO (CarpetX): Simulation time: 0.046875   Iterations per second: 46.9751   Simulation time per second: 0.183496
INFO (CarpetX): Grid cells: 4096   Grid cell updates per second: 192410
INFO (CarpetX): Performance:
INFO (CarpetX):   total evolution time:            0.255532 sec
INFO (CarpetX):   total evolution compute time:    0.255325 sec
INFO (CarpetX):   total evolution output time:     0.000207424 sec
INFO (CarpetX):   total iterations:                12
INFO (CarpetX):   total cells updated:             49152
INFO (CarpetX):   average iterations per second: 46.9608
INFO (CarpetX):   average cell updates per second: 192352
INFO (CarpetX): OutputGH: iteration 13, time 0.050781, run time 1 s
INFO (CarpetX): OutputGH done.
INFO (CarpetX): Simulation time: 0.0507812   Iterations per second: 47.0208   Simulation time per second: 0.183675
INFO (CarpetX): Grid cells: 4096   Grid cell updates per second: 192597
INFO (CarpetX): Performance:
INFO (CarpetX):   total evolution time:            0.276613 sec
INFO (CarpetX):   total evolution compute time:    0.276389 sec
INFO (CarpetX):   total evolution output time:     0.000224352 sec
INFO (CarpetX):   total iterations:                13
INFO (CarpetX):   total cells updated:             53248
INFO (CarpetX):   average iterations per second: 46.9971
INFO (CarpetX):   average cell updates per second: 192500
INFO (CarpetX): OutputGH: iteration 14, time 0.054688, run time 1 s
INFO (CarpetX): OutputGH done.
INFO (CarpetX): Simulation time: 0.0546875   Iterations per second: 47.0582   Simulation time per second: 0.183821
INFO (CarpetX): Grid cells: 4096   Grid cell updates per second: 192750
INFO (CarpetX): Performance:
INFO (CarpetX):   total evolution time:            0.297711 sec
INFO (CarpetX):   total evolution compute time:    0.297471 sec
INFO (CarpetX):   total evolution output time:     0.000240326 sec
INFO (CarpetX):   total iterations:                14
INFO (CarpetX):   total cells updated:             57344
INFO (CarpetX):   average iterations per second: 47.0254
INFO (CarpetX):   average cell updates per second: 192616
INFO (CarpetX): OutputGH: iteration 15, time 0.058594, run time 1 s
INFO (CarpetX): OutputGH done.
INFO (CarpetX): Simulation time: 0.0585938   Iterations per second: 47.1086   Simulation time per second: 0.184018
INFO (CarpetX): Grid cells: 4096   Grid cell updates per second: 192957
INFO (CarpetX): Performance:
INFO (CarpetX):   total evolution time:            0.318734 sec
INFO (CarpetX):   total evolution compute time:    0.318474 sec
INFO (CarpetX):   total evolution output time:     0.000260353 sec
INFO (CarpetX):   total iterations:                15
INFO (CarpetX):   total cells updated:             61440
INFO (CarpetX):   average iterations per second: 47.0612
INFO (CarpetX):   average cell updates per second: 192763
INFO (CarpetX): OutputGH: iteration 16, time 0.062500, run time 1 s
INFO (CarpetX): OutputGH done.
INFO (CarpetX): Simulation time: 0.0625   Iterations per second: 47.0943   Simulation time per second: 0.183962
INFO (CarpetX): Grid cells: 4096   Grid cell updates per second: 192898
INFO (CarpetX): Performance:
INFO (CarpetX):   total evolution time:            0.340026 sec
INFO (CarpetX):   total evolution compute time:    0.339749 sec
INFO (CarpetX):   total evolution output time:     0.000277281 sec
INFO (CarpetX):   total iterations:                16
INFO (CarpetX):   total cells updated:             65536
INFO (CarpetX):   average iterations per second: 47.0552
INFO (CarpetX):   average cell updates per second: 192738
INFO (CarpetX): OutputGH: iteration 17, time 0.066406, run time 2 s
INFO (CarpetX): OutputGH done.
INFO (CarpetX): Simulation time: 0.0664062   Iterations per second: 47.0794   Simulation time per second: 0.183904
INFO (CarpetX): Grid cells: 4096   Grid cell updates per second: 192837
INFO (CarpetX): Performance:
INFO (CarpetX):   total evolution time:            0.361327 sec
INFO (CarpetX):   total evolution compute time:    0.361033 sec
INFO (CarpetX):   total evolution output time:     0.000294447 sec
INFO (CarpetX):   total iterations:                17
INFO (CarpetX):   total cells updated:             69632
INFO (CarpetX):   average iterations per second: 47.0488
INFO (CarpetX):   average cell updates per second: 192712
INFO (CarpetX): OutputGH: iteration 18, time 0.070312, run time 2 s
INFO (CarpetX): OutputGH done.
INFO (CarpetX): Simulation time: 0.0703125   Iterations per second: 47.0783   Simulation time per second: 0.183899
INFO (CarpetX): Grid cells: 4096   Grid cell updates per second: 192833
INFO (CarpetX): Performance:
INFO (CarpetX):   total evolution time:            0.382573 sec
INFO (CarpetX):   total evolution compute time:    0.38226 sec
INFO (CarpetX):   total evolution output time:     0.000313282 sec
INFO (CarpetX):   total iterations:                18
INFO (CarpetX):   total cells updated:             73728
INFO (CarpetX):   average iterations per second: 47.0498
INFO (CarpetX):   average cell updates per second: 192716
INFO (CarpetX): OutputGH: iteration 19, time 0.074219, run time 2 s
INFO (CarpetX): OutputGH done.
INFO (CarpetX): Simulation time: 0.0742188   Iterations per second: 47.013   Simulation time per second: 0.183645
INFO (CarpetX): Grid cells: 4096   Grid cell updates per second: 192565
INFO (CarpetX): Performance:
INFO (CarpetX):   total evolution time:            0.404109 sec
INFO (CarpetX):   total evolution compute time:    0.403776 sec
INFO (CarpetX):   total evolution output time:     0.000333309 sec
INFO (CarpetX):   total iterations:                19
INFO (CarpetX):   total cells updated:             77824
INFO (CarpetX):   average iterations per second: 47.017
INFO (CarpetX):   average cell updates per second: 192582
INFO (CarpetX): OutputGH: iteration 20, time 0.078125, run time 2 s
INFO (CarpetX): OutputGH done.
INFO (CarpetX): Simulation time: 0.078125   Iterations per second: 46.9993   Simulation time per second: 0.183591
INFO (CarpetX): Grid cells: 4096   Grid cell updates per second: 192509
INFO (CarpetX): Performance:
INFO (CarpetX):   total evolution time:            0.425442 sec
INFO (CarpetX):   total evolution compute time:    0.42509 sec
INFO (CarpetX):   total evolution output time:     0.000352383 sec
INFO (CarpetX):   total iterations:                20
INFO (CarpetX):   total cells updated:             81920
INFO (CarpetX):   average iterations per second: 47.0099
INFO (CarpetX):   average cell updates per second: 192553
INFO (CarpetX): OutputGH: iteration 21, time 0.082031, run time 2 s
INFO (CarpetX): OutputGH done.
INFO (CarpetX): Simulation time: 0.0820312   Iterations per second: 46.9944   Simulation time per second: 0.183572
INFO (CarpetX): Grid cells: 4096   Grid cell updates per second: 192489
INFO (CarpetX): Performance:
INFO (CarpetX):   total evolution time:            0.446741 sec
INFO (CarpetX):   total evolution compute time:    0.446373 sec
INFO (CarpetX):   total evolution output time:     0.000368357 sec
INFO (CarpetX):   total iterations:                21
INFO (CarpetX):   total cells updated:             86016
INFO (CarpetX):   average iterations per second: 47.0071
INFO (CarpetX):   average cell updates per second: 192541
INFO (CarpetX): OutputGH: iteration 22, time 0.085938, run time 2 s
INFO (CarpetX): OutputGH done.
INFO (CarpetX): Simulation time: 0.0859375   Iterations per second: 47.041   Simulation time per second: 0.183754
INFO (CarpetX): Grid cells: 4096   Grid cell updates per second: 192680
INFO (CarpetX): Performance:
INFO (CarpetX):   total evolution time:            0.467809 sec
INFO (CarpetX):   total evolution compute time:    0.467421 sec
INFO (CarpetX):   total evolution output time:     0.000388384 sec
INFO (CarpetX):   total iterations:                22
INFO (CarpetX):   total cells updated:             90112
INFO (CarpetX):   average iterations per second: 47.0277
INFO (CarpetX):   average cell updates per second: 192626
INFO (CarpetX): OutputGH: iteration 23, time 0.089844, run time 2 s
INFO (CarpetX): OutputGH done.
INFO (CarpetX): Simulation time: 0.0898438   Iterations per second: 47.0867   Simulation time per second: 0.183932
INFO (CarpetX): Grid cells: 4096   Grid cell updates per second: 192867
INFO (CarpetX): Performance:
INFO (CarpetX):   total evolution time:            0.488861 sec
INFO (CarpetX):   total evolution compute time:    0.488456 sec
INFO (CarpetX):   total evolution output time:     0.00040555 sec
INFO (CarpetX):   total iterations:                23
INFO (CarpetX):   total cells updated:             94208
INFO (CarpetX):   average iterations per second: 47.0481
INFO (CarpetX):   average cell updates per second: 192709
INFO (CarpetX): OutputGH: iteration 24, time 0.093750, run time 2 s
INFO (CarpetX): OutputGH done.
INFO (CarpetX): Simulation time: 0.09375   Iterations per second: 47.0988   Simulation time per second: 0.18398
INFO (CarpetX): Grid cells: 4096   Grid cell updates per second: 192917
INFO (CarpetX): Performance:
INFO (CarpetX):   total evolution time:            0.510044 sec
INFO (CarpetX):   total evolution compute time:    0.509619 sec
INFO (CarpetX):   total evolution output time:     0.000425577 sec
INFO (CarpetX):   total iterations:                24
INFO (CarpetX):   total cells updated:             98304
INFO (CarpetX):   average iterations per second: 47.0548
INFO (CarpetX):   average cell updates per second: 192736
INFO (CarpetX): OutputGH: iteration 25, time 0.097656, run time 2 s
INFO (CarpetX): OutputGH done.
INFO (CarpetX): Simulation time: 0.0976562   Iterations per second: 47.1254   Simulation time per second: 0.184084
INFO (CarpetX): Grid cells: 4096   Grid cell updates per second: 193026
INFO (CarpetX): Performance:
INFO (CarpetX):   total evolution time:            0.531156 sec
INFO (CarpetX):   total evolution compute time:    0.530711 sec
INFO (CarpetX):   total evolution output time:     0.000445366 sec
INFO (CarpetX):   total iterations:                25
INFO (CarpetX):   total cells updated:             102400
INFO (CarpetX):   average iterations per second: 47.0671
INFO (CarpetX):   average cell updates per second: 192787
INFO (CarpetX): OutputGH: iteration 26, time 0.101562, run time 2 s
INFO (CarpetX): OutputGH done.
INFO (CarpetX): Simulation time: 0.101562   Iterations per second: 47.1619   Simulation time per second: 0.184226
INFO (CarpetX): Grid cells: 4096   Grid cell updates per second: 193175
INFO (CarpetX): Performance:
INFO (CarpetX):   total evolution time:            0.552212 sec
INFO (CarpetX):   total evolution compute time:    0.551747 sec
INFO (CarpetX):   total evolution output time:     0.000465393 sec
INFO (CarpetX):   total iterations:                26
INFO (CarpetX):   total cells updated:             106496
INFO (CarpetX):   average iterations per second: 47.0834
INFO (CarpetX):   average cell updates per second: 192853
INFO (CarpetX): OutputGH: iteration 27, time 0.105469, run time 2 s
INFO (CarpetX): OutputGH done.
INFO (CarpetX): Simulation time: 0.105469   Iterations per second: 47.188   Simulation time per second: 0.184328
INFO (CarpetX): Grid cells: 4096   Grid cell updates per second: 193282
INFO (CarpetX): Performance:
INFO (CarpetX):   total evolution time:            0.573298 sec
INFO (CarpetX):   total evolution compute time:    0.572815 sec
INFO (CarpetX):   total evolution output time:     0.000483274 sec
INFO (CarpetX):   total iterations:                27
INFO (CarpetX):   total cells updated:             110592
INFO (CarpetX):   average iterations per second: 47.0959
INFO (CarpetX):   average cell updates per second: 192905
INFO (CarpetX): OutputGH: iteration 28, time 0.109375, run time 2 s
INFO (CarpetX): OutputGH done.
INFO (CarpetX): Simulation time: 0.109375   Iterations per second: 47.2073   Simulation time per second: 0.184404
INFO (CarpetX): Grid cells: 4096   Grid cell updates per second: 193361
INFO (CarpetX): Performance:
INFO (CarpetX):   total evolution time:            0.594403 sec
INFO (CarpetX):   total evolution compute time:    0.593903 sec
INFO (CarpetX):   total evolution output time:     0.000500202 sec
INFO (CarpetX):   total iterations:                28
INFO (CarpetX):   total cells updated:             114688
INFO (CarpetX):   average iterations per second: 47.1061
INFO (CarpetX):   average cell updates per second: 192946
INFO (CarpetX): OutputGH: iteration 29, time 0.113281, run time 2 s
INFO (CarpetX): OutputGH done.
INFO (CarpetX): Simulation time: 0.113281   Iterations per second: 47.2259   Simulation time per second: 0.184476
INFO (CarpetX): Grid cells: 4096   Grid cell updates per second: 193437
INFO (CarpetX): Performance:
INFO (CarpetX):   total evolution time:            0.615503 sec
INFO (CarpetX):   total evolution compute time:    0.614986 sec
INFO (CarpetX):   total evolution output time:     0.00051713 sec
INFO (CarpetX):   total iterations:                29
INFO (CarpetX):   total cells updated:             118784
INFO (CarpetX):   average iterations per second: 47.1159
INFO (CarpetX):   average cell updates per second: 192987
INFO (CarpetX): OutputGH: iteration 30, time 0.117188, run time 2 s
INFO (CarpetX): OutputGH done.
INFO (CarpetX): Simulation time: 0.117188   Iterations per second: 47.1766   Simulation time per second: 0.184284
INFO (CarpetX): Grid cells: 4096   Grid cell updates per second: 193235
INFO (CarpetX): Performance:
INFO (CarpetX):   total evolution time:            0.636899 sec
INFO (CarpetX):   total evolution compute time:    0.636364 sec
INFO (CarpetX):   total evolution output time:     0.00053525 sec
INFO (CarpetX):   total iterations:                30
INFO (CarpetX):   total cells updated:             122880
INFO (CarpetX):   average iterations per second: 47.1032
INFO (CarpetX):   average cell updates per second: 192935
INFO (CarpetX): OutputGH: iteration 31, time 0.121094, run time 2 s
INFO (CarpetX): OutputGH done.
INFO (CarpetX): Simulation time: 0.121094   Iterations per second: 47.1915   Simulation time per second: 0.184342
INFO (CarpetX): Grid cells: 4096   Grid cell updates per second: 193296
INFO (CarpetX): Performance:
INFO (CarpetX):   total evolution time:            0.658029 sec
INFO (CarpetX):   total evolution compute time:    0.657477 sec
INFO (CarpetX):   total evolution output time:     0.000552416 sec
INFO (CarpetX):   total iterations:                31
INFO (CarpetX):   total cells updated:             126976
INFO (CarpetX):   average iterations per second: 47.1104
INFO (CarpetX):   average cell updates per second: 192964
INFO (CarpetX): OutputGH: iteration 32, time 0.125000, run time 2 s
INFO (CarpetX): OutputGH done.
INFO (CarpetX): Simulation time: 0.125   Iterations per second: 47.1857   Simulation time per second: 0.184319
INFO (CarpetX): Grid cells: 4096   Grid cell updates per second: 193273
INFO (CarpetX): Performance:
INFO (CarpetX):   total evolution time:            0.679245 sec
INFO (CarpetX):   total evolution compute time:    0.678671 sec
INFO (CarpetX):   total evolution output time:     0.000574589 sec
INFO (CarpetX):   total iterations:                32
INFO (CarpetX):   total cells updated:             131072
INFO (CarpetX):   average iterations per second: 47.1111
INFO (CarpetX):   average cell updates per second: 192967
INFO (CarpetX): OutputGH: iteration 33, time 0.128906, run time 2 s
INFO (CarpetX): OutputGH done.
INFO (CarpetX): Simulation time: 0.128906   Iterations per second: 47.1989   Simulation time per second: 0.184371
INFO (CarpetX): Grid cells: 4096   Grid cell updates per second: 193327
INFO (CarpetX): Performance:
INFO (CarpetX):   total evolution time:            0.700379 sec
INFO (CarpetX):   total evolution compute time:    0.699785 sec
INFO (CarpetX):   total evolution output time:     0.000594616 sec
INFO (CarpetX):   total iterations:                33
INFO (CarpetX):   total cells updated:             135168
INFO (CarpetX):   average iterations per second: 47.1173
INFO (CarpetX):   average cell updates per second: 192993
INFO (CarpetX): OutputGH: iteration 34, time 0.132812, run time 2 s
INFO (CarpetX): OutputGH done.
INFO (CarpetX): Simulation time: 0.132812   Iterations per second: 47.1982   Simulation time per second: 0.184368
INFO (CarpetX): Grid cells: 4096   Grid cell updates per second: 193324
INFO (CarpetX): Performance:
INFO (CarpetX):   total evolution time:            0.721569 sec
INFO (CarpetX):   total evolution compute time:    0.720955 sec
INFO (CarpetX):   total evolution output time:     0.000614643 sec
INFO (CarpetX):   total iterations:                34
INFO (CarpetX):   total cells updated:             139264
INFO (CarpetX):   average iterations per second: 47.1195
INFO (CarpetX):   average cell updates per second: 193002
INFO (CarpetX): OutputGH: iteration 35, time 0.136719, run time 2 s
INFO (CarpetX): OutputGH done.
INFO (CarpetX): Simulation time: 0.136719   Iterations per second: 47.2191   Simulation time per second: 0.18445
INFO (CarpetX): Grid cells: 4096   Grid cell updates per second: 193410
INFO (CarpetX): Performance:
INFO (CarpetX):   total evolution time:            0.742662 sec
INFO (CarpetX):   total evolution compute time:    0.742027 sec
INFO (CarpetX):   total evolution output time:     0.000635624 sec
INFO (CarpetX):   total iterations:                35
INFO (CarpetX):   total cells updated:             143360
INFO (CarpetX):   average iterations per second: 47.1277
INFO (CarpetX):   average cell updates per second: 193035
INFO (CarpetX): OutputGH: iteration 36, time 0.140625, run time 2 s
INFO (CarpetX): OutputGH done.
INFO (CarpetX): Simulation time: 0.140625   Iterations per second: 47.2421   Simulation time per second: 0.184539
INFO (CarpetX): Grid cells: 4096   Grid cell updates per second: 193504
INFO (CarpetX): Performance:
INFO (CarpetX):   total evolution time:            0.763737 sec
INFO (CarpetX):   total evolution compute time:    0.763082 sec
INFO (CarpetX):   total evolution output time:     0.000655651 sec
INFO (CarpetX):   total iterations:                36
INFO (CarpetX):   total cells updated:             147456
INFO (CarpetX):   average iterations per second: 47.1366
INFO (CarpetX):   average cell updates per second: 193072
INFO (CarpetX): OutputGH: iteration 37, time 0.144531, run time 2 s
INFO (CarpetX): OutputGH done.
INFO (CarpetX): Simulation time: 0.144531   Iterations per second: 47.2567   Simulation time per second: 0.184597
INFO (CarpetX): Grid cells: 4096   Grid cell updates per second: 193564
INFO (CarpetX): Performance:
INFO (CarpetX):   total evolution time:            0.784839 sec
INFO (CarpetX):   total evolution compute time:    0.784166 sec
INFO (CarpetX):   total evolution output time:     0.000673771 sec
INFO (CarpetX):   total iterations:                37
INFO (CarpetX):   total cells updated:             151552
INFO (CarpetX):   average iterations per second: 47.1434
INFO (CarpetX):   average cell updates per second: 193099
INFO (CarpetX): OutputGH: iteration 38, time 0.148438, run time 2 s
INFO (CarpetX): OutputGH done.
INFO (CarpetX): Simulation time: 0.148438   Iterations per second: 47.2757   Simulation time per second: 0.184671
INFO (CarpetX): Grid cells: 4096   Grid cell updates per second: 193641
INFO (CarpetX): Performance:
INFO (CarpetX):   total evolution time:            0.805916 sec
INFO (CarpetX):   total evolution compute time:    0.805222 sec
INFO (CarpetX):   total evolution output time:     0.000693798 sec
INFO (CarpetX):   total iterations:                38
INFO (CarpetX):   total cells updated:             155648
INFO (CarpetX):   average iterations per second: 47.1513
INFO (CarpetX):   average cell updates per second: 193132
INFO (CarpetX): OutputGH: iteration 39, time 0.152344, run time 2 s
INFO (CarpetX): OutputGH done.
INFO (CarpetX): Simulation time: 0.152344   Iterations per second: 47.3067   Simulation time per second: 0.184792
INFO (CarpetX): Grid cells: 4096   Grid cell updates per second: 193768
INFO (CarpetX): Performance:
INFO (CarpetX):   total evolution time:            0.82693 sec
INFO (CarpetX):   total evolution compute time:    0.82622 sec
INFO (CarpetX):   total evolution output time:     0.000709772 sec
INFO (CarpetX):   total iterations:                39
INFO (CarpetX):   total cells updated:             159744
INFO (CarpetX):   average iterations per second: 47.1624
INFO (CarpetX):   average cell updates per second: 193177
INFO (CarpetX): OutputGH: iteration 40, time 0.156250, run time 2 s
INFO (CarpetX): OutputGH done.
INFO (CarpetX): Simulation time: 0.15625   Iterations per second: 47.3037   Simulation time per second: 0.18478
INFO (CarpetX): Grid cells: 4096   Grid cell updates per second: 193756
INFO (CarpetX): Performance:
INFO (CarpetX):   total evolution time:            0.848082 sec
INFO (CarpetX):   total evolution compute time:    0.847355 sec
INFO (CarpetX):   total evolution output time:     0.000726938 sec
INFO (CarpetX):   total iterations:                40
INFO (CarpetX):   total cells updated:             163840
INFO (CarpetX):   average iterations per second: 47.1653
INFO (CarpetX):   average cell updates per second: 193189
INFO (CarpetX): OutputGH: iteration 41, time 0.160156, run time 2 s
INFO (CarpetX): OutputGH done.
INFO (CarpetX): Simulation time: 0.160156   Iterations per second: 47.3131   Simulation time per second: 0.184817
INFO (CarpetX): Grid cells: 4096   Grid cell updates per second: 193794
INFO (CarpetX): Performance:
INFO (CarpetX):   total evolution time:            0.869179 sec
INFO (CarpetX):   total evolution compute time:    0.868432 sec
INFO (CarpetX):   total evolution output time:     0.000747919 sec
INFO (CarpetX):   total iterations:                41
INFO (CarpetX):   total cells updated:             167936
INFO (CarpetX):   average iterations per second: 47.1709
INFO (CarpetX):   average cell updates per second: 193212
INFO (CarpetX): OutputGH: iteration 42, time 0.164062, run time 2 s
INFO (CarpetX): OutputGH done.
INFO (CarpetX): Simulation time: 0.164062   Iterations per second: 47.3283   Simulation time per second: 0.184876
INFO (CarpetX): Grid cells: 4096   Grid cell updates per second: 193857
INFO (CarpetX): Performance:
INFO (CarpetX):   total evolution time:            0.890247 sec
INFO (CarpetX):   total evolution compute time:    0.88948 sec
INFO (CarpetX):   total evolution output time:     0.000766993 sec
INFO (CarpetX):   total iterations:                42
INFO (CarpetX):   total cells updated:             172032
INFO (CarpetX):   average iterations per second: 47.1779
INFO (CarpetX):   average cell updates per second: 193241
INFO (CarpetX): OutputGH: iteration 43, time 0.167969, run time 2 s
INFO (CarpetX): OutputGH done.
INFO (CarpetX): Simulation time: 0.167969   Iterations per second: 47.3247   Simulation time per second: 0.184862
INFO (CarpetX): Grid cells: 4096   Grid cell updates per second: 193842
INFO (CarpetX): Performance:
INFO (CarpetX):   total evolution time:            0.911392 sec
INFO (CarpetX):   total evolution compute time:    0.910608 sec
INFO (CarpetX):   total evolution output time:     0.000784159 sec
INFO (CarpetX):   total iterations:                43
INFO (CarpetX):   total cells updated:             176128
INFO (CarpetX):   average iterations per second: 47.1806
INFO (CarpetX):   average cell updates per second: 193252
INFO (CarpetX): OutputGH: iteration 44, time 0.171875, run time 2 s
INFO (CarpetX): OutputGH done.
INFO (CarpetX): Simulation time: 0.171875   Iterations per second: 47.3203   Simulation time per second: 0.184845
INFO (CarpetX): Grid cells: 4096   Grid cell updates per second: 193824
INFO (CarpetX): Performance:
INFO (CarpetX):   total evolution time:            0.932543 sec
INFO (CarpetX):   total evolution compute time:    0.931737 sec
INFO (CarpetX):   total evolution output time:     0.00080514 sec
INFO (CarpetX):   total iterations:                44
INFO (CarpetX):   total cells updated:             180224
INFO (CarpetX):   average iterations per second: 47.1828
INFO (CarpetX):   average cell updates per second: 193261
INFO (CarpetX): OutputGH: iteration 45, time 0.175781, run time 2 s
INFO (CarpetX): OutputGH done.
INFO (CarpetX): Simulation time: 0.175781   Iterations per second: 47.3278   Simulation time per second: 0.184874
INFO (CarpetX): Grid cells: 4096   Grid cell updates per second: 193855
INFO (CarpetX): Performance:
INFO (CarpetX):   total evolution time:            0.953642 sec
INFO (CarpetX):   total evolution compute time:    0.952818 sec
INFO (CarpetX):   total evolution output time:     0.000823259 sec
INFO (CarpetX):   total iterations:                45
INFO (CarpetX):   total cells updated:             184320
INFO (CarpetX):   average iterations per second: 47.1875
INFO (CarpetX):   average cell updates per second: 193280
INFO (CarpetX): OutputGH: iteration 46, time 0.179688, run time 2 s
INFO (CarpetX): OutputGH done.
INFO (CarpetX): Simulation time: 0.179688   Iterations per second: 47.3214   Simulation time per second: 0.184849
INFO (CarpetX): Grid cells: 4096   Grid cell updates per second: 193828
INFO (CarpetX): Performance:
INFO (CarpetX):   total evolution time:            0.9748 sec
INFO (CarpetX):   total evolution compute time:    0.973959 sec
INFO (CarpetX):   total evolution output time:     0.000840187 sec
INFO (CarpetX):   total iterations:                46
INFO (CarpetX):   total cells updated:             188416
INFO (CarpetX):   average iterations per second: 47.1892
INFO (CarpetX):   average cell updates per second: 193287
INFO (CarpetX): OutputGH: iteration 47, time 0.183594, run time 2 s
INFO (CarpetX): OutputGH done.
INFO (CarpetX): Simulation time: 0.183594   Iterations per second: 47.3429   Simulation time per second: 0.184933
INFO (CarpetX): Grid cells: 4096   Grid cell updates per second: 193916
INFO (CarpetX): Performance:
INFO (CarpetX):   total evolution time:            0.995836 sec
INFO (CarpetX):   total evolution compute time:    0.994976 sec
INFO (CarpetX):   total evolution output time:     0.000859976 sec
INFO (CarpetX):   total iterations:                47
INFO (CarpetX):   total cells updated:             192512
INFO (CarpetX):   average iterations per second: 47.1965
INFO (CarpetX):   average cell updates per second: 193317
INFO (CarpetX): OutputGH: iteration 48, time 0.187500, run time 2 s
INFO (CarpetX): OutputGH done.
INFO (CarpetX): Simulation time: 0.1875   Iterations per second: 47.3421   Simulation time per second: 0.18493
INFO (CarpetX): Grid cells: 4096   Grid cell updates per second: 193913
INFO (CarpetX): Performance:
INFO (CarpetX):   total evolution time:            1.01696 sec
INFO (CarpetX):   total evolution compute time:    1.01608 sec
INFO (CarpetX):   total evolution output time:     0.000876904 sec
INFO (CarpetX):   total iterations:                48
INFO (CarpetX):   total cells updated:             196608
INFO (CarpetX):   average iterations per second: 47.1994
INFO (CarpetX):   average cell updates per second: 193329
INFO (CarpetX): OutputGH: iteration 49, time 0.191406, run time 2 s
INFO (CarpetX): OutputGH done.
INFO (CarpetX): Simulation time: 0.191406   Iterations per second: 47.3035   Simulation time per second: 0.184779
INFO (CarpetX): Grid cells: 4096   Grid cell updates per second: 193755
INFO (CarpetX): Performance:
INFO (CarpetX):   total evolution time:            1.03826 sec
INFO (CarpetX):   total evolution compute time:    1.03736 sec
INFO (CarpetX):   total evolution output time:     0.00090003 sec
INFO (CarpetX):   total iterations:                49
INFO (CarpetX):   total cells updated:             200704
INFO (CarpetX):   average iterations per second: 47.1945
INFO (CarpetX):   average cell updates per second: 193309
INFO (CarpetX): OutputGH: iteration 50, time 0.195312, run time 2 s
INFO (CarpetX): OutputGH done.
INFO (CarpetX): Simulation time: 0.195312   Iterations per second: 47.27   Simulation time per second: 0.184648
INFO (CarpetX): Grid cells: 4096   Grid cell updates per second: 193618
INFO (CarpetX): Performance:
INFO (CarpetX):   total evolution time:            1.05955 sec
INFO (CarpetX):   total evolution compute time:    1.05862 sec
INFO (CarpetX):   total evolution output time:     0.000921965 sec
INFO (CarpetX):   total iterations:                50
INFO (CarpetX):   total cells updated:             204800
INFO (CarpetX):   average iterations per second: 47.19
INFO (CarpetX):   average cell updates per second: 193290
INFO (CarpetX): OutputGH: iteration 51, time 0.199219, run time 2 s
INFO (CarpetX): OutputGH done.
INFO (CarpetX): Simulation time: 0.199219   Iterations per second: 47.2626   Simulation time per second: 0.18462
INFO (CarpetX): Grid cells: 4096   Grid cell updates per second: 193588
INFO (CarpetX): Performance:
INFO (CarpetX):   total evolution time:            1.08073 sec
INFO (CarpetX):   total evolution compute time:    1.07979 sec
INFO (CarpetX):   total evolution output time:     0.000943899 sec
INFO (CarpetX):   total iterations:                51
INFO (CarpetX):   total cells updated:             208896
INFO (CarpetX):   average iterations per second: 47.1901
INFO (CarpetX):   average cell updates per second: 193291
INFO (CarpetX): OutputGH: iteration 52, time 0.203125, run time 2 s
INFO (CarpetX): OutputGH done.
INFO (CarpetX): Simulation time: 0.203125   Iterations per second: 47.2632   Simulation time per second: 0.184622
INFO (CarpetX): Grid cells: 4096   Grid cell updates per second: 193590
INFO (CarpetX): Performance:
INFO (CarpetX):   total evolution time:            1.10189 sec
INFO (CarpetX):   total evolution compute time:    1.10093 sec
INFO (CarpetX):   total evolution output time:     0.000961065 sec
INFO (CarpetX):   total iterations:                52
INFO (CarpetX):   total cells updated:             212992
INFO (CarpetX):   average iterations per second: 47.1916
INFO (CarpetX):   average cell updates per second: 193297
INFO (CarpetX): OutputGH: iteration 53, time 0.207031, run time 2 s
INFO (CarpetX): OutputGH done.
INFO (CarpetX): Simulation time: 0.207031   Iterations per second: 47.2695   Simulation time per second: 0.184646
INFO (CarpetX): Grid cells: 4096   Grid cell updates per second: 193616
INFO (CarpetX): Performance:
INFO (CarpetX):   total evolution time:            1.12302 sec
INFO (CarpetX):   total evolution compute time:    1.12204 sec
INFO (CarpetX):   total evolution output time:     0.000977039 sec
INFO (CarpetX):   total iterations:                53
INFO (CarpetX):   total cells updated:             217088
INFO (CarpetX):   average iterations per second: 47.1941
INFO (CarpetX):   average cell updates per second: 193307
INFO (CarpetX): OutputGH: iteration 54, time 0.210938, run time 2 s
INFO (CarpetX): OutputGH done.
INFO (CarpetX): Simulation time: 0.210938   Iterations per second: 47.2926   Simulation time per second: 0.184737
INFO (CarpetX): Grid cells: 4096   Grid cell updates per second: 193710
INFO (CarpetX): Performance:
INFO (CarpetX):   total evolution time:            1.14407 sec
INFO (CarpetX):   total evolution compute time:    1.14308 sec
INFO (CarpetX):   total evolution output time:     0.000997066 sec
INFO (CarpetX):   total iterations:                54
INFO (CarpetX):   total cells updated:             221184
INFO (CarpetX):   average iterations per second: 47.1998
INFO (CarpetX):   average cell updates per second: 193330
INFO (CarpetX): OutputGH: iteration 55, time 0.214844, run time 2 s
INFO (CarpetX): OutputGH done.
INFO (CarpetX): Simulation time: 0.214844   Iterations per second: 47.3127   Simulation time per second: 0.184815
INFO (CarpetX): Grid cells: 4096   Grid cell updates per second: 193793
INFO (CarpetX): Performance:
INFO (CarpetX):   total evolution time:            1.16513 sec
INFO (CarpetX):   total evolution compute time:    1.16411 sec
INFO (CarpetX):   total evolution output time:     0.00101399 sec
INFO (CarpetX):   total iterations:                55
INFO (CarpetX):   total cells updated:             225280
INFO (CarpetX):   average iterations per second: 47.2051
INFO (CarpetX):   average cell updates per second: 193352
INFO (CarpetX): OutputGH: iteration 56, time 0.218750, run time 2 s
INFO (CarpetX): OutputGH done.
INFO (CarpetX): Simulation time: 0.21875   Iterations per second: 47.329   Simulation time per second: 0.184879
INFO (CarpetX): Grid cells: 4096   Grid cell updates per second: 193860
INFO (CarpetX): Performance:
INFO (CarpetX):   total evolution time:            1.18619 sec
INFO (CarpetX):   total evolution compute time:    1.18516 sec
INFO (CarpetX):   total evolution output time:     0.00102901 sec
INFO (CarpetX):   total iterations:                56
INFO (CarpetX):   total cells updated:             229376
INFO (CarpetX):   average iterations per second: 47.2099
INFO (CarpetX):   average cell updates per second: 193372
INFO (CarpetX): OutputGH: iteration 57, time 0.222656, run time 2 s
INFO (CarpetX): OutputGH done.
INFO (CarpetX): Simulation time: 0.222656   Iterations per second: 47.3464   Simulation time per second: 0.184947
INFO (CarpetX): Grid cells: 4096   Grid cell updates per second: 193931
INFO (CarpetX): Performance:
INFO (CarpetX):   total evolution time:            1.20724 sec
INFO (CarpetX):   total evolution compute time:    1.2062 sec
INFO (CarpetX):   total evolution output time:     0.0010469 sec
INFO (CarpetX):   total iterations:                57
INFO (CarpetX):   total cells updated:             233472
INFO (CarpetX):   average iterations per second: 47.2151
INFO (CarpetX):   average cell updates per second: 193393
INFO (CarpetX): OutputGH: iteration 58, time 0.226562, run time 2 s
INFO (CarpetX): OutputGH done.
INFO (CarpetX): Simulation time: 0.226562   Iterations per second: 47.3608   Simulation time per second: 0.185003
INFO (CarpetX): Grid cells: 4096   Grid cell updates per second: 193990
INFO (CarpetX): Performance:
INFO (CarpetX):   total evolution time:            1.2283 sec
INFO (CarpetX):   total evolution compute time:    1.22723 sec
INFO (CarpetX):   total evolution output time:     0.00106406 sec
INFO (CarpetX):   total iterations:                58
INFO (CarpetX):   total cells updated:             237568
INFO (CarpetX):   average iterations per second: 47.2198
INFO (CarpetX):   average cell updates per second: 193412
INFO (CarpetX): OutputGH: iteration 59, time 0.230469, run time 2 s
INFO (CarpetX): OutputGH done.
INFO (CarpetX): Simulation time: 0.230469   Iterations per second: 47.3645   Simulation time per second: 0.185018
INFO (CarpetX): Grid cells: 4096   Grid cell updates per second: 194005
INFO (CarpetX): Performance:
INFO (CarpetX):   total evolution time:            1.2494 sec
INFO (CarpetX):   total evolution compute time:    1.24832 sec
INFO (CarpetX):   total evolution output time:     0.00108004 sec
INFO (CarpetX):   total iterations:                59
INFO (CarpetX):   total cells updated:             241664
INFO (CarpetX):   average iterations per second: 47.2228
INFO (CarpetX):   average cell updates per second: 193425
INFO (CarpetX): OutputGH: iteration 60, time 0.234375, run time 2 s
INFO (CarpetX): OutputGH done.
INFO (CarpetX): Simulation time: 0.234375   Iterations per second: 47.3681   Simulation time per second: 0.185031
INFO (CarpetX): Grid cells: 4096   Grid cell updates per second: 194020
INFO (CarpetX): Performance:
INFO (CarpetX):   total evolution time:            1.27049 sec
INFO (CarpetX):   total evolution compute time:    1.2694 sec
INFO (CarpetX):   total evolution output time:     0.00109696 sec
INFO (CarpetX):   total iterations:                60
INFO (CarpetX):   total cells updated:             245760
INFO (CarpetX):   average iterations per second: 47.2257
INFO (CarpetX):   average cell updates per second: 193437
INFO (CarpetX): OutputGH: iteration 61, time 0.238281, run time 2 s
INFO (CarpetX): OutputGH done.
INFO (CarpetX): Simulation time: 0.238281   Iterations per second: 47.3735   Simulation time per second: 0.185053
INFO (CarpetX): Grid cells: 4096   Grid cell updates per second: 194042
INFO (CarpetX): Performance:
INFO (CarpetX):   total evolution time:            1.29158 sec
INFO (CarpetX):   total evolution compute time:    1.29047 sec
INFO (CarpetX):   total evolution output time:     0.00111389 sec
INFO (CarpetX):   total iterations:                61
INFO (CarpetX):   total cells updated:             249856
INFO (CarpetX):   average iterations per second: 47.229
INFO (CarpetX):   average cell updates per second: 193450
INFO (CarpetX): OutputGH: iteration 62, time 0.242188, run time 2 s
INFO (CarpetX): OutputGH done.
INFO (CarpetX): Simulation time: 0.242188   Iterations per second: 47.3764   Simulation time per second: 0.185064
INFO (CarpetX): Grid cells: 4096   Grid cell updates per second: 194054
INFO (CarpetX): Performance:
INFO (CarpetX):   total evolution time:            1.31268 sec
INFO (CarpetX):   total evolution compute time:    1.31155 sec
INFO (CarpetX):   total evolution output time:     0.00113106 sec
INFO (CarpetX):   total iterations:                62
INFO (CarpetX):   total cells updated:             253952
INFO (CarpetX):   average iterations per second: 47.2317
INFO (CarpetX):   average cell updates per second: 193461
INFO (CarpetX): OutputGH: iteration 63, time 0.246094, run time 2 s
INFO (CarpetX): OutputGH done.
INFO (CarpetX): Simulation time: 0.246094   Iterations per second: 47.3868   Simulation time per second: 0.185105
INFO (CarpetX): Grid cells: 4096   Grid cell updates per second: 194096
INFO (CarpetX): Performance:
INFO (CarpetX):   total evolution time:            1.33374 sec
INFO (CarpetX):   total evolution compute time:    1.33259 sec
INFO (CarpetX):   total evolution output time:     0.00114918 sec
INFO (CarpetX):   total iterations:                63
INFO (CarpetX):   total cells updated:             258048
INFO (CarpetX):   average iterations per second: 47.2357
INFO (CarpetX):   average cell updates per second: 193477
INFO (CarpetX): OutputGH: iteration 64, time 0.250000, run time 3 s
INFO (CarpetX): OutputGH done.
INFO (CarpetX): Simulation time: 0.25   Iterations per second: 18.9485   Simulation time per second: 0.0740177
INFO (CarpetX): Grid cells: 4096   Grid cell updates per second: 77613.2
INFO (CarpetX): Performance:
INFO (CarpetX):   total evolution time:            1.67156 sec
INFO (CarpetX):   total evolution compute time:    1.35608 sec
INFO (CarpetX):   total evolution output time:     0.315478 sec
INFO (CarpetX):   total iterations:                64
INFO (CarpetX):   total cells updated:             262144
INFO (CarpetX):   average iterations per second: 38.2877
INFO (CarpetX):   average cell updates per second: 156826
INFO (CarpetX): Shutting down...
AMReX (25.11) finalized
--------------------------------------------------------------------------------
Done.
+ echo Stopping:
Stopping:
+ date
Mon Sep  7 23:53:41 UTC 2026
+ echo Done.
Done.
  Elapsed time: 2.6 s
