/home/runner/simulations/TestJob01_temp_1/output-0000/TEST/sim/CanudaX_BSSNMoL
Preparing:
+ set -e
+ cd output-0000-active
+ echo Checking:
Checking:
+ pwd
/home/runner/simulations/TestJob01_temp_1/output-0000/TEST/sim/CanudaX_BSSNMoL/output-0000-active
+ hostname
runnervm7b5n9
+ date
Mon Jun 22 22:09:33 UTC 2026
+ echo Environment:
Environment:
+ export CACTUS_NUM_PROCS=1
+ CACTUS_NUM_PROCS=1
+ export CACTUS_NUM_THREADS=2
+ CACTUS_NUM_THREADS=2
+ export GMON_OUT_PREFIX=gmon.out
+ GMON_OUT_PREFIX=gmon.out
+ export OMP_NUM_THREADS=2
+ OMP_NUM_THREADS=2
+ env
+ sort
+ echo Starting:
Starting:
++ date +%s
+ export CACTUS_STARTTIME=1782166173
+ CACTUS_STARTTIME=1782166173
+ '[' 1 = 1 ']'
+ '[' 0 -eq 0 ']'
+ /home/runner/simulations/TestJob01_temp_1/SIMFACTORY/exe/cactus_sim -L 3 /home/runner/simulations/TestJob01_temp_1/output-0000/arrangements/CanudaX/CanudaX_BSSNMoL/test/gaugewave.par
INFO (Cactus): Increased logging level from 0 to 3
--------------------------------------------------------------------------------

       10                                  
  1   0101       ************************  
  01  1010 10      The Cactus Code V4.20.0    
 1010 1101 011      www.cactuscode.org     
  1001 100101    ************************  
    00010101                               
     100011     (c) Copyright The Authors  
      0100      GNU Licensed. No Warranty  
      0101                                 
--------------------------------------------------------------------------------

Cactus version:    4.20.0
Compile date:      Jun 22 2026 (22:06:44)
Run date:          Jun 22 2026 (22:09:34+0000)
Run host:          runnervm7b5n9.ev5m3jmp5jiulb24vhqlapqjff.cx.internal.cloudapp.net (pid=168847)
Working directory: /home/runner/simulations/TestJob01_temp_1/output-0000/TEST/sim/CanudaX_BSSNMoL
Executable:        /home/runner/simulations/TestJob01_temp_1/SIMFACTORY/exe/cactus_sim
Parameter file:    /home/runner/simulations/TestJob01_temp_1/output-0000/arrangements/CanudaX/CanudaX_BSSNMoL/test/gaugewave.par
--------------------------------------------------------------------------------

Activating thorn Cactus...Success -> active implementation Cactus
Activation requested for 
--->ADMBaseX CanudaX_BSSNMoL CanudaX_ExactID CarpetX IOUtil ODESolvers TmunuBaseX<---
Thorn ADMBaseX requests automatic activation of Loop
Thorn CarpetX requests automatic activation of AMReX
Thorn CarpetX requests automatic activation of MPI
Thorn CarpetX requests automatic activation of yaml_cpp
Thorn CarpetX requests automatic activation of zlib
Thorn CarpetX requests automatic activation of Arith
Thorn CarpetX requests automatic activation of CarpetXRegrid
Thorn CarpetX requests automatic activation of ADIOS2
Thorn CarpetX requests automatic activation of openPMD
Thorn CarpetX requests automatic activation of Silo
Thorn ADIOS2 requests automatic activation of CMake
Thorn Arith requests automatic activation of NSIMD
Thorn MPI requests automatic activation of hwloc
Thorn openPMD requests automatic activation of HDF5
Activating thorn ADIOS2...Success -> active implementation ADIOS2
Activating thorn ADMBaseX...Success -> active implementation ADMBaseX
Activating thorn AMReX...Success -> active implementation AMReX
Activating thorn Arith...Success -> active implementation Arith
Activating thorn CanudaX_BSSNMoL...Success -> active implementation CanudaX_BSSNMoL
Activating thorn CanudaX_ExactID...Success -> active implementation CanudaX_ExactID
Activating thorn CarpetX...Success -> active implementation Driver
Activating thorn CarpetXRegrid...Success -> active implementation CarpetXRegrid
Activating thorn CMake...Success -> active implementation CMake
Activating thorn HDF5...Success -> active implementation HDF5
Activating thorn hwloc...Success -> active implementation hwloc
Activating thorn IOUtil...Success -> active implementation IO
Activating thorn Loop...Success -> active implementation Loop
Activating thorn MPI...Success -> active implementation MPI
Activating thorn NSIMD...Success -> active implementation NSIMD
Activating thorn ODESolvers...Success -> active implementation ODESolvers
Activating thorn openPMD...Success -> active implementation openPMD
Activating thorn Silo...Success -> active implementation Silo
Activating thorn TmunuBaseX...Success -> active implementation TmunuBaseX
Activating thorn yaml_cpp...Success -> active implementation yaml_cpp
Activating thorn zlib...Success -> active implementation zlib
--------------------------------------------------------------------------------
  if (recover initial data)
    Recover parameters
  endif

  Startup routines
    [CCTK_STARTUP]
      CarpetX::Driver_Startup: Start up the driver
      IOUtil::IOUtil_Startup: Startup routine
      GROUP hwloc_startup: hwloc startup group
        hwloc::hwloc_version: Output hwloc version

  Startup routines which need an existing grid hierarchy
    [CCTK_WRAGH]
      Arith::Test_smallvector: [meta] Test small vectors
      Arith::Test_spvect: [meta] Test sparse vectors
      ODESolvers::ODESolvers_InitConstants: [global] Set up dummy loop counters for schedule printout
  Parameter checking routines
    [CCTK_PARAMCHECK]
      CanudaX_BSSNMoL::CanudaX_BSSNMoL_paramcheck: Check CanudaX_BSSNMoL parameters for consistency

  Initialisation
    if (NOT (recover initial data AND recovery_mode is 'strict'))
      [CCTK_PREREGRIDINITIAL]
      Set up grid hierarchy
      [CCTK_POSTREGRIDINITIAL]
      [CCTK_BASEGRID]
        CarpetXRegrid::CarpetXRegrid_InitError: Initialize regridding error to zero
        GROUP ODESolvers_BaseGrid: Set up constants (e.g. coordinates) everywhere on the grid
      [CCTK_INITIAL]
        GROUP TmunuBaseX_SetTmunuVars: Schedule group for setting T_munu
          TmunuBaseX::TmunuBaseX_ZeroTmunu: Set T_munu to zero
          GROUP TmunuBaseX_AddToTmunu: Add to T_munu here
        GROUP ODESolvers_Initial: Set up initial conditions on interior of state vector
          GROUP ADMBaseX_InitialData: Schedule group for calculating ADM initial data
            GROUP CanudaX_ExactIDGroup: CanudaX_ExactID group for setting up initial data
              CanudaX_ExactID::CanudaX_ExactID_GaugeWave: [local] Create gauge wave initial data
          GROUP ADMBaseX_InitialGauge: Schedule group for the ADM initial gauge condition
            ADMBaseX::ADMBaseX_initial_dtlapse: Set dtlapse to zero
            ADMBaseX::ADMBaseX_initial_dtshift: Set dtshift to zero
          GROUP ADMBaseX_PostInitial: Schedule group for modifying the ADM initial data, such as e.g. adding noise
        GROUP CanudaX_BSSNMoL_InitialGroup: CanudaX_BSSNMoL: initial bin
          CanudaX_BSSNMoL::CanudaX_BSSNMoL_adm2bssn: [local] Convert initial data into BSSN variables
          CanudaX_BSSNMoL::CanudaX_BSSNMoL_gammat: [local] Set Gammat initial data
      [CCTK_POSTINITIAL]
        GROUP ODESolvers_PostStep: Apply boundary conditions to state vector, and project if necessary
          GROUP CanudaX_BSSNMoL_PostStepGroup: CanudaX_BSSNMoL: post-step operations
            CanudaX_BSSNMoL::CanudaX_BSSNMoL_impose_conf_fac_floor: Make sure conformal factor does not drop below specified value
            CanudaX_BSSNMoL::CanudaX_BSSNMoL_reset_detmetric: reset dethh = 1
            CanudaX_BSSNMoL::CanudaX_BSSNMoL_remove_trA: Remove trace of A
            CanudaX_BSSNMoL::CanudaX_BSSNMoL_sync: [global] Sync state vector
            CanudaX_BSSNMoL::CanudaX_BSSNMoL_bssn2adm: [local] Convert variables back to the ADM ones
          GROUP ADMBaseX_SetADMRHS: Set ADM RHS variables in this group
          GROUP ADMBaseX_SetADMVars: Set ADM variables in this group
          GROUP TmunuBaseX_SetTmunuVars: Schedule group for setting T_munu
            TmunuBaseX::TmunuBaseX_ZeroTmunu: Set T_munu to zero
            GROUP TmunuBaseX_AddToTmunu: Add to T_munu here
        GROUP ODESolvers_EstimateError: Estimate discretization error (for regridding)
      Initialise finer grids recursively
      Restrict from finer grids
      [CCTK_POSTRESTRICTINITIAL]
      [CCTK_POSTPOSTINITIAL]
      [CCTK_POSTSTEP]
        GROUP ODESolvers_EstimateError: Estimate discretization error (for regridding)
    endif
    if (recover initial data)
      [CCTK_BASEGRID]
        CarpetXRegrid::CarpetXRegrid_InitError: Initialize regridding error to zero
        GROUP ODESolvers_BaseGrid: Set up constants (e.g. coordinates) everywhere on the grid
      [CCTK_RECOVER_VARIABLES]
      [CCTK_POST_RECOVER_VARIABLES]
        GROUP ODESolvers_PostStep: Apply boundary conditions to state vector, and project if necessary
          GROUP CanudaX_BSSNMoL_PostStepGroup: CanudaX_BSSNMoL: post-step operations
            CanudaX_BSSNMoL::CanudaX_BSSNMoL_impose_conf_fac_floor: Make sure conformal factor does not drop below specified value
            CanudaX_BSSNMoL::CanudaX_BSSNMoL_reset_detmetric: reset dethh = 1
            CanudaX_BSSNMoL::CanudaX_BSSNMoL_remove_trA: Remove trace of A
            CanudaX_BSSNMoL::CanudaX_BSSNMoL_sync: [global] Sync state vector
            CanudaX_BSSNMoL::CanudaX_BSSNMoL_bssn2adm: [local] Convert variables back to the ADM ones
          GROUP ADMBaseX_SetADMRHS: Set ADM RHS variables in this group
          GROUP ADMBaseX_SetADMVars: Set ADM variables in this group
          GROUP TmunuBaseX_SetTmunuVars: Schedule group for setting T_munu
            TmunuBaseX::TmunuBaseX_ZeroTmunu: Set T_munu to zero
            GROUP TmunuBaseX_AddToTmunu: Add to T_munu here
        GROUP ODESolvers_EstimateError: Estimate discretization error (for regridding)
    endif
    if (checkpoint initial data)
      [CCTK_CPINITIAL]
        CarpetX::CarpetX_CheckpointInitial: [meta] Checkpoint initial conditions
    endif
    if (analysis)
      [CCTK_ANALYSIS]
        CanudaX_BSSNMoL::CanudaX_BSSNMoL_bssn_constraints: Compute constraints
        GROUP ODESolvers_Analysis: Calculate analysis quantities everywhere
  endif
  Output grid variables

  do loop over timesteps
    [CCTK_PREREGRID]
    Change grid hierarchy
    [CCTK_POSTREGRID]
      GROUP ODESolvers_PostStep: Apply boundary conditions to state vector, and project if necessary
        GROUP CanudaX_BSSNMoL_PostStepGroup: CanudaX_BSSNMoL: post-step operations
          CanudaX_BSSNMoL::CanudaX_BSSNMoL_impose_conf_fac_floor: Make sure conformal factor does not drop below specified value
          CanudaX_BSSNMoL::CanudaX_BSSNMoL_reset_detmetric: reset dethh = 1
          CanudaX_BSSNMoL::CanudaX_BSSNMoL_remove_trA: Remove trace of A
          CanudaX_BSSNMoL::CanudaX_BSSNMoL_sync: [global] Sync state vector
          CanudaX_BSSNMoL::CanudaX_BSSNMoL_bssn2adm: [local] Convert variables back to the ADM ones
        GROUP ADMBaseX_SetADMRHS: Set ADM RHS variables in this group
        GROUP ADMBaseX_SetADMVars: Set ADM variables in this group
        GROUP TmunuBaseX_SetTmunuVars: Schedule group for setting T_munu
          TmunuBaseX::TmunuBaseX_ZeroTmunu: Set T_munu to zero
          GROUP TmunuBaseX_AddToTmunu: Add to T_munu here
    Rotate timelevels
    iteration = iteration+1
    t = t+dt
    [CCTK_PRESTEP]
    [CCTK_EVOL]
      ODESolvers::ODESolvers_Solve: [level] Solve ODEs
      while (ODESolvers::do_substeps)
        GROUP ODESolvers_CalledBySolve: Groups internally scheduled by ODESolvers_Solve
          GROUP ODESolvers_RHS: Evaluate the RHS for of state vector everywhere on the grid
            GROUP CanudaX_BSSNMoL_RHSGroup: CanudaX_BSSNMoL: calculate BSSN RHS
              CanudaX_BSSNMoL::CanudaX_BSSNMoL_calc_bssn_rhs: MoL RHS calculation
              CanudaX_BSSNMoL::CanudaX_BSSNMoL_apply_boundary_conditions: Apply radiative boundary conditions 
          GROUP ODESolvers_PostStep: Apply boundary conditions to state vector, and project if necessary
            GROUP CanudaX_BSSNMoL_PostStepGroup: CanudaX_BSSNMoL: post-step operations
              CanudaX_BSSNMoL::CanudaX_BSSNMoL_impose_conf_fac_floor: Make sure conformal factor does not drop below specified value
              CanudaX_BSSNMoL::CanudaX_BSSNMoL_reset_detmetric: reset dethh = 1
              CanudaX_BSSNMoL::CanudaX_BSSNMoL_remove_trA: Remove trace of A
              CanudaX_BSSNMoL::CanudaX_BSSNMoL_sync: [global] Sync state vector
              CanudaX_BSSNMoL::CanudaX_BSSNMoL_bssn2adm: [local] Convert variables back to the ADM ones
            GROUP ADMBaseX_SetADMRHS: Set ADM RHS variables in this group
            GROUP ADMBaseX_SetADMVars: Set ADM variables in this group
            GROUP TmunuBaseX_SetTmunuVars: Schedule group for setting T_munu
              TmunuBaseX::TmunuBaseX_ZeroTmunu: Set T_munu to zero
              GROUP TmunuBaseX_AddToTmunu: Add to T_munu here
      end while
    Evolve finer grids recursively
    Restrict from finer grids
    [CCTK_POSTRESTRICT]
      GROUP ODESolvers_PostStep: Apply boundary conditions to state vector, and project if necessary
        GROUP CanudaX_BSSNMoL_PostStepGroup: CanudaX_BSSNMoL: post-step operations
          CanudaX_BSSNMoL::CanudaX_BSSNMoL_impose_conf_fac_floor: Make sure conformal factor does not drop below specified value
          CanudaX_BSSNMoL::CanudaX_BSSNMoL_reset_detmetric: reset dethh = 1
          CanudaX_BSSNMoL::CanudaX_BSSNMoL_remove_trA: Remove trace of A
          CanudaX_BSSNMoL::CanudaX_BSSNMoL_sync: [global] Sync state vector
          CanudaX_BSSNMoL::CanudaX_BSSNMoL_bssn2adm: [local] Convert variables back to the ADM ones
        GROUP ADMBaseX_SetADMRHS: Set ADM RHS variables in this group
        GROUP ADMBaseX_SetADMVars: Set ADM variables in this group
        GROUP TmunuBaseX_SetTmunuVars: Schedule group for setting T_munu
          TmunuBaseX::TmunuBaseX_ZeroTmunu: Set T_munu to zero
          GROUP TmunuBaseX_AddToTmunu: Add to T_munu here
    [CCTK_POSTSTEP]
      GROUP ODESolvers_EstimateError: Estimate discretization error (for regridding)
    if (checkpoint)
      [CCTK_CHECKPOINT]
      CarpetX::CarpetX_Checkpoint: [meta] Checkpoint
    endif
    if (analysis)
      [CCTK_ANALYSIS]
      CanudaX_BSSNMoL::CanudaX_BSSNMoL_bssn_constraints: Compute constraints
      GROUP ODESolvers_Analysis: Calculate analysis quantities everywhere
    endif
    Output grid variables
    enddo

  Termination routines
    [CCTK_TERMINATE]
      CarpetX::CarpetX_CheckpointTerminate: [meta] Checkpoint before terminating

  Shutdown routines
    [CCTK_SHUTDOWN]
      CarpetX::Driver_Shutdown: [meta] Shut down the driver

  Routines run after changing the grid hierarchy:
    [CCTK_POSTREGRID]
      GROUP ODESolvers_PostStep: Apply boundary conditions to state vector, and project if necessary
        GROUP CanudaX_BSSNMoL_PostStepGroup: CanudaX_BSSNMoL: post-step operations
          CanudaX_BSSNMoL::CanudaX_BSSNMoL_impose_conf_fac_floor: Make sure conformal factor does not drop below specified value
          CanudaX_BSSNMoL::CanudaX_BSSNMoL_reset_detmetric: reset dethh = 1
          CanudaX_BSSNMoL::CanudaX_BSSNMoL_remove_trA: Remove trace of A
          CanudaX_BSSNMoL::CanudaX_BSSNMoL_sync: [global] Sync state vector
          CanudaX_BSSNMoL::CanudaX_BSSNMoL_bssn2adm: [local] Convert variables back to the ADM ones
        GROUP ADMBaseX_SetADMRHS: Set ADM RHS variables in this group
        GROUP ADMBaseX_SetADMVars: Set ADM variables in this group
        GROUP TmunuBaseX_SetTmunuVars: Schedule group for setting T_munu
          TmunuBaseX::TmunuBaseX_ZeroTmunu: Set T_munu to zero
          GROUP TmunuBaseX_AddToTmunu: Add to T_munu here
--------------------------------------------------------------------------------
INFO (hwloc): library version 2.10.0, API version 0x20800
--------------------------------------------------------------------------------

  [34m  ▕▏  [34m  ▕▏  [34m  ▕▏  [34m  ▕▏  [34m  ▕▏  [34m  ▕▏  [34m  ▕▏  [34m  ▕▏  [34m  ▕▏  [39m  
  [34m──██──[34m──██──[34m──██──[34m──██──[34m──██──[34m──██──[34m──██──[34m──██──[34m──██──[39m  
  [34m  ▕▏  [34m  ▕▏  [34m  ▕▏  [34m  ▕▏  [34m  ▕▏  [34m  ▕▏  [34m  ▕▏  [34m  ▕▏  [34m  ▕▏  [39m  
  [34m  ▕▏  [32m██████[34m  ▕▏  [34m  ▕▏  [32m██████[34m  ▕▏  [34m  ▕▏  [32m██████[34m  ▕▏  [39m  
  [34m──██──[32m██████[34m──██──[34m──██──[32m██████[34m──██──[34m──██──[32m██████[34m──██──[39m  
  [34m  ▕▏  [32m██████[34m  ▕▏  [34m  ▕▏  [32m██████[34m  ▕▏  [34m  ▕▏  [32m██████[34m  ▕▏  [39m  
  [34m  ▕▏  [34m  ▕▏  [34m  ▕▏  [34m  ▕▏  [34m  ▕▏  [34m  ▕▏  [34m  ▕▏  [34m  ▕▏  [34m  ▕▏  [39m  
  [34m──██──[34m──██──[34m──██──[34m──██──[34m──██──[34m──██──[34m──██──[34m──██──[34m──██──[39m  
  [34m  ▕▏  [34m  ▕▏  [34m  ▕▏  [34m  ▕▏  [34m  ▕▏  [34m  ▕▏  [34m  ▕▏  [34m  ▕▏  [34m  ▕▏  [39m  
  [34m  ▕▏  [34m  ▕▏  [34m  ▕▏  [31m██████[31m██████[31m██████[34m  ▕▏  [34m  ▕▏  [34m  ▕▏  [39m  
  [34m──██──[34m──██──[34m──██──[31m██████[31m██████[31m██████[34m──██──[34m──██──[34m──██──[39m  
  [34m  ▕▏  [34m  ▕▏  [34m  ▕▏  [31m██████[31m██████[31m██████[34m  ▕▏  [34m  ▕▏  [34m  ▕▏  [39m  
  [34m  ▕▏  [32m██████[34m  ▕▏  [31m██████[31m██████[31m██████[34m  ▕▏  [32m██████[34m  ▕▏  [39m  
  [34m──██──[32m██████[34m──██──[31m██████[31m██████[31m██████[34m──██──[32m██████[34m──██──[39m  
  [34m  ▕▏  [32m██████[34m  ▕▏  [31m██████[31m██████[31m██████[34m  ▕▏  [32m██████[34m  ▕▏  [39m  
  [34m  ▕▏  [34m  ▕▏  [34m  ▕▏  [31m██████[31m██████[31m██████[34m  ▕▏  [34m  ▕▏  [34m  ▕▏  [39m  
  [34m──██──[34m──██──[34m──██──[31m██████[31m██████[31m██████[34m──██──[34m──██──[34m──██──[39m  
  [34m  ▕▏  [34m  ▕▏  [34m  ▕▏  [31m██████[31m██████[31m██████[34m  ▕▏  [34m  ▕▏  [34m  ▕▏  [39m  
  [34m  ▕▏  [34m  ▕▏  [34m  ▕▏  [34m  ▕▏  [34m  ▕▏  [34m  ▕▏  [34m  ▕▏  [34m  ▕▏  [34m  ▕▏  [39m  
  [34m──██──[34m──██──[34m──██──[34m──██──[34m──██──[34m──██──[34m──██──[34m──██──[34m──██──[39m  
  [34m  ▕▏  [34m  ▕▏  [34m  ▕▏  [34m  ▕▏  [34m  ▕▏  [34m  ▕▏  [34m  ▕▏  [34m  ▕▏  [34m  ▕▏  [39m  
  [34m  ▕▏  [32m██████[34m  ▕▏  [34m  ▕▏  [32m██████[34m  ▕▏  [34m  ▕▏  [32m██████[34m  ▕▏  [39m  
  [34m──██──[32m██████[34m──██──[34m──██──[32m██████[34m──██──[34m──██──[32m██████[34m──██──[39m  
  [34m  ▕▏  [32m██████[34m  ▕▏  [34m  ▕▏  [32m██████[34m  ▕▏  [34m  ▕▏  [32m██████[34m  ▕▏  [39m  
  [34m  ▕▏  [34m  ▕▏  [34m  ▕▏  [34m  ▕▏  [34m  ▕▏  [34m  ▕▏  [34m  ▕▏  [34m  ▕▏  [34m  ▕▏  [39m  
  [34m──██──[34m──██──[34m──██──[34m──██──[34m──██──[34m──██──[34m──██──[34m──██──[34m──██──[39m  
  [34m  ▕▏  [34m  ▕▏  [34m  ▕▏  [34m  ▕▏  [34m  ▕▏  [34m  ▕▏  [34m  ▕▏  [34m  ▕▏  [34m  ▕▏  [39m  

AMR driver provided by CarpetX,
using AMReX 25.11 (MPI, OpenMP, no accelerators, debug)
--------------------------------------------------------------------------------

Initializing AMReX (25.11)...
MPI initialized with 1 MPI processes
MPI initialized with thread support level 2
OMP initialized with 2 OMP threads
AMReX (25.11) initialized
INFO (CarpetX): 
Symmetries:
  lower x: periodic
  lower y: periodic
  lower z: periodic
  upper x: periodic
  upper y: periodic
  upper z: periodic
Default boundaries:
  lower x: symmetry_boundary
  lower y: symmetry_boundary
  lower z: symmetry_boundary
  upper x: symmetry_boundary
  upper y: symmetry_boundary
  upper z: symmetry_boundary
INFO (Arith): Test_smallvector
INFO (Arith): Test_spvect
INFO (CarpetX): Setting initial values for max_grid_size values for all levels
INFO (CarpetX): Setting up initial conditions...
INFO (CarpetX): Iteration: 0   time: 0   delta_time: 0.00390625
INFO (CarpetX): Patch 0:
INFO (CarpetX):   Grid extent:
INFO (CarpetX):     gsh=[71,15,15]
INFO (CarpetX):     blocking_factor=[8,8,8]
INFO (CarpetX):     max_grid_size=[10000000,10000000,10000000]
INFO (CarpetX):     max_tile_size=[1024000,16,32]
INFO (CarpetX):   Domain extent:
INFO (CarpetX):     xmin=[-0.5,-0.0625,-0.0625]
INFO (CarpetX):     xmax=[0.5,0.0625,0.0625]
INFO (CarpetX):     base dx=[0.015625,0.015625,0.015625]
INFO (CarpetX): Initializing level 0...
INFO (CanudaX_ExactID): Begin Gauge Wave initial data
INFO (CanudaX_ExactID): === End gauge wave initial data ===
INFO (CarpetX): Regridding...
INFO (CarpetX):   level 0: 1 boxes, 4096 cells (100%)
INFO (CarpetX): Initialized 1 levels
INFO (CarpetX): OutputGH: iteration 0, time 0.000000, run time 1 s
INFO (CarpetX): OutputGH done.
INFO (CarpetX): Starting evolution...
INFO (ODESolvers): ODE integrator is RK4
INFO (CarpetX): OutputGH: iteration 1, time 0.003906, run time 1 s
INFO (CarpetX): OutputGH done.
INFO (CarpetX): Simulation time: 0.00390625   Iterations per second: 15.0907   Simulation time per second: 0.058948
INFO (CarpetX): Grid cells: 4096   Grid cell updates per second: 61811.4
INFO (CarpetX): Performance:
INFO (CarpetX):   total evolution time:            0.0662661 sec
INFO (CarpetX):   total evolution compute time:    0.066257 sec
INFO (CarpetX):   total evolution output time:     9.05991e-06 sec
INFO (CarpetX):   total iterations:                1
INFO (CarpetX):   total cells updated:             4096
INFO (CarpetX):   average iterations per second: 15.0907
INFO (CarpetX):   average cell updates per second: 61811.4
INFO (CarpetX): OutputGH: iteration 2, time 0.007812, run time 1 s
INFO (CarpetX): OutputGH done.
INFO (CarpetX): Simulation time: 0.0078125   Iterations per second: 15.3944   Simulation time per second: 0.0601345
INFO (CarpetX): Grid cells: 4096   Grid cell updates per second: 63055.6
INFO (CarpetX): Performance:
INFO (CarpetX):   total evolution time:            0.129917 sec
INFO (CarpetX):   total evolution compute time:    0.129898 sec
INFO (CarpetX):   total evolution output time:     1.90735e-05 sec
INFO (CarpetX):   total iterations:                2
INFO (CarpetX):   total cells updated:             8192
INFO (CarpetX):   average iterations per second: 15.3944
INFO (CarpetX):   average cell updates per second: 63055.6
INFO (CarpetX): OutputGH: iteration 3, time 0.011719, run time 1 s
INFO (CarpetX): OutputGH done.
INFO (CarpetX): Simulation time: 0.0117188   Iterations per second: 15.491   Simulation time per second: 0.0605117
INFO (CarpetX): Grid cells: 4096   Grid cell updates per second: 63451.1
INFO (CarpetX): Performance:
INFO (CarpetX):   total evolution time:            0.193661 sec
INFO (CarpetX):   total evolution compute time:    0.193632 sec
INFO (CarpetX):   total evolution output time:     2.90871e-05 sec
INFO (CarpetX):   total iterations:                3
INFO (CarpetX):   total cells updated:             12288
INFO (CarpetX):   average iterations per second: 15.491
INFO (CarpetX):   average cell updates per second: 63451.1
INFO (CarpetX): OutputGH: iteration 4, time 0.015625, run time 1 s
INFO (CarpetX): OutputGH done.
INFO (CarpetX): Simulation time: 0.015625   Iterations per second: 15.5527   Simulation time per second: 0.0607528
INFO (CarpetX): Grid cells: 4096   Grid cell updates per second: 63703.9
INFO (CarpetX): Performance:
INFO (CarpetX):   total evolution time:            0.25719 sec
INFO (CarpetX):   total evolution compute time:    0.257152 sec
INFO (CarpetX):   total evolution output time:     3.8147e-05 sec
INFO (CarpetX):   total iterations:                4
INFO (CarpetX):   total cells updated:             16384
INFO (CarpetX):   average iterations per second: 15.5527
INFO (CarpetX):   average cell updates per second: 63703.9
INFO (CarpetX): OutputGH: iteration 5, time 0.019531, run time 1 s
INFO (CarpetX): OutputGH done.
INFO (CarpetX): Simulation time: 0.0195312   Iterations per second: 15.5938   Simulation time per second: 0.0609131
INFO (CarpetX): Grid cells: 4096   Grid cell updates per second: 63872
INFO (CarpetX): Performance:
INFO (CarpetX):   total evolution time:            0.320641 sec
INFO (CarpetX):   total evolution compute time:    0.320594 sec
INFO (CarpetX):   total evolution output time:     4.72069e-05 sec
INFO (CarpetX):   total iterations:                5
INFO (CarpetX):   total cells updated:             20480
INFO (CarpetX):   average iterations per second: 15.5938
INFO (CarpetX):   average cell updates per second: 63872
INFO (CarpetX): OutputGH: iteration 6, time 0.023438, run time 1 s
INFO (CarpetX): OutputGH done.
INFO (CarpetX): Simulation time: 0.0234375   Iterations per second: 15.6251   Simulation time per second: 0.0610356
INFO (CarpetX): Grid cells: 4096   Grid cell updates per second: 64000.5
INFO (CarpetX): Performance:
INFO (CarpetX):   total evolution time:            0.383997 sec
INFO (CarpetX):   total evolution compute time:    0.383941 sec
INFO (CarpetX):   total evolution output time:     5.62668e-05 sec
INFO (CarpetX):   total iterations:                6
INFO (CarpetX):   total cells updated:             24576
INFO (CarpetX):   average iterations per second: 15.6251
INFO (CarpetX):   average cell updates per second: 64000.5
INFO (CarpetX): OutputGH: iteration 7, time 0.027344, run time 2 s
INFO (CarpetX): OutputGH done.
INFO (CarpetX): Simulation time: 0.0273438   Iterations per second: 15.6506   Simulation time per second: 0.061135
INFO (CarpetX): Grid cells: 4096   Grid cell updates per second: 64104.7
INFO (CarpetX): Performance:
INFO (CarpetX):   total evolution time:            0.447268 sec
INFO (CarpetX):   total evolution compute time:    0.447204 sec
INFO (CarpetX):   total evolution output time:     6.4373e-05 sec
INFO (CarpetX):   total iterations:                7
INFO (CarpetX):   total cells updated:             28672
INFO (CarpetX):   average iterations per second: 15.6506
INFO (CarpetX):   average cell updates per second: 64104.7
INFO (CarpetX): OutputGH: iteration 8, time 0.031250, run time 2 s
INFO (CarpetX): OutputGH done.
INFO (CarpetX): Simulation time: 0.03125   Iterations per second: 15.6697   Simulation time per second: 0.0612097
INFO (CarpetX): Grid cells: 4096   Grid cell updates per second: 64183
INFO (CarpetX): Performance:
INFO (CarpetX):   total evolution time:            0.51054 sec
INFO (CarpetX):   total evolution compute time:    0.510468 sec
INFO (CarpetX):   total evolution output time:     7.22408e-05 sec
INFO (CarpetX):   total iterations:                8
INFO (CarpetX):   total cells updated:             32768
INFO (CarpetX):   average iterations per second: 15.6697
INFO (CarpetX):   average cell updates per second: 64183
INFO (CarpetX): OutputGH: iteration 9, time 0.035156, run time 2 s
INFO (CarpetX): OutputGH done.
INFO (CarpetX): Simulation time: 0.0351562   Iterations per second: 15.6801   Simulation time per second: 0.0612505
INFO (CarpetX): Grid cells: 4096   Grid cell updates per second: 64225.8
INFO (CarpetX): Performance:
INFO (CarpetX):   total evolution time:            0.573975 sec
INFO (CarpetX):   total evolution compute time:    0.573895 sec
INFO (CarpetX):   total evolution output time:     8.01086e-05 sec
INFO (CarpetX):   total iterations:                9
INFO (CarpetX):   total cells updated:             36864
INFO (CarpetX):   average iterations per second: 15.6801
INFO (CarpetX):   average cell updates per second: 64225.8
INFO (CarpetX): OutputGH: iteration 10, time 0.039062, run time 2 s
INFO (CarpetX): OutputGH done.
INFO (CarpetX): Simulation time: 0.0390625   Iterations per second: 15.6817   Simulation time per second: 0.0612566
INFO (CarpetX): Grid cells: 4096   Grid cell updates per second: 64232.2
INFO (CarpetX): Performance:
INFO (CarpetX):   total evolution time:            0.637686 sec
INFO (CarpetX):   total evolution compute time:    0.637595 sec
INFO (CarpetX):   total evolution output time:     9.13143e-05 sec
INFO (CarpetX):   total iterations:                10
INFO (CarpetX):   total cells updated:             40960
INFO (CarpetX):   average iterations per second: 15.6817
INFO (CarpetX):   average cell updates per second: 64232.2
INFO (CarpetX): OutputGH: iteration 11, time 0.042969, run time 2 s
INFO (CarpetX): OutputGH done.
INFO (CarpetX): Simulation time: 0.0429688   Iterations per second: 15.6915   Simulation time per second: 0.0612949
INFO (CarpetX): Grid cells: 4096   Grid cell updates per second: 64272.4
INFO (CarpetX): Performance:
INFO (CarpetX):   total evolution time:            0.701056 sec
INFO (CarpetX):   total evolution compute time:    0.700955 sec
INFO (CarpetX):   total evolution output time:     0.000101328 sec
INFO (CarpetX):   total iterations:                11
INFO (CarpetX):   total cells updated:             45056
INFO (CarpetX):   average iterations per second: 15.6906
INFO (CarpetX):   average cell updates per second: 64268.7
INFO (CarpetX): OutputGH: iteration 12, time 0.046875, run time 2 s
INFO (CarpetX): OutputGH done.
INFO (CarpetX): Simulation time: 0.046875   Iterations per second: 15.7011   Simulation time per second: 0.0613324
INFO (CarpetX): Grid cells: 4096   Grid cell updates per second: 64311.7
INFO (CarpetX): Performance:
INFO (CarpetX):   total evolution time:            0.764395 sec
INFO (CarpetX):   total evolution compute time:    0.764286 sec
INFO (CarpetX):   total evolution output time:     0.000109196 sec
INFO (CarpetX):   total iterations:                12
INFO (CarpetX):   total cells updated:             49152
INFO (CarpetX):   average iterations per second: 15.6987
INFO (CarpetX):   average cell updates per second: 64301.8
INFO (CarpetX): OutputGH: iteration 13, time 0.050781, run time 2 s
INFO (CarpetX): OutputGH done.
INFO (CarpetX): Simulation time: 0.0507812   Iterations per second: 15.7112   Simulation time per second: 0.0613718
INFO (CarpetX): Grid cells: 4096   Grid cell updates per second: 64353
INFO (CarpetX): Performance:
INFO (CarpetX):   total evolution time:            0.827676 sec
INFO (CarpetX):   total evolution compute time:    0.827559 sec
INFO (CarpetX):   total evolution output time:     0.000117302 sec
INFO (CarpetX):   total iterations:                13
INFO (CarpetX):   total cells updated:             53248
INFO (CarpetX):   average iterations per second: 15.7066
INFO (CarpetX):   average cell updates per second: 64334.3
INFO (CarpetX): OutputGH: iteration 14, time 0.054688, run time 2 s
INFO (CarpetX): OutputGH done.
INFO (CarpetX): Simulation time: 0.0546875   Iterations per second: 15.7196   Simulation time per second: 0.0614045
INFO (CarpetX): Grid cells: 4096   Grid cell updates per second: 64387.3
INFO (CarpetX): Performance:
INFO (CarpetX):   total evolution time:            0.890986 sec
INFO (CarpetX):   total evolution compute time:    0.89086 sec
INFO (CarpetX):   total evolution output time:     0.000126362 sec
INFO (CarpetX):   total iterations:                14
INFO (CarpetX):   total cells updated:             57344
INFO (CarpetX):   average iterations per second: 15.7129
INFO (CarpetX):   average cell updates per second: 64360.1
INFO (CarpetX): OutputGH: iteration 15, time 0.058594, run time 2 s
INFO (CarpetX): OutputGH done.
INFO (CarpetX): Simulation time: 0.0585938   Iterations per second: 15.7181   Simulation time per second: 0.0613988
INFO (CarpetX): Grid cells: 4096   Grid cell updates per second: 64381.3
INFO (CarpetX): Performance:
INFO (CarpetX):   total evolution time:            0.954661 sec
INFO (CarpetX):   total evolution compute time:    0.954525 sec
INFO (CarpetX):   total evolution output time:     0.000135422 sec
INFO (CarpetX):   total iterations:                15
INFO (CarpetX):   total cells updated:             61440
INFO (CarpetX):   average iterations per second: 15.7124
INFO (CarpetX):   average cell updates per second: 64357.9
INFO (CarpetX): OutputGH: iteration 16, time 0.062500, run time 2 s
INFO (CarpetX): OutputGH done.
INFO (CarpetX): Simulation time: 0.0625   Iterations per second: 15.7182   Simulation time per second: 0.0613993
INFO (CarpetX): Grid cells: 4096   Grid cell updates per second: 64381.8
INFO (CarpetX): Performance:
INFO (CarpetX):   total evolution time:            1.01828 sec
INFO (CarpetX):   total evolution compute time:    1.01813 sec
INFO (CarpetX):   total evolution output time:     0.000146389 sec
INFO (CarpetX):   total iterations:                16
INFO (CarpetX):   total cells updated:             65536
INFO (CarpetX):   average iterations per second: 15.7128
INFO (CarpetX):   average cell updates per second: 64359.7
INFO (CarpetX): OutputGH: iteration 17, time 0.066406, run time 2 s
INFO (CarpetX): OutputGH done.
INFO (CarpetX): Simulation time: 0.0664062   Iterations per second: 15.7306   Simulation time per second: 0.0614475
INFO (CarpetX): Grid cells: 4096   Grid cell updates per second: 64432.4
INFO (CarpetX): Performance:
INFO (CarpetX):   total evolution time:            1.0814 sec
INFO (CarpetX):   total evolution compute time:    1.08124 sec
INFO (CarpetX):   total evolution output time:     0.000155449 sec
INFO (CarpetX):   total iterations:                17
INFO (CarpetX):   total cells updated:             69632
INFO (CarpetX):   average iterations per second: 15.7204
INFO (CarpetX):   average cell updates per second: 64390.7
INFO (CarpetX): OutputGH: iteration 18, time 0.070312, run time 2 s
INFO (CarpetX): OutputGH done.
INFO (CarpetX): Simulation time: 0.0703125   Iterations per second: 15.7381   Simulation time per second: 0.0614769
INFO (CarpetX): Grid cells: 4096   Grid cell updates per second: 64463.3
INFO (CarpetX): Performance:
INFO (CarpetX):   total evolution time:            1.14466 sec
INFO (CarpetX):   total evolution compute time:    1.1445 sec
INFO (CarpetX):   total evolution output time:     0.000164509 sec
INFO (CarpetX):   total iterations:                18
INFO (CarpetX):   total cells updated:             73728
INFO (CarpetX):   average iterations per second: 15.7251
INFO (CarpetX):   average cell updates per second: 64410.2
INFO (CarpetX): OutputGH: iteration 19, time 0.074219, run time 2 s
INFO (CarpetX): OutputGH done.
INFO (CarpetX): Simulation time: 0.0742188   Iterations per second: 15.7463   Simulation time per second: 0.0615089
INFO (CarpetX): Grid cells: 4096   Grid cell updates per second: 64496.8
INFO (CarpetX): Performance:
INFO (CarpetX):   total evolution time:            1.20787 sec
INFO (CarpetX):   total evolution compute time:    1.2077 sec
INFO (CarpetX):   total evolution output time:     0.000173569 sec
INFO (CarpetX):   total iterations:                19
INFO (CarpetX):   total cells updated:             77824
INFO (CarpetX):   average iterations per second: 15.7301
INFO (CarpetX):   average cell updates per second: 64430.6
INFO (CarpetX): OutputGH: iteration 20, time 0.078125, run time 2 s
INFO (CarpetX): OutputGH done.
INFO (CarpetX): Simulation time: 0.078125   Iterations per second: 15.7558   Simulation time per second: 0.061546
INFO (CarpetX): Grid cells: 4096   Grid cell updates per second: 64535.7
INFO (CarpetX): Performance:
INFO (CarpetX):   total evolution time:            1.271 sec
INFO (CarpetX):   total evolution compute time:    1.27082 sec
INFO (CarpetX):   total evolution output time:     0.000181675 sec
INFO (CarpetX):   total iterations:                20
INFO (CarpetX):   total cells updated:             81920
INFO (CarpetX):   average iterations per second: 15.7357
INFO (CarpetX):   average cell updates per second: 64453.3
INFO (CarpetX): OutputGH: iteration 21, time 0.082031, run time 2 s
INFO (CarpetX): OutputGH done.
INFO (CarpetX): Simulation time: 0.0820312   Iterations per second: 15.7644   Simulation time per second: 0.0615797
INFO (CarpetX): Grid cells: 4096   Grid cell updates per second: 64571
INFO (CarpetX): Performance:
INFO (CarpetX):   total evolution time:            1.33412 sec
INFO (CarpetX):   total evolution compute time:    1.33393 sec
INFO (CarpetX):   total evolution output time:     0.000189781 sec
INFO (CarpetX):   total iterations:                21
INFO (CarpetX):   total cells updated:             86016
INFO (CarpetX):   average iterations per second: 15.7407
INFO (CarpetX):   average cell updates per second: 64474
INFO (CarpetX): OutputGH: iteration 22, time 0.085938, run time 2 s
INFO (CarpetX): OutputGH done.
INFO (CarpetX): Simulation time: 0.0859375   Iterations per second: 15.7691   Simulation time per second: 0.0615979
INFO (CarpetX): Grid cells: 4096   Grid cell updates per second: 64590.1
INFO (CarpetX): Performance:
INFO (CarpetX):   total evolution time:            1.39737 sec
INFO (CarpetX):   total evolution compute time:    1.39717 sec
INFO (CarpetX):   total evolution output time:     0.000198841 sec
INFO (CarpetX):   total iterations:                22
INFO (CarpetX):   total cells updated:             90112
INFO (CarpetX):   average iterations per second: 15.7439
INFO (CarpetX):   average cell updates per second: 64487.1
INFO (CarpetX): OutputGH: iteration 23, time 0.089844, run time 3 s
INFO (CarpetX): OutputGH done.
INFO (CarpetX): Simulation time: 0.0898438   Iterations per second: 15.7434   Simulation time per second: 0.0614977
INFO (CarpetX): Grid cells: 4096   Grid cell updates per second: 64485
INFO (CarpetX): Performance:
INFO (CarpetX):   total evolution time:            1.46181 sec
INFO (CarpetX):   total evolution compute time:    1.46161 sec
INFO (CarpetX):   total evolution output time:     0.000207663 sec
INFO (CarpetX):   total iterations:                23
INFO (CarpetX):   total cells updated:             94208
INFO (CarpetX):   average iterations per second: 15.7339
INFO (CarpetX):   average cell updates per second: 64445.9
INFO (CarpetX): OutputGH: iteration 24, time 0.093750, run time 3 s
INFO (CarpetX): OutputGH done.
INFO (CarpetX): Simulation time: 0.09375   Iterations per second: 15.7545   Simulation time per second: 0.0615411
INFO (CarpetX): Grid cells: 4096   Grid cell updates per second: 64530.5
INFO (CarpetX): Performance:
INFO (CarpetX):   total evolution time:            1.52489 sec
INFO (CarpetX):   total evolution compute time:    1.52467 sec
INFO (CarpetX):   total evolution output time:     0.000216722 sec
INFO (CarpetX):   total iterations:                24
INFO (CarpetX):   total cells updated:             98304
INFO (CarpetX):   average iterations per second: 15.7389
INFO (CarpetX):   average cell updates per second: 64466.5
INFO (CarpetX): OutputGH: iteration 25, time 0.097656, run time 3 s
INFO (CarpetX): OutputGH done.
INFO (CarpetX): Simulation time: 0.0976562   Iterations per second: 15.7608   Simulation time per second: 0.0615655
INFO (CarpetX): Grid cells: 4096   Grid cell updates per second: 64556.1
INFO (CarpetX): Performance:
INFO (CarpetX):   total evolution time:            1.58811 sec
INFO (CarpetX):   total evolution compute time:    1.58788 sec
INFO (CarpetX):   total evolution output time:     0.000224829 sec
INFO (CarpetX):   total iterations:                25
INFO (CarpetX):   total cells updated:             102400
INFO (CarpetX):   average iterations per second: 15.742
INFO (CarpetX):   average cell updates per second: 64479.3
INFO (CarpetX): OutputGH: iteration 26, time 0.101562, run time 3 s
INFO (CarpetX): OutputGH done.
INFO (CarpetX): Simulation time: 0.101562   Iterations per second: 15.7607   Simulation time per second: 0.0615653
INFO (CarpetX): Grid cells: 4096   Grid cell updates per second: 64555.9
INFO (CarpetX): Performance:
INFO (CarpetX):   total evolution time:            1.65156 sec
INFO (CarpetX):   total evolution compute time:    1.65132 sec
INFO (CarpetX):   total evolution output time:     0.000234842 sec
INFO (CarpetX):   total iterations:                26
INFO (CarpetX):   total cells updated:             106496
INFO (CarpetX):   average iterations per second: 15.7427
INFO (CarpetX):   average cell updates per second: 64482.1
INFO (CarpetX): OutputGH: iteration 27, time 0.105469, run time 3 s
INFO (CarpetX): OutputGH done.
INFO (CarpetX): Simulation time: 0.105469   Iterations per second: 15.6948   Simulation time per second: 0.061308
INFO (CarpetX): Grid cells: 4096   Grid cell updates per second: 64286.1
INFO (CarpetX): Performance:
INFO (CarpetX):   total evolution time:            1.71767 sec
INFO (CarpetX):   total evolution compute time:    1.71742 sec
INFO (CarpetX):   total evolution output time:     0.000246048 sec
INFO (CarpetX):   total iterations:                27
INFO (CarpetX):   total cells updated:             110592
INFO (CarpetX):   average iterations per second: 15.719
INFO (CarpetX):   average cell updates per second: 64384.9
INFO (CarpetX): OutputGH: iteration 28, time 0.109375, run time 3 s
INFO (CarpetX): OutputGH done.
INFO (CarpetX): Simulation time: 0.109375   Iterations per second: 15.7069   Simulation time per second: 0.0613552
INFO (CarpetX): Grid cells: 4096   Grid cell updates per second: 64335.6
INFO (CarpetX): Performance:
INFO (CarpetX):   total evolution time:            1.7809 sec
INFO (CarpetX):   total evolution compute time:    1.78064 sec
INFO (CarpetX):   total evolution output time:     0.000255108 sec
INFO (CarpetX):   total iterations:                28
INFO (CarpetX):   total cells updated:             114688
INFO (CarpetX):   average iterations per second: 15.7224
INFO (CarpetX):   average cell updates per second: 64399.1
INFO (CarpetX): OutputGH: iteration 29, time 0.113281, run time 3 s
INFO (CarpetX): OutputGH done.
INFO (CarpetX): Simulation time: 0.113281   Iterations per second: 15.7195   Simulation time per second: 0.0614042
INFO (CarpetX): Grid cells: 4096   Grid cell updates per second: 64387
INFO (CarpetX): Performance:
INFO (CarpetX):   total evolution time:            1.84405 sec
INFO (CarpetX):   total evolution compute time:    1.84379 sec
INFO (CarpetX):   total evolution output time:     0.000263214 sec
INFO (CarpetX):   total iterations:                29
INFO (CarpetX):   total cells updated:             118784
INFO (CarpetX):   average iterations per second: 15.7262
INFO (CarpetX):   average cell updates per second: 64414.6
INFO (CarpetX): OutputGH: iteration 30, time 0.117188, run time 3 s
INFO (CarpetX): OutputGH done.
INFO (CarpetX): Simulation time: 0.117188   Iterations per second: 15.7313   Simulation time per second: 0.0614502
INFO (CarpetX): Grid cells: 4096   Grid cell updates per second: 64435.2
INFO (CarpetX): Performance:
INFO (CarpetX):   total evolution time:            1.90719 sec
INFO (CarpetX):   total evolution compute time:    1.90692 sec
INFO (CarpetX):   total evolution output time:     0.000272274 sec
INFO (CarpetX):   total iterations:                30
INFO (CarpetX):   total cells updated:             122880
INFO (CarpetX):   average iterations per second: 15.7299
INFO (CarpetX):   average cell updates per second: 64429.8
INFO (CarpetX): OutputGH: iteration 31, time 0.121094, run time 3 s
INFO (CarpetX): OutputGH done.
INFO (CarpetX): Simulation time: 0.121094   Iterations per second: 15.7399   Simulation time per second: 0.0614839
INFO (CarpetX): Grid cells: 4096   Grid cell updates per second: 64470.6
INFO (CarpetX): Performance:
INFO (CarpetX):   total evolution time:            1.97041 sec
INFO (CarpetX):   total evolution compute time:    1.97013 sec
INFO (CarpetX):   total evolution output time:     0.000281334 sec
INFO (CarpetX):   total iterations:                31
INFO (CarpetX):   total cells updated:             126976
INFO (CarpetX):   average iterations per second: 15.7328
INFO (CarpetX):   average cell updates per second: 64441.4
INFO (CarpetX): OutputGH: iteration 32, time 0.125000, run time 3 s
INFO (CarpetX): OutputGH done.
INFO (CarpetX): Simulation time: 0.125   Iterations per second: 15.738   Simulation time per second: 0.0614764
INFO (CarpetX): Grid cells: 4096   Grid cell updates per second: 64462.7
INFO (CarpetX): Performance:
INFO (CarpetX):   total evolution time:            2.03402 sec
INFO (CarpetX):   total evolution compute time:    2.03373 sec
INFO (CarpetX):   total evolution output time:     0.000292301 sec
INFO (CarpetX):   total iterations:                32
INFO (CarpetX):   total cells updated:             131072
INFO (CarpetX):   average iterations per second: 15.7324
INFO (CarpetX):   average cell updates per second: 64439.8
INFO (CarpetX): OutputGH: iteration 33, time 0.128906, run time 3 s
INFO (CarpetX): OutputGH done.
INFO (CarpetX): Simulation time: 0.128906   Iterations per second: 15.736   Simulation time per second: 0.0614687
INFO (CarpetX): Grid cells: 4096   Grid cell updates per second: 64454.6
INFO (CarpetX): Performance:
INFO (CarpetX):   total evolution time:            2.09764 sec
INFO (CarpetX):   total evolution compute time:    2.09734 sec
INFO (CarpetX):   total evolution output time:     0.000301361 sec
INFO (CarpetX):   total iterations:                33
INFO (CarpetX):   total cells updated:             135168
INFO (CarpetX):   average iterations per second: 15.7319
INFO (CarpetX):   average cell updates per second: 64438.1
INFO (CarpetX): OutputGH: iteration 34, time 0.132812, run time 3 s
INFO (CarpetX): OutputGH done.
INFO (CarpetX): Simulation time: 0.132812   Iterations per second: 15.7411   Simulation time per second: 0.0614887
INFO (CarpetX): Grid cells: 4096   Grid cell updates per second: 64475.6
INFO (CarpetX): Performance:
INFO (CarpetX):   total evolution time:            2.16098 sec
INFO (CarpetX):   total evolution compute time:    2.16067 sec
INFO (CarpetX):   total evolution output time:     0.000310183 sec
INFO (CarpetX):   total iterations:                34
INFO (CarpetX):   total cells updated:             139264
INFO (CarpetX):   average iterations per second: 15.7336
INFO (CarpetX):   average cell updates per second: 64444.7
INFO (CarpetX): OutputGH: iteration 35, time 0.136719, run time 3 s
INFO (CarpetX): OutputGH done.
INFO (CarpetX): Simulation time: 0.136719   Iterations per second: 15.7503   Simulation time per second: 0.0615247
INFO (CarpetX): Grid cells: 4096   Grid cell updates per second: 64513.3
INFO (CarpetX): Performance:
INFO (CarpetX):   total evolution time:            2.22414 sec
INFO (CarpetX):   total evolution compute time:    2.22382 sec
INFO (CarpetX):   total evolution output time:     0.000319958 sec
INFO (CarpetX):   total iterations:                35
INFO (CarpetX):   total cells updated:             143360
INFO (CarpetX):   average iterations per second: 15.7364
INFO (CarpetX):   average cell updates per second: 64456.4
INFO (CarpetX): OutputGH: iteration 36, time 0.140625, run time 3 s
INFO (CarpetX): OutputGH done.
INFO (CarpetX): Simulation time: 0.140625   Iterations per second: 15.7562   Simulation time per second: 0.0615478
INFO (CarpetX): Grid cells: 4096   Grid cell updates per second: 64537.6
INFO (CarpetX): Performance:
INFO (CarpetX):   total evolution time:            2.28739 sec
INFO (CarpetX):   total evolution compute time:    2.28706 sec
INFO (CarpetX):   total evolution output time:     0.000328779 sec
INFO (CarpetX):   total iterations:                36
INFO (CarpetX):   total cells updated:             147456
INFO (CarpetX):   average iterations per second: 15.7384
INFO (CarpetX):   average cell updates per second: 64464.7
INFO (CarpetX): OutputGH: iteration 37, time 0.144531, run time 3 s
INFO (CarpetX): OutputGH done.
INFO (CarpetX): Simulation time: 0.144531   Iterations per second: 15.7623   Simulation time per second: 0.0615716
INFO (CarpetX): Grid cells: 4096   Grid cell updates per second: 64562.5
INFO (CarpetX): Performance:
INFO (CarpetX):   total evolution time:            2.35061 sec
INFO (CarpetX):   total evolution compute time:    2.35028 sec
INFO (CarpetX):   total evolution output time:     0.000338793 sec
INFO (CarpetX):   total iterations:                37
INFO (CarpetX):   total cells updated:             151552
INFO (CarpetX):   average iterations per second: 15.7406
INFO (CarpetX):   average cell updates per second: 64473.4
INFO (CarpetX): OutputGH: iteration 38, time 0.148438, run time 3 s
INFO (CarpetX): OutputGH done.
INFO (CarpetX): Simulation time: 0.148438   Iterations per second: 15.7704   Simulation time per second: 0.0616031
INFO (CarpetX): Grid cells: 4096   Grid cell updates per second: 64595.5
INFO (CarpetX): Performance:
INFO (CarpetX):   total evolution time:            2.41373 sec
INFO (CarpetX):   total evolution compute time:    2.41338 sec
INFO (CarpetX):   total evolution output time:     0.000347853 sec
INFO (CarpetX):   total iterations:                38
INFO (CarpetX):   total cells updated:             155648
INFO (CarpetX):   average iterations per second: 15.7433
INFO (CarpetX):   average cell updates per second: 64484.4
INFO (CarpetX): OutputGH: iteration 39, time 0.152344, run time 4 s
INFO (CarpetX): OutputGH done.
INFO (CarpetX): Simulation time: 0.152344   Iterations per second: 15.7788   Simulation time per second: 0.061636
INFO (CarpetX): Grid cells: 4096   Grid cell updates per second: 64630.1
INFO (CarpetX): Performance:
INFO (CarpetX):   total evolution time:            2.4768 sec
INFO (CarpetX):   total evolution compute time:    2.47645 sec
INFO (CarpetX):   total evolution output time:     0.000356674 sec
INFO (CarpetX):   total iterations:                39
INFO (CarpetX):   total cells updated:             159744
INFO (CarpetX):   average iterations per second: 15.7461
INFO (CarpetX):   average cell updates per second: 64496
INFO (CarpetX): OutputGH: iteration 40, time 0.156250, run time 4 s
INFO (CarpetX): OutputGH done.
INFO (CarpetX): Simulation time: 0.15625   Iterations per second: 15.7852   Simulation time per second: 0.061661
INFO (CarpetX): Grid cells: 4096   Grid cell updates per second: 64656.3
INFO (CarpetX): Performance:
INFO (CarpetX):   total evolution time:            2.53992 sec
INFO (CarpetX):   total evolution compute time:    2.53956 sec
INFO (CarpetX):   total evolution output time:     0.000365734 sec
INFO (CarpetX):   total iterations:                40
INFO (CarpetX):   total cells updated:             163840
INFO (CarpetX):   average iterations per second: 15.7485
INFO (CarpetX):   average cell updates per second: 64505.9
INFO (CarpetX): OutputGH: iteration 41, time 0.160156, run time 4 s
INFO (CarpetX): OutputGH done.
INFO (CarpetX): Simulation time: 0.160156   Iterations per second: 15.7908   Simulation time per second: 0.061683
INFO (CarpetX): Grid cells: 4096   Grid cell updates per second: 64679.3
INFO (CarpetX): Performance:
INFO (CarpetX):   total evolution time:            2.60305 sec
INFO (CarpetX):   total evolution compute time:    2.60267 sec
INFO (CarpetX):   total evolution output time:     0.000375748 sec
INFO (CarpetX):   total iterations:                41
INFO (CarpetX):   total cells updated:             167936
INFO (CarpetX):   average iterations per second: 15.7508
INFO (CarpetX):   average cell updates per second: 64515.1
INFO (CarpetX): OutputGH: iteration 42, time 0.164062, run time 4 s
INFO (CarpetX): OutputGH done.
INFO (CarpetX): Simulation time: 0.164062   Iterations per second: 15.7862   Simulation time per second: 0.0616649
INFO (CarpetX): Grid cells: 4096   Grid cell updates per second: 64660.4
INFO (CarpetX): Performance:
INFO (CarpetX):   total evolution time:            2.66656 sec
INFO (CarpetX):   total evolution compute time:    2.66618 sec
INFO (CarpetX):   total evolution output time:     0.000384808 sec
INFO (CarpetX):   total iterations:                42
INFO (CarpetX):   total cells updated:             172032
INFO (CarpetX):   average iterations per second: 15.7506
INFO (CarpetX):   average cell updates per second: 64514.6
INFO (CarpetX): OutputGH: iteration 43, time 0.167969, run time 4 s
INFO (CarpetX): OutputGH done.
INFO (CarpetX): Simulation time: 0.167969   Iterations per second: 15.7917   Simulation time per second: 0.0616865
INFO (CarpetX): Grid cells: 4096   Grid cell updates per second: 64683
INFO (CarpetX): Performance:
INFO (CarpetX):   total evolution time:            2.72969 sec
INFO (CarpetX):   total evolution compute time:    2.72929 sec
INFO (CarpetX):   total evolution output time:     0.000393867 sec
INFO (CarpetX):   total iterations:                43
INFO (CarpetX):   total cells updated:             176128
INFO (CarpetX):   average iterations per second: 15.7527
INFO (CarpetX):   average cell updates per second: 64523.2
INFO (CarpetX): OutputGH: iteration 44, time 0.171875, run time 4 s
INFO (CarpetX): OutputGH done.
INFO (CarpetX): Simulation time: 0.171875   Iterations per second: 15.7968   Simulation time per second: 0.0617063
INFO (CarpetX): Grid cells: 4096   Grid cell updates per second: 64703.7
INFO (CarpetX): Performance:
INFO (CarpetX):   total evolution time:            2.79281 sec
INFO (CarpetX):   total evolution compute time:    2.7924 sec
INFO (CarpetX):   total evolution output time:     0.000402927 sec
INFO (CarpetX):   total iterations:                44
INFO (CarpetX):   total cells updated:             180224
INFO (CarpetX):   average iterations per second: 15.7548
INFO (CarpetX):   average cell updates per second: 64531.5
INFO (CarpetX): OutputGH: iteration 45, time 0.175781, run time 4 s
INFO (CarpetX): OutputGH done.
INFO (CarpetX): Simulation time: 0.175781   Iterations per second: 15.8027   Simulation time per second: 0.0617293
INFO (CarpetX): Grid cells: 4096   Grid cell updates per second: 64727.9
INFO (CarpetX): Performance:
INFO (CarpetX):   total evolution time:            2.85588 sec
INFO (CarpetX):   total evolution compute time:    2.85546 sec
INFO (CarpetX):   total evolution output time:     0.000411749 sec
INFO (CarpetX):   total iterations:                45
INFO (CarpetX):   total cells updated:             184320
INFO (CarpetX):   average iterations per second: 15.757
INFO (CarpetX):   average cell updates per second: 64540.6
INFO (CarpetX): OutputGH: iteration 46, time 0.179688, run time 4 s
INFO (CarpetX): OutputGH done.
INFO (CarpetX): Simulation time: 0.179688   Iterations per second: 15.8075   Simulation time per second: 0.0617481
INFO (CarpetX): Grid cells: 4096   Grid cell updates per second: 64747.5
INFO (CarpetX): Performance:
INFO (CarpetX):   total evolution time:            2.91896 sec
INFO (CarpetX):   total evolution compute time:    2.91854 sec
INFO (CarpetX):   total evolution output time:     0.000419617 sec
INFO (CarpetX):   total iterations:                46
INFO (CarpetX):   total cells updated:             188416
INFO (CarpetX):   average iterations per second: 15.759
INFO (CarpetX):   average cell updates per second: 64549
INFO (CarpetX): OutputGH: iteration 47, time 0.183594, run time 4 s
INFO (CarpetX): OutputGH done.
INFO (CarpetX): Simulation time: 0.183594   Iterations per second: 15.8124   Simulation time per second: 0.061767
INFO (CarpetX): Grid cells: 4096   Grid cell updates per second: 64767.4
INFO (CarpetX): Performance:
INFO (CarpetX):   total evolution time:            2.98203 sec
INFO (CarpetX):   total evolution compute time:    2.9816 sec
INFO (CarpetX):   total evolution output time:     0.00042963 sec
INFO (CarpetX):   total iterations:                47
INFO (CarpetX):   total cells updated:             192512
INFO (CarpetX):   average iterations per second: 15.7611
INFO (CarpetX):   average cell updates per second: 64557.4
INFO (CarpetX): OutputGH: iteration 48, time 0.187500, run time 4 s
INFO (CarpetX): OutputGH done.
INFO (CarpetX): Simulation time: 0.1875   Iterations per second: 15.8143   Simulation time per second: 0.0617746
INFO (CarpetX): Grid cells: 4096   Grid cell updates per second: 64775.4
INFO (CarpetX): Performance:
INFO (CarpetX):   total evolution time:            3.04519 sec
INFO (CarpetX):   total evolution compute time:    3.04476 sec
INFO (CarpetX):   total evolution output time:     0.00043869 sec
INFO (CarpetX):   total iterations:                48
INFO (CarpetX):   total cells updated:             196608
INFO (CarpetX):   average iterations per second: 15.7625
INFO (CarpetX):   average cell updates per second: 64563.4
INFO (CarpetX): OutputGH: iteration 49, time 0.191406, run time 4 s
INFO (CarpetX): OutputGH done.
INFO (CarpetX): Simulation time: 0.191406   Iterations per second: 15.8164   Simulation time per second: 0.061783
INFO (CarpetX): Grid cells: 4096   Grid cell updates per second: 64784.2
INFO (CarpetX): Performance:
INFO (CarpetX):   total evolution time:            3.10834 sec
INFO (CarpetX):   total evolution compute time:    3.10788 sec
INFO (CarpetX):   total evolution output time:     0.000461578 sec
INFO (CarpetX):   total iterations:                49
INFO (CarpetX):   total cells updated:             200704
INFO (CarpetX):   average iterations per second: 15.764
INFO (CarpetX):   average cell updates per second: 64569.5
INFO (CarpetX): OutputGH: iteration 50, time 0.195312, run time 4 s
INFO (CarpetX): OutputGH done.
INFO (CarpetX): Simulation time: 0.195312   Iterations per second: 15.8151   Simulation time per second: 0.0617779
INFO (CarpetX): Grid cells: 4096   Grid cell updates per second: 64778.8
INFO (CarpetX): Performance:
INFO (CarpetX):   total evolution time:            3.17162 sec
INFO (CarpetX):   total evolution compute time:    3.17115 sec
INFO (CarpetX):   total evolution output time:     0.000470638 sec
INFO (CarpetX):   total iterations:                50
INFO (CarpetX):   total cells updated:             204800
INFO (CarpetX):   average iterations per second: 15.7648
INFO (CarpetX):   average cell updates per second: 64572.7
INFO (CarpetX): OutputGH: iteration 51, time 0.199219, run time 4 s
INFO (CarpetX): OutputGH done.
INFO (CarpetX): Simulation time: 0.199219   Iterations per second: 15.8164   Simulation time per second: 0.061783
INFO (CarpetX): Grid cells: 4096   Grid cell updates per second: 64784.2
INFO (CarpetX): Performance:
INFO (CarpetX):   total evolution time:            3.2348 sec
INFO (CarpetX):   total evolution compute time:    3.23432 sec
INFO (CarpetX):   total evolution output time:     0.00047946 sec
INFO (CarpetX):   total iterations:                51
INFO (CarpetX):   total cells updated:             208896
INFO (CarpetX):   average iterations per second: 15.7661
INFO (CarpetX):   average cell updates per second: 64577.8
INFO (CarpetX): OutputGH: iteration 52, time 0.203125, run time 4 s
INFO (CarpetX): OutputGH done.
INFO (CarpetX): Simulation time: 0.203125   Iterations per second: 15.8178   Simulation time per second: 0.0617884
INFO (CarpetX): Grid cells: 4096   Grid cell updates per second: 64789.8
INFO (CarpetX): Performance:
INFO (CarpetX):   total evolution time:            3.29797 sec
INFO (CarpetX):   total evolution compute time:    3.29748 sec
INFO (CarpetX):   total evolution output time:     0.000489235 sec
INFO (CarpetX):   total iterations:                52
INFO (CarpetX):   total cells updated:             212992
INFO (CarpetX):   average iterations per second: 15.7673
INFO (CarpetX):   average cell updates per second: 64582.8
INFO (CarpetX): OutputGH: iteration 53, time 0.207031, run time 4 s
INFO (CarpetX): OutputGH done.
INFO (CarpetX): Simulation time: 0.207031   Iterations per second: 15.8125   Simulation time per second: 0.0617678
INFO (CarpetX): Grid cells: 4096   Grid cell updates per second: 64768.2
INFO (CarpetX): Performance:
INFO (CarpetX):   total evolution time:            3.3614 sec
INFO (CarpetX):   total evolution compute time:    3.3609 sec
INFO (CarpetX):   total evolution output time:     0.000497341 sec
INFO (CarpetX):   total iterations:                53
INFO (CarpetX):   total cells updated:             217088
INFO (CarpetX):   average iterations per second: 15.7672
INFO (CarpetX):   average cell updates per second: 64582.6
INFO (CarpetX): OutputGH: iteration 54, time 0.210938, run time 4 s
INFO (CarpetX): OutputGH done.
INFO (CarpetX): Simulation time: 0.210938   Iterations per second: 15.8151   Simulation time per second: 0.0617779
INFO (CarpetX): Grid cells: 4096   Grid cell updates per second: 64778.8
INFO (CarpetX): Performance:
INFO (CarpetX):   total evolution time:            3.42454 sec
INFO (CarpetX):   total evolution compute time:    3.42403 sec
INFO (CarpetX):   total evolution output time:     0.000505209 sec
INFO (CarpetX):   total iterations:                54
INFO (CarpetX):   total cells updated:             221184
INFO (CarpetX):   average iterations per second: 15.7686
INFO (CarpetX):   average cell updates per second: 64588
INFO (CarpetX): OutputGH: iteration 55, time 0.214844, run time 5 s
INFO (CarpetX): OutputGH done.
INFO (CarpetX): Simulation time: 0.214844   Iterations per second: 15.8156   Simulation time per second: 0.0617797
INFO (CarpetX): Grid cells: 4096   Grid cell updates per second: 64780.7
INFO (CarpetX): Performance:
INFO (CarpetX):   total evolution time:            3.48775 sec
INFO (CarpetX):   total evolution compute time:    3.48723 sec
INFO (CarpetX):   total evolution output time:     0.000515223 sec
INFO (CarpetX):   total iterations:                55
INFO (CarpetX):   total cells updated:             225280
INFO (CarpetX):   average iterations per second: 15.7695
INFO (CarpetX):   average cell updates per second: 64591.8
INFO (CarpetX): OutputGH: iteration 56, time 0.218750, run time 5 s
INFO (CarpetX): OutputGH done.
INFO (CarpetX): Simulation time: 0.21875   Iterations per second: 15.8179   Simulation time per second: 0.0617885
INFO (CarpetX): Grid cells: 4096   Grid cell updates per second: 64789.9
INFO (CarpetX): Performance:
INFO (CarpetX):   total evolution time:            3.55089 sec
INFO (CarpetX):   total evolution compute time:    3.55036 sec
INFO (CarpetX):   total evolution output time:     0.00052309 sec
INFO (CarpetX):   total iterations:                56
INFO (CarpetX):   total cells updated:             229376
INFO (CarpetX):   average iterations per second: 15.7707
INFO (CarpetX):   average cell updates per second: 64596.8
INFO (CarpetX): OutputGH: iteration 57, time 0.222656, run time 5 s
INFO (CarpetX): OutputGH done.
INFO (CarpetX): Simulation time: 0.222656   Iterations per second: 15.8209   Simulation time per second: 0.0618006
INFO (CarpetX): Grid cells: 4096   Grid cell updates per second: 64802.6
INFO (CarpetX): Performance:
INFO (CarpetX):   total evolution time:            3.61398 sec
INFO (CarpetX):   total evolution compute time:    3.61345 sec
INFO (CarpetX):   total evolution output time:     0.00053215 sec
INFO (CarpetX):   total iterations:                57
INFO (CarpetX):   total cells updated:             233472
INFO (CarpetX):   average iterations per second: 15.7721
INFO (CarpetX):   average cell updates per second: 64602.4
INFO (CarpetX): OutputGH: iteration 58, time 0.226562, run time 5 s
INFO (CarpetX): OutputGH done.
INFO (CarpetX): Simulation time: 0.226562   Iterations per second: 15.8124   Simulation time per second: 0.0617671
INFO (CarpetX): Grid cells: 4096   Grid cell updates per second: 64767.5
INFO (CarpetX): Performance:
INFO (CarpetX):   total evolution time:            3.67753 sec
INFO (CarpetX):   total evolution compute time:    3.67699 sec
INFO (CarpetX):   total evolution output time:     0.000540972 sec
INFO (CarpetX):   total iterations:                58
INFO (CarpetX):   total cells updated:             237568
INFO (CarpetX):   average iterations per second: 15.7714
INFO (CarpetX):   average cell updates per second: 64599.8
INFO (CarpetX): OutputGH: iteration 59, time 0.230469, run time 5 s
INFO (CarpetX): OutputGH done.
INFO (CarpetX): Simulation time: 0.230469   Iterations per second: 15.8146   Simulation time per second: 0.0617759
INFO (CarpetX): Grid cells: 4096   Grid cell updates per second: 64776.8
INFO (CarpetX): Performance:
INFO (CarpetX):   total evolution time:            3.74068 sec
INFO (CarpetX):   total evolution compute time:    3.74013 sec
INFO (CarpetX):   total evolution output time:     0.000550985 sec
INFO (CarpetX):   total iterations:                59
INFO (CarpetX):   total cells updated:             241664
INFO (CarpetX):   average iterations per second: 15.7725
INFO (CarpetX):   average cell updates per second: 64604.2
INFO (CarpetX): OutputGH: iteration 60, time 0.234375, run time 5 s
INFO (CarpetX): OutputGH done.
INFO (CarpetX): Simulation time: 0.234375   Iterations per second: 15.816   Simulation time per second: 0.0617813
INFO (CarpetX): Grid cells: 4096   Grid cell updates per second: 64782.4
INFO (CarpetX): Performance:
INFO (CarpetX):   total evolution time:            3.80386 sec
INFO (CarpetX):   total evolution compute time:    3.8033 sec
INFO (CarpetX):   total evolution output time:     0.000560045 sec
INFO (CarpetX):   total iterations:                60
INFO (CarpetX):   total cells updated:             245760
INFO (CarpetX):   average iterations per second: 15.7734
INFO (CarpetX):   average cell updates per second: 64608
INFO (CarpetX): OutputGH: iteration 61, time 0.238281, run time 5 s
INFO (CarpetX): OutputGH done.
INFO (CarpetX): Simulation time: 0.238281   Iterations per second: 15.8185   Simulation time per second: 0.0617908
INFO (CarpetX): Grid cells: 4096   Grid cell updates per second: 64792.4
INFO (CarpetX): Performance:
INFO (CarpetX):   total evolution time:            3.86699 sec
INFO (CarpetX):   total evolution compute time:    3.86642 sec
INFO (CarpetX):   total evolution output time:     0.000568867 sec
INFO (CarpetX):   total iterations:                61
INFO (CarpetX):   total cells updated:             249856
INFO (CarpetX):   average iterations per second: 15.7745
INFO (CarpetX):   average cell updates per second: 64612.5
INFO (CarpetX): OutputGH: iteration 62, time 0.242188, run time 5 s
INFO (CarpetX): OutputGH done.
INFO (CarpetX): Simulation time: 0.242188   Iterations per second: 15.8192   Simulation time per second: 0.0617939
INFO (CarpetX): Grid cells: 4096   Grid cell updates per second: 64795.6
INFO (CarpetX): Performance:
INFO (CarpetX):   total evolution time:            3.93018 sec
INFO (CarpetX):   total evolution compute time:    3.9296 sec
INFO (CarpetX):   total evolution output time:     0.000576973 sec
INFO (CarpetX):   total iterations:                62
INFO (CarpetX):   total cells updated:             253952
INFO (CarpetX):   average iterations per second: 15.7754
INFO (CarpetX):   average cell updates per second: 64615.9
INFO (CarpetX): OutputGH: iteration 63, time 0.246094, run time 5 s
INFO (CarpetX): OutputGH done.
INFO (CarpetX): Simulation time: 0.246094   Iterations per second: 15.8219   Simulation time per second: 0.0618045
INFO (CarpetX): Grid cells: 4096   Grid cell updates per second: 64806.7
INFO (CarpetX): Performance:
INFO (CarpetX):   total evolution time:            3.99328 sec
INFO (CarpetX):   total evolution compute time:    3.9927 sec
INFO (CarpetX):   total evolution output time:     0.000585794 sec
INFO (CarpetX):   total iterations:                63
INFO (CarpetX):   total cells updated:             258048
INFO (CarpetX):   average iterations per second: 15.7765
INFO (CarpetX):   average cell updates per second: 64620.5
INFO (CarpetX): OutputGH: iteration 64, time 0.250000, run time 5 s
INFO (CarpetX): OutputGH done.
INFO (CarpetX): Simulation time: 0.25   Iterations per second: 9.80799   Simulation time per second: 0.0383125
INFO (CarpetX): Grid cells: 4096   Grid cell updates per second: 40173.5
INFO (CarpetX): Performance:
INFO (CarpetX):   total evolution time:            4.44403 sec
INFO (CarpetX):   total evolution compute time:    4.06134 sec
INFO (CarpetX):   total evolution output time:     0.382694 sec
INFO (CarpetX):   total iterations:                64
INFO (CarpetX):   total cells updated:             262144
INFO (CarpetX):   average iterations per second: 14.4013
INFO (CarpetX):   average cell updates per second: 58987.9
INFO (CarpetX): Shutting down...
AMReX (25.11) finalized
--------------------------------------------------------------------------------
Done.
+ echo Stopping:
Stopping:
+ date
Mon Jun 22 22:09:39 UTC 2026
+ echo Done.
Done.
  Elapsed time: 5.6 s
