/home/runner/simulations/TestJob01_temp_1/output-0000/TEST/sim/CanudaX_BSSNMoL
Preparing:
+ set -e
+ cd output-0000-active
+ echo Checking:
Checking:
+ pwd
/home/runner/simulations/TestJob01_temp_1/output-0000/TEST/sim/CanudaX_BSSNMoL/output-0000-active
+ hostname
runnervm3jyl0
+ date
Mon Jun  8 20:49:40 UTC 2026
+ echo Environment:
Environment:
+ export CACTUS_NUM_PROCS=1
+ CACTUS_NUM_PROCS=1
+ export CACTUS_NUM_THREADS=2
+ CACTUS_NUM_THREADS=2
+ export GMON_OUT_PREFIX=gmon.out
+ GMON_OUT_PREFIX=gmon.out
+ export OMP_NUM_THREADS=2
+ OMP_NUM_THREADS=2
+ env
+ sort
+ echo Starting:
Starting:
++ date +%s
+ export CACTUS_STARTTIME=1780951780
+ CACTUS_STARTTIME=1780951780
+ '[' 1 = 1 ']'
+ '[' 0 -eq 0 ']'
+ /home/runner/simulations/TestJob01_temp_1/SIMFACTORY/exe/cactus_sim -L 3 /home/runner/simulations/TestJob01_temp_1/output-0000/arrangements/CanudaX/CanudaX_BSSNMoL/test/gaugewave.par
INFO (Cactus): Increased logging level from 0 to 3
--------------------------------------------------------------------------------

       10                                  
  1   0101       ************************  
  01  1010 10      The Cactus Code V4.20.0    
 1010 1101 011      www.cactuscode.org     
  1001 100101    ************************  
    00010101                               
     100011     (c) Copyright The Authors  
      0100      GNU Licensed. No Warranty  
      0101                                 
--------------------------------------------------------------------------------

Cactus version:    4.20.0
Compile date:      Jun 08 2026 (20:46:47)
Run date:          Jun 08 2026 (20:49:40+0000)
Run host:          runnervm3jyl0.n2dx4ogtjqduzjbfskz3cy5awf.phxx.internal.cloudapp.net (pid=173151)
Working directory: /home/runner/simulations/TestJob01_temp_1/output-0000/TEST/sim/CanudaX_BSSNMoL
Executable:        /home/runner/simulations/TestJob01_temp_1/SIMFACTORY/exe/cactus_sim
Parameter file:    /home/runner/simulations/TestJob01_temp_1/output-0000/arrangements/CanudaX/CanudaX_BSSNMoL/test/gaugewave.par
--------------------------------------------------------------------------------

Activating thorn Cactus...Success -> active implementation Cactus
Activation requested for 
--->ADMBaseX CanudaX_BSSNMoL CanudaX_ExactID CarpetX IOUtil ODESolvers TmunuBaseX<---
Thorn ADMBaseX requests automatic activation of Loop
Thorn CarpetX requests automatic activation of AMReX
Thorn CarpetX requests automatic activation of MPI
Thorn CarpetX requests automatic activation of yaml_cpp
Thorn CarpetX requests automatic activation of zlib
Thorn CarpetX requests automatic activation of Arith
Thorn CarpetX requests automatic activation of CarpetXRegrid
Thorn CarpetX requests automatic activation of ADIOS2
Thorn CarpetX requests automatic activation of openPMD
Thorn CarpetX requests automatic activation of Silo
Thorn ADIOS2 requests automatic activation of CMake
Thorn Arith requests automatic activation of NSIMD
Thorn MPI requests automatic activation of hwloc
Thorn openPMD requests automatic activation of HDF5
Activating thorn ADIOS2...Success -> active implementation ADIOS2
Activating thorn ADMBaseX...Success -> active implementation ADMBaseX
Activating thorn AMReX...Success -> active implementation AMReX
Activating thorn Arith...Success -> active implementation Arith
Activating thorn CanudaX_BSSNMoL...Success -> active implementation CanudaX_BSSNMoL
Activating thorn CanudaX_ExactID...Success -> active implementation CanudaX_ExactID
Activating thorn CarpetX...Success -> active implementation Driver
Activating thorn CarpetXRegrid...Success -> active implementation CarpetXRegrid
Activating thorn CMake...Success -> active implementation CMake
Activating thorn HDF5...Success -> active implementation HDF5
Activating thorn hwloc...Success -> active implementation hwloc
Activating thorn IOUtil...Success -> active implementation IO
Activating thorn Loop...Success -> active implementation Loop
Activating thorn MPI...Success -> active implementation MPI
Activating thorn NSIMD...Success -> active implementation NSIMD
Activating thorn ODESolvers...Success -> active implementation ODESolvers
Activating thorn openPMD...Success -> active implementation openPMD
Activating thorn Silo...Success -> active implementation Silo
Activating thorn TmunuBaseX...Success -> active implementation TmunuBaseX
Activating thorn yaml_cpp...Success -> active implementation yaml_cpp
Activating thorn zlib...Success -> active implementation zlib
--------------------------------------------------------------------------------
  if (recover initial data)
    Recover parameters
  endif

  Startup routines
    [CCTK_STARTUP]
      CarpetX::Driver_Startup: Start up the driver
      IOUtil::IOUtil_Startup: Startup routine
      GROUP hwloc_startup: hwloc startup group
        hwloc::hwloc_version: Output hwloc version

  Startup routines which need an existing grid hierarchy
    [CCTK_WRAGH]
      Arith::Test_smallvector: [meta] Test small vectors
      Arith::Test_spvect: [meta] Test sparse vectors
      ODESolvers::ODESolvers_InitConstants: [global] Set up dummy loop counters for schedule printout
  Parameter checking routines
    [CCTK_PARAMCHECK]
      CanudaX_BSSNMoL::CanudaX_BSSNMoL_paramcheck: Check CanudaX_BSSNMoL parameters for consistency

  Initialisation
    if (NOT (recover initial data AND recovery_mode is 'strict'))
      [CCTK_PREREGRIDINITIAL]
      Set up grid hierarchy
      [CCTK_POSTREGRIDINITIAL]
      [CCTK_BASEGRID]
        CarpetXRegrid::CarpetXRegrid_InitError: Initialize regridding error to zero
        GROUP ODESolvers_BaseGrid: Set up constants (e.g. coordinates) everywhere on the grid
      [CCTK_INITIAL]
        GROUP TmunuBaseX_SetTmunuVars: Schedule group for setting T_munu
          TmunuBaseX::TmunuBaseX_ZeroTmunu: Set T_munu to zero
          GROUP TmunuBaseX_AddToTmunu: Add to T_munu here
        GROUP ODESolvers_Initial: Set up initial conditions on interior of state vector
          GROUP ADMBaseX_InitialData: Schedule group for calculating ADM initial data
            GROUP CanudaX_ExactIDGroup: CanudaX_ExactID group for setting up initial data
              CanudaX_ExactID::CanudaX_ExactID_GaugeWave: [local] Create gauge wave initial data
          GROUP ADMBaseX_InitialGauge: Schedule group for the ADM initial gauge condition
            ADMBaseX::ADMBaseX_initial_dtlapse: Set dtlapse to zero
            ADMBaseX::ADMBaseX_initial_dtshift: Set dtshift to zero
          GROUP ADMBaseX_PostInitial: Schedule group for modifying the ADM initial data, such as e.g. adding noise
        GROUP CanudaX_BSSNMoL_InitialGroup: CanudaX_BSSNMoL: initial bin
          CanudaX_BSSNMoL::CanudaX_BSSNMoL_adm2bssn: [local] Convert initial data into BSSN variables
          CanudaX_BSSNMoL::CanudaX_BSSNMoL_gammat: [local] Set Gammat initial data
      [CCTK_POSTINITIAL]
        GROUP ODESolvers_PostStep: Apply boundary conditions to state vector, and project if necessary
          GROUP CanudaX_BSSNMoL_PostStepGroup: CanudaX_BSSNMoL: post-step operations
            CanudaX_BSSNMoL::CanudaX_BSSNMoL_impose_conf_fac_floor: Make sure conformal factor does not drop below specified value
            CanudaX_BSSNMoL::CanudaX_BSSNMoL_reset_detmetric: reset dethh = 1
            CanudaX_BSSNMoL::CanudaX_BSSNMoL_remove_trA: Remove trace of A
            CanudaX_BSSNMoL::CanudaX_BSSNMoL_sync: [global] Sync state vector
            CanudaX_BSSNMoL::CanudaX_BSSNMoL_bssn2adm: [local] Convert variables back to the ADM ones
          GROUP ADMBaseX_SetADMRHS: Set ADM RHS variables in this group
          GROUP ADMBaseX_SetADMVars: Set ADM variables in this group
          GROUP TmunuBaseX_SetTmunuVars: Schedule group for setting T_munu
            TmunuBaseX::TmunuBaseX_ZeroTmunu: Set T_munu to zero
            GROUP TmunuBaseX_AddToTmunu: Add to T_munu here
        GROUP ODESolvers_EstimateError: Estimate discretization error (for regridding)
      Initialise finer grids recursively
      Restrict from finer grids
      [CCTK_POSTRESTRICTINITIAL]
      [CCTK_POSTPOSTINITIAL]
      [CCTK_POSTSTEP]
        GROUP ODESolvers_EstimateError: Estimate discretization error (for regridding)
    endif
    if (recover initial data)
      [CCTK_BASEGRID]
        CarpetXRegrid::CarpetXRegrid_InitError: Initialize regridding error to zero
        GROUP ODESolvers_BaseGrid: Set up constants (e.g. coordinates) everywhere on the grid
      [CCTK_RECOVER_VARIABLES]
      [CCTK_POST_RECOVER_VARIABLES]
        GROUP ODESolvers_PostStep: Apply boundary conditions to state vector, and project if necessary
          GROUP CanudaX_BSSNMoL_PostStepGroup: CanudaX_BSSNMoL: post-step operations
            CanudaX_BSSNMoL::CanudaX_BSSNMoL_impose_conf_fac_floor: Make sure conformal factor does not drop below specified value
            CanudaX_BSSNMoL::CanudaX_BSSNMoL_reset_detmetric: reset dethh = 1
            CanudaX_BSSNMoL::CanudaX_BSSNMoL_remove_trA: Remove trace of A
            CanudaX_BSSNMoL::CanudaX_BSSNMoL_sync: [global] Sync state vector
            CanudaX_BSSNMoL::CanudaX_BSSNMoL_bssn2adm: [local] Convert variables back to the ADM ones
          GROUP ADMBaseX_SetADMRHS: Set ADM RHS variables in this group
          GROUP ADMBaseX_SetADMVars: Set ADM variables in this group
          GROUP TmunuBaseX_SetTmunuVars: Schedule group for setting T_munu
            TmunuBaseX::TmunuBaseX_ZeroTmunu: Set T_munu to zero
            GROUP TmunuBaseX_AddToTmunu: Add to T_munu here
        GROUP ODESolvers_EstimateError: Estimate discretization error (for regridding)
    endif
    if (checkpoint initial data)
      [CCTK_CPINITIAL]
        CarpetX::CarpetX_CheckpointInitial: [meta] Checkpoint initial conditions
    endif
    if (analysis)
      [CCTK_ANALYSIS]
        CanudaX_BSSNMoL::CanudaX_BSSNMoL_bssn_constraints: Compute constraints
        GROUP ODESolvers_Analysis: Calculate analysis quantities everywhere
  endif
  Output grid variables

  do loop over timesteps
    [CCTK_PREREGRID]
    Change grid hierarchy
    [CCTK_POSTREGRID]
      GROUP ODESolvers_PostStep: Apply boundary conditions to state vector, and project if necessary
        GROUP CanudaX_BSSNMoL_PostStepGroup: CanudaX_BSSNMoL: post-step operations
          CanudaX_BSSNMoL::CanudaX_BSSNMoL_impose_conf_fac_floor: Make sure conformal factor does not drop below specified value
          CanudaX_BSSNMoL::CanudaX_BSSNMoL_reset_detmetric: reset dethh = 1
          CanudaX_BSSNMoL::CanudaX_BSSNMoL_remove_trA: Remove trace of A
          CanudaX_BSSNMoL::CanudaX_BSSNMoL_sync: [global] Sync state vector
          CanudaX_BSSNMoL::CanudaX_BSSNMoL_bssn2adm: [local] Convert variables back to the ADM ones
        GROUP ADMBaseX_SetADMRHS: Set ADM RHS variables in this group
        GROUP ADMBaseX_SetADMVars: Set ADM variables in this group
        GROUP TmunuBaseX_SetTmunuVars: Schedule group for setting T_munu
          TmunuBaseX::TmunuBaseX_ZeroTmunu: Set T_munu to zero
          GROUP TmunuBaseX_AddToTmunu: Add to T_munu here
    Rotate timelevels
    iteration = iteration+1
    t = t+dt
    [CCTK_PRESTEP]
    [CCTK_EVOL]
      ODESolvers::ODESolvers_Solve: [level] Solve ODEs
      while (ODESolvers::do_substeps)
        GROUP ODESolvers_CalledBySolve: Groups internally scheduled by ODESolvers_Solve
          GROUP ODESolvers_RHS: Evaluate the RHS for of state vector everywhere on the grid
            GROUP CanudaX_BSSNMoL_RHSGroup: CanudaX_BSSNMoL: calculate BSSN RHS
              CanudaX_BSSNMoL::CanudaX_BSSNMoL_calc_bssn_rhs: MoL RHS calculation
              CanudaX_BSSNMoL::CanudaX_BSSNMoL_apply_boundary_conditions: Apply radiative boundary conditions 
          GROUP ODESolvers_PostStep: Apply boundary conditions to state vector, and project if necessary
            GROUP CanudaX_BSSNMoL_PostStepGroup: CanudaX_BSSNMoL: post-step operations
              CanudaX_BSSNMoL::CanudaX_BSSNMoL_impose_conf_fac_floor: Make sure conformal factor does not drop below specified value
              CanudaX_BSSNMoL::CanudaX_BSSNMoL_reset_detmetric: reset dethh = 1
              CanudaX_BSSNMoL::CanudaX_BSSNMoL_remove_trA: Remove trace of A
              CanudaX_BSSNMoL::CanudaX_BSSNMoL_sync: [global] Sync state vector
              CanudaX_BSSNMoL::CanudaX_BSSNMoL_bssn2adm: [local] Convert variables back to the ADM ones
            GROUP ADMBaseX_SetADMRHS: Set ADM RHS variables in this group
            GROUP ADMBaseX_SetADMVars: Set ADM variables in this group
            GROUP TmunuBaseX_SetTmunuVars: Schedule group for setting T_munu
              TmunuBaseX::TmunuBaseX_ZeroTmunu: Set T_munu to zero
              GROUP TmunuBaseX_AddToTmunu: Add to T_munu here
      end while
    Evolve finer grids recursively
    Restrict from finer grids
    [CCTK_POSTRESTRICT]
      GROUP ODESolvers_PostStep: Apply boundary conditions to state vector, and project if necessary
        GROUP CanudaX_BSSNMoL_PostStepGroup: CanudaX_BSSNMoL: post-step operations
          CanudaX_BSSNMoL::CanudaX_BSSNMoL_impose_conf_fac_floor: Make sure conformal factor does not drop below specified value
          CanudaX_BSSNMoL::CanudaX_BSSNMoL_reset_detmetric: reset dethh = 1
          CanudaX_BSSNMoL::CanudaX_BSSNMoL_remove_trA: Remove trace of A
          CanudaX_BSSNMoL::CanudaX_BSSNMoL_sync: [global] Sync state vector
          CanudaX_BSSNMoL::CanudaX_BSSNMoL_bssn2adm: [local] Convert variables back to the ADM ones
        GROUP ADMBaseX_SetADMRHS: Set ADM RHS variables in this group
        GROUP ADMBaseX_SetADMVars: Set ADM variables in this group
        GROUP TmunuBaseX_SetTmunuVars: Schedule group for setting T_munu
          TmunuBaseX::TmunuBaseX_ZeroTmunu: Set T_munu to zero
          GROUP TmunuBaseX_AddToTmunu: Add to T_munu here
    [CCTK_POSTSTEP]
      GROUP ODESolvers_EstimateError: Estimate discretization error (for regridding)
    if (checkpoint)
      [CCTK_CHECKPOINT]
      CarpetX::CarpetX_Checkpoint: [meta] Checkpoint
    endif
    if (analysis)
      [CCTK_ANALYSIS]
      CanudaX_BSSNMoL::CanudaX_BSSNMoL_bssn_constraints: Compute constraints
      GROUP ODESolvers_Analysis: Calculate analysis quantities everywhere
    endif
    Output grid variables
    enddo

  Termination routines
    [CCTK_TERMINATE]
      CarpetX::CarpetX_CheckpointTerminate: [meta] Checkpoint before terminating

  Shutdown routines
    [CCTK_SHUTDOWN]
      CarpetX::Driver_Shutdown: [meta] Shut down the driver

  Routines run after changing the grid hierarchy:
    [CCTK_POSTREGRID]
      GROUP ODESolvers_PostStep: Apply boundary conditions to state vector, and project if necessary
        GROUP CanudaX_BSSNMoL_PostStepGroup: CanudaX_BSSNMoL: post-step operations
          CanudaX_BSSNMoL::CanudaX_BSSNMoL_impose_conf_fac_floor: Make sure conformal factor does not drop below specified value
          CanudaX_BSSNMoL::CanudaX_BSSNMoL_reset_detmetric: reset dethh = 1
          CanudaX_BSSNMoL::CanudaX_BSSNMoL_remove_trA: Remove trace of A
          CanudaX_BSSNMoL::CanudaX_BSSNMoL_sync: [global] Sync state vector
          CanudaX_BSSNMoL::CanudaX_BSSNMoL_bssn2adm: [local] Convert variables back to the ADM ones
        GROUP ADMBaseX_SetADMRHS: Set ADM RHS variables in this group
        GROUP ADMBaseX_SetADMVars: Set ADM variables in this group
        GROUP TmunuBaseX_SetTmunuVars: Schedule group for setting T_munu
          TmunuBaseX::TmunuBaseX_ZeroTmunu: Set T_munu to zero
          GROUP TmunuBaseX_AddToTmunu: Add to T_munu here
--------------------------------------------------------------------------------
INFO (hwloc): library version 2.10.0, API version 0x20800
--------------------------------------------------------------------------------

  [34m  ▕▏  [34m  ▕▏  [34m  ▕▏  [34m  ▕▏  [34m  ▕▏  [34m  ▕▏  [34m  ▕▏  [34m  ▕▏  [34m  ▕▏  [39m  
  [34m──██──[34m──██──[34m──██──[34m──██──[34m──██──[34m──██──[34m──██──[34m──██──[34m──██──[39m  
  [34m  ▕▏  [34m  ▕▏  [34m  ▕▏  [34m  ▕▏  [34m  ▕▏  [34m  ▕▏  [34m  ▕▏  [34m  ▕▏  [34m  ▕▏  [39m  
  [34m  ▕▏  [32m██████[34m  ▕▏  [34m  ▕▏  [32m██████[34m  ▕▏  [34m  ▕▏  [32m██████[34m  ▕▏  [39m  
  [34m──██──[32m██████[34m──██──[34m──██──[32m██████[34m──██──[34m──██──[32m██████[34m──██──[39m  
  [34m  ▕▏  [32m██████[34m  ▕▏  [34m  ▕▏  [32m██████[34m  ▕▏  [34m  ▕▏  [32m██████[34m  ▕▏  [39m  
  [34m  ▕▏  [34m  ▕▏  [34m  ▕▏  [34m  ▕▏  [34m  ▕▏  [34m  ▕▏  [34m  ▕▏  [34m  ▕▏  [34m  ▕▏  [39m  
  [34m──██──[34m──██──[34m──██──[34m──██──[34m──██──[34m──██──[34m──██──[34m──██──[34m──██──[39m  
  [34m  ▕▏  [34m  ▕▏  [34m  ▕▏  [34m  ▕▏  [34m  ▕▏  [34m  ▕▏  [34m  ▕▏  [34m  ▕▏  [34m  ▕▏  [39m  
  [34m  ▕▏  [34m  ▕▏  [34m  ▕▏  [31m██████[31m██████[31m██████[34m  ▕▏  [34m  ▕▏  [34m  ▕▏  [39m  
  [34m──██──[34m──██──[34m──██──[31m██████[31m██████[31m██████[34m──██──[34m──██──[34m──██──[39m  
  [34m  ▕▏  [34m  ▕▏  [34m  ▕▏  [31m██████[31m██████[31m██████[34m  ▕▏  [34m  ▕▏  [34m  ▕▏  [39m  
  [34m  ▕▏  [32m██████[34m  ▕▏  [31m██████[31m██████[31m██████[34m  ▕▏  [32m██████[34m  ▕▏  [39m  
  [34m──██──[32m██████[34m──██──[31m██████[31m██████[31m██████[34m──██──[32m██████[34m──██──[39m  
  [34m  ▕▏  [32m██████[34m  ▕▏  [31m██████[31m██████[31m██████[34m  ▕▏  [32m██████[34m  ▕▏  [39m  
  [34m  ▕▏  [34m  ▕▏  [34m  ▕▏  [31m██████[31m██████[31m██████[34m  ▕▏  [34m  ▕▏  [34m  ▕▏  [39m  
  [34m──██──[34m──██──[34m──██──[31m██████[31m██████[31m██████[34m──██──[34m──██──[34m──██──[39m  
  [34m  ▕▏  [34m  ▕▏  [34m  ▕▏  [31m██████[31m██████[31m██████[34m  ▕▏  [34m  ▕▏  [34m  ▕▏  [39m  
  [34m  ▕▏  [34m  ▕▏  [34m  ▕▏  [34m  ▕▏  [34m  ▕▏  [34m  ▕▏  [34m  ▕▏  [34m  ▕▏  [34m  ▕▏  [39m  
  [34m──██──[34m──██──[34m──██──[34m──██──[34m──██──[34m──██──[34m──██──[34m──██──[34m──██──[39m  
  [34m  ▕▏  [34m  ▕▏  [34m  ▕▏  [34m  ▕▏  [34m  ▕▏  [34m  ▕▏  [34m  ▕▏  [34m  ▕▏  [34m  ▕▏  [39m  
  [34m  ▕▏  [32m██████[34m  ▕▏  [34m  ▕▏  [32m██████[34m  ▕▏  [34m  ▕▏  [32m██████[34m  ▕▏  [39m  
  [34m──██──[32m██████[34m──██──[34m──██──[32m██████[34m──██──[34m──██──[32m██████[34m──██──[39m  
  [34m  ▕▏  [32m██████[34m  ▕▏  [34m  ▕▏  [32m██████[34m  ▕▏  [34m  ▕▏  [32m██████[34m  ▕▏  [39m  
  [34m  ▕▏  [34m  ▕▏  [34m  ▕▏  [34m  ▕▏  [34m  ▕▏  [34m  ▕▏  [34m  ▕▏  [34m  ▕▏  [34m  ▕▏  [39m  
  [34m──██──[34m──██──[34m──██──[34m──██──[34m──██──[34m──██──[34m──██──[34m──██──[34m──██──[39m  
  [34m  ▕▏  [34m  ▕▏  [34m  ▕▏  [34m  ▕▏  [34m  ▕▏  [34m  ▕▏  [34m  ▕▏  [34m  ▕▏  [34m  ▕▏  [39m  

AMR driver provided by CarpetX,
using AMReX 25.11 (MPI, OpenMP, no accelerators, debug)
--------------------------------------------------------------------------------

Initializing AMReX (25.11)...
MPI initialized with 1 MPI processes
MPI initialized with thread support level 2
OMP initialized with 2 OMP threads
AMReX (25.11) initialized
INFO (CarpetX): 
Symmetries:
  lower x: periodic
  lower y: periodic
  lower z: periodic
  upper x: periodic
  upper y: periodic
  upper z: periodic
Default boundaries:
  lower x: symmetry_boundary
  lower y: symmetry_boundary
  lower z: symmetry_boundary
  upper x: symmetry_boundary
  upper y: symmetry_boundary
  upper z: symmetry_boundary
INFO (Arith): Test_smallvector
INFO (Arith): Test_spvect
INFO (CarpetX): Setting initial values for max_grid_size values for all levels
INFO (CarpetX): Setting up initial conditions...
INFO (CarpetX): Iteration: 0   time: 0   delta_time: 0.00390625
INFO (CarpetX): Patch 0:
INFO (CarpetX):   Grid extent:
INFO (CarpetX):     gsh=[71,15,15]
INFO (CarpetX):     blocking_factor=[8,8,8]
INFO (CarpetX):     max_grid_size=[10000000,10000000,10000000]
INFO (CarpetX):     max_tile_size=[1024000,16,32]
INFO (CarpetX):   Domain extent:
INFO (CarpetX):     xmin=[-0.5,-0.0625,-0.0625]
INFO (CarpetX):     xmax=[0.5,0.0625,0.0625]
INFO (CarpetX):     base dx=[0.015625,0.015625,0.015625]
INFO (CarpetX): Initializing level 0...
INFO (CanudaX_ExactID): Begin Gauge Wave initial data
INFO (CanudaX_ExactID): === End gauge wave initial data ===
INFO (CarpetX): Regridding...
INFO (CarpetX):   level 0: 1 boxes, 4096 cells (100%)
INFO (CarpetX): Initialized 1 levels
INFO (CarpetX): OutputGH: iteration 0, time 0.000000, run time 0 s
INFO (CarpetX): OutputGH done.
INFO (CarpetX): Starting evolution...
INFO (ODESolvers): ODE integrator is RK4
INFO (CarpetX): OutputGH: iteration 1, time 0.003906, run time 1 s
INFO (CarpetX): OutputGH done.
INFO (CarpetX): Simulation time: 0.00390625   Iterations per second: 14.6293   Simulation time per second: 0.0571456
INFO (CarpetX): Grid cells: 4096   Grid cell updates per second: 59921.6
INFO (CarpetX): Performance:
INFO (CarpetX):   total evolution time:            0.068356 sec
INFO (CarpetX):   total evolution compute time:    0.0683491 sec
INFO (CarpetX):   total evolution output time:     6.91414e-06 sec
INFO (CarpetX):   total iterations:                1
INFO (CarpetX):   total cells updated:             4096
INFO (CarpetX):   average iterations per second: 14.6293
INFO (CarpetX):   average cell updates per second: 59921.6
INFO (CarpetX): OutputGH: iteration 2, time 0.007812, run time 1 s
INFO (CarpetX): OutputGH done.
INFO (CarpetX): Simulation time: 0.0078125   Iterations per second: 14.814   Simulation time per second: 0.0578673
INFO (CarpetX): Grid cells: 4096   Grid cell updates per second: 60678.3
INFO (CarpetX): Performance:
INFO (CarpetX):   total evolution time:            0.135007 sec
INFO (CarpetX):   total evolution compute time:    0.134991 sec
INFO (CarpetX):   total evolution output time:     1.5974e-05 sec
INFO (CarpetX):   total iterations:                2
INFO (CarpetX):   total cells updated:             8192
INFO (CarpetX):   average iterations per second: 14.814
INFO (CarpetX):   average cell updates per second: 60678.3
INFO (CarpetX): OutputGH: iteration 3, time 0.011719, run time 1 s
INFO (CarpetX): OutputGH done.
INFO (CarpetX): Simulation time: 0.0117188   Iterations per second: 14.9234   Simulation time per second: 0.0582946
INFO (CarpetX): Grid cells: 4096   Grid cell updates per second: 61126.4
INFO (CarpetX): Performance:
INFO (CarpetX):   total evolution time:            0.201026 sec
INFO (CarpetX):   total evolution compute time:    0.201002 sec
INFO (CarpetX):   total evolution output time:     2.38419e-05 sec
INFO (CarpetX):   total iterations:                3
INFO (CarpetX):   total cells updated:             12288
INFO (CarpetX):   average iterations per second: 14.9234
INFO (CarpetX):   average cell updates per second: 61126.4
INFO (CarpetX): OutputGH: iteration 4, time 0.015625, run time 1 s
INFO (CarpetX): OutputGH done.
INFO (CarpetX): Simulation time: 0.015625   Iterations per second: 14.9829   Simulation time per second: 0.0585269
INFO (CarpetX): Grid cells: 4096   Grid cell updates per second: 61369.9
INFO (CarpetX): Performance:
INFO (CarpetX):   total evolution time:            0.266971 sec
INFO (CarpetX):   total evolution compute time:    0.266937 sec
INFO (CarpetX):   total evolution output time:     3.3617e-05 sec
INFO (CarpetX):   total iterations:                4
INFO (CarpetX):   total cells updated:             16384
INFO (CarpetX):   average iterations per second: 14.9829
INFO (CarpetX):   average cell updates per second: 61369.9
INFO (CarpetX): OutputGH: iteration 5, time 0.019531, run time 1 s
INFO (CarpetX): OutputGH done.
INFO (CarpetX): Simulation time: 0.0195312   Iterations per second: 15.0227   Simulation time per second: 0.0586823
INFO (CarpetX): Grid cells: 4096   Grid cell updates per second: 61532.9
INFO (CarpetX): Performance:
INFO (CarpetX):   total evolution time:            0.33283 sec
INFO (CarpetX):   total evolution compute time:    0.332788 sec
INFO (CarpetX):   total evolution output time:     4.17233e-05 sec
INFO (CarpetX):   total iterations:                5
INFO (CarpetX):   total cells updated:             20480
INFO (CarpetX):   average iterations per second: 15.0227
INFO (CarpetX):   average cell updates per second: 61532.9
INFO (CarpetX): OutputGH: iteration 6, time 0.023438, run time 1 s
INFO (CarpetX): OutputGH done.
INFO (CarpetX): Simulation time: 0.0234375   Iterations per second: 15.0374   Simulation time per second: 0.0587398
INFO (CarpetX): Grid cells: 4096   Grid cell updates per second: 61593.2
INFO (CarpetX): Performance:
INFO (CarpetX):   total evolution time:            0.399005 sec
INFO (CarpetX):   total evolution compute time:    0.398955 sec
INFO (CarpetX):   total evolution output time:     5.05447e-05 sec
INFO (CarpetX):   total iterations:                6
INFO (CarpetX):   total cells updated:             24576
INFO (CarpetX):   average iterations per second: 15.0374
INFO (CarpetX):   average cell updates per second: 61593.2
INFO (CarpetX): OutputGH: iteration 7, time 0.027344, run time 2 s
INFO (CarpetX): OutputGH done.
INFO (CarpetX): Simulation time: 0.0273438   Iterations per second: 15.0632   Simulation time per second: 0.0588404
INFO (CarpetX): Grid cells: 4096   Grid cell updates per second: 61698.7
INFO (CarpetX): Performance:
INFO (CarpetX):   total evolution time:            0.46471 sec
INFO (CarpetX):   total evolution compute time:    0.464652 sec
INFO (CarpetX):   total evolution output time:     5.8651e-05 sec
INFO (CarpetX):   total iterations:                7
INFO (CarpetX):   total cells updated:             28672
INFO (CarpetX):   average iterations per second: 15.0632
INFO (CarpetX):   average cell updates per second: 61698.7
INFO (CarpetX): OutputGH: iteration 8, time 0.031250, run time 2 s
INFO (CarpetX): OutputGH done.
INFO (CarpetX): Simulation time: 0.03125   Iterations per second: 15.0718   Simulation time per second: 0.0588742
INFO (CarpetX): Grid cells: 4096   Grid cell updates per second: 61734
INFO (CarpetX): Performance:
INFO (CarpetX):   total evolution time:            0.530793 sec
INFO (CarpetX):   total evolution compute time:    0.530719 sec
INFO (CarpetX):   total evolution output time:     7.4625e-05 sec
INFO (CarpetX):   total iterations:                8
INFO (CarpetX):   total cells updated:             32768
INFO (CarpetX):   average iterations per second: 15.0718
INFO (CarpetX):   average cell updates per second: 61734
INFO (CarpetX): OutputGH: iteration 9, time 0.035156, run time 2 s
INFO (CarpetX): OutputGH done.
INFO (CarpetX): Simulation time: 0.0351562   Iterations per second: 15.0799   Simulation time per second: 0.058906
INFO (CarpetX): Grid cells: 4096   Grid cell updates per second: 61767.4
INFO (CarpetX): Performance:
INFO (CarpetX):   total evolution time:            0.596819 sec
INFO (CarpetX):   total evolution compute time:    0.596736 sec
INFO (CarpetX):   total evolution output time:     8.34465e-05 sec
INFO (CarpetX):   total iterations:                9
INFO (CarpetX):   total cells updated:             36864
INFO (CarpetX):   average iterations per second: 15.0799
INFO (CarpetX):   average cell updates per second: 61767.4
INFO (CarpetX): OutputGH: iteration 10, time 0.039062, run time 2 s
INFO (CarpetX): OutputGH done.
INFO (CarpetX): Simulation time: 0.0390625   Iterations per second: 15.0905   Simulation time per second: 0.0589474
INFO (CarpetX): Grid cells: 4096   Grid cell updates per second: 61810.8
INFO (CarpetX): Performance:
INFO (CarpetX):   total evolution time:            0.662668 sec
INFO (CarpetX):   total evolution compute time:    0.662575 sec
INFO (CarpetX):   total evolution output time:     9.2268e-05 sec
INFO (CarpetX):   total iterations:                10
INFO (CarpetX):   total cells updated:             40960
INFO (CarpetX):   average iterations per second: 15.0905
INFO (CarpetX):   average cell updates per second: 61810.8
INFO (CarpetX): OutputGH: iteration 11, time 0.042969, run time 2 s
INFO (CarpetX): OutputGH done.
INFO (CarpetX): Simulation time: 0.0429688   Iterations per second: 15.1019   Simulation time per second: 0.0589917
INFO (CarpetX): Grid cells: 4096   Grid cell updates per second: 61857.2
INFO (CarpetX): Performance:
INFO (CarpetX):   total evolution time:            0.728437 sec
INFO (CarpetX):   total evolution compute time:    0.728337 sec
INFO (CarpetX):   total evolution output time:     0.000100136 sec
INFO (CarpetX):   total iterations:                11
INFO (CarpetX):   total cells updated:             45056
INFO (CarpetX):   average iterations per second: 15.1008
INFO (CarpetX):   average cell updates per second: 61853
INFO (CarpetX): OutputGH: iteration 12, time 0.046875, run time 2 s
INFO (CarpetX): OutputGH done.
INFO (CarpetX): Simulation time: 0.046875   Iterations per second: 15.1048   Simulation time per second: 0.0590032
INFO (CarpetX): Grid cells: 4096   Grid cell updates per second: 61869.4
INFO (CarpetX): Performance:
INFO (CarpetX):   total evolution time:            0.794524 sec
INFO (CarpetX):   total evolution compute time:    0.794414 sec
INFO (CarpetX):   total evolution output time:     0.000110149 sec
INFO (CarpetX):   total iterations:                12
INFO (CarpetX):   total cells updated:             49152
INFO (CarpetX):   average iterations per second: 15.1034
INFO (CarpetX):   average cell updates per second: 61863.5
INFO (CarpetX): OutputGH: iteration 13, time 0.050781, run time 2 s
INFO (CarpetX): OutputGH done.
INFO (CarpetX): Simulation time: 0.0507812   Iterations per second: 15.1136   Simulation time per second: 0.0590377
INFO (CarpetX): Grid cells: 4096   Grid cell updates per second: 61905.5
INFO (CarpetX): Performance:
INFO (CarpetX):   total evolution time:            0.860342 sec
INFO (CarpetX):   total evolution compute time:    0.860223 sec
INFO (CarpetX):   total evolution output time:     0.000119209 sec
INFO (CarpetX):   total iterations:                13
INFO (CarpetX):   total cells updated:             53248
INFO (CarpetX):   average iterations per second: 15.1103
INFO (CarpetX):   average cell updates per second: 61891.7
INFO (CarpetX): OutputGH: iteration 14, time 0.054688, run time 2 s
INFO (CarpetX): OutputGH done.
INFO (CarpetX): Simulation time: 0.0546875   Iterations per second: 15.1173   Simulation time per second: 0.0590521
INFO (CarpetX): Grid cells: 4096   Grid cell updates per second: 61920.6
INFO (CarpetX): Performance:
INFO (CarpetX):   total evolution time:            0.926346 sec
INFO (CarpetX):   total evolution compute time:    0.926218 sec
INFO (CarpetX):   total evolution output time:     0.000128269 sec
INFO (CarpetX):   total iterations:                14
INFO (CarpetX):   total cells updated:             57344
INFO (CarpetX):   average iterations per second: 15.1131
INFO (CarpetX):   average cell updates per second: 61903.4
INFO (CarpetX): OutputGH: iteration 15, time 0.058594, run time 2 s
INFO (CarpetX): OutputGH done.
INFO (CarpetX): Simulation time: 0.0585938   Iterations per second: 15.128   Simulation time per second: 0.0590939
INFO (CarpetX): Grid cells: 4096   Grid cell updates per second: 61964.4
INFO (CarpetX): Performance:
INFO (CarpetX):   total evolution time:            0.992027 sec
INFO (CarpetX):   total evolution compute time:    0.991889 sec
INFO (CarpetX):   total evolution output time:     0.000137329 sec
INFO (CarpetX):   total iterations:                15
INFO (CarpetX):   total cells updated:             61440
INFO (CarpetX):   average iterations per second: 15.1206
INFO (CarpetX):   average cell updates per second: 61933.8
INFO (CarpetX): OutputGH: iteration 16, time 0.062500, run time 2 s
INFO (CarpetX): OutputGH done.
INFO (CarpetX): Simulation time: 0.0625   Iterations per second: 15.1388   Simulation time per second: 0.0591361
INFO (CarpetX): Grid cells: 4096   Grid cell updates per second: 62008.7
INFO (CarpetX): Performance:
INFO (CarpetX):   total evolution time:            1.05766 sec
INFO (CarpetX):   total evolution compute time:    1.05751 sec
INFO (CarpetX):   total evolution output time:     0.000147343 sec
INFO (CarpetX):   total iterations:                16
INFO (CarpetX):   total cells updated:             65536
INFO (CarpetX):   average iterations per second: 15.1278
INFO (CarpetX):   average cell updates per second: 61963.3
INFO (CarpetX): OutputGH: iteration 17, time 0.066406, run time 2 s
INFO (CarpetX): OutputGH done.
INFO (CarpetX): Simulation time: 0.0664062   Iterations per second: 15.1442   Simulation time per second: 0.059157
INFO (CarpetX): Grid cells: 4096   Grid cell updates per second: 62030.6
INFO (CarpetX): Performance:
INFO (CarpetX):   total evolution time:            1.12348 sec
INFO (CarpetX):   total evolution compute time:    1.12332 sec
INFO (CarpetX):   total evolution output time:     0.000157356 sec
INFO (CarpetX):   total iterations:                17
INFO (CarpetX):   total cells updated:             69632
INFO (CarpetX):   average iterations per second: 15.1316
INFO (CarpetX):   average cell updates per second: 61978.9
INFO (CarpetX): OutputGH: iteration 18, time 0.070312, run time 2 s
INFO (CarpetX): OutputGH done.
INFO (CarpetX): Simulation time: 0.0703125   Iterations per second: 15.1441   Simulation time per second: 0.0591567
INFO (CarpetX): Grid cells: 4096   Grid cell updates per second: 62030.3
INFO (CarpetX): Performance:
INFO (CarpetX):   total evolution time:            1.18951 sec
INFO (CarpetX):   total evolution compute time:    1.18935 sec
INFO (CarpetX):   total evolution output time:     0.000165462 sec
INFO (CarpetX):   total iterations:                18
INFO (CarpetX):   total cells updated:             73728
INFO (CarpetX):   average iterations per second: 15.1322
INFO (CarpetX):   average cell updates per second: 61981.6
INFO (CarpetX): OutputGH: iteration 19, time 0.074219, run time 2 s
INFO (CarpetX): OutputGH done.
INFO (CarpetX): Simulation time: 0.0742188   Iterations per second: 15.1481   Simulation time per second: 0.0591721
INFO (CarpetX): Grid cells: 4096   Grid cell updates per second: 62046.5
INFO (CarpetX): Performance:
INFO (CarpetX):   total evolution time:            1.25537 sec
INFO (CarpetX):   total evolution compute time:    1.2552 sec
INFO (CarpetX):   total evolution output time:     0.000174522 sec
INFO (CarpetX):   total iterations:                19
INFO (CarpetX):   total cells updated:             77824
INFO (CarpetX):   average iterations per second: 15.1349
INFO (CarpetX):   average cell updates per second: 61992.6
INFO (CarpetX): OutputGH: iteration 20, time 0.078125, run time 2 s
INFO (CarpetX): OutputGH done.
INFO (CarpetX): Simulation time: 0.078125   Iterations per second: 15.1572   Simulation time per second: 0.0592076
INFO (CarpetX): Grid cells: 4096   Grid cell updates per second: 62083.7
INFO (CarpetX): Performance:
INFO (CarpetX):   total evolution time:            1.32099 sec
INFO (CarpetX):   total evolution compute time:    1.32081 sec
INFO (CarpetX):   total evolution output time:     0.000183582 sec
INFO (CarpetX):   total iterations:                20
INFO (CarpetX):   total cells updated:             81920
INFO (CarpetX):   average iterations per second: 15.1401
INFO (CarpetX):   average cell updates per second: 62013.9
INFO (CarpetX): OutputGH: iteration 21, time 0.082031, run time 2 s
INFO (CarpetX): OutputGH done.
INFO (CarpetX): Simulation time: 0.0820312   Iterations per second: 15.168   Simulation time per second: 0.0592499
INFO (CarpetX): Grid cells: 4096   Grid cell updates per second: 62128
INFO (CarpetX): Performance:
INFO (CarpetX):   total evolution time:            1.3865 sec
INFO (CarpetX):   total evolution compute time:    1.38631 sec
INFO (CarpetX):   total evolution output time:     0.000191689 sec
INFO (CarpetX):   total iterations:                21
INFO (CarpetX):   total cells updated:             86016
INFO (CarpetX):   average iterations per second: 15.1461
INFO (CarpetX):   average cell updates per second: 62038.3
INFO (CarpetX): OutputGH: iteration 22, time 0.085938, run time 3 s
INFO (CarpetX): OutputGH done.
INFO (CarpetX): Simulation time: 0.0859375   Iterations per second: 15.1728   Simulation time per second: 0.0592688
INFO (CarpetX): Grid cells: 4096   Grid cell updates per second: 62147.8
INFO (CarpetX): Performance:
INFO (CarpetX):   total evolution time:            1.45222 sec
INFO (CarpetX):   total evolution compute time:    1.45202 sec
INFO (CarpetX):   total evolution output time:     0.000199556 sec
INFO (CarpetX):   total iterations:                22
INFO (CarpetX):   total cells updated:             90112
INFO (CarpetX):   average iterations per second: 15.1493
INFO (CarpetX):   average cell updates per second: 62051.3
INFO (CarpetX): OutputGH: iteration 23, time 0.089844, run time 3 s
INFO (CarpetX): OutputGH done.
INFO (CarpetX): Simulation time: 0.0898438   Iterations per second: 15.1778   Simulation time per second: 0.0592883
INFO (CarpetX): Grid cells: 4096   Grid cell updates per second: 62168.3
INFO (CarpetX): Performance:
INFO (CarpetX):   total evolution time:            1.51791 sec
INFO (CarpetX):   total evolution compute time:    1.5177 sec
INFO (CarpetX):   total evolution output time:     0.000208378 sec
INFO (CarpetX):   total iterations:                23
INFO (CarpetX):   total cells updated:             94208
INFO (CarpetX):   average iterations per second: 15.1524
INFO (CarpetX):   average cell updates per second: 62064.4
INFO (CarpetX): OutputGH: iteration 24, time 0.093750, run time 3 s
INFO (CarpetX): OutputGH done.
INFO (CarpetX): Simulation time: 0.09375   Iterations per second: 15.1783   Simulation time per second: 0.0592902
INFO (CarpetX): Grid cells: 4096   Grid cell updates per second: 62170.3
INFO (CarpetX): Performance:
INFO (CarpetX):   total evolution time:            1.58377 sec
INFO (CarpetX):   total evolution compute time:    1.58355 sec
INFO (CarpetX):   total evolution output time:     0.000217438 sec
INFO (CarpetX):   total iterations:                24
INFO (CarpetX):   total cells updated:             98304
INFO (CarpetX):   average iterations per second: 15.1537
INFO (CarpetX):   average cell updates per second: 62069.5
INFO (CarpetX): OutputGH: iteration 25, time 0.097656, run time 3 s
INFO (CarpetX): OutputGH done.
INFO (CarpetX): Simulation time: 0.0976562   Iterations per second: 15.1777   Simulation time per second: 0.0592878
INFO (CarpetX): Grid cells: 4096   Grid cell updates per second: 62167.8
INFO (CarpetX): Performance:
INFO (CarpetX):   total evolution time:            1.64968 sec
INFO (CarpetX):   total evolution compute time:    1.64946 sec
INFO (CarpetX):   total evolution output time:     0.000226498 sec
INFO (CarpetX):   total iterations:                25
INFO (CarpetX):   total cells updated:             102400
INFO (CarpetX):   average iterations per second: 15.1544
INFO (CarpetX):   average cell updates per second: 62072.6
INFO (CarpetX): OutputGH: iteration 26, time 0.101562, run time 3 s
INFO (CarpetX): OutputGH done.
INFO (CarpetX): Simulation time: 0.101562   Iterations per second: 15.1843   Simulation time per second: 0.0593136
INFO (CarpetX): Grid cells: 4096   Grid cell updates per second: 62194.8
INFO (CarpetX): Performance:
INFO (CarpetX):   total evolution time:            1.71528 sec
INFO (CarpetX):   total evolution compute time:    1.71505 sec
INFO (CarpetX):   total evolution output time:     0.000234604 sec
INFO (CarpetX):   total iterations:                26
INFO (CarpetX):   total cells updated:             106496
INFO (CarpetX):   average iterations per second: 15.1579
INFO (CarpetX):   average cell updates per second: 62086.6
INFO (CarpetX): OutputGH: iteration 27, time 0.105469, run time 3 s
INFO (CarpetX): OutputGH done.
INFO (CarpetX): Simulation time: 0.105469   Iterations per second: 15.1823   Simulation time per second: 0.059306
INFO (CarpetX): Grid cells: 4096   Grid cell updates per second: 62186.8
INFO (CarpetX): Performance:
INFO (CarpetX):   total evolution time:            1.78122 sec
INFO (CarpetX):   total evolution compute time:    1.78098 sec
INFO (CarpetX):   total evolution output time:     0.000243664 sec
INFO (CarpetX):   total iterations:                27
INFO (CarpetX):   total cells updated:             110592
INFO (CarpetX):   average iterations per second: 15.1581
INFO (CarpetX):   average cell updates per second: 62087.7
INFO (CarpetX): OutputGH: iteration 28, time 0.109375, run time 3 s
INFO (CarpetX): OutputGH done.
INFO (CarpetX): Simulation time: 0.109375   Iterations per second: 15.1761   Simulation time per second: 0.0592815
INFO (CarpetX): Grid cells: 4096   Grid cell updates per second: 62161.2
INFO (CarpetX): Performance:
INFO (CarpetX):   total evolution time:            1.84736 sec
INFO (CarpetX):   total evolution compute time:    1.84711 sec
INFO (CarpetX):   total evolution output time:     0.000253677 sec
INFO (CarpetX):   total iterations:                28
INFO (CarpetX):   total cells updated:             114688
INFO (CarpetX):   average iterations per second: 15.1567
INFO (CarpetX):   average cell updates per second: 62082
INFO (CarpetX): OutputGH: iteration 29, time 0.113281, run time 3 s
INFO (CarpetX): OutputGH done.
INFO (CarpetX): Simulation time: 0.113281   Iterations per second: 15.1781   Simulation time per second: 0.0592895
INFO (CarpetX): Grid cells: 4096   Grid cell updates per second: 62169.6
INFO (CarpetX): Performance:
INFO (CarpetX):   total evolution time:            1.91317 sec
INFO (CarpetX):   total evolution compute time:    1.9129 sec
INFO (CarpetX):   total evolution output time:     0.000262737 sec
INFO (CarpetX):   total iterations:                29
INFO (CarpetX):   total cells updated:             118784
INFO (CarpetX):   average iterations per second: 15.1581
INFO (CarpetX):   average cell updates per second: 62087.7
INFO (CarpetX): OutputGH: iteration 30, time 0.117188, run time 3 s
INFO (CarpetX): OutputGH done.
INFO (CarpetX): Simulation time: 0.117188   Iterations per second: 15.1832   Simulation time per second: 0.0593092
INFO (CarpetX): Grid cells: 4096   Grid cell updates per second: 62190.2
INFO (CarpetX): Performance:
INFO (CarpetX):   total evolution time:            1.97883 sec
INFO (CarpetX):   total evolution compute time:    1.97856 sec
INFO (CarpetX):   total evolution output time:     0.000270605 sec
INFO (CarpetX):   total iterations:                30
INFO (CarpetX):   total cells updated:             122880
INFO (CarpetX):   average iterations per second: 15.1605
INFO (CarpetX):   average cell updates per second: 62097.2
INFO (CarpetX): OutputGH: iteration 31, time 0.121094, run time 3 s
INFO (CarpetX): OutputGH done.
INFO (CarpetX): Simulation time: 0.121094   Iterations per second: 15.1866   Simulation time per second: 0.0593228
INFO (CarpetX): Grid cells: 4096   Grid cell updates per second: 62204.5
INFO (CarpetX): Performance:
INFO (CarpetX):   total evolution time:            2.04454 sec
INFO (CarpetX):   total evolution compute time:    2.04425 sec
INFO (CarpetX):   total evolution output time:     0.000288725 sec
INFO (CarpetX):   total iterations:                31
INFO (CarpetX):   total cells updated:             126976
INFO (CarpetX):   average iterations per second: 15.1623
INFO (CarpetX):   average cell updates per second: 62104.8
INFO (CarpetX): OutputGH: iteration 32, time 0.125000, run time 3 s
INFO (CarpetX): OutputGH done.
INFO (CarpetX): Simulation time: 0.125   Iterations per second: 15.1858   Simulation time per second: 0.0593197
INFO (CarpetX): Grid cells: 4096   Grid cell updates per second: 62201.2
INFO (CarpetX): Performance:
INFO (CarpetX):   total evolution time:            2.11042 sec
INFO (CarpetX):   total evolution compute time:    2.11013 sec
INFO (CarpetX):   total evolution output time:     0.000297785 sec
INFO (CarpetX):   total iterations:                32
INFO (CarpetX):   total cells updated:             131072
INFO (CarpetX):   average iterations per second: 15.1628
INFO (CarpetX):   average cell updates per second: 62106.9
INFO (CarpetX): OutputGH: iteration 33, time 0.128906, run time 3 s
INFO (CarpetX): OutputGH done.
INFO (CarpetX): Simulation time: 0.128906   Iterations per second: 15.1913   Simulation time per second: 0.0593411
INFO (CarpetX): Grid cells: 4096   Grid cell updates per second: 62223.7
INFO (CarpetX): Performance:
INFO (CarpetX):   total evolution time:            2.17604 sec
INFO (CarpetX):   total evolution compute time:    2.17573 sec
INFO (CarpetX):   total evolution output time:     0.000306606 sec
INFO (CarpetX):   total iterations:                33
INFO (CarpetX):   total cells updated:             135168
INFO (CarpetX):   average iterations per second: 15.1652
INFO (CarpetX):   average cell updates per second: 62116.6
INFO (CarpetX): OutputGH: iteration 34, time 0.132812, run time 3 s
INFO (CarpetX): OutputGH done.
INFO (CarpetX): Simulation time: 0.132812   Iterations per second: 15.1926   Simulation time per second: 0.0593461
INFO (CarpetX): Grid cells: 4096   Grid cell updates per second: 62228.9
INFO (CarpetX): Performance:
INFO (CarpetX):   total evolution time:            2.24181 sec
INFO (CarpetX):   total evolution compute time:    2.24149 sec
INFO (CarpetX):   total evolution output time:     0.000315666 sec
INFO (CarpetX):   total iterations:                34
INFO (CarpetX):   total cells updated:             139264
INFO (CarpetX):   average iterations per second: 15.1663
INFO (CarpetX):   average cell updates per second: 62121.2
INFO (CarpetX): OutputGH: iteration 35, time 0.136719, run time 3 s
INFO (CarpetX): OutputGH done.
INFO (CarpetX): Simulation time: 0.136719   Iterations per second: 15.1955   Simulation time per second: 0.0593574
INFO (CarpetX): Grid cells: 4096   Grid cell updates per second: 62240.7
INFO (CarpetX): Performance:
INFO (CarpetX):   total evolution time:            2.30751 sec
INFO (CarpetX):   total evolution compute time:    2.30718 sec
INFO (CarpetX):   total evolution output time:     0.000324488 sec
INFO (CarpetX):   total iterations:                35
INFO (CarpetX):   total cells updated:             143360
INFO (CarpetX):   average iterations per second: 15.1679
INFO (CarpetX):   average cell updates per second: 62127.7
INFO (CarpetX): OutputGH: iteration 36, time 0.140625, run time 3 s
INFO (CarpetX): OutputGH done.
INFO (CarpetX): Simulation time: 0.140625   Iterations per second: 15.206   Simulation time per second: 0.0593986
INFO (CarpetX): Grid cells: 4096   Grid cell updates per second: 62283.9
INFO (CarpetX): Performance:
INFO (CarpetX):   total evolution time:            2.37286 sec
INFO (CarpetX):   total evolution compute time:    2.37253 sec
INFO (CarpetX):   total evolution output time:     0.000333309 sec
INFO (CarpetX):   total iterations:                36
INFO (CarpetX):   total cells updated:             147456
INFO (CarpetX):   average iterations per second: 15.1716
INFO (CarpetX):   average cell updates per second: 62142.8
INFO (CarpetX): OutputGH: iteration 37, time 0.144531, run time 4 s
INFO (CarpetX): OutputGH done.
INFO (CarpetX): Simulation time: 0.144531   Iterations per second: 15.2091   Simulation time per second: 0.0594104
INFO (CarpetX): Grid cells: 4096   Grid cell updates per second: 62296.3
INFO (CarpetX): Performance:
INFO (CarpetX):   total evolution time:            2.43849 sec
INFO (CarpetX):   total evolution compute time:    2.43815 sec
INFO (CarpetX):   total evolution output time:     0.000342131 sec
INFO (CarpetX):   total iterations:                37
INFO (CarpetX):   total cells updated:             151552
INFO (CarpetX):   average iterations per second: 15.1733
INFO (CarpetX):   average cell updates per second: 62149.9
INFO (CarpetX): OutputGH: iteration 38, time 0.148438, run time 4 s
INFO (CarpetX): OutputGH done.
INFO (CarpetX): Simulation time: 0.148438   Iterations per second: 15.2077   Simulation time per second: 0.0594049
INFO (CarpetX): Grid cells: 4096   Grid cell updates per second: 62290.6
INFO (CarpetX): Performance:
INFO (CarpetX):   total evolution time:            2.5043 sec
INFO (CarpetX):   total evolution compute time:    2.50395 sec
INFO (CarpetX):   total evolution output time:     0.000352144 sec
INFO (CarpetX):   total iterations:                38
INFO (CarpetX):   total cells updated:             155648
INFO (CarpetX):   average iterations per second: 15.1739
INFO (CarpetX):   average cell updates per second: 62152.2
INFO (CarpetX): OutputGH: iteration 39, time 0.152344, run time 4 s
INFO (CarpetX): OutputGH done.
INFO (CarpetX): Simulation time: 0.152344   Iterations per second: 15.2061   Simulation time per second: 0.0593987
INFO (CarpetX): Grid cells: 4096   Grid cell updates per second: 62284
INFO (CarpetX): Performance:
INFO (CarpetX):   total evolution time:            2.57013 sec
INFO (CarpetX):   total evolution compute time:    2.56977 sec
INFO (CarpetX):   total evolution output time:     0.00036025 sec
INFO (CarpetX):   total iterations:                39
INFO (CarpetX):   total cells updated:             159744
INFO (CarpetX):   average iterations per second: 15.1743
INFO (CarpetX):   average cell updates per second: 62154.1
INFO (CarpetX): OutputGH: iteration 40, time 0.156250, run time 4 s
INFO (CarpetX): OutputGH done.
INFO (CarpetX): Simulation time: 0.15625   Iterations per second: 15.2106   Simulation time per second: 0.0594166
INFO (CarpetX): Grid cells: 4096   Grid cell updates per second: 62302.8
INFO (CarpetX): Performance:
INFO (CarpetX):   total evolution time:            2.63569 sec
INFO (CarpetX):   total evolution compute time:    2.63532 sec
INFO (CarpetX):   total evolution output time:     0.000369072 sec
INFO (CarpetX):   total iterations:                40
INFO (CarpetX):   total cells updated:             163840
INFO (CarpetX):   average iterations per second: 15.1763
INFO (CarpetX):   average cell updates per second: 62162
INFO (CarpetX): OutputGH: iteration 41, time 0.160156, run time 4 s
INFO (CarpetX): OutputGH done.
INFO (CarpetX): Simulation time: 0.160156   Iterations per second: 15.2072   Simulation time per second: 0.0594032
INFO (CarpetX): Grid cells: 4096   Grid cell updates per second: 62288.7
INFO (CarpetX): Performance:
INFO (CarpetX):   total evolution time:            2.70158 sec
INFO (CarpetX):   total evolution compute time:    2.70121 sec
INFO (CarpetX):   total evolution output time:     0.000377893 sec
INFO (CarpetX):   total iterations:                41
INFO (CarpetX):   total cells updated:             167936
INFO (CarpetX):   average iterations per second: 15.1763
INFO (CarpetX):   average cell updates per second: 62162
INFO (CarpetX): OutputGH: iteration 42, time 0.164062, run time 4 s
INFO (CarpetX): OutputGH done.
INFO (CarpetX): Simulation time: 0.164062   Iterations per second: 15.201   Simulation time per second: 0.059379
INFO (CarpetX): Grid cells: 4096   Grid cell updates per second: 62263.4
INFO (CarpetX): Performance:
INFO (CarpetX):   total evolution time:            2.76761 sec
INFO (CarpetX):   total evolution compute time:    2.76722 sec
INFO (CarpetX):   total evolution output time:     0.000386715 sec
INFO (CarpetX):   total iterations:                42
INFO (CarpetX):   total cells updated:             172032
INFO (CarpetX):   average iterations per second: 15.1755
INFO (CarpetX):   average cell updates per second: 62159
INFO (CarpetX): OutputGH: iteration 43, time 0.167969, run time 4 s
INFO (CarpetX): OutputGH done.
INFO (CarpetX): Simulation time: 0.167969   Iterations per second: 15.2046   Simulation time per second: 0.0593931
INFO (CarpetX): Grid cells: 4096   Grid cell updates per second: 62278.2
INFO (CarpetX): Performance:
INFO (CarpetX):   total evolution time:            2.83324 sec
INFO (CarpetX):   total evolution compute time:    2.83284 sec
INFO (CarpetX):   total evolution output time:     0.000395775 sec
INFO (CarpetX):   total iterations:                43
INFO (CarpetX):   total cells updated:             176128
INFO (CarpetX):   average iterations per second: 15.177
INFO (CarpetX):   average cell updates per second: 62164.9
INFO (CarpetX): OutputGH: iteration 44, time 0.171875, run time 4 s
INFO (CarpetX): OutputGH done.
INFO (CarpetX): Simulation time: 0.171875   Iterations per second: 15.2058   Simulation time per second: 0.0593976
INFO (CarpetX): Grid cells: 4096   Grid cell updates per second: 62282.9
INFO (CarpetX): Performance:
INFO (CarpetX):   total evolution time:            2.89896 sec
INFO (CarpetX):   total evolution compute time:    2.89855 sec
INFO (CarpetX):   total evolution output time:     0.000404835 sec
INFO (CarpetX):   total iterations:                44
INFO (CarpetX):   total cells updated:             180224
INFO (CarpetX):   average iterations per second: 15.1779
INFO (CarpetX):   average cell updates per second: 62168.5
INFO (CarpetX): OutputGH: iteration 45, time 0.175781, run time 4 s
INFO (CarpetX): OutputGH done.
INFO (CarpetX): Simulation time: 0.175781   Iterations per second: 15.2132   Simulation time per second: 0.0594266
INFO (CarpetX): Grid cells: 4096   Grid cell updates per second: 62313.3
INFO (CarpetX): Performance:
INFO (CarpetX):   total evolution time:            2.9644 sec
INFO (CarpetX):   total evolution compute time:    2.96399 sec
INFO (CarpetX):   total evolution output time:     0.000413895 sec
INFO (CarpetX):   total iterations:                45
INFO (CarpetX):   total cells updated:             184320
INFO (CarpetX):   average iterations per second: 15.1801
INFO (CarpetX):   average cell updates per second: 62177.8
INFO (CarpetX): OutputGH: iteration 46, time 0.179688, run time 4 s
INFO (CarpetX): OutputGH done.
INFO (CarpetX): Simulation time: 0.179688   Iterations per second: 15.2131   Simulation time per second: 0.0594263
INFO (CarpetX): Grid cells: 4096   Grid cell updates per second: 62313
INFO (CarpetX): Performance:
INFO (CarpetX):   total evolution time:            3.03014 sec
INFO (CarpetX):   total evolution compute time:    3.02972 sec
INFO (CarpetX):   total evolution output time:     0.000422001 sec
INFO (CarpetX):   total iterations:                46
INFO (CarpetX):   total cells updated:             188416
INFO (CarpetX):   average iterations per second: 15.1808
INFO (CarpetX):   average cell updates per second: 62180.7
INFO (CarpetX): OutputGH: iteration 47, time 0.183594, run time 4 s
INFO (CarpetX): OutputGH done.
INFO (CarpetX): Simulation time: 0.183594   Iterations per second: 15.2123   Simulation time per second: 0.0594232
INFO (CarpetX): Grid cells: 4096   Grid cell updates per second: 62309.7
INFO (CarpetX): Performance:
INFO (CarpetX):   total evolution time:            3.09591 sec
INFO (CarpetX):   total evolution compute time:    3.09547 sec
INFO (CarpetX):   total evolution output time:     0.000431776 sec
INFO (CarpetX):   total iterations:                47
INFO (CarpetX):   total cells updated:             192512
INFO (CarpetX):   average iterations per second: 15.1813
INFO (CarpetX):   average cell updates per second: 62182.8
INFO (CarpetX): OutputGH: iteration 48, time 0.187500, run time 4 s
INFO (CarpetX): OutputGH done.
INFO (CarpetX): Simulation time: 0.1875   Iterations per second: 15.2156   Simulation time per second: 0.0594357
INFO (CarpetX): Grid cells: 4096   Grid cell updates per second: 62322.9
INFO (CarpetX): Performance:
INFO (CarpetX):   total evolution time:            3.1615 sec
INFO (CarpetX):   total evolution compute time:    3.16106 sec
INFO (CarpetX):   total evolution output time:     0.000440836 sec
INFO (CarpetX):   total iterations:                48
INFO (CarpetX):   total cells updated:             196608
INFO (CarpetX):   average iterations per second: 15.1827
INFO (CarpetX):   average cell updates per second: 62188.2
INFO (CarpetX): OutputGH: iteration 49, time 0.191406, run time 4 s
INFO (CarpetX): OutputGH done.
INFO (CarpetX): Simulation time: 0.191406   Iterations per second: 15.2088   Simulation time per second: 0.0594094
INFO (CarpetX): Grid cells: 4096   Grid cell updates per second: 62295.3
INFO (CarpetX): Performance:
INFO (CarpetX):   total evolution time:            3.22752 sec
INFO (CarpetX):   total evolution compute time:    3.22705 sec
INFO (CarpetX):   total evolution output time:     0.000463724 sec
INFO (CarpetX):   total iterations:                49
INFO (CarpetX):   total cells updated:             200704
INFO (CarpetX):   average iterations per second: 15.182
INFO (CarpetX):   average cell updates per second: 62185.3
INFO (CarpetX): OutputGH: iteration 50, time 0.195312, run time 4 s
INFO (CarpetX): OutputGH done.
INFO (CarpetX): Simulation time: 0.195312   Iterations per second: 15.2083   Simulation time per second: 0.0594076
INFO (CarpetX): Grid cells: 4096   Grid cell updates per second: 62293.4
INFO (CarpetX): Performance:
INFO (CarpetX):   total evolution time:            3.29329 sec
INFO (CarpetX):   total evolution compute time:    3.29281 sec
INFO (CarpetX):   total evolution output time:     0.000472784 sec
INFO (CarpetX):   total iterations:                50
INFO (CarpetX):   total cells updated:             204800
INFO (CarpetX):   average iterations per second: 15.1824
INFO (CarpetX):   average cell updates per second: 62187.1
INFO (CarpetX): OutputGH: iteration 51, time 0.199219, run time 4 s
INFO (CarpetX): OutputGH done.
INFO (CarpetX): Simulation time: 0.199219   Iterations per second: 15.2089   Simulation time per second: 0.0594096
INFO (CarpetX): Grid cells: 4096   Grid cell updates per second: 62295.5
INFO (CarpetX): Performance:
INFO (CarpetX):   total evolution time:            3.35902 sec
INFO (CarpetX):   total evolution compute time:    3.35854 sec
INFO (CarpetX):   total evolution output time:     0.000481844 sec
INFO (CarpetX):   total iterations:                51
INFO (CarpetX):   total cells updated:             208896
INFO (CarpetX):   average iterations per second: 15.183
INFO (CarpetX):   average cell updates per second: 62189.6
INFO (CarpetX): OutputGH: iteration 52, time 0.203125, run time 4 s
INFO (CarpetX): OutputGH done.
INFO (CarpetX): Simulation time: 0.203125   Iterations per second: 15.2076   Simulation time per second: 0.0594047
INFO (CarpetX): Grid cells: 4096   Grid cell updates per second: 62290.3
INFO (CarpetX): Performance:
INFO (CarpetX):   total evolution time:            3.42482 sec
INFO (CarpetX):   total evolution compute time:    3.42433 sec
INFO (CarpetX):   total evolution output time:     0.000490904 sec
INFO (CarpetX):   total iterations:                52
INFO (CarpetX):   total cells updated:             212992
INFO (CarpetX):   average iterations per second: 15.1833
INFO (CarpetX):   average cell updates per second: 62190.6
INFO (CarpetX): OutputGH: iteration 53, time 0.207031, run time 5 s
INFO (CarpetX): OutputGH done.
INFO (CarpetX): Simulation time: 0.207031   Iterations per second: 15.2123   Simulation time per second: 0.0594231
INFO (CarpetX): Grid cells: 4096   Grid cell updates per second: 62309.6
INFO (CarpetX): Performance:
INFO (CarpetX):   total evolution time:            3.49038 sec
INFO (CarpetX):   total evolution compute time:    3.48988 sec
INFO (CarpetX):   total evolution output time:     0.000500917 sec
INFO (CarpetX):   total iterations:                53
INFO (CarpetX):   total cells updated:             217088
INFO (CarpetX):   average iterations per second: 15.1846
INFO (CarpetX):   average cell updates per second: 62196.1
INFO (CarpetX): OutputGH: iteration 54, time 0.210938, run time 5 s
INFO (CarpetX): OutputGH done.
INFO (CarpetX): Simulation time: 0.210938   Iterations per second: 15.2148   Simulation time per second: 0.059433
INFO (CarpetX): Grid cells: 4096   Grid cell updates per second: 62320
INFO (CarpetX): Performance:
INFO (CarpetX):   total evolution time:            3.556 sec
INFO (CarpetX):   total evolution compute time:    3.55549 sec
INFO (CarpetX):   total evolution output time:     0.000509977 sec
INFO (CarpetX):   total iterations:                54
INFO (CarpetX):   total cells updated:             221184
INFO (CarpetX):   average iterations per second: 15.1856
INFO (CarpetX):   average cell updates per second: 62200.2
INFO (CarpetX): OutputGH: iteration 55, time 0.214844, run time 5 s
INFO (CarpetX): OutputGH done.
INFO (CarpetX): Simulation time: 0.214844   Iterations per second: 15.2189   Simulation time per second: 0.0594486
INFO (CarpetX): Grid cells: 4096   Grid cell updates per second: 62336.4
INFO (CarpetX): Performance:
INFO (CarpetX):   total evolution time:            3.62156 sec
INFO (CarpetX):   total evolution compute time:    3.62104 sec
INFO (CarpetX):   total evolution output time:     0.000517845 sec
INFO (CarpetX):   total iterations:                55
INFO (CarpetX):   total cells updated:             225280
INFO (CarpetX):   average iterations per second: 15.1868
INFO (CarpetX):   average cell updates per second: 62205.3
INFO (CarpetX): OutputGH: iteration 56, time 0.218750, run time 5 s
INFO (CarpetX): OutputGH done.
INFO (CarpetX): Simulation time: 0.21875   Iterations per second: 15.2204   Simulation time per second: 0.0594546
INFO (CarpetX): Grid cells: 4096   Grid cell updates per second: 62342.7
INFO (CarpetX): Performance:
INFO (CarpetX):   total evolution time:            3.6872 sec
INFO (CarpetX):   total evolution compute time:    3.68667 sec
INFO (CarpetX):   total evolution output time:     0.000525951 sec
INFO (CarpetX):   total iterations:                56
INFO (CarpetX):   total cells updated:             229376
INFO (CarpetX):   average iterations per second: 15.1877
INFO (CarpetX):   average cell updates per second: 62208.7
INFO (CarpetX): OutputGH: iteration 57, time 0.222656, run time 5 s
INFO (CarpetX): OutputGH done.
INFO (CarpetX): Simulation time: 0.222656   Iterations per second: 15.2119   Simulation time per second: 0.0594216
INFO (CarpetX): Grid cells: 4096   Grid cell updates per second: 62308.1
INFO (CarpetX): Performance:
INFO (CarpetX):   total evolution time:            3.75326 sec
INFO (CarpetX):   total evolution compute time:    3.75273 sec
INFO (CarpetX):   total evolution output time:     0.000535011 sec
INFO (CarpetX):   total iterations:                57
INFO (CarpetX):   total cells updated:             233472
INFO (CarpetX):   average iterations per second: 15.1868
INFO (CarpetX):   average cell updates per second: 62205
INFO (CarpetX): OutputGH: iteration 58, time 0.226562, run time 5 s
INFO (CarpetX): OutputGH done.
INFO (CarpetX): Simulation time: 0.226562   Iterations per second: 15.2124   Simulation time per second: 0.0594233
INFO (CarpetX): Grid cells: 4096   Grid cell updates per second: 62309.9
INFO (CarpetX): Performance:
INFO (CarpetX):   total evolution time:            3.81898 sec
INFO (CarpetX):   total evolution compute time:    3.81844 sec
INFO (CarpetX):   total evolution output time:     0.000542879 sec
INFO (CarpetX):   total iterations:                58
INFO (CarpetX):   total cells updated:             237568
INFO (CarpetX):   average iterations per second: 15.1873
INFO (CarpetX):   average cell updates per second: 62207.1
INFO (CarpetX): OutputGH: iteration 59, time 0.230469, run time 5 s
INFO (CarpetX): OutputGH done.
INFO (CarpetX): Simulation time: 0.230469   Iterations per second: 15.2146   Simulation time per second: 0.0594319
INFO (CarpetX): Grid cells: 4096   Grid cell updates per second: 62318.9
INFO (CarpetX): Performance:
INFO (CarpetX):   total evolution time:            3.88462 sec
INFO (CarpetX):   total evolution compute time:    3.88407 sec
INFO (CarpetX):   total evolution output time:     0.000551701 sec
INFO (CarpetX):   total iterations:                59
INFO (CarpetX):   total cells updated:             241664
INFO (CarpetX):   average iterations per second: 15.1881
INFO (CarpetX):   average cell updates per second: 62210.4
INFO (CarpetX): OutputGH: iteration 60, time 0.234375, run time 5 s
INFO (CarpetX): OutputGH done.
INFO (CarpetX): Simulation time: 0.234375   Iterations per second: 15.2169   Simulation time per second: 0.059441
INFO (CarpetX): Grid cells: 4096   Grid cell updates per second: 62328.4
INFO (CarpetX): Performance:
INFO (CarpetX):   total evolution time:            3.95025 sec
INFO (CarpetX):   total evolution compute time:    3.94969 sec
INFO (CarpetX):   total evolution output time:     0.00056076 sec
INFO (CarpetX):   total iterations:                60
INFO (CarpetX):   total cells updated:             245760
INFO (CarpetX):   average iterations per second: 15.1889
INFO (CarpetX):   average cell updates per second: 62213.8
INFO (CarpetX): OutputGH: iteration 61, time 0.238281, run time 5 s
INFO (CarpetX): OutputGH done.
INFO (CarpetX): Simulation time: 0.238281   Iterations per second: 15.2158   Simulation time per second: 0.0594365
INFO (CarpetX): Grid cells: 4096   Grid cell updates per second: 62323.7
INFO (CarpetX): Performance:
INFO (CarpetX):   total evolution time:            4.01602 sec
INFO (CarpetX):   total evolution compute time:    4.01545 sec
INFO (CarpetX):   total evolution output time:     0.00056982 sec
INFO (CarpetX):   total iterations:                61
INFO (CarpetX):   total cells updated:             249856
INFO (CarpetX):   average iterations per second: 15.1892
INFO (CarpetX):   average cell updates per second: 62214.9
INFO (CarpetX): OutputGH: iteration 62, time 0.242188, run time 5 s
INFO (CarpetX): OutputGH done.
INFO (CarpetX): Simulation time: 0.242188   Iterations per second: 15.217   Simulation time per second: 0.0594413
INFO (CarpetX): Grid cells: 4096   Grid cell updates per second: 62328.7
INFO (CarpetX): Performance:
INFO (CarpetX):   total evolution time:            4.08169 sec
INFO (CarpetX):   total evolution compute time:    4.08111 sec
INFO (CarpetX):   total evolution output time:     0.00057888 sec
INFO (CarpetX):   total iterations:                62
INFO (CarpetX):   total cells updated:             253952
INFO (CarpetX):   average iterations per second: 15.1898
INFO (CarpetX):   average cell updates per second: 62217.4
INFO (CarpetX): OutputGH: iteration 63, time 0.246094, run time 5 s
INFO (CarpetX): OutputGH done.
INFO (CarpetX): Simulation time: 0.246094   Iterations per second: 15.2234   Simulation time per second: 0.0594665
INFO (CarpetX): Grid cells: 4096   Grid cell updates per second: 62355.2
INFO (CarpetX): Performance:
INFO (CarpetX):   total evolution time:            4.14712 sec
INFO (CarpetX):   total evolution compute time:    4.14654 sec
INFO (CarpetX):   total evolution output time:     0.000586748 sec
INFO (CarpetX):   total iterations:                63
INFO (CarpetX):   total cells updated:             258048
INFO (CarpetX):   average iterations per second: 15.1913
INFO (CarpetX):   average cell updates per second: 62223.4
INFO (CarpetX): OutputGH: iteration 64, time 0.250000, run time 5 s
INFO (CarpetX): OutputGH done.
INFO (CarpetX): Simulation time: 0.25   Iterations per second: 7.96369   Simulation time per second: 0.0311082
INFO (CarpetX): Grid cells: 4096   Grid cell updates per second: 32619.3
INFO (CarpetX): Performance:
INFO (CarpetX):   total evolution time:            4.81163 sec
INFO (CarpetX):   total evolution compute time:    4.21745 sec
INFO (CarpetX):   total evolution output time:     0.594179 sec
INFO (CarpetX):   total iterations:                64
INFO (CarpetX):   total cells updated:             262144
INFO (CarpetX):   average iterations per second: 13.3011
INFO (CarpetX):   average cell updates per second: 54481.4
INFO (CarpetX): Shutting down...
AMReX (25.11) finalized
--------------------------------------------------------------------------------
Done.
+ echo Stopping:
Stopping:
+ date
Mon Jun  8 20:49:46 UTC 2026
+ echo Done.
Done.
  Elapsed time: 6.1 s
