/home/runner/simulations/TestJob01_temp_2/output-0000/TEST/sim/CanudaX_BSSNMoL
Preparing:
+ set -e
+ cd output-0000-active
+ echo Checking:
Checking:
+ pwd
/home/runner/simulations/TestJob01_temp_2/output-0000/TEST/sim/CanudaX_BSSNMoL/output-0000-active
+ hostname
runnervmejwal
+ date
Tue Sep  8 02:06:02 UTC 2026
+ echo Environment:
Environment:
+ export CACTUS_NUM_PROCS=2
+ CACTUS_NUM_PROCS=2
+ export CACTUS_NUM_THREADS=1
+ CACTUS_NUM_THREADS=1
+ export GMON_OUT_PREFIX=gmon.out
+ GMON_OUT_PREFIX=gmon.out
+ export OMP_NUM_THREADS=1
+ OMP_NUM_THREADS=1
+ env
+ sort
+ echo Starting:
Starting:
++ date +%s
+ export CACTUS_STARTTIME=1788833162
+ CACTUS_STARTTIME=1788833162
+ '[' 2 = 1 ']'
+ mpirun -np 2 /home/runner/simulations/TestJob01_temp_2/SIMFACTORY/exe/cactus_sim -L 3 /home/runner/simulations/TestJob01_temp_2/output-0000/arrangements/CanudaX/CanudaX_BSSNMoL/test/gaugewave.par
INFO (Cactus): Increased logging level from 0 to 3
--------------------------------------------------------------------------------

       10                                  
  1   0101       ************************  
  01  1010 10      The Cactus Code V4.20.0    
 1010 1101 011      www.cactuscode.org     
  1001 100101    ************************  
    00010101                               
     100011     (c) Copyright The Authors  
      0100      GNU Licensed. No Warranty  
      0101                                 
--------------------------------------------------------------------------------

Cactus version:    4.20.0
Compile date:      Sep 08 2026 (01:43:26)
Run date:          Sep 08 2026 (02:06:02+0000)
Run host:          runnervmejwal.ia0wr4vk0kiedl5ltb20algy2b.dx.internal.cloudapp.net (pid=176920)
Working directory: /home/runner/simulations/TestJob01_temp_2/output-0000/TEST/sim/CanudaX_BSSNMoL
Executable:        /home/runner/simulations/TestJob01_temp_2/SIMFACTORY/exe/cactus_sim
Parameter file:    /home/runner/simulations/TestJob01_temp_2/output-0000/arrangements/CanudaX/CanudaX_BSSNMoL/test/gaugewave.par
--------------------------------------------------------------------------------

Activating thorn Cactus...Success -> active implementation Cactus
Activation requested for 
--->ADMBaseX CanudaX_BSSNMoL CanudaX_ExactID CarpetX IOUtil ODESolvers TmunuBaseX<---
Thorn ADMBaseX requests automatic activation of Loop
Thorn CarpetX requests automatic activation of AMReX
Thorn CarpetX requests automatic activation of MPI
Thorn CarpetX requests automatic activation of yaml_cpp
Thorn CarpetX requests automatic activation of zlib
Thorn CarpetX requests automatic activation of Arith
Thorn CarpetX requests automatic activation of CarpetXRegrid
Thorn CarpetX requests automatic activation of ADIOS2
Thorn CarpetX requests automatic activation of openPMD
Thorn CarpetX requests automatic activation of Silo
Thorn ADIOS2 requests automatic activation of CMake
Thorn Arith requests automatic activation of NSIMD
Thorn MPI requests automatic activation of hwloc
Thorn openPMD requests automatic activation of HDF5
Activating thorn ADIOS2...Success -> active implementation ADIOS2
Activating thorn ADMBaseX...Success -> active implementation ADMBaseX
Activating thorn AMReX...Success -> active implementation AMReX
Activating thorn Arith...Success -> active implementation Arith
Activating thorn CanudaX_BSSNMoL...Success -> active implementation CanudaX_BSSNMoL
Activating thorn CanudaX_ExactID...Success -> active implementation CanudaX_ExactID
Activating thorn CarpetX...Success -> active implementation Driver
Activating thorn CarpetXRegrid...Success -> active implementation CarpetXRegrid
Activating thorn CMake...Success -> active implementation CMake
Activating thorn HDF5...Success -> active implementation HDF5
Activating thorn hwloc...Success -> active implementation hwloc
Activating thorn IOUtil...Success -> active implementation IO
Activating thorn Loop...Success -> active implementation Loop
Activating thorn MPI...Success -> active implementation MPI
Activating thorn NSIMD...Success -> active implementation NSIMD
Activating thorn ODESolvers...Success -> active implementation ODESolvers
Activating thorn openPMD...Success -> active implementation openPMD
Activating thorn Silo...Success -> active implementation Silo
Activating thorn TmunuBaseX...Success -> active implementation TmunuBaseX
Activating thorn yaml_cpp...Success -> active implementation yaml_cpp
Activating thorn zlib...Success -> active implementation zlib
--------------------------------------------------------------------------------
  if (recover initial data)
    Recover parameters
  endif

  Startup routines
    [CCTK_STARTUP]
      CarpetX::Driver_Startup: Start up the driver
      IOUtil::IOUtil_Startup: Startup routine
      GROUP hwloc_startup: hwloc startup group
        hwloc::hwloc_version: Output hwloc version

  Startup routines which need an existing grid hierarchy
    [CCTK_WRAGH]
      Arith::Test_cplx: [meta] Test complex numbers
      Arith::Test_smallvector: [meta] Test small vectors
      Arith::Test_spvect: [meta] Test sparse vectors
      ODESolvers::ODESolvers_InitConstants: [global] Set up dummy loop counters for schedule printout
  Parameter checking routines
    [CCTK_PARAMCHECK]
      CanudaX_BSSNMoL::CanudaX_BSSNMoL_paramcheck: Check CanudaX_BSSNMoL parameters for consistency

  Initialisation
    if (NOT (recover initial data AND recovery_mode is 'strict'))
      [CCTK_PREREGRIDINITIAL]
      Set up grid hierarchy
      [CCTK_POSTREGRIDINITIAL]
      [CCTK_BASEGRID]
        CarpetXRegrid::CarpetXRegrid_InitError: Initialize regridding error to zero
        GROUP ODESolvers_BaseGrid: Set up constants (e.g. coordinates) everywhere on the grid
      [CCTK_INITIAL]
        GROUP TmunuBaseX_SetTmunuVars: Schedule group for setting T_munu
          TmunuBaseX::TmunuBaseX_ZeroTmunu: Set T_munu to zero
          GROUP TmunuBaseX_AddToTmunu: Add to T_munu here
        GROUP ODESolvers_Initial: Set up initial conditions on interior of state vector
          GROUP ADMBaseX_InitialData: Schedule group for calculating ADM initial data
            GROUP CanudaX_ExactIDGroup: CanudaX_ExactID group for setting up initial data
              CanudaX_ExactID::CanudaX_ExactID_GaugeWave: [local] Create gauge wave initial data
          GROUP ADMBaseX_InitialGauge: Schedule group for the ADM initial gauge condition
            ADMBaseX::ADMBaseX_initial_dtlapse: Set dtlapse to zero
            ADMBaseX::ADMBaseX_initial_dtshift: Set dtshift to zero
          GROUP ADMBaseX_PostInitial: Schedule group for modifying the ADM initial data, such as e.g. adding noise
        GROUP CanudaX_BSSNMoL_InitialGroup: CanudaX_BSSNMoL: initial bin
          CanudaX_BSSNMoL::CanudaX_BSSNMoL_adm2bssn: [local] Convert initial data into BSSN variables
          CanudaX_BSSNMoL::CanudaX_BSSNMoL_gammat: [local] Set Gammat initial data
      [CCTK_POSTINITIAL]
        GROUP ODESolvers_PostStep: Apply boundary conditions to state vector, and project if necessary
          GROUP CanudaX_BSSNMoL_PostStepGroup: CanudaX_BSSNMoL: post-step operations
            CanudaX_BSSNMoL::CanudaX_BSSNMoL_impose_conf_fac_floor: Make sure conformal factor does not drop below specified value
            CanudaX_BSSNMoL::CanudaX_BSSNMoL_reset_detmetric: reset dethh = 1
            CanudaX_BSSNMoL::CanudaX_BSSNMoL_remove_trA: Remove trace of A
            CanudaX_BSSNMoL::CanudaX_BSSNMoL_sync: [global] Sync state vector
            CanudaX_BSSNMoL::CanudaX_BSSNMoL_bssn2adm: [local] Convert variables back to the ADM ones
          GROUP ADMBaseX_SetADMRHS: Set ADM RHS variables in this group
          GROUP ADMBaseX_SetADMVars: Set ADM variables in this group
          GROUP TmunuBaseX_SetTmunuVars: Schedule group for setting T_munu
            TmunuBaseX::TmunuBaseX_ZeroTmunu: Set T_munu to zero
            GROUP TmunuBaseX_AddToTmunu: Add to T_munu here
        GROUP ODESolvers_EstimateError: Estimate discretization error (for regridding)
      Initialise finer grids recursively
      Restrict from finer grids
      [CCTK_POSTRESTRICTINITIAL]
      [CCTK_POSTPOSTINITIAL]
      [CCTK_POSTSTEP]
        GROUP ODESolvers_EstimateError: Estimate discretization error (for regridding)
    endif
    if (recover initial data)
      [CCTK_BASEGRID]
        CarpetXRegrid::CarpetXRegrid_InitError: Initialize regridding error to zero
        GROUP ODESolvers_BaseGrid: Set up constants (e.g. coordinates) everywhere on the grid
      [CCTK_RECOVER_VARIABLES]
      [CCTK_POST_RECOVER_VARIABLES]
        GROUP ODESolvers_PostStep: Apply boundary conditions to state vector, and project if necessary
          GROUP CanudaX_BSSNMoL_PostStepGroup: CanudaX_BSSNMoL: post-step operations
            CanudaX_BSSNMoL::CanudaX_BSSNMoL_impose_conf_fac_floor: Make sure conformal factor does not drop below specified value
            CanudaX_BSSNMoL::CanudaX_BSSNMoL_reset_detmetric: reset dethh = 1
            CanudaX_BSSNMoL::CanudaX_BSSNMoL_remove_trA: Remove trace of A
            CanudaX_BSSNMoL::CanudaX_BSSNMoL_sync: [global] Sync state vector
            CanudaX_BSSNMoL::CanudaX_BSSNMoL_bssn2adm: [local] Convert variables back to the ADM ones
          GROUP ADMBaseX_SetADMRHS: Set ADM RHS variables in this group
          GROUP ADMBaseX_SetADMVars: Set ADM variables in this group
          GROUP TmunuBaseX_SetTmunuVars: Schedule group for setting T_munu
            TmunuBaseX::TmunuBaseX_ZeroTmunu: Set T_munu to zero
            GROUP TmunuBaseX_AddToTmunu: Add to T_munu here
        GROUP ODESolvers_EstimateError: Estimate discretization error (for regridding)
    endif
    if (checkpoint initial data)
      [CCTK_CPINITIAL]
        CarpetX::CarpetX_CheckpointInitial: [meta] Checkpoint initial conditions
    endif
    if (analysis)
      [CCTK_ANALYSIS]
        CanudaX_BSSNMoL::CanudaX_BSSNMoL_bssn_constraints: Compute constraints
        GROUP ODESolvers_Analysis: Calculate analysis quantities everywhere
  endif
  Output grid variables

  do loop over timesteps
    [CCTK_PREREGRID]
    Change grid hierarchy
    [CCTK_POSTREGRID]
      GROUP ODESolvers_PostStep: Apply boundary conditions to state vector, and project if necessary
        GROUP CanudaX_BSSNMoL_PostStepGroup: CanudaX_BSSNMoL: post-step operations
          CanudaX_BSSNMoL::CanudaX_BSSNMoL_impose_conf_fac_floor: Make sure conformal factor does not drop below specified value
          CanudaX_BSSNMoL::CanudaX_BSSNMoL_reset_detmetric: reset dethh = 1
          CanudaX_BSSNMoL::CanudaX_BSSNMoL_remove_trA: Remove trace of A
          CanudaX_BSSNMoL::CanudaX_BSSNMoL_sync: [global] Sync state vector
          CanudaX_BSSNMoL::CanudaX_BSSNMoL_bssn2adm: [local] Convert variables back to the ADM ones
        GROUP ADMBaseX_SetADMRHS: Set ADM RHS variables in this group
        GROUP ADMBaseX_SetADMVars: Set ADM variables in this group
        GROUP TmunuBaseX_SetTmunuVars: Schedule group for setting T_munu
          TmunuBaseX::TmunuBaseX_ZeroTmunu: Set T_munu to zero
          GROUP TmunuBaseX_AddToTmunu: Add to T_munu here
    Rotate timelevels
    iteration = iteration+1
    t = t+dt
    [CCTK_PRESTEP]
    [CCTK_EVOL]
      ODESolvers::ODESolvers_Solve: [level] Solve ODEs
      while (ODESolvers::do_substeps)
        GROUP ODESolvers_CalledBySolve: Groups internally scheduled by ODESolvers_Solve
          GROUP ODESolvers_RHS: Evaluate the RHS for of state vector everywhere on the grid
            GROUP CanudaX_BSSNMoL_RHSGroup: CanudaX_BSSNMoL: calculate BSSN RHS
              CanudaX_BSSNMoL::CanudaX_BSSNMoL_calc_bssn_rhs: MoL RHS calculation
              CanudaX_BSSNMoL::CanudaX_BSSNMoL_apply_boundary_conditions: Apply radiative boundary conditions 
          GROUP ODESolvers_PostStep: Apply boundary conditions to state vector, and project if necessary
            GROUP CanudaX_BSSNMoL_PostStepGroup: CanudaX_BSSNMoL: post-step operations
              CanudaX_BSSNMoL::CanudaX_BSSNMoL_impose_conf_fac_floor: Make sure conformal factor does not drop below specified value
              CanudaX_BSSNMoL::CanudaX_BSSNMoL_reset_detmetric: reset dethh = 1
              CanudaX_BSSNMoL::CanudaX_BSSNMoL_remove_trA: Remove trace of A
              CanudaX_BSSNMoL::CanudaX_BSSNMoL_sync: [global] Sync state vector
              CanudaX_BSSNMoL::CanudaX_BSSNMoL_bssn2adm: [local] Convert variables back to the ADM ones
            GROUP ADMBaseX_SetADMRHS: Set ADM RHS variables in this group
            GROUP ADMBaseX_SetADMVars: Set ADM variables in this group
            GROUP TmunuBaseX_SetTmunuVars: Schedule group for setting T_munu
              TmunuBaseX::TmunuBaseX_ZeroTmunu: Set T_munu to zero
              GROUP TmunuBaseX_AddToTmunu: Add to T_munu here
      end while
    Evolve finer grids recursively
    Restrict from finer grids
    [CCTK_POSTRESTRICT]
      GROUP ODESolvers_PostStep: Apply boundary conditions to state vector, and project if necessary
        GROUP CanudaX_BSSNMoL_PostStepGroup: CanudaX_BSSNMoL: post-step operations
          CanudaX_BSSNMoL::CanudaX_BSSNMoL_impose_conf_fac_floor: Make sure conformal factor does not drop below specified value
          CanudaX_BSSNMoL::CanudaX_BSSNMoL_reset_detmetric: reset dethh = 1
          CanudaX_BSSNMoL::CanudaX_BSSNMoL_remove_trA: Remove trace of A
          CanudaX_BSSNMoL::CanudaX_BSSNMoL_sync: [global] Sync state vector
          CanudaX_BSSNMoL::CanudaX_BSSNMoL_bssn2adm: [local] Convert variables back to the ADM ones
        GROUP ADMBaseX_SetADMRHS: Set ADM RHS variables in this group
        GROUP ADMBaseX_SetADMVars: Set ADM variables in this group
        GROUP TmunuBaseX_SetTmunuVars: Schedule group for setting T_munu
          TmunuBaseX::TmunuBaseX_ZeroTmunu: Set T_munu to zero
          GROUP TmunuBaseX_AddToTmunu: Add to T_munu here
    [CCTK_POSTSTEP]
      GROUP ODESolvers_EstimateError: Estimate discretization error (for regridding)
    if (checkpoint)
      [CCTK_CHECKPOINT]
      CarpetX::CarpetX_Checkpoint: [meta] Checkpoint
    endif
    if (analysis)
      [CCTK_ANALYSIS]
      CanudaX_BSSNMoL::CanudaX_BSSNMoL_bssn_constraints: Compute constraints
      GROUP ODESolvers_Analysis: Calculate analysis quantities everywhere
    endif
    Output grid variables
    enddo

  Termination routines
    [CCTK_TERMINATE]
      CarpetX::CarpetX_CheckpointTerminate: [meta] Checkpoint before terminating

  Shutdown routines
    [CCTK_SHUTDOWN]
      CarpetX::Driver_Shutdown: [meta] Shut down the driver

  Routines run after changing the grid hierarchy:
    [CCTK_POSTREGRID]
      GROUP ODESolvers_PostStep: Apply boundary conditions to state vector, and project if necessary
        GROUP CanudaX_BSSNMoL_PostStepGroup: CanudaX_BSSNMoL: post-step operations
          CanudaX_BSSNMoL::CanudaX_BSSNMoL_impose_conf_fac_floor: Make sure conformal factor does not drop below specified value
          CanudaX_BSSNMoL::CanudaX_BSSNMoL_reset_detmetric: reset dethh = 1
          CanudaX_BSSNMoL::CanudaX_BSSNMoL_remove_trA: Remove trace of A
          CanudaX_BSSNMoL::CanudaX_BSSNMoL_sync: [global] Sync state vector
          CanudaX_BSSNMoL::CanudaX_BSSNMoL_bssn2adm: [local] Convert variables back to the ADM ones
        GROUP ADMBaseX_SetADMRHS: Set ADM RHS variables in this group
        GROUP ADMBaseX_SetADMVars: Set ADM variables in this group
        GROUP TmunuBaseX_SetTmunuVars: Schedule group for setting T_munu
          TmunuBaseX::TmunuBaseX_ZeroTmunu: Set T_munu to zero
          GROUP TmunuBaseX_AddToTmunu: Add to T_munu here
--------------------------------------------------------------------------------
INFO (hwloc): library version 2.10.0, API version 0x20800
--------------------------------------------------------------------------------

  [34m  ▕▏  [34m  ▕▏  [34m  ▕▏  [34m  ▕▏  [34m  ▕▏  [34m  ▕▏  [34m  ▕▏  [34m  ▕▏  [34m  ▕▏  [39m  
  [34m──██──[34m──██──[34m──██──[34m──██──[34m──██──[34m──██──[34m──██──[34m──██──[34m──██──[39m  
  [34m  ▕▏  [34m  ▕▏  [34m  ▕▏  [34m  ▕▏  [34m  ▕▏  [34m  ▕▏  [34m  ▕▏  [34m  ▕▏  [34m  ▕▏  [39m  
  [34m  ▕▏  [32m██████[34m  ▕▏  [34m  ▕▏  [32m██████[34m  ▕▏  [34m  ▕▏  [32m██████[34m  ▕▏  [39m  
  [34m──██──[32m██████[34m──██──[34m──██──[32m██████[34m──██──[34m──██──[32m██████[34m──██──[39m  
  [34m  ▕▏  [32m██████[34m  ▕▏  [34m  ▕▏  [32m██████[34m  ▕▏  [34m  ▕▏  [32m██████[34m  ▕▏  [39m  
  [34m  ▕▏  [34m  ▕▏  [34m  ▕▏  [34m  ▕▏  [34m  ▕▏  [34m  ▕▏  [34m  ▕▏  [34m  ▕▏  [34m  ▕▏  [39m  
  [34m──██──[34m──██──[34m──██──[34m──██──[34m──██──[34m──██──[34m──██──[34m──██──[34m──██──[39m  
  [34m  ▕▏  [34m  ▕▏  [34m  ▕▏  [34m  ▕▏  [34m  ▕▏  [34m  ▕▏  [34m  ▕▏  [34m  ▕▏  [34m  ▕▏  [39m  
  [34m  ▕▏  [34m  ▕▏  [34m  ▕▏  [31m██████[31m██████[31m██████[34m  ▕▏  [34m  ▕▏  [34m  ▕▏  [39m  
  [34m──██──[34m──██──[34m──██──[31m██████[31m██████[31m██████[34m──██──[34m──██──[34m──██──[39m  
  [34m  ▕▏  [34m  ▕▏  [34m  ▕▏  [31m██████[31m██████[31m██████[34m  ▕▏  [34m  ▕▏  [34m  ▕▏  [39m  
  [34m  ▕▏  [32m██████[34m  ▕▏  [31m██████[31m██████[31m██████[34m  ▕▏  [32m██████[34m  ▕▏  [39m  
  [34m──██──[32m██████[34m──██──[31m██████[31m██████[31m██████[34m──██──[32m██████[34m──██──[39m  
  [34m  ▕▏  [32m██████[34m  ▕▏  [31m██████[31m██████[31m██████[34m  ▕▏  [32m██████[34m  ▕▏  [39m  
  [34m  ▕▏  [34m  ▕▏  [34m  ▕▏  [31m██████[31m██████[31m██████[34m  ▕▏  [34m  ▕▏  [34m  ▕▏  [39m  
  [34m──██──[34m──██──[34m──██──[31m██████[31m██████[31m██████[34m──██──[34m──██──[34m──██──[39m  
  [34m  ▕▏  [34m  ▕▏  [34m  ▕▏  [31m██████[31m██████[31m██████[34m  ▕▏  [34m  ▕▏  [34m  ▕▏  [39m  
  [34m  ▕▏  [34m  ▕▏  [34m  ▕▏  [34m  ▕▏  [34m  ▕▏  [34m  ▕▏  [34m  ▕▏  [34m  ▕▏  [34m  ▕▏  [39m  
  [34m──██──[34m──██──[34m──██──[34m──██──[34m──██──[34m──██──[34m──██──[34m──██──[34m──██──[39m  
  [34m  ▕▏  [34m  ▕▏  [34m  ▕▏  [34m  ▕▏  [34m  ▕▏  [34m  ▕▏  [34m  ▕▏  [34m  ▕▏  [34m  ▕▏  [39m  
  [34m  ▕▏  [32m██████[34m  ▕▏  [34m  ▕▏  [32m██████[34m  ▕▏  [34m  ▕▏  [32m██████[34m  ▕▏  [39m  
  [34m──██──[32m██████[34m──██──[34m──██──[32m██████[34m──██──[34m──██──[32m██████[34m──██──[39m  
  [34m  ▕▏  [32m██████[34m  ▕▏  [34m  ▕▏  [32m██████[34m  ▕▏  [34m  ▕▏  [32m██████[34m  ▕▏  [39m  
  [34m  ▕▏  [34m  ▕▏  [34m  ▕▏  [34m  ▕▏  [34m  ▕▏  [34m  ▕▏  [34m  ▕▏  [34m  ▕▏  [34m  ▕▏  [39m  
  [34m──██──[34m──██──[34m──██──[34m──██──[34m──██──[34m──██──[34m──██──[34m──██──[34m──██──[39m  
  [34m  ▕▏  [34m  ▕▏  [34m  ▕▏  [34m  ▕▏  [34m  ▕▏  [34m  ▕▏  [34m  ▕▏  [34m  ▕▏  [34m  ▕▏  [39m  

AMR driver provided by CarpetX,
using AMReX 25.11 (MPI, OpenMP, no accelerators, debug)
--------------------------------------------------------------------------------

Initializing AMReX (25.11)...
MPI initialized with 2 MPI processes
MPI initialized with thread support level 2
OMP initialized with 1 OMP threads
AMReX (25.11) initialized
INFO (CarpetX): 
Symmetries:
  lower x: periodic
  lower y: periodic
  lower z: periodic
  upper x: periodic
  upper y: periodic
  upper z: periodic
Default boundaries:
  lower x: symmetry_boundary
  lower y: symmetry_boundary
  lower z: symmetry_boundary
  upper x: symmetry_boundary
  upper y: symmetry_boundary
  upper z: symmetry_boundary
INFO (Arith): Test_cplx
INFO (Arith): Test_smallvector
INFO (Arith): Test_spvect
INFO (CarpetX): Setting initial values for max_grid_size values for all levels
INFO (CarpetX): Setting up initial conditions...
INFO (CarpetX): Iteration: 0   time: 0   delta_time: 0.00390625
INFO (CarpetX): Patch 0:
INFO (CarpetX):   Grid extent:
INFO (CarpetX):     gsh=[71,15,15]
INFO (CarpetX):     blocking_factor=[8,8,8]
INFO (CarpetX):     max_grid_size=[10000000,10000000,10000000]
INFO (CarpetX):     max_tile_size=[1024000,16,32]
INFO (CarpetX):   Domain extent:
INFO (CarpetX):     xmin=[-0.5,-0.0625,-0.0625]
INFO (CarpetX):     xmax=[0.5,0.0625,0.0625]
INFO (CarpetX):     base dx=[0.015625,0.015625,0.015625]
INFO (CarpetX): Initializing level 0...
INFO (CanudaX_ExactID): Begin Gauge Wave initial data
INFO (CanudaX_ExactID): === End gauge wave initial data ===
INFO (CarpetX): Regridding...
INFO (CarpetX):   level 0: 2 boxes, 4096 cells (100%)
INFO (CarpetX): Initialized 1 levels
INFO (CarpetX): OutputGH: iteration 0, time 0.000000, run time 0 s
INFO (CarpetX): OutputGH done.
INFO (CarpetX): Starting evolution...
INFO (ODESolvers): ODE integrator is RK4
INFO (CarpetX): OutputGH: iteration 1, time 0.003906, run time 1 s
INFO (CarpetX): OutputGH done.
INFO (CarpetX): Simulation time: 0.00390625   Iterations per second: 33.291   Simulation time per second: 0.130043
INFO (CarpetX): Grid cells: 4096   Grid cell updates per second: 136360
INFO (CarpetX): Performance:
INFO (CarpetX):   total evolution time:            0.0300381 sec
INFO (CarpetX):   total evolution compute time:    0.0300171 sec
INFO (CarpetX):   total evolution output time:     2.09808e-05 sec
INFO (CarpetX):   total iterations:                1
INFO (CarpetX):   total cells updated:             4096
INFO (CarpetX):   average iterations per second: 33.291
INFO (CarpetX):   average cell updates per second: 136360
INFO (CarpetX): OutputGH: iteration 2, time 0.007812, run time 1 s
INFO (CarpetX): OutputGH done.
INFO (CarpetX): Simulation time: 0.0078125   Iterations per second: 34.4649   Simulation time per second: 0.134628
INFO (CarpetX): Grid cells: 4096   Grid cell updates per second: 141168
INFO (CarpetX): Performance:
INFO (CarpetX):   total evolution time:            0.0580301 sec
INFO (CarpetX):   total evolution compute time:    0.0579851 sec
INFO (CarpetX):   total evolution output time:     4.50611e-05 sec
INFO (CarpetX):   total iterations:                2
INFO (CarpetX):   total cells updated:             8192
INFO (CarpetX):   average iterations per second: 34.4649
INFO (CarpetX):   average cell updates per second: 141168
INFO (CarpetX): OutputGH: iteration 3, time 0.011719, run time 1 s
INFO (CarpetX): OutputGH done.
INFO (CarpetX): Simulation time: 0.0117188   Iterations per second: 33.551   Simulation time per second: 0.131059
INFO (CarpetX): Grid cells: 4096   Grid cell updates per second: 137425
INFO (CarpetX): Performance:
INFO (CarpetX):   total evolution time:            0.089416 sec
INFO (CarpetX):   total evolution compute time:    0.0893419 sec
INFO (CarpetX):   total evolution output time:     7.41482e-05 sec
INFO (CarpetX):   total iterations:                3
INFO (CarpetX):   total cells updated:             12288
INFO (CarpetX):   average iterations per second: 33.551
INFO (CarpetX):   average cell updates per second: 137425
INFO (CarpetX): OutputGH: iteration 4, time 0.015625, run time 1 s
INFO (CarpetX): OutputGH done.
INFO (CarpetX): Simulation time: 0.015625   Iterations per second: 34.1752   Simulation time per second: 0.133497
INFO (CarpetX): Grid cells: 4096   Grid cell updates per second: 139982
INFO (CarpetX): Performance:
INFO (CarpetX):   total evolution time:            0.117044 sec
INFO (CarpetX):   total evolution compute time:    0.116951 sec
INFO (CarpetX):   total evolution output time:     9.29832e-05 sec
INFO (CarpetX):   total iterations:                4
INFO (CarpetX):   total cells updated:             16384
INFO (CarpetX):   average iterations per second: 34.1752
INFO (CarpetX):   average cell updates per second: 139982
INFO (CarpetX): OutputGH: iteration 5, time 0.019531, run time 1 s
INFO (CarpetX): OutputGH done.
INFO (CarpetX): Simulation time: 0.0195312   Iterations per second: 34.5705   Simulation time per second: 0.135041
INFO (CarpetX): Grid cells: 4096   Grid cell updates per second: 141601
INFO (CarpetX): Performance:
INFO (CarpetX):   total evolution time:            0.144632 sec
INFO (CarpetX):   total evolution compute time:    0.144513 sec
INFO (CarpetX):   total evolution output time:     0.000118971 sec
INFO (CarpetX):   total iterations:                5
INFO (CarpetX):   total cells updated:             20480
INFO (CarpetX):   average iterations per second: 34.5705
INFO (CarpetX):   average cell updates per second: 141601
INFO (CarpetX): OutputGH: iteration 6, time 0.023438, run time 1 s
INFO (CarpetX): OutputGH done.
INFO (CarpetX): Simulation time: 0.0234375   Iterations per second: 34.7985   Simulation time per second: 0.135932
INFO (CarpetX): Grid cells: 4096   Grid cell updates per second: 142535
INFO (CarpetX): Performance:
INFO (CarpetX):   total evolution time:            0.172421 sec
INFO (CarpetX):   total evolution compute time:    0.172273 sec
INFO (CarpetX):   total evolution output time:     0.000148058 sec
INFO (CarpetX):   total iterations:                6
INFO (CarpetX):   total cells updated:             24576
INFO (CarpetX):   average iterations per second: 34.7985
INFO (CarpetX):   average cell updates per second: 142535
INFO (CarpetX): OutputGH: iteration 7, time 0.027344, run time 1 s
INFO (CarpetX): OutputGH done.
INFO (CarpetX): Simulation time: 0.0273438   Iterations per second: 34.9916   Simulation time per second: 0.136686
INFO (CarpetX): Grid cells: 4096   Grid cell updates per second: 143326
INFO (CarpetX): Performance:
INFO (CarpetX):   total evolution time:            0.200048 sec
INFO (CarpetX):   total evolution compute time:    0.199879 sec
INFO (CarpetX):   total evolution output time:     0.000169039 sec
INFO (CarpetX):   total iterations:                7
INFO (CarpetX):   total cells updated:             28672
INFO (CarpetX):   average iterations per second: 34.9916
INFO (CarpetX):   average cell updates per second: 143326
INFO (CarpetX): OutputGH: iteration 8, time 0.031250, run time 1 s
INFO (CarpetX): OutputGH done.
INFO (CarpetX): Simulation time: 0.03125   Iterations per second: 35.1286   Simulation time per second: 0.137221
INFO (CarpetX): Grid cells: 4096   Grid cell updates per second: 143887
INFO (CarpetX): Performance:
INFO (CarpetX):   total evolution time:            0.227735 sec
INFO (CarpetX):   total evolution compute time:    0.227546 sec
INFO (CarpetX):   total evolution output time:     0.000189066 sec
INFO (CarpetX):   total iterations:                8
INFO (CarpetX):   total cells updated:             32768
INFO (CarpetX):   average iterations per second: 35.1286
INFO (CarpetX):   average cell updates per second: 143887
INFO (CarpetX): OutputGH: iteration 9, time 0.035156, run time 1 s
INFO (CarpetX): OutputGH done.
INFO (CarpetX): Simulation time: 0.0351562   Iterations per second: 35.2462   Simulation time per second: 0.13768
INFO (CarpetX): Grid cells: 4096   Grid cell updates per second: 144368
INFO (CarpetX): Performance:
INFO (CarpetX):   total evolution time:            0.255347 sec
INFO (CarpetX):   total evolution compute time:    0.255139 sec
INFO (CarpetX):   total evolution output time:     0.000208139 sec
INFO (CarpetX):   total iterations:                9
INFO (CarpetX):   total cells updated:             36864
INFO (CarpetX):   average iterations per second: 35.2462
INFO (CarpetX):   average cell updates per second: 144368
INFO (CarpetX): OutputGH: iteration 10, time 0.039062, run time 1 s
INFO (CarpetX): OutputGH done.
INFO (CarpetX): Simulation time: 0.0390625   Iterations per second: 35.3575   Simulation time per second: 0.138115
INFO (CarpetX): Grid cells: 4096   Grid cell updates per second: 144824
INFO (CarpetX): Performance:
INFO (CarpetX):   total evolution time:            0.282826 sec
INFO (CarpetX):   total evolution compute time:    0.2826 sec
INFO (CarpetX):   total evolution output time:     0.000225306 sec
INFO (CarpetX):   total iterations:                10
INFO (CarpetX):   total cells updated:             40960
INFO (CarpetX):   average iterations per second: 35.3575
INFO (CarpetX):   average cell updates per second: 144824
INFO (CarpetX): OutputGH: iteration 11, time 0.042969, run time 1 s
INFO (CarpetX): OutputGH done.
INFO (CarpetX): Simulation time: 0.0429688   Iterations per second: 35.4399   Simulation time per second: 0.138437
INFO (CarpetX): Grid cells: 4096   Grid cell updates per second: 145162
INFO (CarpetX): Performance:
INFO (CarpetX):   total evolution time:            0.310451 sec
INFO (CarpetX):   total evolution compute time:    0.310205 sec
INFO (CarpetX):   total evolution output time:     0.000246286 sec
INFO (CarpetX):   total iterations:                11
INFO (CarpetX):   total cells updated:             45056
INFO (CarpetX):   average iterations per second: 35.4323
INFO (CarpetX):   average cell updates per second: 145131
INFO (CarpetX): OutputGH: iteration 12, time 0.046875, run time 1 s
INFO (CarpetX): OutputGH done.
INFO (CarpetX): Simulation time: 0.046875   Iterations per second: 35.4892   Simulation time per second: 0.13863
INFO (CarpetX): Grid cells: 4096   Grid cell updates per second: 145364
INFO (CarpetX): Performance:
INFO (CarpetX):   total evolution time:            0.338275 sec
INFO (CarpetX):   total evolution compute time:    0.338007 sec
INFO (CarpetX):   total evolution output time:     0.000268221 sec
INFO (CarpetX):   total iterations:                12
INFO (CarpetX):   total cells updated:             49152
INFO (CarpetX):   average iterations per second: 35.4741
INFO (CarpetX):   average cell updates per second: 145302
INFO (CarpetX): OutputGH: iteration 13, time 0.050781, run time 1 s
INFO (CarpetX): OutputGH done.
INFO (CarpetX): Simulation time: 0.0507812   Iterations per second: 35.5427   Simulation time per second: 0.138838
INFO (CarpetX): Grid cells: 4096   Grid cell updates per second: 145583
INFO (CarpetX): Performance:
INFO (CarpetX):   total evolution time:            0.366029 sec
INFO (CarpetX):   total evolution compute time:    0.365735 sec
INFO (CarpetX):   total evolution output time:     0.000294209 sec
INFO (CarpetX):   total iterations:                13
INFO (CarpetX):   total cells updated:             53248
INFO (CarpetX):   average iterations per second: 35.5163
INFO (CarpetX):   average cell updates per second: 145475
INFO (CarpetX): OutputGH: iteration 14, time 0.054688, run time 1 s
INFO (CarpetX): OutputGH done.
INFO (CarpetX): Simulation time: 0.0546875   Iterations per second: 35.5942   Simulation time per second: 0.13904
INFO (CarpetX): Grid cells: 4096   Grid cell updates per second: 145794
INFO (CarpetX): Performance:
INFO (CarpetX):   total evolution time:            0.393757 sec
INFO (CarpetX):   total evolution compute time:    0.393444 sec
INFO (CarpetX):   total evolution output time:     0.000313044 sec
INFO (CarpetX):   total iterations:                14
INFO (CarpetX):   total cells updated:             57344
INFO (CarpetX):   average iterations per second: 35.5549
INFO (CarpetX):   average cell updates per second: 145633
INFO (CarpetX): OutputGH: iteration 15, time 0.058594, run time 1 s
INFO (CarpetX): OutputGH done.
INFO (CarpetX): Simulation time: 0.0585938   Iterations per second: 35.6161   Simulation time per second: 0.139126
INFO (CarpetX): Grid cells: 4096   Grid cell updates per second: 145884
INFO (CarpetX): Performance:
INFO (CarpetX):   total evolution time:            0.421678 sec
INFO (CarpetX):   total evolution compute time:    0.42134 sec
INFO (CarpetX):   total evolution output time:     0.000338078 sec
INFO (CarpetX):   total iterations:                15
INFO (CarpetX):   total cells updated:             61440
INFO (CarpetX):   average iterations per second: 35.5721
INFO (CarpetX):   average cell updates per second: 145703
INFO (CarpetX): OutputGH: iteration 16, time 0.062500, run time 1 s
INFO (CarpetX): OutputGH done.
INFO (CarpetX): Simulation time: 0.0625   Iterations per second: 35.6215   Simulation time per second: 0.139146
INFO (CarpetX): Grid cells: 4096   Grid cell updates per second: 145905
INFO (CarpetX): Performance:
INFO (CarpetX):   total evolution time:            0.449713 sec
INFO (CarpetX):   total evolution compute time:    0.449348 sec
INFO (CarpetX):   total evolution output time:     0.000365019 sec
INFO (CarpetX):   total iterations:                16
INFO (CarpetX):   total cells updated:             65536
INFO (CarpetX):   average iterations per second: 35.5782
INFO (CarpetX):   average cell updates per second: 145728
INFO (CarpetX): OutputGH: iteration 17, time 0.066406, run time 1 s
INFO (CarpetX): OutputGH done.
INFO (CarpetX): Simulation time: 0.0664062   Iterations per second: 35.6302   Simulation time per second: 0.13918
INFO (CarpetX): Grid cells: 4096   Grid cell updates per second: 145941
INFO (CarpetX): Performance:
INFO (CarpetX):   total evolution time:            0.477718 sec
INFO (CarpetX):   total evolution compute time:    0.477329 sec
INFO (CarpetX):   total evolution output time:     0.000388145 sec
INFO (CarpetX):   total iterations:                17
INFO (CarpetX):   total cells updated:             69632
INFO (CarpetX):   average iterations per second: 35.5859
INFO (CarpetX):   average cell updates per second: 145760
INFO (CarpetX): OutputGH: iteration 18, time 0.070312, run time 1 s
INFO (CarpetX): OutputGH done.
INFO (CarpetX): Simulation time: 0.0703125   Iterations per second: 35.633   Simulation time per second: 0.139191
INFO (CarpetX): Grid cells: 4096   Grid cell updates per second: 145953
INFO (CarpetX): Performance:
INFO (CarpetX):   total evolution time:            0.505762 sec
INFO (CarpetX):   total evolution compute time:    0.505346 sec
INFO (CarpetX):   total evolution output time:     0.00041604 sec
INFO (CarpetX):   total iterations:                18
INFO (CarpetX):   total cells updated:             73728
INFO (CarpetX):   average iterations per second: 35.5899
INFO (CarpetX):   average cell updates per second: 145776
INFO (CarpetX): OutputGH: iteration 19, time 0.074219, run time 1 s
INFO (CarpetX): OutputGH done.
INFO (CarpetX): Simulation time: 0.0742188   Iterations per second: 35.6483   Simulation time per second: 0.139251
INFO (CarpetX): Grid cells: 4096   Grid cell updates per second: 146016
INFO (CarpetX): Performance:
INFO (CarpetX):   total evolution time:            0.533705 sec
INFO (CarpetX):   total evolution compute time:    0.53326 sec
INFO (CarpetX):   total evolution output time:     0.000445127 sec
INFO (CarpetX):   total iterations:                19
INFO (CarpetX):   total cells updated:             77824
INFO (CarpetX):   average iterations per second: 35.6002
INFO (CarpetX):   average cell updates per second: 145818
INFO (CarpetX): OutputGH: iteration 20, time 0.078125, run time 1 s
INFO (CarpetX): OutputGH done.
INFO (CarpetX): Simulation time: 0.078125   Iterations per second: 35.6679   Simulation time per second: 0.139328
INFO (CarpetX): Grid cells: 4096   Grid cell updates per second: 146096
INFO (CarpetX): Performance:
INFO (CarpetX):   total evolution time:            0.561603 sec
INFO (CarpetX):   total evolution compute time:    0.561136 sec
INFO (CarpetX):   total evolution output time:     0.000467062 sec
INFO (CarpetX):   total iterations:                20
INFO (CarpetX):   total cells updated:             81920
INFO (CarpetX):   average iterations per second: 35.6124
INFO (CarpetX):   average cell updates per second: 145868
INFO (CarpetX): OutputGH: iteration 21, time 0.082031, run time 1 s
INFO (CarpetX): OutputGH done.
INFO (CarpetX): Simulation time: 0.0820312   Iterations per second: 35.7114   Simulation time per second: 0.139498
INFO (CarpetX): Grid cells: 4096   Grid cell updates per second: 146274
INFO (CarpetX): Performance:
INFO (CarpetX):   total evolution time:            0.589298 sec
INFO (CarpetX):   total evolution compute time:    0.588807 sec
INFO (CarpetX):   total evolution output time:     0.000491142 sec
INFO (CarpetX):   total iterations:                21
INFO (CarpetX):   total cells updated:             86016
INFO (CarpetX):   average iterations per second: 35.6356
INFO (CarpetX):   average cell updates per second: 145964
INFO (CarpetX): OutputGH: iteration 22, time 0.085938, run time 1 s
INFO (CarpetX): OutputGH done.
INFO (CarpetX): Simulation time: 0.0859375   Iterations per second: 35.7519   Simulation time per second: 0.139656
INFO (CarpetX): Grid cells: 4096   Grid cell updates per second: 146440
INFO (CarpetX): Performance:
INFO (CarpetX):   total evolution time:            0.616983 sec
INFO (CarpetX):   total evolution compute time:    0.616472 sec
INFO (CarpetX):   total evolution output time:     0.000511169 sec
INFO (CarpetX):   total iterations:                22
INFO (CarpetX):   total cells updated:             90112
INFO (CarpetX):   average iterations per second: 35.6574
INFO (CarpetX):   average cell updates per second: 146053
INFO (CarpetX): OutputGH: iteration 23, time 0.089844, run time 1 s
INFO (CarpetX): OutputGH done.
INFO (CarpetX): Simulation time: 0.0898438   Iterations per second: 35.7975   Simulation time per second: 0.139834
INFO (CarpetX): Grid cells: 4096   Grid cell updates per second: 146627
INFO (CarpetX): Performance:
INFO (CarpetX):   total evolution time:            0.644597 sec
INFO (CarpetX):   total evolution compute time:    0.644039 sec
INFO (CarpetX):   total evolution output time:     0.000558138 sec
INFO (CarpetX):   total iterations:                23
INFO (CarpetX):   total cells updated:             94208
INFO (CarpetX):   average iterations per second: 35.6812
INFO (CarpetX):   average cell updates per second: 146150
INFO (CarpetX): OutputGH: iteration 24, time 0.093750, run time 1 s
INFO (CarpetX): OutputGH done.
INFO (CarpetX): Simulation time: 0.09375   Iterations per second: 35.8405   Simulation time per second: 0.140002
INFO (CarpetX): Grid cells: 4096   Grid cell updates per second: 146803
INFO (CarpetX): Performance:
INFO (CarpetX):   total evolution time:            0.672197 sec
INFO (CarpetX):   total evolution compute time:    0.671615 sec
INFO (CarpetX):   total evolution output time:     0.000581264 sec
INFO (CarpetX):   total iterations:                24
INFO (CarpetX):   total cells updated:             98304
INFO (CarpetX):   average iterations per second: 35.7038
INFO (CarpetX):   average cell updates per second: 146243
INFO (CarpetX): OutputGH: iteration 25, time 0.097656, run time 1 s
INFO (CarpetX): OutputGH done.
INFO (CarpetX): Simulation time: 0.0976562   Iterations per second: 35.8869   Simulation time per second: 0.140183
INFO (CarpetX): Grid cells: 4096   Grid cell updates per second: 146993
INFO (CarpetX): Performance:
INFO (CarpetX):   total evolution time:            0.699738 sec
INFO (CarpetX):   total evolution compute time:    0.699139 sec
INFO (CarpetX):   total evolution output time:     0.000598192 sec
INFO (CarpetX):   total iterations:                25
INFO (CarpetX):   total cells updated:             102400
INFO (CarpetX):   average iterations per second: 35.7277
INFO (CarpetX):   average cell updates per second: 146341
INFO (CarpetX): OutputGH: iteration 26, time 0.101562, run time 2 s
INFO (CarpetX): OutputGH done.
INFO (CarpetX): Simulation time: 0.101562   Iterations per second: 35.9162   Simulation time per second: 0.140298
INFO (CarpetX): Grid cells: 4096   Grid cell updates per second: 147113
INFO (CarpetX): Performance:
INFO (CarpetX):   total evolution time:            0.727376 sec
INFO (CarpetX):   total evolution compute time:    0.726749 sec
INFO (CarpetX):   total evolution output time:     0.000626087 sec
INFO (CarpetX):   total iterations:                26
INFO (CarpetX):   total cells updated:             106496
INFO (CarpetX):   average iterations per second: 35.7449
INFO (CarpetX):   average cell updates per second: 146411
INFO (CarpetX): OutputGH: iteration 27, time 0.105469, run time 2 s
INFO (CarpetX): OutputGH done.
INFO (CarpetX): Simulation time: 0.105469   Iterations per second: 35.9244   Simulation time per second: 0.14033
INFO (CarpetX): Grid cells: 4096   Grid cell updates per second: 147146
INFO (CarpetX): Performance:
INFO (CarpetX):   total evolution time:            0.755155 sec
INFO (CarpetX):   total evolution compute time:    0.754501 sec
INFO (CarpetX):   total evolution output time:     0.000653982 sec
INFO (CarpetX):   total iterations:                27
INFO (CarpetX):   total cells updated:             110592
INFO (CarpetX):   average iterations per second: 35.7543
INFO (CarpetX):   average cell updates per second: 146449
INFO (CarpetX): OutputGH: iteration 28, time 0.109375, run time 2 s
INFO (CarpetX): OutputGH done.
INFO (CarpetX): Simulation time: 0.109375   Iterations per second: 35.9044   Simulation time per second: 0.140252
INFO (CarpetX): Grid cells: 4096   Grid cell updates per second: 147064
INFO (CarpetX): Performance:
INFO (CarpetX):   total evolution time:            0.783146 sec
INFO (CarpetX):   total evolution compute time:    0.782461 sec
INFO (CarpetX):   total evolution output time:     0.000684977 sec
INFO (CarpetX):   total iterations:                28
INFO (CarpetX):   total cells updated:             114688
INFO (CarpetX):   average iterations per second: 35.7532
INFO (CarpetX):   average cell updates per second: 146445
INFO (CarpetX): OutputGH: iteration 29, time 0.113281, run time 2 s
INFO (CarpetX): OutputGH done.
INFO (CarpetX): Simulation time: 0.113281   Iterations per second: 35.9102   Simulation time per second: 0.140274
INFO (CarpetX): Grid cells: 4096   Grid cell updates per second: 147088
INFO (CarpetX): Performance:
INFO (CarpetX):   total evolution time:            0.810953 sec
INFO (CarpetX):   total evolution compute time:    0.810244 sec
INFO (CarpetX):   total evolution output time:     0.000709057 sec
INFO (CarpetX):   total iterations:                29
INFO (CarpetX):   total cells updated:             118784
INFO (CarpetX):   average iterations per second: 35.7604
INFO (CarpetX):   average cell updates per second: 146475
INFO (CarpetX): OutputGH: iteration 30, time 0.117188, run time 2 s
INFO (CarpetX): OutputGH done.
INFO (CarpetX): Simulation time: 0.117188   Iterations per second: 35.923   Simulation time per second: 0.140324
INFO (CarpetX): Grid cells: 4096   Grid cell updates per second: 147140
INFO (CarpetX): Performance:
INFO (CarpetX):   total evolution time:            0.838701 sec
INFO (CarpetX):   total evolution compute time:    0.837966 sec
INFO (CarpetX):   total evolution output time:     0.000735044 sec
INFO (CarpetX):   total iterations:                30
INFO (CarpetX):   total cells updated:             122880
INFO (CarpetX):   average iterations per second: 35.7696
INFO (CarpetX):   average cell updates per second: 146512
INFO (CarpetX): OutputGH: iteration 31, time 0.121094, run time 2 s
INFO (CarpetX): OutputGH done.
INFO (CarpetX): Simulation time: 0.121094   Iterations per second: 35.9581   Simulation time per second: 0.140462
INFO (CarpetX): Grid cells: 4096   Grid cell updates per second: 147285
INFO (CarpetX): Performance:
INFO (CarpetX):   total evolution time:            0.866266 sec
INFO (CarpetX):   total evolution compute time:    0.865514 sec
INFO (CarpetX):   total evolution output time:     0.000752211 sec
INFO (CarpetX):   total iterations:                31
INFO (CarpetX):   total cells updated:             126976
INFO (CarpetX):   average iterations per second: 35.7858
INFO (CarpetX):   average cell updates per second: 146579
INFO (CarpetX): OutputGH: iteration 32, time 0.125000, run time 2 s
INFO (CarpetX): OutputGH done.
INFO (CarpetX): Simulation time: 0.125   Iterations per second: 35.9676   Simulation time per second: 0.140498
INFO (CarpetX): Grid cells: 4096   Grid cell updates per second: 147323
INFO (CarpetX): Performance:
INFO (CarpetX):   total evolution time:            0.894003 sec
INFO (CarpetX):   total evolution compute time:    0.893228 sec
INFO (CarpetX):   total evolution output time:     0.000774384 sec
INFO (CarpetX):   total iterations:                32
INFO (CarpetX):   total cells updated:             131072
INFO (CarpetX):   average iterations per second: 35.7941
INFO (CarpetX):   average cell updates per second: 146613
INFO (CarpetX): OutputGH: iteration 33, time 0.128906, run time 2 s
INFO (CarpetX): OutputGH done.
INFO (CarpetX): Simulation time: 0.128906   Iterations per second: 36.0005   Simulation time per second: 0.140627
INFO (CarpetX): Grid cells: 4096   Grid cell updates per second: 147458
INFO (CarpetX): Performance:
INFO (CarpetX):   total evolution time:            0.921552 sec
INFO (CarpetX):   total evolution compute time:    0.920751 sec
INFO (CarpetX):   total evolution output time:     0.000800371 sec
INFO (CarpetX):   total iterations:                33
INFO (CarpetX):   total cells updated:             135168
INFO (CarpetX):   average iterations per second: 35.8092
INFO (CarpetX):   average cell updates per second: 146674
INFO (CarpetX): OutputGH: iteration 34, time 0.132812, run time 2 s
INFO (CarpetX): OutputGH done.
INFO (CarpetX): Simulation time: 0.132812   Iterations per second: 36.02   Simulation time per second: 0.140703
INFO (CarpetX): Grid cells: 4096   Grid cell updates per second: 147538
INFO (CarpetX): Performance:
INFO (CarpetX):   total evolution time:            0.949179 sec
INFO (CarpetX):   total evolution compute time:    0.948354 sec
INFO (CarpetX):   total evolution output time:     0.000824451 sec
INFO (CarpetX):   total iterations:                34
INFO (CarpetX):   total cells updated:             139264
INFO (CarpetX):   average iterations per second: 35.8204
INFO (CarpetX):   average cell updates per second: 146721
INFO (CarpetX): OutputGH: iteration 35, time 0.136719, run time 2 s
INFO (CarpetX): OutputGH done.
INFO (CarpetX): Simulation time: 0.136719   Iterations per second: 36.0397   Simulation time per second: 0.14078
INFO (CarpetX): Grid cells: 4096   Grid cell updates per second: 147619
INFO (CarpetX): Performance:
INFO (CarpetX):   total evolution time:            0.976789 sec
INFO (CarpetX):   total evolution compute time:    0.975939 sec
INFO (CarpetX):   total evolution output time:     0.000849485 sec
INFO (CarpetX):   total iterations:                35
INFO (CarpetX):   total cells updated:             143360
INFO (CarpetX):   average iterations per second: 35.8317
INFO (CarpetX):   average cell updates per second: 146767
INFO (CarpetX): OutputGH: iteration 36, time 0.140625, run time 2 s
INFO (CarpetX): OutputGH done.
INFO (CarpetX): Simulation time: 0.140625   Iterations per second: 36.0574   Simulation time per second: 0.140849
INFO (CarpetX): Grid cells: 4096   Grid cell updates per second: 147691
INFO (CarpetX): Performance:
INFO (CarpetX):   total evolution time:            1.0044 sec
INFO (CarpetX):   total evolution compute time:    1.00353 sec
INFO (CarpetX):   total evolution output time:     0.000870466 sec
INFO (CarpetX):   total iterations:                36
INFO (CarpetX):   total cells updated:             147456
INFO (CarpetX):   average iterations per second: 35.8423
INFO (CarpetX):   average cell updates per second: 146810
INFO (CarpetX): OutputGH: iteration 37, time 0.144531, run time 2 s
INFO (CarpetX): OutputGH done.
INFO (CarpetX): Simulation time: 0.144531   Iterations per second: 36.0688   Simulation time per second: 0.140894
INFO (CarpetX): Grid cells: 4096   Grid cell updates per second: 147738
INFO (CarpetX): Performance:
INFO (CarpetX):   total evolution time:            1.03205 sec
INFO (CarpetX):   total evolution compute time:    1.03115 sec
INFO (CarpetX):   total evolution output time:     0.000893354 sec
INFO (CarpetX):   total iterations:                37
INFO (CarpetX):   total cells updated:             151552
INFO (CarpetX):   average iterations per second: 35.8511
INFO (CarpetX):   average cell updates per second: 146846
INFO (CarpetX): OutputGH: iteration 38, time 0.148438, run time 2 s
INFO (CarpetX): OutputGH done.
INFO (CarpetX): Simulation time: 0.148438   Iterations per second: 36.0899   Simulation time per second: 0.140976
INFO (CarpetX): Grid cells: 4096   Grid cell updates per second: 147824
INFO (CarpetX): Performance:
INFO (CarpetX):   total evolution time:            1.05961 sec
INFO (CarpetX):   total evolution compute time:    1.05869 sec
INFO (CarpetX):   total evolution output time:     0.000916243 sec
INFO (CarpetX):   total iterations:                38
INFO (CarpetX):   total cells updated:             155648
INFO (CarpetX):   average iterations per second: 35.8623
INFO (CarpetX):   average cell updates per second: 146892
INFO (CarpetX): OutputGH: iteration 39, time 0.152344, run time 2 s
INFO (CarpetX): OutputGH done.
INFO (CarpetX): Simulation time: 0.152344   Iterations per second: 36.108   Simulation time per second: 0.141047
INFO (CarpetX): Grid cells: 4096   Grid cell updates per second: 147898
INFO (CarpetX): Performance:
INFO (CarpetX):   total evolution time:            1.08718 sec
INFO (CarpetX):   total evolution compute time:    1.08624 sec
INFO (CarpetX):   total evolution output time:     0.000940084 sec
INFO (CarpetX):   total iterations:                39
INFO (CarpetX):   total cells updated:             159744
INFO (CarpetX):   average iterations per second: 35.8727
INFO (CarpetX):   average cell updates per second: 146934
INFO (CarpetX): OutputGH: iteration 40, time 0.156250, run time 2 s
INFO (CarpetX): OutputGH done.
INFO (CarpetX): Simulation time: 0.15625   Iterations per second: 36.1203   Simulation time per second: 0.141095
INFO (CarpetX): Grid cells: 4096   Grid cell updates per second: 147949
INFO (CarpetX): Performance:
INFO (CarpetX):   total evolution time:            1.11478 sec
INFO (CarpetX):   total evolution compute time:    1.11381 sec
INFO (CarpetX):   total evolution output time:     0.000964165 sec
INFO (CarpetX):   total iterations:                40
INFO (CarpetX):   total cells updated:             163840
INFO (CarpetX):   average iterations per second: 35.8816
INFO (CarpetX):   average cell updates per second: 146971
INFO (CarpetX): OutputGH: iteration 41, time 0.160156, run time 2 s
INFO (CarpetX): OutputGH done.
INFO (CarpetX): Simulation time: 0.160156   Iterations per second: 36.1189   Simulation time per second: 0.141089
INFO (CarpetX): Grid cells: 4096   Grid cell updates per second: 147943
INFO (CarpetX): Performance:
INFO (CarpetX):   total evolution time:            1.14247 sec
INFO (CarpetX):   total evolution compute time:    1.14149 sec
INFO (CarpetX):   total evolution output time:     0.000987053 sec
INFO (CarpetX):   total iterations:                41
INFO (CarpetX):   total cells updated:             167936
INFO (CarpetX):   average iterations per second: 35.887
INFO (CarpetX):   average cell updates per second: 146993
INFO (CarpetX): OutputGH: iteration 42, time 0.164062, run time 2 s
INFO (CarpetX): OutputGH done.
INFO (CarpetX): Simulation time: 0.164062   Iterations per second: 36.1197   Simulation time per second: 0.141093
INFO (CarpetX): Grid cells: 4096   Grid cell updates per second: 147946
INFO (CarpetX): Performance:
INFO (CarpetX):   total evolution time:            1.17015 sec
INFO (CarpetX):   total evolution compute time:    1.16915 sec
INFO (CarpetX):   total evolution output time:     0.00100589 sec
INFO (CarpetX):   total iterations:                42
INFO (CarpetX):   total cells updated:             172032
INFO (CarpetX):   average iterations per second: 35.8927
INFO (CarpetX):   average cell updates per second: 147016
INFO (CarpetX): OutputGH: iteration 43, time 0.167969, run time 2 s
INFO (CarpetX): OutputGH done.
INFO (CarpetX): Simulation time: 0.167969   Iterations per second: 36.1294   Simulation time per second: 0.14113
INFO (CarpetX): Grid cells: 4096   Grid cell updates per second: 147986
INFO (CarpetX): Performance:
INFO (CarpetX):   total evolution time:            1.19777 sec
INFO (CarpetX):   total evolution compute time:    1.19674 sec
INFO (CarpetX):   total evolution output time:     0.00102997 sec
INFO (CarpetX):   total iterations:                43
INFO (CarpetX):   total cells updated:             176128
INFO (CarpetX):   average iterations per second: 35.9002
INFO (CarpetX):   average cell updates per second: 147047
INFO (CarpetX): OutputGH: iteration 44, time 0.171875, run time 2 s
INFO (CarpetX): OutputGH done.
INFO (CarpetX): Simulation time: 0.171875   Iterations per second: 36.1074   Simulation time per second: 0.141044
INFO (CarpetX): Grid cells: 4096   Grid cell updates per second: 147896
INFO (CarpetX): Performance:
INFO (CarpetX):   total evolution time:            1.22561 sec
INFO (CarpetX):   total evolution compute time:    1.22456 sec
INFO (CarpetX):   total evolution output time:     0.00105405 sec
INFO (CarpetX):   total iterations:                44
INFO (CarpetX):   total cells updated:             180224
INFO (CarpetX):   average iterations per second: 35.9004
INFO (CarpetX):   average cell updates per second: 147048
INFO (CarpetX): OutputGH: iteration 45, time 0.175781, run time 2 s
INFO (CarpetX): OutputGH done.
INFO (CarpetX): Simulation time: 0.175781   Iterations per second: 36.1236   Simulation time per second: 0.141108
INFO (CarpetX): Grid cells: 4096   Grid cell updates per second: 147962
INFO (CarpetX): Performance:
INFO (CarpetX):   total evolution time:            1.25318 sec
INFO (CarpetX):   total evolution compute time:    1.25211 sec
INFO (CarpetX):   total evolution output time:     0.00107217 sec
INFO (CarpetX):   total iterations:                45
INFO (CarpetX):   total cells updated:             184320
INFO (CarpetX):   average iterations per second: 35.9085
INFO (CarpetX):   average cell updates per second: 147081
INFO (CarpetX): OutputGH: iteration 46, time 0.179688, run time 2 s
INFO (CarpetX): OutputGH done.
INFO (CarpetX): Simulation time: 0.179688   Iterations per second: 36.1358   Simulation time per second: 0.141155
INFO (CarpetX): Grid cells: 4096   Grid cell updates per second: 148012
INFO (CarpetX): Performance:
INFO (CarpetX):   total evolution time:            1.28077 sec
INFO (CarpetX):   total evolution compute time:    1.27969 sec
INFO (CarpetX):   total evolution output time:     0.00108814 sec
INFO (CarpetX):   total iterations:                46
INFO (CarpetX):   total cells updated:             188416
INFO (CarpetX):   average iterations per second: 35.9158
INFO (CarpetX):   average cell updates per second: 147111
INFO (CarpetX): OutputGH: iteration 47, time 0.183594, run time 2 s
INFO (CarpetX): OutputGH done.
INFO (CarpetX): Simulation time: 0.183594   Iterations per second: 36.127   Simulation time per second: 0.141121
INFO (CarpetX): Grid cells: 4096   Grid cell updates per second: 147976
INFO (CarpetX): Performance:
INFO (CarpetX):   total evolution time:            1.30851 sec
INFO (CarpetX):   total evolution compute time:    1.3074 sec
INFO (CarpetX):   total evolution output time:     0.00111794 sec
INFO (CarpetX):   total iterations:                47
INFO (CarpetX):   total cells updated:             192512
INFO (CarpetX):   average iterations per second: 35.9186
INFO (CarpetX):   average cell updates per second: 147123
INFO (CarpetX): OutputGH: iteration 48, time 0.187500, run time 2 s
INFO (CarpetX): OutputGH done.
INFO (CarpetX): Simulation time: 0.1875   Iterations per second: 36.125   Simulation time per second: 0.141113
INFO (CarpetX): Grid cells: 4096   Grid cell updates per second: 147968
INFO (CarpetX): Performance:
INFO (CarpetX):   total evolution time:            1.33621 sec
INFO (CarpetX):   total evolution compute time:    1.33507 sec
INFO (CarpetX):   total evolution output time:     0.00113893 sec
INFO (CarpetX):   total iterations:                48
INFO (CarpetX):   total cells updated:             196608
INFO (CarpetX):   average iterations per second: 35.9225
INFO (CarpetX):   average cell updates per second: 147139
INFO (CarpetX): OutputGH: iteration 49, time 0.191406, run time 2 s
INFO (CarpetX): OutputGH done.
INFO (CarpetX): Simulation time: 0.191406   Iterations per second: 36.1389   Simulation time per second: 0.141168
INFO (CarpetX): Grid cells: 4096   Grid cell updates per second: 148025
INFO (CarpetX): Performance:
INFO (CarpetX):   total evolution time:            1.36378 sec
INFO (CarpetX):   total evolution compute time:    1.36262 sec
INFO (CarpetX):   total evolution output time:     0.00116086 sec
INFO (CarpetX):   total iterations:                49
INFO (CarpetX):   total cells updated:             200704
INFO (CarpetX):   average iterations per second: 35.9294
INFO (CarpetX):   average cell updates per second: 147167
INFO (CarpetX): OutputGH: iteration 50, time 0.195312, run time 2 s
INFO (CarpetX): OutputGH done.
INFO (CarpetX): Simulation time: 0.195312   Iterations per second: 36.1462   Simulation time per second: 0.141196
INFO (CarpetX): Grid cells: 4096   Grid cell updates per second: 148055
INFO (CarpetX): Performance:
INFO (CarpetX):   total evolution time:            1.3914 sec
INFO (CarpetX):   total evolution compute time:    1.39022 sec
INFO (CarpetX):   total evolution output time:     0.00117588 sec
INFO (CarpetX):   total iterations:                50
INFO (CarpetX):   total cells updated:             204800
INFO (CarpetX):   average iterations per second: 35.935
INFO (CarpetX):   average cell updates per second: 147190
INFO (CarpetX): OutputGH: iteration 51, time 0.199219, run time 2 s
INFO (CarpetX): OutputGH done.
INFO (CarpetX): Simulation time: 0.199219   Iterations per second: 36.1567   Simulation time per second: 0.141237
INFO (CarpetX): Grid cells: 4096   Grid cell updates per second: 148098
INFO (CarpetX): Performance:
INFO (CarpetX):   total evolution time:            1.41898 sec
INFO (CarpetX):   total evolution compute time:    1.41779 sec
INFO (CarpetX):   total evolution output time:     0.00119495 sec
INFO (CarpetX):   total iterations:                51
INFO (CarpetX):   total cells updated:             208896
INFO (CarpetX):   average iterations per second: 35.9412
INFO (CarpetX):   average cell updates per second: 147215
INFO (CarpetX): OutputGH: iteration 52, time 0.203125, run time 2 s
INFO (CarpetX): OutputGH done.
INFO (CarpetX): Simulation time: 0.203125   Iterations per second: 36.159   Simulation time per second: 0.141246
INFO (CarpetX): Grid cells: 4096   Grid cell updates per second: 148107
INFO (CarpetX): Performance:
INFO (CarpetX):   total evolution time:            1.44662 sec
INFO (CarpetX):   total evolution compute time:    1.4454 sec
INFO (CarpetX):   total evolution output time:     0.00122309 sec
INFO (CarpetX):   total iterations:                52
INFO (CarpetX):   total cells updated:             212992
INFO (CarpetX):   average iterations per second: 35.9457
INFO (CarpetX):   average cell updates per second: 147234
INFO (CarpetX): OutputGH: iteration 53, time 0.207031, run time 2 s
INFO (CarpetX): OutputGH done.
INFO (CarpetX): Simulation time: 0.207031   Iterations per second: 36.1548   Simulation time per second: 0.14123
INFO (CarpetX): Grid cells: 4096   Grid cell updates per second: 148090
INFO (CarpetX): Performance:
INFO (CarpetX):   total evolution time:            1.47431 sec
INFO (CarpetX):   total evolution compute time:    1.47307 sec
INFO (CarpetX):   total evolution output time:     0.00124407 sec
INFO (CarpetX):   total iterations:                53
INFO (CarpetX):   total cells updated:             217088
INFO (CarpetX):   average iterations per second: 35.9489
INFO (CarpetX):   average cell updates per second: 147247
INFO (CarpetX): OutputGH: iteration 54, time 0.210938, run time 2 s
INFO (CarpetX): OutputGH done.
INFO (CarpetX): Simulation time: 0.210938   Iterations per second: 36.1649   Simulation time per second: 0.141269
INFO (CarpetX): Grid cells: 4096   Grid cell updates per second: 148132
INFO (CarpetX): Performance:
INFO (CarpetX):   total evolution time:            1.50189 sec
INFO (CarpetX):   total evolution compute time:    1.50063 sec
INFO (CarpetX):   total evolution output time:     0.001266 sec
INFO (CarpetX):   total iterations:                54
INFO (CarpetX):   total cells updated:             221184
INFO (CarpetX):   average iterations per second: 35.9546
INFO (CarpetX):   average cell updates per second: 147270
INFO (CarpetX): OutputGH: iteration 55, time 0.214844, run time 2 s
INFO (CarpetX): OutputGH done.
INFO (CarpetX): Simulation time: 0.214844   Iterations per second: 36.1699   Simulation time per second: 0.141289
INFO (CarpetX): Grid cells: 4096   Grid cell updates per second: 148152
INFO (CarpetX): Performance:
INFO (CarpetX):   total evolution time:            1.52951 sec
INFO (CarpetX):   total evolution compute time:    1.52822 sec
INFO (CarpetX):   total evolution output time:     0.00128603 sec
INFO (CarpetX):   total iterations:                55
INFO (CarpetX):   total cells updated:             225280
INFO (CarpetX):   average iterations per second: 35.9593
INFO (CarpetX):   average cell updates per second: 147289
INFO (CarpetX): OutputGH: iteration 56, time 0.218750, run time 2 s
INFO (CarpetX): OutputGH done.
INFO (CarpetX): Simulation time: 0.21875   Iterations per second: 36.1581   Simulation time per second: 0.141242
INFO (CarpetX): Grid cells: 4096   Grid cell updates per second: 148103
INFO (CarpetX): Performance:
INFO (CarpetX):   total evolution time:            1.55725 sec
INFO (CarpetX):   total evolution compute time:    1.55593 sec
INFO (CarpetX):   total evolution output time:     0.00131512 sec
INFO (CarpetX):   total iterations:                56
INFO (CarpetX):   total cells updated:             229376
INFO (CarpetX):   average iterations per second: 35.9609
INFO (CarpetX):   average cell updates per second: 147296
INFO (CarpetX): OutputGH: iteration 57, time 0.222656, run time 2 s
INFO (CarpetX): OutputGH done.
INFO (CarpetX): Simulation time: 0.222656   Iterations per second: 36.1321   Simulation time per second: 0.141141
INFO (CarpetX): Grid cells: 4096   Grid cell updates per second: 147997
INFO (CarpetX): Performance:
INFO (CarpetX):   total evolution time:            1.5851 sec
INFO (CarpetX):   total evolution compute time:    1.58377 sec
INFO (CarpetX):   total evolution output time:     0.00133491 sec
INFO (CarpetX):   total iterations:                57
INFO (CarpetX):   total cells updated:             233472
INFO (CarpetX):   average iterations per second: 35.9599
INFO (CarpetX):   average cell updates per second: 147292
INFO (CarpetX): OutputGH: iteration 58, time 0.226562, run time 2 s
INFO (CarpetX): OutputGH done.
INFO (CarpetX): Simulation time: 0.226562   Iterations per second: 36.1188   Simulation time per second: 0.141089
INFO (CarpetX): Grid cells: 4096   Grid cell updates per second: 147943
INFO (CarpetX): Performance:
INFO (CarpetX):   total evolution time:            1.61288 sec
INFO (CarpetX):   total evolution compute time:    1.61152 sec
INFO (CarpetX):   total evolution output time:     0.00136185 sec
INFO (CarpetX):   total iterations:                58
INFO (CarpetX):   total cells updated:             237568
INFO (CarpetX):   average iterations per second: 35.9606
INFO (CarpetX):   average cell updates per second: 147294
INFO (CarpetX): OutputGH: iteration 59, time 0.230469, run time 2 s
INFO (CarpetX): OutputGH done.
INFO (CarpetX): Simulation time: 0.230469   Iterations per second: 36.1383   Simulation time per second: 0.141165
INFO (CarpetX): Grid cells: 4096   Grid cell updates per second: 148023
INFO (CarpetX): Performance:
INFO (CarpetX):   total evolution time:            1.64041 sec
INFO (CarpetX):   total evolution compute time:    1.63903 sec
INFO (CarpetX):   total evolution output time:     0.00138497 sec
INFO (CarpetX):   total iterations:                59
INFO (CarpetX):   total cells updated:             241664
INFO (CarpetX):   average iterations per second: 35.9665
INFO (CarpetX):   average cell updates per second: 147319
INFO (CarpetX): OutputGH: iteration 60, time 0.234375, run time 2 s
INFO (CarpetX): OutputGH done.
INFO (CarpetX): Simulation time: 0.234375   Iterations per second: 36.1521   Simulation time per second: 0.141219
INFO (CarpetX): Grid cells: 4096   Grid cell updates per second: 148079
INFO (CarpetX): Performance:
INFO (CarpetX):   total evolution time:            1.66798 sec
INFO (CarpetX):   total evolution compute time:    1.66658 sec
INFO (CarpetX):   total evolution output time:     0.00140405 sec
INFO (CarpetX):   total iterations:                60
INFO (CarpetX):   total cells updated:             245760
INFO (CarpetX):   average iterations per second: 35.9716
INFO (CarpetX):   average cell updates per second: 147340
INFO (CarpetX): OutputGH: iteration 61, time 0.238281, run time 2 s
INFO (CarpetX): OutputGH done.
INFO (CarpetX): Simulation time: 0.238281   Iterations per second: 36.1556   Simulation time per second: 0.141233
INFO (CarpetX): Grid cells: 4096   Grid cell updates per second: 148094
INFO (CarpetX): Performance:
INFO (CarpetX):   total evolution time:            1.69561 sec
INFO (CarpetX):   total evolution compute time:    1.69419 sec
INFO (CarpetX):   total evolution output time:     0.00142312 sec
INFO (CarpetX):   total iterations:                61
INFO (CarpetX):   total cells updated:             249856
INFO (CarpetX):   average iterations per second: 35.9752
INFO (CarpetX):   average cell updates per second: 147354
INFO (CarpetX): OutputGH: iteration 62, time 0.242188, run time 3 s
INFO (CarpetX): OutputGH done.
INFO (CarpetX): Simulation time: 0.242188   Iterations per second: 36.158   Simulation time per second: 0.141242
INFO (CarpetX): Grid cells: 4096   Grid cell updates per second: 148103
INFO (CarpetX): Performance:
INFO (CarpetX):   total evolution time:            1.72325 sec
INFO (CarpetX):   total evolution compute time:    1.72181 sec
INFO (CarpetX):   total evolution output time:     0.00144291 sec
INFO (CarpetX):   total iterations:                62
INFO (CarpetX):   total cells updated:             253952
INFO (CarpetX):   average iterations per second: 35.9784
INFO (CarpetX):   average cell updates per second: 147368
INFO (CarpetX): OutputGH: iteration 63, time 0.246094, run time 3 s
INFO (CarpetX): OutputGH done.
INFO (CarpetX): Simulation time: 0.246094   Iterations per second: 36.1649   Simulation time per second: 0.141269
INFO (CarpetX): Grid cells: 4096   Grid cell updates per second: 148131
INFO (CarpetX): Performance:
INFO (CarpetX):   total evolution time:            1.75086 sec
INFO (CarpetX):   total evolution compute time:    1.74939 sec
INFO (CarpetX):   total evolution output time:     0.00146604 sec
INFO (CarpetX):   total iterations:                63
INFO (CarpetX):   total cells updated:             258048
INFO (CarpetX):   average iterations per second: 35.9823
INFO (CarpetX):   average cell updates per second: 147384
INFO (CarpetX): OutputGH: iteration 64, time 0.250000, run time 3 s
INFO (CarpetX): OutputGH done.
INFO (CarpetX): Simulation time: 0.25   Iterations per second: 11.4016   Simulation time per second: 0.0445376
INFO (CarpetX): Grid cells: 4096   Grid cell updates per second: 46701
INFO (CarpetX): Performance:
INFO (CarpetX):   total evolution time:            2.37907 sec
INFO (CarpetX):   total evolution compute time:    1.78003 sec
INFO (CarpetX):   total evolution output time:     0.599033 sec
INFO (CarpetX):   total iterations:                64
INFO (CarpetX):   total cells updated:             262144
INFO (CarpetX):   average iterations per second: 26.9013
INFO (CarpetX):   average cell updates per second: 110188
INFO (CarpetX): Shutting down...
AMReX (25.11) finalized
--------------------------------------------------------------------------------
Done.
+ echo Stopping:
Stopping:
+ date
Tue Sep  8 02:06:05 UTC 2026
+ echo Done.
Done.
  Elapsed time: 3.7 s
