/home/runner/simulations/TestJob01_temp_2/output-0000/TEST/sim/CanudaX_BSSNMoL
Preparing:
+ set -e
+ cd output-0000-active
+ echo Checking:
Checking:
+ pwd
/home/runner/simulations/TestJob01_temp_2/output-0000/TEST/sim/CanudaX_BSSNMoL/output-0000-active
+ hostname
runnervm8df0l
+ date
Sun Oct  4 19:09:45 UTC 2026
+ echo Environment:
Environment:
+ export CACTUS_NUM_PROCS=2
+ CACTUS_NUM_PROCS=2
+ export CACTUS_NUM_THREADS=1
+ CACTUS_NUM_THREADS=1
+ export GMON_OUT_PREFIX=gmon.out
+ GMON_OUT_PREFIX=gmon.out
+ export OMP_NUM_THREADS=1
+ OMP_NUM_THREADS=1
+ env
+ sort
+ echo Starting:
Starting:
++ date +%s
+ export CACTUS_STARTTIME=1791140985
+ CACTUS_STARTTIME=1791140985
+ '[' 2 = 1 ']'
+ mpirun -np 2 /home/runner/simulations/TestJob01_temp_2/SIMFACTORY/exe/cactus_sim -L 3 /home/runner/simulations/TestJob01_temp_2/output-0000/arrangements/CanudaX/CanudaX_BSSNMoL/test/gaugewave.par
INFO (Cactus): Increased logging level from 0 to 3
--------------------------------------------------------------------------------

       10                                  
  1   0101       ************************  
  01  1010 10      The Cactus Code V4.20.0    
 1010 1101 011      www.cactuscode.org     
  1001 100101    ************************  
    00010101                               
     100011     (c) Copyright The Authors  
      0100      GNU Licensed. No Warranty  
      0101                                 
--------------------------------------------------------------------------------

Cactus version:    4.20.0
Compile date:      Oct 04 2026 (18:46:15)
Run date:          Oct 04 2026 (19:09:46+0000)
Run host:          runnervm8df0l.dv0dfyhyrulupj4bql4di5djnb.ex.internal.cloudapp.net (pid=176557)
Working directory: /home/runner/simulations/TestJob01_temp_2/output-0000/TEST/sim/CanudaX_BSSNMoL
Executable:        /home/runner/simulations/TestJob01_temp_2/SIMFACTORY/exe/cactus_sim
Parameter file:    /home/runner/simulations/TestJob01_temp_2/output-0000/arrangements/CanudaX/CanudaX_BSSNMoL/test/gaugewave.par
--------------------------------------------------------------------------------

Activating thorn Cactus...Success -> active implementation Cactus
Activation requested for 
--->ADMBaseX CanudaX_BSSNMoL CanudaX_ExactID CarpetX IOUtil ODESolvers TmunuBaseX<---
Thorn ADMBaseX requests automatic activation of Loop
Thorn CarpetX requests automatic activation of AMReX
Thorn CarpetX requests automatic activation of MPI
Thorn CarpetX requests automatic activation of yaml_cpp
Thorn CarpetX requests automatic activation of zlib
Thorn CarpetX requests automatic activation of Arith
Thorn CarpetX requests automatic activation of CarpetXRegrid
Thorn CarpetX requests automatic activation of ADIOS2
Thorn CarpetX requests automatic activation of openPMD
Thorn CarpetX requests automatic activation of Silo
Thorn ADIOS2 requests automatic activation of CMake
Thorn Arith requests automatic activation of NSIMD
Thorn MPI requests automatic activation of hwloc
Thorn openPMD requests automatic activation of HDF5
Activating thorn ADIOS2...Success -> active implementation ADIOS2
Activating thorn ADMBaseX...Success -> active implementation ADMBaseX
Activating thorn AMReX...Success -> active implementation AMReX
Activating thorn Arith...Success -> active implementation Arith
Activating thorn CanudaX_BSSNMoL...Success -> active implementation CanudaX_BSSNMoL
Activating thorn CanudaX_ExactID...Success -> active implementation CanudaX_ExactID
Activating thorn CarpetX...Success -> active implementation Driver
Activating thorn CarpetXRegrid...Success -> active implementation CarpetXRegrid
Activating thorn CMake...Success -> active implementation CMake
Activating thorn HDF5...Success -> active implementation HDF5
Activating thorn hwloc...Success -> active implementation hwloc
Activating thorn IOUtil...Success -> active implementation IO
Activating thorn Loop...Success -> active implementation Loop
Activating thorn MPI...Success -> active implementation MPI
Activating thorn NSIMD...Success -> active implementation NSIMD
Activating thorn ODESolvers...Success -> active implementation ODESolvers
Activating thorn openPMD...Success -> active implementation openPMD
Activating thorn Silo...Success -> active implementation Silo
Activating thorn TmunuBaseX...Success -> active implementation TmunuBaseX
Activating thorn yaml_cpp...Success -> active implementation yaml_cpp
Activating thorn zlib...Success -> active implementation zlib
--------------------------------------------------------------------------------
  if (recover initial data)
    Recover parameters
  endif

  Startup routines
    [CCTK_STARTUP]
      CarpetX::Driver_Startup: Start up the driver
      IOUtil::IOUtil_Startup: Startup routine
      GROUP hwloc_startup: hwloc startup group
        hwloc::hwloc_version: Output hwloc version

  Startup routines which need an existing grid hierarchy
    [CCTK_WRAGH]
      Arith::Test_cplx: [meta] Test complex numbers
      Arith::Test_smallvector: [meta] Test small vectors
      Arith::Test_spvect: [meta] Test sparse vectors
      ODESolvers::ODESolvers_InitConstants: [global] Set up dummy loop counters for schedule printout
  Parameter checking routines
    [CCTK_PARAMCHECK]
      CanudaX_BSSNMoL::CanudaX_BSSNMoL_paramcheck: Check CanudaX_BSSNMoL parameters for consistency

  Initialisation
    if (NOT (recover initial data AND recovery_mode is 'strict'))
      [CCTK_PREREGRIDINITIAL]
      Set up grid hierarchy
      [CCTK_POSTREGRIDINITIAL]
      [CCTK_BASEGRID]
        CarpetXRegrid::CarpetXRegrid_InitError: Initialize regridding error to zero
        GROUP ODESolvers_BaseGrid: Set up constants (e.g. coordinates) everywhere on the grid
      [CCTK_INITIAL]
        GROUP TmunuBaseX_SetTmunuVars: Schedule group for setting T_munu
          TmunuBaseX::TmunuBaseX_ZeroTmunu: Set T_munu to zero
          GROUP TmunuBaseX_AddToTmunu: Add to T_munu here
        GROUP ODESolvers_Initial: Set up initial conditions on interior of state vector
          GROUP ADMBaseX_InitialData: Schedule group for calculating ADM initial data
            GROUP CanudaX_ExactIDGroup: CanudaX_ExactID group for setting up initial data
              CanudaX_ExactID::CanudaX_ExactID_GaugeWave: [local] Create gauge wave initial data
          GROUP ADMBaseX_InitialGauge: Schedule group for the ADM initial gauge condition
            ADMBaseX::ADMBaseX_initial_dtlapse: Set dtlapse to zero
            ADMBaseX::ADMBaseX_initial_dtshift: Set dtshift to zero
          GROUP ADMBaseX_PostInitial: Schedule group for modifying the ADM initial data, such as e.g. adding noise
        GROUP CanudaX_BSSNMoL_InitialGroup: CanudaX_BSSNMoL: initial bin
          CanudaX_BSSNMoL::CanudaX_BSSNMoL_adm2bssn: [local] Convert initial data into BSSN variables
          CanudaX_BSSNMoL::CanudaX_BSSNMoL_gammat: [local] Set Gammat initial data
      [CCTK_POSTINITIAL]
        GROUP ODESolvers_PostStep: Apply boundary conditions to state vector, and project if necessary
          GROUP CanudaX_BSSNMoL_PostStepGroup: CanudaX_BSSNMoL: post-step operations
            CanudaX_BSSNMoL::CanudaX_BSSNMoL_impose_conf_fac_floor: Make sure conformal factor does not drop below specified value
            CanudaX_BSSNMoL::CanudaX_BSSNMoL_reset_detmetric: reset dethh = 1
            CanudaX_BSSNMoL::CanudaX_BSSNMoL_remove_trA: Remove trace of A
            CanudaX_BSSNMoL::CanudaX_BSSNMoL_sync: [global] Sync state vector
            CanudaX_BSSNMoL::CanudaX_BSSNMoL_bssn2adm: [local] Convert variables back to the ADM ones
          GROUP ADMBaseX_SetADMRHS: Set ADM RHS variables in this group
          GROUP ADMBaseX_SetADMVars: Set ADM variables in this group
          GROUP TmunuBaseX_SetTmunuVars: Schedule group for setting T_munu
            TmunuBaseX::TmunuBaseX_ZeroTmunu: Set T_munu to zero
            GROUP TmunuBaseX_AddToTmunu: Add to T_munu here
        GROUP ODESolvers_EstimateError: Estimate discretization error (for regridding)
      Initialise finer grids recursively
      Restrict from finer grids
      [CCTK_POSTRESTRICTINITIAL]
      [CCTK_POSTPOSTINITIAL]
      [CCTK_POSTSTEP]
        GROUP ODESolvers_EstimateError: Estimate discretization error (for regridding)
    endif
    if (recover initial data)
      [CCTK_BASEGRID]
        CarpetXRegrid::CarpetXRegrid_InitError: Initialize regridding error to zero
        GROUP ODESolvers_BaseGrid: Set up constants (e.g. coordinates) everywhere on the grid
      [CCTK_RECOVER_VARIABLES]
      [CCTK_POST_RECOVER_VARIABLES]
        GROUP ODESolvers_PostStep: Apply boundary conditions to state vector, and project if necessary
          GROUP CanudaX_BSSNMoL_PostStepGroup: CanudaX_BSSNMoL: post-step operations
            CanudaX_BSSNMoL::CanudaX_BSSNMoL_impose_conf_fac_floor: Make sure conformal factor does not drop below specified value
            CanudaX_BSSNMoL::CanudaX_BSSNMoL_reset_detmetric: reset dethh = 1
            CanudaX_BSSNMoL::CanudaX_BSSNMoL_remove_trA: Remove trace of A
            CanudaX_BSSNMoL::CanudaX_BSSNMoL_sync: [global] Sync state vector
            CanudaX_BSSNMoL::CanudaX_BSSNMoL_bssn2adm: [local] Convert variables back to the ADM ones
          GROUP ADMBaseX_SetADMRHS: Set ADM RHS variables in this group
          GROUP ADMBaseX_SetADMVars: Set ADM variables in this group
          GROUP TmunuBaseX_SetTmunuVars: Schedule group for setting T_munu
            TmunuBaseX::TmunuBaseX_ZeroTmunu: Set T_munu to zero
            GROUP TmunuBaseX_AddToTmunu: Add to T_munu here
        GROUP ODESolvers_EstimateError: Estimate discretization error (for regridding)
    endif
    if (checkpoint initial data)
      [CCTK_CPINITIAL]
        CarpetX::CarpetX_CheckpointInitial: [meta] Checkpoint initial conditions
    endif
    if (analysis)
      [CCTK_ANALYSIS]
        CanudaX_BSSNMoL::CanudaX_BSSNMoL_bssn_constraints: Compute constraints
        GROUP ODESolvers_Analysis: Calculate analysis quantities everywhere
  endif
  Output grid variables

  do loop over timesteps
    [CCTK_PREREGRID]
    Change grid hierarchy
    [CCTK_POSTREGRID]
      GROUP ODESolvers_PostStep: Apply boundary conditions to state vector, and project if necessary
        GROUP CanudaX_BSSNMoL_PostStepGroup: CanudaX_BSSNMoL: post-step operations
          CanudaX_BSSNMoL::CanudaX_BSSNMoL_impose_conf_fac_floor: Make sure conformal factor does not drop below specified value
          CanudaX_BSSNMoL::CanudaX_BSSNMoL_reset_detmetric: reset dethh = 1
          CanudaX_BSSNMoL::CanudaX_BSSNMoL_remove_trA: Remove trace of A
          CanudaX_BSSNMoL::CanudaX_BSSNMoL_sync: [global] Sync state vector
          CanudaX_BSSNMoL::CanudaX_BSSNMoL_bssn2adm: [local] Convert variables back to the ADM ones
        GROUP ADMBaseX_SetADMRHS: Set ADM RHS variables in this group
        GROUP ADMBaseX_SetADMVars: Set ADM variables in this group
        GROUP TmunuBaseX_SetTmunuVars: Schedule group for setting T_munu
          TmunuBaseX::TmunuBaseX_ZeroTmunu: Set T_munu to zero
          GROUP TmunuBaseX_AddToTmunu: Add to T_munu here
    Rotate timelevels
    iteration = iteration+1
    t = t+dt
    [CCTK_PRESTEP]
    [CCTK_EVOL]
      ODESolvers::ODESolvers_Solve: [level] Solve ODEs
      while (ODESolvers::do_substeps)
        GROUP ODESolvers_CalledBySolve: Groups internally scheduled by ODESolvers_Solve
          GROUP ODESolvers_RHS: Evaluate the RHS for of state vector everywhere on the grid
            GROUP CanudaX_BSSNMoL_RHSGroup: CanudaX_BSSNMoL: calculate BSSN RHS
              CanudaX_BSSNMoL::CanudaX_BSSNMoL_calc_bssn_rhs: MoL RHS calculation
              CanudaX_BSSNMoL::CanudaX_BSSNMoL_apply_boundary_conditions: Apply radiative boundary conditions 
          GROUP ODESolvers_PostStep: Apply boundary conditions to state vector, and project if necessary
            GROUP CanudaX_BSSNMoL_PostStepGroup: CanudaX_BSSNMoL: post-step operations
              CanudaX_BSSNMoL::CanudaX_BSSNMoL_impose_conf_fac_floor: Make sure conformal factor does not drop below specified value
              CanudaX_BSSNMoL::CanudaX_BSSNMoL_reset_detmetric: reset dethh = 1
              CanudaX_BSSNMoL::CanudaX_BSSNMoL_remove_trA: Remove trace of A
              CanudaX_BSSNMoL::CanudaX_BSSNMoL_sync: [global] Sync state vector
              CanudaX_BSSNMoL::CanudaX_BSSNMoL_bssn2adm: [local] Convert variables back to the ADM ones
            GROUP ADMBaseX_SetADMRHS: Set ADM RHS variables in this group
            GROUP ADMBaseX_SetADMVars: Set ADM variables in this group
            GROUP TmunuBaseX_SetTmunuVars: Schedule group for setting T_munu
              TmunuBaseX::TmunuBaseX_ZeroTmunu: Set T_munu to zero
              GROUP TmunuBaseX_AddToTmunu: Add to T_munu here
      end while
    Evolve finer grids recursively
    Restrict from finer grids
    [CCTK_POSTRESTRICT]
      GROUP ODESolvers_PostStep: Apply boundary conditions to state vector, and project if necessary
        GROUP CanudaX_BSSNMoL_PostStepGroup: CanudaX_BSSNMoL: post-step operations
          CanudaX_BSSNMoL::CanudaX_BSSNMoL_impose_conf_fac_floor: Make sure conformal factor does not drop below specified value
          CanudaX_BSSNMoL::CanudaX_BSSNMoL_reset_detmetric: reset dethh = 1
          CanudaX_BSSNMoL::CanudaX_BSSNMoL_remove_trA: Remove trace of A
          CanudaX_BSSNMoL::CanudaX_BSSNMoL_sync: [global] Sync state vector
          CanudaX_BSSNMoL::CanudaX_BSSNMoL_bssn2adm: [local] Convert variables back to the ADM ones
        GROUP ADMBaseX_SetADMRHS: Set ADM RHS variables in this group
        GROUP ADMBaseX_SetADMVars: Set ADM variables in this group
        GROUP TmunuBaseX_SetTmunuVars: Schedule group for setting T_munu
          TmunuBaseX::TmunuBaseX_ZeroTmunu: Set T_munu to zero
          GROUP TmunuBaseX_AddToTmunu: Add to T_munu here
    [CCTK_POSTSTEP]
      GROUP ODESolvers_EstimateError: Estimate discretization error (for regridding)
    if (checkpoint)
      [CCTK_CHECKPOINT]
      CarpetX::CarpetX_Checkpoint: [meta] Checkpoint
    endif
    if (analysis)
      [CCTK_ANALYSIS]
      CanudaX_BSSNMoL::CanudaX_BSSNMoL_bssn_constraints: Compute constraints
      GROUP ODESolvers_Analysis: Calculate analysis quantities everywhere
    endif
    Output grid variables
    enddo

  Termination routines
    [CCTK_TERMINATE]
      CarpetX::CarpetX_CheckpointTerminate: [meta] Checkpoint before terminating

  Shutdown routines
    [CCTK_SHUTDOWN]
      CarpetX::Driver_Shutdown: [meta] Shut down the driver

  Routines run after changing the grid hierarchy:
    [CCTK_POSTREGRID]
      GROUP ODESolvers_PostStep: Apply boundary conditions to state vector, and project if necessary
        GROUP CanudaX_BSSNMoL_PostStepGroup: CanudaX_BSSNMoL: post-step operations
          CanudaX_BSSNMoL::CanudaX_BSSNMoL_impose_conf_fac_floor: Make sure conformal factor does not drop below specified value
          CanudaX_BSSNMoL::CanudaX_BSSNMoL_reset_detmetric: reset dethh = 1
          CanudaX_BSSNMoL::CanudaX_BSSNMoL_remove_trA: Remove trace of A
          CanudaX_BSSNMoL::CanudaX_BSSNMoL_sync: [global] Sync state vector
          CanudaX_BSSNMoL::CanudaX_BSSNMoL_bssn2adm: [local] Convert variables back to the ADM ones
        GROUP ADMBaseX_SetADMRHS: Set ADM RHS variables in this group
        GROUP ADMBaseX_SetADMVars: Set ADM variables in this group
        GROUP TmunuBaseX_SetTmunuVars: Schedule group for setting T_munu
          TmunuBaseX::TmunuBaseX_ZeroTmunu: Set T_munu to zero
          GROUP TmunuBaseX_AddToTmunu: Add to T_munu here
--------------------------------------------------------------------------------
INFO (hwloc): library version 2.10.0, API version 0x20800
--------------------------------------------------------------------------------

  [34m  ▕▏  [34m  ▕▏  [34m  ▕▏  [34m  ▕▏  [34m  ▕▏  [34m  ▕▏  [34m  ▕▏  [34m  ▕▏  [34m  ▕▏  [39m  
  [34m──██──[34m──██──[34m──██──[34m──██──[34m──██──[34m──██──[34m──██──[34m──██──[34m──██──[39m  
  [34m  ▕▏  [34m  ▕▏  [34m  ▕▏  [34m  ▕▏  [34m  ▕▏  [34m  ▕▏  [34m  ▕▏  [34m  ▕▏  [34m  ▕▏  [39m  
  [34m  ▕▏  [32m██████[34m  ▕▏  [34m  ▕▏  [32m██████[34m  ▕▏  [34m  ▕▏  [32m██████[34m  ▕▏  [39m  
  [34m──██──[32m██████[34m──██──[34m──██──[32m██████[34m──██──[34m──██──[32m██████[34m──██──[39m  
  [34m  ▕▏  [32m██████[34m  ▕▏  [34m  ▕▏  [32m██████[34m  ▕▏  [34m  ▕▏  [32m██████[34m  ▕▏  [39m  
  [34m  ▕▏  [34m  ▕▏  [34m  ▕▏  [34m  ▕▏  [34m  ▕▏  [34m  ▕▏  [34m  ▕▏  [34m  ▕▏  [34m  ▕▏  [39m  
  [34m──██──[34m──██──[34m──██──[34m──██──[34m──██──[34m──██──[34m──██──[34m──██──[34m──██──[39m  
  [34m  ▕▏  [34m  ▕▏  [34m  ▕▏  [34m  ▕▏  [34m  ▕▏  [34m  ▕▏  [34m  ▕▏  [34m  ▕▏  [34m  ▕▏  [39m  
  [34m  ▕▏  [34m  ▕▏  [34m  ▕▏  [31m██████[31m██████[31m██████[34m  ▕▏  [34m  ▕▏  [34m  ▕▏  [39m  
  [34m──██──[34m──██──[34m──██──[31m██████[31m██████[31m██████[34m──██──[34m──██──[34m──██──[39m  
  [34m  ▕▏  [34m  ▕▏  [34m  ▕▏  [31m██████[31m██████[31m██████[34m  ▕▏  [34m  ▕▏  [34m  ▕▏  [39m  
  [34m  ▕▏  [32m██████[34m  ▕▏  [31m██████[31m██████[31m██████[34m  ▕▏  [32m██████[34m  ▕▏  [39m  
  [34m──██──[32m██████[34m──██──[31m██████[31m██████[31m██████[34m──██──[32m██████[34m──██──[39m  
  [34m  ▕▏  [32m██████[34m  ▕▏  [31m██████[31m██████[31m██████[34m  ▕▏  [32m██████[34m  ▕▏  [39m  
  [34m  ▕▏  [34m  ▕▏  [34m  ▕▏  [31m██████[31m██████[31m██████[34m  ▕▏  [34m  ▕▏  [34m  ▕▏  [39m  
  [34m──██──[34m──██──[34m──██──[31m██████[31m██████[31m██████[34m──██──[34m──██──[34m──██──[39m  
  [34m  ▕▏  [34m  ▕▏  [34m  ▕▏  [31m██████[31m██████[31m██████[34m  ▕▏  [34m  ▕▏  [34m  ▕▏  [39m  
  [34m  ▕▏  [34m  ▕▏  [34m  ▕▏  [34m  ▕▏  [34m  ▕▏  [34m  ▕▏  [34m  ▕▏  [34m  ▕▏  [34m  ▕▏  [39m  
  [34m──██──[34m──██──[34m──██──[34m──██──[34m──██──[34m──██──[34m──██──[34m──██──[34m──██──[39m  
  [34m  ▕▏  [34m  ▕▏  [34m  ▕▏  [34m  ▕▏  [34m  ▕▏  [34m  ▕▏  [34m  ▕▏  [34m  ▕▏  [34m  ▕▏  [39m  
  [34m  ▕▏  [32m██████[34m  ▕▏  [34m  ▕▏  [32m██████[34m  ▕▏  [34m  ▕▏  [32m██████[34m  ▕▏  [39m  
  [34m──██──[32m██████[34m──██──[34m──██──[32m██████[34m──██──[34m──██──[32m██████[34m──██──[39m  
  [34m  ▕▏  [32m██████[34m  ▕▏  [34m  ▕▏  [32m██████[34m  ▕▏  [34m  ▕▏  [32m██████[34m  ▕▏  [39m  
  [34m  ▕▏  [34m  ▕▏  [34m  ▕▏  [34m  ▕▏  [34m  ▕▏  [34m  ▕▏  [34m  ▕▏  [34m  ▕▏  [34m  ▕▏  [39m  
  [34m──██──[34m──██──[34m──██──[34m──██──[34m──██──[34m──██──[34m──██──[34m──██──[34m──██──[39m  
  [34m  ▕▏  [34m  ▕▏  [34m  ▕▏  [34m  ▕▏  [34m  ▕▏  [34m  ▕▏  [34m  ▕▏  [34m  ▕▏  [34m  ▕▏  [39m  

AMR driver provided by CarpetX,
using AMReX 25.11 (MPI, OpenMP, no accelerators, debug)
--------------------------------------------------------------------------------

Initializing AMReX (25.11)...
MPI initialized with 2 MPI processes
MPI initialized with thread support level 2
OMP initialized with 1 OMP threads
AMReX (25.11) initialized
INFO (CarpetX): 
Symmetries:
  lower x: periodic
  lower y: periodic
  lower z: periodic
  upper x: periodic
  upper y: periodic
  upper z: periodic
Default boundaries:
  lower x: symmetry_boundary
  lower y: symmetry_boundary
  lower z: symmetry_boundary
  upper x: symmetry_boundary
  upper y: symmetry_boundary
  upper z: symmetry_boundary
INFO (Arith): Test_cplx
INFO (Arith): Test_smallvector
INFO (Arith): Test_spvect
INFO (CarpetX): Setting initial values for max_grid_size values for all levels
INFO (CarpetX): Setting up initial conditions...
INFO (CarpetX): Iteration: 0   time: 0   delta_time: 0.00390625
INFO (CarpetX): Patch 0:
INFO (CarpetX):   Grid extent:
INFO (CarpetX):     gsh=[71,15,15]
INFO (CarpetX):     blocking_factor=[8,8,8]
INFO (CarpetX):     max_grid_size=[10000000,10000000,10000000]
INFO (CarpetX):     max_tile_size=[1024000,16,32]
INFO (CarpetX):   Domain extent:
INFO (CarpetX):     xmin=[-0.5,-0.0625,-0.0625]
INFO (CarpetX):     xmax=[0.5,0.0625,0.0625]
INFO (CarpetX):     base dx=[0.015625,0.015625,0.015625]
INFO (CarpetX): Initializing level 0...
INFO (CanudaX_ExactID): Begin Gauge Wave initial data
INFO (CanudaX_ExactID): === End gauge wave initial data ===
INFO (CarpetX): Regridding...
INFO (CarpetX):   level 0: 2 boxes, 4096 cells (100%)
INFO (CarpetX): Initialized 1 levels
INFO (CarpetX): OutputGH: iteration 0, time 0.000000, run time 1 s
INFO (CarpetX): OutputGH done.
INFO (CarpetX): Starting evolution...
INFO (ODESolvers): ODE integrator is RK4
INFO (CarpetX): OutputGH: iteration 1, time 0.003906, run time 1 s
INFO (CarpetX): OutputGH done.
INFO (CarpetX): Simulation time: 0.00390625   Iterations per second: 33.8329   Simulation time per second: 0.13216
INFO (CarpetX): Grid cells: 4096   Grid cell updates per second: 138580
INFO (CarpetX): Performance:
INFO (CarpetX):   total evolution time:            0.029557 sec
INFO (CarpetX):   total evolution compute time:    0.0295339 sec
INFO (CarpetX):   total evolution output time:     2.31266e-05 sec
INFO (CarpetX):   total iterations:                1
INFO (CarpetX):   total cells updated:             4096
INFO (CarpetX):   average iterations per second: 33.8329
INFO (CarpetX):   average cell updates per second: 138580
INFO (CarpetX): OutputGH: iteration 2, time 0.007812, run time 1 s
INFO (CarpetX): OutputGH done.
INFO (CarpetX): Simulation time: 0.0078125   Iterations per second: 35.1339   Simulation time per second: 0.137242
INFO (CarpetX): Grid cells: 4096   Grid cell updates per second: 143909
INFO (CarpetX): Performance:
INFO (CarpetX):   total evolution time:            0.0569251 sec
INFO (CarpetX):   total evolution compute time:    0.0568788 sec
INFO (CarpetX):   total evolution output time:     4.62532e-05 sec
INFO (CarpetX):   total iterations:                2
INFO (CarpetX):   total cells updated:             8192
INFO (CarpetX):   average iterations per second: 35.1339
INFO (CarpetX):   average cell updates per second: 143909
INFO (CarpetX): OutputGH: iteration 3, time 0.011719, run time 1 s
INFO (CarpetX): OutputGH done.
INFO (CarpetX): Simulation time: 0.0117188   Iterations per second: 35.6617   Simulation time per second: 0.139304
INFO (CarpetX): Grid cells: 4096   Grid cell updates per second: 146070
INFO (CarpetX): Performance:
INFO (CarpetX):   total evolution time:            0.0841238 sec
INFO (CarpetX):   total evolution compute time:    0.0840578 sec
INFO (CarpetX):   total evolution output time:     6.60419e-05 sec
INFO (CarpetX):   total iterations:                3
INFO (CarpetX):   total cells updated:             12288
INFO (CarpetX):   average iterations per second: 35.6617
INFO (CarpetX):   average cell updates per second: 146070
INFO (CarpetX): OutputGH: iteration 4, time 0.015625, run time 1 s
INFO (CarpetX): OutputGH done.
INFO (CarpetX): Simulation time: 0.015625   Iterations per second: 35.9331   Simulation time per second: 0.140364
INFO (CarpetX): Grid cells: 4096   Grid cell updates per second: 147182
INFO (CarpetX): Performance:
INFO (CarpetX):   total evolution time:            0.111318 sec
INFO (CarpetX):   total evolution compute time:    0.111227 sec
INFO (CarpetX):   total evolution output time:     9.10759e-05 sec
INFO (CarpetX):   total iterations:                4
INFO (CarpetX):   total cells updated:             16384
INFO (CarpetX):   average iterations per second: 35.9331
INFO (CarpetX):   average cell updates per second: 147182
INFO (CarpetX): OutputGH: iteration 5, time 0.019531, run time 1 s
INFO (CarpetX): OutputGH done.
INFO (CarpetX): Simulation time: 0.0195312   Iterations per second: 36.1068   Simulation time per second: 0.141042
INFO (CarpetX): Grid cells: 4096   Grid cell updates per second: 147893
INFO (CarpetX): Performance:
INFO (CarpetX):   total evolution time:            0.138478 sec
INFO (CarpetX):   total evolution compute time:    0.138363 sec
INFO (CarpetX):   total evolution output time:     0.000115156 sec
INFO (CarpetX):   total iterations:                5
INFO (CarpetX):   total cells updated:             20480
INFO (CarpetX):   average iterations per second: 36.1068
INFO (CarpetX):   average cell updates per second: 147893
INFO (CarpetX): OutputGH: iteration 6, time 0.023438, run time 1 s
INFO (CarpetX): OutputGH done.
INFO (CarpetX): Simulation time: 0.0234375   Iterations per second: 36.2465   Simulation time per second: 0.141588
INFO (CarpetX): Grid cells: 4096   Grid cell updates per second: 148466
INFO (CarpetX): Performance:
INFO (CarpetX):   total evolution time:            0.165533 sec
INFO (CarpetX):   total evolution compute time:    0.165398 sec
INFO (CarpetX):   total evolution output time:     0.000135183 sec
INFO (CarpetX):   total iterations:                6
INFO (CarpetX):   total cells updated:             24576
INFO (CarpetX):   average iterations per second: 36.2465
INFO (CarpetX):   average cell updates per second: 148466
INFO (CarpetX): OutputGH: iteration 7, time 0.027344, run time 1 s
INFO (CarpetX): OutputGH done.
INFO (CarpetX): Simulation time: 0.0273438   Iterations per second: 36.3306   Simulation time per second: 0.141916
INFO (CarpetX): Grid cells: 4096   Grid cell updates per second: 148810
INFO (CarpetX): Performance:
INFO (CarpetX):   total evolution time:            0.192675 sec
INFO (CarpetX):   total evolution compute time:    0.192515 sec
INFO (CarpetX):   total evolution output time:     0.000160217 sec
INFO (CarpetX):   total iterations:                7
INFO (CarpetX):   total cells updated:             28672
INFO (CarpetX):   average iterations per second: 36.3306
INFO (CarpetX):   average cell updates per second: 148810
INFO (CarpetX): OutputGH: iteration 8, time 0.031250, run time 1 s
INFO (CarpetX): OutputGH done.
INFO (CarpetX): Simulation time: 0.03125   Iterations per second: 36.3974   Simulation time per second: 0.142177
INFO (CarpetX): Grid cells: 4096   Grid cell updates per second: 149084
INFO (CarpetX): Performance:
INFO (CarpetX):   total evolution time:            0.219796 sec
INFO (CarpetX):   total evolution compute time:    0.219613 sec
INFO (CarpetX):   total evolution output time:     0.000183105 sec
INFO (CarpetX):   total iterations:                8
INFO (CarpetX):   total cells updated:             32768
INFO (CarpetX):   average iterations per second: 36.3974
INFO (CarpetX):   average cell updates per second: 149084
INFO (CarpetX): OutputGH: iteration 9, time 0.035156, run time 2 s
INFO (CarpetX): OutputGH done.
INFO (CarpetX): Simulation time: 0.0351562   Iterations per second: 36.4505   Simulation time per second: 0.142385
INFO (CarpetX): Grid cells: 4096   Grid cell updates per second: 149301
INFO (CarpetX): Performance:
INFO (CarpetX):   total evolution time:            0.24691 sec
INFO (CarpetX):   total evolution compute time:    0.246707 sec
INFO (CarpetX):   total evolution output time:     0.000203133 sec
INFO (CarpetX):   total iterations:                9
INFO (CarpetX):   total cells updated:             36864
INFO (CarpetX):   average iterations per second: 36.4505
INFO (CarpetX):   average cell updates per second: 149301
INFO (CarpetX): OutputGH: iteration 10, time 0.039062, run time 2 s
INFO (CarpetX): OutputGH done.
INFO (CarpetX): Simulation time: 0.0390625   Iterations per second: 36.4931   Simulation time per second: 0.142551
INFO (CarpetX): Grid cells: 4096   Grid cell updates per second: 149476
INFO (CarpetX): Performance:
INFO (CarpetX):   total evolution time:            0.274024 sec
INFO (CarpetX):   total evolution compute time:    0.273801 sec
INFO (CarpetX):   total evolution output time:     0.00022316 sec
INFO (CarpetX):   total iterations:                10
INFO (CarpetX):   total cells updated:             40960
INFO (CarpetX):   average iterations per second: 36.4931
INFO (CarpetX):   average cell updates per second: 149476
INFO (CarpetX): OutputGH: iteration 11, time 0.042969, run time 2 s
INFO (CarpetX): OutputGH done.
INFO (CarpetX): Simulation time: 0.0429688   Iterations per second: 36.5294   Simulation time per second: 0.142693
INFO (CarpetX): Grid cells: 4096   Grid cell updates per second: 149625
INFO (CarpetX): Performance:
INFO (CarpetX):   total evolution time:            0.301154 sec
INFO (CarpetX):   total evolution compute time:    0.300912 sec
INFO (CarpetX):   total evolution output time:     0.000241995 sec
INFO (CarpetX):   total iterations:                11
INFO (CarpetX):   total cells updated:             45056
INFO (CarpetX):   average iterations per second: 36.5261
INFO (CarpetX):   average cell updates per second: 149611
INFO (CarpetX): OutputGH: iteration 12, time 0.046875, run time 2 s
INFO (CarpetX): OutputGH done.
INFO (CarpetX): Simulation time: 0.046875   Iterations per second: 36.5611   Simulation time per second: 0.142817
INFO (CarpetX): Grid cells: 4096   Grid cell updates per second: 149754
INFO (CarpetX): Performance:
INFO (CarpetX):   total evolution time:            0.328292 sec
INFO (CarpetX):   total evolution compute time:    0.32803 sec
INFO (CarpetX):   total evolution output time:     0.000262022 sec
INFO (CarpetX):   total iterations:                12
INFO (CarpetX):   total cells updated:             49152
INFO (CarpetX):   average iterations per second: 36.5528
INFO (CarpetX):   average cell updates per second: 149720
INFO (CarpetX): OutputGH: iteration 13, time 0.050781, run time 2 s
INFO (CarpetX): OutputGH done.
INFO (CarpetX): Simulation time: 0.0507812   Iterations per second: 36.5837   Simulation time per second: 0.142905
INFO (CarpetX): Grid cells: 4096   Grid cell updates per second: 149847
INFO (CarpetX): Performance:
INFO (CarpetX):   total evolution time:            0.355475 sec
INFO (CarpetX):   total evolution compute time:    0.355187 sec
INFO (CarpetX):   total evolution output time:     0.00028801 sec
INFO (CarpetX):   total iterations:                13
INFO (CarpetX):   total cells updated:             53248
INFO (CarpetX):   average iterations per second: 36.5708
INFO (CarpetX):   average cell updates per second: 149794
INFO (CarpetX): OutputGH: iteration 14, time 0.054688, run time 2 s
INFO (CarpetX): OutputGH done.
INFO (CarpetX): Simulation time: 0.0546875   Iterations per second: 36.6124   Simulation time per second: 0.143017
INFO (CarpetX): Grid cells: 4096   Grid cell updates per second: 149964
INFO (CarpetX): Performance:
INFO (CarpetX):   total evolution time:            0.382595 sec
INFO (CarpetX):   total evolution compute time:    0.382288 sec
INFO (CarpetX):   total evolution output time:     0.000306845 sec
INFO (CarpetX):   total iterations:                14
INFO (CarpetX):   total cells updated:             57344
INFO (CarpetX):   average iterations per second: 36.5922
INFO (CarpetX):   average cell updates per second: 149882
INFO (CarpetX): OutputGH: iteration 15, time 0.058594, run time 2 s
INFO (CarpetX): OutputGH done.
INFO (CarpetX): Simulation time: 0.0585938   Iterations per second: 36.639   Simulation time per second: 0.143121
INFO (CarpetX): Grid cells: 4096   Grid cell updates per second: 150073
INFO (CarpetX): Performance:
INFO (CarpetX):   total evolution time:            0.40971 sec
INFO (CarpetX):   total evolution compute time:    0.40938 sec
INFO (CarpetX):   total evolution output time:     0.000329733 sec
INFO (CarpetX):   total iterations:                15
INFO (CarpetX):   total cells updated:             61440
INFO (CarpetX):   average iterations per second: 36.6112
INFO (CarpetX):   average cell updates per second: 149960
INFO (CarpetX): OutputGH: iteration 16, time 0.062500, run time 2 s
INFO (CarpetX): OutputGH done.
INFO (CarpetX): Simulation time: 0.0625   Iterations per second: 36.6123   Simulation time per second: 0.143017
INFO (CarpetX): Grid cells: 4096   Grid cell updates per second: 149964
INFO (CarpetX): Performance:
INFO (CarpetX):   total evolution time:            0.437202 sec
INFO (CarpetX):   total evolution compute time:    0.436852 sec
INFO (CarpetX):   total evolution output time:     0.000350714 sec
INFO (CarpetX):   total iterations:                16
INFO (CarpetX):   total cells updated:             65536
INFO (CarpetX):   average iterations per second: 36.5963
INFO (CarpetX):   average cell updates per second: 149899
INFO (CarpetX): OutputGH: iteration 17, time 0.066406, run time 2 s
INFO (CarpetX): OutputGH done.
INFO (CarpetX): Simulation time: 0.0664062   Iterations per second: 36.6394   Simulation time per second: 0.143123
INFO (CarpetX): Grid cells: 4096   Grid cell updates per second: 150075
INFO (CarpetX): Performance:
INFO (CarpetX):   total evolution time:            0.464313 sec
INFO (CarpetX):   total evolution compute time:    0.463939 sec
INFO (CarpetX):   total evolution output time:     0.00037384 sec
INFO (CarpetX):   total iterations:                17
INFO (CarpetX):   total cells updated:             69632
INFO (CarpetX):   average iterations per second: 36.6132
INFO (CarpetX):   average cell updates per second: 149968
INFO (CarpetX): OutputGH: iteration 18, time 0.070312, run time 2 s
INFO (CarpetX): OutputGH done.
INFO (CarpetX): Simulation time: 0.0703125   Iterations per second: 36.6673   Simulation time per second: 0.143231
INFO (CarpetX): Grid cells: 4096   Grid cell updates per second: 150189
INFO (CarpetX): Performance:
INFO (CarpetX):   total evolution time:            0.491399 sec
INFO (CarpetX):   total evolution compute time:    0.491001 sec
INFO (CarpetX):   total evolution output time:     0.000398636 sec
INFO (CarpetX):   total iterations:                18
INFO (CarpetX):   total cells updated:             73728
INFO (CarpetX):   average iterations per second: 36.6301
INFO (CarpetX):   average cell updates per second: 150037
INFO (CarpetX): OutputGH: iteration 19, time 0.074219, run time 2 s
INFO (CarpetX): OutputGH done.
INFO (CarpetX): Simulation time: 0.0742188   Iterations per second: 36.6837   Simulation time per second: 0.143296
INFO (CarpetX): Grid cells: 4096   Grid cell updates per second: 150256
INFO (CarpetX): Performance:
INFO (CarpetX):   total evolution time:            0.518549 sec
INFO (CarpetX):   total evolution compute time:    0.518131 sec
INFO (CarpetX):   total evolution output time:     0.000418663 sec
INFO (CarpetX):   total iterations:                19
INFO (CarpetX):   total cells updated:             77824
INFO (CarpetX):   average iterations per second: 36.6407
INFO (CarpetX):   average cell updates per second: 150080
INFO (CarpetX): OutputGH: iteration 20, time 0.078125, run time 2 s
INFO (CarpetX): OutputGH done.
INFO (CarpetX): Simulation time: 0.078125   Iterations per second: 36.6972   Simulation time per second: 0.143348
INFO (CarpetX): Grid cells: 4096   Grid cell updates per second: 150312
INFO (CarpetX): Performance:
INFO (CarpetX):   total evolution time:            0.545709 sec
INFO (CarpetX):   total evolution compute time:    0.54527 sec
INFO (CarpetX):   total evolution output time:     0.000439644 sec
INFO (CarpetX):   total iterations:                20
INFO (CarpetX):   total cells updated:             81920
INFO (CarpetX):   average iterations per second: 36.6495
INFO (CarpetX):   average cell updates per second: 150117
INFO (CarpetX): OutputGH: iteration 21, time 0.082031, run time 2 s
INFO (CarpetX): OutputGH done.
INFO (CarpetX): Simulation time: 0.0820312   Iterations per second: 36.715   Simulation time per second: 0.143418
INFO (CarpetX): Grid cells: 4096   Grid cell updates per second: 150384
INFO (CarpetX): Performance:
INFO (CarpetX):   total evolution time:            0.572827 sec
INFO (CarpetX):   total evolution compute time:    0.57237 sec
INFO (CarpetX):   total evolution output time:     0.000457764 sec
INFO (CarpetX):   total iterations:                21
INFO (CarpetX):   total cells updated:             86016
INFO (CarpetX):   average iterations per second: 36.6603
INFO (CarpetX):   average cell updates per second: 150160
INFO (CarpetX): OutputGH: iteration 22, time 0.085938, run time 2 s
INFO (CarpetX): OutputGH done.
INFO (CarpetX): Simulation time: 0.0859375   Iterations per second: 36.7252   Simulation time per second: 0.143458
INFO (CarpetX): Grid cells: 4096   Grid cell updates per second: 150426
INFO (CarpetX): Performance:
INFO (CarpetX):   total evolution time:            0.599988 sec
INFO (CarpetX):   total evolution compute time:    0.59951 sec
INFO (CarpetX):   total evolution output time:     0.000478745 sec
INFO (CarpetX):   total iterations:                22
INFO (CarpetX):   total cells updated:             90112
INFO (CarpetX):   average iterations per second: 36.6674
INFO (CarpetX):   average cell updates per second: 150190
INFO (CarpetX): OutputGH: iteration 23, time 0.089844, run time 2 s
INFO (CarpetX): OutputGH done.
INFO (CarpetX): Simulation time: 0.0898438   Iterations per second: 36.7368   Simulation time per second: 0.143503
INFO (CarpetX): Grid cells: 4096   Grid cell updates per second: 150474
INFO (CarpetX): Performance:
INFO (CarpetX):   total evolution time:            0.627131 sec
INFO (CarpetX):   total evolution compute time:    0.626629 sec
INFO (CarpetX):   total evolution output time:     0.000502825 sec
INFO (CarpetX):   total iterations:                23
INFO (CarpetX):   total cells updated:             94208
INFO (CarpetX):   average iterations per second: 36.6749
INFO (CarpetX):   average cell updates per second: 150220
INFO (CarpetX): OutputGH: iteration 24, time 0.093750, run time 2 s
INFO (CarpetX): OutputGH done.
INFO (CarpetX): Simulation time: 0.09375   Iterations per second: 36.6963   Simulation time per second: 0.143345
INFO (CarpetX): Grid cells: 4096   Grid cell updates per second: 150308
INFO (CarpetX): Performance:
INFO (CarpetX):   total evolution time:            0.654652 sec
INFO (CarpetX):   total evolution compute time:    0.654129 sec
INFO (CarpetX):   total evolution output time:     0.000523806 sec
INFO (CarpetX):   total iterations:                24
INFO (CarpetX):   total cells updated:             98304
INFO (CarpetX):   average iterations per second: 36.6607
INFO (CarpetX):   average cell updates per second: 150162
INFO (CarpetX): OutputGH: iteration 25, time 0.097656, run time 2 s
INFO (CarpetX): OutputGH done.
INFO (CarpetX): Simulation time: 0.0976562   Iterations per second: 36.6844   Simulation time per second: 0.143299
INFO (CarpetX): Grid cells: 4096   Grid cell updates per second: 150259
INFO (CarpetX): Performance:
INFO (CarpetX):   total evolution time:            0.681991 sec
INFO (CarpetX):   total evolution compute time:    0.681443 sec
INFO (CarpetX):   total evolution output time:     0.000547886 sec
INFO (CarpetX):   total iterations:                25
INFO (CarpetX):   total cells updated:             102400
INFO (CarpetX):   average iterations per second: 36.6574
INFO (CarpetX):   average cell updates per second: 150149
INFO (CarpetX): OutputGH: iteration 26, time 0.101562, run time 2 s
INFO (CarpetX): OutputGH done.
INFO (CarpetX): Simulation time: 0.101562   Iterations per second: 36.7065   Simulation time per second: 0.143385
INFO (CarpetX): Grid cells: 4096   Grid cell updates per second: 150350
INFO (CarpetX): Performance:
INFO (CarpetX):   total evolution time:            0.709087 sec
INFO (CarpetX):   total evolution compute time:    0.708518 sec
INFO (CarpetX):   total evolution output time:     0.00056982 sec
INFO (CarpetX):   total iterations:                26
INFO (CarpetX):   total cells updated:             106496
INFO (CarpetX):   average iterations per second: 36.6668
INFO (CarpetX):   average cell updates per second: 150187
INFO (CarpetX): OutputGH: iteration 27, time 0.105469, run time 2 s
INFO (CarpetX): OutputGH done.
INFO (CarpetX): Simulation time: 0.105469   Iterations per second: 36.677   Simulation time per second: 0.14327
INFO (CarpetX): Grid cells: 4096   Grid cell updates per second: 150229
INFO (CarpetX): Performance:
INFO (CarpetX):   total evolution time:            0.736549 sec
INFO (CarpetX):   total evolution compute time:    0.735956 sec
INFO (CarpetX):   total evolution output time:     0.000593662 sec
INFO (CarpetX):   total iterations:                27
INFO (CarpetX):   total cells updated:             110592
INFO (CarpetX):   average iterations per second: 36.6574
INFO (CarpetX):   average cell updates per second: 150149
INFO (CarpetX): OutputGH: iteration 28, time 0.109375, run time 2 s
INFO (CarpetX): OutputGH done.
INFO (CarpetX): Simulation time: 0.109375   Iterations per second: 36.7067   Simulation time per second: 0.143386
INFO (CarpetX): Grid cells: 4096   Grid cell updates per second: 150351
INFO (CarpetX): Performance:
INFO (CarpetX):   total evolution time:            0.763593 sec
INFO (CarpetX):   total evolution compute time:    0.762972 sec
INFO (CarpetX):   total evolution output time:     0.000621557 sec
INFO (CarpetX):   total iterations:                28
INFO (CarpetX):   total cells updated:             114688
INFO (CarpetX):   average iterations per second: 36.6687
INFO (CarpetX):   average cell updates per second: 150195
INFO (CarpetX): OutputGH: iteration 29, time 0.113281, run time 2 s
INFO (CarpetX): OutputGH done.
INFO (CarpetX): Simulation time: 0.113281   Iterations per second: 36.7303   Simulation time per second: 0.143478
INFO (CarpetX): Grid cells: 4096   Grid cell updates per second: 150448
INFO (CarpetX): Performance:
INFO (CarpetX):   total evolution time:            0.790661 sec
INFO (CarpetX):   total evolution compute time:    0.790016 sec
INFO (CarpetX):   total evolution output time:     0.000645638 sec
INFO (CarpetX):   total iterations:                29
INFO (CarpetX):   total cells updated:             118784
INFO (CarpetX):   average iterations per second: 36.6782
INFO (CarpetX):   average cell updates per second: 150234
INFO (CarpetX): OutputGH: iteration 30, time 0.117188, run time 2 s
INFO (CarpetX): OutputGH done.
INFO (CarpetX): Simulation time: 0.117188   Iterations per second: 36.737   Simulation time per second: 0.143504
INFO (CarpetX): Grid cells: 4096   Grid cell updates per second: 150475
INFO (CarpetX): Performance:
INFO (CarpetX):   total evolution time:            0.817837 sec
INFO (CarpetX):   total evolution compute time:    0.817173 sec
INFO (CarpetX):   total evolution output time:     0.000664711 sec
INFO (CarpetX):   total iterations:                30
INFO (CarpetX):   total cells updated:             122880
INFO (CarpetX):   average iterations per second: 36.6821
INFO (CarpetX):   average cell updates per second: 150250
INFO (CarpetX): OutputGH: iteration 31, time 0.121094, run time 2 s
INFO (CarpetX): OutputGH done.
INFO (CarpetX): Simulation time: 0.121094   Iterations per second: 36.7564   Simulation time per second: 0.14358
INFO (CarpetX): Grid cells: 4096   Grid cell updates per second: 150554
INFO (CarpetX): Performance:
INFO (CarpetX):   total evolution time:            0.844914 sec
INFO (CarpetX):   total evolution compute time:    0.844229 sec
INFO (CarpetX):   total evolution output time:     0.000685692 sec
INFO (CarpetX):   total iterations:                31
INFO (CarpetX):   total cells updated:             126976
INFO (CarpetX):   average iterations per second: 36.6901
INFO (CarpetX):   average cell updates per second: 150283
INFO (CarpetX): OutputGH: iteration 32, time 0.125000, run time 2 s
INFO (CarpetX): OutputGH done.
INFO (CarpetX): Simulation time: 0.125   Iterations per second: 36.7672   Simulation time per second: 0.143622
INFO (CarpetX): Grid cells: 4096   Grid cell updates per second: 150598
INFO (CarpetX): Performance:
INFO (CarpetX):   total evolution time:            0.872041 sec
INFO (CarpetX):   total evolution compute time:    0.871329 sec
INFO (CarpetX):   total evolution output time:     0.000711679 sec
INFO (CarpetX):   total iterations:                32
INFO (CarpetX):   total cells updated:             131072
INFO (CarpetX):   average iterations per second: 36.6955
INFO (CarpetX):   average cell updates per second: 150305
INFO (CarpetX): OutputGH: iteration 33, time 0.128906, run time 2 s
INFO (CarpetX): OutputGH done.
INFO (CarpetX): Simulation time: 0.128906   Iterations per second: 36.7737   Simulation time per second: 0.143647
INFO (CarpetX): Grid cells: 4096   Grid cell updates per second: 150625
INFO (CarpetX): Performance:
INFO (CarpetX):   total evolution time:            0.899191 sec
INFO (CarpetX):   total evolution compute time:    0.898456 sec
INFO (CarpetX):   total evolution output time:     0.000734568 sec
INFO (CarpetX):   total iterations:                33
INFO (CarpetX):   total cells updated:             135168
INFO (CarpetX):   average iterations per second: 36.6997
INFO (CarpetX):   average cell updates per second: 150322
INFO (CarpetX): OutputGH: iteration 34, time 0.132812, run time 2 s
INFO (CarpetX): OutputGH done.
INFO (CarpetX): Simulation time: 0.132812   Iterations per second: 36.7788   Simulation time per second: 0.143667
INFO (CarpetX): Grid cells: 4096   Grid cell updates per second: 150646
INFO (CarpetX): Performance:
INFO (CarpetX):   total evolution time:            0.926347 sec
INFO (CarpetX):   total evolution compute time:    0.925585 sec
INFO (CarpetX):   total evolution output time:     0.000761747 sec
INFO (CarpetX):   total iterations:                34
INFO (CarpetX):   total cells updated:             139264
INFO (CarpetX):   average iterations per second: 36.7033
INFO (CarpetX):   average cell updates per second: 150337
INFO (CarpetX): OutputGH: iteration 35, time 0.136719, run time 2 s
INFO (CarpetX): OutputGH done.
INFO (CarpetX): Simulation time: 0.136719   Iterations per second: 36.7922   Simulation time per second: 0.14372
INFO (CarpetX): Grid cells: 4096   Grid cell updates per second: 150701
INFO (CarpetX): Performance:
INFO (CarpetX):   total evolution time:            0.953437 sec
INFO (CarpetX):   total evolution compute time:    0.952653 sec
INFO (CarpetX):   total evolution output time:     0.00078392 sec
INFO (CarpetX):   total iterations:                35
INFO (CarpetX):   total cells updated:             143360
INFO (CarpetX):   average iterations per second: 36.7093
INFO (CarpetX):   average cell updates per second: 150361
INFO (CarpetX): OutputGH: iteration 36, time 0.140625, run time 2 s
INFO (CarpetX): OutputGH done.
INFO (CarpetX): Simulation time: 0.140625   Iterations per second: 36.7952   Simulation time per second: 0.143731
INFO (CarpetX): Grid cells: 4096   Grid cell updates per second: 150713
INFO (CarpetX): Performance:
INFO (CarpetX):   total evolution time:            0.980595 sec
INFO (CarpetX):   total evolution compute time:    0.979792 sec
INFO (CarpetX):   total evolution output time:     0.000802755 sec
INFO (CarpetX):   total iterations:                36
INFO (CarpetX):   total cells updated:             147456
INFO (CarpetX):   average iterations per second: 36.7124
INFO (CarpetX):   average cell updates per second: 150374
INFO (CarpetX): OutputGH: iteration 37, time 0.144531, run time 2 s
INFO (CarpetX): OutputGH done.
INFO (CarpetX): Simulation time: 0.144531   Iterations per second: 36.8078   Simulation time per second: 0.14378
INFO (CarpetX): Grid cells: 4096   Grid cell updates per second: 150765
INFO (CarpetX): Performance:
INFO (CarpetX):   total evolution time:            1.00768 sec
INFO (CarpetX):   total evolution compute time:    1.00683 sec
INFO (CarpetX):   total evolution output time:     0.000843763 sec
INFO (CarpetX):   total iterations:                37
INFO (CarpetX):   total cells updated:             151552
INFO (CarpetX):   average iterations per second: 36.7181
INFO (CarpetX):   average cell updates per second: 150397
INFO (CarpetX): OutputGH: iteration 38, time 0.148438, run time 2 s
INFO (CarpetX): OutputGH done.
INFO (CarpetX): Simulation time: 0.148438   Iterations per second: 36.8047   Simulation time per second: 0.143768
INFO (CarpetX): Grid cells: 4096   Grid cell updates per second: 150752
INFO (CarpetX): Performance:
INFO (CarpetX):   total evolution time:            1.03487 sec
INFO (CarpetX):   total evolution compute time:    1.034 sec
INFO (CarpetX):   total evolution output time:     0.000865698 sec
INFO (CarpetX):   total iterations:                38
INFO (CarpetX):   total cells updated:             155648
INFO (CarpetX):   average iterations per second: 36.7196
INFO (CarpetX):   average cell updates per second: 150403
INFO (CarpetX): OutputGH: iteration 39, time 0.152344, run time 2 s
INFO (CarpetX): OutputGH done.
INFO (CarpetX): Simulation time: 0.152344   Iterations per second: 36.811   Simulation time per second: 0.143793
INFO (CarpetX): Grid cells: 4096   Grid cell updates per second: 150778
INFO (CarpetX): Performance:
INFO (CarpetX):   total evolution time:            1.06199 sec
INFO (CarpetX):   total evolution compute time:    1.06111 sec
INFO (CarpetX):   total evolution output time:     0.000885725 sec
INFO (CarpetX):   total iterations:                39
INFO (CarpetX):   total cells updated:             159744
INFO (CarpetX):   average iterations per second: 36.7234
INFO (CarpetX):   average cell updates per second: 150419
INFO (CarpetX): OutputGH: iteration 40, time 0.156250, run time 2 s
INFO (CarpetX): OutputGH done.
INFO (CarpetX): Simulation time: 0.15625   Iterations per second: 36.7335   Simulation time per second: 0.14349
INFO (CarpetX): Grid cells: 4096   Grid cell updates per second: 150460
INFO (CarpetX): Performance:
INFO (CarpetX):   total evolution time:            1.08973 sec
INFO (CarpetX):   total evolution compute time:    1.08883 sec
INFO (CarpetX):   total evolution output time:     0.000904799 sec
INFO (CarpetX):   total iterations:                40
INFO (CarpetX):   total cells updated:             163840
INFO (CarpetX):   average iterations per second: 36.7063
INFO (CarpetX):   average cell updates per second: 150349
INFO (CarpetX): OutputGH: iteration 41, time 0.160156, run time 2 s
INFO (CarpetX): OutputGH done.
INFO (CarpetX): Simulation time: 0.160156   Iterations per second: 36.7303   Simulation time per second: 0.143478
INFO (CarpetX): Grid cells: 4096   Grid cell updates per second: 150447
INFO (CarpetX): Performance:
INFO (CarpetX):   total evolution time:            1.11698 sec
INFO (CarpetX):   total evolution compute time:    1.11605 sec
INFO (CarpetX):   total evolution output time:     0.000928879 sec
INFO (CarpetX):   total iterations:                41
INFO (CarpetX):   total cells updated:             167936
INFO (CarpetX):   average iterations per second: 36.7061
INFO (CarpetX):   average cell updates per second: 150348
INFO (CarpetX): OutputGH: iteration 42, time 0.164062, run time 2 s
INFO (CarpetX): OutputGH done.
INFO (CarpetX): Simulation time: 0.164062   Iterations per second: 36.7429   Simulation time per second: 0.143527
INFO (CarpetX): Grid cells: 4096   Grid cell updates per second: 150499
INFO (CarpetX): Performance:
INFO (CarpetX):   total evolution time:            1.14411 sec
INFO (CarpetX):   total evolution compute time:    1.14316 sec
INFO (CarpetX):   total evolution output time:     0.000952959 sec
INFO (CarpetX):   total iterations:                42
INFO (CarpetX):   total cells updated:             172032
INFO (CarpetX):   average iterations per second: 36.7097
INFO (CarpetX):   average cell updates per second: 150363
INFO (CarpetX): OutputGH: iteration 43, time 0.167969, run time 2 s
INFO (CarpetX): OutputGH done.
INFO (CarpetX): Simulation time: 0.167969   Iterations per second: 36.7565   Simulation time per second: 0.14358
INFO (CarpetX): Grid cells: 4096   Grid cell updates per second: 150555
INFO (CarpetX): Performance:
INFO (CarpetX):   total evolution time:            1.17123 sec
INFO (CarpetX):   total evolution compute time:    1.17025 sec
INFO (CarpetX):   total evolution output time:     0.000977993 sec
INFO (CarpetX):   total iterations:                43
INFO (CarpetX):   total cells updated:             176128
INFO (CarpetX):   average iterations per second: 36.7136
INFO (CarpetX):   average cell updates per second: 150379
INFO (CarpetX): OutputGH: iteration 44, time 0.171875, run time 2 s
INFO (CarpetX): OutputGH done.
INFO (CarpetX): Simulation time: 0.171875   Iterations per second: 36.7507   Simulation time per second: 0.143558
INFO (CarpetX): Grid cells: 4096   Grid cell updates per second: 150531
INFO (CarpetX): Performance:
INFO (CarpetX):   total evolution time:            1.19848 sec
INFO (CarpetX):   total evolution compute time:    1.19747 sec
INFO (CarpetX):   total evolution output time:     0.00100279 sec
INFO (CarpetX):   total iterations:                44
INFO (CarpetX):   total cells updated:             180224
INFO (CarpetX):   average iterations per second: 36.7133
INFO (CarpetX):   average cell updates per second: 150378
INFO (CarpetX): OutputGH: iteration 45, time 0.175781, run time 2 s
INFO (CarpetX): OutputGH done.
INFO (CarpetX): Simulation time: 0.175781   Iterations per second: 36.7598   Simulation time per second: 0.143593
INFO (CarpetX): Grid cells: 4096   Grid cell updates per second: 150568
INFO (CarpetX): Performance:
INFO (CarpetX):   total evolution time:            1.22562 sec
INFO (CarpetX):   total evolution compute time:    1.22459 sec
INFO (CarpetX):   total evolution output time:     0.00102782 sec
INFO (CarpetX):   total iterations:                45
INFO (CarpetX):   total cells updated:             184320
INFO (CarpetX):   average iterations per second: 36.7161
INFO (CarpetX):   average cell updates per second: 150389
INFO (CarpetX): OutputGH: iteration 46, time 0.179688, run time 3 s
INFO (CarpetX): OutputGH done.
INFO (CarpetX): Simulation time: 0.179688   Iterations per second: 36.7659   Simulation time per second: 0.143617
INFO (CarpetX): Grid cells: 4096   Grid cell updates per second: 150593
INFO (CarpetX): Performance:
INFO (CarpetX):   total evolution time:            1.25278 sec
INFO (CarpetX):   total evolution compute time:    1.25173 sec
INFO (CarpetX):   total evolution output time:     0.0010519 sec
INFO (CarpetX):   total iterations:                46
INFO (CarpetX):   total cells updated:             188416
INFO (CarpetX):   average iterations per second: 36.7184
INFO (CarpetX):   average cell updates per second: 150399
INFO (CarpetX): OutputGH: iteration 47, time 0.183594, run time 3 s
INFO (CarpetX): OutputGH done.
INFO (CarpetX): Simulation time: 0.183594   Iterations per second: 36.7821   Simulation time per second: 0.14368
INFO (CarpetX): Grid cells: 4096   Grid cell updates per second: 150660
INFO (CarpetX): Performance:
INFO (CarpetX):   total evolution time:            1.27986 sec
INFO (CarpetX):   total evolution compute time:    1.27878 sec
INFO (CarpetX):   total evolution output time:     0.00107694 sec
INFO (CarpetX):   total iterations:                47
INFO (CarpetX):   total cells updated:             192512
INFO (CarpetX):   average iterations per second: 36.7229
INFO (CarpetX):   average cell updates per second: 150417
INFO (CarpetX): OutputGH: iteration 48, time 0.187500, run time 3 s
INFO (CarpetX): OutputGH done.
INFO (CarpetX): Simulation time: 0.1875   Iterations per second: 36.7767   Simulation time per second: 0.143659
INFO (CarpetX): Grid cells: 4096   Grid cell updates per second: 150638
INFO (CarpetX): Performance:
INFO (CarpetX):   total evolution time:            1.30708 sec
INFO (CarpetX):   total evolution compute time:    1.30598 sec
INFO (CarpetX):   total evolution output time:     0.00109982 sec
INFO (CarpetX):   total iterations:                48
INFO (CarpetX):   total cells updated:             196608
INFO (CarpetX):   average iterations per second: 36.723
INFO (CarpetX):   average cell updates per second: 150417
INFO (CarpetX): OutputGH: iteration 49, time 0.191406, run time 3 s
INFO (CarpetX): OutputGH done.
INFO (CarpetX): Simulation time: 0.191406   Iterations per second: 36.7903   Simulation time per second: 0.143712
INFO (CarpetX): Grid cells: 4096   Grid cell updates per second: 150693
INFO (CarpetX): Performance:
INFO (CarpetX):   total evolution time:            1.33417 sec
INFO (CarpetX):   total evolution compute time:    1.33305 sec
INFO (CarpetX):   total evolution output time:     0.00112391 sec
INFO (CarpetX):   total iterations:                49
INFO (CarpetX):   total cells updated:             200704
INFO (CarpetX):   average iterations per second: 36.7268
INFO (CarpetX):   average cell updates per second: 150433
INFO (CarpetX): OutputGH: iteration 50, time 0.195312, run time 3 s
INFO (CarpetX): OutputGH done.
INFO (CarpetX): Simulation time: 0.195312   Iterations per second: 36.7929   Simulation time per second: 0.143722
INFO (CarpetX): Grid cells: 4096   Grid cell updates per second: 150704
INFO (CarpetX): Performance:
INFO (CarpetX):   total evolution time:            1.36134 sec
INFO (CarpetX):   total evolution compute time:    1.36019 sec
INFO (CarpetX):   total evolution output time:     0.00114989 sec
INFO (CarpetX):   total iterations:                50
INFO (CarpetX):   total cells updated:             204800
INFO (CarpetX):   average iterations per second: 36.7286
INFO (CarpetX):   average cell updates per second: 150440
INFO (CarpetX): OutputGH: iteration 51, time 0.199219, run time 3 s
INFO (CarpetX): OutputGH done.
INFO (CarpetX): Simulation time: 0.199219   Iterations per second: 36.8063   Simulation time per second: 0.143775
INFO (CarpetX): Grid cells: 4096   Grid cell updates per second: 150759
INFO (CarpetX): Performance:
INFO (CarpetX):   total evolution time:            1.38842 sec
INFO (CarpetX):   total evolution compute time:    1.38724 sec
INFO (CarpetX):   total evolution output time:     0.00117493 sec
INFO (CarpetX):   total iterations:                51
INFO (CarpetX):   total cells updated:             208896
INFO (CarpetX):   average iterations per second: 36.7325
INFO (CarpetX):   average cell updates per second: 150456
INFO (CarpetX): OutputGH: iteration 52, time 0.203125, run time 3 s
INFO (CarpetX): OutputGH done.
INFO (CarpetX): Simulation time: 0.203125   Iterations per second: 36.8065   Simulation time per second: 0.143775
INFO (CarpetX): Grid cells: 4096   Grid cell updates per second: 150759
INFO (CarpetX): Performance:
INFO (CarpetX):   total evolution time:            1.41558 sec
INFO (CarpetX):   total evolution compute time:    1.41438 sec
INFO (CarpetX):   total evolution output time:     0.00119996 sec
INFO (CarpetX):   total iterations:                52
INFO (CarpetX):   total cells updated:             212992
INFO (CarpetX):   average iterations per second: 36.7339
INFO (CarpetX):   average cell updates per second: 150462
INFO (CarpetX): OutputGH: iteration 53, time 0.207031, run time 3 s
INFO (CarpetX): OutputGH done.
INFO (CarpetX): Simulation time: 0.207031   Iterations per second: 36.8024   Simulation time per second: 0.14376
INFO (CarpetX): Grid cells: 4096   Grid cell updates per second: 150743
INFO (CarpetX): Performance:
INFO (CarpetX):   total evolution time:            1.44278 sec
INFO (CarpetX):   total evolution compute time:    1.44156 sec
INFO (CarpetX):   total evolution output time:     0.00122595 sec
INFO (CarpetX):   total iterations:                53
INFO (CarpetX):   total cells updated:             217088
INFO (CarpetX):   average iterations per second: 36.7346
INFO (CarpetX):   average cell updates per second: 150465
INFO (CarpetX): OutputGH: iteration 54, time 0.210938, run time 3 s
INFO (CarpetX): OutputGH done.
INFO (CarpetX): Simulation time: 0.210938   Iterations per second: 36.7977   Simulation time per second: 0.143741
INFO (CarpetX): Grid cells: 4096   Grid cell updates per second: 150724
INFO (CarpetX): Performance:
INFO (CarpetX):   total evolution time:            1.46999 sec
INFO (CarpetX):   total evolution compute time:    1.46874 sec
INFO (CarpetX):   total evolution output time:     0.00124693 sec
INFO (CarpetX):   total iterations:                54
INFO (CarpetX):   total cells updated:             221184
INFO (CarpetX):   average iterations per second: 36.7349
INFO (CarpetX):   average cell updates per second: 150466
INFO (CarpetX): OutputGH: iteration 55, time 0.214844, run time 3 s
INFO (CarpetX): OutputGH done.
INFO (CarpetX): Simulation time: 0.214844   Iterations per second: 36.7959   Simulation time per second: 0.143734
INFO (CarpetX): Grid cells: 4096   Grid cell updates per second: 150716
INFO (CarpetX): Performance:
INFO (CarpetX):   total evolution time:            1.49718 sec
INFO (CarpetX):   total evolution compute time:    1.49591 sec
INFO (CarpetX):   total evolution output time:     0.00127101 sec
INFO (CarpetX):   total iterations:                55
INFO (CarpetX):   total cells updated:             225280
INFO (CarpetX):   average iterations per second: 36.7357
INFO (CarpetX):   average cell updates per second: 150470
INFO (CarpetX): OutputGH: iteration 56, time 0.218750, run time 3 s
INFO (CarpetX): OutputGH done.
INFO (CarpetX): Simulation time: 0.21875   Iterations per second: 36.7718   Simulation time per second: 0.14364
INFO (CarpetX): Grid cells: 4096   Grid cell updates per second: 150617
INFO (CarpetX): Performance:
INFO (CarpetX):   total evolution time:            1.52453 sec
INFO (CarpetX):   total evolution compute time:    1.52324 sec
INFO (CarpetX):   total evolution output time:     0.001297 sec
INFO (CarpetX):   total iterations:                56
INFO (CarpetX):   total cells updated:             229376
INFO (CarpetX):   average iterations per second: 36.7325
INFO (CarpetX):   average cell updates per second: 150456
INFO (CarpetX): OutputGH: iteration 57, time 0.222656, run time 3 s
INFO (CarpetX): OutputGH done.
INFO (CarpetX): Simulation time: 0.222656   Iterations per second: 36.7735   Simulation time per second: 0.143647
INFO (CarpetX): Grid cells: 4096   Grid cell updates per second: 150624
INFO (CarpetX): Performance:
INFO (CarpetX):   total evolution time:            1.55172 sec
INFO (CarpetX):   total evolution compute time:    1.55039 sec
INFO (CarpetX):   total evolution output time:     0.00132394 sec
INFO (CarpetX):   total iterations:                57
INFO (CarpetX):   total cells updated:             233472
INFO (CarpetX):   average iterations per second: 36.7335
INFO (CarpetX):   average cell updates per second: 150460
INFO (CarpetX): OutputGH: iteration 58, time 0.226562, run time 3 s
INFO (CarpetX): OutputGH done.
INFO (CarpetX): Simulation time: 0.226562   Iterations per second: 36.7574   Simulation time per second: 0.143584
INFO (CarpetX): Grid cells: 4096   Grid cell updates per second: 150558
INFO (CarpetX): Performance:
INFO (CarpetX):   total evolution time:            1.57903 sec
INFO (CarpetX):   total evolution compute time:    1.57768 sec
INFO (CarpetX):   total evolution output time:     0.00135183 sec
INFO (CarpetX):   total iterations:                58
INFO (CarpetX):   total cells updated:             237568
INFO (CarpetX):   average iterations per second: 36.7314
INFO (CarpetX):   average cell updates per second: 150452
INFO (CarpetX): OutputGH: iteration 59, time 0.230469, run time 3 s
INFO (CarpetX): OutputGH done.
INFO (CarpetX): Simulation time: 0.230469   Iterations per second: 36.7493   Simulation time per second: 0.143552
INFO (CarpetX): Grid cells: 4096   Grid cell updates per second: 150525
INFO (CarpetX): Performance:
INFO (CarpetX):   total evolution time:            1.60629 sec
INFO (CarpetX):   total evolution compute time:    1.60491 sec
INFO (CarpetX):   total evolution output time:     0.00137973 sec
INFO (CarpetX):   total iterations:                59
INFO (CarpetX):   total cells updated:             241664
INFO (CarpetX):   average iterations per second: 36.7305
INFO (CarpetX):   average cell updates per second: 150448
INFO (CarpetX): OutputGH: iteration 60, time 0.234375, run time 3 s
INFO (CarpetX): OutputGH done.
INFO (CarpetX): Simulation time: 0.234375   Iterations per second: 36.7583   Simulation time per second: 0.143587
INFO (CarpetX): Grid cells: 4096   Grid cell updates per second: 150562
INFO (CarpetX): Performance:
INFO (CarpetX):   total evolution time:            1.63344 sec
INFO (CarpetX):   total evolution compute time:    1.63203 sec
INFO (CarpetX):   total evolution output time:     0.00140667 sec
INFO (CarpetX):   total iterations:                60
INFO (CarpetX):   total cells updated:             245760
INFO (CarpetX):   average iterations per second: 36.7323
INFO (CarpetX):   average cell updates per second: 150456
INFO (CarpetX): OutputGH: iteration 61, time 0.238281, run time 3 s
INFO (CarpetX): OutputGH done.
INFO (CarpetX): Simulation time: 0.238281   Iterations per second: 36.7345   Simulation time per second: 0.143494
INFO (CarpetX): Grid cells: 4096   Grid cell updates per second: 150465
INFO (CarpetX): Performance:
INFO (CarpetX):   total evolution time:            1.66082 sec
INFO (CarpetX):   total evolution compute time:    1.65939 sec
INFO (CarpetX):   total evolution output time:     0.00143266 sec
INFO (CarpetX):   total iterations:                61
INFO (CarpetX):   total cells updated:             249856
INFO (CarpetX):   average iterations per second: 36.7288
INFO (CarpetX):   average cell updates per second: 150441
INFO (CarpetX): OutputGH: iteration 62, time 0.242188, run time 3 s
INFO (CarpetX): OutputGH done.
INFO (CarpetX): Simulation time: 0.242188   Iterations per second: 36.7421   Simulation time per second: 0.143524
INFO (CarpetX): Grid cells: 4096   Grid cell updates per second: 150496
INFO (CarpetX): Performance:
INFO (CarpetX):   total evolution time:            1.68799 sec
INFO (CarpetX):   total evolution compute time:    1.68653 sec
INFO (CarpetX):   total evolution output time:     0.00146055 sec
INFO (CarpetX):   total iterations:                62
INFO (CarpetX):   total cells updated:             253952
INFO (CarpetX):   average iterations per second: 36.7302
INFO (CarpetX):   average cell updates per second: 150447
INFO (CarpetX): OutputGH: iteration 63, time 0.246094, run time 3 s
INFO (CarpetX): OutputGH done.
INFO (CarpetX): Simulation time: 0.246094   Iterations per second: 36.7534   Simulation time per second: 0.143568
INFO (CarpetX): Grid cells: 4096   Grid cell updates per second: 150542
INFO (CarpetX): Performance:
INFO (CarpetX):   total evolution time:            1.71512 sec
INFO (CarpetX):   total evolution compute time:    1.71362 sec
INFO (CarpetX):   total evolution output time:     0.0014956 sec
INFO (CarpetX):   total iterations:                63
INFO (CarpetX):   total cells updated:             258048
INFO (CarpetX):   average iterations per second: 36.7321
INFO (CarpetX):   average cell updates per second: 150455
INFO (CarpetX): OutputGH: iteration 64, time 0.250000, run time 3 s
INFO (CarpetX): OutputGH done.
INFO (CarpetX): Simulation time: 0.25   Iterations per second: 15.1248   Simulation time per second: 0.0590814
INFO (CarpetX): Grid cells: 4096   Grid cell updates per second: 61951.3
INFO (CarpetX): Performance:
INFO (CarpetX):   total evolution time:            2.13141 sec
INFO (CarpetX):   total evolution compute time:    1.74381 sec
INFO (CarpetX):   total evolution output time:     0.387597 sec
INFO (CarpetX):   total iterations:                64
INFO (CarpetX):   total cells updated:             262144
INFO (CarpetX):   average iterations per second: 30.0271
INFO (CarpetX):   average cell updates per second: 122991
INFO (CarpetX): Shutting down...
AMReX (25.11) finalized
--------------------------------------------------------------------------------
Done.
+ echo Stopping:
Stopping:
+ date
Sun Oct  4 19:09:48 UTC 2026
+ echo Done.
Done.
  Elapsed time: 3.3 s
