/home/runner/simulations/TestJob01_temp_2/output-0000/TEST/sim/CanudaX_BSSNMoL
Preparing:
+ set -e
+ cd output-0000-active
+ echo Checking:
Checking:
+ pwd
/home/runner/simulations/TestJob01_temp_2/output-0000/TEST/sim/CanudaX_BSSNMoL/output-0000-active
+ hostname
runnervm3jyl0
+ date
Wed Jun  3 06:30:39 UTC 2026
+ echo Environment:
Environment:
+ export CACTUS_NUM_PROCS=2
+ CACTUS_NUM_PROCS=2
+ export CACTUS_NUM_THREADS=1
+ CACTUS_NUM_THREADS=1
+ export GMON_OUT_PREFIX=gmon.out
+ GMON_OUT_PREFIX=gmon.out
+ export OMP_NUM_THREADS=1
+ OMP_NUM_THREADS=1
+ env
+ sort
+ echo Starting:
Starting:
++ date +%s
+ export CACTUS_STARTTIME=1780468239
+ CACTUS_STARTTIME=1780468239
+ '[' 2 = 1 ']'
+ mpirun -np 2 /home/runner/simulations/TestJob01_temp_2/SIMFACTORY/exe/cactus_sim -L 3 /home/runner/simulations/TestJob01_temp_2/output-0000/arrangements/CanudaX/CanudaX_BSSNMoL/test/gaugewave.par
INFO (Cactus): Increased logging level from 0 to 3
--------------------------------------------------------------------------------

       10                                  
  1   0101       ************************  
  01  1010 10      The Cactus Code V4.18.0    
 1010 1101 011      www.cactuscode.org     
  1001 100101    ************************  
    00010101                               
     100011     (c) Copyright The Authors  
      0100      GNU Licensed. No Warranty  
      0101                                 
--------------------------------------------------------------------------------

Cactus version:    4.18.0
Compile date:      Jun 03 2026 (06:07:59)
Run date:          Jun 03 2026 (06:30:39+0000)
Run host:          runnervm3jyl0.net0ibprzlqujb4ppu2xd1znfd.ex.internal.cloudapp.net (pid=176062)
Working directory: /home/runner/simulations/TestJob01_temp_2/output-0000/TEST/sim/CanudaX_BSSNMoL
Executable:        /home/runner/simulations/TestJob01_temp_2/SIMFACTORY/exe/cactus_sim
Parameter file:    /home/runner/simulations/TestJob01_temp_2/output-0000/arrangements/CanudaX/CanudaX_BSSNMoL/test/gaugewave.par
--------------------------------------------------------------------------------

Activating thorn Cactus...Success -> active implementation Cactus
Activation requested for 
--->ADMBaseX CanudaX_BSSNMoL CanudaX_ExactID CarpetX IOUtil ODESolvers TmunuBaseX<---
Thorn ADMBaseX requests automatic activation of Loop
Thorn CarpetX requests automatic activation of AMReX
Thorn CarpetX requests automatic activation of MPI
Thorn CarpetX requests automatic activation of yaml_cpp
Thorn CarpetX requests automatic activation of zlib
Thorn CarpetX requests automatic activation of Arith
Thorn CarpetX requests automatic activation of CarpetXRegrid
Thorn CarpetX requests automatic activation of ADIOS2
Thorn CarpetX requests automatic activation of openPMD
Thorn CarpetX requests automatic activation of Silo
Thorn ADIOS2 requests automatic activation of CMake
Thorn Arith requests automatic activation of NSIMD
Thorn MPI requests automatic activation of hwloc
Thorn openPMD requests automatic activation of HDF5
Activating thorn ADIOS2...Success -> active implementation ADIOS2
Activating thorn ADMBaseX...Success -> active implementation ADMBaseX
Activating thorn AMReX...Success -> active implementation AMReX
Activating thorn Arith...Success -> active implementation Arith
Activating thorn CanudaX_BSSNMoL...Success -> active implementation CanudaX_BSSNMoL
Activating thorn CanudaX_ExactID...Success -> active implementation CanudaX_ExactID
Activating thorn CarpetX...Success -> active implementation Driver
Activating thorn CarpetXRegrid...Success -> active implementation CarpetXRegrid
Activating thorn CMake...Success -> active implementation CMake
Activating thorn HDF5...Success -> active implementation HDF5
Activating thorn hwloc...Success -> active implementation hwloc
Activating thorn IOUtil...Success -> active implementation IO
Activating thorn Loop...Success -> active implementation Loop
Activating thorn MPI...Success -> active implementation MPI
Activating thorn NSIMD...Success -> active implementation NSIMD
Activating thorn ODESolvers...Success -> active implementation ODESolvers
Activating thorn openPMD...Success -> active implementation openPMD
Activating thorn Silo...Success -> active implementation Silo
Activating thorn TmunuBaseX...Success -> active implementation TmunuBaseX
Activating thorn yaml_cpp...Success -> active implementation yaml_cpp
Activating thorn zlib...Success -> active implementation zlib
--------------------------------------------------------------------------------
  if (recover initial data)
    Recover parameters
  endif

  Startup routines
    [CCTK_STARTUP]
      CarpetX::Driver_Startup: Start up the driver
      IOUtil::IOUtil_Startup: Startup routine
      GROUP hwloc_startup: hwloc startup group
        hwloc::hwloc_version: Output hwloc version

  Startup routines which need an existing grid hierarchy
    [CCTK_WRAGH]
      Arith::Test_smallvector: [meta] Test small vectors
      Arith::Test_spvect: [meta] Test sparse vectors
      ODESolvers::ODESolvers_InitConstants: [global] Set up dummy loop counters for schedule printout
  Parameter checking routines
    [CCTK_PARAMCHECK]
      CanudaX_BSSNMoL::CanudaX_BSSNMoL_paramcheck: Check CanudaX_BSSNMoL parameters for consistency

  Initialisation
    if (NOT (recover initial data AND recovery_mode is 'strict'))
      [CCTK_PREREGRIDINITIAL]
      Set up grid hierarchy
      [CCTK_POSTREGRIDINITIAL]
      [CCTK_BASEGRID]
        CarpetXRegrid::CarpetXRegrid_InitError: Initialize regridding error to zero
        GROUP ODESolvers_BaseGrid: Set up constants (e.g. coordinates) everywhere on the grid
      [CCTK_INITIAL]
        GROUP TmunuBaseX_SetTmunuVars: Schedule group for setting T_munu
          TmunuBaseX::TmunuBaseX_ZeroTmunu: Set T_munu to zero
          GROUP TmunuBaseX_AddToTmunu: Add to T_munu here
        GROUP ODESolvers_Initial: Set up initial conditions on interior of state vector
          GROUP ADMBaseX_InitialData: Schedule group for calculating ADM initial data
            GROUP CanudaX_ExactIDGroup: CanudaX_ExactID group for setting up initial data
              CanudaX_ExactID::CanudaX_ExactID_GaugeWave: [local] Create gauge wave initial data
          GROUP ADMBaseX_InitialGauge: Schedule group for the ADM initial gauge condition
            ADMBaseX::ADMBaseX_initial_dtlapse: Set dtlapse to zero
            ADMBaseX::ADMBaseX_initial_dtshift: Set dtshift to zero
          GROUP ADMBaseX_PostInitial: Schedule group for modifying the ADM initial data, such as e.g. adding noise
        GROUP CanudaX_BSSNMoL_InitialGroup: CanudaX_BSSNMoL: initial bin
          CanudaX_BSSNMoL::CanudaX_BSSNMoL_adm2bssn: [local] Convert initial data into BSSN variables
          CanudaX_BSSNMoL::CanudaX_BSSNMoL_gammat: [local] Set Gammat initial data
      [CCTK_POSTINITIAL]
        GROUP ODESolvers_PostStep: Apply boundary conditions to state vector, and project if necessary
          GROUP CanudaX_BSSNMoL_PostStepGroup: CanudaX_BSSNMoL: post-step operations
            CanudaX_BSSNMoL::CanudaX_BSSNMoL_impose_conf_fac_floor: Make sure conformal factor does not drop below specified value
            CanudaX_BSSNMoL::CanudaX_BSSNMoL_reset_detmetric: reset dethh = 1
            CanudaX_BSSNMoL::CanudaX_BSSNMoL_remove_trA: Remove trace of A
            CanudaX_BSSNMoL::CanudaX_BSSNMoL_sync: [global] Sync state vector
            CanudaX_BSSNMoL::CanudaX_BSSNMoL_bssn2adm: [local] Convert variables back to the ADM ones
          GROUP ADMBaseX_SetADMRHS: Set ADM RHS variables in this group
          GROUP ADMBaseX_SetADMVars: Set ADM variables in this group
          GROUP TmunuBaseX_SetTmunuVars: Schedule group for setting T_munu
            TmunuBaseX::TmunuBaseX_ZeroTmunu: Set T_munu to zero
            GROUP TmunuBaseX_AddToTmunu: Add to T_munu here
        GROUP ODESolvers_EstimateError: Estimate discretization error (for regridding)
      Initialise finer grids recursively
      Restrict from finer grids
      [CCTK_POSTRESTRICTINITIAL]
      [CCTK_POSTPOSTINITIAL]
      [CCTK_POSTSTEP]
        GROUP ODESolvers_EstimateError: Estimate discretization error (for regridding)
    endif
    if (recover initial data)
      [CCTK_BASEGRID]
        CarpetXRegrid::CarpetXRegrid_InitError: Initialize regridding error to zero
        GROUP ODESolvers_BaseGrid: Set up constants (e.g. coordinates) everywhere on the grid
      [CCTK_RECOVER_VARIABLES]
      [CCTK_POST_RECOVER_VARIABLES]
        GROUP ODESolvers_PostStep: Apply boundary conditions to state vector, and project if necessary
          GROUP CanudaX_BSSNMoL_PostStepGroup: CanudaX_BSSNMoL: post-step operations
            CanudaX_BSSNMoL::CanudaX_BSSNMoL_impose_conf_fac_floor: Make sure conformal factor does not drop below specified value
            CanudaX_BSSNMoL::CanudaX_BSSNMoL_reset_detmetric: reset dethh = 1
            CanudaX_BSSNMoL::CanudaX_BSSNMoL_remove_trA: Remove trace of A
            CanudaX_BSSNMoL::CanudaX_BSSNMoL_sync: [global] Sync state vector
            CanudaX_BSSNMoL::CanudaX_BSSNMoL_bssn2adm: [local] Convert variables back to the ADM ones
          GROUP ADMBaseX_SetADMRHS: Set ADM RHS variables in this group
          GROUP ADMBaseX_SetADMVars: Set ADM variables in this group
          GROUP TmunuBaseX_SetTmunuVars: Schedule group for setting T_munu
            TmunuBaseX::TmunuBaseX_ZeroTmunu: Set T_munu to zero
            GROUP TmunuBaseX_AddToTmunu: Add to T_munu here
        GROUP ODESolvers_EstimateError: Estimate discretization error (for regridding)
    endif
    if (checkpoint initial data)
      [CCTK_CPINITIAL]
        CarpetX::CarpetX_CheckpointInitial: [meta] Checkpoint initial conditions
    endif
    if (analysis)
      [CCTK_ANALYSIS]
        CanudaX_BSSNMoL::CanudaX_BSSNMoL_bssn_constraints: Compute constraints
        GROUP ODESolvers_Analysis: Calculate analysis quantities everywhere
  endif
  Output grid variables

  do loop over timesteps
    [CCTK_PREREGRID]
    Change grid hierarchy
    [CCTK_POSTREGRID]
      GROUP ODESolvers_PostStep: Apply boundary conditions to state vector, and project if necessary
        GROUP CanudaX_BSSNMoL_PostStepGroup: CanudaX_BSSNMoL: post-step operations
          CanudaX_BSSNMoL::CanudaX_BSSNMoL_impose_conf_fac_floor: Make sure conformal factor does not drop below specified value
          CanudaX_BSSNMoL::CanudaX_BSSNMoL_reset_detmetric: reset dethh = 1
          CanudaX_BSSNMoL::CanudaX_BSSNMoL_remove_trA: Remove trace of A
          CanudaX_BSSNMoL::CanudaX_BSSNMoL_sync: [global] Sync state vector
          CanudaX_BSSNMoL::CanudaX_BSSNMoL_bssn2adm: [local] Convert variables back to the ADM ones
        GROUP ADMBaseX_SetADMRHS: Set ADM RHS variables in this group
        GROUP ADMBaseX_SetADMVars: Set ADM variables in this group
        GROUP TmunuBaseX_SetTmunuVars: Schedule group for setting T_munu
          TmunuBaseX::TmunuBaseX_ZeroTmunu: Set T_munu to zero
          GROUP TmunuBaseX_AddToTmunu: Add to T_munu here
    Rotate timelevels
    iteration = iteration+1
    t = t+dt
    [CCTK_PRESTEP]
    [CCTK_EVOL]
      ODESolvers::ODESolvers_Solve: [level] Solve ODEs
      while (ODESolvers::do_substeps)
        GROUP ODESolvers_CalledBySolve: Groups internally scheduled by ODESolvers_Solve
          GROUP ODESolvers_RHS: Evaluate the RHS for of state vector everywhere on the grid
            GROUP CanudaX_BSSNMoL_RHSGroup: CanudaX_BSSNMoL: calculate BSSN RHS
              CanudaX_BSSNMoL::CanudaX_BSSNMoL_calc_bssn_rhs: MoL RHS calculation
              CanudaX_BSSNMoL::CanudaX_BSSNMoL_apply_boundary_conditions: Apply radiative boundary conditions 
          GROUP ODESolvers_PostStep: Apply boundary conditions to state vector, and project if necessary
            GROUP CanudaX_BSSNMoL_PostStepGroup: CanudaX_BSSNMoL: post-step operations
              CanudaX_BSSNMoL::CanudaX_BSSNMoL_impose_conf_fac_floor: Make sure conformal factor does not drop below specified value
              CanudaX_BSSNMoL::CanudaX_BSSNMoL_reset_detmetric: reset dethh = 1
              CanudaX_BSSNMoL::CanudaX_BSSNMoL_remove_trA: Remove trace of A
              CanudaX_BSSNMoL::CanudaX_BSSNMoL_sync: [global] Sync state vector
              CanudaX_BSSNMoL::CanudaX_BSSNMoL_bssn2adm: [local] Convert variables back to the ADM ones
            GROUP ADMBaseX_SetADMRHS: Set ADM RHS variables in this group
            GROUP ADMBaseX_SetADMVars: Set ADM variables in this group
            GROUP TmunuBaseX_SetTmunuVars: Schedule group for setting T_munu
              TmunuBaseX::TmunuBaseX_ZeroTmunu: Set T_munu to zero
              GROUP TmunuBaseX_AddToTmunu: Add to T_munu here
      end while
    Evolve finer grids recursively
    Restrict from finer grids
    [CCTK_POSTRESTRICT]
      GROUP ODESolvers_PostStep: Apply boundary conditions to state vector, and project if necessary
        GROUP CanudaX_BSSNMoL_PostStepGroup: CanudaX_BSSNMoL: post-step operations
          CanudaX_BSSNMoL::CanudaX_BSSNMoL_impose_conf_fac_floor: Make sure conformal factor does not drop below specified value
          CanudaX_BSSNMoL::CanudaX_BSSNMoL_reset_detmetric: reset dethh = 1
          CanudaX_BSSNMoL::CanudaX_BSSNMoL_remove_trA: Remove trace of A
          CanudaX_BSSNMoL::CanudaX_BSSNMoL_sync: [global] Sync state vector
          CanudaX_BSSNMoL::CanudaX_BSSNMoL_bssn2adm: [local] Convert variables back to the ADM ones
        GROUP ADMBaseX_SetADMRHS: Set ADM RHS variables in this group
        GROUP ADMBaseX_SetADMVars: Set ADM variables in this group
        GROUP TmunuBaseX_SetTmunuVars: Schedule group for setting T_munu
          TmunuBaseX::TmunuBaseX_ZeroTmunu: Set T_munu to zero
          GROUP TmunuBaseX_AddToTmunu: Add to T_munu here
    [CCTK_POSTSTEP]
      GROUP ODESolvers_EstimateError: Estimate discretization error (for regridding)
    if (checkpoint)
      [CCTK_CHECKPOINT]
      CarpetX::CarpetX_Checkpoint: [meta] Checkpoint
    endif
    if (analysis)
      [CCTK_ANALYSIS]
      CanudaX_BSSNMoL::CanudaX_BSSNMoL_bssn_constraints: Compute constraints
      GROUP ODESolvers_Analysis: Calculate analysis quantities everywhere
    endif
    Output grid variables
    enddo

  Termination routines
    [CCTK_TERMINATE]
      CarpetX::CarpetX_CheckpointTerminate: [meta] Checkpoint before terminating

  Shutdown routines
    [CCTK_SHUTDOWN]
      CarpetX::Driver_Shutdown: [meta] Shut down the driver

  Routines run after changing the grid hierarchy:
    [CCTK_POSTREGRID]
      GROUP ODESolvers_PostStep: Apply boundary conditions to state vector, and project if necessary
        GROUP CanudaX_BSSNMoL_PostStepGroup: CanudaX_BSSNMoL: post-step operations
          CanudaX_BSSNMoL::CanudaX_BSSNMoL_impose_conf_fac_floor: Make sure conformal factor does not drop below specified value
          CanudaX_BSSNMoL::CanudaX_BSSNMoL_reset_detmetric: reset dethh = 1
          CanudaX_BSSNMoL::CanudaX_BSSNMoL_remove_trA: Remove trace of A
          CanudaX_BSSNMoL::CanudaX_BSSNMoL_sync: [global] Sync state vector
          CanudaX_BSSNMoL::CanudaX_BSSNMoL_bssn2adm: [local] Convert variables back to the ADM ones
        GROUP ADMBaseX_SetADMRHS: Set ADM RHS variables in this group
        GROUP ADMBaseX_SetADMVars: Set ADM variables in this group
        GROUP TmunuBaseX_SetTmunuVars: Schedule group for setting T_munu
          TmunuBaseX::TmunuBaseX_ZeroTmunu: Set T_munu to zero
          GROUP TmunuBaseX_AddToTmunu: Add to T_munu here
--------------------------------------------------------------------------------
INFO (hwloc): library version 2.10.0, API version 0x20800
--------------------------------------------------------------------------------

  [34m  ▕▏  [34m  ▕▏  [34m  ▕▏  [34m  ▕▏  [34m  ▕▏  [34m  ▕▏  [34m  ▕▏  [34m  ▕▏  [34m  ▕▏  [39m  
  [34m──██──[34m──██──[34m──██──[34m──██──[34m──██──[34m──██──[34m──██──[34m──██──[34m──██──[39m  
  [34m  ▕▏  [34m  ▕▏  [34m  ▕▏  [34m  ▕▏  [34m  ▕▏  [34m  ▕▏  [34m  ▕▏  [34m  ▕▏  [34m  ▕▏  [39m  
  [34m  ▕▏  [32m██████[34m  ▕▏  [34m  ▕▏  [32m██████[34m  ▕▏  [34m  ▕▏  [32m██████[34m  ▕▏  [39m  
  [34m──██──[32m██████[34m──██──[34m──██──[32m██████[34m──██──[34m──██──[32m██████[34m──██──[39m  
  [34m  ▕▏  [32m██████[34m  ▕▏  [34m  ▕▏  [32m██████[34m  ▕▏  [34m  ▕▏  [32m██████[34m  ▕▏  [39m  
  [34m  ▕▏  [34m  ▕▏  [34m  ▕▏  [34m  ▕▏  [34m  ▕▏  [34m  ▕▏  [34m  ▕▏  [34m  ▕▏  [34m  ▕▏  [39m  
  [34m──██──[34m──██──[34m──██──[34m──██──[34m──██──[34m──██──[34m──██──[34m──██──[34m──██──[39m  
  [34m  ▕▏  [34m  ▕▏  [34m  ▕▏  [34m  ▕▏  [34m  ▕▏  [34m  ▕▏  [34m  ▕▏  [34m  ▕▏  [34m  ▕▏  [39m  
  [34m  ▕▏  [34m  ▕▏  [34m  ▕▏  [31m██████[31m██████[31m██████[34m  ▕▏  [34m  ▕▏  [34m  ▕▏  [39m  
  [34m──██──[34m──██──[34m──██──[31m██████[31m██████[31m██████[34m──██──[34m──██──[34m──██──[39m  
  [34m  ▕▏  [34m  ▕▏  [34m  ▕▏  [31m██████[31m██████[31m██████[34m  ▕▏  [34m  ▕▏  [34m  ▕▏  [39m  
  [34m  ▕▏  [32m██████[34m  ▕▏  [31m██████[31m██████[31m██████[34m  ▕▏  [32m██████[34m  ▕▏  [39m  
  [34m──██──[32m██████[34m──██──[31m██████[31m██████[31m██████[34m──██──[32m██████[34m──██──[39m  
  [34m  ▕▏  [32m██████[34m  ▕▏  [31m██████[31m██████[31m██████[34m  ▕▏  [32m██████[34m  ▕▏  [39m  
  [34m  ▕▏  [34m  ▕▏  [34m  ▕▏  [31m██████[31m██████[31m██████[34m  ▕▏  [34m  ▕▏  [34m  ▕▏  [39m  
  [34m──██──[34m──██──[34m──██──[31m██████[31m██████[31m██████[34m──██──[34m──██──[34m──██──[39m  
  [34m  ▕▏  [34m  ▕▏  [34m  ▕▏  [31m██████[31m██████[31m██████[34m  ▕▏  [34m  ▕▏  [34m  ▕▏  [39m  
  [34m  ▕▏  [34m  ▕▏  [34m  ▕▏  [34m  ▕▏  [34m  ▕▏  [34m  ▕▏  [34m  ▕▏  [34m  ▕▏  [34m  ▕▏  [39m  
  [34m──██──[34m──██──[34m──██──[34m──██──[34m──██──[34m──██──[34m──██──[34m──██──[34m──██──[39m  
  [34m  ▕▏  [34m  ▕▏  [34m  ▕▏  [34m  ▕▏  [34m  ▕▏  [34m  ▕▏  [34m  ▕▏  [34m  ▕▏  [34m  ▕▏  [39m  
  [34m  ▕▏  [32m██████[34m  ▕▏  [34m  ▕▏  [32m██████[34m  ▕▏  [34m  ▕▏  [32m██████[34m  ▕▏  [39m  
  [34m──██──[32m██████[34m──██──[34m──██──[32m██████[34m──██──[34m──██──[32m██████[34m──██──[39m  
  [34m  ▕▏  [32m██████[34m  ▕▏  [34m  ▕▏  [32m██████[34m  ▕▏  [34m  ▕▏  [32m██████[34m  ▕▏  [39m  
  [34m  ▕▏  [34m  ▕▏  [34m  ▕▏  [34m  ▕▏  [34m  ▕▏  [34m  ▕▏  [34m  ▕▏  [34m  ▕▏  [34m  ▕▏  [39m  
  [34m──██──[34m──██──[34m──██──[34m──██──[34m──██──[34m──██──[34m──██──[34m──██──[34m──██──[39m  
  [34m  ▕▏  [34m  ▕▏  [34m  ▕▏  [34m  ▕▏  [34m  ▕▏  [34m  ▕▏  [34m  ▕▏  [34m  ▕▏  [34m  ▕▏  [39m  

AMR driver provided by CarpetX,
using AMReX 25.11 (MPI, OpenMP, no accelerators, debug)
--------------------------------------------------------------------------------

Initializing AMReX (25.11)...
MPI initialized with 2 MPI processes
MPI initialized with thread support level 2
OMP initialized with 1 OMP threads
AMReX (25.11) initialized
INFO (CarpetX): 
Symmetries:
  lower x: periodic
  lower y: periodic
  lower z: periodic
  upper x: periodic
  upper y: periodic
  upper z: periodic
Default boundaries:
  lower x: symmetry_boundary
  lower y: symmetry_boundary
  lower z: symmetry_boundary
  upper x: symmetry_boundary
  upper y: symmetry_boundary
  upper z: symmetry_boundary
INFO (Arith): Test_smallvector
INFO (Arith): Test_spvect
INFO (CarpetX): Setting initial values for max_grid_size values for all levels
INFO (CarpetX): Setting up initial conditions...
INFO (CarpetX): Iteration: 0   time: 0   delta_time: 0.00390625
INFO (CarpetX): Patch 0:
INFO (CarpetX):   Grid extent:
INFO (CarpetX):     gsh=[71,15,15]
INFO (CarpetX):     blocking_factor=[8,8,8]
INFO (CarpetX):     max_grid_size=[10000000,10000000,10000000]
INFO (CarpetX):     max_tile_size=[1024000,16,32]
INFO (CarpetX):   Domain extent:
INFO (CarpetX):     xmin=[-0.5,-0.0625,-0.0625]
INFO (CarpetX):     xmax=[0.5,0.0625,0.0625]
INFO (CarpetX):     base dx=[0.015625,0.015625,0.015625]
INFO (CarpetX): Initializing level 0...
INFO (CanudaX_ExactID): Begin Gauge Wave initial data
INFO (CanudaX_ExactID): === End gauge wave initial data ===
INFO (CarpetX): Regridding...
INFO (CarpetX):   level 0: 2 boxes, 4096 cells (100%)
INFO (CarpetX): Initialized 1 levels
INFO (CarpetX): OutputGH: iteration 0, time 0.000000, run time 0 s
INFO (CarpetX): OutputGH done.
INFO (CarpetX): Starting evolution...
INFO (ODESolvers): ODE integrator is RK4
INFO (CarpetX): OutputGH: iteration 1, time 0.003906, run time 1 s
INFO (CarpetX): OutputGH done.
INFO (CarpetX): Simulation time: 0.00390625   Iterations per second: 23.8595   Simulation time per second: 0.0932011
INFO (CarpetX): Grid cells: 4096   Grid cell updates per second: 97728.4
INFO (CarpetX): Performance:
INFO (CarpetX):   total evolution time:            0.0419121 sec
INFO (CarpetX):   total evolution compute time:    0.041883 sec
INFO (CarpetX):   total evolution output time:     2.90871e-05 sec
INFO (CarpetX):   total iterations:                1
INFO (CarpetX):   total cells updated:             4096
INFO (CarpetX):   average iterations per second: 23.8595
INFO (CarpetX):   average cell updates per second: 97728.4
INFO (CarpetX): OutputGH: iteration 2, time 0.007812, run time 1 s
INFO (CarpetX): OutputGH done.
INFO (CarpetX): Simulation time: 0.0078125   Iterations per second: 24.4914   Simulation time per second: 0.0956696
INFO (CarpetX): Grid cells: 4096   Grid cell updates per second: 100317
INFO (CarpetX): Performance:
INFO (CarpetX):   total evolution time:            0.0816612 sec
INFO (CarpetX):   total evolution compute time:    0.0816031 sec
INFO (CarpetX):   total evolution output time:     5.81741e-05 sec
INFO (CarpetX):   total iterations:                2
INFO (CarpetX):   total cells updated:             8192
INFO (CarpetX):   average iterations per second: 24.4914
INFO (CarpetX):   average cell updates per second: 100317
INFO (CarpetX): OutputGH: iteration 3, time 0.011719, run time 1 s
INFO (CarpetX): OutputGH done.
INFO (CarpetX): Simulation time: 0.0117188   Iterations per second: 24.6954   Simulation time per second: 0.0964663
INFO (CarpetX): Grid cells: 4096   Grid cell updates per second: 101152
INFO (CarpetX): Performance:
INFO (CarpetX):   total evolution time:            0.12148 sec
INFO (CarpetX):   total evolution compute time:    0.121394 sec
INFO (CarpetX):   total evolution output time:     8.60691e-05 sec
INFO (CarpetX):   total iterations:                3
INFO (CarpetX):   total cells updated:             12288
INFO (CarpetX):   average iterations per second: 24.6954
INFO (CarpetX):   average cell updates per second: 101152
INFO (CarpetX): OutputGH: iteration 4, time 0.015625, run time 1 s
INFO (CarpetX): OutputGH done.
INFO (CarpetX): Simulation time: 0.015625   Iterations per second: 24.7939   Simulation time per second: 0.096851
INFO (CarpetX): Grid cells: 4096   Grid cell updates per second: 101556
INFO (CarpetX): Performance:
INFO (CarpetX):   total evolution time:            0.16133 sec
INFO (CarpetX):   total evolution compute time:    0.161222 sec
INFO (CarpetX):   total evolution output time:     0.000108004 sec
INFO (CarpetX):   total iterations:                4
INFO (CarpetX):   total cells updated:             16384
INFO (CarpetX):   average iterations per second: 24.7939
INFO (CarpetX):   average cell updates per second: 101556
INFO (CarpetX): OutputGH: iteration 5, time 0.019531, run time 1 s
INFO (CarpetX): OutputGH done.
INFO (CarpetX): Simulation time: 0.0195312   Iterations per second: 24.8583   Simulation time per second: 0.0971027
INFO (CarpetX): Grid cells: 4096   Grid cell updates per second: 101820
INFO (CarpetX): Performance:
INFO (CarpetX):   total evolution time:            0.20114 sec
INFO (CarpetX):   total evolution compute time:    0.201011 sec
INFO (CarpetX):   total evolution output time:     0.000128984 sec
INFO (CarpetX):   total iterations:                5
INFO (CarpetX):   total cells updated:             20480
INFO (CarpetX):   average iterations per second: 24.8583
INFO (CarpetX):   average cell updates per second: 101820
INFO (CarpetX): OutputGH: iteration 6, time 0.023438, run time 1 s
INFO (CarpetX): OutputGH done.
INFO (CarpetX): Simulation time: 0.0234375   Iterations per second: 24.8986   Simulation time per second: 0.0972603
INFO (CarpetX): Grid cells: 4096   Grid cell updates per second: 101985
INFO (CarpetX): Performance:
INFO (CarpetX):   total evolution time:            0.240977 sec
INFO (CarpetX):   total evolution compute time:    0.240819 sec
INFO (CarpetX):   total evolution output time:     0.000157833 sec
INFO (CarpetX):   total iterations:                6
INFO (CarpetX):   total cells updated:             24576
INFO (CarpetX):   average iterations per second: 24.8986
INFO (CarpetX):   average cell updates per second: 101985
INFO (CarpetX): OutputGH: iteration 7, time 0.027344, run time 1 s
INFO (CarpetX): OutputGH done.
INFO (CarpetX): Simulation time: 0.0273438   Iterations per second: 24.9323   Simulation time per second: 0.0973919
INFO (CarpetX): Grid cells: 4096   Grid cell updates per second: 102123
INFO (CarpetX): Performance:
INFO (CarpetX):   total evolution time:            0.28076 sec
INFO (CarpetX):   total evolution compute time:    0.280573 sec
INFO (CarpetX):   total evolution output time:     0.00018692 sec
INFO (CarpetX):   total iterations:                7
INFO (CarpetX):   total cells updated:             28672
INFO (CarpetX):   average iterations per second: 24.9323
INFO (CarpetX):   average cell updates per second: 102123
INFO (CarpetX): OutputGH: iteration 8, time 0.031250, run time 1 s
INFO (CarpetX): OutputGH done.
INFO (CarpetX): Simulation time: 0.03125   Iterations per second: 24.9622   Simulation time per second: 0.0975084
INFO (CarpetX): Grid cells: 4096   Grid cell updates per second: 102245
INFO (CarpetX): Performance:
INFO (CarpetX):   total evolution time:            0.320485 sec
INFO (CarpetX):   total evolution compute time:    0.320272 sec
INFO (CarpetX):   total evolution output time:     0.000212908 sec
INFO (CarpetX):   total iterations:                8
INFO (CarpetX):   total cells updated:             32768
INFO (CarpetX):   average iterations per second: 24.9622
INFO (CarpetX):   average cell updates per second: 102245
INFO (CarpetX): OutputGH: iteration 9, time 0.035156, run time 1 s
INFO (CarpetX): OutputGH done.
INFO (CarpetX): Simulation time: 0.0351562   Iterations per second: 24.9774   Simulation time per second: 0.0975681
INFO (CarpetX): Grid cells: 4096   Grid cell updates per second: 102308
INFO (CarpetX): Performance:
INFO (CarpetX):   total evolution time:            0.360325 sec
INFO (CarpetX):   total evolution compute time:    0.360083 sec
INFO (CarpetX):   total evolution output time:     0.000241995 sec
INFO (CarpetX):   total iterations:                9
INFO (CarpetX):   total cells updated:             36864
INFO (CarpetX):   average iterations per second: 24.9774
INFO (CarpetX):   average cell updates per second: 102308
INFO (CarpetX): OutputGH: iteration 10, time 0.039062, run time 1 s
INFO (CarpetX): OutputGH done.
INFO (CarpetX): Simulation time: 0.0390625   Iterations per second: 24.9935   Simulation time per second: 0.0976309
INFO (CarpetX): Grid cells: 4096   Grid cell updates per second: 102373
INFO (CarpetX): Performance:
INFO (CarpetX):   total evolution time:            0.400104 sec
INFO (CarpetX):   total evolution compute time:    0.39983 sec
INFO (CarpetX):   total evolution output time:     0.000273943 sec
INFO (CarpetX):   total iterations:                10
INFO (CarpetX):   total cells updated:             40960
INFO (CarpetX):   average iterations per second: 24.9935
INFO (CarpetX):   average cell updates per second: 102373
INFO (CarpetX): OutputGH: iteration 11, time 0.042969, run time 1 s
INFO (CarpetX): OutputGH done.
INFO (CarpetX): Simulation time: 0.0429688   Iterations per second: 24.9889   Simulation time per second: 0.0976129
INFO (CarpetX): Grid cells: 4096   Grid cell updates per second: 102355
INFO (CarpetX): Performance:
INFO (CarpetX):   total evolution time:            0.440188 sec
INFO (CarpetX):   total evolution compute time:    0.439883 sec
INFO (CarpetX):   total evolution output time:     0.000304937 sec
INFO (CarpetX):   total iterations:                11
INFO (CarpetX):   total cells updated:             45056
INFO (CarpetX):   average iterations per second: 24.9893
INFO (CarpetX):   average cell updates per second: 102356
INFO (CarpetX): OutputGH: iteration 12, time 0.046875, run time 2 s
INFO (CarpetX): OutputGH done.
INFO (CarpetX): Simulation time: 0.046875   Iterations per second: 24.9973   Simulation time per second: 0.0976456
INFO (CarpetX): Grid cells: 4096   Grid cell updates per second: 102389
INFO (CarpetX): Performance:
INFO (CarpetX):   total evolution time:            0.480072 sec
INFO (CarpetX):   total evolution compute time:    0.479737 sec
INFO (CarpetX):   total evolution output time:     0.000334978 sec
INFO (CarpetX):   total iterations:                12
INFO (CarpetX):   total cells updated:             49152
INFO (CarpetX):   average iterations per second: 24.9963
INFO (CarpetX):   average cell updates per second: 102385
INFO (CarpetX): OutputGH: iteration 13, time 0.050781, run time 2 s
INFO (CarpetX): OutputGH done.
INFO (CarpetX): Simulation time: 0.0507812   Iterations per second: 24.9979   Simulation time per second: 0.0976481
INFO (CarpetX): Grid cells: 4096   Grid cell updates per second: 102391
INFO (CarpetX): Performance:
INFO (CarpetX):   total evolution time:            0.520066 sec
INFO (CarpetX):   total evolution compute time:    0.519699 sec
INFO (CarpetX):   total evolution output time:     0.000366926 sec
INFO (CarpetX):   total iterations:                13
INFO (CarpetX):   total cells updated:             53248
INFO (CarpetX):   average iterations per second: 24.9968
INFO (CarpetX):   average cell updates per second: 102387
INFO (CarpetX): OutputGH: iteration 14, time 0.054688, run time 2 s
INFO (CarpetX): OutputGH done.
INFO (CarpetX): Simulation time: 0.0546875   Iterations per second: 25.0084   Simulation time per second: 0.097689
INFO (CarpetX): Grid cells: 4096   Grid cell updates per second: 102434
INFO (CarpetX): Performance:
INFO (CarpetX):   total evolution time:            0.559902 sec
INFO (CarpetX):   total evolution compute time:    0.559506 sec
INFO (CarpetX):   total evolution output time:     0.000395775 sec
INFO (CarpetX):   total iterations:                14
INFO (CarpetX):   total cells updated:             57344
INFO (CarpetX):   average iterations per second: 25.0044
INFO (CarpetX):   average cell updates per second: 102418
INFO (CarpetX): OutputGH: iteration 15, time 0.058594, run time 2 s
INFO (CarpetX): OutputGH done.
INFO (CarpetX): Simulation time: 0.0585938   Iterations per second: 25.0243   Simulation time per second: 0.0977512
INFO (CarpetX): Grid cells: 4096   Grid cell updates per second: 102500
INFO (CarpetX): Performance:
INFO (CarpetX):   total evolution time:            0.599634 sec
INFO (CarpetX):   total evolution compute time:    0.599206 sec
INFO (CarpetX):   total evolution output time:     0.000427723 sec
INFO (CarpetX):   total iterations:                15
INFO (CarpetX):   total cells updated:             61440
INFO (CarpetX):   average iterations per second: 25.0153
INFO (CarpetX):   average cell updates per second: 102463
INFO (CarpetX): OutputGH: iteration 16, time 0.062500, run time 2 s
INFO (CarpetX): OutputGH done.
INFO (CarpetX): Simulation time: 0.0625   Iterations per second: 25.0289   Simulation time per second: 0.0977693
INFO (CarpetX): Grid cells: 4096   Grid cell updates per second: 102519
INFO (CarpetX): Performance:
INFO (CarpetX):   total evolution time:            0.639521 sec
INFO (CarpetX):   total evolution compute time:    0.639062 sec
INFO (CarpetX):   total evolution output time:     0.000458717 sec
INFO (CarpetX):   total iterations:                16
INFO (CarpetX):   total cells updated:             65536
INFO (CarpetX):   average iterations per second: 25.0187
INFO (CarpetX):   average cell updates per second: 102477
INFO (CarpetX): OutputGH: iteration 17, time 0.066406, run time 2 s
INFO (CarpetX): OutputGH done.
INFO (CarpetX): Simulation time: 0.0664062   Iterations per second: 25.0391   Simulation time per second: 0.0978092
INFO (CarpetX): Grid cells: 4096   Grid cell updates per second: 102560
INFO (CarpetX): Performance:
INFO (CarpetX):   total evolution time:            0.679312 sec
INFO (CarpetX):   total evolution compute time:    0.678824 sec
INFO (CarpetX):   total evolution output time:     0.000487566 sec
INFO (CarpetX):   total iterations:                17
INFO (CarpetX):   total cells updated:             69632
INFO (CarpetX):   average iterations per second: 25.0253
INFO (CarpetX):   average cell updates per second: 102504
INFO (CarpetX): OutputGH: iteration 18, time 0.070312, run time 2 s
INFO (CarpetX): OutputGH done.
INFO (CarpetX): Simulation time: 0.0703125   Iterations per second: 25.0556   Simulation time per second: 0.0978735
INFO (CarpetX): Grid cells: 4096   Grid cell updates per second: 102628
INFO (CarpetX): Performance:
INFO (CarpetX):   total evolution time:            0.718987 sec
INFO (CarpetX):   total evolution compute time:    0.71847 sec
INFO (CarpetX):   total evolution output time:     0.000516653 sec
INFO (CarpetX):   total iterations:                18
INFO (CarpetX):   total cells updated:             73728
INFO (CarpetX):   average iterations per second: 25.0352
INFO (CarpetX):   average cell updates per second: 102544
INFO (CarpetX): OutputGH: iteration 19, time 0.074219, run time 2 s
INFO (CarpetX): OutputGH done.
INFO (CarpetX): Simulation time: 0.0742188   Iterations per second: 25.0679   Simulation time per second: 0.0979217
INFO (CarpetX): Grid cells: 4096   Grid cell updates per second: 102678
INFO (CarpetX): Performance:
INFO (CarpetX):   total evolution time:            0.758702 sec
INFO (CarpetX):   total evolution compute time:    0.758161 sec
INFO (CarpetX):   total evolution output time:     0.000540495 sec
INFO (CarpetX):   total iterations:                19
INFO (CarpetX):   total cells updated:             77824
INFO (CarpetX):   average iterations per second: 25.0428
INFO (CarpetX):   average cell updates per second: 102575
INFO (CarpetX): OutputGH: iteration 20, time 0.078125, run time 2 s
INFO (CarpetX): OutputGH done.
INFO (CarpetX): Simulation time: 0.078125   Iterations per second: 25.0697   Simulation time per second: 0.0979284
INFO (CarpetX): Grid cells: 4096   Grid cell updates per second: 102685
INFO (CarpetX): Performance:
INFO (CarpetX):   total evolution time:            0.798566 sec
INFO (CarpetX):   total evolution compute time:    0.797997 sec
INFO (CarpetX):   total evolution output time:     0.000568628 sec
INFO (CarpetX):   total iterations:                20
INFO (CarpetX):   total cells updated:             81920
INFO (CarpetX):   average iterations per second: 25.0449
INFO (CarpetX):   average cell updates per second: 102584
INFO (CarpetX): OutputGH: iteration 21, time 0.082031, run time 2 s
INFO (CarpetX): OutputGH done.
INFO (CarpetX): Simulation time: 0.0820312   Iterations per second: 25.0775   Simulation time per second: 0.0979591
INFO (CarpetX): Grid cells: 4096   Grid cell updates per second: 102718
INFO (CarpetX): Performance:
INFO (CarpetX):   total evolution time:            0.83833 sec
INFO (CarpetX):   total evolution compute time:    0.837731 sec
INFO (CarpetX):   total evolution output time:     0.000598431 sec
INFO (CarpetX):   total iterations:                21
INFO (CarpetX):   total cells updated:             86016
INFO (CarpetX):   average iterations per second: 25.0498
INFO (CarpetX):   average cell updates per second: 102604
INFO (CarpetX): OutputGH: iteration 22, time 0.085938, run time 2 s
INFO (CarpetX): OutputGH done.
INFO (CarpetX): Simulation time: 0.0859375   Iterations per second: 25.0872   Simulation time per second: 0.0979968
INFO (CarpetX): Grid cells: 4096   Grid cell updates per second: 102757
INFO (CarpetX): Performance:
INFO (CarpetX):   total evolution time:            0.878053 sec
INFO (CarpetX):   total evolution compute time:    0.877426 sec
INFO (CarpetX):   total evolution output time:     0.000626326 sec
INFO (CarpetX):   total iterations:                22
INFO (CarpetX):   total cells updated:             90112
INFO (CarpetX):   average iterations per second: 25.0554
INFO (CarpetX):   average cell updates per second: 102627
INFO (CarpetX): OutputGH: iteration 23, time 0.089844, run time 2 s
INFO (CarpetX): OutputGH done.
INFO (CarpetX): Simulation time: 0.0898438   Iterations per second: 25.0884   Simulation time per second: 0.0980014
INFO (CarpetX): Grid cells: 4096   Grid cell updates per second: 102762
INFO (CarpetX): Performance:
INFO (CarpetX):   total evolution time:            0.917895 sec
INFO (CarpetX):   total evolution compute time:    0.917238 sec
INFO (CarpetX):   total evolution output time:     0.00065732 sec
INFO (CarpetX):   total iterations:                23
INFO (CarpetX):   total cells updated:             94208
INFO (CarpetX):   average iterations per second: 25.0573
INFO (CarpetX):   average cell updates per second: 102635
INFO (CarpetX): OutputGH: iteration 24, time 0.093750, run time 2 s
INFO (CarpetX): OutputGH done.
INFO (CarpetX): Simulation time: 0.09375   Iterations per second: 25.0804   Simulation time per second: 0.0979703
INFO (CarpetX): Grid cells: 4096   Grid cell updates per second: 102729
INFO (CarpetX): Performance:
INFO (CarpetX):   total evolution time:            0.957881 sec
INFO (CarpetX):   total evolution compute time:    0.957195 sec
INFO (CarpetX):   total evolution output time:     0.000686169 sec
INFO (CarpetX):   total iterations:                24
INFO (CarpetX):   total cells updated:             98304
INFO (CarpetX):   average iterations per second: 25.0553
INFO (CarpetX):   average cell updates per second: 102627
INFO (CarpetX): OutputGH: iteration 25, time 0.097656, run time 2 s
INFO (CarpetX): OutputGH done.
INFO (CarpetX): Simulation time: 0.0976562   Iterations per second: 25.0911   Simulation time per second: 0.098012
INFO (CarpetX): Grid cells: 4096   Grid cell updates per second: 102773
INFO (CarpetX): Performance:
INFO (CarpetX):   total evolution time:            0.997583 sec
INFO (CarpetX):   total evolution compute time:    0.996871 sec
INFO (CarpetX):   total evolution output time:     0.000711203 sec
INFO (CarpetX):   total iterations:                25
INFO (CarpetX):   total cells updated:             102400
INFO (CarpetX):   average iterations per second: 25.0606
INFO (CarpetX):   average cell updates per second: 102648
INFO (CarpetX): OutputGH: iteration 26, time 0.101562, run time 2 s
INFO (CarpetX): OutputGH done.
INFO (CarpetX): Simulation time: 0.101562   Iterations per second: 25.0981   Simulation time per second: 0.0980395
INFO (CarpetX): Grid cells: 4096   Grid cell updates per second: 102802
INFO (CarpetX): Performance:
INFO (CarpetX):   total evolution time:            1.03733 sec
INFO (CarpetX):   total evolution compute time:    1.03659 sec
INFO (CarpetX):   total evolution output time:     0.000735283 sec
INFO (CarpetX):   total iterations:                26
INFO (CarpetX):   total cells updated:             106496
INFO (CarpetX):   average iterations per second: 25.0645
INFO (CarpetX):   average cell updates per second: 102664
INFO (CarpetX): OutputGH: iteration 27, time 0.105469, run time 2 s
INFO (CarpetX): OutputGH done.
INFO (CarpetX): Simulation time: 0.105469   Iterations per second: 25.106   Simulation time per second: 0.0980702
INFO (CarpetX): Grid cells: 4096   Grid cell updates per second: 102834
INFO (CarpetX): Performance:
INFO (CarpetX):   total evolution time:            1.07704 sec
INFO (CarpetX):   total evolution compute time:    1.07629 sec
INFO (CarpetX):   total evolution output time:     0.000757217 sec
INFO (CarpetX):   total iterations:                27
INFO (CarpetX):   total cells updated:             110592
INFO (CarpetX):   average iterations per second: 25.0686
INFO (CarpetX):   average cell updates per second: 102681
INFO (CarpetX): OutputGH: iteration 28, time 0.109375, run time 2 s
INFO (CarpetX): OutputGH done.
INFO (CarpetX): Simulation time: 0.109375   Iterations per second: 25.1064   Simulation time per second: 0.098072
INFO (CarpetX): Grid cells: 4096   Grid cell updates per second: 102836
INFO (CarpetX): Performance:
INFO (CarpetX):   total evolution time:            1.11687 sec
INFO (CarpetX):   total evolution compute time:    1.11608 sec
INFO (CarpetX):   total evolution output time:     0.000786304 sec
INFO (CarpetX):   total iterations:                28
INFO (CarpetX):   total cells updated:             114688
INFO (CarpetX):   average iterations per second: 25.0701
INFO (CarpetX):   average cell updates per second: 102687
INFO (CarpetX): OutputGH: iteration 29, time 0.113281, run time 2 s
INFO (CarpetX): OutputGH done.
INFO (CarpetX): Simulation time: 0.113281   Iterations per second: 25.1111   Simulation time per second: 0.0980903
INFO (CarpetX): Grid cells: 4096   Grid cell updates per second: 102855
INFO (CarpetX): Performance:
INFO (CarpetX):   total evolution time:            1.15662 sec
INFO (CarpetX):   total evolution compute time:    1.15581 sec
INFO (CarpetX):   total evolution output time:     0.000815153 sec
INFO (CarpetX):   total iterations:                29
INFO (CarpetX):   total cells updated:             118784
INFO (CarpetX):   average iterations per second: 25.073
INFO (CarpetX):   average cell updates per second: 102699
INFO (CarpetX): OutputGH: iteration 30, time 0.117188, run time 2 s
INFO (CarpetX): OutputGH done.
INFO (CarpetX): Simulation time: 0.117188   Iterations per second: 25.1023   Simulation time per second: 0.0980558
INFO (CarpetX): Grid cells: 4096   Grid cell updates per second: 102819
INFO (CarpetX): Performance:
INFO (CarpetX):   total evolution time:            1.19659 sec
INFO (CarpetX):   total evolution compute time:    1.19574 sec
INFO (CarpetX):   total evolution output time:     0.000844955 sec
INFO (CarpetX):   total iterations:                30
INFO (CarpetX):   total cells updated:             122880
INFO (CarpetX):   average iterations per second: 25.0713
INFO (CarpetX):   average cell updates per second: 102692
INFO (CarpetX): OutputGH: iteration 31, time 0.121094, run time 2 s
INFO (CarpetX): OutputGH done.
INFO (CarpetX): Simulation time: 0.121094   Iterations per second: 25.1003   Simulation time per second: 0.098048
INFO (CarpetX): Grid cells: 4096   Grid cell updates per second: 102811
INFO (CarpetX): Performance:
INFO (CarpetX):   total evolution time:            1.23646 sec
INFO (CarpetX):   total evolution compute time:    1.23558 sec
INFO (CarpetX):   total evolution output time:     0.000872135 sec
INFO (CarpetX):   total iterations:                31
INFO (CarpetX):   total cells updated:             126976
INFO (CarpetX):   average iterations per second: 25.0716
INFO (CarpetX):   average cell updates per second: 102693
INFO (CarpetX): OutputGH: iteration 32, time 0.125000, run time 2 s
INFO (CarpetX): OutputGH done.
INFO (CarpetX): Simulation time: 0.125   Iterations per second: 25.0873   Simulation time per second: 0.0979974
INFO (CarpetX): Grid cells: 4096   Grid cell updates per second: 102758
INFO (CarpetX): Performance:
INFO (CarpetX):   total evolution time:            1.2765 sec
INFO (CarpetX):   total evolution compute time:    1.2756 sec
INFO (CarpetX):   total evolution output time:     0.000900984 sec
INFO (CarpetX):   total iterations:                32
INFO (CarpetX):   total cells updated:             131072
INFO (CarpetX):   average iterations per second: 25.0685
INFO (CarpetX):   average cell updates per second: 102681
INFO (CarpetX): OutputGH: iteration 33, time 0.128906, run time 2 s
INFO (CarpetX): OutputGH done.
INFO (CarpetX): Simulation time: 0.128906   Iterations per second: 25.0741   Simulation time per second: 0.0979457
INFO (CarpetX): Grid cells: 4096   Grid cell updates per second: 102704
INFO (CarpetX): Performance:
INFO (CarpetX):   total evolution time:            1.31657 sec
INFO (CarpetX):   total evolution compute time:    1.31565 sec
INFO (CarpetX):   total evolution output time:     0.000923872 sec
INFO (CarpetX):   total iterations:                33
INFO (CarpetX):   total cells updated:             135168
INFO (CarpetX):   average iterations per second: 25.0651
INFO (CarpetX):   average cell updates per second: 102666
INFO (CarpetX): OutputGH: iteration 34, time 0.132812, run time 2 s
INFO (CarpetX): OutputGH done.
INFO (CarpetX): Simulation time: 0.132812   Iterations per second: 25.086   Simulation time per second: 0.0979923
INFO (CarpetX): Grid cells: 4096   Grid cell updates per second: 102752
INFO (CarpetX): Performance:
INFO (CarpetX):   total evolution time:            1.35627 sec
INFO (CarpetX):   total evolution compute time:    1.35532 sec
INFO (CarpetX):   total evolution output time:     0.000947952 sec
INFO (CarpetX):   total iterations:                34
INFO (CarpetX):   total cells updated:             139264
INFO (CarpetX):   average iterations per second: 25.0688
INFO (CarpetX):   average cell updates per second: 102682
INFO (CarpetX): OutputGH: iteration 35, time 0.136719, run time 2 s
INFO (CarpetX): OutputGH done.
INFO (CarpetX): Simulation time: 0.136719   Iterations per second: 25.1009   Simulation time per second: 0.0980505
INFO (CarpetX): Grid cells: 4096   Grid cell updates per second: 102813
INFO (CarpetX): Performance:
INFO (CarpetX):   total evolution time:            1.39589 sec
INFO (CarpetX):   total evolution compute time:    1.39492 sec
INFO (CarpetX):   total evolution output time:     0.000972986 sec
INFO (CarpetX):   total iterations:                35
INFO (CarpetX):   total cells updated:             143360
INFO (CarpetX):   average iterations per second: 25.0736
INFO (CarpetX):   average cell updates per second: 102701
INFO (CarpetX): OutputGH: iteration 36, time 0.140625, run time 2 s
INFO (CarpetX): OutputGH done.
INFO (CarpetX): Simulation time: 0.140625   Iterations per second: 25.1074   Simulation time per second: 0.0980757
INFO (CarpetX): Grid cells: 4096   Grid cell updates per second: 102840
INFO (CarpetX): Performance:
INFO (CarpetX):   total evolution time:            1.43563 sec
INFO (CarpetX):   total evolution compute time:    1.43463 sec
INFO (CarpetX):   total evolution output time:     0.00100088 sec
INFO (CarpetX):   total iterations:                36
INFO (CarpetX):   total cells updated:             147456
INFO (CarpetX):   average iterations per second: 25.0761
INFO (CarpetX):   average cell updates per second: 102712
INFO (CarpetX): OutputGH: iteration 37, time 0.144531, run time 3 s
INFO (CarpetX): OutputGH done.
INFO (CarpetX): Simulation time: 0.144531   Iterations per second: 25.1083   Simulation time per second: 0.0980793
INFO (CarpetX): Grid cells: 4096   Grid cell updates per second: 102844
INFO (CarpetX): Performance:
INFO (CarpetX):   total evolution time:            1.47544 sec
INFO (CarpetX):   total evolution compute time:    1.47441 sec
INFO (CarpetX):   total evolution output time:     0.00103402 sec
INFO (CarpetX):   total iterations:                37
INFO (CarpetX):   total cells updated:             151552
INFO (CarpetX):   average iterations per second: 25.0772
INFO (CarpetX):   average cell updates per second: 102716
INFO (CarpetX): OutputGH: iteration 38, time 0.148438, run time 3 s
INFO (CarpetX): OutputGH done.
INFO (CarpetX): Simulation time: 0.148438   Iterations per second: 25.1103   Simulation time per second: 0.0980873
INFO (CarpetX): Grid cells: 4096   Grid cell updates per second: 102852
INFO (CarpetX): Performance:
INFO (CarpetX):   total evolution time:            1.51524 sec
INFO (CarpetX):   total evolution compute time:    1.51417 sec
INFO (CarpetX):   total evolution output time:     0.00106502 sec
INFO (CarpetX):   total iterations:                38
INFO (CarpetX):   total cells updated:             155648
INFO (CarpetX):   average iterations per second: 25.0786
INFO (CarpetX):   average cell updates per second: 102722
INFO (CarpetX): OutputGH: iteration 39, time 0.152344, run time 3 s
INFO (CarpetX): OutputGH done.
INFO (CarpetX): Simulation time: 0.152344   Iterations per second: 25.1167   Simulation time per second: 0.098112
INFO (CarpetX): Grid cells: 4096   Grid cell updates per second: 102878
INFO (CarpetX): Performance:
INFO (CarpetX):   total evolution time:            1.55496 sec
INFO (CarpetX):   total evolution compute time:    1.55387 sec
INFO (CarpetX):   total evolution output time:     0.0010941 sec
INFO (CarpetX):   total iterations:                39
INFO (CarpetX):   total cells updated:             159744
INFO (CarpetX):   average iterations per second: 25.081
INFO (CarpetX):   average cell updates per second: 102732
INFO (CarpetX): OutputGH: iteration 40, time 0.156250, run time 3 s
INFO (CarpetX): OutputGH done.
INFO (CarpetX): Simulation time: 0.15625   Iterations per second: 25.1291   Simulation time per second: 0.0981606
INFO (CarpetX): Grid cells: 4096   Grid cell updates per second: 102929
INFO (CarpetX): Performance:
INFO (CarpetX):   total evolution time:            1.59458 sec
INFO (CarpetX):   total evolution compute time:    1.59346 sec
INFO (CarpetX):   total evolution output time:     0.00112295 sec
INFO (CarpetX):   total iterations:                40
INFO (CarpetX):   total cells updated:             163840
INFO (CarpetX):   average iterations per second: 25.085
INFO (CarpetX):   average cell updates per second: 102748
INFO (CarpetX): OutputGH: iteration 41, time 0.160156, run time 3 s
INFO (CarpetX): OutputGH done.
INFO (CarpetX): Simulation time: 0.160156   Iterations per second: 25.1422   Simulation time per second: 0.0982115
INFO (CarpetX): Grid cells: 4096   Grid cell updates per second: 102982
INFO (CarpetX): Performance:
INFO (CarpetX):   total evolution time:            1.63417 sec
INFO (CarpetX):   total evolution compute time:    1.63301 sec
INFO (CarpetX):   total evolution output time:     0.00115395 sec
INFO (CarpetX):   total iterations:                41
INFO (CarpetX):   total cells updated:             167936
INFO (CarpetX):   average iterations per second: 25.0892
INFO (CarpetX):   average cell updates per second: 102765
INFO (CarpetX): OutputGH: iteration 42, time 0.164062, run time 3 s
INFO (CarpetX): OutputGH done.
INFO (CarpetX): Simulation time: 0.164062   Iterations per second: 25.1485   Simulation time per second: 0.0982362
INFO (CarpetX): Grid cells: 4096   Grid cell updates per second: 103008
INFO (CarpetX): Performance:
INFO (CarpetX):   total evolution time:            1.67384 sec
INFO (CarpetX):   total evolution compute time:    1.67266 sec
INFO (CarpetX):   total evolution output time:     0.00118399 sec
INFO (CarpetX):   total iterations:                42
INFO (CarpetX):   total cells updated:             172032
INFO (CarpetX):   average iterations per second: 25.092
INFO (CarpetX):   average cell updates per second: 102777
INFO (CarpetX): OutputGH: iteration 43, time 0.167969, run time 3 s
INFO (CarpetX): OutputGH done.
INFO (CarpetX): Simulation time: 0.167969   Iterations per second: 25.1676   Simulation time per second: 0.0983108
INFO (CarpetX): Grid cells: 4096   Grid cell updates per second: 103086
INFO (CarpetX): Performance:
INFO (CarpetX):   total evolution time:            1.7133 sec
INFO (CarpetX):   total evolution compute time:    1.71209 sec
INFO (CarpetX):   total evolution output time:     0.00121212 sec
INFO (CarpetX):   total iterations:                43
INFO (CarpetX):   total cells updated:             176128
INFO (CarpetX):   average iterations per second: 25.0977
INFO (CarpetX):   average cell updates per second: 102800
INFO (CarpetX): OutputGH: iteration 44, time 0.171875, run time 3 s
INFO (CarpetX): OutputGH done.
INFO (CarpetX): Simulation time: 0.171875   Iterations per second: 25.1633   Simulation time per second: 0.0982942
INFO (CarpetX): Grid cells: 4096   Grid cell updates per second: 103069
INFO (CarpetX): Performance:
INFO (CarpetX):   total evolution time:            1.7531 sec
INFO (CarpetX):   total evolution compute time:    1.75186 sec
INFO (CarpetX):   total evolution output time:     0.00124311 sec
INFO (CarpetX):   total iterations:                44
INFO (CarpetX):   total cells updated:             180224
INFO (CarpetX):   average iterations per second: 25.0983
INFO (CarpetX):   average cell updates per second: 102803
INFO (CarpetX): OutputGH: iteration 45, time 0.175781, run time 3 s
INFO (CarpetX): OutputGH done.
INFO (CarpetX): Simulation time: 0.175781   Iterations per second: 25.1517   Simulation time per second: 0.0982488
INFO (CarpetX): Grid cells: 4096   Grid cell updates per second: 103021
INFO (CarpetX): Performance:
INFO (CarpetX):   total evolution time:            1.79303 sec
INFO (CarpetX):   total evolution compute time:    1.79175 sec
INFO (CarpetX):   total evolution output time:     0.00127411 sec
INFO (CarpetX):   total iterations:                45
INFO (CarpetX):   total cells updated:             184320
INFO (CarpetX):   average iterations per second: 25.0972
INFO (CarpetX):   average cell updates per second: 102798
INFO (CarpetX): OutputGH: iteration 46, time 0.179688, run time 3 s
INFO (CarpetX): OutputGH done.
INFO (CarpetX): Simulation time: 0.179688   Iterations per second: 25.1544   Simulation time per second: 0.0982594
INFO (CarpetX): Grid cells: 4096   Grid cell updates per second: 103032
INFO (CarpetX): Performance:
INFO (CarpetX):   total evolution time:            1.83274 sec
INFO (CarpetX):   total evolution compute time:    1.83144 sec
INFO (CarpetX):   total evolution output time:     0.00130415 sec
INFO (CarpetX):   total iterations:                46
INFO (CarpetX):   total cells updated:             188416
INFO (CarpetX):   average iterations per second: 25.099
INFO (CarpetX):   average cell updates per second: 102805
INFO (CarpetX): OutputGH: iteration 47, time 0.183594, run time 3 s
INFO (CarpetX): OutputGH done.
INFO (CarpetX): Simulation time: 0.183594   Iterations per second: 25.1642   Simulation time per second: 0.0982978
INFO (CarpetX): Grid cells: 4096   Grid cell updates per second: 103073
INFO (CarpetX): Performance:
INFO (CarpetX):   total evolution time:            1.87234 sec
INFO (CarpetX):   total evolution compute time:    1.87101 sec
INFO (CarpetX):   total evolution output time:     0.00133419 sec
INFO (CarpetX):   total iterations:                47
INFO (CarpetX):   total cells updated:             192512
INFO (CarpetX):   average iterations per second: 25.1022
INFO (CarpetX):   average cell updates per second: 102819
INFO (CarpetX): OutputGH: iteration 48, time 0.187500, run time 3 s
INFO (CarpetX): OutputGH done.
INFO (CarpetX): Simulation time: 0.1875   Iterations per second: 25.1704   Simulation time per second: 0.098322
INFO (CarpetX): Grid cells: 4096   Grid cell updates per second: 103098
INFO (CarpetX): Performance:
INFO (CarpetX):   total evolution time:            1.91198 sec
INFO (CarpetX):   total evolution compute time:    1.91062 sec
INFO (CarpetX):   total evolution output time:     0.00136328 sec
INFO (CarpetX):   total iterations:                48
INFO (CarpetX):   total cells updated:             196608
INFO (CarpetX):   average iterations per second: 25.1048
INFO (CarpetX):   average cell updates per second: 102829
INFO (CarpetX): OutputGH: iteration 49, time 0.191406, run time 3 s
INFO (CarpetX): OutputGH done.
INFO (CarpetX): Simulation time: 0.191406   Iterations per second: 25.1728   Simulation time per second: 0.0983312
INFO (CarpetX): Grid cells: 4096   Grid cell updates per second: 103108
INFO (CarpetX): Performance:
INFO (CarpetX):   total evolution time:            1.95168 sec
INFO (CarpetX):   total evolution compute time:    1.95028 sec
INFO (CarpetX):   total evolution output time:     0.00139213 sec
INFO (CarpetX):   total iterations:                49
INFO (CarpetX):   total cells updated:             200704
INFO (CarpetX):   average iterations per second: 25.1066
INFO (CarpetX):   average cell updates per second: 102837
INFO (CarpetX): OutputGH: iteration 50, time 0.195312, run time 3 s
INFO (CarpetX): OutputGH done.
INFO (CarpetX): Simulation time: 0.195312   Iterations per second: 25.1825   Simulation time per second: 0.0983692
INFO (CarpetX): Grid cells: 4096   Grid cell updates per second: 103148
INFO (CarpetX): Performance:
INFO (CarpetX):   total evolution time:            1.99125 sec
INFO (CarpetX):   total evolution compute time:    1.98984 sec
INFO (CarpetX):   total evolution output time:     0.00141215 sec
INFO (CarpetX):   total iterations:                50
INFO (CarpetX):   total cells updated:             204800
INFO (CarpetX):   average iterations per second: 25.1099
INFO (CarpetX):   average cell updates per second: 102850
INFO (CarpetX): OutputGH: iteration 51, time 0.199219, run time 3 s
INFO (CarpetX): OutputGH done.
INFO (CarpetX): Simulation time: 0.199219   Iterations per second: 25.1933   Simulation time per second: 0.0984113
INFO (CarpetX): Grid cells: 4096   Grid cell updates per second: 103192
INFO (CarpetX): Performance:
INFO (CarpetX):   total evolution time:            2.03079 sec
INFO (CarpetX):   total evolution compute time:    2.02935 sec
INFO (CarpetX):   total evolution output time:     0.00144005 sec
INFO (CarpetX):   total iterations:                51
INFO (CarpetX):   total cells updated:             208896
INFO (CarpetX):   average iterations per second: 25.1134
INFO (CarpetX):   average cell updates per second: 102864
INFO (CarpetX): OutputGH: iteration 52, time 0.203125, run time 3 s
INFO (CarpetX): OutputGH done.
INFO (CarpetX): Simulation time: 0.203125   Iterations per second: 25.1782   Simulation time per second: 0.0983524
INFO (CarpetX): Grid cells: 4096   Grid cell updates per second: 103130
INFO (CarpetX): Performance:
INFO (CarpetX):   total evolution time:            2.07072 sec
INFO (CarpetX):   total evolution compute time:    2.06926 sec
INFO (CarpetX):   total evolution output time:     0.00145602 sec
INFO (CarpetX):   total iterations:                52
INFO (CarpetX):   total cells updated:             212992
INFO (CarpetX):   average iterations per second: 25.112
INFO (CarpetX):   average cell updates per second: 102859
INFO (CarpetX): OutputGH: iteration 53, time 0.207031, run time 3 s
INFO (CarpetX): OutputGH done.
INFO (CarpetX): Simulation time: 0.207031   Iterations per second: 25.1322   Simulation time per second: 0.0981726
INFO (CarpetX): Grid cells: 4096   Grid cell updates per second: 102941
INFO (CarpetX): Performance:
INFO (CarpetX):   total evolution time:            2.11116 sec
INFO (CarpetX):   total evolution compute time:    2.10968 sec
INFO (CarpetX):   total evolution output time:     0.00148201 sec
INFO (CarpetX):   total iterations:                53
INFO (CarpetX):   total cells updated:             217088
INFO (CarpetX):   average iterations per second: 25.1046
INFO (CarpetX):   average cell updates per second: 102829
INFO (CarpetX): OutputGH: iteration 54, time 0.210938, run time 3 s
INFO (CarpetX): OutputGH done.
INFO (CarpetX): Simulation time: 0.210938   Iterations per second: 25.1292   Simulation time per second: 0.0981607
INFO (CarpetX): Grid cells: 4096   Grid cell updates per second: 102929
INFO (CarpetX): Performance:
INFO (CarpetX):   total evolution time:            2.151 sec
INFO (CarpetX):   total evolution compute time:    2.14949 sec
INFO (CarpetX):   total evolution output time:     0.00151086 sec
INFO (CarpetX):   total iterations:                54
INFO (CarpetX):   total cells updated:             221184
INFO (CarpetX):   average iterations per second: 25.1046
INFO (CarpetX):   average cell updates per second: 102828
INFO (CarpetX): OutputGH: iteration 55, time 0.214844, run time 3 s
INFO (CarpetX): OutputGH done.
INFO (CarpetX): Simulation time: 0.214844   Iterations per second: 25.1231   Simulation time per second: 0.0981372
INFO (CarpetX): Grid cells: 4096   Grid cell updates per second: 102904
INFO (CarpetX): Performance:
INFO (CarpetX):   total evolution time:            2.19089 sec
INFO (CarpetX):   total evolution compute time:    2.18935 sec
INFO (CarpetX):   total evolution output time:     0.0015409 sec
INFO (CarpetX):   total iterations:                55
INFO (CarpetX):   total cells updated:             225280
INFO (CarpetX):   average iterations per second: 25.1039
INFO (CarpetX):   average cell updates per second: 102826
INFO (CarpetX): OutputGH: iteration 56, time 0.218750, run time 3 s
INFO (CarpetX): OutputGH done.
INFO (CarpetX): Simulation time: 0.21875   Iterations per second: 25.1206   Simulation time per second: 0.0981273
INFO (CarpetX): Grid cells: 4096   Grid cell updates per second: 102894
INFO (CarpetX): Performance:
INFO (CarpetX):   total evolution time:            2.23074 sec
INFO (CarpetX):   total evolution compute time:    2.22917 sec
INFO (CarpetX):   total evolution output time:     0.00156498 sec
INFO (CarpetX):   total iterations:                56
INFO (CarpetX):   total cells updated:             229376
INFO (CarpetX):   average iterations per second: 25.1038
INFO (CarpetX):   average cell updates per second: 102825
INFO (CarpetX): OutputGH: iteration 57, time 0.222656, run time 3 s
INFO (CarpetX): OutputGH done.
INFO (CarpetX): Simulation time: 0.222656   Iterations per second: 25.1313   Simulation time per second: 0.0981693
INFO (CarpetX): Grid cells: 4096   Grid cell updates per second: 102938
INFO (CarpetX): Performance:
INFO (CarpetX):   total evolution time:            2.27037 sec
INFO (CarpetX):   total evolution compute time:    2.26878 sec
INFO (CarpetX):   total evolution output time:     0.00158811 sec
INFO (CarpetX):   total iterations:                57
INFO (CarpetX):   total cells updated:             233472
INFO (CarpetX):   average iterations per second: 25.106
INFO (CarpetX):   average cell updates per second: 102834
INFO (CarpetX): OutputGH: iteration 58, time 0.226562, run time 3 s
INFO (CarpetX): OutputGH done.
INFO (CarpetX): Simulation time: 0.226562   Iterations per second: 25.1414   Simulation time per second: 0.0982085
INFO (CarpetX): Grid cells: 4096   Grid cell updates per second: 102979
INFO (CarpetX): Performance:
INFO (CarpetX):   total evolution time:            2.31001 sec
INFO (CarpetX):   total evolution compute time:    2.3084 sec
INFO (CarpetX):   total evolution output time:     0.00161004 sec
INFO (CarpetX):   total iterations:                58
INFO (CarpetX):   total cells updated:             237568
INFO (CarpetX):   average iterations per second: 25.1082
INFO (CarpetX):   average cell updates per second: 102843
INFO (CarpetX): OutputGH: iteration 59, time 0.230469, run time 3 s
INFO (CarpetX): OutputGH done.
INFO (CarpetX): Simulation time: 0.230469   Iterations per second: 25.165   Simulation time per second: 0.0983007
INFO (CarpetX): Grid cells: 4096   Grid cell updates per second: 103076
INFO (CarpetX): Performance:
INFO (CarpetX):   total evolution time:            2.34941 sec
INFO (CarpetX):   total evolution compute time:    2.34778 sec
INFO (CarpetX):   total evolution output time:     0.00163198 sec
INFO (CarpetX):   total iterations:                59
INFO (CarpetX):   total cells updated:             241664
INFO (CarpetX):   average iterations per second: 25.1127
INFO (CarpetX):   average cell updates per second: 102862
INFO (CarpetX): OutputGH: iteration 60, time 0.234375, run time 3 s
INFO (CarpetX): OutputGH done.
INFO (CarpetX): Simulation time: 0.234375   Iterations per second: 25.1792   Simulation time per second: 0.0983563
INFO (CarpetX): Grid cells: 4096   Grid cell updates per second: 103134
INFO (CarpetX): Performance:
INFO (CarpetX):   total evolution time:            2.38892 sec
INFO (CarpetX):   total evolution compute time:    2.38726 sec
INFO (CarpetX):   total evolution output time:     0.00165796 sec
INFO (CarpetX):   total iterations:                60
INFO (CarpetX):   total cells updated:             245760
INFO (CarpetX):   average iterations per second: 25.116
INFO (CarpetX):   average cell updates per second: 102875
INFO (CarpetX): OutputGH: iteration 61, time 0.238281, run time 3 s
INFO (CarpetX): OutputGH done.
INFO (CarpetX): Simulation time: 0.238281   Iterations per second: 25.1898   Simulation time per second: 0.0983977
INFO (CarpetX): Grid cells: 4096   Grid cell updates per second: 103178
INFO (CarpetX): Performance:
INFO (CarpetX):   total evolution time:            2.42847 sec
INFO (CarpetX):   total evolution compute time:    2.42679 sec
INFO (CarpetX):   total evolution output time:     0.00168204 sec
INFO (CarpetX):   total iterations:                61
INFO (CarpetX):   total cells updated:             249856
INFO (CarpetX):   average iterations per second: 25.1187
INFO (CarpetX):   average cell updates per second: 102886
INFO (CarpetX): OutputGH: iteration 62, time 0.242188, run time 4 s
INFO (CarpetX): OutputGH done.
INFO (CarpetX): Simulation time: 0.242188   Iterations per second: 25.1933   Simulation time per second: 0.0984115
INFO (CarpetX): Grid cells: 4096   Grid cell updates per second: 103192
INFO (CarpetX): Performance:
INFO (CarpetX):   total evolution time:            2.46811 sec
INFO (CarpetX):   total evolution compute time:    2.46641 sec
INFO (CarpetX):   total evolution output time:     0.00170493 sec
INFO (CarpetX):   total iterations:                62
INFO (CarpetX):   total cells updated:             253952
INFO (CarpetX):   average iterations per second: 25.1204
INFO (CarpetX):   average cell updates per second: 102893
INFO (CarpetX): OutputGH: iteration 63, time 0.246094, run time 4 s
INFO (CarpetX): OutputGH done.
INFO (CarpetX): Simulation time: 0.246094   Iterations per second: 25.196   Simulation time per second: 0.0984219
INFO (CarpetX): Grid cells: 4096   Grid cell updates per second: 103203
INFO (CarpetX): Performance:
INFO (CarpetX):   total evolution time:            2.50776 sec
INFO (CarpetX):   total evolution compute time:    2.50604 sec
INFO (CarpetX):   total evolution output time:     0.00172687 sec
INFO (CarpetX):   total iterations:                63
INFO (CarpetX):   total cells updated:             258048
INFO (CarpetX):   average iterations per second: 25.122
INFO (CarpetX):   average cell updates per second: 102900
INFO (CarpetX): OutputGH: iteration 64, time 0.250000, run time 4 s
INFO (CarpetX): OutputGH done.
INFO (CarpetX): Simulation time: 0.25   Iterations per second: 10.1135   Simulation time per second: 0.039506
INFO (CarpetX): Grid cells: 4096   Grid cell updates per second: 41425.1
INFO (CarpetX): Performance:
INFO (CarpetX):   total evolution time:            3.13934 sec
INFO (CarpetX):   total evolution compute time:    2.5482 sec
INFO (CarpetX):   total evolution output time:     0.591136 sec
INFO (CarpetX):   total iterations:                64
INFO (CarpetX):   total cells updated:             262144
INFO (CarpetX):   average iterations per second: 20.3865
INFO (CarpetX):   average cell updates per second: 83503
INFO (CarpetX): Shutting down...
AMReX (25.11) finalized
--------------------------------------------------------------------------------
Done.
+ echo Stopping:
Stopping:
+ date
Wed Jun  3 06:30:43 UTC 2026
+ echo Done.
Done.
  Elapsed time: 4.5 s
