/home/runner/simulations/TestJob01_temp_2/output-0000/TEST/sim/CanudaX_BSSNMoL
Preparing:
+ set -e
+ cd output-0000-active
+ echo Checking:
Checking:
+ pwd
/home/runner/simulations/TestJob01_temp_2/output-0000/TEST/sim/CanudaX_BSSNMoL/output-0000-active
+ hostname
runnervmmklqx
+ date
Thu Jul  2 15:46:30 UTC 2026
+ echo Environment:
Environment:
+ export CACTUS_NUM_PROCS=2
+ CACTUS_NUM_PROCS=2
+ export CACTUS_NUM_THREADS=1
+ CACTUS_NUM_THREADS=1
+ export GMON_OUT_PREFIX=gmon.out
+ GMON_OUT_PREFIX=gmon.out
+ export OMP_NUM_THREADS=1
+ OMP_NUM_THREADS=1
+ env
+ sort
+ echo Starting:
Starting:
++ date +%s
+ export CACTUS_STARTTIME=1783007190
+ CACTUS_STARTTIME=1783007190
+ '[' 2 = 1 ']'
+ mpirun -np 2 /home/runner/simulations/TestJob01_temp_2/SIMFACTORY/exe/cactus_sim -L 3 /home/runner/simulations/TestJob01_temp_2/output-0000/arrangements/CanudaX/CanudaX_BSSNMoL/test/gaugewave.par
INFO (Cactus): Increased logging level from 0 to 3
--------------------------------------------------------------------------------

       10                                  
  1   0101       ************************  
  01  1010 10      The Cactus Code V4.20.0    
 1010 1101 011      www.cactuscode.org     
  1001 100101    ************************  
    00010101                               
     100011     (c) Copyright The Authors  
      0100      GNU Licensed. No Warranty  
      0101                                 
--------------------------------------------------------------------------------

Cactus version:    4.20.0
Compile date:      Jul 02 2026 (15:24:06)
Run date:          Jul 02 2026 (15:46:30+0000)
Run host:          runnervmmklqx.hxjakfajtdtuxlv55ejn1q2nha.dx.internal.cloudapp.net (pid=176412)
Working directory: /home/runner/simulations/TestJob01_temp_2/output-0000/TEST/sim/CanudaX_BSSNMoL
Executable:        /home/runner/simulations/TestJob01_temp_2/SIMFACTORY/exe/cactus_sim
Parameter file:    /home/runner/simulations/TestJob01_temp_2/output-0000/arrangements/CanudaX/CanudaX_BSSNMoL/test/gaugewave.par
--------------------------------------------------------------------------------

Activating thorn Cactus...Success -> active implementation Cactus
Activation requested for 
--->ADMBaseX CanudaX_BSSNMoL CanudaX_ExactID CarpetX IOUtil ODESolvers TmunuBaseX<---
Thorn ADMBaseX requests automatic activation of Loop
Thorn CarpetX requests automatic activation of AMReX
Thorn CarpetX requests automatic activation of MPI
Thorn CarpetX requests automatic activation of yaml_cpp
Thorn CarpetX requests automatic activation of zlib
Thorn CarpetX requests automatic activation of Arith
Thorn CarpetX requests automatic activation of CarpetXRegrid
Thorn CarpetX requests automatic activation of ADIOS2
Thorn CarpetX requests automatic activation of openPMD
Thorn CarpetX requests automatic activation of Silo
Thorn ADIOS2 requests automatic activation of CMake
Thorn Arith requests automatic activation of NSIMD
Thorn MPI requests automatic activation of hwloc
Thorn openPMD requests automatic activation of HDF5
Activating thorn ADIOS2...Success -> active implementation ADIOS2
Activating thorn ADMBaseX...Success -> active implementation ADMBaseX
Activating thorn AMReX...Success -> active implementation AMReX
Activating thorn Arith...Success -> active implementation Arith
Activating thorn CanudaX_BSSNMoL...Success -> active implementation CanudaX_BSSNMoL
Activating thorn CanudaX_ExactID...Success -> active implementation CanudaX_ExactID
Activating thorn CarpetX...Success -> active implementation Driver
Activating thorn CarpetXRegrid...Success -> active implementation CarpetXRegrid
Activating thorn CMake...Success -> active implementation CMake
Activating thorn HDF5...Success -> active implementation HDF5
Activating thorn hwloc...Success -> active implementation hwloc
Activating thorn IOUtil...Success -> active implementation IO
Activating thorn Loop...Success -> active implementation Loop
Activating thorn MPI...Success -> active implementation MPI
Activating thorn NSIMD...Success -> active implementation NSIMD
Activating thorn ODESolvers...Success -> active implementation ODESolvers
Activating thorn openPMD...Success -> active implementation openPMD
Activating thorn Silo...Success -> active implementation Silo
Activating thorn TmunuBaseX...Success -> active implementation TmunuBaseX
Activating thorn yaml_cpp...Success -> active implementation yaml_cpp
Activating thorn zlib...Success -> active implementation zlib
--------------------------------------------------------------------------------
  if (recover initial data)
    Recover parameters
  endif

  Startup routines
    [CCTK_STARTUP]
      CarpetX::Driver_Startup: Start up the driver
      IOUtil::IOUtil_Startup: Startup routine
      GROUP hwloc_startup: hwloc startup group
        hwloc::hwloc_version: Output hwloc version

  Startup routines which need an existing grid hierarchy
    [CCTK_WRAGH]
      Arith::Test_smallvector: [meta] Test small vectors
      Arith::Test_spvect: [meta] Test sparse vectors
      ODESolvers::ODESolvers_InitConstants: [global] Set up dummy loop counters for schedule printout
  Parameter checking routines
    [CCTK_PARAMCHECK]
      CanudaX_BSSNMoL::CanudaX_BSSNMoL_paramcheck: Check CanudaX_BSSNMoL parameters for consistency

  Initialisation
    if (NOT (recover initial data AND recovery_mode is 'strict'))
      [CCTK_PREREGRIDINITIAL]
      Set up grid hierarchy
      [CCTK_POSTREGRIDINITIAL]
      [CCTK_BASEGRID]
        CarpetXRegrid::CarpetXRegrid_InitError: Initialize regridding error to zero
        GROUP ODESolvers_BaseGrid: Set up constants (e.g. coordinates) everywhere on the grid
      [CCTK_INITIAL]
        GROUP TmunuBaseX_SetTmunuVars: Schedule group for setting T_munu
          TmunuBaseX::TmunuBaseX_ZeroTmunu: Set T_munu to zero
          GROUP TmunuBaseX_AddToTmunu: Add to T_munu here
        GROUP ODESolvers_Initial: Set up initial conditions on interior of state vector
          GROUP ADMBaseX_InitialData: Schedule group for calculating ADM initial data
            GROUP CanudaX_ExactIDGroup: CanudaX_ExactID group for setting up initial data
              CanudaX_ExactID::CanudaX_ExactID_GaugeWave: [local] Create gauge wave initial data
          GROUP ADMBaseX_InitialGauge: Schedule group for the ADM initial gauge condition
            ADMBaseX::ADMBaseX_initial_dtlapse: Set dtlapse to zero
            ADMBaseX::ADMBaseX_initial_dtshift: Set dtshift to zero
          GROUP ADMBaseX_PostInitial: Schedule group for modifying the ADM initial data, such as e.g. adding noise
        GROUP CanudaX_BSSNMoL_InitialGroup: CanudaX_BSSNMoL: initial bin
          CanudaX_BSSNMoL::CanudaX_BSSNMoL_adm2bssn: [local] Convert initial data into BSSN variables
          CanudaX_BSSNMoL::CanudaX_BSSNMoL_gammat: [local] Set Gammat initial data
      [CCTK_POSTINITIAL]
        GROUP ODESolvers_PostStep: Apply boundary conditions to state vector, and project if necessary
          GROUP CanudaX_BSSNMoL_PostStepGroup: CanudaX_BSSNMoL: post-step operations
            CanudaX_BSSNMoL::CanudaX_BSSNMoL_impose_conf_fac_floor: Make sure conformal factor does not drop below specified value
            CanudaX_BSSNMoL::CanudaX_BSSNMoL_reset_detmetric: reset dethh = 1
            CanudaX_BSSNMoL::CanudaX_BSSNMoL_remove_trA: Remove trace of A
            CanudaX_BSSNMoL::CanudaX_BSSNMoL_sync: [global] Sync state vector
            CanudaX_BSSNMoL::CanudaX_BSSNMoL_bssn2adm: [local] Convert variables back to the ADM ones
          GROUP ADMBaseX_SetADMRHS: Set ADM RHS variables in this group
          GROUP ADMBaseX_SetADMVars: Set ADM variables in this group
          GROUP TmunuBaseX_SetTmunuVars: Schedule group for setting T_munu
            TmunuBaseX::TmunuBaseX_ZeroTmunu: Set T_munu to zero
            GROUP TmunuBaseX_AddToTmunu: Add to T_munu here
        GROUP ODESolvers_EstimateError: Estimate discretization error (for regridding)
      Initialise finer grids recursively
      Restrict from finer grids
      [CCTK_POSTRESTRICTINITIAL]
      [CCTK_POSTPOSTINITIAL]
      [CCTK_POSTSTEP]
        GROUP ODESolvers_EstimateError: Estimate discretization error (for regridding)
    endif
    if (recover initial data)
      [CCTK_BASEGRID]
        CarpetXRegrid::CarpetXRegrid_InitError: Initialize regridding error to zero
        GROUP ODESolvers_BaseGrid: Set up constants (e.g. coordinates) everywhere on the grid
      [CCTK_RECOVER_VARIABLES]
      [CCTK_POST_RECOVER_VARIABLES]
        GROUP ODESolvers_PostStep: Apply boundary conditions to state vector, and project if necessary
          GROUP CanudaX_BSSNMoL_PostStepGroup: CanudaX_BSSNMoL: post-step operations
            CanudaX_BSSNMoL::CanudaX_BSSNMoL_impose_conf_fac_floor: Make sure conformal factor does not drop below specified value
            CanudaX_BSSNMoL::CanudaX_BSSNMoL_reset_detmetric: reset dethh = 1
            CanudaX_BSSNMoL::CanudaX_BSSNMoL_remove_trA: Remove trace of A
            CanudaX_BSSNMoL::CanudaX_BSSNMoL_sync: [global] Sync state vector
            CanudaX_BSSNMoL::CanudaX_BSSNMoL_bssn2adm: [local] Convert variables back to the ADM ones
          GROUP ADMBaseX_SetADMRHS: Set ADM RHS variables in this group
          GROUP ADMBaseX_SetADMVars: Set ADM variables in this group
          GROUP TmunuBaseX_SetTmunuVars: Schedule group for setting T_munu
            TmunuBaseX::TmunuBaseX_ZeroTmunu: Set T_munu to zero
            GROUP TmunuBaseX_AddToTmunu: Add to T_munu here
        GROUP ODESolvers_EstimateError: Estimate discretization error (for regridding)
    endif
    if (checkpoint initial data)
      [CCTK_CPINITIAL]
        CarpetX::CarpetX_CheckpointInitial: [meta] Checkpoint initial conditions
    endif
    if (analysis)
      [CCTK_ANALYSIS]
        CanudaX_BSSNMoL::CanudaX_BSSNMoL_bssn_constraints: Compute constraints
        GROUP ODESolvers_Analysis: Calculate analysis quantities everywhere
  endif
  Output grid variables

  do loop over timesteps
    [CCTK_PREREGRID]
    Change grid hierarchy
    [CCTK_POSTREGRID]
      GROUP ODESolvers_PostStep: Apply boundary conditions to state vector, and project if necessary
        GROUP CanudaX_BSSNMoL_PostStepGroup: CanudaX_BSSNMoL: post-step operations
          CanudaX_BSSNMoL::CanudaX_BSSNMoL_impose_conf_fac_floor: Make sure conformal factor does not drop below specified value
          CanudaX_BSSNMoL::CanudaX_BSSNMoL_reset_detmetric: reset dethh = 1
          CanudaX_BSSNMoL::CanudaX_BSSNMoL_remove_trA: Remove trace of A
          CanudaX_BSSNMoL::CanudaX_BSSNMoL_sync: [global] Sync state vector
          CanudaX_BSSNMoL::CanudaX_BSSNMoL_bssn2adm: [local] Convert variables back to the ADM ones
        GROUP ADMBaseX_SetADMRHS: Set ADM RHS variables in this group
        GROUP ADMBaseX_SetADMVars: Set ADM variables in this group
        GROUP TmunuBaseX_SetTmunuVars: Schedule group for setting T_munu
          TmunuBaseX::TmunuBaseX_ZeroTmunu: Set T_munu to zero
          GROUP TmunuBaseX_AddToTmunu: Add to T_munu here
    Rotate timelevels
    iteration = iteration+1
    t = t+dt
    [CCTK_PRESTEP]
    [CCTK_EVOL]
      ODESolvers::ODESolvers_Solve: [level] Solve ODEs
      while (ODESolvers::do_substeps)
        GROUP ODESolvers_CalledBySolve: Groups internally scheduled by ODESolvers_Solve
          GROUP ODESolvers_RHS: Evaluate the RHS for of state vector everywhere on the grid
            GROUP CanudaX_BSSNMoL_RHSGroup: CanudaX_BSSNMoL: calculate BSSN RHS
              CanudaX_BSSNMoL::CanudaX_BSSNMoL_calc_bssn_rhs: MoL RHS calculation
              CanudaX_BSSNMoL::CanudaX_BSSNMoL_apply_boundary_conditions: Apply radiative boundary conditions 
          GROUP ODESolvers_PostStep: Apply boundary conditions to state vector, and project if necessary
            GROUP CanudaX_BSSNMoL_PostStepGroup: CanudaX_BSSNMoL: post-step operations
              CanudaX_BSSNMoL::CanudaX_BSSNMoL_impose_conf_fac_floor: Make sure conformal factor does not drop below specified value
              CanudaX_BSSNMoL::CanudaX_BSSNMoL_reset_detmetric: reset dethh = 1
              CanudaX_BSSNMoL::CanudaX_BSSNMoL_remove_trA: Remove trace of A
              CanudaX_BSSNMoL::CanudaX_BSSNMoL_sync: [global] Sync state vector
              CanudaX_BSSNMoL::CanudaX_BSSNMoL_bssn2adm: [local] Convert variables back to the ADM ones
            GROUP ADMBaseX_SetADMRHS: Set ADM RHS variables in this group
            GROUP ADMBaseX_SetADMVars: Set ADM variables in this group
            GROUP TmunuBaseX_SetTmunuVars: Schedule group for setting T_munu
              TmunuBaseX::TmunuBaseX_ZeroTmunu: Set T_munu to zero
              GROUP TmunuBaseX_AddToTmunu: Add to T_munu here
      end while
    Evolve finer grids recursively
    Restrict from finer grids
    [CCTK_POSTRESTRICT]
      GROUP ODESolvers_PostStep: Apply boundary conditions to state vector, and project if necessary
        GROUP CanudaX_BSSNMoL_PostStepGroup: CanudaX_BSSNMoL: post-step operations
          CanudaX_BSSNMoL::CanudaX_BSSNMoL_impose_conf_fac_floor: Make sure conformal factor does not drop below specified value
          CanudaX_BSSNMoL::CanudaX_BSSNMoL_reset_detmetric: reset dethh = 1
          CanudaX_BSSNMoL::CanudaX_BSSNMoL_remove_trA: Remove trace of A
          CanudaX_BSSNMoL::CanudaX_BSSNMoL_sync: [global] Sync state vector
          CanudaX_BSSNMoL::CanudaX_BSSNMoL_bssn2adm: [local] Convert variables back to the ADM ones
        GROUP ADMBaseX_SetADMRHS: Set ADM RHS variables in this group
        GROUP ADMBaseX_SetADMVars: Set ADM variables in this group
        GROUP TmunuBaseX_SetTmunuVars: Schedule group for setting T_munu
          TmunuBaseX::TmunuBaseX_ZeroTmunu: Set T_munu to zero
          GROUP TmunuBaseX_AddToTmunu: Add to T_munu here
    [CCTK_POSTSTEP]
      GROUP ODESolvers_EstimateError: Estimate discretization error (for regridding)
    if (checkpoint)
      [CCTK_CHECKPOINT]
      CarpetX::CarpetX_Checkpoint: [meta] Checkpoint
    endif
    if (analysis)
      [CCTK_ANALYSIS]
      CanudaX_BSSNMoL::CanudaX_BSSNMoL_bssn_constraints: Compute constraints
      GROUP ODESolvers_Analysis: Calculate analysis quantities everywhere
    endif
    Output grid variables
    enddo

  Termination routines
    [CCTK_TERMINATE]
      CarpetX::CarpetX_CheckpointTerminate: [meta] Checkpoint before terminating

  Shutdown routines
    [CCTK_SHUTDOWN]
      CarpetX::Driver_Shutdown: [meta] Shut down the driver

  Routines run after changing the grid hierarchy:
    [CCTK_POSTREGRID]
      GROUP ODESolvers_PostStep: Apply boundary conditions to state vector, and project if necessary
        GROUP CanudaX_BSSNMoL_PostStepGroup: CanudaX_BSSNMoL: post-step operations
          CanudaX_BSSNMoL::CanudaX_BSSNMoL_impose_conf_fac_floor: Make sure conformal factor does not drop below specified value
          CanudaX_BSSNMoL::CanudaX_BSSNMoL_reset_detmetric: reset dethh = 1
          CanudaX_BSSNMoL::CanudaX_BSSNMoL_remove_trA: Remove trace of A
          CanudaX_BSSNMoL::CanudaX_BSSNMoL_sync: [global] Sync state vector
          CanudaX_BSSNMoL::CanudaX_BSSNMoL_bssn2adm: [local] Convert variables back to the ADM ones
        GROUP ADMBaseX_SetADMRHS: Set ADM RHS variables in this group
        GROUP ADMBaseX_SetADMVars: Set ADM variables in this group
        GROUP TmunuBaseX_SetTmunuVars: Schedule group for setting T_munu
          TmunuBaseX::TmunuBaseX_ZeroTmunu: Set T_munu to zero
          GROUP TmunuBaseX_AddToTmunu: Add to T_munu here
--------------------------------------------------------------------------------
INFO (hwloc): library version 2.10.0, API version 0x20800
--------------------------------------------------------------------------------

  [34m  ▕▏  [34m  ▕▏  [34m  ▕▏  [34m  ▕▏  [34m  ▕▏  [34m  ▕▏  [34m  ▕▏  [34m  ▕▏  [34m  ▕▏  [39m  
  [34m──██──[34m──██──[34m──██──[34m──██──[34m──██──[34m──██──[34m──██──[34m──██──[34m──██──[39m  
  [34m  ▕▏  [34m  ▕▏  [34m  ▕▏  [34m  ▕▏  [34m  ▕▏  [34m  ▕▏  [34m  ▕▏  [34m  ▕▏  [34m  ▕▏  [39m  
  [34m  ▕▏  [32m██████[34m  ▕▏  [34m  ▕▏  [32m██████[34m  ▕▏  [34m  ▕▏  [32m██████[34m  ▕▏  [39m  
  [34m──██──[32m██████[34m──██──[34m──██──[32m██████[34m──██──[34m──██──[32m██████[34m──██──[39m  
  [34m  ▕▏  [32m██████[34m  ▕▏  [34m  ▕▏  [32m██████[34m  ▕▏  [34m  ▕▏  [32m██████[34m  ▕▏  [39m  
  [34m  ▕▏  [34m  ▕▏  [34m  ▕▏  [34m  ▕▏  [34m  ▕▏  [34m  ▕▏  [34m  ▕▏  [34m  ▕▏  [34m  ▕▏  [39m  
  [34m──██──[34m──██──[34m──██──[34m──██──[34m──██──[34m──██──[34m──██──[34m──██──[34m──██──[39m  
  [34m  ▕▏  [34m  ▕▏  [34m  ▕▏  [34m  ▕▏  [34m  ▕▏  [34m  ▕▏  [34m  ▕▏  [34m  ▕▏  [34m  ▕▏  [39m  
  [34m  ▕▏  [34m  ▕▏  [34m  ▕▏  [31m██████[31m██████[31m██████[34m  ▕▏  [34m  ▕▏  [34m  ▕▏  [39m  
  [34m──██──[34m──██──[34m──██──[31m██████[31m██████[31m██████[34m──██──[34m──██──[34m──██──[39m  
  [34m  ▕▏  [34m  ▕▏  [34m  ▕▏  [31m██████[31m██████[31m██████[34m  ▕▏  [34m  ▕▏  [34m  ▕▏  [39m  
  [34m  ▕▏  [32m██████[34m  ▕▏  [31m██████[31m██████[31m██████[34m  ▕▏  [32m██████[34m  ▕▏  [39m  
  [34m──██──[32m██████[34m──██──[31m██████[31m██████[31m██████[34m──██──[32m██████[34m──██──[39m  
  [34m  ▕▏  [32m██████[34m  ▕▏  [31m██████[31m██████[31m██████[34m  ▕▏  [32m██████[34m  ▕▏  [39m  
  [34m  ▕▏  [34m  ▕▏  [34m  ▕▏  [31m██████[31m██████[31m██████[34m  ▕▏  [34m  ▕▏  [34m  ▕▏  [39m  
  [34m──██──[34m──██──[34m──██──[31m██████[31m██████[31m██████[34m──██──[34m──██──[34m──██──[39m  
  [34m  ▕▏  [34m  ▕▏  [34m  ▕▏  [31m██████[31m██████[31m██████[34m  ▕▏  [34m  ▕▏  [34m  ▕▏  [39m  
  [34m  ▕▏  [34m  ▕▏  [34m  ▕▏  [34m  ▕▏  [34m  ▕▏  [34m  ▕▏  [34m  ▕▏  [34m  ▕▏  [34m  ▕▏  [39m  
  [34m──██──[34m──██──[34m──██──[34m──██──[34m──██──[34m──██──[34m──██──[34m──██──[34m──██──[39m  
  [34m  ▕▏  [34m  ▕▏  [34m  ▕▏  [34m  ▕▏  [34m  ▕▏  [34m  ▕▏  [34m  ▕▏  [34m  ▕▏  [34m  ▕▏  [39m  
  [34m  ▕▏  [32m██████[34m  ▕▏  [34m  ▕▏  [32m██████[34m  ▕▏  [34m  ▕▏  [32m██████[34m  ▕▏  [39m  
  [34m──██──[32m██████[34m──██──[34m──██──[32m██████[34m──██──[34m──██──[32m██████[34m──██──[39m  
  [34m  ▕▏  [32m██████[34m  ▕▏  [34m  ▕▏  [32m██████[34m  ▕▏  [34m  ▕▏  [32m██████[34m  ▕▏  [39m  
  [34m  ▕▏  [34m  ▕▏  [34m  ▕▏  [34m  ▕▏  [34m  ▕▏  [34m  ▕▏  [34m  ▕▏  [34m  ▕▏  [34m  ▕▏  [39m  
  [34m──██──[34m──██──[34m──██──[34m──██──[34m──██──[34m──██──[34m──██──[34m──██──[34m──██──[39m  
  [34m  ▕▏  [34m  ▕▏  [34m  ▕▏  [34m  ▕▏  [34m  ▕▏  [34m  ▕▏  [34m  ▕▏  [34m  ▕▏  [34m  ▕▏  [39m  

AMR driver provided by CarpetX,
using AMReX 25.11 (MPI, OpenMP, no accelerators, debug)
--------------------------------------------------------------------------------

Initializing AMReX (25.11)...
MPI initialized with 2 MPI processes
MPI initialized with thread support level 2
OMP initialized with 1 OMP threads
AMReX (25.11) initialized
INFO (CarpetX): 
Symmetries:
  lower x: periodic
  lower y: periodic
  lower z: periodic
  upper x: periodic
  upper y: periodic
  upper z: periodic
Default boundaries:
  lower x: symmetry_boundary
  lower y: symmetry_boundary
  lower z: symmetry_boundary
  upper x: symmetry_boundary
  upper y: symmetry_boundary
  upper z: symmetry_boundary
INFO (Arith): Test_smallvector
INFO (Arith): Test_spvect
INFO (CarpetX): Setting initial values for max_grid_size values for all levels
INFO (CarpetX): Setting up initial conditions...
INFO (CarpetX): Iteration: 0   time: 0   delta_time: 0.00390625
INFO (CarpetX): Patch 0:
INFO (CarpetX):   Grid extent:
INFO (CarpetX):     gsh=[71,15,15]
INFO (CarpetX):     blocking_factor=[8,8,8]
INFO (CarpetX):     max_grid_size=[10000000,10000000,10000000]
INFO (CarpetX):     max_tile_size=[1024000,16,32]
INFO (CarpetX):   Domain extent:
INFO (CarpetX):     xmin=[-0.5,-0.0625,-0.0625]
INFO (CarpetX):     xmax=[0.5,0.0625,0.0625]
INFO (CarpetX):     base dx=[0.015625,0.015625,0.015625]
INFO (CarpetX): Initializing level 0...
INFO (CanudaX_ExactID): Begin Gauge Wave initial data
INFO (CanudaX_ExactID): === End gauge wave initial data ===
INFO (CarpetX): Regridding...
INFO (CarpetX):   level 0: 2 boxes, 4096 cells (100%)
INFO (CarpetX): Initialized 1 levels
INFO (CarpetX): OutputGH: iteration 0, time 0.000000, run time 0 s
INFO (CarpetX): OutputGH done.
INFO (CarpetX): Starting evolution...
INFO (ODESolvers): ODE integrator is RK4
INFO (CarpetX): OutputGH: iteration 1, time 0.003906, run time 1 s
INFO (CarpetX): OutputGH done.
INFO (CarpetX): Simulation time: 0.00390625   Iterations per second: 33.2138   Simulation time per second: 0.129741
INFO (CarpetX): Grid cells: 4096   Grid cell updates per second: 136044
INFO (CarpetX): Performance:
INFO (CarpetX):   total evolution time:            0.030108 sec
INFO (CarpetX):   total evolution compute time:    0.0300829 sec
INFO (CarpetX):   total evolution output time:     2.5034e-05 sec
INFO (CarpetX):   total iterations:                1
INFO (CarpetX):   total cells updated:             4096
INFO (CarpetX):   average iterations per second: 33.2138
INFO (CarpetX):   average cell updates per second: 136044
INFO (CarpetX): OutputGH: iteration 2, time 0.007812, run time 1 s
INFO (CarpetX): OutputGH done.
INFO (CarpetX): Simulation time: 0.0078125   Iterations per second: 34.3099   Simulation time per second: 0.134023
INFO (CarpetX): Grid cells: 4096   Grid cell updates per second: 140534
INFO (CarpetX): Performance:
INFO (CarpetX):   total evolution time:            0.0582922 sec
INFO (CarpetX):   total evolution compute time:    0.058243 sec
INFO (CarpetX):   total evolution output time:     4.91142e-05 sec
INFO (CarpetX):   total iterations:                2
INFO (CarpetX):   total cells updated:             8192
INFO (CarpetX):   average iterations per second: 34.3099
INFO (CarpetX):   average cell updates per second: 140534
INFO (CarpetX): OutputGH: iteration 3, time 0.011719, run time 1 s
INFO (CarpetX): OutputGH done.
INFO (CarpetX): Simulation time: 0.0117188   Iterations per second: 34.6536   Simulation time per second: 0.135365
INFO (CarpetX): Grid cells: 4096   Grid cell updates per second: 141941
INFO (CarpetX): Performance:
INFO (CarpetX):   total evolution time:            0.0865712 sec
INFO (CarpetX):   total evolution compute time:    0.0864921 sec
INFO (CarpetX):   total evolution output time:     7.9155e-05 sec
INFO (CarpetX):   total iterations:                3
INFO (CarpetX):   total cells updated:             12288
INFO (CarpetX):   average iterations per second: 34.6536
INFO (CarpetX):   average cell updates per second: 141941
INFO (CarpetX): OutputGH: iteration 4, time 0.015625, run time 1 s
INFO (CarpetX): OutputGH done.
INFO (CarpetX): Simulation time: 0.015625   Iterations per second: 34.8948   Simulation time per second: 0.136308
INFO (CarpetX): Grid cells: 4096   Grid cell updates per second: 142929
INFO (CarpetX): Performance:
INFO (CarpetX):   total evolution time:            0.11463 sec
INFO (CarpetX):   total evolution compute time:    0.114521 sec
INFO (CarpetX):   total evolution output time:     0.000109196 sec
INFO (CarpetX):   total iterations:                4
INFO (CarpetX):   total cells updated:             16384
INFO (CarpetX):   average iterations per second: 34.8948
INFO (CarpetX):   average cell updates per second: 142929
INFO (CarpetX): OutputGH: iteration 5, time 0.019531, run time 1 s
INFO (CarpetX): OutputGH done.
INFO (CarpetX): Simulation time: 0.0195312   Iterations per second: 34.8879   Simulation time per second: 0.136281
INFO (CarpetX): Grid cells: 4096   Grid cell updates per second: 142901
INFO (CarpetX): Performance:
INFO (CarpetX):   total evolution time:            0.143316 sec
INFO (CarpetX):   total evolution compute time:    0.143177 sec
INFO (CarpetX):   total evolution output time:     0.000139236 sec
INFO (CarpetX):   total iterations:                5
INFO (CarpetX):   total cells updated:             20480
INFO (CarpetX):   average iterations per second: 34.8879
INFO (CarpetX):   average cell updates per second: 142901
INFO (CarpetX): OutputGH: iteration 6, time 0.023438, run time 1 s
INFO (CarpetX): OutputGH done.
INFO (CarpetX): Simulation time: 0.0234375   Iterations per second: 34.3556   Simulation time per second: 0.134201
INFO (CarpetX): Grid cells: 4096   Grid cell updates per second: 140720
INFO (CarpetX): Performance:
INFO (CarpetX):   total evolution time:            0.174644 sec
INFO (CarpetX):   total evolution compute time:    0.174475 sec
INFO (CarpetX):   total evolution output time:     0.000169277 sec
INFO (CarpetX):   total iterations:                6
INFO (CarpetX):   total cells updated:             24576
INFO (CarpetX):   average iterations per second: 34.3556
INFO (CarpetX):   average cell updates per second: 140720
INFO (CarpetX): OutputGH: iteration 7, time 0.027344, run time 1 s
INFO (CarpetX): OutputGH done.
INFO (CarpetX): Simulation time: 0.0273438   Iterations per second: 34.5247   Simulation time per second: 0.134862
INFO (CarpetX): Grid cells: 4096   Grid cell updates per second: 141413
INFO (CarpetX): Performance:
INFO (CarpetX):   total evolution time:            0.202753 sec
INFO (CarpetX):   total evolution compute time:    0.202559 sec
INFO (CarpetX):   total evolution output time:     0.000194311 sec
INFO (CarpetX):   total iterations:                7
INFO (CarpetX):   total cells updated:             28672
INFO (CarpetX):   average iterations per second: 34.5247
INFO (CarpetX):   average cell updates per second: 141413
INFO (CarpetX): OutputGH: iteration 8, time 0.031250, run time 1 s
INFO (CarpetX): OutputGH done.
INFO (CarpetX): Simulation time: 0.03125   Iterations per second: 34.6462   Simulation time per second: 0.135337
INFO (CarpetX): Grid cells: 4096   Grid cell updates per second: 141911
INFO (CarpetX): Performance:
INFO (CarpetX):   total evolution time:            0.230905 sec
INFO (CarpetX):   total evolution compute time:    0.230684 sec
INFO (CarpetX):   total evolution output time:     0.000221252 sec
INFO (CarpetX):   total iterations:                8
INFO (CarpetX):   total cells updated:             32768
INFO (CarpetX):   average iterations per second: 34.6462
INFO (CarpetX):   average cell updates per second: 141911
INFO (CarpetX): OutputGH: iteration 9, time 0.035156, run time 1 s
INFO (CarpetX): OutputGH done.
INFO (CarpetX): Simulation time: 0.0351562   Iterations per second: 34.7014   Simulation time per second: 0.135552
INFO (CarpetX): Grid cells: 4096   Grid cell updates per second: 142137
INFO (CarpetX): Performance:
INFO (CarpetX):   total evolution time:            0.259355 sec
INFO (CarpetX):   total evolution compute time:    0.259111 sec
INFO (CarpetX):   total evolution output time:     0.000244141 sec
INFO (CarpetX):   total iterations:                9
INFO (CarpetX):   total cells updated:             36864
INFO (CarpetX):   average iterations per second: 34.7014
INFO (CarpetX):   average cell updates per second: 142137
INFO (CarpetX): OutputGH: iteration 10, time 0.039062, run time 1 s
INFO (CarpetX): OutputGH done.
INFO (CarpetX): Simulation time: 0.0390625   Iterations per second: 34.791   Simulation time per second: 0.135903
INFO (CarpetX): Grid cells: 4096   Grid cell updates per second: 142504
INFO (CarpetX): Performance:
INFO (CarpetX):   total evolution time:            0.28743 sec
INFO (CarpetX):   total evolution compute time:    0.287156 sec
INFO (CarpetX):   total evolution output time:     0.000274181 sec
INFO (CarpetX):   total iterations:                10
INFO (CarpetX):   total cells updated:             40960
INFO (CarpetX):   average iterations per second: 34.791
INFO (CarpetX):   average cell updates per second: 142504
INFO (CarpetX): OutputGH: iteration 11, time 0.042969, run time 1 s
INFO (CarpetX): OutputGH done.
INFO (CarpetX): Simulation time: 0.0429688   Iterations per second: 34.8978   Simulation time per second: 0.136319
INFO (CarpetX): Grid cells: 4096   Grid cell updates per second: 142941
INFO (CarpetX): Performance:
INFO (CarpetX):   total evolution time:            0.315294 sec
INFO (CarpetX):   total evolution compute time:    0.314996 sec
INFO (CarpetX):   total evolution output time:     0.000298023 sec
INFO (CarpetX):   total iterations:                11
INFO (CarpetX):   total cells updated:             45056
INFO (CarpetX):   average iterations per second: 34.888
INFO (CarpetX):   average cell updates per second: 142901
INFO (CarpetX): OutputGH: iteration 12, time 0.046875, run time 1 s
INFO (CarpetX): OutputGH done.
INFO (CarpetX): Simulation time: 0.046875   Iterations per second: 34.9687   Simulation time per second: 0.136596
INFO (CarpetX): Grid cells: 4096   Grid cell updates per second: 143232
INFO (CarpetX): Performance:
INFO (CarpetX):   total evolution time:            0.343368 sec
INFO (CarpetX):   total evolution compute time:    0.34304 sec
INFO (CarpetX):   total evolution output time:     0.000328064 sec
INFO (CarpetX):   total iterations:                12
INFO (CarpetX):   total cells updated:             49152
INFO (CarpetX):   average iterations per second: 34.9479
INFO (CarpetX):   average cell updates per second: 143147
INFO (CarpetX): OutputGH: iteration 13, time 0.050781, run time 1 s
INFO (CarpetX): OutputGH done.
INFO (CarpetX): Simulation time: 0.0507812   Iterations per second: 34.7729   Simulation time per second: 0.135832
INFO (CarpetX): Grid cells: 4096   Grid cell updates per second: 142430
INFO (CarpetX): Performance:
INFO (CarpetX):   total evolution time:            0.373575 sec
INFO (CarpetX):   total evolution compute time:    0.373223 sec
INFO (CarpetX):   total evolution output time:     0.000352144 sec
INFO (CarpetX):   total iterations:                13
INFO (CarpetX):   total cells updated:             53248
INFO (CarpetX):   average iterations per second: 34.7989
INFO (CarpetX):   average cell updates per second: 142536
INFO (CarpetX): OutputGH: iteration 14, time 0.054688, run time 1 s
INFO (CarpetX): OutputGH done.
INFO (CarpetX): Simulation time: 0.0546875   Iterations per second: 34.8534   Simulation time per second: 0.136146
INFO (CarpetX): Grid cells: 4096   Grid cell updates per second: 142760
INFO (CarpetX): Performance:
INFO (CarpetX):   total evolution time:            0.401669 sec
INFO (CarpetX):   total evolution compute time:    0.401288 sec
INFO (CarpetX):   total evolution output time:     0.000380993 sec
INFO (CarpetX):   total iterations:                14
INFO (CarpetX):   total cells updated:             57344
INFO (CarpetX):   average iterations per second: 34.8545
INFO (CarpetX):   average cell updates per second: 142764
INFO (CarpetX): OutputGH: iteration 15, time 0.058594, run time 1 s
INFO (CarpetX): OutputGH done.
INFO (CarpetX): Simulation time: 0.0585938   Iterations per second: 34.9198   Simulation time per second: 0.136405
INFO (CarpetX): Grid cells: 4096   Grid cell updates per second: 143031
INFO (CarpetX): Performance:
INFO (CarpetX):   total evolution time:            0.429815 sec
INFO (CarpetX):   total evolution compute time:    0.42941 sec
INFO (CarpetX):   total evolution output time:     0.000404835 sec
INFO (CarpetX):   total iterations:                15
INFO (CarpetX):   total cells updated:             61440
INFO (CarpetX):   average iterations per second: 34.8987
INFO (CarpetX):   average cell updates per second: 142945
INFO (CarpetX): OutputGH: iteration 16, time 0.062500, run time 2 s
INFO (CarpetX): OutputGH done.
INFO (CarpetX): Simulation time: 0.0625   Iterations per second: 34.9583   Simulation time per second: 0.136556
INFO (CarpetX): Grid cells: 4096   Grid cell updates per second: 143189
INFO (CarpetX): Performance:
INFO (CarpetX):   total evolution time:            0.458137 sec
INFO (CarpetX):   total evolution compute time:    0.457702 sec
INFO (CarpetX):   total evolution output time:     0.000434875 sec
INFO (CarpetX):   total iterations:                16
INFO (CarpetX):   total cells updated:             65536
INFO (CarpetX):   average iterations per second: 34.924
INFO (CarpetX):   average cell updates per second: 143049
INFO (CarpetX): OutputGH: iteration 17, time 0.066406, run time 2 s
INFO (CarpetX): OutputGH done.
INFO (CarpetX): Simulation time: 0.0664062   Iterations per second: 34.9885   Simulation time per second: 0.136674
INFO (CarpetX): Grid cells: 4096   Grid cell updates per second: 143313
INFO (CarpetX): Performance:
INFO (CarpetX):   total evolution time:            0.486495 sec
INFO (CarpetX):   total evolution compute time:    0.486029 sec
INFO (CarpetX):   total evolution output time:     0.00046587 sec
INFO (CarpetX):   total iterations:                17
INFO (CarpetX):   total cells updated:             69632
INFO (CarpetX):   average iterations per second: 34.9438
INFO (CarpetX):   average cell updates per second: 143130
INFO (CarpetX): OutputGH: iteration 18, time 0.070312, run time 2 s
INFO (CarpetX): OutputGH done.
INFO (CarpetX): Simulation time: 0.0703125   Iterations per second: 35.0491   Simulation time per second: 0.136911
INFO (CarpetX): Grid cells: 4096   Grid cell updates per second: 143561
INFO (CarpetX): Performance:
INFO (CarpetX):   total evolution time:            0.514582 sec
INFO (CarpetX):   total evolution compute time:    0.51409 sec
INFO (CarpetX):   total evolution output time:     0.000491858 sec
INFO (CarpetX):   total iterations:                18
INFO (CarpetX):   total cells updated:             73728
INFO (CarpetX):   average iterations per second: 34.9798
INFO (CarpetX):   average cell updates per second: 143277
INFO (CarpetX): OutputGH: iteration 19, time 0.074219, run time 2 s
INFO (CarpetX): OutputGH done.
INFO (CarpetX): Simulation time: 0.0742188   Iterations per second: 35.0817   Simulation time per second: 0.137038
INFO (CarpetX): Grid cells: 4096   Grid cell updates per second: 143695
INFO (CarpetX): Performance:
INFO (CarpetX):   total evolution time:            0.542848 sec
INFO (CarpetX):   total evolution compute time:    0.542332 sec
INFO (CarpetX):   total evolution output time:     0.000515938 sec
INFO (CarpetX):   total iterations:                19
INFO (CarpetX):   total cells updated:             77824
INFO (CarpetX):   average iterations per second: 35.0006
INFO (CarpetX):   average cell updates per second: 143362
INFO (CarpetX): OutputGH: iteration 20, time 0.078125, run time 2 s
INFO (CarpetX): OutputGH done.
INFO (CarpetX): Simulation time: 0.078125   Iterations per second: 35.1334   Simulation time per second: 0.13724
INFO (CarpetX): Grid cells: 4096   Grid cell updates per second: 143906
INFO (CarpetX): Performance:
INFO (CarpetX):   total evolution time:            0.570934 sec
INFO (CarpetX):   total evolution compute time:    0.570395 sec
INFO (CarpetX):   total evolution output time:     0.000538826 sec
INFO (CarpetX):   total iterations:                20
INFO (CarpetX):   total cells updated:             81920
INFO (CarpetX):   average iterations per second: 35.0303
INFO (CarpetX):   average cell updates per second: 143484
INFO (CarpetX): OutputGH: iteration 21, time 0.082031, run time 2 s
INFO (CarpetX): OutputGH done.
INFO (CarpetX): Simulation time: 0.0820312   Iterations per second: 35.1653   Simulation time per second: 0.137364
INFO (CarpetX): Grid cells: 4096   Grid cell updates per second: 144037
INFO (CarpetX): Performance:
INFO (CarpetX):   total evolution time:            0.599139 sec
INFO (CarpetX):   total evolution compute time:    0.598576 sec
INFO (CarpetX):   total evolution output time:     0.000562906 sec
INFO (CarpetX):   total iterations:                21
INFO (CarpetX):   total cells updated:             86016
INFO (CarpetX):   average iterations per second: 35.0503
INFO (CarpetX):   average cell updates per second: 143566
INFO (CarpetX): OutputGH: iteration 22, time 0.085938, run time 2 s
INFO (CarpetX): OutputGH done.
INFO (CarpetX): Simulation time: 0.0859375   Iterations per second: 35.1931   Simulation time per second: 0.137473
INFO (CarpetX): Grid cells: 4096   Grid cell updates per second: 144151
INFO (CarpetX): Performance:
INFO (CarpetX):   total evolution time:            0.627351 sec
INFO (CarpetX):   total evolution compute time:    0.626764 sec
INFO (CarpetX):   total evolution output time:     0.000586987 sec
INFO (CarpetX):   total iterations:                22
INFO (CarpetX):   total cells updated:             90112
INFO (CarpetX):   average iterations per second: 35.0681
INFO (CarpetX):   average cell updates per second: 143639
INFO (CarpetX): OutputGH: iteration 23, time 0.089844, run time 2 s
INFO (CarpetX): OutputGH done.
INFO (CarpetX): Simulation time: 0.0898438   Iterations per second: 35.2388   Simulation time per second: 0.137652
INFO (CarpetX): Grid cells: 4096   Grid cell updates per second: 144338
INFO (CarpetX): Performance:
INFO (CarpetX):   total evolution time:            0.655397 sec
INFO (CarpetX):   total evolution compute time:    0.654782 sec
INFO (CarpetX):   total evolution output time:     0.000614882 sec
INFO (CarpetX):   total iterations:                23
INFO (CarpetX):   total cells updated:             94208
INFO (CarpetX):   average iterations per second: 35.0932
INFO (CarpetX):   average cell updates per second: 143742
INFO (CarpetX): OutputGH: iteration 24, time 0.093750, run time 2 s
INFO (CarpetX): OutputGH done.
INFO (CarpetX): Simulation time: 0.09375   Iterations per second: 35.2854   Simulation time per second: 0.137834
INFO (CarpetX): Grid cells: 4096   Grid cell updates per second: 144529
INFO (CarpetX): Performance:
INFO (CarpetX):   total evolution time:            0.6834 sec
INFO (CarpetX):   total evolution compute time:    0.68276 sec
INFO (CarpetX):   total evolution output time:     0.000639677 sec
INFO (CarpetX):   total iterations:                24
INFO (CarpetX):   total cells updated:             98304
INFO (CarpetX):   average iterations per second: 35.1185
INFO (CarpetX):   average cell updates per second: 143845
INFO (CarpetX): OutputGH: iteration 25, time 0.097656, run time 2 s
INFO (CarpetX): OutputGH done.
INFO (CarpetX): Simulation time: 0.0976562   Iterations per second: 35.2983   Simulation time per second: 0.137884
INFO (CarpetX): Grid cells: 4096   Grid cell updates per second: 144582
INFO (CarpetX): Performance:
INFO (CarpetX):   total evolution time:            0.711637 sec
INFO (CarpetX):   total evolution compute time:    0.710967 sec
INFO (CarpetX):   total evolution output time:     0.000669718 sec
INFO (CarpetX):   total iterations:                25
INFO (CarpetX):   total cells updated:             102400
INFO (CarpetX):   average iterations per second: 35.1303
INFO (CarpetX):   average cell updates per second: 143894
INFO (CarpetX): OutputGH: iteration 26, time 0.101562, run time 2 s
INFO (CarpetX): OutputGH done.
INFO (CarpetX): Simulation time: 0.101562   Iterations per second: 35.3082   Simulation time per second: 0.137923
INFO (CarpetX): Grid cells: 4096   Grid cell updates per second: 144622
INFO (CarpetX): Performance:
INFO (CarpetX):   total evolution time:            0.739888 sec
INFO (CarpetX):   total evolution compute time:    0.739188 sec
INFO (CarpetX):   total evolution output time:     0.000699759 sec
INFO (CarpetX):   total iterations:                26
INFO (CarpetX):   total cells updated:             106496
INFO (CarpetX):   average iterations per second: 35.1405
INFO (CarpetX):   average cell updates per second: 143935
INFO (CarpetX): OutputGH: iteration 27, time 0.105469, run time 2 s
INFO (CarpetX): OutputGH done.
INFO (CarpetX): Simulation time: 0.105469   Iterations per second: 35.3571   Simulation time per second: 0.138114
INFO (CarpetX): Grid cells: 4096   Grid cell updates per second: 144823
INFO (CarpetX): Performance:
INFO (CarpetX):   total evolution time:            0.767818 sec
INFO (CarpetX):   total evolution compute time:    0.767093 sec
INFO (CarpetX):   total evolution output time:     0.000724792 sec
INFO (CarpetX):   total iterations:                27
INFO (CarpetX):   total cells updated:             110592
INFO (CarpetX):   average iterations per second: 35.1646
INFO (CarpetX):   average cell updates per second: 144034
INFO (CarpetX): OutputGH: iteration 28, time 0.109375, run time 2 s
INFO (CarpetX): OutputGH done.
INFO (CarpetX): Simulation time: 0.109375   Iterations per second: 35.4018   Simulation time per second: 0.138288
INFO (CarpetX): Grid cells: 4096   Grid cell updates per second: 145006
INFO (CarpetX): Performance:
INFO (CarpetX):   total evolution time:            0.795744 sec
INFO (CarpetX):   total evolution compute time:    0.794988 sec
INFO (CarpetX):   total evolution output time:     0.000755787 sec
INFO (CarpetX):   total iterations:                28
INFO (CarpetX):   total cells updated:             114688
INFO (CarpetX):   average iterations per second: 35.1872
INFO (CarpetX):   average cell updates per second: 144127
INFO (CarpetX): OutputGH: iteration 29, time 0.113281, run time 2 s
INFO (CarpetX): OutputGH done.
INFO (CarpetX): Simulation time: 0.113281   Iterations per second: 35.4398   Simulation time per second: 0.138437
INFO (CarpetX): Grid cells: 4096   Grid cell updates per second: 145162
INFO (CarpetX): Performance:
INFO (CarpetX):   total evolution time:            0.823688 sec
INFO (CarpetX):   total evolution compute time:    0.822902 sec
INFO (CarpetX):   total evolution output time:     0.000785828 sec
INFO (CarpetX):   total iterations:                29
INFO (CarpetX):   total cells updated:             118784
INFO (CarpetX):   average iterations per second: 35.2075
INFO (CarpetX):   average cell updates per second: 144210
INFO (CarpetX): OutputGH: iteration 30, time 0.117188, run time 2 s
INFO (CarpetX): OutputGH done.
INFO (CarpetX): Simulation time: 0.117188   Iterations per second: 35.4582   Simulation time per second: 0.138509
INFO (CarpetX): Grid cells: 4096   Grid cell updates per second: 145237
INFO (CarpetX): Performance:
INFO (CarpetX):   total evolution time:            0.851758 sec
INFO (CarpetX):   total evolution compute time:    0.850943 sec
INFO (CarpetX):   total evolution output time:     0.00081563 sec
INFO (CarpetX):   total iterations:                30
INFO (CarpetX):   total cells updated:             122880
INFO (CarpetX):   average iterations per second: 35.2213
INFO (CarpetX):   average cell updates per second: 144266
INFO (CarpetX): OutputGH: iteration 31, time 0.121094, run time 2 s
INFO (CarpetX): OutputGH done.
INFO (CarpetX): Simulation time: 0.121094   Iterations per second: 35.4868   Simulation time per second: 0.13862
INFO (CarpetX): Grid cells: 4096   Grid cell updates per second: 145354
INFO (CarpetX): Performance:
INFO (CarpetX):   total evolution time:            0.879733 sec
INFO (CarpetX):   total evolution compute time:    0.878892 sec
INFO (CarpetX):   total evolution output time:     0.000841618 sec
INFO (CarpetX):   total iterations:                31
INFO (CarpetX):   total cells updated:             126976
INFO (CarpetX):   average iterations per second: 35.238
INFO (CarpetX):   average cell updates per second: 144335
INFO (CarpetX): OutputGH: iteration 32, time 0.125000, run time 2 s
INFO (CarpetX): OutputGH done.
INFO (CarpetX): Simulation time: 0.125   Iterations per second: 35.4873   Simulation time per second: 0.138622
INFO (CarpetX): Grid cells: 4096   Grid cell updates per second: 145356
INFO (CarpetX): Performance:
INFO (CarpetX):   total evolution time:            0.907908 sec
INFO (CarpetX):   total evolution compute time:    0.907038 sec
INFO (CarpetX):   total evolution output time:     0.000870466 sec
INFO (CarpetX):   total iterations:                32
INFO (CarpetX):   total cells updated:             131072
INFO (CarpetX):   average iterations per second: 35.2458
INFO (CarpetX):   average cell updates per second: 144367
INFO (CarpetX): OutputGH: iteration 33, time 0.128906, run time 2 s
INFO (CarpetX): OutputGH done.
INFO (CarpetX): Simulation time: 0.128906   Iterations per second: 35.511   Simulation time per second: 0.138715
INFO (CarpetX): Grid cells: 4096   Grid cell updates per second: 145453
INFO (CarpetX): Performance:
INFO (CarpetX):   total evolution time:            0.935899 sec
INFO (CarpetX):   total evolution compute time:    0.935006 sec
INFO (CarpetX):   total evolution output time:     0.000893354 sec
INFO (CarpetX):   total iterations:                33
INFO (CarpetX):   total cells updated:             135168
INFO (CarpetX):   average iterations per second: 35.2602
INFO (CarpetX):   average cell updates per second: 144426
INFO (CarpetX): OutputGH: iteration 34, time 0.132812, run time 2 s
INFO (CarpetX): OutputGH done.
INFO (CarpetX): Simulation time: 0.132812   Iterations per second: 35.5249   Simulation time per second: 0.138769
INFO (CarpetX): Grid cells: 4096   Grid cell updates per second: 145510
INFO (CarpetX): Performance:
INFO (CarpetX):   total evolution time:            0.96395 sec
INFO (CarpetX):   total evolution compute time:    0.963032 sec
INFO (CarpetX):   total evolution output time:     0.000917435 sec
INFO (CarpetX):   total iterations:                34
INFO (CarpetX):   total cells updated:             139264
INFO (CarpetX):   average iterations per second: 35.2716
INFO (CarpetX):   average cell updates per second: 144472
INFO (CarpetX): OutputGH: iteration 35, time 0.136719, run time 2 s
INFO (CarpetX): OutputGH done.
INFO (CarpetX): Simulation time: 0.136719   Iterations per second: 35.5444   Simulation time per second: 0.138845
INFO (CarpetX): Grid cells: 4096   Grid cell updates per second: 145590
INFO (CarpetX): Performance:
INFO (CarpetX):   total evolution time:            0.991945 sec
INFO (CarpetX):   total evolution compute time:    0.991004 sec
INFO (CarpetX):   total evolution output time:     0.000940323 sec
INFO (CarpetX):   total iterations:                35
INFO (CarpetX):   total cells updated:             143360
INFO (CarpetX):   average iterations per second: 35.2842
INFO (CarpetX):   average cell updates per second: 144524
INFO (CarpetX): OutputGH: iteration 36, time 0.140625, run time 2 s
INFO (CarpetX): OutputGH done.
INFO (CarpetX): Simulation time: 0.140625   Iterations per second: 35.5551   Simulation time per second: 0.138887
INFO (CarpetX): Grid cells: 4096   Grid cell updates per second: 145634
INFO (CarpetX): Performance:
INFO (CarpetX):   total evolution time:            1.01999 sec
INFO (CarpetX):   total evolution compute time:    1.01903 sec
INFO (CarpetX):   total evolution output time:     0.000965357 sec
INFO (CarpetX):   total iterations:                36
INFO (CarpetX):   total cells updated:             147456
INFO (CarpetX):   average iterations per second: 35.2943
INFO (CarpetX):   average cell updates per second: 144566
INFO (CarpetX): OutputGH: iteration 37, time 0.144531, run time 2 s
INFO (CarpetX): OutputGH done.
INFO (CarpetX): Simulation time: 0.144531   Iterations per second: 35.5767   Simulation time per second: 0.138971
INFO (CarpetX): Grid cells: 4096   Grid cell updates per second: 145722
INFO (CarpetX): Performance:
INFO (CarpetX):   total evolution time:            1.04795 sec
INFO (CarpetX):   total evolution compute time:    1.04696 sec
INFO (CarpetX):   total evolution output time:     0.000988483 sec
INFO (CarpetX):   total iterations:                37
INFO (CarpetX):   total cells updated:             151552
INFO (CarpetX):   average iterations per second: 35.3071
INFO (CarpetX):   average cell updates per second: 144618
INFO (CarpetX): OutputGH: iteration 38, time 0.148438, run time 2 s
INFO (CarpetX): OutputGH done.
INFO (CarpetX): Simulation time: 0.148438   Iterations per second: 35.5861   Simulation time per second: 0.139008
INFO (CarpetX): Grid cells: 4096   Grid cell updates per second: 145761
INFO (CarpetX): Performance:
INFO (CarpetX):   total evolution time:            1.07598 sec
INFO (CarpetX):   total evolution compute time:    1.07497 sec
INFO (CarpetX):   total evolution output time:     0.00101161 sec
INFO (CarpetX):   total iterations:                38
INFO (CarpetX):   total cells updated:             155648
INFO (CarpetX):   average iterations per second: 35.3165
INFO (CarpetX):   average cell updates per second: 144657
INFO (CarpetX): OutputGH: iteration 39, time 0.152344, run time 2 s
INFO (CarpetX): OutputGH done.
INFO (CarpetX): Simulation time: 0.152344   Iterations per second: 35.6081   Simulation time per second: 0.139094
INFO (CarpetX): Grid cells: 4096   Grid cell updates per second: 145851
INFO (CarpetX): Performance:
INFO (CarpetX):   total evolution time:            1.10391 sec
INFO (CarpetX):   total evolution compute time:    1.10287 sec
INFO (CarpetX):   total evolution output time:     0.00104046 sec
INFO (CarpetX):   total iterations:                39
INFO (CarpetX):   total cells updated:             159744
INFO (CarpetX):   average iterations per second: 35.329
INFO (CarpetX):   average cell updates per second: 144707
INFO (CarpetX): OutputGH: iteration 40, time 0.156250, run time 2 s
INFO (CarpetX): OutputGH done.
INFO (CarpetX): Simulation time: 0.15625   Iterations per second: 35.605   Simulation time per second: 0.139082
INFO (CarpetX): Grid cells: 4096   Grid cell updates per second: 145838
INFO (CarpetX): Performance:
INFO (CarpetX):   total evolution time:            1.13202 sec
INFO (CarpetX):   total evolution compute time:    1.13095 sec
INFO (CarpetX):   total evolution output time:     0.00106668 sec
INFO (CarpetX):   total iterations:                40
INFO (CarpetX):   total cells updated:             163840
INFO (CarpetX):   average iterations per second: 35.3351
INFO (CarpetX):   average cell updates per second: 144733
INFO (CarpetX): OutputGH: iteration 41, time 0.160156, run time 2 s
INFO (CarpetX): OutputGH done.
INFO (CarpetX): Simulation time: 0.160156   Iterations per second: 35.5786   Simulation time per second: 0.138979
INFO (CarpetX): Grid cells: 4096   Grid cell updates per second: 145730
INFO (CarpetX): Performance:
INFO (CarpetX):   total evolution time:            1.16031 sec
INFO (CarpetX):   total evolution compute time:    1.15921 sec
INFO (CarpetX):   total evolution output time:     0.00110078 sec
INFO (CarpetX):   total iterations:                41
INFO (CarpetX):   total cells updated:             167936
INFO (CarpetX):   average iterations per second: 35.3353
INFO (CarpetX):   average cell updates per second: 144733
INFO (CarpetX): OutputGH: iteration 42, time 0.164062, run time 2 s
INFO (CarpetX): OutputGH done.
INFO (CarpetX): Simulation time: 0.164062   Iterations per second: 35.5709   Simulation time per second: 0.138949
INFO (CarpetX): Grid cells: 4096   Grid cell updates per second: 145699
INFO (CarpetX): Performance:
INFO (CarpetX):   total evolution time:            1.18848 sec
INFO (CarpetX):   total evolution compute time:    1.18735 sec
INFO (CarpetX):   total evolution output time:     0.00112581 sec
INFO (CarpetX):   total iterations:                42
INFO (CarpetX):   total cells updated:             172032
INFO (CarpetX):   average iterations per second: 35.3393
INFO (CarpetX):   average cell updates per second: 144750
INFO (CarpetX): OutputGH: iteration 43, time 0.167969, run time 2 s
INFO (CarpetX): OutputGH done.
INFO (CarpetX): Simulation time: 0.167969   Iterations per second: 35.5673   Simulation time per second: 0.138935
INFO (CarpetX): Grid cells: 4096   Grid cell updates per second: 145683
INFO (CarpetX): Performance:
INFO (CarpetX):   total evolution time:            1.21662 sec
INFO (CarpetX):   total evolution compute time:    1.21546 sec
INFO (CarpetX):   total evolution output time:     0.00116181 sec
INFO (CarpetX):   total iterations:                43
INFO (CarpetX):   total cells updated:             176128
INFO (CarpetX):   average iterations per second: 35.3438
INFO (CarpetX):   average cell updates per second: 144768
INFO (CarpetX): OutputGH: iteration 44, time 0.171875, run time 2 s
INFO (CarpetX): OutputGH done.
INFO (CarpetX): Simulation time: 0.171875   Iterations per second: 35.5749   Simulation time per second: 0.138965
INFO (CarpetX): Grid cells: 4096   Grid cell updates per second: 145715
INFO (CarpetX): Performance:
INFO (CarpetX):   total evolution time:            1.24468 sec
INFO (CarpetX):   total evolution compute time:    1.24349 sec
INFO (CarpetX):   total evolution output time:     0.0011909 sec
INFO (CarpetX):   total iterations:                44
INFO (CarpetX):   total cells updated:             180224
INFO (CarpetX):   average iterations per second: 35.3506
INFO (CarpetX):   average cell updates per second: 144796
INFO (CarpetX): OutputGH: iteration 45, time 0.175781, run time 2 s
INFO (CarpetX): OutputGH done.
INFO (CarpetX): Simulation time: 0.175781   Iterations per second: 35.6007   Simulation time per second: 0.139065
INFO (CarpetX): Grid cells: 4096   Grid cell updates per second: 145821
INFO (CarpetX): Performance:
INFO (CarpetX):   total evolution time:            1.27258 sec
INFO (CarpetX):   total evolution compute time:    1.27137 sec
INFO (CarpetX):   total evolution output time:     0.00121689 sec
INFO (CarpetX):   total iterations:                45
INFO (CarpetX):   total cells updated:             184320
INFO (CarpetX):   average iterations per second: 35.3612
INFO (CarpetX):   average cell updates per second: 144839
INFO (CarpetX): OutputGH: iteration 46, time 0.179688, run time 2 s
INFO (CarpetX): OutputGH done.
INFO (CarpetX): Simulation time: 0.179688   Iterations per second: 35.6118   Simulation time per second: 0.139109
INFO (CarpetX): Grid cells: 4096   Grid cell updates per second: 145866
INFO (CarpetX): Performance:
INFO (CarpetX):   total evolution time:            1.30058 sec
INFO (CarpetX):   total evolution compute time:    1.29934 sec
INFO (CarpetX):   total evolution output time:     0.00124598 sec
INFO (CarpetX):   total iterations:                46
INFO (CarpetX):   total cells updated:             188416
INFO (CarpetX):   average iterations per second: 35.3687
INFO (CarpetX):   average cell updates per second: 144870
INFO (CarpetX): OutputGH: iteration 47, time 0.183594, run time 2 s
INFO (CarpetX): OutputGH done.
INFO (CarpetX): Simulation time: 0.183594   Iterations per second: 35.6228   Simulation time per second: 0.139151
INFO (CarpetX): Grid cells: 4096   Grid cell updates per second: 145911
INFO (CarpetX): Performance:
INFO (CarpetX):   total evolution time:            1.32858 sec
INFO (CarpetX):   total evolution compute time:    1.32731 sec
INFO (CarpetX):   total evolution output time:     0.00127196 sec
INFO (CarpetX):   total iterations:                47
INFO (CarpetX):   total cells updated:             192512
INFO (CarpetX):   average iterations per second: 35.3762
INFO (CarpetX):   average cell updates per second: 144901
INFO (CarpetX): OutputGH: iteration 48, time 0.187500, run time 2 s
INFO (CarpetX): OutputGH done.
INFO (CarpetX): Simulation time: 0.1875   Iterations per second: 35.639   Simulation time per second: 0.139215
INFO (CarpetX): Grid cells: 4096   Grid cell updates per second: 145977
INFO (CarpetX): Performance:
INFO (CarpetX):   total evolution time:            1.35652 sec
INFO (CarpetX):   total evolution compute time:    1.35522 sec
INFO (CarpetX):   total evolution output time:     0.001302 sec
INFO (CarpetX):   total iterations:                48
INFO (CarpetX):   total cells updated:             196608
INFO (CarpetX):   average iterations per second: 35.3846
INFO (CarpetX):   average cell updates per second: 144935
INFO (CarpetX): OutputGH: iteration 49, time 0.191406, run time 2 s
INFO (CarpetX): OutputGH done.
INFO (CarpetX): Simulation time: 0.191406   Iterations per second: 35.6569   Simulation time per second: 0.139285
INFO (CarpetX): Grid cells: 4096   Grid cell updates per second: 146051
INFO (CarpetX): Performance:
INFO (CarpetX):   total evolution time:            1.38444 sec
INFO (CarpetX):   total evolution compute time:    1.38312 sec
INFO (CarpetX):   total evolution output time:     0.00132489 sec
INFO (CarpetX):   total iterations:                49
INFO (CarpetX):   total cells updated:             200704
INFO (CarpetX):   average iterations per second: 35.3934
INFO (CarpetX):   average cell updates per second: 144971
INFO (CarpetX): OutputGH: iteration 50, time 0.195312, run time 2 s
INFO (CarpetX): OutputGH done.
INFO (CarpetX): Simulation time: 0.195312   Iterations per second: 35.6263   Simulation time per second: 0.139165
INFO (CarpetX): Grid cells: 4096   Grid cell updates per second: 145925
INFO (CarpetX): Performance:
INFO (CarpetX):   total evolution time:            1.41273 sec
INFO (CarpetX):   total evolution compute time:    1.41137 sec
INFO (CarpetX):   total evolution output time:     0.00135398 sec
INFO (CarpetX):   total iterations:                50
INFO (CarpetX):   total cells updated:             204800
INFO (CarpetX):   average iterations per second: 35.3926
INFO (CarpetX):   average cell updates per second: 144968
INFO (CarpetX): OutputGH: iteration 51, time 0.199219, run time 2 s
INFO (CarpetX): OutputGH done.
INFO (CarpetX): Simulation time: 0.199219   Iterations per second: 35.6222   Simulation time per second: 0.139149
INFO (CarpetX): Grid cells: 4096   Grid cell updates per second: 145908
INFO (CarpetX): Performance:
INFO (CarpetX):   total evolution time:            1.44083 sec
INFO (CarpetX):   total evolution compute time:    1.43945 sec
INFO (CarpetX):   total evolution output time:     0.00138187 sec
INFO (CarpetX):   total iterations:                51
INFO (CarpetX):   total cells updated:             208896
INFO (CarpetX):   average iterations per second: 35.3963
INFO (CarpetX):   average cell updates per second: 144983
INFO (CarpetX): OutputGH: iteration 52, time 0.203125, run time 3 s
INFO (CarpetX): OutputGH done.
INFO (CarpetX): Simulation time: 0.203125   Iterations per second: 35.6188   Simulation time per second: 0.139136
INFO (CarpetX): Grid cells: 4096   Grid cell updates per second: 145895
INFO (CarpetX): Performance:
INFO (CarpetX):   total evolution time:            1.46893 sec
INFO (CarpetX):   total evolution compute time:    1.46752 sec
INFO (CarpetX):   total evolution output time:     0.00140595 sec
INFO (CarpetX):   total iterations:                52
INFO (CarpetX):   total cells updated:             212992
INFO (CarpetX):   average iterations per second: 35.4
INFO (CarpetX):   average cell updates per second: 144998
INFO (CarpetX): OutputGH: iteration 53, time 0.207031, run time 3 s
INFO (CarpetX): OutputGH done.
INFO (CarpetX): Simulation time: 0.207031   Iterations per second: 35.6395   Simulation time per second: 0.139217
INFO (CarpetX): Grid cells: 4096   Grid cell updates per second: 145979
INFO (CarpetX): Performance:
INFO (CarpetX):   total evolution time:            1.49684 sec
INFO (CarpetX):   total evolution compute time:    1.4954 sec
INFO (CarpetX):   total evolution output time:     0.001436 sec
INFO (CarpetX):   total iterations:                53
INFO (CarpetX):   total cells updated:             217088
INFO (CarpetX):   average iterations per second: 35.4079
INFO (CarpetX):   average cell updates per second: 145031
INFO (CarpetX): OutputGH: iteration 54, time 0.210938, run time 3 s
INFO (CarpetX): OutputGH done.
INFO (CarpetX): Simulation time: 0.210938   Iterations per second: 35.6185   Simulation time per second: 0.139135
INFO (CarpetX): Grid cells: 4096   Grid cell updates per second: 145893
INFO (CarpetX): Performance:
INFO (CarpetX):   total evolution time:            1.52506 sec
INFO (CarpetX):   total evolution compute time:    1.5236 sec
INFO (CarpetX):   total evolution output time:     0.00146508 sec
INFO (CarpetX):   total iterations:                54
INFO (CarpetX):   total cells updated:             221184
INFO (CarpetX):   average iterations per second: 35.4084
INFO (CarpetX):   average cell updates per second: 145033
INFO (CarpetX): OutputGH: iteration 55, time 0.214844, run time 3 s
INFO (CarpetX): OutputGH done.
INFO (CarpetX): Simulation time: 0.214844   Iterations per second: 35.6235   Simulation time per second: 0.139154
INFO (CarpetX): Grid cells: 4096   Grid cell updates per second: 145914
INFO (CarpetX): Performance:
INFO (CarpetX):   total evolution time:            1.5531 sec
INFO (CarpetX):   total evolution compute time:    1.55161 sec
INFO (CarpetX):   total evolution output time:     0.00148988 sec
INFO (CarpetX):   total iterations:                55
INFO (CarpetX):   total cells updated:             225280
INFO (CarpetX):   average iterations per second: 35.4131
INFO (CarpetX):   average cell updates per second: 145052
INFO (CarpetX): OutputGH: iteration 56, time 0.218750, run time 3 s
INFO (CarpetX): OutputGH done.
INFO (CarpetX): Simulation time: 0.21875   Iterations per second: 35.6289   Simulation time per second: 0.139175
INFO (CarpetX): Grid cells: 4096   Grid cell updates per second: 145936
INFO (CarpetX): Performance:
INFO (CarpetX):   total evolution time:            1.58113 sec
INFO (CarpetX):   total evolution compute time:    1.57961 sec
INFO (CarpetX):   total evolution output time:     0.00151873 sec
INFO (CarpetX):   total iterations:                56
INFO (CarpetX):   total cells updated:             229376
INFO (CarpetX):   average iterations per second: 35.4177
INFO (CarpetX):   average cell updates per second: 145071
INFO (CarpetX): OutputGH: iteration 57, time 0.222656, run time 3 s
INFO (CarpetX): OutputGH done.
INFO (CarpetX): Simulation time: 0.222656   Iterations per second: 35.6443   Simulation time per second: 0.139235
INFO (CarpetX): Grid cells: 4096   Grid cell updates per second: 145999
INFO (CarpetX): Performance:
INFO (CarpetX):   total evolution time:            1.60907 sec
INFO (CarpetX):   total evolution compute time:    1.60753 sec
INFO (CarpetX):   total evolution output time:     0.00154281 sec
INFO (CarpetX):   total iterations:                57
INFO (CarpetX):   total cells updated:             233472
INFO (CarpetX):   average iterations per second: 35.4241
INFO (CarpetX):   average cell updates per second: 145097
INFO (CarpetX): OutputGH: iteration 58, time 0.226562, run time 3 s
INFO (CarpetX): OutputGH done.
INFO (CarpetX): Simulation time: 0.226562   Iterations per second: 35.6479   Simulation time per second: 0.13925
INFO (CarpetX): Grid cells: 4096   Grid cell updates per second: 146014
INFO (CarpetX): Performance:
INFO (CarpetX):   total evolution time:            1.6371 sec
INFO (CarpetX):   total evolution compute time:    1.63553 sec
INFO (CarpetX):   total evolution output time:     0.00156975 sec
INFO (CarpetX):   total iterations:                58
INFO (CarpetX):   total cells updated:             237568
INFO (CarpetX):   average iterations per second: 35.4285
INFO (CarpetX):   average cell updates per second: 145115
INFO (CarpetX): OutputGH: iteration 59, time 0.230469, run time 3 s
INFO (CarpetX): OutputGH done.
INFO (CarpetX): Simulation time: 0.230469   Iterations per second: 35.6472   Simulation time per second: 0.139247
INFO (CarpetX): Grid cells: 4096   Grid cell updates per second: 146011
INFO (CarpetX): Performance:
INFO (CarpetX):   total evolution time:            1.66516 sec
INFO (CarpetX):   total evolution compute time:    1.66356 sec
INFO (CarpetX):   total evolution output time:     0.00160074 sec
INFO (CarpetX):   total iterations:                59
INFO (CarpetX):   total cells updated:             241664
INFO (CarpetX):   average iterations per second: 35.4321
INFO (CarpetX):   average cell updates per second: 145130
INFO (CarpetX): OutputGH: iteration 60, time 0.234375, run time 3 s
INFO (CarpetX): OutputGH done.
INFO (CarpetX): Simulation time: 0.234375   Iterations per second: 35.6415   Simulation time per second: 0.139225
INFO (CarpetX): Grid cells: 4096   Grid cell updates per second: 145988
INFO (CarpetX): Performance:
INFO (CarpetX):   total evolution time:            1.69326 sec
INFO (CarpetX):   total evolution compute time:    1.69163 sec
INFO (CarpetX):   total evolution output time:     0.00162482 sec
INFO (CarpetX):   total iterations:                60
INFO (CarpetX):   total cells updated:             245760
INFO (CarpetX):   average iterations per second: 35.4347
INFO (CarpetX):   average cell updates per second: 145140
INFO (CarpetX): OutputGH: iteration 61, time 0.238281, run time 3 s
INFO (CarpetX): OutputGH done.
INFO (CarpetX): Simulation time: 0.238281   Iterations per second: 35.6136   Simulation time per second: 0.139116
INFO (CarpetX): Grid cells: 4096   Grid cell updates per second: 145873
INFO (CarpetX): Performance:
INFO (CarpetX):   total evolution time:            1.72153 sec
INFO (CarpetX):   total evolution compute time:    1.71988 sec
INFO (CarpetX):   total evolution output time:     0.0016489 sec
INFO (CarpetX):   total iterations:                61
INFO (CarpetX):   total cells updated:             249856
INFO (CarpetX):   average iterations per second: 35.4335
INFO (CarpetX):   average cell updates per second: 145136
INFO (CarpetX): OutputGH: iteration 62, time 0.242188, run time 3 s
INFO (CarpetX): OutputGH done.
INFO (CarpetX): Simulation time: 0.242188   Iterations per second: 35.6182   Simulation time per second: 0.139134
INFO (CarpetX): Grid cells: 4096   Grid cell updates per second: 145892
INFO (CarpetX): Performance:
INFO (CarpetX):   total evolution time:            1.74958 sec
INFO (CarpetX):   total evolution compute time:    1.7479 sec
INFO (CarpetX):   total evolution output time:     0.00167775 sec
INFO (CarpetX):   total iterations:                62
INFO (CarpetX):   total cells updated:             253952
INFO (CarpetX):   average iterations per second: 35.4372
INFO (CarpetX):   average cell updates per second: 145151
INFO (CarpetX): OutputGH: iteration 63, time 0.246094, run time 3 s
INFO (CarpetX): OutputGH done.
INFO (CarpetX): Simulation time: 0.246094   Iterations per second: 35.6283   Simulation time per second: 0.139173
INFO (CarpetX): Grid cells: 4096   Grid cell updates per second: 145933
INFO (CarpetX): Performance:
INFO (CarpetX):   total evolution time:            1.77757 sec
INFO (CarpetX):   total evolution compute time:    1.77587 sec
INFO (CarpetX):   total evolution output time:     0.00170374 sec
INFO (CarpetX):   total iterations:                63
INFO (CarpetX):   total cells updated:             258048
INFO (CarpetX):   average iterations per second: 35.4416
INFO (CarpetX):   average cell updates per second: 145169
INFO (CarpetX): OutputGH: iteration 64, time 0.250000, run time 3 s
INFO (CarpetX): OutputGH done.
INFO (CarpetX): Simulation time: 0.25   Iterations per second: 11.3488   Simulation time per second: 0.0443314
INFO (CarpetX): Grid cells: 4096   Grid cell updates per second: 46484.9
INFO (CarpetX): Performance:
INFO (CarpetX):   total evolution time:            2.40611 sec
INFO (CarpetX):   total evolution compute time:    1.80669 sec
INFO (CarpetX):   total evolution output time:     0.599417 sec
INFO (CarpetX):   total iterations:                64
INFO (CarpetX):   total cells updated:             262144
INFO (CarpetX):   average iterations per second: 26.5989
INFO (CarpetX):   average cell updates per second: 108949
INFO (CarpetX): Shutting down...
AMReX (25.11) finalized
--------------------------------------------------------------------------------
Done.
+ echo Stopping:
Stopping:
+ date
Thu Jul  2 15:46:34 UTC 2026
+ echo Done.
Done.
  Elapsed time: 3.7 s
