/home/runner/simulations/TestJob01_temp_1/output-0000/TEST/sim/CanudaX_BSSNMoL
Preparing:
+ set -e
+ cd output-0000-active
+ echo Checking:
Checking:
+ pwd
/home/runner/simulations/TestJob01_temp_1/output-0000/TEST/sim/CanudaX_BSSNMoL/output-0000-active
+ hostname
runnervm5mmn9
+ date
Wed Jul  8 16:38:47 UTC 2026
+ echo Environment:
Environment:
+ export CACTUS_NUM_PROCS=1
+ CACTUS_NUM_PROCS=1
+ export CACTUS_NUM_THREADS=2
+ CACTUS_NUM_THREADS=2
+ export GMON_OUT_PREFIX=gmon.out
+ GMON_OUT_PREFIX=gmon.out
+ export OMP_NUM_THREADS=2
+ OMP_NUM_THREADS=2
+ env
+ sort
+ echo Starting:
Starting:
++ date +%s
+ export CACTUS_STARTTIME=1783528727
+ CACTUS_STARTTIME=1783528727
+ '[' 1 = 1 ']'
+ '[' 0 -eq 0 ']'
+ /home/runner/simulations/TestJob01_temp_1/SIMFACTORY/exe/cactus_sim -L 3 /home/runner/simulations/TestJob01_temp_1/output-0000/arrangements/CanudaX/CanudaX_BSSNMoL/test/gaugewave.par
INFO (Cactus): Increased logging level from 0 to 3
--------------------------------------------------------------------------------

       10                                  
  1   0101       ************************  
  01  1010 10      The Cactus Code V4.20.0    
 1010 1101 011      www.cactuscode.org     
  1001 100101    ************************  
    00010101                               
     100011     (c) Copyright The Authors  
      0100      GNU Licensed. No Warranty  
      0101                                 
--------------------------------------------------------------------------------

Cactus version:    4.20.0
Compile date:      Jul 08 2026 (16:35:56)
Run date:          Jul 08 2026 (16:38:48+0000)
Run host:          runnervm5mmn9.530sfc1j1x4exldi14v4jjn2ng.cx.internal.cloudapp.net (pid=168879)
Working directory: /home/runner/simulations/TestJob01_temp_1/output-0000/TEST/sim/CanudaX_BSSNMoL
Executable:        /home/runner/simulations/TestJob01_temp_1/SIMFACTORY/exe/cactus_sim
Parameter file:    /home/runner/simulations/TestJob01_temp_1/output-0000/arrangements/CanudaX/CanudaX_BSSNMoL/test/gaugewave.par
--------------------------------------------------------------------------------

Activating thorn Cactus...Success -> active implementation Cactus
Activation requested for 
--->ADMBaseX CanudaX_BSSNMoL CanudaX_ExactID CarpetX IOUtil ODESolvers TmunuBaseX<---
Thorn ADMBaseX requests automatic activation of Loop
Thorn CarpetX requests automatic activation of AMReX
Thorn CarpetX requests automatic activation of MPI
Thorn CarpetX requests automatic activation of yaml_cpp
Thorn CarpetX requests automatic activation of zlib
Thorn CarpetX requests automatic activation of Arith
Thorn CarpetX requests automatic activation of CarpetXRegrid
Thorn CarpetX requests automatic activation of ADIOS2
Thorn CarpetX requests automatic activation of openPMD
Thorn CarpetX requests automatic activation of Silo
Thorn ADIOS2 requests automatic activation of CMake
Thorn Arith requests automatic activation of NSIMD
Thorn MPI requests automatic activation of hwloc
Thorn openPMD requests automatic activation of HDF5
Activating thorn ADIOS2...Success -> active implementation ADIOS2
Activating thorn ADMBaseX...Success -> active implementation ADMBaseX
Activating thorn AMReX...Success -> active implementation AMReX
Activating thorn Arith...Success -> active implementation Arith
Activating thorn CanudaX_BSSNMoL...Success -> active implementation CanudaX_BSSNMoL
Activating thorn CanudaX_ExactID...Success -> active implementation CanudaX_ExactID
Activating thorn CarpetX...Success -> active implementation Driver
Activating thorn CarpetXRegrid...Success -> active implementation CarpetXRegrid
Activating thorn CMake...Success -> active implementation CMake
Activating thorn HDF5...Success -> active implementation HDF5
Activating thorn hwloc...Success -> active implementation hwloc
Activating thorn IOUtil...Success -> active implementation IO
Activating thorn Loop...Success -> active implementation Loop
Activating thorn MPI...Success -> active implementation MPI
Activating thorn NSIMD...Success -> active implementation NSIMD
Activating thorn ODESolvers...Success -> active implementation ODESolvers
Activating thorn openPMD...Success -> active implementation openPMD
Activating thorn Silo...Success -> active implementation Silo
Activating thorn TmunuBaseX...Success -> active implementation TmunuBaseX
Activating thorn yaml_cpp...Success -> active implementation yaml_cpp
Activating thorn zlib...Success -> active implementation zlib
--------------------------------------------------------------------------------
  if (recover initial data)
    Recover parameters
  endif

  Startup routines
    [CCTK_STARTUP]
      CarpetX::Driver_Startup: Start up the driver
      IOUtil::IOUtil_Startup: Startup routine
      GROUP hwloc_startup: hwloc startup group
        hwloc::hwloc_version: Output hwloc version

  Startup routines which need an existing grid hierarchy
    [CCTK_WRAGH]
      Arith::Test_smallvector: [meta] Test small vectors
      Arith::Test_spvect: [meta] Test sparse vectors
      ODESolvers::ODESolvers_InitConstants: [global] Set up dummy loop counters for schedule printout
  Parameter checking routines
    [CCTK_PARAMCHECK]
      CanudaX_BSSNMoL::CanudaX_BSSNMoL_paramcheck: Check CanudaX_BSSNMoL parameters for consistency

  Initialisation
    if (NOT (recover initial data AND recovery_mode is 'strict'))
      [CCTK_PREREGRIDINITIAL]
      Set up grid hierarchy
      [CCTK_POSTREGRIDINITIAL]
      [CCTK_BASEGRID]
        CarpetXRegrid::CarpetXRegrid_InitError: Initialize regridding error to zero
        GROUP ODESolvers_BaseGrid: Set up constants (e.g. coordinates) everywhere on the grid
      [CCTK_INITIAL]
        GROUP TmunuBaseX_SetTmunuVars: Schedule group for setting T_munu
          TmunuBaseX::TmunuBaseX_ZeroTmunu: Set T_munu to zero
          GROUP TmunuBaseX_AddToTmunu: Add to T_munu here
        GROUP ODESolvers_Initial: Set up initial conditions on interior of state vector
          GROUP ADMBaseX_InitialData: Schedule group for calculating ADM initial data
            GROUP CanudaX_ExactIDGroup: CanudaX_ExactID group for setting up initial data
              CanudaX_ExactID::CanudaX_ExactID_GaugeWave: [local] Create gauge wave initial data
          GROUP ADMBaseX_InitialGauge: Schedule group for the ADM initial gauge condition
            ADMBaseX::ADMBaseX_initial_dtlapse: Set dtlapse to zero
            ADMBaseX::ADMBaseX_initial_dtshift: Set dtshift to zero
          GROUP ADMBaseX_PostInitial: Schedule group for modifying the ADM initial data, such as e.g. adding noise
        GROUP CanudaX_BSSNMoL_InitialGroup: CanudaX_BSSNMoL: initial bin
          CanudaX_BSSNMoL::CanudaX_BSSNMoL_adm2bssn: [local] Convert initial data into BSSN variables
          CanudaX_BSSNMoL::CanudaX_BSSNMoL_gammat: [local] Set Gammat initial data
      [CCTK_POSTINITIAL]
        GROUP ODESolvers_PostStep: Apply boundary conditions to state vector, and project if necessary
          GROUP CanudaX_BSSNMoL_PostStepGroup: CanudaX_BSSNMoL: post-step operations
            CanudaX_BSSNMoL::CanudaX_BSSNMoL_impose_conf_fac_floor: Make sure conformal factor does not drop below specified value
            CanudaX_BSSNMoL::CanudaX_BSSNMoL_reset_detmetric: reset dethh = 1
            CanudaX_BSSNMoL::CanudaX_BSSNMoL_remove_trA: Remove trace of A
            CanudaX_BSSNMoL::CanudaX_BSSNMoL_sync: [global] Sync state vector
            CanudaX_BSSNMoL::CanudaX_BSSNMoL_bssn2adm: [local] Convert variables back to the ADM ones
          GROUP ADMBaseX_SetADMRHS: Set ADM RHS variables in this group
          GROUP ADMBaseX_SetADMVars: Set ADM variables in this group
          GROUP TmunuBaseX_SetTmunuVars: Schedule group for setting T_munu
            TmunuBaseX::TmunuBaseX_ZeroTmunu: Set T_munu to zero
            GROUP TmunuBaseX_AddToTmunu: Add to T_munu here
        GROUP ODESolvers_EstimateError: Estimate discretization error (for regridding)
      Initialise finer grids recursively
      Restrict from finer grids
      [CCTK_POSTRESTRICTINITIAL]
      [CCTK_POSTPOSTINITIAL]
      [CCTK_POSTSTEP]
        GROUP ODESolvers_EstimateError: Estimate discretization error (for regridding)
    endif
    if (recover initial data)
      [CCTK_BASEGRID]
        CarpetXRegrid::CarpetXRegrid_InitError: Initialize regridding error to zero
        GROUP ODESolvers_BaseGrid: Set up constants (e.g. coordinates) everywhere on the grid
      [CCTK_RECOVER_VARIABLES]
      [CCTK_POST_RECOVER_VARIABLES]
        GROUP ODESolvers_PostStep: Apply boundary conditions to state vector, and project if necessary
          GROUP CanudaX_BSSNMoL_PostStepGroup: CanudaX_BSSNMoL: post-step operations
            CanudaX_BSSNMoL::CanudaX_BSSNMoL_impose_conf_fac_floor: Make sure conformal factor does not drop below specified value
            CanudaX_BSSNMoL::CanudaX_BSSNMoL_reset_detmetric: reset dethh = 1
            CanudaX_BSSNMoL::CanudaX_BSSNMoL_remove_trA: Remove trace of A
            CanudaX_BSSNMoL::CanudaX_BSSNMoL_sync: [global] Sync state vector
            CanudaX_BSSNMoL::CanudaX_BSSNMoL_bssn2adm: [local] Convert variables back to the ADM ones
          GROUP ADMBaseX_SetADMRHS: Set ADM RHS variables in this group
          GROUP ADMBaseX_SetADMVars: Set ADM variables in this group
          GROUP TmunuBaseX_SetTmunuVars: Schedule group for setting T_munu
            TmunuBaseX::TmunuBaseX_ZeroTmunu: Set T_munu to zero
            GROUP TmunuBaseX_AddToTmunu: Add to T_munu here
        GROUP ODESolvers_EstimateError: Estimate discretization error (for regridding)
    endif
    if (checkpoint initial data)
      [CCTK_CPINITIAL]
        CarpetX::CarpetX_CheckpointInitial: [meta] Checkpoint initial conditions
    endif
    if (analysis)
      [CCTK_ANALYSIS]
        CanudaX_BSSNMoL::CanudaX_BSSNMoL_bssn_constraints: Compute constraints
        GROUP ODESolvers_Analysis: Calculate analysis quantities everywhere
  endif
  Output grid variables

  do loop over timesteps
    [CCTK_PREREGRID]
    Change grid hierarchy
    [CCTK_POSTREGRID]
      GROUP ODESolvers_PostStep: Apply boundary conditions to state vector, and project if necessary
        GROUP CanudaX_BSSNMoL_PostStepGroup: CanudaX_BSSNMoL: post-step operations
          CanudaX_BSSNMoL::CanudaX_BSSNMoL_impose_conf_fac_floor: Make sure conformal factor does not drop below specified value
          CanudaX_BSSNMoL::CanudaX_BSSNMoL_reset_detmetric: reset dethh = 1
          CanudaX_BSSNMoL::CanudaX_BSSNMoL_remove_trA: Remove trace of A
          CanudaX_BSSNMoL::CanudaX_BSSNMoL_sync: [global] Sync state vector
          CanudaX_BSSNMoL::CanudaX_BSSNMoL_bssn2adm: [local] Convert variables back to the ADM ones
        GROUP ADMBaseX_SetADMRHS: Set ADM RHS variables in this group
        GROUP ADMBaseX_SetADMVars: Set ADM variables in this group
        GROUP TmunuBaseX_SetTmunuVars: Schedule group for setting T_munu
          TmunuBaseX::TmunuBaseX_ZeroTmunu: Set T_munu to zero
          GROUP TmunuBaseX_AddToTmunu: Add to T_munu here
    Rotate timelevels
    iteration = iteration+1
    t = t+dt
    [CCTK_PRESTEP]
    [CCTK_EVOL]
      ODESolvers::ODESolvers_Solve: [level] Solve ODEs
      while (ODESolvers::do_substeps)
        GROUP ODESolvers_CalledBySolve: Groups internally scheduled by ODESolvers_Solve
          GROUP ODESolvers_RHS: Evaluate the RHS for of state vector everywhere on the grid
            GROUP CanudaX_BSSNMoL_RHSGroup: CanudaX_BSSNMoL: calculate BSSN RHS
              CanudaX_BSSNMoL::CanudaX_BSSNMoL_calc_bssn_rhs: MoL RHS calculation
              CanudaX_BSSNMoL::CanudaX_BSSNMoL_apply_boundary_conditions: Apply radiative boundary conditions 
          GROUP ODESolvers_PostStep: Apply boundary conditions to state vector, and project if necessary
            GROUP CanudaX_BSSNMoL_PostStepGroup: CanudaX_BSSNMoL: post-step operations
              CanudaX_BSSNMoL::CanudaX_BSSNMoL_impose_conf_fac_floor: Make sure conformal factor does not drop below specified value
              CanudaX_BSSNMoL::CanudaX_BSSNMoL_reset_detmetric: reset dethh = 1
              CanudaX_BSSNMoL::CanudaX_BSSNMoL_remove_trA: Remove trace of A
              CanudaX_BSSNMoL::CanudaX_BSSNMoL_sync: [global] Sync state vector
              CanudaX_BSSNMoL::CanudaX_BSSNMoL_bssn2adm: [local] Convert variables back to the ADM ones
            GROUP ADMBaseX_SetADMRHS: Set ADM RHS variables in this group
            GROUP ADMBaseX_SetADMVars: Set ADM variables in this group
            GROUP TmunuBaseX_SetTmunuVars: Schedule group for setting T_munu
              TmunuBaseX::TmunuBaseX_ZeroTmunu: Set T_munu to zero
              GROUP TmunuBaseX_AddToTmunu: Add to T_munu here
      end while
    Evolve finer grids recursively
    Restrict from finer grids
    [CCTK_POSTRESTRICT]
      GROUP ODESolvers_PostStep: Apply boundary conditions to state vector, and project if necessary
        GROUP CanudaX_BSSNMoL_PostStepGroup: CanudaX_BSSNMoL: post-step operations
          CanudaX_BSSNMoL::CanudaX_BSSNMoL_impose_conf_fac_floor: Make sure conformal factor does not drop below specified value
          CanudaX_BSSNMoL::CanudaX_BSSNMoL_reset_detmetric: reset dethh = 1
          CanudaX_BSSNMoL::CanudaX_BSSNMoL_remove_trA: Remove trace of A
          CanudaX_BSSNMoL::CanudaX_BSSNMoL_sync: [global] Sync state vector
          CanudaX_BSSNMoL::CanudaX_BSSNMoL_bssn2adm: [local] Convert variables back to the ADM ones
        GROUP ADMBaseX_SetADMRHS: Set ADM RHS variables in this group
        GROUP ADMBaseX_SetADMVars: Set ADM variables in this group
        GROUP TmunuBaseX_SetTmunuVars: Schedule group for setting T_munu
          TmunuBaseX::TmunuBaseX_ZeroTmunu: Set T_munu to zero
          GROUP TmunuBaseX_AddToTmunu: Add to T_munu here
    [CCTK_POSTSTEP]
      GROUP ODESolvers_EstimateError: Estimate discretization error (for regridding)
    if (checkpoint)
      [CCTK_CHECKPOINT]
      CarpetX::CarpetX_Checkpoint: [meta] Checkpoint
    endif
    if (analysis)
      [CCTK_ANALYSIS]
      CanudaX_BSSNMoL::CanudaX_BSSNMoL_bssn_constraints: Compute constraints
      GROUP ODESolvers_Analysis: Calculate analysis quantities everywhere
    endif
    Output grid variables
    enddo

  Termination routines
    [CCTK_TERMINATE]
      CarpetX::CarpetX_CheckpointTerminate: [meta] Checkpoint before terminating

  Shutdown routines
    [CCTK_SHUTDOWN]
      CarpetX::Driver_Shutdown: [meta] Shut down the driver

  Routines run after changing the grid hierarchy:
    [CCTK_POSTREGRID]
      GROUP ODESolvers_PostStep: Apply boundary conditions to state vector, and project if necessary
        GROUP CanudaX_BSSNMoL_PostStepGroup: CanudaX_BSSNMoL: post-step operations
          CanudaX_BSSNMoL::CanudaX_BSSNMoL_impose_conf_fac_floor: Make sure conformal factor does not drop below specified value
          CanudaX_BSSNMoL::CanudaX_BSSNMoL_reset_detmetric: reset dethh = 1
          CanudaX_BSSNMoL::CanudaX_BSSNMoL_remove_trA: Remove trace of A
          CanudaX_BSSNMoL::CanudaX_BSSNMoL_sync: [global] Sync state vector
          CanudaX_BSSNMoL::CanudaX_BSSNMoL_bssn2adm: [local] Convert variables back to the ADM ones
        GROUP ADMBaseX_SetADMRHS: Set ADM RHS variables in this group
        GROUP ADMBaseX_SetADMVars: Set ADM variables in this group
        GROUP TmunuBaseX_SetTmunuVars: Schedule group for setting T_munu
          TmunuBaseX::TmunuBaseX_ZeroTmunu: Set T_munu to zero
          GROUP TmunuBaseX_AddToTmunu: Add to T_munu here
--------------------------------------------------------------------------------
INFO (hwloc): library version 2.10.0, API version 0x20800
--------------------------------------------------------------------------------

  [34m  ▕▏  [34m  ▕▏  [34m  ▕▏  [34m  ▕▏  [34m  ▕▏  [34m  ▕▏  [34m  ▕▏  [34m  ▕▏  [34m  ▕▏  [39m  
  [34m──██──[34m──██──[34m──██──[34m──██──[34m──██──[34m──██──[34m──██──[34m──██──[34m──██──[39m  
  [34m  ▕▏  [34m  ▕▏  [34m  ▕▏  [34m  ▕▏  [34m  ▕▏  [34m  ▕▏  [34m  ▕▏  [34m  ▕▏  [34m  ▕▏  [39m  
  [34m  ▕▏  [32m██████[34m  ▕▏  [34m  ▕▏  [32m██████[34m  ▕▏  [34m  ▕▏  [32m██████[34m  ▕▏  [39m  
  [34m──██──[32m██████[34m──██──[34m──██──[32m██████[34m──██──[34m──██──[32m██████[34m──██──[39m  
  [34m  ▕▏  [32m██████[34m  ▕▏  [34m  ▕▏  [32m██████[34m  ▕▏  [34m  ▕▏  [32m██████[34m  ▕▏  [39m  
  [34m  ▕▏  [34m  ▕▏  [34m  ▕▏  [34m  ▕▏  [34m  ▕▏  [34m  ▕▏  [34m  ▕▏  [34m  ▕▏  [34m  ▕▏  [39m  
  [34m──██──[34m──██──[34m──██──[34m──██──[34m──██──[34m──██──[34m──██──[34m──██──[34m──██──[39m  
  [34m  ▕▏  [34m  ▕▏  [34m  ▕▏  [34m  ▕▏  [34m  ▕▏  [34m  ▕▏  [34m  ▕▏  [34m  ▕▏  [34m  ▕▏  [39m  
  [34m  ▕▏  [34m  ▕▏  [34m  ▕▏  [31m██████[31m██████[31m██████[34m  ▕▏  [34m  ▕▏  [34m  ▕▏  [39m  
  [34m──██──[34m──██──[34m──██──[31m██████[31m██████[31m██████[34m──██──[34m──██──[34m──██──[39m  
  [34m  ▕▏  [34m  ▕▏  [34m  ▕▏  [31m██████[31m██████[31m██████[34m  ▕▏  [34m  ▕▏  [34m  ▕▏  [39m  
  [34m  ▕▏  [32m██████[34m  ▕▏  [31m██████[31m██████[31m██████[34m  ▕▏  [32m██████[34m  ▕▏  [39m  
  [34m──██──[32m██████[34m──██──[31m██████[31m██████[31m██████[34m──██──[32m██████[34m──██──[39m  
  [34m  ▕▏  [32m██████[34m  ▕▏  [31m██████[31m██████[31m██████[34m  ▕▏  [32m██████[34m  ▕▏  [39m  
  [34m  ▕▏  [34m  ▕▏  [34m  ▕▏  [31m██████[31m██████[31m██████[34m  ▕▏  [34m  ▕▏  [34m  ▕▏  [39m  
  [34m──██──[34m──██──[34m──██──[31m██████[31m██████[31m██████[34m──██──[34m──██──[34m──██──[39m  
  [34m  ▕▏  [34m  ▕▏  [34m  ▕▏  [31m██████[31m██████[31m██████[34m  ▕▏  [34m  ▕▏  [34m  ▕▏  [39m  
  [34m  ▕▏  [34m  ▕▏  [34m  ▕▏  [34m  ▕▏  [34m  ▕▏  [34m  ▕▏  [34m  ▕▏  [34m  ▕▏  [34m  ▕▏  [39m  
  [34m──██──[34m──██──[34m──██──[34m──██──[34m──██──[34m──██──[34m──██──[34m──██──[34m──██──[39m  
  [34m  ▕▏  [34m  ▕▏  [34m  ▕▏  [34m  ▕▏  [34m  ▕▏  [34m  ▕▏  [34m  ▕▏  [34m  ▕▏  [34m  ▕▏  [39m  
  [34m  ▕▏  [32m██████[34m  ▕▏  [34m  ▕▏  [32m██████[34m  ▕▏  [34m  ▕▏  [32m██████[34m  ▕▏  [39m  
  [34m──██──[32m██████[34m──██──[34m──██──[32m██████[34m──██──[34m──██──[32m██████[34m──██──[39m  
  [34m  ▕▏  [32m██████[34m  ▕▏  [34m  ▕▏  [32m██████[34m  ▕▏  [34m  ▕▏  [32m██████[34m  ▕▏  [39m  
  [34m  ▕▏  [34m  ▕▏  [34m  ▕▏  [34m  ▕▏  [34m  ▕▏  [34m  ▕▏  [34m  ▕▏  [34m  ▕▏  [34m  ▕▏  [39m  
  [34m──██──[34m──██──[34m──██──[34m──██──[34m──██──[34m──██──[34m──██──[34m──██──[34m──██──[39m  
  [34m  ▕▏  [34m  ▕▏  [34m  ▕▏  [34m  ▕▏  [34m  ▕▏  [34m  ▕▏  [34m  ▕▏  [34m  ▕▏  [34m  ▕▏  [39m  

AMR driver provided by CarpetX,
using AMReX 25.11 (MPI, OpenMP, no accelerators, debug)
--------------------------------------------------------------------------------

Initializing AMReX (25.11)...
MPI initialized with 1 MPI processes
MPI initialized with thread support level 2
OMP initialized with 2 OMP threads
AMReX (25.11) initialized
INFO (CarpetX): 
Symmetries:
  lower x: periodic
  lower y: periodic
  lower z: periodic
  upper x: periodic
  upper y: periodic
  upper z: periodic
Default boundaries:
  lower x: symmetry_boundary
  lower y: symmetry_boundary
  lower z: symmetry_boundary
  upper x: symmetry_boundary
  upper y: symmetry_boundary
  upper z: symmetry_boundary
INFO (Arith): Test_smallvector
INFO (Arith): Test_spvect
INFO (CarpetX): Setting initial values for max_grid_size values for all levels
INFO (CarpetX): Setting up initial conditions...
INFO (CarpetX): Iteration: 0   time: 0   delta_time: 0.00390625
INFO (CarpetX): Patch 0:
INFO (CarpetX):   Grid extent:
INFO (CarpetX):     gsh=[71,15,15]
INFO (CarpetX):     blocking_factor=[8,8,8]
INFO (CarpetX):     max_grid_size=[10000000,10000000,10000000]
INFO (CarpetX):     max_tile_size=[1024000,16,32]
INFO (CarpetX):   Domain extent:
INFO (CarpetX):     xmin=[-0.5,-0.0625,-0.0625]
INFO (CarpetX):     xmax=[0.5,0.0625,0.0625]
INFO (CarpetX):     base dx=[0.015625,0.015625,0.015625]
INFO (CarpetX): Initializing level 0...
INFO (CanudaX_ExactID): Begin Gauge Wave initial data
INFO (CanudaX_ExactID): === End gauge wave initial data ===
INFO (CarpetX): Regridding...
INFO (CarpetX):   level 0: 1 boxes, 4096 cells (100%)
INFO (CarpetX): Initialized 1 levels
INFO (CarpetX): OutputGH: iteration 0, time 0.000000, run time 1 s
INFO (CarpetX): OutputGH done.
INFO (CarpetX): Starting evolution...
INFO (ODESolvers): ODE integrator is RK4
INFO (CarpetX): OutputGH: iteration 1, time 0.003906, run time 1 s
INFO (CarpetX): OutputGH done.
INFO (CarpetX): Simulation time: 0.00390625   Iterations per second: 18.5305   Simulation time per second: 0.0723848
INFO (CarpetX): Grid cells: 4096   Grid cell updates per second: 75900.9
INFO (CarpetX): Performance:
INFO (CarpetX):   total evolution time:            0.0539651 sec
INFO (CarpetX):   total evolution compute time:    0.0539529 sec
INFO (CarpetX):   total evolution output time:     1.21593e-05 sec
INFO (CarpetX):   total iterations:                1
INFO (CarpetX):   total cells updated:             4096
INFO (CarpetX):   average iterations per second: 18.5305
INFO (CarpetX):   average cell updates per second: 75900.9
INFO (CarpetX): OutputGH: iteration 2, time 0.007812, run time 1 s
INFO (CarpetX): OutputGH done.
INFO (CarpetX): Simulation time: 0.0078125   Iterations per second: 19.0787   Simulation time per second: 0.0745261
INFO (CarpetX): Grid cells: 4096   Grid cell updates per second: 78146.3
INFO (CarpetX): Performance:
INFO (CarpetX):   total evolution time:            0.104829 sec
INFO (CarpetX):   total evolution compute time:    0.104806 sec
INFO (CarpetX):   total evolution output time:     2.31266e-05 sec
INFO (CarpetX):   total iterations:                2
INFO (CarpetX):   total cells updated:             8192
INFO (CarpetX):   average iterations per second: 19.0787
INFO (CarpetX):   average cell updates per second: 78146.3
INFO (CarpetX): OutputGH: iteration 3, time 0.011719, run time 1 s
INFO (CarpetX): OutputGH done.
INFO (CarpetX): Simulation time: 0.0117188   Iterations per second: 19.3219   Simulation time per second: 0.0754762
INFO (CarpetX): Grid cells: 4096   Grid cell updates per second: 79142.6
INFO (CarpetX): Performance:
INFO (CarpetX):   total evolution time:            0.155264 sec
INFO (CarpetX):   total evolution compute time:    0.15523 sec
INFO (CarpetX):   total evolution output time:     3.40939e-05 sec
INFO (CarpetX):   total iterations:                3
INFO (CarpetX):   total cells updated:             12288
INFO (CarpetX):   average iterations per second: 19.3219
INFO (CarpetX):   average cell updates per second: 79142.6
INFO (CarpetX): OutputGH: iteration 4, time 0.015625, run time 1 s
INFO (CarpetX): OutputGH done.
INFO (CarpetX): Simulation time: 0.015625   Iterations per second: 19.3974   Simulation time per second: 0.0757711
INFO (CarpetX): Grid cells: 4096   Grid cell updates per second: 79451.7
INFO (CarpetX): Performance:
INFO (CarpetX):   total evolution time:            0.206213 sec
INFO (CarpetX):   total evolution compute time:    0.206167 sec
INFO (CarpetX):   total evolution output time:     4.60148e-05 sec
INFO (CarpetX):   total iterations:                4
INFO (CarpetX):   total cells updated:             16384
INFO (CarpetX):   average iterations per second: 19.3974
INFO (CarpetX):   average cell updates per second: 79451.7
INFO (CarpetX): OutputGH: iteration 5, time 0.019531, run time 1 s
INFO (CarpetX): OutputGH done.
INFO (CarpetX): Simulation time: 0.0195312   Iterations per second: 19.4495   Simulation time per second: 0.0759746
INFO (CarpetX): Grid cells: 4096   Grid cell updates per second: 79665.1
INFO (CarpetX): Performance:
INFO (CarpetX):   total evolution time:            0.257076 sec
INFO (CarpetX):   total evolution compute time:    0.257018 sec
INFO (CarpetX):   total evolution output time:     5.79357e-05 sec
INFO (CarpetX):   total iterations:                5
INFO (CarpetX):   total cells updated:             20480
INFO (CarpetX):   average iterations per second: 19.4495
INFO (CarpetX):   average cell updates per second: 79665.1
INFO (CarpetX): OutputGH: iteration 6, time 0.023438, run time 2 s
INFO (CarpetX): OutputGH done.
INFO (CarpetX): Simulation time: 0.0234375   Iterations per second: 19.4812   Simulation time per second: 0.0760985
INFO (CarpetX): Grid cells: 4096   Grid cell updates per second: 79795.1
INFO (CarpetX): Performance:
INFO (CarpetX):   total evolution time:            0.307989 sec
INFO (CarpetX):   total evolution compute time:    0.307921 sec
INFO (CarpetX):   total evolution output time:     6.79493e-05 sec
INFO (CarpetX):   total iterations:                6
INFO (CarpetX):   total cells updated:             24576
INFO (CarpetX):   average iterations per second: 19.4812
INFO (CarpetX):   average cell updates per second: 79795.1
INFO (CarpetX): OutputGH: iteration 7, time 0.027344, run time 2 s
INFO (CarpetX): OutputGH done.
INFO (CarpetX): Simulation time: 0.0273438   Iterations per second: 19.5027   Simulation time per second: 0.0761824
INFO (CarpetX): Grid cells: 4096   Grid cell updates per second: 79883
INFO (CarpetX): Performance:
INFO (CarpetX):   total evolution time:            0.358925 sec
INFO (CarpetX):   total evolution compute time:    0.358846 sec
INFO (CarpetX):   total evolution output time:     7.89165e-05 sec
INFO (CarpetX):   total iterations:                7
INFO (CarpetX):   total cells updated:             28672
INFO (CarpetX):   average iterations per second: 19.5027
INFO (CarpetX):   average cell updates per second: 79883
INFO (CarpetX): OutputGH: iteration 8, time 0.031250, run time 2 s
INFO (CarpetX): OutputGH done.
INFO (CarpetX): Simulation time: 0.03125   Iterations per second: 19.5137   Simulation time per second: 0.0762255
INFO (CarpetX): Grid cells: 4096   Grid cell updates per second: 79928.2
INFO (CarpetX): Performance:
INFO (CarpetX):   total evolution time:            0.409968 sec
INFO (CarpetX):   total evolution compute time:    0.409877 sec
INFO (CarpetX):   total evolution output time:     9.08375e-05 sec
INFO (CarpetX):   total iterations:                8
INFO (CarpetX):   total cells updated:             32768
INFO (CarpetX):   average iterations per second: 19.5137
INFO (CarpetX):   average cell updates per second: 79928.2
INFO (CarpetX): OutputGH: iteration 9, time 0.035156, run time 2 s
INFO (CarpetX): OutputGH done.
INFO (CarpetX): Simulation time: 0.0351562   Iterations per second: 19.5182   Simulation time per second: 0.0762428
INFO (CarpetX): Grid cells: 4096   Grid cell updates per second: 79946.4
INFO (CarpetX): Performance:
INFO (CarpetX):   total evolution time:            0.461109 sec
INFO (CarpetX):   total evolution compute time:    0.461008 sec
INFO (CarpetX):   total evolution output time:     0.000100851 sec
INFO (CarpetX):   total iterations:                9
INFO (CarpetX):   total cells updated:             36864
INFO (CarpetX):   average iterations per second: 19.5182
INFO (CarpetX):   average cell updates per second: 79946.4
INFO (CarpetX): OutputGH: iteration 10, time 0.039062, run time 2 s
INFO (CarpetX): OutputGH done.
INFO (CarpetX): Simulation time: 0.0390625   Iterations per second: 19.5328   Simulation time per second: 0.0763001
INFO (CarpetX): Grid cells: 4096   Grid cell updates per second: 80006.4
INFO (CarpetX): Performance:
INFO (CarpetX):   total evolution time:            0.511959 sec
INFO (CarpetX):   total evolution compute time:    0.511829 sec
INFO (CarpetX):   total evolution output time:     0.0001297 sec
INFO (CarpetX):   total iterations:                10
INFO (CarpetX):   total cells updated:             40960
INFO (CarpetX):   average iterations per second: 19.5328
INFO (CarpetX):   average cell updates per second: 80006.4
INFO (CarpetX): OutputGH: iteration 11, time 0.042969, run time 2 s
INFO (CarpetX): OutputGH done.
INFO (CarpetX): Simulation time: 0.0429688   Iterations per second: 19.5488   Simulation time per second: 0.0763624
INFO (CarpetX): Grid cells: 4096   Grid cell updates per second: 80071.8
INFO (CarpetX): Performance:
INFO (CarpetX):   total evolution time:            0.562737 sec
INFO (CarpetX):   total evolution compute time:    0.562596 sec
INFO (CarpetX):   total evolution output time:     0.000140667 sec
INFO (CarpetX):   total iterations:                11
INFO (CarpetX):   total cells updated:             45056
INFO (CarpetX):   average iterations per second: 19.5473
INFO (CarpetX):   average cell updates per second: 80065.9
INFO (CarpetX): OutputGH: iteration 12, time 0.046875, run time 2 s
INFO (CarpetX): OutputGH done.
INFO (CarpetX): Simulation time: 0.046875   Iterations per second: 19.5747   Simulation time per second: 0.0764635
INFO (CarpetX): Grid cells: 4096   Grid cell updates per second: 80177.8
INFO (CarpetX): Performance:
INFO (CarpetX):   total evolution time:            0.613215 sec
INFO (CarpetX):   total evolution compute time:    0.613063 sec
INFO (CarpetX):   total evolution output time:     0.000151634 sec
INFO (CarpetX):   total iterations:                12
INFO (CarpetX):   total cells updated:             49152
INFO (CarpetX):   average iterations per second: 19.569
INFO (CarpetX):   average cell updates per second: 80154.6
INFO (CarpetX): OutputGH: iteration 13, time 0.050781, run time 2 s
INFO (CarpetX): OutputGH done.
INFO (CarpetX): Simulation time: 0.0507812   Iterations per second: 19.5943   Simulation time per second: 0.0765401
INFO (CarpetX): Grid cells: 4096   Grid cell updates per second: 80258.1
INFO (CarpetX): Performance:
INFO (CarpetX):   total evolution time:            0.66379 sec
INFO (CarpetX):   total evolution compute time:    0.663627 sec
INFO (CarpetX):   total evolution output time:     0.000162601 sec
INFO (CarpetX):   total iterations:                13
INFO (CarpetX):   total cells updated:             53248
INFO (CarpetX):   average iterations per second: 19.5845
INFO (CarpetX):   average cell updates per second: 80218.2
INFO (CarpetX): OutputGH: iteration 14, time 0.054688, run time 2 s
INFO (CarpetX): OutputGH done.
INFO (CarpetX): Simulation time: 0.0546875   Iterations per second: 19.6085   Simulation time per second: 0.0765957
INFO (CarpetX): Grid cells: 4096   Grid cell updates per second: 80316.4
INFO (CarpetX): Performance:
INFO (CarpetX):   total evolution time:            0.714455 sec
INFO (CarpetX):   total evolution compute time:    0.714282 sec
INFO (CarpetX):   total evolution output time:     0.000172615 sec
INFO (CarpetX):   total iterations:                14
INFO (CarpetX):   total cells updated:             57344
INFO (CarpetX):   average iterations per second: 19.5954
INFO (CarpetX):   average cell updates per second: 80262.6
INFO (CarpetX): OutputGH: iteration 15, time 0.058594, run time 2 s
INFO (CarpetX): OutputGH done.
INFO (CarpetX): Simulation time: 0.0585938   Iterations per second: 19.6161   Simulation time per second: 0.0766252
INFO (CarpetX): Grid cells: 4096   Grid cell updates per second: 80347.3
INFO (CarpetX): Performance:
INFO (CarpetX):   total evolution time:            0.765257 sec
INFO (CarpetX):   total evolution compute time:    0.765073 sec
INFO (CarpetX):   total evolution output time:     0.000183582 sec
INFO (CarpetX):   total iterations:                15
INFO (CarpetX):   total cells updated:             61440
INFO (CarpetX):   average iterations per second: 19.6013
INFO (CarpetX):   average cell updates per second: 80286.8
INFO (CarpetX): OutputGH: iteration 16, time 0.062500, run time 2 s
INFO (CarpetX): OutputGH done.
INFO (CarpetX): Simulation time: 0.0625   Iterations per second: 19.5913   Simulation time per second: 0.0765286
INFO (CarpetX): Grid cells: 4096   Grid cell updates per second: 80246.1
INFO (CarpetX): Performance:
INFO (CarpetX):   total evolution time:            0.816879 sec
INFO (CarpetX):   total evolution compute time:    0.816684 sec
INFO (CarpetX):   total evolution output time:     0.00019455 sec
INFO (CarpetX):   total iterations:                16
INFO (CarpetX):   total cells updated:             65536
INFO (CarpetX):   average iterations per second: 19.5868
INFO (CarpetX):   average cell updates per second: 80227.3
INFO (CarpetX): OutputGH: iteration 17, time 0.066406, run time 2 s
INFO (CarpetX): OutputGH done.
INFO (CarpetX): Simulation time: 0.0664062   Iterations per second: 19.5653   Simulation time per second: 0.076427
INFO (CarpetX): Grid cells: 4096   Grid cell updates per second: 80139.5
INFO (CarpetX): Performance:
INFO (CarpetX):   total evolution time:            0.868601 sec
INFO (CarpetX):   total evolution compute time:    0.868396 sec
INFO (CarpetX):   total evolution output time:     0.000204563 sec
INFO (CarpetX):   total iterations:                17
INFO (CarpetX):   total cells updated:             69632
INFO (CarpetX):   average iterations per second: 19.5717
INFO (CarpetX):   average cell updates per second: 80165.7
INFO (CarpetX): OutputGH: iteration 18, time 0.070312, run time 2 s
INFO (CarpetX): OutputGH done.
INFO (CarpetX): Simulation time: 0.0703125   Iterations per second: 19.564   Simulation time per second: 0.0764217
INFO (CarpetX): Grid cells: 4096   Grid cell updates per second: 80134
INFO (CarpetX): Performance:
INFO (CarpetX):   total evolution time:            0.919747 sec
INFO (CarpetX):   total evolution compute time:    0.91953 sec
INFO (CarpetX):   total evolution output time:     0.000216722 sec
INFO (CarpetX):   total iterations:                18
INFO (CarpetX):   total cells updated:             73728
INFO (CarpetX):   average iterations per second: 19.5706
INFO (CarpetX):   average cell updates per second: 80161.2
INFO (CarpetX): OutputGH: iteration 19, time 0.074219, run time 2 s
INFO (CarpetX): OutputGH done.
INFO (CarpetX): Simulation time: 0.0742188   Iterations per second: 19.563   Simulation time per second: 0.0764179
INFO (CarpetX): Grid cells: 4096   Grid cell updates per second: 80130
INFO (CarpetX): Performance:
INFO (CarpetX):   total evolution time:            0.970886 sec
INFO (CarpetX):   total evolution compute time:    0.970658 sec
INFO (CarpetX):   total evolution output time:     0.000228643 sec
INFO (CarpetX):   total iterations:                19
INFO (CarpetX):   total cells updated:             77824
INFO (CarpetX):   average iterations per second: 19.5697
INFO (CarpetX):   average cell updates per second: 80157.7
INFO (CarpetX): OutputGH: iteration 20, time 0.078125, run time 2 s
INFO (CarpetX): OutputGH done.
INFO (CarpetX): Simulation time: 0.078125   Iterations per second: 19.5783   Simulation time per second: 0.0764777
INFO (CarpetX): Grid cells: 4096   Grid cell updates per second: 80192.7
INFO (CarpetX): Performance:
INFO (CarpetX):   total evolution time:            1.0216 sec
INFO (CarpetX):   total evolution compute time:    1.02136 sec
INFO (CarpetX):   total evolution output time:     0.000238657 sec
INFO (CarpetX):   total iterations:                20
INFO (CarpetX):   total cells updated:             81920
INFO (CarpetX):   average iterations per second: 19.5771
INFO (CarpetX):   average cell updates per second: 80187.7
INFO (CarpetX): OutputGH: iteration 21, time 0.082031, run time 2 s
INFO (CarpetX): OutputGH done.
INFO (CarpetX): Simulation time: 0.0820312   Iterations per second: 19.5897   Simulation time per second: 0.0765222
INFO (CarpetX): Grid cells: 4096   Grid cell updates per second: 80239.3
INFO (CarpetX): Performance:
INFO (CarpetX):   total evolution time:            1.07238 sec
INFO (CarpetX):   total evolution compute time:    1.07212 sec
INFO (CarpetX):   total evolution output time:     0.000265598 sec
INFO (CarpetX):   total iterations:                21
INFO (CarpetX):   total cells updated:             86016
INFO (CarpetX):   average iterations per second: 19.5825
INFO (CarpetX):   average cell updates per second: 80210.1
INFO (CarpetX): OutputGH: iteration 22, time 0.085938, run time 2 s
INFO (CarpetX): OutputGH done.
INFO (CarpetX): Simulation time: 0.0859375   Iterations per second: 19.607   Simulation time per second: 0.0765899
INFO (CarpetX): Grid cells: 4096   Grid cell updates per second: 80310.3
INFO (CarpetX): Performance:
INFO (CarpetX):   total evolution time:            1.12298 sec
INFO (CarpetX):   total evolution compute time:    1.1227 sec
INFO (CarpetX):   total evolution output time:     0.000276566 sec
INFO (CarpetX):   total iterations:                22
INFO (CarpetX):   total cells updated:             90112
INFO (CarpetX):   average iterations per second: 19.5907
INFO (CarpetX):   average cell updates per second: 80243.7
INFO (CarpetX): OutputGH: iteration 23, time 0.089844, run time 2 s
INFO (CarpetX): OutputGH done.
INFO (CarpetX): Simulation time: 0.0898438   Iterations per second: 19.6182   Simulation time per second: 0.0766336
INFO (CarpetX): Grid cells: 4096   Grid cell updates per second: 80356.2
INFO (CarpetX): Performance:
INFO (CarpetX):   total evolution time:            1.17369 sec
INFO (CarpetX):   total evolution compute time:    1.1734 sec
INFO (CarpetX):   total evolution output time:     0.000286579 sec
INFO (CarpetX):   total iterations:                23
INFO (CarpetX):   total cells updated:             94208
INFO (CarpetX):   average iterations per second: 19.5963
INFO (CarpetX):   average cell updates per second: 80266.5
INFO (CarpetX): OutputGH: iteration 24, time 0.093750, run time 2 s
INFO (CarpetX): OutputGH done.
INFO (CarpetX): Simulation time: 0.09375   Iterations per second: 19.6292   Simulation time per second: 0.0766767
INFO (CarpetX): Grid cells: 4096   Grid cell updates per second: 80401.3
INFO (CarpetX): Performance:
INFO (CarpetX):   total evolution time:            1.22438 sec
INFO (CarpetX):   total evolution compute time:    1.22408 sec
INFO (CarpetX):   total evolution output time:     0.000299692 sec
INFO (CarpetX):   total iterations:                24
INFO (CarpetX):   total cells updated:             98304
INFO (CarpetX):   average iterations per second: 19.6018
INFO (CarpetX):   average cell updates per second: 80288.9
INFO (CarpetX): OutputGH: iteration 25, time 0.097656, run time 2 s
INFO (CarpetX): OutputGH done.
INFO (CarpetX): Simulation time: 0.0976562   Iterations per second: 19.6347   Simulation time per second: 0.0766981
INFO (CarpetX): Grid cells: 4096   Grid cell updates per second: 80423.8
INFO (CarpetX): Performance:
INFO (CarpetX):   total evolution time:            1.27518 sec
INFO (CarpetX):   total evolution compute time:    1.27487 sec
INFO (CarpetX):   total evolution output time:     0.000310659 sec
INFO (CarpetX):   total iterations:                25
INFO (CarpetX):   total cells updated:             102400
INFO (CarpetX):   average iterations per second: 19.6051
INFO (CarpetX):   average cell updates per second: 80302.4
INFO (CarpetX): OutputGH: iteration 26, time 0.101562, run time 3 s
INFO (CarpetX): OutputGH done.
INFO (CarpetX): Simulation time: 0.101562   Iterations per second: 19.6453   Simulation time per second: 0.0767396
INFO (CarpetX): Grid cells: 4096   Grid cell updates per second: 80467.3
INFO (CarpetX): Performance:
INFO (CarpetX):   total evolution time:            1.32583 sec
INFO (CarpetX):   total evolution compute time:    1.32551 sec
INFO (CarpetX):   total evolution output time:     0.000321627 sec
INFO (CarpetX):   total iterations:                26
INFO (CarpetX):   total cells updated:             106496
INFO (CarpetX):   average iterations per second: 19.6103
INFO (CarpetX):   average cell updates per second: 80323.7
INFO (CarpetX): OutputGH: iteration 27, time 0.105469, run time 3 s
INFO (CarpetX): OutputGH done.
INFO (CarpetX): Simulation time: 0.105469   Iterations per second: 19.6624   Simulation time per second: 0.0768063
INFO (CarpetX): Grid cells: 4096   Grid cell updates per second: 80537.2
INFO (CarpetX): Performance:
INFO (CarpetX):   total evolution time:            1.3763 sec
INFO (CarpetX):   total evolution compute time:    1.37596 sec
INFO (CarpetX):   total evolution output time:     0.000332594 sec
INFO (CarpetX):   total iterations:                27
INFO (CarpetX):   total cells updated:             110592
INFO (CarpetX):   average iterations per second: 19.6179
INFO (CarpetX):   average cell updates per second: 80354.8
INFO (CarpetX): OutputGH: iteration 28, time 0.109375, run time 3 s
INFO (CarpetX): OutputGH done.
INFO (CarpetX): Simulation time: 0.109375   Iterations per second: 19.6784   Simulation time per second: 0.0768686
INFO (CarpetX): Grid cells: 4096   Grid cell updates per second: 80602.6
INFO (CarpetX): Performance:
INFO (CarpetX):   total evolution time:            1.42674 sec
INFO (CarpetX):   total evolution compute time:    1.4264 sec
INFO (CarpetX):   total evolution output time:     0.000343561 sec
INFO (CarpetX):   total iterations:                28
INFO (CarpetX):   total cells updated:             114688
INFO (CarpetX):   average iterations per second: 19.6251
INFO (CarpetX):   average cell updates per second: 80384.6
INFO (CarpetX): OutputGH: iteration 29, time 0.113281, run time 3 s
INFO (CarpetX): OutputGH done.
INFO (CarpetX): Simulation time: 0.113281   Iterations per second: 19.6799   Simulation time per second: 0.0768745
INFO (CarpetX): Grid cells: 4096   Grid cell updates per second: 80608.8
INFO (CarpetX): Performance:
INFO (CarpetX):   total evolution time:            1.47752 sec
INFO (CarpetX):   total evolution compute time:    1.47717 sec
INFO (CarpetX):   total evolution output time:     0.000353575 sec
INFO (CarpetX):   total iterations:                29
INFO (CarpetX):   total cells updated:             118784
INFO (CarpetX):   average iterations per second: 19.6275
INFO (CarpetX):   average cell updates per second: 80394.2
INFO (CarpetX): OutputGH: iteration 30, time 0.117188, run time 3 s
INFO (CarpetX): OutputGH done.
INFO (CarpetX): Simulation time: 0.117188   Iterations per second: 19.6962   Simulation time per second: 0.0769382
INFO (CarpetX): Grid cells: 4096   Grid cell updates per second: 80675.5
INFO (CarpetX): Performance:
INFO (CarpetX):   total evolution time:            1.52791 sec
INFO (CarpetX):   total evolution compute time:    1.52755 sec
INFO (CarpetX):   total evolution output time:     0.000365496 sec
INFO (CarpetX):   total iterations:                30
INFO (CarpetX):   total cells updated:             122880
INFO (CarpetX):   average iterations per second: 19.6346
INFO (CarpetX):   average cell updates per second: 80423.4
INFO (CarpetX): OutputGH: iteration 31, time 0.121094, run time 3 s
INFO (CarpetX): OutputGH done.
INFO (CarpetX): Simulation time: 0.121094   Iterations per second: 19.7079   Simulation time per second: 0.076984
INFO (CarpetX): Grid cells: 4096   Grid cell updates per second: 80723.6
INFO (CarpetX): Performance:
INFO (CarpetX):   total evolution time:            1.57838 sec
INFO (CarpetX):   total evolution compute time:    1.57801 sec
INFO (CarpetX):   total evolution output time:     0.000376463 sec
INFO (CarpetX):   total iterations:                31
INFO (CarpetX):   total cells updated:             126976
INFO (CarpetX):   average iterations per second: 19.6404
INFO (CarpetX):   average cell updates per second: 80447
INFO (CarpetX): OutputGH: iteration 32, time 0.125000, run time 3 s
INFO (CarpetX): OutputGH done.
INFO (CarpetX): Simulation time: 0.125   Iterations per second: 19.7059   Simulation time per second: 0.0769761
INFO (CarpetX): Grid cells: 4096   Grid cell updates per second: 80715.3
INFO (CarpetX): Performance:
INFO (CarpetX):   total evolution time:            1.62917 sec
INFO (CarpetX):   total evolution compute time:    1.62879 sec
INFO (CarpetX):   total evolution output time:     0.000386477 sec
INFO (CarpetX):   total iterations:                32
INFO (CarpetX):   total cells updated:             131072
INFO (CarpetX):   average iterations per second: 19.6418
INFO (CarpetX):   average cell updates per second: 80453
INFO (CarpetX): OutputGH: iteration 33, time 0.128906, run time 3 s
INFO (CarpetX): OutputGH done.
INFO (CarpetX): Simulation time: 0.128906   Iterations per second: 19.7071   Simulation time per second: 0.0769809
INFO (CarpetX): Grid cells: 4096   Grid cell updates per second: 80720.3
INFO (CarpetX): Performance:
INFO (CarpetX):   total evolution time:            1.67989 sec
INFO (CarpetX):   total evolution compute time:    1.67949 sec
INFO (CarpetX):   total evolution output time:     0.000398397 sec
INFO (CarpetX):   total iterations:                33
INFO (CarpetX):   total cells updated:             135168
INFO (CarpetX):   average iterations per second: 19.6441
INFO (CarpetX):   average cell updates per second: 80462.4
INFO (CarpetX): OutputGH: iteration 34, time 0.132812, run time 3 s
INFO (CarpetX): OutputGH done.
INFO (CarpetX): Simulation time: 0.132812   Iterations per second: 19.7122   Simulation time per second: 0.0770008
INFO (CarpetX): Grid cells: 4096   Grid cell updates per second: 80741.2
INFO (CarpetX): Performance:
INFO (CarpetX):   total evolution time:            1.7305 sec
INFO (CarpetX):   total evolution compute time:    1.73009 sec
INFO (CarpetX):   total evolution output time:     0.000409365 sec
INFO (CarpetX):   total iterations:                34
INFO (CarpetX):   total cells updated:             139264
INFO (CarpetX):   average iterations per second: 19.6475
INFO (CarpetX):   average cell updates per second: 80476.1
INFO (CarpetX): OutputGH: iteration 35, time 0.136719, run time 3 s
INFO (CarpetX): OutputGH done.
INFO (CarpetX): Simulation time: 0.136719   Iterations per second: 19.7184   Simulation time per second: 0.0770249
INFO (CarpetX): Grid cells: 4096   Grid cell updates per second: 80766.5
INFO (CarpetX): Performance:
INFO (CarpetX):   total evolution time:            1.78107 sec
INFO (CarpetX):   total evolution compute time:    1.78065 sec
INFO (CarpetX):   total evolution output time:     0.000420332 sec
INFO (CarpetX):   total iterations:                35
INFO (CarpetX):   total cells updated:             143360
INFO (CarpetX):   average iterations per second: 19.6511
INFO (CarpetX):   average cell updates per second: 80490.8
INFO (CarpetX): OutputGH: iteration 36, time 0.140625, run time 3 s
INFO (CarpetX): OutputGH done.
INFO (CarpetX): Simulation time: 0.140625   Iterations per second: 19.7187   Simulation time per second: 0.077026
INFO (CarpetX): Grid cells: 4096   Grid cell updates per second: 80767.6
INFO (CarpetX): Performance:
INFO (CarpetX):   total evolution time:            1.83178 sec
INFO (CarpetX):   total evolution compute time:    1.83135 sec
INFO (CarpetX):   total evolution output time:     0.000432253 sec
INFO (CarpetX):   total iterations:                36
INFO (CarpetX):   total cells updated:             147456
INFO (CarpetX):   average iterations per second: 19.653
INFO (CarpetX):   average cell updates per second: 80498.8
INFO (CarpetX): OutputGH: iteration 37, time 0.144531, run time 3 s
INFO (CarpetX): OutputGH done.
INFO (CarpetX): Simulation time: 0.144531   Iterations per second: 19.7238   Simulation time per second: 0.0770463
INFO (CarpetX): Grid cells: 4096   Grid cell updates per second: 80788.9
INFO (CarpetX): Performance:
INFO (CarpetX):   total evolution time:            1.88236 sec
INFO (CarpetX):   total evolution compute time:    1.88192 sec
INFO (CarpetX):   total evolution output time:     0.00044322 sec
INFO (CarpetX):   total iterations:                37
INFO (CarpetX):   total cells updated:             151552
INFO (CarpetX):   average iterations per second: 19.6562
INFO (CarpetX):   average cell updates per second: 80511.7
INFO (CarpetX): OutputGH: iteration 38, time 0.148438, run time 3 s
INFO (CarpetX): OutputGH done.
INFO (CarpetX): Simulation time: 0.148438   Iterations per second: 19.7237   Simulation time per second: 0.0770457
INFO (CarpetX): Grid cells: 4096   Grid cell updates per second: 80788.2
INFO (CarpetX): Performance:
INFO (CarpetX):   total evolution time:            1.93306 sec
INFO (CarpetX):   total evolution compute time:    1.93261 sec
INFO (CarpetX):   total evolution output time:     0.000454187 sec
INFO (CarpetX):   total iterations:                38
INFO (CarpetX):   total cells updated:             155648
INFO (CarpetX):   average iterations per second: 19.6579
INFO (CarpetX):   average cell updates per second: 80518.8
INFO (CarpetX): OutputGH: iteration 39, time 0.152344, run time 3 s
INFO (CarpetX): OutputGH done.
INFO (CarpetX): Simulation time: 0.152344   Iterations per second: 19.7186   Simulation time per second: 0.0770257
INFO (CarpetX): Grid cells: 4096   Grid cell updates per second: 80767.3
INFO (CarpetX): Performance:
INFO (CarpetX):   total evolution time:            1.9839 sec
INFO (CarpetX):   total evolution compute time:    1.98343 sec
INFO (CarpetX):   total evolution output time:     0.000465155 sec
INFO (CarpetX):   total iterations:                39
INFO (CarpetX):   total cells updated:             159744
INFO (CarpetX):   average iterations per second: 19.6583
INFO (CarpetX):   average cell updates per second: 80520.4
INFO (CarpetX): OutputGH: iteration 40, time 0.156250, run time 3 s
INFO (CarpetX): OutputGH done.
INFO (CarpetX): Simulation time: 0.15625   Iterations per second: 19.7282   Simulation time per second: 0.0770633
INFO (CarpetX): Grid cells: 4096   Grid cell updates per second: 80806.7
INFO (CarpetX): Performance:
INFO (CarpetX):   total evolution time:            2.03436 sec
INFO (CarpetX):   total evolution compute time:    2.03389 sec
INFO (CarpetX):   total evolution output time:     0.000473976 sec
INFO (CarpetX):   total iterations:                40
INFO (CarpetX):   total cells updated:             163840
INFO (CarpetX):   average iterations per second: 19.6622
INFO (CarpetX):   average cell updates per second: 80536.3
INFO (CarpetX): OutputGH: iteration 41, time 0.160156, run time 3 s
INFO (CarpetX): OutputGH done.
INFO (CarpetX): Simulation time: 0.160156   Iterations per second: 19.7421   Simulation time per second: 0.0771176
INFO (CarpetX): Grid cells: 4096   Grid cell updates per second: 80863.7
INFO (CarpetX): Performance:
INFO (CarpetX):   total evolution time:            2.08469 sec
INFO (CarpetX):   total evolution compute time:    2.08421 sec
INFO (CarpetX):   total evolution output time:     0.000484943 sec
INFO (CarpetX):   total iterations:                41
INFO (CarpetX):   total cells updated:             167936
INFO (CarpetX):   average iterations per second: 19.6672
INFO (CarpetX):   average cell updates per second: 80556.7
INFO (CarpetX): OutputGH: iteration 42, time 0.164062, run time 3 s
INFO (CarpetX): OutputGH done.
INFO (CarpetX): Simulation time: 0.164062   Iterations per second: 19.7565   Simulation time per second: 0.077174
INFO (CarpetX): Grid cells: 4096   Grid cell updates per second: 80922.8
INFO (CarpetX): Performance:
INFO (CarpetX):   total evolution time:            2.13498 sec
INFO (CarpetX):   total evolution compute time:    2.13448 sec
INFO (CarpetX):   total evolution output time:     0.000496149 sec
INFO (CarpetX):   total iterations:                42
INFO (CarpetX):   total cells updated:             172032
INFO (CarpetX):   average iterations per second: 19.6723
INFO (CarpetX):   average cell updates per second: 80577.9
INFO (CarpetX): OutputGH: iteration 43, time 0.167969, run time 3 s
INFO (CarpetX): OutputGH done.
INFO (CarpetX): Simulation time: 0.167969   Iterations per second: 19.7679   Simulation time per second: 0.0772185
INFO (CarpetX): Grid cells: 4096   Grid cell updates per second: 80969.5
INFO (CarpetX): Performance:
INFO (CarpetX):   total evolution time:            2.1853 sec
INFO (CarpetX):   total evolution compute time:    2.18479 sec
INFO (CarpetX):   total evolution output time:     0.000507116 sec
INFO (CarpetX):   total iterations:                43
INFO (CarpetX):   total cells updated:             176128
INFO (CarpetX):   average iterations per second: 19.6769
INFO (CarpetX):   average cell updates per second: 80596.7
INFO (CarpetX): OutputGH: iteration 44, time 0.171875, run time 3 s
INFO (CarpetX): OutputGH done.
INFO (CarpetX): Simulation time: 0.171875   Iterations per second: 19.7792   Simulation time per second: 0.0772624
INFO (CarpetX): Grid cells: 4096   Grid cell updates per second: 81015.5
INFO (CarpetX): Performance:
INFO (CarpetX):   total evolution time:            2.2356 sec
INFO (CarpetX):   total evolution compute time:    2.23508 sec
INFO (CarpetX):   total evolution output time:     0.000518322 sec
INFO (CarpetX):   total iterations:                44
INFO (CarpetX):   total cells updated:             180224
INFO (CarpetX):   average iterations per second: 19.6815
INFO (CarpetX):   average cell updates per second: 80615.5
INFO (CarpetX): OutputGH: iteration 45, time 0.175781, run time 3 s
INFO (CarpetX): OutputGH done.
INFO (CarpetX): Simulation time: 0.175781   Iterations per second: 19.7791   Simulation time per second: 0.0772623
INFO (CarpetX): Grid cells: 4096   Grid cell updates per second: 81015.4
INFO (CarpetX): Performance:
INFO (CarpetX):   total evolution time:            2.28616 sec
INFO (CarpetX):   total evolution compute time:    2.28563 sec
INFO (CarpetX):   total evolution output time:     0.000529289 sec
INFO (CarpetX):   total iterations:                45
INFO (CarpetX):   total cells updated:             184320
INFO (CarpetX):   average iterations per second: 19.6837
INFO (CarpetX):   average cell updates per second: 80624.3
INFO (CarpetX): OutputGH: iteration 46, time 0.179688, run time 4 s
INFO (CarpetX): OutputGH done.
INFO (CarpetX): Simulation time: 0.179688   Iterations per second: 19.7855   Simulation time per second: 0.0772872
INFO (CarpetX): Grid cells: 4096   Grid cell updates per second: 81041.5
INFO (CarpetX): Performance:
INFO (CarpetX):   total evolution time:            2.33655 sec
INFO (CarpetX):   total evolution compute time:    2.33601 sec
INFO (CarpetX):   total evolution output time:     0.000540257 sec
INFO (CarpetX):   total iterations:                46
INFO (CarpetX):   total cells updated:             188416
INFO (CarpetX):   average iterations per second: 19.6871
INFO (CarpetX):   average cell updates per second: 80638.4
INFO (CarpetX): OutputGH: iteration 47, time 0.183594, run time 4 s
INFO (CarpetX): OutputGH done.
INFO (CarpetX): Simulation time: 0.183594   Iterations per second: 19.7881   Simulation time per second: 0.0772973
INFO (CarpetX): Grid cells: 4096   Grid cell updates per second: 81052.1
INFO (CarpetX): Performance:
INFO (CarpetX):   total evolution time:            2.38703 sec
INFO (CarpetX):   total evolution compute time:    2.38648 sec
INFO (CarpetX):   total evolution output time:     0.000551224 sec
INFO (CarpetX):   total iterations:                47
INFO (CarpetX):   total cells updated:             192512
INFO (CarpetX):   average iterations per second: 19.6897
INFO (CarpetX):   average cell updates per second: 80649.2
INFO (CarpetX): OutputGH: iteration 48, time 0.187500, run time 4 s
INFO (CarpetX): OutputGH done.
INFO (CarpetX): Simulation time: 0.1875   Iterations per second: 19.7904   Simulation time per second: 0.0773064
INFO (CarpetX): Grid cells: 4096   Grid cell updates per second: 81061.7
INFO (CarpetX): Performance:
INFO (CarpetX):   total evolution time:            2.43751 sec
INFO (CarpetX):   total evolution compute time:    2.43695 sec
INFO (CarpetX):   total evolution output time:     0.000561237 sec
INFO (CarpetX):   total iterations:                48
INFO (CarpetX):   total cells updated:             196608
INFO (CarpetX):   average iterations per second: 19.6923
INFO (CarpetX):   average cell updates per second: 80659.5
INFO (CarpetX): OutputGH: iteration 49, time 0.191406, run time 4 s
INFO (CarpetX): OutputGH done.
INFO (CarpetX): Simulation time: 0.191406   Iterations per second: 19.7813   Simulation time per second: 0.0772709
INFO (CarpetX): Grid cells: 4096   Grid cell updates per second: 81024.4
INFO (CarpetX): Performance:
INFO (CarpetX):   total evolution time:            2.48827 sec
INFO (CarpetX):   total evolution compute time:    2.48768 sec
INFO (CarpetX):   total evolution output time:     0.000586271 sec
INFO (CarpetX):   total iterations:                49
INFO (CarpetX):   total cells updated:             200704
INFO (CarpetX):   average iterations per second: 19.6924
INFO (CarpetX):   average cell updates per second: 80660.1
INFO (CarpetX): OutputGH: iteration 50, time 0.195312, run time 4 s
INFO (CarpetX): OutputGH done.
INFO (CarpetX): Simulation time: 0.195312   Iterations per second: 19.5729   Simulation time per second: 0.0764567
INFO (CarpetX): Grid cells: 4096   Grid cell updates per second: 80170.6
INFO (CarpetX): Performance:
INFO (CarpetX):   total evolution time:            2.5442 sec
INFO (CarpetX):   total evolution compute time:    2.54361 sec
INFO (CarpetX):   total evolution output time:     0.000597239 sec
INFO (CarpetX):   total iterations:                50
INFO (CarpetX):   total cells updated:             204800
INFO (CarpetX):   average iterations per second: 19.6525
INFO (CarpetX):   average cell updates per second: 80496.7
INFO (CarpetX): OutputGH: iteration 51, time 0.199219, run time 4 s
INFO (CarpetX): OutputGH done.
INFO (CarpetX): Simulation time: 0.199219   Iterations per second: 19.6075   Simulation time per second: 0.0765918
INFO (CarpetX): Grid cells: 4096   Grid cell updates per second: 80312.3
INFO (CarpetX): Performance:
INFO (CarpetX):   total evolution time:            2.59439 sec
INFO (CarpetX):   total evolution compute time:    2.59379 sec
INFO (CarpetX):   total evolution output time:     0.000608206 sec
INFO (CarpetX):   total iterations:                51
INFO (CarpetX):   total cells updated:             208896
INFO (CarpetX):   average iterations per second: 19.6578
INFO (CarpetX):   average cell updates per second: 80518.2
INFO (CarpetX): OutputGH: iteration 52, time 0.203125, run time 4 s
INFO (CarpetX): OutputGH done.
INFO (CarpetX): Simulation time: 0.203125   Iterations per second: 19.633   Simulation time per second: 0.0766916
INFO (CarpetX): Grid cells: 4096   Grid cell updates per second: 80416.9
INFO (CarpetX): Performance:
INFO (CarpetX):   total evolution time:            2.64473 sec
INFO (CarpetX):   total evolution compute time:    2.64411 sec
INFO (CarpetX):   total evolution output time:     0.000619411 sec
INFO (CarpetX):   total iterations:                52
INFO (CarpetX):   total cells updated:             212992
INFO (CarpetX):   average iterations per second: 19.6617
INFO (CarpetX):   average cell updates per second: 80534.5
INFO (CarpetX): OutputGH: iteration 53, time 0.207031, run time 4 s
INFO (CarpetX): OutputGH done.
INFO (CarpetX): Simulation time: 0.207031   Iterations per second: 19.6485   Simulation time per second: 0.0767518
INFO (CarpetX): Grid cells: 4096   Grid cell updates per second: 80480.1
INFO (CarpetX): Performance:
INFO (CarpetX):   total evolution time:            2.69527 sec
INFO (CarpetX):   total evolution compute time:    2.69464 sec
INFO (CarpetX):   total evolution output time:     0.000630617 sec
INFO (CarpetX):   total iterations:                53
INFO (CarpetX):   total cells updated:             217088
INFO (CarpetX):   average iterations per second: 19.6641
INFO (CarpetX):   average cell updates per second: 80544.2
INFO (CarpetX): OutputGH: iteration 54, time 0.210938, run time 4 s
INFO (CarpetX): OutputGH done.
INFO (CarpetX): Simulation time: 0.210938   Iterations per second: 19.6401   Simulation time per second: 0.0767193
INFO (CarpetX): Grid cells: 4096   Grid cell updates per second: 80446
INFO (CarpetX): Performance:
INFO (CarpetX):   total evolution time:            2.74638 sec
INFO (CarpetX):   total evolution compute time:    2.74573 sec
INFO (CarpetX):   total evolution output time:     0.000642538 sec
INFO (CarpetX):   total iterations:                54
INFO (CarpetX):   total cells updated:             221184
INFO (CarpetX):   average iterations per second: 19.6623
INFO (CarpetX):   average cell updates per second: 80536.7
INFO (CarpetX): OutputGH: iteration 55, time 0.214844, run time 4 s
INFO (CarpetX): OutputGH done.
INFO (CarpetX): Simulation time: 0.214844   Iterations per second: 19.6589   Simulation time per second: 0.0767926
INFO (CarpetX): Grid cells: 4096   Grid cell updates per second: 80522.9
INFO (CarpetX): Performance:
INFO (CarpetX):   total evolution time:            2.79681 sec
INFO (CarpetX):   total evolution compute time:    2.79615 sec
INFO (CarpetX):   total evolution output time:     0.000652313 sec
INFO (CarpetX):   total iterations:                55
INFO (CarpetX):   total cells updated:             225280
INFO (CarpetX):   average iterations per second: 19.6653
INFO (CarpetX):   average cell updates per second: 80549
INFO (CarpetX): OutputGH: iteration 56, time 0.218750, run time 4 s
INFO (CarpetX): OutputGH done.
INFO (CarpetX): Simulation time: 0.21875   Iterations per second: 19.6827   Simulation time per second: 0.0768855
INFO (CarpetX): Grid cells: 4096   Grid cell updates per second: 80620.3
INFO (CarpetX): Performance:
INFO (CarpetX):   total evolution time:            2.84706 sec
INFO (CarpetX):   total evolution compute time:    2.8464 sec
INFO (CarpetX):   total evolution output time:     0.000662327 sec
INFO (CarpetX):   total iterations:                56
INFO (CarpetX):   total cells updated:             229376
INFO (CarpetX):   average iterations per second: 19.6694
INFO (CarpetX):   average cell updates per second: 80565.9
INFO (CarpetX): OutputGH: iteration 57, time 0.222656, run time 4 s
INFO (CarpetX): OutputGH done.
INFO (CarpetX): Simulation time: 0.222656   Iterations per second: 19.7034   Simulation time per second: 0.0769666
INFO (CarpetX): Grid cells: 4096   Grid cell updates per second: 80705.3
INFO (CarpetX): Performance:
INFO (CarpetX):   total evolution time:            2.89733 sec
INFO (CarpetX):   total evolution compute time:    2.89666 sec
INFO (CarpetX):   total evolution output time:     0.000673294 sec
INFO (CarpetX):   total iterations:                57
INFO (CarpetX):   total cells updated:             233472
INFO (CarpetX):   average iterations per second: 19.6733
INFO (CarpetX):   average cell updates per second: 80581.8
INFO (CarpetX): OutputGH: iteration 58, time 0.226562, run time 4 s
INFO (CarpetX): OutputGH done.
INFO (CarpetX): Simulation time: 0.226562   Iterations per second: 19.7158   Simulation time per second: 0.0770149
INFO (CarpetX): Grid cells: 4096   Grid cell updates per second: 80756
INFO (CarpetX): Performance:
INFO (CarpetX):   total evolution time:            2.94776 sec
INFO (CarpetX):   total evolution compute time:    2.94708 sec
INFO (CarpetX):   total evolution output time:     0.000684261 sec
INFO (CarpetX):   total iterations:                58
INFO (CarpetX):   total cells updated:             237568
INFO (CarpetX):   average iterations per second: 19.6759
INFO (CarpetX):   average cell updates per second: 80592.6
INFO (CarpetX): OutputGH: iteration 59, time 0.230469, run time 4 s
INFO (CarpetX): OutputGH done.
INFO (CarpetX): Simulation time: 0.230469   Iterations per second: 19.7144   Simulation time per second: 0.0770092
INFO (CarpetX): Grid cells: 4096   Grid cell updates per second: 80750.1
INFO (CarpetX): Performance:
INFO (CarpetX):   total evolution time:            2.99852 sec
INFO (CarpetX):   total evolution compute time:    2.99783 sec
INFO (CarpetX):   total evolution output time:     0.000696182 sec
INFO (CarpetX):   total iterations:                59
INFO (CarpetX):   total cells updated:             241664
INFO (CarpetX):   average iterations per second: 19.6764
INFO (CarpetX):   average cell updates per second: 80594.4
INFO (CarpetX): OutputGH: iteration 60, time 0.234375, run time 4 s
INFO (CarpetX): OutputGH done.
INFO (CarpetX): Simulation time: 0.234375   Iterations per second: 19.7268   Simulation time per second: 0.0770576
INFO (CarpetX): Grid cells: 4096   Grid cell updates per second: 80800.8
INFO (CarpetX): Performance:
INFO (CarpetX):   total evolution time:            3.04893 sec
INFO (CarpetX):   total evolution compute time:    3.04822 sec
INFO (CarpetX):   total evolution output time:     0.00070715 sec
INFO (CarpetX):   total iterations:                60
INFO (CarpetX):   total cells updated:             245760
INFO (CarpetX):   average iterations per second: 19.679
INFO (CarpetX):   average cell updates per second: 80605.4
INFO (CarpetX): OutputGH: iteration 61, time 0.238281, run time 4 s
INFO (CarpetX): OutputGH done.
INFO (CarpetX): Simulation time: 0.238281   Iterations per second: 19.7421   Simulation time per second: 0.0771175
INFO (CarpetX): Grid cells: 4096   Grid cell updates per second: 80863.6
INFO (CarpetX): Performance:
INFO (CarpetX):   total evolution time:            3.09923 sec
INFO (CarpetX):   total evolution compute time:    3.09851 sec
INFO (CarpetX):   total evolution output time:     0.000718117 sec
INFO (CarpetX):   total iterations:                61
INFO (CarpetX):   total cells updated:             249856
INFO (CarpetX):   average iterations per second: 19.6823
INFO (CarpetX):   average cell updates per second: 80618.8
INFO (CarpetX): OutputGH: iteration 62, time 0.242188, run time 4 s
INFO (CarpetX): OutputGH done.
INFO (CarpetX): Simulation time: 0.242188   Iterations per second: 19.7524   Simulation time per second: 0.0771579
INFO (CarpetX): Grid cells: 4096   Grid cell updates per second: 80905.9
INFO (CarpetX): Performance:
INFO (CarpetX):   total evolution time:            3.14962 sec
INFO (CarpetX):   total evolution compute time:    3.14889 sec
INFO (CarpetX):   total evolution output time:     0.000729084 sec
INFO (CarpetX):   total iterations:                62
INFO (CarpetX):   total cells updated:             253952
INFO (CarpetX):   average iterations per second: 19.6849
INFO (CarpetX):   average cell updates per second: 80629.5
INFO (CarpetX): OutputGH: iteration 63, time 0.246094, run time 4 s
INFO (CarpetX): OutputGH done.
INFO (CarpetX): Simulation time: 0.246094   Iterations per second: 19.7734   Simulation time per second: 0.0772397
INFO (CarpetX): Grid cells: 4096   Grid cell updates per second: 80991.7
INFO (CarpetX): Performance:
INFO (CarpetX):   total evolution time:            3.19971 sec
INFO (CarpetX):   total evolution compute time:    3.19897 sec
INFO (CarpetX):   total evolution output time:     0.000739098 sec
INFO (CarpetX):   total iterations:                63
INFO (CarpetX):   total cells updated:             258048
INFO (CarpetX):   average iterations per second: 19.6893
INFO (CarpetX):   average cell updates per second: 80647.4
INFO (CarpetX): OutputGH: iteration 64, time 0.250000, run time 4 s
INFO (CarpetX): OutputGH done.
INFO (CarpetX): Simulation time: 0.25   Iterations per second: 11.1277   Simulation time per second: 0.0434674
INFO (CarpetX): Grid cells: 4096   Grid cell updates per second: 45578.9
INFO (CarpetX): Performance:
INFO (CarpetX):   total evolution time:            3.64321 sec
INFO (CarpetX):   total evolution compute time:    3.25474 sec
INFO (CarpetX):   total evolution output time:     0.388466 sec
INFO (CarpetX):   total iterations:                64
INFO (CarpetX):   total cells updated:             262144
INFO (CarpetX):   average iterations per second: 17.5669
INFO (CarpetX):   average cell updates per second: 71954.1
INFO (CarpetX): Shutting down...
AMReX (25.11) finalized
--------------------------------------------------------------------------------
Done.
+ echo Stopping:
Stopping:
+ date
Wed Jul  8 16:38:52 UTC 2026
+ echo Done.
Done.
  Elapsed time: 4.9 s
