/home/runner/simulations/TestJob01_temp_2/output-0000/TEST/sim/CanudaX_BSSNMoL
Preparing:
+ set -e
+ cd output-0000-active
+ echo Checking:
Checking:
+ pwd
/home/runner/simulations/TestJob01_temp_2/output-0000/TEST/sim/CanudaX_BSSNMoL/output-0000-active
+ hostname
runnervmkkn4f
+ date
Tue Jul  7 23:40:37 UTC 2026
+ echo Environment:
Environment:
+ export CACTUS_NUM_PROCS=2
+ CACTUS_NUM_PROCS=2
+ export CACTUS_NUM_THREADS=1
+ CACTUS_NUM_THREADS=1
+ export GMON_OUT_PREFIX=gmon.out
+ GMON_OUT_PREFIX=gmon.out
+ export OMP_NUM_THREADS=1
+ OMP_NUM_THREADS=1
+ env
+ sort
+ echo Starting:
Starting:
++ date +%s
+ export CACTUS_STARTTIME=1783467637
+ CACTUS_STARTTIME=1783467637
+ '[' 2 = 1 ']'
+ mpirun -np 2 /home/runner/simulations/TestJob01_temp_2/SIMFACTORY/exe/cactus_sim -L 3 /home/runner/simulations/TestJob01_temp_2/output-0000/arrangements/CanudaX/CanudaX_BSSNMoL/test/gaugewave.par
INFO (Cactus): Increased logging level from 0 to 3
--------------------------------------------------------------------------------

       10                                  
  1   0101       ************************  
  01  1010 10      The Cactus Code V4.20.0    
 1010 1101 011      www.cactuscode.org     
  1001 100101    ************************  
    00010101                               
     100011     (c) Copyright The Authors  
      0100      GNU Licensed. No Warranty  
      0101                                 
--------------------------------------------------------------------------------

Cactus version:    4.20.0
Compile date:      Jul 07 2026 (23:21:34)
Run date:          Jul 07 2026 (23:40:38+0000)
Run host:          runnervmkkn4f.jew00n1lzpyu1c04tn2rghylee.dx.internal.cloudapp.net (pid=176099)
Working directory: /home/runner/simulations/TestJob01_temp_2/output-0000/TEST/sim/CanudaX_BSSNMoL
Executable:        /home/runner/simulations/TestJob01_temp_2/SIMFACTORY/exe/cactus_sim
Parameter file:    /home/runner/simulations/TestJob01_temp_2/output-0000/arrangements/CanudaX/CanudaX_BSSNMoL/test/gaugewave.par
--------------------------------------------------------------------------------

Activating thorn Cactus...Success -> active implementation Cactus
Activation requested for 
--->ADMBaseX CanudaX_BSSNMoL CanudaX_ExactID CarpetX IOUtil ODESolvers TmunuBaseX<---
Thorn ADMBaseX requests automatic activation of Loop
Thorn CarpetX requests automatic activation of AMReX
Thorn CarpetX requests automatic activation of MPI
Thorn CarpetX requests automatic activation of yaml_cpp
Thorn CarpetX requests automatic activation of zlib
Thorn CarpetX requests automatic activation of Arith
Thorn CarpetX requests automatic activation of CarpetXRegrid
Thorn CarpetX requests automatic activation of ADIOS2
Thorn CarpetX requests automatic activation of openPMD
Thorn CarpetX requests automatic activation of Silo
Thorn ADIOS2 requests automatic activation of CMake
Thorn Arith requests automatic activation of NSIMD
Thorn MPI requests automatic activation of hwloc
Thorn openPMD requests automatic activation of HDF5
Activating thorn ADIOS2...Success -> active implementation ADIOS2
Activating thorn ADMBaseX...Success -> active implementation ADMBaseX
Activating thorn AMReX...Success -> active implementation AMReX
Activating thorn Arith...Success -> active implementation Arith
Activating thorn CanudaX_BSSNMoL...Success -> active implementation CanudaX_BSSNMoL
Activating thorn CanudaX_ExactID...Success -> active implementation CanudaX_ExactID
Activating thorn CarpetX...Success -> active implementation Driver
Activating thorn CarpetXRegrid...Success -> active implementation CarpetXRegrid
Activating thorn CMake...Success -> active implementation CMake
Activating thorn HDF5...Success -> active implementation HDF5
Activating thorn hwloc...Success -> active implementation hwloc
Activating thorn IOUtil...Success -> active implementation IO
Activating thorn Loop...Success -> active implementation Loop
Activating thorn MPI...Success -> active implementation MPI
Activating thorn NSIMD...Success -> active implementation NSIMD
Activating thorn ODESolvers...Success -> active implementation ODESolvers
Activating thorn openPMD...Success -> active implementation openPMD
Activating thorn Silo...Success -> active implementation Silo
Activating thorn TmunuBaseX...Success -> active implementation TmunuBaseX
Activating thorn yaml_cpp...Success -> active implementation yaml_cpp
Activating thorn zlib...Success -> active implementation zlib
--------------------------------------------------------------------------------
  if (recover initial data)
    Recover parameters
  endif

  Startup routines
    [CCTK_STARTUP]
      CarpetX::Driver_Startup: Start up the driver
      IOUtil::IOUtil_Startup: Startup routine
      GROUP hwloc_startup: hwloc startup group
        hwloc::hwloc_version: Output hwloc version

  Startup routines which need an existing grid hierarchy
    [CCTK_WRAGH]
      Arith::Test_smallvector: [meta] Test small vectors
      Arith::Test_spvect: [meta] Test sparse vectors
      ODESolvers::ODESolvers_InitConstants: [global] Set up dummy loop counters for schedule printout
  Parameter checking routines
    [CCTK_PARAMCHECK]
      CanudaX_BSSNMoL::CanudaX_BSSNMoL_paramcheck: Check CanudaX_BSSNMoL parameters for consistency

  Initialisation
    if (NOT (recover initial data AND recovery_mode is 'strict'))
      [CCTK_PREREGRIDINITIAL]
      Set up grid hierarchy
      [CCTK_POSTREGRIDINITIAL]
      [CCTK_BASEGRID]
        CarpetXRegrid::CarpetXRegrid_InitError: Initialize regridding error to zero
        GROUP ODESolvers_BaseGrid: Set up constants (e.g. coordinates) everywhere on the grid
      [CCTK_INITIAL]
        GROUP TmunuBaseX_SetTmunuVars: Schedule group for setting T_munu
          TmunuBaseX::TmunuBaseX_ZeroTmunu: Set T_munu to zero
          GROUP TmunuBaseX_AddToTmunu: Add to T_munu here
        GROUP ODESolvers_Initial: Set up initial conditions on interior of state vector
          GROUP ADMBaseX_InitialData: Schedule group for calculating ADM initial data
            GROUP CanudaX_ExactIDGroup: CanudaX_ExactID group for setting up initial data
              CanudaX_ExactID::CanudaX_ExactID_GaugeWave: [local] Create gauge wave initial data
          GROUP ADMBaseX_InitialGauge: Schedule group for the ADM initial gauge condition
            ADMBaseX::ADMBaseX_initial_dtlapse: Set dtlapse to zero
            ADMBaseX::ADMBaseX_initial_dtshift: Set dtshift to zero
          GROUP ADMBaseX_PostInitial: Schedule group for modifying the ADM initial data, such as e.g. adding noise
        GROUP CanudaX_BSSNMoL_InitialGroup: CanudaX_BSSNMoL: initial bin
          CanudaX_BSSNMoL::CanudaX_BSSNMoL_adm2bssn: [local] Convert initial data into BSSN variables
          CanudaX_BSSNMoL::CanudaX_BSSNMoL_gammat: [local] Set Gammat initial data
      [CCTK_POSTINITIAL]
        GROUP ODESolvers_PostStep: Apply boundary conditions to state vector, and project if necessary
          GROUP CanudaX_BSSNMoL_PostStepGroup: CanudaX_BSSNMoL: post-step operations
            CanudaX_BSSNMoL::CanudaX_BSSNMoL_impose_conf_fac_floor: Make sure conformal factor does not drop below specified value
            CanudaX_BSSNMoL::CanudaX_BSSNMoL_reset_detmetric: reset dethh = 1
            CanudaX_BSSNMoL::CanudaX_BSSNMoL_remove_trA: Remove trace of A
            CanudaX_BSSNMoL::CanudaX_BSSNMoL_sync: [global] Sync state vector
            CanudaX_BSSNMoL::CanudaX_BSSNMoL_bssn2adm: [local] Convert variables back to the ADM ones
          GROUP ADMBaseX_SetADMRHS: Set ADM RHS variables in this group
          GROUP ADMBaseX_SetADMVars: Set ADM variables in this group
          GROUP TmunuBaseX_SetTmunuVars: Schedule group for setting T_munu
            TmunuBaseX::TmunuBaseX_ZeroTmunu: Set T_munu to zero
            GROUP TmunuBaseX_AddToTmunu: Add to T_munu here
        GROUP ODESolvers_EstimateError: Estimate discretization error (for regridding)
      Initialise finer grids recursively
      Restrict from finer grids
      [CCTK_POSTRESTRICTINITIAL]
      [CCTK_POSTPOSTINITIAL]
      [CCTK_POSTSTEP]
        GROUP ODESolvers_EstimateError: Estimate discretization error (for regridding)
    endif
    if (recover initial data)
      [CCTK_BASEGRID]
        CarpetXRegrid::CarpetXRegrid_InitError: Initialize regridding error to zero
        GROUP ODESolvers_BaseGrid: Set up constants (e.g. coordinates) everywhere on the grid
      [CCTK_RECOVER_VARIABLES]
      [CCTK_POST_RECOVER_VARIABLES]
        GROUP ODESolvers_PostStep: Apply boundary conditions to state vector, and project if necessary
          GROUP CanudaX_BSSNMoL_PostStepGroup: CanudaX_BSSNMoL: post-step operations
            CanudaX_BSSNMoL::CanudaX_BSSNMoL_impose_conf_fac_floor: Make sure conformal factor does not drop below specified value
            CanudaX_BSSNMoL::CanudaX_BSSNMoL_reset_detmetric: reset dethh = 1
            CanudaX_BSSNMoL::CanudaX_BSSNMoL_remove_trA: Remove trace of A
            CanudaX_BSSNMoL::CanudaX_BSSNMoL_sync: [global] Sync state vector
            CanudaX_BSSNMoL::CanudaX_BSSNMoL_bssn2adm: [local] Convert variables back to the ADM ones
          GROUP ADMBaseX_SetADMRHS: Set ADM RHS variables in this group
          GROUP ADMBaseX_SetADMVars: Set ADM variables in this group
          GROUP TmunuBaseX_SetTmunuVars: Schedule group for setting T_munu
            TmunuBaseX::TmunuBaseX_ZeroTmunu: Set T_munu to zero
            GROUP TmunuBaseX_AddToTmunu: Add to T_munu here
        GROUP ODESolvers_EstimateError: Estimate discretization error (for regridding)
    endif
    if (checkpoint initial data)
      [CCTK_CPINITIAL]
        CarpetX::CarpetX_CheckpointInitial: [meta] Checkpoint initial conditions
    endif
    if (analysis)
      [CCTK_ANALYSIS]
        CanudaX_BSSNMoL::CanudaX_BSSNMoL_bssn_constraints: Compute constraints
        GROUP ODESolvers_Analysis: Calculate analysis quantities everywhere
  endif
  Output grid variables

  do loop over timesteps
    [CCTK_PREREGRID]
    Change grid hierarchy
    [CCTK_POSTREGRID]
      GROUP ODESolvers_PostStep: Apply boundary conditions to state vector, and project if necessary
        GROUP CanudaX_BSSNMoL_PostStepGroup: CanudaX_BSSNMoL: post-step operations
          CanudaX_BSSNMoL::CanudaX_BSSNMoL_impose_conf_fac_floor: Make sure conformal factor does not drop below specified value
          CanudaX_BSSNMoL::CanudaX_BSSNMoL_reset_detmetric: reset dethh = 1
          CanudaX_BSSNMoL::CanudaX_BSSNMoL_remove_trA: Remove trace of A
          CanudaX_BSSNMoL::CanudaX_BSSNMoL_sync: [global] Sync state vector
          CanudaX_BSSNMoL::CanudaX_BSSNMoL_bssn2adm: [local] Convert variables back to the ADM ones
        GROUP ADMBaseX_SetADMRHS: Set ADM RHS variables in this group
        GROUP ADMBaseX_SetADMVars: Set ADM variables in this group
        GROUP TmunuBaseX_SetTmunuVars: Schedule group for setting T_munu
          TmunuBaseX::TmunuBaseX_ZeroTmunu: Set T_munu to zero
          GROUP TmunuBaseX_AddToTmunu: Add to T_munu here
    Rotate timelevels
    iteration = iteration+1
    t = t+dt
    [CCTK_PRESTEP]
    [CCTK_EVOL]
      ODESolvers::ODESolvers_Solve: [level] Solve ODEs
      while (ODESolvers::do_substeps)
        GROUP ODESolvers_CalledBySolve: Groups internally scheduled by ODESolvers_Solve
          GROUP ODESolvers_RHS: Evaluate the RHS for of state vector everywhere on the grid
            GROUP CanudaX_BSSNMoL_RHSGroup: CanudaX_BSSNMoL: calculate BSSN RHS
              CanudaX_BSSNMoL::CanudaX_BSSNMoL_calc_bssn_rhs: MoL RHS calculation
              CanudaX_BSSNMoL::CanudaX_BSSNMoL_apply_boundary_conditions: Apply radiative boundary conditions 
          GROUP ODESolvers_PostStep: Apply boundary conditions to state vector, and project if necessary
            GROUP CanudaX_BSSNMoL_PostStepGroup: CanudaX_BSSNMoL: post-step operations
              CanudaX_BSSNMoL::CanudaX_BSSNMoL_impose_conf_fac_floor: Make sure conformal factor does not drop below specified value
              CanudaX_BSSNMoL::CanudaX_BSSNMoL_reset_detmetric: reset dethh = 1
              CanudaX_BSSNMoL::CanudaX_BSSNMoL_remove_trA: Remove trace of A
              CanudaX_BSSNMoL::CanudaX_BSSNMoL_sync: [global] Sync state vector
              CanudaX_BSSNMoL::CanudaX_BSSNMoL_bssn2adm: [local] Convert variables back to the ADM ones
            GROUP ADMBaseX_SetADMRHS: Set ADM RHS variables in this group
            GROUP ADMBaseX_SetADMVars: Set ADM variables in this group
            GROUP TmunuBaseX_SetTmunuVars: Schedule group for setting T_munu
              TmunuBaseX::TmunuBaseX_ZeroTmunu: Set T_munu to zero
              GROUP TmunuBaseX_AddToTmunu: Add to T_munu here
      end while
    Evolve finer grids recursively
    Restrict from finer grids
    [CCTK_POSTRESTRICT]
      GROUP ODESolvers_PostStep: Apply boundary conditions to state vector, and project if necessary
        GROUP CanudaX_BSSNMoL_PostStepGroup: CanudaX_BSSNMoL: post-step operations
          CanudaX_BSSNMoL::CanudaX_BSSNMoL_impose_conf_fac_floor: Make sure conformal factor does not drop below specified value
          CanudaX_BSSNMoL::CanudaX_BSSNMoL_reset_detmetric: reset dethh = 1
          CanudaX_BSSNMoL::CanudaX_BSSNMoL_remove_trA: Remove trace of A
          CanudaX_BSSNMoL::CanudaX_BSSNMoL_sync: [global] Sync state vector
          CanudaX_BSSNMoL::CanudaX_BSSNMoL_bssn2adm: [local] Convert variables back to the ADM ones
        GROUP ADMBaseX_SetADMRHS: Set ADM RHS variables in this group
        GROUP ADMBaseX_SetADMVars: Set ADM variables in this group
        GROUP TmunuBaseX_SetTmunuVars: Schedule group for setting T_munu
          TmunuBaseX::TmunuBaseX_ZeroTmunu: Set T_munu to zero
          GROUP TmunuBaseX_AddToTmunu: Add to T_munu here
    [CCTK_POSTSTEP]
      GROUP ODESolvers_EstimateError: Estimate discretization error (for regridding)
    if (checkpoint)
      [CCTK_CHECKPOINT]
      CarpetX::CarpetX_Checkpoint: [meta] Checkpoint
    endif
    if (analysis)
      [CCTK_ANALYSIS]
      CanudaX_BSSNMoL::CanudaX_BSSNMoL_bssn_constraints: Compute constraints
      GROUP ODESolvers_Analysis: Calculate analysis quantities everywhere
    endif
    Output grid variables
    enddo

  Termination routines
    [CCTK_TERMINATE]
      CarpetX::CarpetX_CheckpointTerminate: [meta] Checkpoint before terminating

  Shutdown routines
    [CCTK_SHUTDOWN]
      CarpetX::Driver_Shutdown: [meta] Shut down the driver

  Routines run after changing the grid hierarchy:
    [CCTK_POSTREGRID]
      GROUP ODESolvers_PostStep: Apply boundary conditions to state vector, and project if necessary
        GROUP CanudaX_BSSNMoL_PostStepGroup: CanudaX_BSSNMoL: post-step operations
          CanudaX_BSSNMoL::CanudaX_BSSNMoL_impose_conf_fac_floor: Make sure conformal factor does not drop below specified value
          CanudaX_BSSNMoL::CanudaX_BSSNMoL_reset_detmetric: reset dethh = 1
          CanudaX_BSSNMoL::CanudaX_BSSNMoL_remove_trA: Remove trace of A
          CanudaX_BSSNMoL::CanudaX_BSSNMoL_sync: [global] Sync state vector
          CanudaX_BSSNMoL::CanudaX_BSSNMoL_bssn2adm: [local] Convert variables back to the ADM ones
        GROUP ADMBaseX_SetADMRHS: Set ADM RHS variables in this group
        GROUP ADMBaseX_SetADMVars: Set ADM variables in this group
        GROUP TmunuBaseX_SetTmunuVars: Schedule group for setting T_munu
          TmunuBaseX::TmunuBaseX_ZeroTmunu: Set T_munu to zero
          GROUP TmunuBaseX_AddToTmunu: Add to T_munu here
--------------------------------------------------------------------------------
INFO (hwloc): library version 2.10.0, API version 0x20800
--------------------------------------------------------------------------------

  [34m  ▕▏  [34m  ▕▏  [34m  ▕▏  [34m  ▕▏  [34m  ▕▏  [34m  ▕▏  [34m  ▕▏  [34m  ▕▏  [34m  ▕▏  [39m  
  [34m──██──[34m──██──[34m──██──[34m──██──[34m──██──[34m──██──[34m──██──[34m──██──[34m──██──[39m  
  [34m  ▕▏  [34m  ▕▏  [34m  ▕▏  [34m  ▕▏  [34m  ▕▏  [34m  ▕▏  [34m  ▕▏  [34m  ▕▏  [34m  ▕▏  [39m  
  [34m  ▕▏  [32m██████[34m  ▕▏  [34m  ▕▏  [32m██████[34m  ▕▏  [34m  ▕▏  [32m██████[34m  ▕▏  [39m  
  [34m──██──[32m██████[34m──██──[34m──██──[32m██████[34m──██──[34m──██──[32m██████[34m──██──[39m  
  [34m  ▕▏  [32m██████[34m  ▕▏  [34m  ▕▏  [32m██████[34m  ▕▏  [34m  ▕▏  [32m██████[34m  ▕▏  [39m  
  [34m  ▕▏  [34m  ▕▏  [34m  ▕▏  [34m  ▕▏  [34m  ▕▏  [34m  ▕▏  [34m  ▕▏  [34m  ▕▏  [34m  ▕▏  [39m  
  [34m──██──[34m──██──[34m──██──[34m──██──[34m──██──[34m──██──[34m──██──[34m──██──[34m──██──[39m  
  [34m  ▕▏  [34m  ▕▏  [34m  ▕▏  [34m  ▕▏  [34m  ▕▏  [34m  ▕▏  [34m  ▕▏  [34m  ▕▏  [34m  ▕▏  [39m  
  [34m  ▕▏  [34m  ▕▏  [34m  ▕▏  [31m██████[31m██████[31m██████[34m  ▕▏  [34m  ▕▏  [34m  ▕▏  [39m  
  [34m──██──[34m──██──[34m──██──[31m██████[31m██████[31m██████[34m──██──[34m──██──[34m──██──[39m  
  [34m  ▕▏  [34m  ▕▏  [34m  ▕▏  [31m██████[31m██████[31m██████[34m  ▕▏  [34m  ▕▏  [34m  ▕▏  [39m  
  [34m  ▕▏  [32m██████[34m  ▕▏  [31m██████[31m██████[31m██████[34m  ▕▏  [32m██████[34m  ▕▏  [39m  
  [34m──██──[32m██████[34m──██──[31m██████[31m██████[31m██████[34m──██──[32m██████[34m──██──[39m  
  [34m  ▕▏  [32m██████[34m  ▕▏  [31m██████[31m██████[31m██████[34m  ▕▏  [32m██████[34m  ▕▏  [39m  
  [34m  ▕▏  [34m  ▕▏  [34m  ▕▏  [31m██████[31m██████[31m██████[34m  ▕▏  [34m  ▕▏  [34m  ▕▏  [39m  
  [34m──██──[34m──██──[34m──██──[31m██████[31m██████[31m██████[34m──██──[34m──██──[34m──██──[39m  
  [34m  ▕▏  [34m  ▕▏  [34m  ▕▏  [31m██████[31m██████[31m██████[34m  ▕▏  [34m  ▕▏  [34m  ▕▏  [39m  
  [34m  ▕▏  [34m  ▕▏  [34m  ▕▏  [34m  ▕▏  [34m  ▕▏  [34m  ▕▏  [34m  ▕▏  [34m  ▕▏  [34m  ▕▏  [39m  
  [34m──██──[34m──██──[34m──██──[34m──██──[34m──██──[34m──██──[34m──██──[34m──██──[34m──██──[39m  
  [34m  ▕▏  [34m  ▕▏  [34m  ▕▏  [34m  ▕▏  [34m  ▕▏  [34m  ▕▏  [34m  ▕▏  [34m  ▕▏  [34m  ▕▏  [39m  
  [34m  ▕▏  [32m██████[34m  ▕▏  [34m  ▕▏  [32m██████[34m  ▕▏  [34m  ▕▏  [32m██████[34m  ▕▏  [39m  
  [34m──██──[32m██████[34m──██──[34m──██──[32m██████[34m──██──[34m──██──[32m██████[34m──██──[39m  
  [34m  ▕▏  [32m██████[34m  ▕▏  [34m  ▕▏  [32m██████[34m  ▕▏  [34m  ▕▏  [32m██████[34m  ▕▏  [39m  
  [34m  ▕▏  [34m  ▕▏  [34m  ▕▏  [34m  ▕▏  [34m  ▕▏  [34m  ▕▏  [34m  ▕▏  [34m  ▕▏  [34m  ▕▏  [39m  
  [34m──██──[34m──██──[34m──██──[34m──██──[34m──██──[34m──██──[34m──██──[34m──██──[34m──██──[39m  
  [34m  ▕▏  [34m  ▕▏  [34m  ▕▏  [34m  ▕▏  [34m  ▕▏  [34m  ▕▏  [34m  ▕▏  [34m  ▕▏  [34m  ▕▏  [39m  

AMR driver provided by CarpetX,
using AMReX 25.11 (MPI, OpenMP, no accelerators, debug)
--------------------------------------------------------------------------------

Initializing AMReX (25.11)...
MPI initialized with 2 MPI processes
MPI initialized with thread support level 2
OMP initialized with 1 OMP threads
AMReX (25.11) initialized
INFO (CarpetX): 
Symmetries:
  lower x: periodic
  lower y: periodic
  lower z: periodic
  upper x: periodic
  upper y: periodic
  upper z: periodic
Default boundaries:
  lower x: symmetry_boundary
  lower y: symmetry_boundary
  lower z: symmetry_boundary
  upper x: symmetry_boundary
  upper y: symmetry_boundary
  upper z: symmetry_boundary
INFO (Arith): Test_smallvector
INFO (Arith): Test_spvect
INFO (CarpetX): Setting initial values for max_grid_size values for all levels
INFO (CarpetX): Setting up initial conditions...
INFO (CarpetX): Iteration: 0   time: 0   delta_time: 0.00390625
INFO (CarpetX): Patch 0:
INFO (CarpetX):   Grid extent:
INFO (CarpetX):     gsh=[71,15,15]
INFO (CarpetX):     blocking_factor=[8,8,8]
INFO (CarpetX):     max_grid_size=[10000000,10000000,10000000]
INFO (CarpetX):     max_tile_size=[1024000,16,32]
INFO (CarpetX):   Domain extent:
INFO (CarpetX):     xmin=[-0.5,-0.0625,-0.0625]
INFO (CarpetX):     xmax=[0.5,0.0625,0.0625]
INFO (CarpetX):     base dx=[0.015625,0.015625,0.015625]
INFO (CarpetX): Initializing level 0...
INFO (CanudaX_ExactID): Begin Gauge Wave initial data
INFO (CanudaX_ExactID): === End gauge wave initial data ===
INFO (CarpetX): Regridding...
INFO (CarpetX):   level 0: 2 boxes, 4096 cells (100%)
INFO (CarpetX): Initialized 1 levels
INFO (CarpetX): OutputGH: iteration 0, time 0.000000, run time 1 s
INFO (CarpetX): OutputGH done.
INFO (CarpetX): Starting evolution...
INFO (ODESolvers): ODE integrator is RK4
INFO (CarpetX): OutputGH: iteration 1, time 0.003906, run time 1 s
INFO (CarpetX): OutputGH done.
INFO (CarpetX): Simulation time: 0.00390625   Iterations per second: 42.4972   Simulation time per second: 0.166005
INFO (CarpetX): Grid cells: 4096   Grid cell updates per second: 174069
INFO (CarpetX): Performance:
INFO (CarpetX):   total evolution time:            0.023531 sec
INFO (CarpetX):   total evolution compute time:    0.02351 sec
INFO (CarpetX):   total evolution output time:     2.09808e-05 sec
INFO (CarpetX):   total iterations:                1
INFO (CarpetX):   total cells updated:             4096
INFO (CarpetX):   average iterations per second: 42.4972
INFO (CarpetX):   average cell updates per second: 174069
INFO (CarpetX): OutputGH: iteration 2, time 0.007812, run time 1 s
INFO (CarpetX): OutputGH done.
INFO (CarpetX): Simulation time: 0.0078125   Iterations per second: 44.5447   Simulation time per second: 0.174003
INFO (CarpetX): Grid cells: 4096   Grid cell updates per second: 182455
INFO (CarpetX): Performance:
INFO (CarpetX):   total evolution time:            0.0448987 sec
INFO (CarpetX):   total evolution compute time:    0.0448577 sec
INFO (CarpetX):   total evolution output time:     4.1008e-05 sec
INFO (CarpetX):   total iterations:                2
INFO (CarpetX):   total cells updated:             8192
INFO (CarpetX):   average iterations per second: 44.5447
INFO (CarpetX):   average cell updates per second: 182455
INFO (CarpetX): OutputGH: iteration 3, time 0.011719, run time 1 s
INFO (CarpetX): OutputGH done.
INFO (CarpetX): Simulation time: 0.0117188   Iterations per second: 45.3585   Simulation time per second: 0.177182
INFO (CarpetX): Grid cells: 4096   Grid cell updates per second: 185789
INFO (CarpetX): Performance:
INFO (CarpetX):   total evolution time:            0.0661397 sec
INFO (CarpetX):   total evolution compute time:    0.0660796 sec
INFO (CarpetX):   total evolution output time:     6.00815e-05 sec
INFO (CarpetX):   total iterations:                3
INFO (CarpetX):   total cells updated:             12288
INFO (CarpetX):   average iterations per second: 45.3585
INFO (CarpetX):   average cell updates per second: 185789
INFO (CarpetX): OutputGH: iteration 4, time 0.015625, run time 1 s
INFO (CarpetX): OutputGH done.
INFO (CarpetX): Simulation time: 0.015625   Iterations per second: 45.7024   Simulation time per second: 0.178525
INFO (CarpetX): Grid cells: 4096   Grid cell updates per second: 187197
INFO (CarpetX): Performance:
INFO (CarpetX):   total evolution time:            0.0875227 sec
INFO (CarpetX):   total evolution compute time:    0.0874417 sec
INFO (CarpetX):   total evolution output time:     8.10623e-05 sec
INFO (CarpetX):   total iterations:                4
INFO (CarpetX):   total cells updated:             16384
INFO (CarpetX):   average iterations per second: 45.7024
INFO (CarpetX):   average cell updates per second: 187197
INFO (CarpetX): OutputGH: iteration 5, time 0.019531, run time 1 s
INFO (CarpetX): OutputGH done.
INFO (CarpetX): Simulation time: 0.0195312   Iterations per second: 45.9379   Simulation time per second: 0.179445
INFO (CarpetX): Grid cells: 4096   Grid cell updates per second: 188162
INFO (CarpetX): Performance:
INFO (CarpetX):   total evolution time:            0.108843 sec
INFO (CarpetX):   total evolution compute time:    0.108742 sec
INFO (CarpetX):   total evolution output time:     0.000100136 sec
INFO (CarpetX):   total iterations:                5
INFO (CarpetX):   total cells updated:             20480
INFO (CarpetX):   average iterations per second: 45.9379
INFO (CarpetX):   average cell updates per second: 188162
INFO (CarpetX): OutputGH: iteration 6, time 0.023438, run time 1 s
INFO (CarpetX): OutputGH done.
INFO (CarpetX): Simulation time: 0.0234375   Iterations per second: 46.0845   Simulation time per second: 0.180018
INFO (CarpetX): Grid cells: 4096   Grid cell updates per second: 188762
INFO (CarpetX): Performance:
INFO (CarpetX):   total evolution time:            0.130196 sec
INFO (CarpetX):   total evolution compute time:    0.13008 sec
INFO (CarpetX):   total evolution output time:     0.00011611 sec
INFO (CarpetX):   total iterations:                6
INFO (CarpetX):   total cells updated:             24576
INFO (CarpetX):   average iterations per second: 46.0845
INFO (CarpetX):   average cell updates per second: 188762
INFO (CarpetX): OutputGH: iteration 7, time 0.027344, run time 1 s
INFO (CarpetX): OutputGH done.
INFO (CarpetX): Simulation time: 0.0273438   Iterations per second: 46.2139   Simulation time per second: 0.180523
INFO (CarpetX): Grid cells: 4096   Grid cell updates per second: 189292
INFO (CarpetX): Performance:
INFO (CarpetX):   total evolution time:            0.15147 sec
INFO (CarpetX):   total evolution compute time:    0.151335 sec
INFO (CarpetX):   total evolution output time:     0.000134945 sec
INFO (CarpetX):   total iterations:                7
INFO (CarpetX):   total cells updated:             28672
INFO (CarpetX):   average iterations per second: 46.2139
INFO (CarpetX):   average cell updates per second: 189292
INFO (CarpetX): OutputGH: iteration 8, time 0.031250, run time 1 s
INFO (CarpetX): OutputGH done.
INFO (CarpetX): Simulation time: 0.03125   Iterations per second: 46.3151   Simulation time per second: 0.180918
INFO (CarpetX): Grid cells: 4096   Grid cell updates per second: 189707
INFO (CarpetX): Performance:
INFO (CarpetX):   total evolution time:            0.17273 sec
INFO (CarpetX):   total evolution compute time:    0.172576 sec
INFO (CarpetX):   total evolution output time:     0.00015378 sec
INFO (CarpetX):   total iterations:                8
INFO (CarpetX):   total cells updated:             32768
INFO (CarpetX):   average iterations per second: 46.3151
INFO (CarpetX):   average cell updates per second: 189707
INFO (CarpetX): OutputGH: iteration 9, time 0.035156, run time 1 s
INFO (CarpetX): OutputGH done.
INFO (CarpetX): Simulation time: 0.0351562   Iterations per second: 46.3796   Simulation time per second: 0.18117
INFO (CarpetX): Grid cells: 4096   Grid cell updates per second: 189971
INFO (CarpetX): Performance:
INFO (CarpetX):   total evolution time:            0.194051 sec
INFO (CarpetX):   total evolution compute time:    0.193878 sec
INFO (CarpetX):   total evolution output time:     0.000172615 sec
INFO (CarpetX):   total iterations:                9
INFO (CarpetX):   total cells updated:             36864
INFO (CarpetX):   average iterations per second: 46.3796
INFO (CarpetX):   average cell updates per second: 189971
INFO (CarpetX): OutputGH: iteration 10, time 0.039062, run time 1 s
INFO (CarpetX): OutputGH done.
INFO (CarpetX): Simulation time: 0.0390625   Iterations per second: 46.4456   Simulation time per second: 0.181428
INFO (CarpetX): Grid cells: 4096   Grid cell updates per second: 190241
INFO (CarpetX): Performance:
INFO (CarpetX):   total evolution time:            0.215306 sec
INFO (CarpetX):   total evolution compute time:    0.215113 sec
INFO (CarpetX):   total evolution output time:     0.000192642 sec
INFO (CarpetX):   total iterations:                10
INFO (CarpetX):   total cells updated:             40960
INFO (CarpetX):   average iterations per second: 46.4456
INFO (CarpetX):   average cell updates per second: 190241
INFO (CarpetX): OutputGH: iteration 11, time 0.042969, run time 1 s
INFO (CarpetX): OutputGH done.
INFO (CarpetX): Simulation time: 0.0429688   Iterations per second: 46.4986   Simulation time per second: 0.181635
INFO (CarpetX): Grid cells: 4096   Grid cell updates per second: 190458
INFO (CarpetX): Performance:
INFO (CarpetX):   total evolution time:            0.236591 sec
INFO (CarpetX):   total evolution compute time:    0.236382 sec
INFO (CarpetX):   total evolution output time:     0.000208616 sec
INFO (CarpetX):   total iterations:                11
INFO (CarpetX):   total cells updated:             45056
INFO (CarpetX):   average iterations per second: 46.4938
INFO (CarpetX):   average cell updates per second: 190439
INFO (CarpetX): OutputGH: iteration 12, time 0.046875, run time 1 s
INFO (CarpetX): OutputGH done.
INFO (CarpetX): Simulation time: 0.046875   Iterations per second: 46.5478   Simulation time per second: 0.181827
INFO (CarpetX): Grid cells: 4096   Grid cell updates per second: 190660
INFO (CarpetX): Performance:
INFO (CarpetX):   total evolution time:            0.25787 sec
INFO (CarpetX):   total evolution compute time:    0.25764 sec
INFO (CarpetX):   total evolution output time:     0.000229597 sec
INFO (CarpetX):   total iterations:                12
INFO (CarpetX):   total cells updated:             49152
INFO (CarpetX):   average iterations per second: 46.5351
INFO (CarpetX):   average cell updates per second: 190608
INFO (CarpetX): OutputGH: iteration 13, time 0.050781, run time 1 s
INFO (CarpetX): OutputGH done.
INFO (CarpetX): Simulation time: 0.0507812   Iterations per second: 46.5901   Simulation time per second: 0.181993
INFO (CarpetX): Grid cells: 4096   Grid cell updates per second: 190833
INFO (CarpetX): Performance:
INFO (CarpetX):   total evolution time:            0.279158 sec
INFO (CarpetX):   total evolution compute time:    0.278908 sec
INFO (CarpetX):   total evolution output time:     0.000249624 sec
INFO (CarpetX):   total iterations:                13
INFO (CarpetX):   total cells updated:             53248
INFO (CarpetX):   average iterations per second: 46.5687
INFO (CarpetX):   average cell updates per second: 190745
INFO (CarpetX): OutputGH: iteration 14, time 0.054688, run time 1 s
INFO (CarpetX): OutputGH done.
INFO (CarpetX): Simulation time: 0.0546875   Iterations per second: 46.6314   Simulation time per second: 0.182154
INFO (CarpetX): Grid cells: 4096   Grid cell updates per second: 191002
INFO (CarpetX): Performance:
INFO (CarpetX):   total evolution time:            0.300431 sec
INFO (CarpetX):   total evolution compute time:    0.300163 sec
INFO (CarpetX):   total evolution output time:     0.000268698 sec
INFO (CarpetX):   total iterations:                14
INFO (CarpetX):   total cells updated:             57344
INFO (CarpetX):   average iterations per second: 46.5996
INFO (CarpetX):   average cell updates per second: 190872
INFO (CarpetX): OutputGH: iteration 15, time 0.058594, run time 1 s
INFO (CarpetX): OutputGH done.
INFO (CarpetX): Simulation time: 0.0585938   Iterations per second: 46.6732   Simulation time per second: 0.182317
INFO (CarpetX): Grid cells: 4096   Grid cell updates per second: 191173
INFO (CarpetX): Performance:
INFO (CarpetX):   total evolution time:            0.321684 sec
INFO (CarpetX):   total evolution compute time:    0.321396 sec
INFO (CarpetX):   total evolution output time:     0.000288725 sec
INFO (CarpetX):   total iterations:                15
INFO (CarpetX):   total cells updated:             61440
INFO (CarpetX):   average iterations per second: 46.6296
INFO (CarpetX):   average cell updates per second: 190995
INFO (CarpetX): OutputGH: iteration 16, time 0.062500, run time 1 s
INFO (CarpetX): OutputGH done.
INFO (CarpetX): Simulation time: 0.0625   Iterations per second: 46.7038   Simulation time per second: 0.182437
INFO (CarpetX): Grid cells: 4096   Grid cell updates per second: 191299
INFO (CarpetX): Performance:
INFO (CarpetX):   total evolution time:            0.342969 sec
INFO (CarpetX):   total evolution compute time:    0.342661 sec
INFO (CarpetX):   total evolution output time:     0.000308752 sec
INFO (CarpetX):   total iterations:                16
INFO (CarpetX):   total cells updated:             65536
INFO (CarpetX):   average iterations per second: 46.6514
INFO (CarpetX):   average cell updates per second: 191084
INFO (CarpetX): OutputGH: iteration 17, time 0.066406, run time 1 s
INFO (CarpetX): OutputGH done.
INFO (CarpetX): Simulation time: 0.0664062   Iterations per second: 46.7148   Simulation time per second: 0.18248
INFO (CarpetX): Grid cells: 4096   Grid cell updates per second: 191344
INFO (CarpetX): Performance:
INFO (CarpetX):   total evolution time:            0.364331 sec
INFO (CarpetX):   total evolution compute time:    0.364004 sec
INFO (CarpetX):   total evolution output time:     0.000326633 sec
INFO (CarpetX):   total iterations:                17
INFO (CarpetX):   total cells updated:             69632
INFO (CarpetX):   average iterations per second: 46.6609
INFO (CarpetX):   average cell updates per second: 191123
INFO (CarpetX): OutputGH: iteration 18, time 0.070312, run time 1 s
INFO (CarpetX): OutputGH done.
INFO (CarpetX): Simulation time: 0.0703125   Iterations per second: 46.7411   Simulation time per second: 0.182582
INFO (CarpetX): Grid cells: 4096   Grid cell updates per second: 191452
INFO (CarpetX): Performance:
INFO (CarpetX):   total evolution time:            0.385617 sec
INFO (CarpetX):   total evolution compute time:    0.385273 sec
INFO (CarpetX):   total evolution output time:     0.000343561 sec
INFO (CarpetX):   total iterations:                18
INFO (CarpetX):   total cells updated:             73728
INFO (CarpetX):   average iterations per second: 46.6785
INFO (CarpetX):   average cell updates per second: 191195
INFO (CarpetX): OutputGH: iteration 19, time 0.074219, run time 1 s
INFO (CarpetX): OutputGH done.
INFO (CarpetX): Simulation time: 0.0742188   Iterations per second: 46.76   Simulation time per second: 0.182656
INFO (CarpetX): Grid cells: 4096   Grid cell updates per second: 191529
INFO (CarpetX): Performance:
INFO (CarpetX):   total evolution time:            0.406924 sec
INFO (CarpetX):   total evolution compute time:    0.406563 sec
INFO (CarpetX):   total evolution output time:     0.000361443 sec
INFO (CarpetX):   total iterations:                19
INFO (CarpetX):   total cells updated:             77824
INFO (CarpetX):   average iterations per second: 46.6917
INFO (CarpetX):   average cell updates per second: 191249
INFO (CarpetX): OutputGH: iteration 20, time 0.078125, run time 1 s
INFO (CarpetX): OutputGH done.
INFO (CarpetX): Simulation time: 0.078125   Iterations per second: 46.7593   Simulation time per second: 0.182654
INFO (CarpetX): Grid cells: 4096   Grid cell updates per second: 191526
INFO (CarpetX): Performance:
INFO (CarpetX):   total evolution time:            0.428313 sec
INFO (CarpetX):   total evolution compute time:    0.427932 sec
INFO (CarpetX):   total evolution output time:     0.00038147 sec
INFO (CarpetX):   total iterations:                20
INFO (CarpetX):   total cells updated:             81920
INFO (CarpetX):   average iterations per second: 46.6948
INFO (CarpetX):   average cell updates per second: 191262
INFO (CarpetX): OutputGH: iteration 21, time 0.082031, run time 1 s
INFO (CarpetX): OutputGH done.
INFO (CarpetX): Simulation time: 0.0820312   Iterations per second: 46.7842   Simulation time per second: 0.182751
INFO (CarpetX): Grid cells: 4096   Grid cell updates per second: 191628
INFO (CarpetX): Performance:
INFO (CarpetX):   total evolution time:            0.449586 sec
INFO (CarpetX):   total evolution compute time:    0.449185 sec
INFO (CarpetX):   total evolution output time:     0.000400543 sec
INFO (CarpetX):   total iterations:                21
INFO (CarpetX):   total cells updated:             86016
INFO (CarpetX):   average iterations per second: 46.7097
INFO (CarpetX):   average cell updates per second: 191323
INFO (CarpetX): OutputGH: iteration 22, time 0.085938, run time 1 s
INFO (CarpetX): OutputGH done.
INFO (CarpetX): Simulation time: 0.0859375   Iterations per second: 46.7914   Simulation time per second: 0.182779
INFO (CarpetX): Grid cells: 4096   Grid cell updates per second: 191658
INFO (CarpetX): Performance:
INFO (CarpetX):   total evolution time:            0.470928 sec
INFO (CarpetX):   total evolution compute time:    0.470509 sec
INFO (CarpetX):   total evolution output time:     0.000418663 sec
INFO (CarpetX):   total iterations:                22
INFO (CarpetX):   total cells updated:             90112
INFO (CarpetX):   average iterations per second: 46.7163
INFO (CarpetX):   average cell updates per second: 191350
INFO (CarpetX): OutputGH: iteration 23, time 0.089844, run time 1 s
INFO (CarpetX): OutputGH done.
INFO (CarpetX): Simulation time: 0.0898438   Iterations per second: 46.7965   Simulation time per second: 0.182799
INFO (CarpetX): Grid cells: 4096   Grid cell updates per second: 191679
INFO (CarpetX): Performance:
INFO (CarpetX):   total evolution time:            0.492276 sec
INFO (CarpetX):   total evolution compute time:    0.491837 sec
INFO (CarpetX):   total evolution output time:     0.00043869 sec
INFO (CarpetX):   total iterations:                23
INFO (CarpetX):   total cells updated:             94208
INFO (CarpetX):   average iterations per second: 46.7218
INFO (CarpetX):   average cell updates per second: 191372
INFO (CarpetX): OutputGH: iteration 24, time 0.093750, run time 1 s
INFO (CarpetX): OutputGH done.
INFO (CarpetX): Simulation time: 0.09375   Iterations per second: 46.8031   Simulation time per second: 0.182825
INFO (CarpetX): Grid cells: 4096   Grid cell updates per second: 191706
INFO (CarpetX): Performance:
INFO (CarpetX):   total evolution time:            0.513615 sec
INFO (CarpetX):   total evolution compute time:    0.513159 sec
INFO (CarpetX):   total evolution output time:     0.000455856 sec
INFO (CarpetX):   total iterations:                24
INFO (CarpetX):   total cells updated:             98304
INFO (CarpetX):   average iterations per second: 46.7276
INFO (CarpetX):   average cell updates per second: 191396
INFO (CarpetX): OutputGH: iteration 25, time 0.097656, run time 1 s
INFO (CarpetX): OutputGH done.
INFO (CarpetX): Simulation time: 0.0976562   Iterations per second: 46.8068   Simulation time per second: 0.182839
INFO (CarpetX): Grid cells: 4096   Grid cell updates per second: 191721
INFO (CarpetX): Performance:
INFO (CarpetX):   total evolution time:            0.534964 sec
INFO (CarpetX):   total evolution compute time:    0.534488 sec
INFO (CarpetX):   total evolution output time:     0.000475883 sec
INFO (CarpetX):   total iterations:                25
INFO (CarpetX):   total cells updated:             102400
INFO (CarpetX):   average iterations per second: 46.7321
INFO (CarpetX):   average cell updates per second: 191415
INFO (CarpetX): OutputGH: iteration 26, time 0.101562, run time 1 s
INFO (CarpetX): OutputGH done.
INFO (CarpetX): Simulation time: 0.101562   Iterations per second: 46.8058   Simulation time per second: 0.182835
INFO (CarpetX): Grid cells: 4096   Grid cell updates per second: 191717
INFO (CarpetX): Performance:
INFO (CarpetX):   total evolution time:            0.556333 sec
INFO (CarpetX):   total evolution compute time:    0.555837 sec
INFO (CarpetX):   total evolution output time:     0.000495911 sec
INFO (CarpetX):   total iterations:                26
INFO (CarpetX):   total cells updated:             106496
INFO (CarpetX):   average iterations per second: 46.7346
INFO (CarpetX):   average cell updates per second: 191425
INFO (CarpetX): OutputGH: iteration 27, time 0.105469, run time 2 s
INFO (CarpetX): OutputGH done.
INFO (CarpetX): Simulation time: 0.105469   Iterations per second: 46.7865   Simulation time per second: 0.18276
INFO (CarpetX): Grid cells: 4096   Grid cell updates per second: 191638
INFO (CarpetX): Performance:
INFO (CarpetX):   total evolution time:            0.577786 sec
INFO (CarpetX):   total evolution compute time:    0.577271 sec
INFO (CarpetX):   total evolution output time:     0.000514746 sec
INFO (CarpetX):   total iterations:                27
INFO (CarpetX):   total cells updated:             110592
INFO (CarpetX):   average iterations per second: 46.7301
INFO (CarpetX):   average cell updates per second: 191407
INFO (CarpetX): OutputGH: iteration 28, time 0.109375, run time 2 s
INFO (CarpetX): OutputGH done.
INFO (CarpetX): Simulation time: 0.109375   Iterations per second: 46.7565   Simulation time per second: 0.182643
INFO (CarpetX): Grid cells: 4096   Grid cell updates per second: 191515
INFO (CarpetX): Performance:
INFO (CarpetX):   total evolution time:            0.599297 sec
INFO (CarpetX):   total evolution compute time:    0.598763 sec
INFO (CarpetX):   total evolution output time:     0.000533581 sec
INFO (CarpetX):   total iterations:                28
INFO (CarpetX):   total cells updated:             114688
INFO (CarpetX):   average iterations per second: 46.7214
INFO (CarpetX):   average cell updates per second: 191371
INFO (CarpetX): OutputGH: iteration 29, time 0.113281, run time 2 s
INFO (CarpetX): OutputGH done.
INFO (CarpetX): Simulation time: 0.113281   Iterations per second: 46.7413   Simulation time per second: 0.182583
INFO (CarpetX): Grid cells: 4096   Grid cell updates per second: 191452
INFO (CarpetX): Performance:
INFO (CarpetX):   total evolution time:            0.620754 sec
INFO (CarpetX):   total evolution compute time:    0.620201 sec
INFO (CarpetX):   total evolution output time:     0.000552654 sec
INFO (CarpetX):   total iterations:                29
INFO (CarpetX):   total cells updated:             118784
INFO (CarpetX):   average iterations per second: 46.7174
INFO (CarpetX):   average cell updates per second: 191354
INFO (CarpetX): OutputGH: iteration 30, time 0.117188, run time 2 s
INFO (CarpetX): OutputGH done.
INFO (CarpetX): Simulation time: 0.117188   Iterations per second: 46.7355   Simulation time per second: 0.18256
INFO (CarpetX): Grid cells: 4096   Grid cell updates per second: 191429
INFO (CarpetX): Performance:
INFO (CarpetX):   total evolution time:            0.642175 sec
INFO (CarpetX):   total evolution compute time:    0.6416 sec
INFO (CarpetX):   total evolution output time:     0.000574589 sec
INFO (CarpetX):   total iterations:                30
INFO (CarpetX):   total cells updated:             122880
INFO (CarpetX):   average iterations per second: 46.7163
INFO (CarpetX):   average cell updates per second: 191350
INFO (CarpetX): OutputGH: iteration 31, time 0.121094, run time 2 s
INFO (CarpetX): OutputGH done.
INFO (CarpetX): Simulation time: 0.121094   Iterations per second: 46.739   Simulation time per second: 0.182574
INFO (CarpetX): Grid cells: 4096   Grid cell updates per second: 191443
INFO (CarpetX): Performance:
INFO (CarpetX):   total evolution time:            0.663556 sec
INFO (CarpetX):   total evolution compute time:    0.662961 sec
INFO (CarpetX):   total evolution output time:     0.000594616 sec
INFO (CarpetX):   total iterations:                31
INFO (CarpetX):   total cells updated:             126976
INFO (CarpetX):   average iterations per second: 46.718
INFO (CarpetX):   average cell updates per second: 191357
INFO (CarpetX): OutputGH: iteration 32, time 0.125000, run time 2 s
INFO (CarpetX): OutputGH done.
INFO (CarpetX): Simulation time: 0.125   Iterations per second: 46.7303   Simulation time per second: 0.18254
INFO (CarpetX): Grid cells: 4096   Grid cell updates per second: 191408
INFO (CarpetX): Performance:
INFO (CarpetX):   total evolution time:            0.684991 sec
INFO (CarpetX):   total evolution compute time:    0.684378 sec
INFO (CarpetX):   total evolution output time:     0.000612736 sec
INFO (CarpetX):   total iterations:                32
INFO (CarpetX):   total cells updated:             131072
INFO (CarpetX):   average iterations per second: 46.716
INFO (CarpetX):   average cell updates per second: 191349
INFO (CarpetX): OutputGH: iteration 33, time 0.128906, run time 2 s
INFO (CarpetX): OutputGH done.
INFO (CarpetX): Simulation time: 0.128906   Iterations per second: 46.7429   Simulation time per second: 0.182589
INFO (CarpetX): Grid cells: 4096   Grid cell updates per second: 191459
INFO (CarpetX): Performance:
INFO (CarpetX):   total evolution time:            0.706333 sec
INFO (CarpetX):   total evolution compute time:    0.705701 sec
INFO (CarpetX):   total evolution output time:     0.000631809 sec
INFO (CarpetX):   total iterations:                33
INFO (CarpetX):   total cells updated:             135168
INFO (CarpetX):   average iterations per second: 46.7202
INFO (CarpetX):   average cell updates per second: 191366
INFO (CarpetX): OutputGH: iteration 34, time 0.132812, run time 2 s
INFO (CarpetX): OutputGH done.
INFO (CarpetX): Simulation time: 0.132812   Iterations per second: 46.7437   Simulation time per second: 0.182592
INFO (CarpetX): Grid cells: 4096   Grid cell updates per second: 191462
INFO (CarpetX): Performance:
INFO (CarpetX):   total evolution time:            0.727723 sec
INFO (CarpetX):   total evolution compute time:    0.727069 sec
INFO (CarpetX):   total evolution output time:     0.000653744 sec
INFO (CarpetX):   total iterations:                34
INFO (CarpetX):   total cells updated:             139264
INFO (CarpetX):   average iterations per second: 46.7211
INFO (CarpetX):   average cell updates per second: 191370
INFO (CarpetX): OutputGH: iteration 35, time 0.136719, run time 2 s
INFO (CarpetX): OutputGH done.
INFO (CarpetX): Simulation time: 0.136719   Iterations per second: 46.7265   Simulation time per second: 0.182525
INFO (CarpetX): Grid cells: 4096   Grid cell updates per second: 191392
INFO (CarpetX): Performance:
INFO (CarpetX):   total evolution time:            0.749195 sec
INFO (CarpetX):   total evolution compute time:    0.748522 sec
INFO (CarpetX):   total evolution output time:     0.000672817 sec
INFO (CarpetX):   total iterations:                35
INFO (CarpetX):   total cells updated:             143360
INFO (CarpetX):   average iterations per second: 46.7168
INFO (CarpetX):   average cell updates per second: 191352
INFO (CarpetX): OutputGH: iteration 36, time 0.140625, run time 2 s
INFO (CarpetX): OutputGH done.
INFO (CarpetX): Simulation time: 0.140625   Iterations per second: 46.718   Simulation time per second: 0.182492
INFO (CarpetX): Grid cells: 4096   Grid cell updates per second: 191357
INFO (CarpetX): Performance:
INFO (CarpetX):   total evolution time:            0.770635 sec
INFO (CarpetX):   total evolution compute time:    0.769944 sec
INFO (CarpetX):   total evolution output time:     0.000690699 sec
INFO (CarpetX):   total iterations:                36
INFO (CarpetX):   total cells updated:             147456
INFO (CarpetX):   average iterations per second: 46.7147
INFO (CarpetX):   average cell updates per second: 191344
INFO (CarpetX): OutputGH: iteration 37, time 0.144531, run time 2 s
INFO (CarpetX): OutputGH done.
INFO (CarpetX): Simulation time: 0.144531   Iterations per second: 46.7049   Simulation time per second: 0.182441
INFO (CarpetX): Grid cells: 4096   Grid cell updates per second: 191303
INFO (CarpetX): Performance:
INFO (CarpetX):   total evolution time:            0.7921 sec
INFO (CarpetX):   total evolution compute time:    0.791389 sec
INFO (CarpetX):   total evolution output time:     0.000710726 sec
INFO (CarpetX):   total iterations:                37
INFO (CarpetX):   total cells updated:             151552
INFO (CarpetX):   average iterations per second: 46.7113
INFO (CarpetX):   average cell updates per second: 191329
INFO (CarpetX): OutputGH: iteration 38, time 0.148438, run time 2 s
INFO (CarpetX): OutputGH done.
INFO (CarpetX): Simulation time: 0.148438   Iterations per second: 46.7008   Simulation time per second: 0.182425
INFO (CarpetX): Grid cells: 4096   Grid cell updates per second: 191286
INFO (CarpetX): Performance:
INFO (CarpetX):   total evolution time:            0.81353 sec
INFO (CarpetX):   total evolution compute time:    0.812798 sec
INFO (CarpetX):   total evolution output time:     0.000731707 sec
INFO (CarpetX):   total iterations:                38
INFO (CarpetX):   total cells updated:             155648
INFO (CarpetX):   average iterations per second: 46.71
INFO (CarpetX):   average cell updates per second: 191324
INFO (CarpetX): OutputGH: iteration 39, time 0.152344, run time 2 s
INFO (CarpetX): OutputGH done.
INFO (CarpetX): Simulation time: 0.152344   Iterations per second: 46.7066   Simulation time per second: 0.182448
INFO (CarpetX): Grid cells: 4096   Grid cell updates per second: 191310
INFO (CarpetX): Performance:
INFO (CarpetX):   total evolution time:            0.834916 sec
INFO (CarpetX):   total evolution compute time:    0.834163 sec
INFO (CarpetX):   total evolution output time:     0.000752687 sec
INFO (CarpetX):   total iterations:                39
INFO (CarpetX):   total cells updated:             159744
INFO (CarpetX):   average iterations per second: 46.7113
INFO (CarpetX):   average cell updates per second: 191330
INFO (CarpetX): OutputGH: iteration 40, time 0.156250, run time 2 s
INFO (CarpetX): OutputGH done.
INFO (CarpetX): Simulation time: 0.15625   Iterations per second: 46.7154   Simulation time per second: 0.182482
INFO (CarpetX): Grid cells: 4096   Grid cell updates per second: 191346
INFO (CarpetX): Performance:
INFO (CarpetX):   total evolution time:            0.856286 sec
INFO (CarpetX):   total evolution compute time:    0.855514 sec
INFO (CarpetX):   total evolution output time:     0.000771523 sec
INFO (CarpetX):   total iterations:                40
INFO (CarpetX):   total cells updated:             163840
INFO (CarpetX):   average iterations per second: 46.7134
INFO (CarpetX):   average cell updates per second: 191338
INFO (CarpetX): OutputGH: iteration 41, time 0.160156, run time 2 s
INFO (CarpetX): OutputGH done.
INFO (CarpetX): Simulation time: 0.160156   Iterations per second: 46.724   Simulation time per second: 0.182516
INFO (CarpetX): Grid cells: 4096   Grid cell updates per second: 191381
INFO (CarpetX): Performance:
INFO (CarpetX):   total evolution time:            0.877653 sec
INFO (CarpetX):   total evolution compute time:    0.87686 sec
INFO (CarpetX):   total evolution output time:     0.000792742 sec
INFO (CarpetX):   total iterations:                41
INFO (CarpetX):   total cells updated:             167936
INFO (CarpetX):   average iterations per second: 46.7155
INFO (CarpetX):   average cell updates per second: 191347
INFO (CarpetX): OutputGH: iteration 42, time 0.164062, run time 2 s
INFO (CarpetX): OutputGH done.
INFO (CarpetX): Simulation time: 0.164062   Iterations per second: 46.729   Simulation time per second: 0.182535
INFO (CarpetX): Grid cells: 4096   Grid cell updates per second: 191402
INFO (CarpetX): Performance:
INFO (CarpetX):   total evolution time:            0.899032 sec
INFO (CarpetX):   total evolution compute time:    0.898218 sec
INFO (CarpetX):   total evolution output time:     0.000813723 sec
INFO (CarpetX):   total iterations:                42
INFO (CarpetX):   total cells updated:             172032
INFO (CarpetX):   average iterations per second: 46.7169
INFO (CarpetX):   average cell updates per second: 191353
INFO (CarpetX): OutputGH: iteration 43, time 0.167969, run time 2 s
INFO (CarpetX): OutputGH done.
INFO (CarpetX): Simulation time: 0.167969   Iterations per second: 46.7332   Simulation time per second: 0.182551
INFO (CarpetX): Grid cells: 4096   Grid cell updates per second: 191419
INFO (CarpetX): Performance:
INFO (CarpetX):   total evolution time:            0.920413 sec
INFO (CarpetX):   total evolution compute time:    0.919579 sec
INFO (CarpetX):   total evolution output time:     0.00083375 sec
INFO (CarpetX):   total iterations:                43
INFO (CarpetX):   total cells updated:             176128
INFO (CarpetX):   average iterations per second: 46.7182
INFO (CarpetX):   average cell updates per second: 191358
INFO (CarpetX): OutputGH: iteration 44, time 0.171875, run time 2 s
INFO (CarpetX): OutputGH done.
INFO (CarpetX): Simulation time: 0.171875   Iterations per second: 46.735   Simulation time per second: 0.182558
INFO (CarpetX): Grid cells: 4096   Grid cell updates per second: 191426
INFO (CarpetX): Performance:
INFO (CarpetX):   total evolution time:            0.941803 sec
INFO (CarpetX):   total evolution compute time:    0.940952 sec
INFO (CarpetX):   total evolution output time:     0.000850677 sec
INFO (CarpetX):   total iterations:                44
INFO (CarpetX):   total cells updated:             180224
INFO (CarpetX):   average iterations per second: 46.7189
INFO (CarpetX):   average cell updates per second: 191361
INFO (CarpetX): OutputGH: iteration 45, time 0.175781, run time 2 s
INFO (CarpetX): OutputGH done.
INFO (CarpetX): Simulation time: 0.175781   Iterations per second: 46.7407   Simulation time per second: 0.182581
INFO (CarpetX): Grid cells: 4096   Grid cell updates per second: 191450
INFO (CarpetX): Performance:
INFO (CarpetX):   total evolution time:            0.963174 sec
INFO (CarpetX):   total evolution compute time:    0.962303 sec
INFO (CarpetX):   total evolution output time:     0.000870466 sec
INFO (CarpetX):   total iterations:                45
INFO (CarpetX):   total cells updated:             184320
INFO (CarpetX):   average iterations per second: 46.7205
INFO (CarpetX):   average cell updates per second: 191367
INFO (CarpetX): OutputGH: iteration 46, time 0.179688, run time 2 s
INFO (CarpetX): OutputGH done.
INFO (CarpetX): Simulation time: 0.179688   Iterations per second: 46.7005   Simulation time per second: 0.182424
INFO (CarpetX): Grid cells: 4096   Grid cell updates per second: 191285
INFO (CarpetX): Performance:
INFO (CarpetX):   total evolution time:            0.984753 sec
INFO (CarpetX):   total evolution compute time:    0.983862 sec
INFO (CarpetX):   total evolution output time:     0.000890493 sec
INFO (CarpetX):   total iterations:                46
INFO (CarpetX):   total cells updated:             188416
INFO (CarpetX):   average iterations per second: 46.7122
INFO (CarpetX):   average cell updates per second: 191333
INFO (CarpetX): OutputGH: iteration 47, time 0.183594, run time 2 s
INFO (CarpetX): OutputGH done.
INFO (CarpetX): Simulation time: 0.183594   Iterations per second: 46.6998   Simulation time per second: 0.182421
INFO (CarpetX): Grid cells: 4096   Grid cell updates per second: 191282
INFO (CarpetX): Performance:
INFO (CarpetX):   total evolution time:            1.00617 sec
INFO (CarpetX):   total evolution compute time:    1.00526 sec
INFO (CarpetX):   total evolution output time:     0.000910521 sec
INFO (CarpetX):   total iterations:                47
INFO (CarpetX):   total cells updated:             192512
INFO (CarpetX):   average iterations per second: 46.7118
INFO (CarpetX):   average cell updates per second: 191332
INFO (CarpetX): OutputGH: iteration 48, time 0.187500, run time 2 s
INFO (CarpetX): OutputGH done.
INFO (CarpetX): Simulation time: 0.1875   Iterations per second: 46.6898   Simulation time per second: 0.182382
INFO (CarpetX): Grid cells: 4096   Grid cell updates per second: 191241
INFO (CarpetX): Performance:
INFO (CarpetX):   total evolution time:            1.02763 sec
INFO (CarpetX):   total evolution compute time:    1.0267 sec
INFO (CarpetX):   total evolution output time:     0.000929594 sec
INFO (CarpetX):   total iterations:                48
INFO (CarpetX):   total cells updated:             196608
INFO (CarpetX):   average iterations per second: 46.7095
INFO (CarpetX):   average cell updates per second: 191322
INFO (CarpetX): OutputGH: iteration 49, time 0.191406, run time 2 s
INFO (CarpetX): OutputGH done.
INFO (CarpetX): Simulation time: 0.191406   Iterations per second: 46.7044   Simulation time per second: 0.182439
INFO (CarpetX): Grid cells: 4096   Grid cell updates per second: 191301
INFO (CarpetX): Performance:
INFO (CarpetX):   total evolution time:            1.04898 sec
INFO (CarpetX):   total evolution compute time:    1.04803 sec
INFO (CarpetX):   total evolution output time:     0.000948668 sec
INFO (CarpetX):   total iterations:                49
INFO (CarpetX):   total cells updated:             200704
INFO (CarpetX):   average iterations per second: 46.7121
INFO (CarpetX):   average cell updates per second: 191333
INFO (CarpetX): OutputGH: iteration 50, time 0.195312, run time 2 s
INFO (CarpetX): OutputGH done.
INFO (CarpetX): Simulation time: 0.195312   Iterations per second: 46.7051   Simulation time per second: 0.182442
INFO (CarpetX): Grid cells: 4096   Grid cell updates per second: 191304
INFO (CarpetX): Performance:
INFO (CarpetX):   total evolution time:            1.07039 sec
INFO (CarpetX):   total evolution compute time:    1.06942 sec
INFO (CarpetX):   total evolution output time:     0.000969648 sec
INFO (CarpetX):   total iterations:                50
INFO (CarpetX):   total cells updated:             204800
INFO (CarpetX):   average iterations per second: 46.7121
INFO (CarpetX):   average cell updates per second: 191333
INFO (CarpetX): OutputGH: iteration 51, time 0.199219, run time 2 s
INFO (CarpetX): OutputGH done.
INFO (CarpetX): Simulation time: 0.199219   Iterations per second: 46.7075   Simulation time per second: 0.182451
INFO (CarpetX): Grid cells: 4096   Grid cell updates per second: 191314
INFO (CarpetX): Performance:
INFO (CarpetX):   total evolution time:            1.09179 sec
INFO (CarpetX):   total evolution compute time:    1.0908 sec
INFO (CarpetX):   total evolution output time:     0.000990629 sec
INFO (CarpetX):   total iterations:                51
INFO (CarpetX):   total cells updated:             208896
INFO (CarpetX):   average iterations per second: 46.7124
INFO (CarpetX):   average cell updates per second: 191334
INFO (CarpetX): OutputGH: iteration 52, time 0.203125, run time 2 s
INFO (CarpetX): OutputGH done.
INFO (CarpetX): Simulation time: 0.203125   Iterations per second: 46.7075   Simulation time per second: 0.182451
INFO (CarpetX): Grid cells: 4096   Grid cell updates per second: 191314
INFO (CarpetX): Performance:
INFO (CarpetX):   total evolution time:            1.1132 sec
INFO (CarpetX):   total evolution compute time:    1.11219 sec
INFO (CarpetX):   total evolution output time:     0.00101185 sec
INFO (CarpetX):   total iterations:                52
INFO (CarpetX):   total cells updated:             212992
INFO (CarpetX):   average iterations per second: 46.7123
INFO (CarpetX):   average cell updates per second: 191334
INFO (CarpetX): OutputGH: iteration 53, time 0.207031, run time 2 s
INFO (CarpetX): OutputGH done.
INFO (CarpetX): Simulation time: 0.207031   Iterations per second: 46.7125   Simulation time per second: 0.182471
INFO (CarpetX): Grid cells: 4096   Grid cell updates per second: 191334
INFO (CarpetX): Performance:
INFO (CarpetX):   total evolution time:            1.13458 sec
INFO (CarpetX):   total evolution compute time:    1.13355 sec
INFO (CarpetX):   total evolution output time:     0.00103188 sec
INFO (CarpetX):   total iterations:                53
INFO (CarpetX):   total cells updated:             217088
INFO (CarpetX):   average iterations per second: 46.7132
INFO (CarpetX):   average cell updates per second: 191337
INFO (CarpetX): OutputGH: iteration 54, time 0.210938, run time 2 s
INFO (CarpetX): OutputGH done.
INFO (CarpetX): Simulation time: 0.210938   Iterations per second: 46.7266   Simulation time per second: 0.182526
INFO (CarpetX): Grid cells: 4096   Grid cell updates per second: 191392
INFO (CarpetX): Performance:
INFO (CarpetX):   total evolution time:            1.15593 sec
INFO (CarpetX):   total evolution compute time:    1.15488 sec
INFO (CarpetX):   total evolution output time:     0.00105095 sec
INFO (CarpetX):   total iterations:                54
INFO (CarpetX):   total cells updated:             221184
INFO (CarpetX):   average iterations per second: 46.7158
INFO (CarpetX):   average cell updates per second: 191348
INFO (CarpetX): OutputGH: iteration 55, time 0.214844, run time 2 s
INFO (CarpetX): OutputGH done.
INFO (CarpetX): Simulation time: 0.214844   Iterations per second: 46.7297   Simulation time per second: 0.182538
INFO (CarpetX): Grid cells: 4096   Grid cell updates per second: 191405
INFO (CarpetX): Performance:
INFO (CarpetX):   total evolution time:            1.17731 sec
INFO (CarpetX):   total evolution compute time:    1.17624 sec
INFO (CarpetX):   total evolution output time:     0.00107193 sec
INFO (CarpetX):   total iterations:                55
INFO (CarpetX):   total cells updated:             225280
INFO (CarpetX):   average iterations per second: 46.7165
INFO (CarpetX):   average cell updates per second: 191351
INFO (CarpetX): OutputGH: iteration 56, time 0.218750, run time 2 s
INFO (CarpetX): OutputGH done.
INFO (CarpetX): Simulation time: 0.21875   Iterations per second: 46.746   Simulation time per second: 0.182601
INFO (CarpetX): Grid cells: 4096   Grid cell updates per second: 191472
INFO (CarpetX): Performance:
INFO (CarpetX):   total evolution time:            1.19864 sec
INFO (CarpetX):   total evolution compute time:    1.19755 sec
INFO (CarpetX):   total evolution output time:     0.00108981 sec
INFO (CarpetX):   total iterations:                56
INFO (CarpetX):   total cells updated:             229376
INFO (CarpetX):   average iterations per second: 46.7197
INFO (CarpetX):   average cell updates per second: 191364
INFO (CarpetX): OutputGH: iteration 57, time 0.222656, run time 2 s
INFO (CarpetX): OutputGH done.
INFO (CarpetX): Simulation time: 0.222656   Iterations per second: 46.7439   Simulation time per second: 0.182593
INFO (CarpetX): Grid cells: 4096   Grid cell updates per second: 191463
INFO (CarpetX): Performance:
INFO (CarpetX):   total evolution time:            1.22004 sec
INFO (CarpetX):   total evolution compute time:    1.21893 sec
INFO (CarpetX):   total evolution output time:     0.00110793 sec
INFO (CarpetX):   total iterations:                57
INFO (CarpetX):   total cells updated:             233472
INFO (CarpetX):   average iterations per second: 46.7198
INFO (CarpetX):   average cell updates per second: 191364
INFO (CarpetX): OutputGH: iteration 58, time 0.226562, run time 2 s
INFO (CarpetX): OutputGH done.
INFO (CarpetX): Simulation time: 0.226562   Iterations per second: 46.7476   Simulation time per second: 0.182608
INFO (CarpetX): Grid cells: 4096   Grid cell updates per second: 191478
INFO (CarpetX): Performance:
INFO (CarpetX):   total evolution time:            1.24142 sec
INFO (CarpetX):   total evolution compute time:    1.24029 sec
INFO (CarpetX):   total evolution output time:     0.001127 sec
INFO (CarpetX):   total iterations:                58
INFO (CarpetX):   total cells updated:             237568
INFO (CarpetX):   average iterations per second: 46.7208
INFO (CarpetX):   average cell updates per second: 191368
INFO (CarpetX): OutputGH: iteration 59, time 0.230469, run time 2 s
INFO (CarpetX): OutputGH done.
INFO (CarpetX): Simulation time: 0.230469   Iterations per second: 46.7677   Simulation time per second: 0.182686
INFO (CarpetX): Grid cells: 4096   Grid cell updates per second: 191560
INFO (CarpetX): Performance:
INFO (CarpetX):   total evolution time:            1.26272 sec
INFO (CarpetX):   total evolution compute time:    1.26157 sec
INFO (CarpetX):   total evolution output time:     0.00114799 sec
INFO (CarpetX):   total iterations:                59
INFO (CarpetX):   total cells updated:             241664
INFO (CarpetX):   average iterations per second: 46.7247
INFO (CarpetX):   average cell updates per second: 191384
INFO (CarpetX): OutputGH: iteration 60, time 0.234375, run time 2 s
INFO (CarpetX): OutputGH done.
INFO (CarpetX): Simulation time: 0.234375   Iterations per second: 46.0052   Simulation time per second: 0.179708
INFO (CarpetX): Grid cells: 4096   Grid cell updates per second: 188437
INFO (CarpetX): Performance:
INFO (CarpetX):   total evolution time:            1.28764 sec
INFO (CarpetX):   total evolution compute time:    1.28648 sec
INFO (CarpetX):   total evolution output time:     0.00116682 sec
INFO (CarpetX):   total iterations:                60
INFO (CarpetX):   total cells updated:             245760
INFO (CarpetX):   average iterations per second: 46.5968
INFO (CarpetX):   average cell updates per second: 190860
INFO (CarpetX): OutputGH: iteration 61, time 0.238281, run time 2 s
INFO (CarpetX): OutputGH done.
INFO (CarpetX): Simulation time: 0.238281   Iterations per second: 46.0208   Simulation time per second: 0.179769
INFO (CarpetX): Grid cells: 4096   Grid cell updates per second: 188501
INFO (CarpetX): Performance:
INFO (CarpetX):   total evolution time:            1.30931 sec
INFO (CarpetX):   total evolution compute time:    1.30812 sec
INFO (CarpetX):   total evolution output time:     0.0011878 sec
INFO (CarpetX):   total iterations:                61
INFO (CarpetX):   total cells updated:             249856
INFO (CarpetX):   average iterations per second: 46.5896
INFO (CarpetX):   average cell updates per second: 190831
INFO (CarpetX): OutputGH: iteration 62, time 0.242188, run time 2 s
INFO (CarpetX): OutputGH done.
INFO (CarpetX): Simulation time: 0.242188   Iterations per second: 46.0393   Simulation time per second: 0.179841
INFO (CarpetX): Grid cells: 4096   Grid cell updates per second: 188577
INFO (CarpetX): Performance:
INFO (CarpetX):   total evolution time:            1.33095 sec
INFO (CarpetX):   total evolution compute time:    1.32974 sec
INFO (CarpetX):   total evolution output time:     0.00120974 sec
INFO (CarpetX):   total iterations:                62
INFO (CarpetX):   total cells updated:             253952
INFO (CarpetX):   average iterations per second: 46.5834
INFO (CarpetX):   average cell updates per second: 190805
INFO (CarpetX): OutputGH: iteration 63, time 0.246094, run time 2 s
INFO (CarpetX): OutputGH done.
INFO (CarpetX): Simulation time: 0.246094   Iterations per second: 46.0674   Simulation time per second: 0.179951
INFO (CarpetX): Grid cells: 4096   Grid cell updates per second: 188692
INFO (CarpetX): Performance:
INFO (CarpetX):   total evolution time:            1.35254 sec
INFO (CarpetX):   total evolution compute time:    1.35131 sec
INFO (CarpetX):   total evolution output time:     0.00122976 sec
INFO (CarpetX):   total iterations:                63
INFO (CarpetX):   total cells updated:             258048
INFO (CarpetX):   average iterations per second: 46.5792
INFO (CarpetX):   average cell updates per second: 190788
INFO (CarpetX): OutputGH: iteration 64, time 0.250000, run time 2 s
INFO (CarpetX): OutputGH done.
INFO (CarpetX): Simulation time: 0.25   Iterations per second: 19.5836   Simulation time per second: 0.0764984
INFO (CarpetX): Grid cells: 4096   Grid cell updates per second: 80214.3
INFO (CarpetX): Performance:
INFO (CarpetX):   total evolution time:            1.6678 sec
INFO (CarpetX):   total evolution compute time:    1.37498 sec
INFO (CarpetX):   total evolution output time:     0.292823 sec
INFO (CarpetX):   total iterations:                64
INFO (CarpetX):   total cells updated:             262144
INFO (CarpetX):   average iterations per second: 38.3739
INFO (CarpetX):   average cell updates per second: 157179
INFO (CarpetX): Shutting down...
AMReX (25.11) finalized
--------------------------------------------------------------------------------
Done.
+ echo Stopping:
Stopping:
+ date
Tue Jul  7 23:40:40 UTC 2026
+ echo Done.
Done.
  Elapsed time: 2.6 s
