/home/runner/simulations/TestJob01_temp_1/output-0000/TEST/sim/MemSpeed
Preparing:
+ set -e
+ cd output-0000-active
+ echo Checking:
Checking:
+ pwd
/home/runner/simulations/TestJob01_temp_1/output-0000/TEST/sim/MemSpeed/output-0000-active
+ hostname
runnervmtr4k5
+ date
Thu Sep 24 18:14:45 UTC 2026
+ echo Environment:
Environment:
+ export CACTUS_NUM_PROCS=1
+ CACTUS_NUM_PROCS=1
+ export CACTUS_NUM_THREADS=2
+ CACTUS_NUM_THREADS=2
+ export GMON_OUT_PREFIX=gmon.out
+ GMON_OUT_PREFIX=gmon.out
+ export OMP_NUM_THREADS=2
+ OMP_NUM_THREADS=2
+ env
+ sort
+ echo Starting:
Starting:
++ date +%s
+ export CACTUS_STARTTIME=1790273685
+ CACTUS_STARTTIME=1790273685
+ '[' 1 = 1 ']'
+ '[' 0 -eq 0 ']'
+ /home/runner/simulations/TestJob01_temp_1/SIMFACTORY/exe/cactus_sim -L 3 /home/runner/simulations/TestJob01_temp_1/output-0000/arrangements/CactusUtils/MemSpeed/test/memspeed.par
INFO (Cactus): Increased logging level from 0 to 3
--------------------------------------------------------------------------------

       10                                  
  1   0101       ************************  
  01  1010 10      The Cactus Code V4.20.0    
 1010 1101 011      www.cactuscode.org     
  1001 100101    ************************  
    00010101                               
     100011     (c) Copyright The Authors  
      0100      GNU Licensed. No Warranty  
      0101                                 
--------------------------------------------------------------------------------

Cactus version:    4.20.0
Compile date:      Sep 24 2026 (18:02:47)
Run date:          Sep 24 2026 (18:14:46+0000)
Run host:          runnervmtr4k5.ku0h0fkqowmutcnvcpup3qcs1f.ex.internal.cloudapp.net (pid=172436)
Working directory: /home/runner/simulations/TestJob01_temp_1/output-0000/TEST/sim/MemSpeed
Executable:        /home/runner/simulations/TestJob01_temp_1/SIMFACTORY/exe/cactus_sim
Parameter file:    /home/runner/simulations/TestJob01_temp_1/output-0000/arrangements/CactusUtils/MemSpeed/test/memspeed.par
--------------------------------------------------------------------------------

Activating thorn Cactus...Success -> active implementation Cactus
Activation requested for 
--->hwloc MemSpeed SystemTopology CartGrid3D CoordBase IOASCII IOUtil PUGH PUGHSlab<---
Thorn hwloc requests automatic activation of zlib
Thorn MemSpeed requests automatic activation of Vectors
Thorn MemSpeed requests automatic activation of MPI
Activating thorn CartGrid3D...Success -> active implementation grid
Activating thorn CoordBase...Success -> active implementation CoordBase
Activating thorn hwloc...Success -> active implementation hwloc
Activating thorn IOASCII...Success -> active implementation IOASCII
Activating thorn IOUtil...Success -> active implementation IO
Activating thorn MemSpeed...Success -> active implementation MemSpeed
Activating thorn MPI...Success -> active implementation MPI
Activating thorn PUGH...Success -> active implementation Driver
Activating thorn PUGHSlab...Success -> active implementation Hyperslab
Activating thorn SystemTopology...Success -> active implementation SystemTopology
Activating thorn Vectors...Success -> active implementation Vectors
Activating thorn zlib...Success -> active implementation zlib
--------------------------------------------------------------------------------
  if (recover initial data)
    Recover parameters
  endif

  Startup routines
    [CCTK_STARTUP]
      CartGrid3D::SymmetryStartup: Register GH Extension for GridSymmetry
      CoordBase::CoordBase_Startup: Register a GH extension to store the coordinate system handles
      GROUP hwloc_startup: hwloc startup group
        hwloc::hwloc_version: Output hwloc version
      SystemTopology::ST_system_topology: Output and/or modify system topology and hardware locality
      PUGH::Driver_Startup: Startup routine
      PUGH::PUGH_RegisterPUGHP2LRoutines: Register Physical to Logical process mapping routines
      PUGH::PUGH_RegisterPUGHTopologyRoutines: Register topology generation routines routines
      IOUtil::IOUtil_Startup: Startup routine
      Vectors::Vectors_Startup: Print startup message
      IOASCII::IOASCII_Startup: Startup routine

  Startup routines which need an existing grid hierarchy
    [CCTK_WRAGH]
      CartGrid3D::RegisterCartGrid3DCoords: [meta] Register coordinates for the Cartesian grid
      MemSpeed::MemSpeed_MeasureSpeed: [meta] Measure CPU, memory, cache speeds
  Parameter checking routines
    [CCTK_PARAMCHECK]
      CartGrid3D::ParamCheck_CartGrid3D: Check coordinates for CartGrid3D
      Vectors::Vectors_Test: Run correctness tests.

  Initialisation
    if (NOT (recover initial data AND recovery_mode is 'strict'))
      [CCTK_PREREGRIDINITIAL]
      Set up grid hierarchy
      [CCTK_POSTREGRIDINITIAL]
        CartGrid3D::SpatialCoordinates: Set Coordinates after regridding
      [CCTK_BASEGRID]
        CartGrid3D::SpatialSpacings: Set up ranges for spatial 3D Cartesian coordinates (on all grids)
        CartGrid3D::SpatialCoordinates: Set up spatial 3D Cartesian coordinates on the GH
        IOASCII::IOASCII_Choose1D: Choose 1D output lines
        IOASCII::IOASCII_Choose2D: Choose 2D output planes
        PUGH::PUGH_Report: Report on PUGH set up
      [CCTK_INITIAL]
      [CCTK_POSTINITIAL]
      Initialise finer grids recursively
      Restrict from finer grids
      [CCTK_POSTRESTRICTINITIAL]
      [CCTK_POSTPOSTINITIAL]
      [CCTK_POSTSTEP]
    endif
    if (recover initial data)
      [CCTK_BASEGRID]
        CartGrid3D::SpatialSpacings: Set up ranges for spatial 3D Cartesian coordinates (on all grids)
        CartGrid3D::SpatialCoordinates: Set up spatial 3D Cartesian coordinates on the GH
        IOASCII::IOASCII_Choose1D: Choose 1D output lines
        IOASCII::IOASCII_Choose2D: Choose 2D output planes
        PUGH::PUGH_Report: Report on PUGH set up
      [CCTK_RECOVER_VARIABLES]
      [CCTK_POST_RECOVER_VARIABLES]
    endif
    if (checkpoint initial data)
      [CCTK_CPINITIAL]
    endif
    if (analysis)
      [CCTK_ANALYSIS]
  endif
  Output grid variables

  do loop over timesteps
    [CCTK_PREREGRID]
    Change grid hierarchy
    [CCTK_POSTREGRID]
      CartGrid3D::SpatialCoordinates: Set Coordinates after regridding
    Rotate timelevels
    iteration = iteration+1
    t = t+dt
    [CCTK_PRESTEP]
    [CCTK_EVOL]
    Evolve finer grids recursively
    Restrict from finer grids
    [CCTK_POSTRESTRICT]
    [CCTK_POSTSTEP]
    if (checkpoint)
      [CCTK_CHECKPOINT]
    endif
    if (analysis)
      [CCTK_ANALYSIS]
    endif
    Output grid variables
    enddo

  Termination routines
    [CCTK_TERMINATE]
      PUGH::Driver_Terminate: Termination routine

  Shutdown routines
    [CCTK_SHUTDOWN]

  Routines run after changing the grid hierarchy:
    [CCTK_POSTREGRID]
      CartGrid3D::SpatialCoordinates: Set Coordinates after regridding
--------------------------------------------------------------------------------
INFO (hwloc): library version 2.10.0, API version 0x20800
INFO (SystemTopology): MPI process-to-host mapping:
This is MPI process 0 of 1
MPI hosts:
  0: runnervmtr4k5
This MPI process runs on host 0 of 1
On this host, this is MPI process 0 of 1
INFO (SystemTopology): Topology support:
Discovery support:
  discovery->pu                            : yes
CPU binding support:
  cpubind->set_thisproc_cpubind            : yes
  cpubind->get_thisproc_cpubind            : yes
  cpubind->set_proc_cpubind                : yes
  cpubind->get_proc_cpubind                : yes
  cpubind->set_thisthread_cpubind          : yes
  cpubind->get_thisthread_cpubind          : yes
  cpubind->set_thread_cpubind              : yes
  cpubind->get_thread_cpubind              : yes
  cpubind->get_thisproc_last_cpu_location  : yes
  cpubind->get_proc_last_cpu_location      : yes
  cpubind->get_thisthread_last_cpu_location: yes
Memory binding support:
  membind->set_thisproc_membind            : no
  membind->get_thisproc_membind            : no
  membind->set_proc_membind                : no
  membind->get_proc_membind                : no
  membind->set_thisthread_membind          : yes
  membind->get_thisthread_membind          : yes
  membind->set_area_membind                : yes
  membind->get_area_membind                : yes
  membind->alloc_membind                   : yes
  membind->firsttouch_membind              : yes
  membind->bind_membind                    : yes
  membind->interleave_membind              : yes
  membind->nexttouch_membind               : no
  membind->migrate_membind                 : yes
INFO (SystemTopology): Hardware objects in this node:
Machine L#0: (P#0, total=16373452KB, DMIProductName="Virtual Machine", DMIProductVersion="Hyper-V UEFI Release v4.1", DMIProductUUID=48413ea8-1100-414f-b6f7-1abd50ccbd2c, DMIBoardVendor="Microsoft Corporation", DMIBoardName="Virtual Machine", DMIBoardVersion="Hyper-V UEFI Release v4.1", DMIBoardAssetTag=None, DMIChassisVendor="Microsoft Corporation", DMIChassisType=3, DMIChassisVersion="Hyper-V UEFI Release v4.1", DMIChassisAssetTag=7783-7084-3265-9085-8269-3286-77, DMIBIOSVendor="Microsoft Corporation", DMIBIOSVersion="Hyper-V UEFI Release v4.1", DMIBIOSDate=04/22/2026, DMISysVendor="Microsoft Corporation", Backend=Linux, LinuxCgroup=/system.slice/hosted-compute-agent.service, OSName=Linux, OSRelease=6.17.0-1022-azure, OSVersion="#22-Ubuntu SMP Mon Jul 27 17:24:03 UTC 2026", HostName=runnervmtr4k5, Architecture=x86_64, hwlocVersion=2.10.0, ProcessName=cactus_sim)
  Package L#0: (P#0, total=16373452KB, CPUVendor=AuthenticAMD, CPUFamilyNumber=25, CPUModelNumber=1, CPUModel="AMD EPYC 7763 64-Core Processor                ", CPUStepping=1)
    L3Cache L#0: (P#0, size=32768KB, linesize=64, ways=16, Inclusive=0)
      L2Cache L#0: (P#0, size=512KB, linesize=64, ways=8, Inclusive=1)
        L1dCache L#0: (P#0, size=32KB, linesize=64, ways=8, Inclusive=0)
          Core L#0: (P#0)
            PU L#0: (P#0)
            PU L#1: (P#1)
      L2Cache L#1: (P#1, size=512KB, linesize=64, ways=8, Inclusive=1)
        L1dCache L#1: (P#1, size=32KB, linesize=64, ways=8, Inclusive=0)
          Core L#1: (P#1)
            PU L#2: (P#2)
            PU L#3: (P#3)
INFO (SystemTopology): Thread CPU bindings:
  MPI process 0 on host 0 (process 0 of 1 on this host)
    OpenMP thread 0: PU set L#{0-3} P#{0-3}
    OpenMP thread 1: PU set L#{0-3} P#{0-3}
INFO (SystemTopology): Setting thread CPU bindings:
INFO (SystemTopology): Thread CPU bindings:
  MPI process 0 on host 0 (process 0 of 1 on this host)
    OpenMP thread 0: PU set L#{0} P#{0}
    OpenMP thread 1: PU set L#{2} P#{2}
INFO (SystemTopology): Extracting CPU/cache/memory properties:
  There are 2 PUs per core (aka hardware SMT threads)
  There are 1 threads per core (aka SMT threads used)
  Cache (unknown name) has type "data" depth 1
    size 32768 linesize 64 associativity 8 stride 4096, for 2 PUs
  Cache (unknown name) has type "unified" depth 2
    size 524288 linesize 64 associativity 8 stride 65536, for 2 PUs
  Cache (unknown name) has type "unified" depth 3
    size 33554432 linesize 64 associativity 16 stride 2097152, for 4 PUs
INFO (PUGH): Using physical to logical mappings: direct
INFO (PUGH): Using topology generator: automatic
INFO (Vectors): Using vector size 2 for architecture SSE2 (64-bit precision)
--------------------------------------------------------------------------------
Driver provided by PUGH
--------------------------------------------------------------------------------

INFO (PUGH): Not setting up a topology for 1 dimensions
INFO (PUGH): Not setting up a topology for 2 dimensions
INFO (PUGH): Setting up a topology for 3 dimensions
INFO (IOASCII): I/O Method 'IOASCII_1D' registered: output of 1D lines of grid functions/arrays to ASCII files
INFO (IOASCII): Periodic 1D output every 1 iterations
INFO (IOASCII): Periodic 1D output requested for 'GRID::r'
INFO (IOASCII): I/O Method 'IOASCII_2D' registered: output of 2D planes of grid functions/arrays to ASCII files
INFO (IOASCII): Periodic 2D output turned off
INFO (IOASCII): I/O Method 'IOASCII_3D' registered: output of 3D grid functions/arrays to ASCII files
INFO (IOASCII): Periodic 3D output turned off
INFO (MemSpeed): Measuring CPU, cache, memory, and communication speeds:
  Single-core measurements (using 1 MPI processes with 1 OpenMP threads each):
    CPU frequency:
      iterations=1000000... time=0.0012608 sec
      iterations=10000000... time=0.0125381 sec
      iterations=100000000... time=0.124788 sec
      iterations=900000000... time=1.12189 sec
      iterations=900000000... time=0.840882 sec
      result: 6.40559 GHz
    CPU floating point performance:
      iterations=1000000... time=0.00198581 sec
      iterations=10000000... time=0.0198435 sec
      iterations=100000000... time=0.198525 sec
      iterations=600000000... time=1.19131 sec
      result: 16.1168 Gflop/sec
    CPU integer performance:
      iterations=1000000... time=0.0015845 sec
      iterations=10000000... time=0.0155939 sec
      iterations=100000000... time=0.155655 sec
      iterations=700000000... time=1.08969 sec
      result: 10.2782 Giop/sec
    Read latency of D1 cache (for 2 PUs) (using 1*24576 bytes):
      iterations=1000... time=0.000125827 sec
      iterations=10000... time=0.00124669 sec
      iterations=100000... time=0.0124555 sec
      iterations=1000000... time=0.124416 sec
      iterations=9000000... time=1.12014 sec
      result: 1.24459 nsec
    Read latency of L2 cache (for 2 PUs) (using 1*393216 bytes):
      iterations=1000... time=0.000500934 sec
      iterations=10000... time=0.00445911 sec
      iterations=100000... time=0.0441746 sec
      iterations=1000000... time=0.441411 sec
      iterations=2000000... time=0.883178 sec
      iterations=4000000... time=1.76838 sec
      result: 4.42095 nsec
    Read latency of L3 cache (for 4 PUs) (using 1*25165824 bytes):
      [skipped -- avoiding large-memory benchmarks]
    Read bandwidth of D1 cache (for 2 PUs) (using 1*24576 bytes):
      iterations=1... time=4.9e-07 sec
      iterations=10... time=2.845e-06 sec
      iterations=100... time=3.3633e-05 sec
      iterations=1000... time=0.000267825 sec
      iterations=10000... time=0.00244415 sec
      iterations=100000... time=0.0244436 sec
      iterations=1000000... time=0.243878 sec
      iterations=5000000... time=1.21881 sec
      result: 100.819 GByte/sec
    Read bandwidth of L2 cache (for 2 PUs) (using 1*393216 bytes):
      iterations=1... time=1.0389e-05 sec
      iterations=10... time=5.7899e-05 sec
      iterations=100... time=0.000507125 sec
      iterations=1000... time=0.00498896 sec
      iterations=10000... time=0.0500463 sec
      iterations=100000... time=0.500249 sec
      iterations=200000... time=1.0005 sec
      result: 78.6036 GByte/sec
    Read bandwidth of L3 cache (for 4 PUs) (using 1*25165824 bytes):
      [skipped -- avoiding large-memory benchmarks]
    Write latency of D1 cache (for 2 PUs) (using 1*24576 bytes):
      iterations=1000... time=3.446e-06 sec
      iterations=10000... time=3.181e-05 sec
      iterations=100000... time=0.00025481 sec
      iterations=1000000... time=0.00250552 sec
      iterations=10000000... time=0.0248989 sec
      iterations=100000000... time=0.24908 sec
      iterations=400000000... time=0.996337 sec
      iterations=800000000... time=1.99376 sec
      result: 0.311525 nsec
    Write latency of L2 cache (for 2 PUs) (using 1*393216 bytes):
      iterations=1000... time=1.4247e-05 sec
      iterations=10000... time=9.4148e-05 sec
      iterations=100000... time=0.000927738 sec
      iterations=1000000... time=0.00909813 sec
      iterations=10000000... time=0.0909076 sec
      iterations=100000000... time=0.922426 sec
      iterations=200000000... time=1.84465 sec
      result: 1.15291 nsec
    Write latency of L3 cache (for 4 PUs) (using 1*25165824 bytes):
      [skipped -- avoiding large-memory benchmarks]
    Write bandwidth of D1 cache (for 2 PUs) (using 1*24576 bytes):
      iterations=1... time=7.62e-07 sec
      iterations=10... time=4.348e-06 sec
      iterations=100... time=5.1107e-05 sec
      iterations=1000... time=0.000287411 sec
      iterations=10000... time=0.0027978 sec
      iterations=100000... time=0.0278751 sec
      iterations=1000000... time=0.279803 sec
      iterations=4000000... time=1.11644 sec
      result: 88.0515 GByte/sec
    Write bandwidth of L2 cache (for 2 PUs) (using 1*393216 bytes):
      iterations=1... time=1.1592e-05 sec
      iterations=10... time=7.433e-05 sec
      iterations=100... time=0.000468312 sec
      iterations=1000... time=0.00442682 sec
      iterations=10000... time=0.0440033 sec
      iterations=100000... time=0.440758 sec
      iterations=200000... time=0.87895 sec
      iterations=400000... time=1.76319 sec
      result: 89.2055 GByte/sec
    Write bandwidth of L3 cache (for 4 PUs) (using 1*25165824 bytes):
      [skipped -- avoiding large-memory benchmarks]
    Stencil code performance of D1 cache (for 2 PUs) (using 1*12^3 grid points, 1*27648 bytes):
      iterations=1... time=4.5326e-05 sec
      iterations=10... time=0.000335652 sec
      iterations=100... time=0.00340504 sec
      iterations=1000... time=0.0342008 sec
      iterations=10000... time=0.338894 sec
      iterations=30000... time=0.994284 sec
      iterations=60000... time=1.97251 sec
      result: 0.0525624 Gupdates/sec
    Stencil code performance of L2 cache (for 2 PUs) (using 1*29^3 grid points, 1*390224 bytes):
      iterations=1... time=0.000149592 sec
      iterations=10... time=0.00153205 sec
      iterations=100... time=0.015198 sec
      iterations=1000... time=0.151034 sec
      iterations=7000... time=1.04358 sec
      result: 0.163593 Gupdates/sec
    Stencil code performance of L3 cache (for 4 PUs) (using 1*116^3 grid points, 1*24974336 bytes):
      iterations=1... time=0.0037004 sec
      iterations=10... time=0.0355776 sec
      iterations=100... time=0.361324 sec
      iterations=300... time=1.10071 sec
      result: 0.425423 Gupdates/sec
  Single-node measurements (using 1 MPI processes with 2 OpenMP threads each):
    CPU frequency:
      iterations=1000000... time=0.00132449 sec
      iterations=10000000... time=0.0124887 sec
      iterations=100000000... time=0.124679 sec
      iterations=900000000... time=1.12504 sec
      iterations=900000000... time=0.840938 sec
      result: 6.33579 GHz
    CPU floating point performance:
      iterations=1000000... time=0.0019874 sec
      iterations=10000000... time=0.0199122 sec
      iterations=100000000... time=0.198644 sec
      iterations=600000000... time=1.19158 sec
      result: 16.1131 Gflop/sec
    CPU integer performance:
      iterations=1000000... time=0.00157528 sec
      iterations=10000000... time=0.0155687 sec
      iterations=100000000... time=0.155844 sec
      iterations=700000000... time=1.09191 sec
      result: 10.2573 Giop/sec
    Read latency of D1 cache (for 2 PUs) (using 2*24576 bytes):
      iterations=1000... time=0.000124605 sec
      iterations=10000... time=0.00124899 sec
      iterations=100000... time=0.0124443 sec
      iterations=1000000... time=0.124578 sec
      iterations=9000000... time=1.12124 sec
      result: 1.24582 nsec
    Read latency of L2 cache (for 2 PUs) (using 2*393216 bytes):
      iterations=1000... time=0.000498313 sec
      iterations=10000... time=0.00453661 sec
      iterations=100000... time=0.0451817 sec
      iterations=1000000... time=0.45282 sec
      iterations=2000000... time=0.902271 sec
      iterations=4000000... time=1.80113 sec
      result: 4.50282 nsec
    Read latency of L3 cache (for 4 PUs) (using 1*25165824 bytes):
      [skipped -- avoiding large-memory benchmarks]
    Read bandwidth of D1 cache (for 2 PUs) (using 2*24576 bytes):
      iterations=1... time=4.405e-07 sec
      iterations=10... time=3.0505e-06 sec
      iterations=100... time=4.60715e-05 sec
      iterations=1000... time=0.000279997 sec
      iterations=10000... time=0.00249328 sec
      iterations=100000... time=0.0244081 sec
      iterations=1000000... time=0.243597 sec
      iterations=5000000... time=1.24266 sec
      result: 98.8843 GByte/sec
    Read bandwidth of L2 cache (for 2 PUs) (using 2*393216 bytes):
      iterations=1... time=1.22335e-05 sec
      iterations=10... time=7.4936e-05 sec
      iterations=100... time=0.000627131 sec
      iterations=1000... time=0.00503356 sec
      iterations=10000... time=0.0494438 sec
      iterations=100000... time=0.48822 sec
      iterations=200000... time=0.977337 sec
      iterations=400000... time=1.9588 sec
      result: 80.2974 GByte/sec
    Read bandwidth of L3 cache (for 4 PUs) (using 1*25165824 bytes):
      [skipped -- avoiding large-memory benchmarks]
    Write latency of D1 cache (for 2 PUs) (using 2*24576 bytes):
      iterations=1000... time=3.376e-06 sec
      iterations=10000... time=3.0918e-05 sec
      iterations=100000... time=0.000281596 sec
      iterations=1000000... time=0.00251038 sec
      iterations=10000000... time=0.0248979 sec
      iterations=100000000... time=0.249165 sec
      iterations=400000000... time=0.9971 sec
      iterations=800000000... time=1.9956 sec
      result: 0.311812 nsec
    Write latency of L2 cache (for 2 PUs) (using 2*393216 bytes):
      iterations=1000... time=1.4988e-05 sec
      iterations=10000... time=0.000122146 sec
      iterations=100000... time=0.00092607 sec
      iterations=1000000... time=0.0089921 sec
      iterations=10000000... time=0.0891029 sec
      iterations=100000000... time=0.896687 sec
      iterations=200000000... time=1.79534 sec
      result: 1.12209 nsec
    Write latency of L3 cache (for 4 PUs) (using 1*25165824 bytes):
      [skipped -- avoiding large-memory benchmarks]
    Write bandwidth of D1 cache (for 2 PUs) (using 2*24576 bytes):
      iterations=1... time=4.555e-07 sec
      iterations=10... time=3.9025e-06 sec
      iterations=100... time=3.79165e-05 sec
      iterations=1000... time=0.000335838 sec
      iterations=10000... time=0.00284169 sec
      iterations=100000... time=0.027868 sec
      iterations=1000000... time=0.27895 sec
      iterations=4000000... time=1.11584 sec
      result: 88.099 GByte/sec
    Write bandwidth of L2 cache (for 2 PUs) (using 2*393216 bytes):
      iterations=1... time=1.2243e-05 sec
      iterations=10... time=6.90055e-05 sec
      iterations=100... time=0.00057823 sec
      iterations=1000... time=0.00470714 sec
      iterations=10000... time=0.0460236 sec
      iterations=100000... time=0.45351 sec
      iterations=200000... time=0.909463 sec
      iterations=400000... time=1.81615 sec
      result: 86.6045 GByte/sec
    Write bandwidth of L3 cache (for 4 PUs) (using 1*25165824 bytes):
      [skipped -- avoiding large-memory benchmarks]
    Stencil code performance of D1 cache (for 2 PUs) (using 1*12^3 grid points, 1*27648 bytes):
      iterations=1... time=1.09155e-05 sec
      iterations=10... time=9.3461e-05 sec
      iterations=100... time=0.000929591 sec
      iterations=1000... time=0.00892924 sec
      iterations=10000... time=0.090865 sec
      iterations=100000... time=0.900204 sec
      iterations=200000... time=1.76055 sec
      result: 0.196303 Gupdates/sec
    Stencil code performance of L2 cache (for 2 PUs) (using 1*29^3 grid points, 1*390224 bytes):
      iterations=1... time=3.81265e-05 sec
      iterations=10... time=0.000351542 sec
      iterations=100... time=0.00340493 sec
      iterations=1000... time=0.0352128 sec
      iterations=10000... time=0.350985 sec
      iterations=30000... time=1.03889 sec
      result: 0.704277 Gupdates/sec
    Stencil code performance of L3 cache (for 4 PUs) (using 1*116^3 grid points, 1*24974336 bytes):
      iterations=1... time=0.00142857 sec
      iterations=10... time=0.0108912 sec
      iterations=100... time=0.109271 sec
      iterations=1000... time=1.09098 sec
      result: 1.43073 Gupdates/sec
INFO (Vectors): Testing vectorisation... [errors may result in segfaults]
INFO (Vectors): 375/375 tests passed 
INFO (CartGrid3D): Grid Spacings:
INFO (CartGrid3D): dx=>1.1111111e-01  dy=>1.1111111e-01  dz=>1.1111111e-01
INFO (CartGrid3D): Computational Coordinates:
INFO (CartGrid3D): x=>[-0.500, 0.500]  y=>[-0.500, 0.500]  z=>[-0.500, 0.500]
INFO (CartGrid3D): Indices of Physical Coordinates:
INFO (CartGrid3D): x=>[0,9]  y=>[0,9]  z=>[0,9]
INFO (PUGH): MPI Evolution on 1 processors
INFO (PUGH): 3-dimensional grid functions
INFO (PUGH):  10
INFO (PUGH):  1
INFO (PUGH): 10]
INFO (PUGH):   Maximum load skew: 0.000000
--------------------------------------------------------------------------------
Done.
+ echo Stopping:
Stopping:
+ date
Thu Sep 24 18:15:51 UTC 2026
+ echo Done.
Done.
  Elapsed time: 65.8 s
