/home/runner/simulations/TestJob01_temp_2/output-0000/TEST/sim/CanudaX_BSSNMoL
Preparing:
+ set -e
+ cd output-0000-active
+ echo Checking:
Checking:
+ pwd
/home/runner/simulations/TestJob01_temp_2/output-0000/TEST/sim/CanudaX_BSSNMoL/output-0000-active
+ hostname
runnervm1li68
+ date
Tue Jun 16 23:21:21 UTC 2026
+ echo Environment:
Environment:
+ export CACTUS_NUM_PROCS=2
+ CACTUS_NUM_PROCS=2
+ export CACTUS_NUM_THREADS=1
+ CACTUS_NUM_THREADS=1
+ export GMON_OUT_PREFIX=gmon.out
+ GMON_OUT_PREFIX=gmon.out
+ export OMP_NUM_THREADS=1
+ OMP_NUM_THREADS=1
+ env
+ sort
+ echo Starting:
Starting:
++ date +%s
+ export CACTUS_STARTTIME=1781652081
+ CACTUS_STARTTIME=1781652081
+ '[' 2 = 1 ']'
+ mpirun -np 2 /home/runner/simulations/TestJob01_temp_2/SIMFACTORY/exe/cactus_sim -L 3 /home/runner/simulations/TestJob01_temp_2/output-0000/arrangements/CanudaX/CanudaX_BSSNMoL/test/gaugewave.par
INFO (Cactus): Increased logging level from 0 to 3
--------------------------------------------------------------------------------

       10                                  
  1   0101       ************************  
  01  1010 10      The Cactus Code V4.20.0    
 1010 1101 011      www.cactuscode.org     
  1001 100101    ************************  
    00010101                               
     100011     (c) Copyright The Authors  
      0100      GNU Licensed. No Warranty  
      0101                                 
--------------------------------------------------------------------------------

Cactus version:    4.20.0
Compile date:      Jun 16 2026 (22:58:04)
Run date:          Jun 16 2026 (23:21:21+0000)
Run host:          runnervm1li68.puxesrl0opjebki3oqy410ky5e.bx.internal.cloudapp.net (pid=180726)
Working directory: /home/runner/simulations/TestJob01_temp_2/output-0000/TEST/sim/CanudaX_BSSNMoL
Executable:        /home/runner/simulations/TestJob01_temp_2/SIMFACTORY/exe/cactus_sim
Parameter file:    /home/runner/simulations/TestJob01_temp_2/output-0000/arrangements/CanudaX/CanudaX_BSSNMoL/test/gaugewave.par
--------------------------------------------------------------------------------

Activating thorn Cactus...Success -> active implementation Cactus
Activation requested for 
--->ADMBaseX CanudaX_BSSNMoL CanudaX_ExactID CarpetX IOUtil ODESolvers TmunuBaseX<---
Thorn ADMBaseX requests automatic activation of Loop
Thorn CarpetX requests automatic activation of AMReX
Thorn CarpetX requests automatic activation of MPI
Thorn CarpetX requests automatic activation of yaml_cpp
Thorn CarpetX requests automatic activation of zlib
Thorn CarpetX requests automatic activation of Arith
Thorn CarpetX requests automatic activation of CarpetXRegrid
Thorn CarpetX requests automatic activation of ADIOS2
Thorn CarpetX requests automatic activation of openPMD
Thorn CarpetX requests automatic activation of Silo
Thorn ADIOS2 requests automatic activation of CMake
Thorn Arith requests automatic activation of NSIMD
Thorn MPI requests automatic activation of hwloc
Thorn openPMD requests automatic activation of HDF5
Activating thorn ADIOS2...Success -> active implementation ADIOS2
Activating thorn ADMBaseX...Success -> active implementation ADMBaseX
Activating thorn AMReX...Success -> active implementation AMReX
Activating thorn Arith...Success -> active implementation Arith
Activating thorn CanudaX_BSSNMoL...Success -> active implementation CanudaX_BSSNMoL
Activating thorn CanudaX_ExactID...Success -> active implementation CanudaX_ExactID
Activating thorn CarpetX...Success -> active implementation Driver
Activating thorn CarpetXRegrid...Success -> active implementation CarpetXRegrid
Activating thorn CMake...Success -> active implementation CMake
Activating thorn HDF5...Success -> active implementation HDF5
Activating thorn hwloc...Success -> active implementation hwloc
Activating thorn IOUtil...Success -> active implementation IO
Activating thorn Loop...Success -> active implementation Loop
Activating thorn MPI...Success -> active implementation MPI
Activating thorn NSIMD...Success -> active implementation NSIMD
Activating thorn ODESolvers...Success -> active implementation ODESolvers
Activating thorn openPMD...Success -> active implementation openPMD
Activating thorn Silo...Success -> active implementation Silo
Activating thorn TmunuBaseX...Success -> active implementation TmunuBaseX
Activating thorn yaml_cpp...Success -> active implementation yaml_cpp
Activating thorn zlib...Success -> active implementation zlib
--------------------------------------------------------------------------------
  if (recover initial data)
    Recover parameters
  endif

  Startup routines
    [CCTK_STARTUP]
      CarpetX::Driver_Startup: Start up the driver
      IOUtil::IOUtil_Startup: Startup routine
      GROUP hwloc_startup: hwloc startup group
        hwloc::hwloc_version: Output hwloc version

  Startup routines which need an existing grid hierarchy
    [CCTK_WRAGH]
      Arith::Test_smallvector: [meta] Test small vectors
      Arith::Test_spvect: [meta] Test sparse vectors
      ODESolvers::ODESolvers_InitConstants: [global] Set up dummy loop counters for schedule printout
  Parameter checking routines
    [CCTK_PARAMCHECK]
      CanudaX_BSSNMoL::CanudaX_BSSNMoL_paramcheck: Check CanudaX_BSSNMoL parameters for consistency

  Initialisation
    if (NOT (recover initial data AND recovery_mode is 'strict'))
      [CCTK_PREREGRIDINITIAL]
      Set up grid hierarchy
      [CCTK_POSTREGRIDINITIAL]
      [CCTK_BASEGRID]
        CarpetXRegrid::CarpetXRegrid_InitError: Initialize regridding error to zero
        GROUP ODESolvers_BaseGrid: Set up constants (e.g. coordinates) everywhere on the grid
      [CCTK_INITIAL]
        GROUP TmunuBaseX_SetTmunuVars: Schedule group for setting T_munu
          TmunuBaseX::TmunuBaseX_ZeroTmunu: Set T_munu to zero
          GROUP TmunuBaseX_AddToTmunu: Add to T_munu here
        GROUP ODESolvers_Initial: Set up initial conditions on interior of state vector
          GROUP ADMBaseX_InitialData: Schedule group for calculating ADM initial data
            GROUP CanudaX_ExactIDGroup: CanudaX_ExactID group for setting up initial data
              CanudaX_ExactID::CanudaX_ExactID_GaugeWave: [local] Create gauge wave initial data
          GROUP ADMBaseX_InitialGauge: Schedule group for the ADM initial gauge condition
            ADMBaseX::ADMBaseX_initial_dtlapse: Set dtlapse to zero
            ADMBaseX::ADMBaseX_initial_dtshift: Set dtshift to zero
          GROUP ADMBaseX_PostInitial: Schedule group for modifying the ADM initial data, such as e.g. adding noise
        GROUP CanudaX_BSSNMoL_InitialGroup: CanudaX_BSSNMoL: initial bin
          CanudaX_BSSNMoL::CanudaX_BSSNMoL_adm2bssn: [local] Convert initial data into BSSN variables
          CanudaX_BSSNMoL::CanudaX_BSSNMoL_gammat: [local] Set Gammat initial data
      [CCTK_POSTINITIAL]
        GROUP ODESolvers_PostStep: Apply boundary conditions to state vector, and project if necessary
          GROUP CanudaX_BSSNMoL_PostStepGroup: CanudaX_BSSNMoL: post-step operations
            CanudaX_BSSNMoL::CanudaX_BSSNMoL_impose_conf_fac_floor: Make sure conformal factor does not drop below specified value
            CanudaX_BSSNMoL::CanudaX_BSSNMoL_reset_detmetric: reset dethh = 1
            CanudaX_BSSNMoL::CanudaX_BSSNMoL_remove_trA: Remove trace of A
            CanudaX_BSSNMoL::CanudaX_BSSNMoL_sync: [global] Sync state vector
            CanudaX_BSSNMoL::CanudaX_BSSNMoL_bssn2adm: [local] Convert variables back to the ADM ones
          GROUP ADMBaseX_SetADMRHS: Set ADM RHS variables in this group
          GROUP ADMBaseX_SetADMVars: Set ADM variables in this group
          GROUP TmunuBaseX_SetTmunuVars: Schedule group for setting T_munu
            TmunuBaseX::TmunuBaseX_ZeroTmunu: Set T_munu to zero
            GROUP TmunuBaseX_AddToTmunu: Add to T_munu here
        GROUP ODESolvers_EstimateError: Estimate discretization error (for regridding)
      Initialise finer grids recursively
      Restrict from finer grids
      [CCTK_POSTRESTRICTINITIAL]
      [CCTK_POSTPOSTINITIAL]
      [CCTK_POSTSTEP]
        GROUP ODESolvers_EstimateError: Estimate discretization error (for regridding)
    endif
    if (recover initial data)
      [CCTK_BASEGRID]
        CarpetXRegrid::CarpetXRegrid_InitError: Initialize regridding error to zero
        GROUP ODESolvers_BaseGrid: Set up constants (e.g. coordinates) everywhere on the grid
      [CCTK_RECOVER_VARIABLES]
      [CCTK_POST_RECOVER_VARIABLES]
        GROUP ODESolvers_PostStep: Apply boundary conditions to state vector, and project if necessary
          GROUP CanudaX_BSSNMoL_PostStepGroup: CanudaX_BSSNMoL: post-step operations
            CanudaX_BSSNMoL::CanudaX_BSSNMoL_impose_conf_fac_floor: Make sure conformal factor does not drop below specified value
            CanudaX_BSSNMoL::CanudaX_BSSNMoL_reset_detmetric: reset dethh = 1
            CanudaX_BSSNMoL::CanudaX_BSSNMoL_remove_trA: Remove trace of A
            CanudaX_BSSNMoL::CanudaX_BSSNMoL_sync: [global] Sync state vector
            CanudaX_BSSNMoL::CanudaX_BSSNMoL_bssn2adm: [local] Convert variables back to the ADM ones
          GROUP ADMBaseX_SetADMRHS: Set ADM RHS variables in this group
          GROUP ADMBaseX_SetADMVars: Set ADM variables in this group
          GROUP TmunuBaseX_SetTmunuVars: Schedule group for setting T_munu
            TmunuBaseX::TmunuBaseX_ZeroTmunu: Set T_munu to zero
            GROUP TmunuBaseX_AddToTmunu: Add to T_munu here
        GROUP ODESolvers_EstimateError: Estimate discretization error (for regridding)
    endif
    if (checkpoint initial data)
      [CCTK_CPINITIAL]
        CarpetX::CarpetX_CheckpointInitial: [meta] Checkpoint initial conditions
    endif
    if (analysis)
      [CCTK_ANALYSIS]
        CanudaX_BSSNMoL::CanudaX_BSSNMoL_bssn_constraints: Compute constraints
        GROUP ODESolvers_Analysis: Calculate analysis quantities everywhere
  endif
  Output grid variables

  do loop over timesteps
    [CCTK_PREREGRID]
    Change grid hierarchy
    [CCTK_POSTREGRID]
      GROUP ODESolvers_PostStep: Apply boundary conditions to state vector, and project if necessary
        GROUP CanudaX_BSSNMoL_PostStepGroup: CanudaX_BSSNMoL: post-step operations
          CanudaX_BSSNMoL::CanudaX_BSSNMoL_impose_conf_fac_floor: Make sure conformal factor does not drop below specified value
          CanudaX_BSSNMoL::CanudaX_BSSNMoL_reset_detmetric: reset dethh = 1
          CanudaX_BSSNMoL::CanudaX_BSSNMoL_remove_trA: Remove trace of A
          CanudaX_BSSNMoL::CanudaX_BSSNMoL_sync: [global] Sync state vector
          CanudaX_BSSNMoL::CanudaX_BSSNMoL_bssn2adm: [local] Convert variables back to the ADM ones
        GROUP ADMBaseX_SetADMRHS: Set ADM RHS variables in this group
        GROUP ADMBaseX_SetADMVars: Set ADM variables in this group
        GROUP TmunuBaseX_SetTmunuVars: Schedule group for setting T_munu
          TmunuBaseX::TmunuBaseX_ZeroTmunu: Set T_munu to zero
          GROUP TmunuBaseX_AddToTmunu: Add to T_munu here
    Rotate timelevels
    iteration = iteration+1
    t = t+dt
    [CCTK_PRESTEP]
    [CCTK_EVOL]
      ODESolvers::ODESolvers_Solve: [level] Solve ODEs
      while (ODESolvers::do_substeps)
        GROUP ODESolvers_CalledBySolve: Groups internally scheduled by ODESolvers_Solve
          GROUP ODESolvers_RHS: Evaluate the RHS for of state vector everywhere on the grid
            GROUP CanudaX_BSSNMoL_RHSGroup: CanudaX_BSSNMoL: calculate BSSN RHS
              CanudaX_BSSNMoL::CanudaX_BSSNMoL_calc_bssn_rhs: MoL RHS calculation
              CanudaX_BSSNMoL::CanudaX_BSSNMoL_apply_boundary_conditions: Apply radiative boundary conditions 
          GROUP ODESolvers_PostStep: Apply boundary conditions to state vector, and project if necessary
            GROUP CanudaX_BSSNMoL_PostStepGroup: CanudaX_BSSNMoL: post-step operations
              CanudaX_BSSNMoL::CanudaX_BSSNMoL_impose_conf_fac_floor: Make sure conformal factor does not drop below specified value
              CanudaX_BSSNMoL::CanudaX_BSSNMoL_reset_detmetric: reset dethh = 1
              CanudaX_BSSNMoL::CanudaX_BSSNMoL_remove_trA: Remove trace of A
              CanudaX_BSSNMoL::CanudaX_BSSNMoL_sync: [global] Sync state vector
              CanudaX_BSSNMoL::CanudaX_BSSNMoL_bssn2adm: [local] Convert variables back to the ADM ones
            GROUP ADMBaseX_SetADMRHS: Set ADM RHS variables in this group
            GROUP ADMBaseX_SetADMVars: Set ADM variables in this group
            GROUP TmunuBaseX_SetTmunuVars: Schedule group for setting T_munu
              TmunuBaseX::TmunuBaseX_ZeroTmunu: Set T_munu to zero
              GROUP TmunuBaseX_AddToTmunu: Add to T_munu here
      end while
    Evolve finer grids recursively
    Restrict from finer grids
    [CCTK_POSTRESTRICT]
      GROUP ODESolvers_PostStep: Apply boundary conditions to state vector, and project if necessary
        GROUP CanudaX_BSSNMoL_PostStepGroup: CanudaX_BSSNMoL: post-step operations
          CanudaX_BSSNMoL::CanudaX_BSSNMoL_impose_conf_fac_floor: Make sure conformal factor does not drop below specified value
          CanudaX_BSSNMoL::CanudaX_BSSNMoL_reset_detmetric: reset dethh = 1
          CanudaX_BSSNMoL::CanudaX_BSSNMoL_remove_trA: Remove trace of A
          CanudaX_BSSNMoL::CanudaX_BSSNMoL_sync: [global] Sync state vector
          CanudaX_BSSNMoL::CanudaX_BSSNMoL_bssn2adm: [local] Convert variables back to the ADM ones
        GROUP ADMBaseX_SetADMRHS: Set ADM RHS variables in this group
        GROUP ADMBaseX_SetADMVars: Set ADM variables in this group
        GROUP TmunuBaseX_SetTmunuVars: Schedule group for setting T_munu
          TmunuBaseX::TmunuBaseX_ZeroTmunu: Set T_munu to zero
          GROUP TmunuBaseX_AddToTmunu: Add to T_munu here
    [CCTK_POSTSTEP]
      GROUP ODESolvers_EstimateError: Estimate discretization error (for regridding)
    if (checkpoint)
      [CCTK_CHECKPOINT]
      CarpetX::CarpetX_Checkpoint: [meta] Checkpoint
    endif
    if (analysis)
      [CCTK_ANALYSIS]
      CanudaX_BSSNMoL::CanudaX_BSSNMoL_bssn_constraints: Compute constraints
      GROUP ODESolvers_Analysis: Calculate analysis quantities everywhere
    endif
    Output grid variables
    enddo

  Termination routines
    [CCTK_TERMINATE]
      CarpetX::CarpetX_CheckpointTerminate: [meta] Checkpoint before terminating

  Shutdown routines
    [CCTK_SHUTDOWN]
      CarpetX::Driver_Shutdown: [meta] Shut down the driver

  Routines run after changing the grid hierarchy:
    [CCTK_POSTREGRID]
      GROUP ODESolvers_PostStep: Apply boundary conditions to state vector, and project if necessary
        GROUP CanudaX_BSSNMoL_PostStepGroup: CanudaX_BSSNMoL: post-step operations
          CanudaX_BSSNMoL::CanudaX_BSSNMoL_impose_conf_fac_floor: Make sure conformal factor does not drop below specified value
          CanudaX_BSSNMoL::CanudaX_BSSNMoL_reset_detmetric: reset dethh = 1
          CanudaX_BSSNMoL::CanudaX_BSSNMoL_remove_trA: Remove trace of A
          CanudaX_BSSNMoL::CanudaX_BSSNMoL_sync: [global] Sync state vector
          CanudaX_BSSNMoL::CanudaX_BSSNMoL_bssn2adm: [local] Convert variables back to the ADM ones
        GROUP ADMBaseX_SetADMRHS: Set ADM RHS variables in this group
        GROUP ADMBaseX_SetADMVars: Set ADM variables in this group
        GROUP TmunuBaseX_SetTmunuVars: Schedule group for setting T_munu
          TmunuBaseX::TmunuBaseX_ZeroTmunu: Set T_munu to zero
          GROUP TmunuBaseX_AddToTmunu: Add to T_munu here
--------------------------------------------------------------------------------
INFO (hwloc): library version 2.10.0, API version 0x20800
--------------------------------------------------------------------------------

  [34m  ▕▏  [34m  ▕▏  [34m  ▕▏  [34m  ▕▏  [34m  ▕▏  [34m  ▕▏  [34m  ▕▏  [34m  ▕▏  [34m  ▕▏  [39m  
  [34m──██──[34m──██──[34m──██──[34m──██──[34m──██──[34m──██──[34m──██──[34m──██──[34m──██──[39m  
  [34m  ▕▏  [34m  ▕▏  [34m  ▕▏  [34m  ▕▏  [34m  ▕▏  [34m  ▕▏  [34m  ▕▏  [34m  ▕▏  [34m  ▕▏  [39m  
  [34m  ▕▏  [32m██████[34m  ▕▏  [34m  ▕▏  [32m██████[34m  ▕▏  [34m  ▕▏  [32m██████[34m  ▕▏  [39m  
  [34m──██──[32m██████[34m──██──[34m──██──[32m██████[34m──██──[34m──██──[32m██████[34m──██──[39m  
  [34m  ▕▏  [32m██████[34m  ▕▏  [34m  ▕▏  [32m██████[34m  ▕▏  [34m  ▕▏  [32m██████[34m  ▕▏  [39m  
  [34m  ▕▏  [34m  ▕▏  [34m  ▕▏  [34m  ▕▏  [34m  ▕▏  [34m  ▕▏  [34m  ▕▏  [34m  ▕▏  [34m  ▕▏  [39m  
  [34m──██──[34m──██──[34m──██──[34m──██──[34m──██──[34m──██──[34m──██──[34m──██──[34m──██──[39m  
  [34m  ▕▏  [34m  ▕▏  [34m  ▕▏  [34m  ▕▏  [34m  ▕▏  [34m  ▕▏  [34m  ▕▏  [34m  ▕▏  [34m  ▕▏  [39m  
  [34m  ▕▏  [34m  ▕▏  [34m  ▕▏  [31m██████[31m██████[31m██████[34m  ▕▏  [34m  ▕▏  [34m  ▕▏  [39m  
  [34m──██──[34m──██──[34m──██──[31m██████[31m██████[31m██████[34m──██──[34m──██──[34m──██──[39m  
  [34m  ▕▏  [34m  ▕▏  [34m  ▕▏  [31m██████[31m██████[31m██████[34m  ▕▏  [34m  ▕▏  [34m  ▕▏  [39m  
  [34m  ▕▏  [32m██████[34m  ▕▏  [31m██████[31m██████[31m██████[34m  ▕▏  [32m██████[34m  ▕▏  [39m  
  [34m──██──[32m██████[34m──██──[31m██████[31m██████[31m██████[34m──██──[32m██████[34m──██──[39m  
  [34m  ▕▏  [32m██████[34m  ▕▏  [31m██████[31m██████[31m██████[34m  ▕▏  [32m██████[34m  ▕▏  [39m  
  [34m  ▕▏  [34m  ▕▏  [34m  ▕▏  [31m██████[31m██████[31m██████[34m  ▕▏  [34m  ▕▏  [34m  ▕▏  [39m  
  [34m──██──[34m──██──[34m──██──[31m██████[31m██████[31m██████[34m──██──[34m──██──[34m──██──[39m  
  [34m  ▕▏  [34m  ▕▏  [34m  ▕▏  [31m██████[31m██████[31m██████[34m  ▕▏  [34m  ▕▏  [34m  ▕▏  [39m  
  [34m  ▕▏  [34m  ▕▏  [34m  ▕▏  [34m  ▕▏  [34m  ▕▏  [34m  ▕▏  [34m  ▕▏  [34m  ▕▏  [34m  ▕▏  [39m  
  [34m──██──[34m──██──[34m──██──[34m──██──[34m──██──[34m──██──[34m──██──[34m──██──[34m──██──[39m  
  [34m  ▕▏  [34m  ▕▏  [34m  ▕▏  [34m  ▕▏  [34m  ▕▏  [34m  ▕▏  [34m  ▕▏  [34m  ▕▏  [34m  ▕▏  [39m  
  [34m  ▕▏  [32m██████[34m  ▕▏  [34m  ▕▏  [32m██████[34m  ▕▏  [34m  ▕▏  [32m██████[34m  ▕▏  [39m  
  [34m──██──[32m██████[34m──██──[34m──██──[32m██████[34m──██──[34m──██──[32m██████[34m──██──[39m  
  [34m  ▕▏  [32m██████[34m  ▕▏  [34m  ▕▏  [32m██████[34m  ▕▏  [34m  ▕▏  [32m██████[34m  ▕▏  [39m  
  [34m  ▕▏  [34m  ▕▏  [34m  ▕▏  [34m  ▕▏  [34m  ▕▏  [34m  ▕▏  [34m  ▕▏  [34m  ▕▏  [34m  ▕▏  [39m  
  [34m──██──[34m──██──[34m──██──[34m──██──[34m──██──[34m──██──[34m──██──[34m──██──[34m──██──[39m  
  [34m  ▕▏  [34m  ▕▏  [34m  ▕▏  [34m  ▕▏  [34m  ▕▏  [34m  ▕▏  [34m  ▕▏  [34m  ▕▏  [34m  ▕▏  [39m  

AMR driver provided by CarpetX,
using AMReX 25.11 (MPI, OpenMP, no accelerators, debug)
--------------------------------------------------------------------------------

Initializing AMReX (25.11)...
MPI initialized with 2 MPI processes
MPI initialized with thread support level 2
OMP initialized with 1 OMP threads
AMReX (25.11) initialized
INFO (CarpetX): 
Symmetries:
  lower x: periodic
  lower y: periodic
  lower z: periodic
  upper x: periodic
  upper y: periodic
  upper z: periodic
Default boundaries:
  lower x: symmetry_boundary
  lower y: symmetry_boundary
  lower z: symmetry_boundary
  upper x: symmetry_boundary
  upper y: symmetry_boundary
  upper z: symmetry_boundary
INFO (Arith): Test_smallvector
INFO (Arith): Test_spvect
INFO (CarpetX): Setting initial values for max_grid_size values for all levels
INFO (CarpetX): Setting up initial conditions...
INFO (CarpetX): Iteration: 0   time: 0   delta_time: 0.00390625
INFO (CarpetX): Patch 0:
INFO (CarpetX):   Grid extent:
INFO (CarpetX):     gsh=[71,15,15]
INFO (CarpetX):     blocking_factor=[8,8,8]
INFO (CarpetX):     max_grid_size=[10000000,10000000,10000000]
INFO (CarpetX):     max_tile_size=[1024000,16,32]
INFO (CarpetX):   Domain extent:
INFO (CarpetX):     xmin=[-0.5,-0.0625,-0.0625]
INFO (CarpetX):     xmax=[0.5,0.0625,0.0625]
INFO (CarpetX):     base dx=[0.015625,0.015625,0.015625]
INFO (CarpetX): Initializing level 0...
INFO (CanudaX_ExactID): Begin Gauge Wave initial data
INFO (CanudaX_ExactID): === End gauge wave initial data ===
INFO (CarpetX): Regridding...
INFO (CarpetX):   level 0: 2 boxes, 4096 cells (100%)
INFO (CarpetX): Initialized 1 levels
INFO (CarpetX): OutputGH: iteration 0, time 0.000000, run time 0 s
INFO (CarpetX): OutputGH done.
INFO (CarpetX): Starting evolution...
INFO (ODESolvers): ODE integrator is RK4
INFO (CarpetX): OutputGH: iteration 1, time 0.003906, run time 1 s
INFO (CarpetX): OutputGH done.
INFO (CarpetX): Simulation time: 0.00390625   Iterations per second: 26.9498   Simulation time per second: 0.105273
INFO (CarpetX): Grid cells: 4096   Grid cell updates per second: 110386
INFO (CarpetX): Performance:
INFO (CarpetX):   total evolution time:            0.037106 sec
INFO (CarpetX):   total evolution compute time:    0.037086 sec
INFO (CarpetX):   total evolution output time:     2.00272e-05 sec
INFO (CarpetX):   total iterations:                1
INFO (CarpetX):   total cells updated:             4096
INFO (CarpetX):   average iterations per second: 26.9498
INFO (CarpetX):   average cell updates per second: 110386
INFO (CarpetX): OutputGH: iteration 2, time 0.007812, run time 1 s
INFO (CarpetX): OutputGH done.
INFO (CarpetX): Simulation time: 0.0078125   Iterations per second: 27.8006   Simulation time per second: 0.108596
INFO (CarpetX): Grid cells: 4096   Grid cell updates per second: 113871
INFO (CarpetX): Performance:
INFO (CarpetX):   total evolution time:            0.0719409 sec
INFO (CarpetX):   total evolution compute time:    0.071892 sec
INFO (CarpetX):   total evolution output time:     4.88758e-05 sec
INFO (CarpetX):   total iterations:                2
INFO (CarpetX):   total cells updated:             8192
INFO (CarpetX):   average iterations per second: 27.8006
INFO (CarpetX):   average cell updates per second: 113871
INFO (CarpetX): OutputGH: iteration 3, time 0.011719, run time 1 s
INFO (CarpetX): OutputGH done.
INFO (CarpetX): Simulation time: 0.0117188   Iterations per second: 28.0915   Simulation time per second: 0.109732
INFO (CarpetX): Grid cells: 4096   Grid cell updates per second: 115063
INFO (CarpetX): Performance:
INFO (CarpetX):   total evolution time:            0.106794 sec
INFO (CarpetX):   total evolution compute time:    0.106721 sec
INFO (CarpetX):   total evolution output time:     7.29561e-05 sec
INFO (CarpetX):   total iterations:                3
INFO (CarpetX):   total cells updated:             12288
INFO (CarpetX):   average iterations per second: 28.0915
INFO (CarpetX):   average cell updates per second: 115063
INFO (CarpetX): OutputGH: iteration 4, time 0.015625, run time 1 s
INFO (CarpetX): OutputGH done.
INFO (CarpetX): Simulation time: 0.015625   Iterations per second: 28.3351   Simulation time per second: 0.110684
INFO (CarpetX): Grid cells: 4096   Grid cell updates per second: 116060
INFO (CarpetX): Performance:
INFO (CarpetX):   total evolution time:            0.141168 sec
INFO (CarpetX):   total evolution compute time:    0.141069 sec
INFO (CarpetX):   total evolution output time:     9.89437e-05 sec
INFO (CarpetX):   total iterations:                4
INFO (CarpetX):   total cells updated:             16384
INFO (CarpetX):   average iterations per second: 28.3351
INFO (CarpetX):   average cell updates per second: 116060
INFO (CarpetX): OutputGH: iteration 5, time 0.019531, run time 1 s
INFO (CarpetX): OutputGH done.
INFO (CarpetX): Simulation time: 0.0195312   Iterations per second: 28.4696   Simulation time per second: 0.111209
INFO (CarpetX): Grid cells: 4096   Grid cell updates per second: 116612
INFO (CarpetX): Performance:
INFO (CarpetX):   total evolution time:            0.175626 sec
INFO (CarpetX):   total evolution compute time:    0.1755 sec
INFO (CarpetX):   total evolution output time:     0.000126123 sec
INFO (CarpetX):   total iterations:                5
INFO (CarpetX):   total cells updated:             20480
INFO (CarpetX):   average iterations per second: 28.4696
INFO (CarpetX):   average cell updates per second: 116612
INFO (CarpetX): OutputGH: iteration 6, time 0.023438, run time 1 s
INFO (CarpetX): OutputGH done.
INFO (CarpetX): Simulation time: 0.0234375   Iterations per second: 28.5774   Simulation time per second: 0.111631
INFO (CarpetX): Grid cells: 4096   Grid cell updates per second: 117053
INFO (CarpetX): Performance:
INFO (CarpetX):   total evolution time:            0.209956 sec
INFO (CarpetX):   total evolution compute time:    0.209807 sec
INFO (CarpetX):   total evolution output time:     0.000149012 sec
INFO (CarpetX):   total iterations:                6
INFO (CarpetX):   total cells updated:             24576
INFO (CarpetX):   average iterations per second: 28.5774
INFO (CarpetX):   average cell updates per second: 117053
INFO (CarpetX): OutputGH: iteration 7, time 0.027344, run time 1 s
INFO (CarpetX): OutputGH done.
INFO (CarpetX): Simulation time: 0.0273438   Iterations per second: 28.6606   Simulation time per second: 0.111955
INFO (CarpetX): Grid cells: 4096   Grid cell updates per second: 117394
INFO (CarpetX): Performance:
INFO (CarpetX):   total evolution time:            0.244238 sec
INFO (CarpetX):   total evolution compute time:    0.24406 sec
INFO (CarpetX):   total evolution output time:     0.000178099 sec
INFO (CarpetX):   total iterations:                7
INFO (CarpetX):   total cells updated:             28672
INFO (CarpetX):   average iterations per second: 28.6606
INFO (CarpetX):   average cell updates per second: 117394
INFO (CarpetX): OutputGH: iteration 8, time 0.031250, run time 1 s
INFO (CarpetX): OutputGH done.
INFO (CarpetX): Simulation time: 0.03125   Iterations per second: 28.7153   Simulation time per second: 0.112169
INFO (CarpetX): Grid cells: 4096   Grid cell updates per second: 117618
INFO (CarpetX): Performance:
INFO (CarpetX):   total evolution time:            0.278597 sec
INFO (CarpetX):   total evolution compute time:    0.278396 sec
INFO (CarpetX):   total evolution output time:     0.000200987 sec
INFO (CarpetX):   total iterations:                8
INFO (CarpetX):   total cells updated:             32768
INFO (CarpetX):   average iterations per second: 28.7153
INFO (CarpetX):   average cell updates per second: 117618
INFO (CarpetX): OutputGH: iteration 9, time 0.035156, run time 1 s
INFO (CarpetX): OutputGH done.
INFO (CarpetX): Simulation time: 0.0351562   Iterations per second: 28.7606   Simulation time per second: 0.112346
INFO (CarpetX): Grid cells: 4096   Grid cell updates per second: 117803
INFO (CarpetX): Performance:
INFO (CarpetX):   total evolution time:            0.312928 sec
INFO (CarpetX):   total evolution compute time:    0.312701 sec
INFO (CarpetX):   total evolution output time:     0.000226974 sec
INFO (CarpetX):   total iterations:                9
INFO (CarpetX):   total cells updated:             36864
INFO (CarpetX):   average iterations per second: 28.7606
INFO (CarpetX):   average cell updates per second: 117803
INFO (CarpetX): OutputGH: iteration 10, time 0.039062, run time 1 s
INFO (CarpetX): OutputGH done.
INFO (CarpetX): Simulation time: 0.0390625   Iterations per second: 28.7894   Simulation time per second: 0.112459
INFO (CarpetX): Grid cells: 4096   Grid cell updates per second: 117921
INFO (CarpetX): Performance:
INFO (CarpetX):   total evolution time:            0.34735 sec
INFO (CarpetX):   total evolution compute time:    0.347098 sec
INFO (CarpetX):   total evolution output time:     0.000252008 sec
INFO (CarpetX):   total iterations:                10
INFO (CarpetX):   total cells updated:             40960
INFO (CarpetX):   average iterations per second: 28.7894
INFO (CarpetX):   average cell updates per second: 117921
INFO (CarpetX): OutputGH: iteration 11, time 0.042969, run time 1 s
INFO (CarpetX): OutputGH done.
INFO (CarpetX): Simulation time: 0.0429688   Iterations per second: 28.8118   Simulation time per second: 0.112546
INFO (CarpetX): Grid cells: 4096   Grid cell updates per second: 118013
INFO (CarpetX): Performance:
INFO (CarpetX):   total evolution time:            0.381815 sec
INFO (CarpetX):   total evolution compute time:    0.381536 sec
INFO (CarpetX):   total evolution output time:     0.00027895 sec
INFO (CarpetX):   total iterations:                11
INFO (CarpetX):   total cells updated:             45056
INFO (CarpetX):   average iterations per second: 28.8097
INFO (CarpetX):   average cell updates per second: 118005
INFO (CarpetX): OutputGH: iteration 12, time 0.046875, run time 1 s
INFO (CarpetX): OutputGH done.
INFO (CarpetX): Simulation time: 0.046875   Iterations per second: 28.8387   Simulation time per second: 0.112651
INFO (CarpetX): Grid cells: 4096   Grid cell updates per second: 118123
INFO (CarpetX): Performance:
INFO (CarpetX):   total evolution time:            0.416199 sec
INFO (CarpetX):   total evolution compute time:    0.415893 sec
INFO (CarpetX):   total evolution output time:     0.000305891 sec
INFO (CarpetX):   total iterations:                12
INFO (CarpetX):   total cells updated:             49152
INFO (CarpetX):   average iterations per second: 28.8323
INFO (CarpetX):   average cell updates per second: 118097
INFO (CarpetX): OutputGH: iteration 13, time 0.050781, run time 1 s
INFO (CarpetX): OutputGH done.
INFO (CarpetX): Simulation time: 0.0507812   Iterations per second: 28.857   Simulation time per second: 0.112723
INFO (CarpetX): Grid cells: 4096   Grid cell updates per second: 118198
INFO (CarpetX): Performance:
INFO (CarpetX):   total evolution time:            0.450655 sec
INFO (CarpetX):   total evolution compute time:    0.450326 sec
INFO (CarpetX):   total evolution output time:     0.000328779 sec
INFO (CarpetX):   total iterations:                13
INFO (CarpetX):   total cells updated:             53248
INFO (CarpetX):   average iterations per second: 28.8469
INFO (CarpetX):   average cell updates per second: 118157
INFO (CarpetX): OutputGH: iteration 14, time 0.054688, run time 1 s
INFO (CarpetX): OutputGH done.
INFO (CarpetX): Simulation time: 0.0546875   Iterations per second: 28.8929   Simulation time per second: 0.112863
INFO (CarpetX): Grid cells: 4096   Grid cell updates per second: 118345
INFO (CarpetX): Performance:
INFO (CarpetX):   total evolution time:            0.484878 sec
INFO (CarpetX):   total evolution compute time:    0.484523 sec
INFO (CarpetX):   total evolution output time:     0.000355721 sec
INFO (CarpetX):   total iterations:                14
INFO (CarpetX):   total cells updated:             57344
INFO (CarpetX):   average iterations per second: 28.8732
INFO (CarpetX):   average cell updates per second: 118265
INFO (CarpetX): OutputGH: iteration 15, time 0.058594, run time 1 s
INFO (CarpetX): OutputGH done.
INFO (CarpetX): Simulation time: 0.0585938   Iterations per second: 28.9125   Simulation time per second: 0.112939
INFO (CarpetX): Grid cells: 4096   Grid cell updates per second: 118426
INFO (CarpetX): Performance:
INFO (CarpetX):   total evolution time:            0.519254 sec
INFO (CarpetX):   total evolution compute time:    0.518874 sec
INFO (CarpetX):   total evolution output time:     0.000380516 sec
INFO (CarpetX):   total iterations:                15
INFO (CarpetX):   total cells updated:             61440
INFO (CarpetX):   average iterations per second: 28.8876
INFO (CarpetX):   average cell updates per second: 118324
INFO (CarpetX): OutputGH: iteration 16, time 0.062500, run time 1 s
INFO (CarpetX): OutputGH done.
INFO (CarpetX): Simulation time: 0.0625   Iterations per second: 28.918   Simulation time per second: 0.112961
INFO (CarpetX): Grid cells: 4096   Grid cell updates per second: 118448
INFO (CarpetX): Performance:
INFO (CarpetX):   total evolution time:            0.553775 sec
INFO (CarpetX):   total evolution compute time:    0.553358 sec
INFO (CarpetX):   total evolution output time:     0.000417709 sec
INFO (CarpetX):   total iterations:                16
INFO (CarpetX):   total cells updated:             65536
INFO (CarpetX):   average iterations per second: 28.8926
INFO (CarpetX):   average cell updates per second: 118344
INFO (CarpetX): OutputGH: iteration 17, time 0.066406, run time 1 s
INFO (CarpetX): OutputGH done.
INFO (CarpetX): Simulation time: 0.0664062   Iterations per second: 28.9391   Simulation time per second: 0.113043
INFO (CarpetX): Grid cells: 4096   Grid cell updates per second: 118534
INFO (CarpetX): Performance:
INFO (CarpetX):   total evolution time:            0.588104 sec
INFO (CarpetX):   total evolution compute time:    0.587658 sec
INFO (CarpetX):   total evolution output time:     0.000445843 sec
INFO (CarpetX):   total iterations:                17
INFO (CarpetX):   total cells updated:             69632
INFO (CarpetX):   average iterations per second: 28.9064
INFO (CarpetX):   average cell updates per second: 118401
INFO (CarpetX): OutputGH: iteration 18, time 0.070312, run time 1 s
INFO (CarpetX): OutputGH done.
INFO (CarpetX): Simulation time: 0.0703125   Iterations per second: 28.9469   Simulation time per second: 0.113074
INFO (CarpetX): Grid cells: 4096   Grid cell updates per second: 118566
INFO (CarpetX): Performance:
INFO (CarpetX):   total evolution time:            0.622566 sec
INFO (CarpetX):   total evolution compute time:    0.622101 sec
INFO (CarpetX):   total evolution output time:     0.000464916 sec
INFO (CarpetX):   total iterations:                18
INFO (CarpetX):   total cells updated:             73728
INFO (CarpetX):   average iterations per second: 28.9126
INFO (CarpetX):   average cell updates per second: 118426
INFO (CarpetX): OutputGH: iteration 19, time 0.074219, run time 1 s
INFO (CarpetX): OutputGH done.
INFO (CarpetX): Simulation time: 0.0742188   Iterations per second: 28.9443   Simulation time per second: 0.113064
INFO (CarpetX): Grid cells: 4096   Grid cell updates per second: 118556
INFO (CarpetX): Performance:
INFO (CarpetX):   total evolution time:            0.657143 sec
INFO (CarpetX):   total evolution compute time:    0.65665 sec
INFO (CarpetX):   total evolution output time:     0.000492811 sec
INFO (CarpetX):   total iterations:                19
INFO (CarpetX):   total cells updated:             77824
INFO (CarpetX):   average iterations per second: 28.913
INFO (CarpetX):   average cell updates per second: 118428
INFO (CarpetX): OutputGH: iteration 20, time 0.078125, run time 1 s
INFO (CarpetX): OutputGH done.
INFO (CarpetX): Simulation time: 0.078125   Iterations per second: 28.9535   Simulation time per second: 0.1131
INFO (CarpetX): Grid cells: 4096   Grid cell updates per second: 118594
INFO (CarpetX): Performance:
INFO (CarpetX):   total evolution time:            0.691582 sec
INFO (CarpetX):   total evolution compute time:    0.691055 sec
INFO (CarpetX):   total evolution output time:     0.000526905 sec
INFO (CarpetX):   total iterations:                20
INFO (CarpetX):   total cells updated:             81920
INFO (CarpetX):   average iterations per second: 28.9192
INFO (CarpetX):   average cell updates per second: 118453
INFO (CarpetX): OutputGH: iteration 21, time 0.082031, run time 1 s
INFO (CarpetX): OutputGH done.
INFO (CarpetX): Simulation time: 0.0820312   Iterations per second: 28.9665   Simulation time per second: 0.113151
INFO (CarpetX): Grid cells: 4096   Grid cell updates per second: 118647
INFO (CarpetX): Performance:
INFO (CarpetX):   total evolution time:            0.725965 sec
INFO (CarpetX):   total evolution compute time:    0.725415 sec
INFO (CarpetX):   total evolution output time:     0.000550032 sec
INFO (CarpetX):   total iterations:                21
INFO (CarpetX):   total cells updated:             86016
INFO (CarpetX):   average iterations per second: 28.927
INFO (CarpetX):   average cell updates per second: 118485
INFO (CarpetX): OutputGH: iteration 22, time 0.085938, run time 2 s
INFO (CarpetX): OutputGH done.
INFO (CarpetX): Simulation time: 0.0859375   Iterations per second: 28.9739   Simulation time per second: 0.113179
INFO (CarpetX): Grid cells: 4096   Grid cell updates per second: 118677
INFO (CarpetX): Performance:
INFO (CarpetX):   total evolution time:            0.7604 sec
INFO (CarpetX):   total evolution compute time:    0.759828 sec
INFO (CarpetX):   total evolution output time:     0.000571966 sec
INFO (CarpetX):   total iterations:                22
INFO (CarpetX):   total cells updated:             90112
INFO (CarpetX):   average iterations per second: 28.9321
INFO (CarpetX):   average cell updates per second: 118506
INFO (CarpetX): OutputGH: iteration 23, time 0.089844, run time 2 s
INFO (CarpetX): OutputGH done.
INFO (CarpetX): Simulation time: 0.0898438   Iterations per second: 28.9657   Simulation time per second: 0.113147
INFO (CarpetX): Grid cells: 4096   Grid cell updates per second: 118644
INFO (CarpetX): Performance:
INFO (CarpetX):   total evolution time:            0.795011 sec
INFO (CarpetX):   total evolution compute time:    0.794416 sec
INFO (CarpetX):   total evolution output time:     0.000595093 sec
INFO (CarpetX):   total iterations:                23
INFO (CarpetX):   total cells updated:             94208
INFO (CarpetX):   average iterations per second: 28.9304
INFO (CarpetX):   average cell updates per second: 118499
INFO (CarpetX): OutputGH: iteration 24, time 0.093750, run time 2 s
INFO (CarpetX): OutputGH done.
INFO (CarpetX): Simulation time: 0.09375   Iterations per second: 28.9651   Simulation time per second: 0.113145
INFO (CarpetX): Grid cells: 4096   Grid cell updates per second: 118641
INFO (CarpetX): Performance:
INFO (CarpetX):   total evolution time:            0.829542 sec
INFO (CarpetX):   total evolution compute time:    0.828922 sec
INFO (CarpetX):   total evolution output time:     0.000620127 sec
INFO (CarpetX):   total iterations:                24
INFO (CarpetX):   total cells updated:             98304
INFO (CarpetX):   average iterations per second: 28.9316
INFO (CarpetX):   average cell updates per second: 118504
INFO (CarpetX): OutputGH: iteration 25, time 0.097656, run time 2 s
INFO (CarpetX): OutputGH done.
INFO (CarpetX): Simulation time: 0.0976562   Iterations per second: 28.9552   Simulation time per second: 0.113106
INFO (CarpetX): Grid cells: 4096   Grid cell updates per second: 118601
INFO (CarpetX): Performance:
INFO (CarpetX):   total evolution time:            0.864184 sec
INFO (CarpetX):   total evolution compute time:    0.863541 sec
INFO (CarpetX):   total evolution output time:     0.000643015 sec
INFO (CarpetX):   total iterations:                25
INFO (CarpetX):   total cells updated:             102400
INFO (CarpetX):   average iterations per second: 28.929
INFO (CarpetX):   average cell updates per second: 118493
INFO (CarpetX): OutputGH: iteration 26, time 0.101562, run time 2 s
INFO (CarpetX): OutputGH done.
INFO (CarpetX): Simulation time: 0.101562   Iterations per second: 28.9708   Simulation time per second: 0.113167
INFO (CarpetX): Grid cells: 4096   Grid cell updates per second: 118664
INFO (CarpetX): Performance:
INFO (CarpetX):   total evolution time:            0.898535 sec
INFO (CarpetX):   total evolution compute time:    0.89787 sec
INFO (CarpetX):   total evolution output time:     0.000664949 sec
INFO (CarpetX):   total iterations:                26
INFO (CarpetX):   total cells updated:             106496
INFO (CarpetX):   average iterations per second: 28.936
INFO (CarpetX):   average cell updates per second: 118522
INFO (CarpetX): OutputGH: iteration 27, time 0.105469, run time 2 s
INFO (CarpetX): OutputGH done.
INFO (CarpetX): Simulation time: 0.105469   Iterations per second: 28.9536   Simulation time per second: 0.1131
INFO (CarpetX): Grid cells: 4096   Grid cell updates per second: 118594
INFO (CarpetX): Performance:
INFO (CarpetX):   total evolution time:            0.933257 sec
INFO (CarpetX):   total evolution compute time:    0.932568 sec
INFO (CarpetX):   total evolution output time:     0.00068903 sec
INFO (CarpetX):   total iterations:                27
INFO (CarpetX):   total cells updated:             110592
INFO (CarpetX):   average iterations per second: 28.9309
INFO (CarpetX):   average cell updates per second: 118501
INFO (CarpetX): OutputGH: iteration 28, time 0.109375, run time 2 s
INFO (CarpetX): OutputGH done.
INFO (CarpetX): Simulation time: 0.109375   Iterations per second: 28.9619   Simulation time per second: 0.113132
INFO (CarpetX): Grid cells: 4096   Grid cell updates per second: 118628
INFO (CarpetX): Performance:
INFO (CarpetX):   total evolution time:            0.967696 sec
INFO (CarpetX):   total evolution compute time:    0.966982 sec
INFO (CarpetX):   total evolution output time:     0.000714064 sec
INFO (CarpetX):   total iterations:                28
INFO (CarpetX):   total cells updated:             114688
INFO (CarpetX):   average iterations per second: 28.9347
INFO (CarpetX):   average cell updates per second: 118517
INFO (CarpetX): OutputGH: iteration 29, time 0.113281, run time 2 s
INFO (CarpetX): OutputGH done.
INFO (CarpetX): Simulation time: 0.113281   Iterations per second: 28.9676   Simulation time per second: 0.113155
INFO (CarpetX): Grid cells: 4096   Grid cell updates per second: 118651
INFO (CarpetX): Performance:
INFO (CarpetX):   total evolution time:            1.00216 sec
INFO (CarpetX):   total evolution compute time:    1.00141 sec
INFO (CarpetX):   total evolution output time:     0.000743866 sec
INFO (CarpetX):   total iterations:                29
INFO (CarpetX):   total cells updated:             118784
INFO (CarpetX):   average iterations per second: 28.9376
INFO (CarpetX):   average cell updates per second: 118528
INFO (CarpetX): OutputGH: iteration 30, time 0.117188, run time 2 s
INFO (CarpetX): OutputGH done.
INFO (CarpetX): Simulation time: 0.117188   Iterations per second: 28.9627   Simulation time per second: 0.113136
INFO (CarpetX): Grid cells: 4096   Grid cell updates per second: 118631
INFO (CarpetX): Performance:
INFO (CarpetX):   total evolution time:            1.03674 sec
INFO (CarpetX):   total evolution compute time:    1.03597 sec
INFO (CarpetX):   total evolution output time:     0.000763893 sec
INFO (CarpetX):   total iterations:                30
INFO (CarpetX):   total cells updated:             122880
INFO (CarpetX):   average iterations per second: 28.937
INFO (CarpetX):   average cell updates per second: 118526
INFO (CarpetX): OutputGH: iteration 31, time 0.121094, run time 2 s
INFO (CarpetX): OutputGH done.
INFO (CarpetX): Simulation time: 0.121094   Iterations per second: 28.9766   Simulation time per second: 0.11319
INFO (CarpetX): Grid cells: 4096   Grid cell updates per second: 118688
INFO (CarpetX): Performance:
INFO (CarpetX):   total evolution time:            1.0711 sec
INFO (CarpetX):   total evolution compute time:    1.07031 sec
INFO (CarpetX):   total evolution output time:     0.000787973 sec
INFO (CarpetX):   total iterations:                31
INFO (CarpetX):   total cells updated:             126976
INFO (CarpetX):   average iterations per second: 28.9423
INFO (CarpetX):   average cell updates per second: 118548
INFO (CarpetX): OutputGH: iteration 32, time 0.125000, run time 2 s
INFO (CarpetX): OutputGH done.
INFO (CarpetX): Simulation time: 0.125   Iterations per second: 28.937   Simulation time per second: 0.113035
INFO (CarpetX): Grid cells: 4096   Grid cell updates per second: 118526
INFO (CarpetX): Performance:
INFO (CarpetX):   total evolution time:            1.10608 sec
INFO (CarpetX):   total evolution compute time:    1.10527 sec
INFO (CarpetX):   total evolution output time:     0.000808001 sec
INFO (CarpetX):   total iterations:                32
INFO (CarpetX):   total cells updated:             131072
INFO (CarpetX):   average iterations per second: 28.931
INFO (CarpetX):   average cell updates per second: 118501
INFO (CarpetX): OutputGH: iteration 33, time 0.128906, run time 2 s
INFO (CarpetX): OutputGH done.
INFO (CarpetX): Simulation time: 0.128906   Iterations per second: 28.9421   Simulation time per second: 0.113055
INFO (CarpetX): Grid cells: 4096   Grid cell updates per second: 118547
INFO (CarpetX): Performance:
INFO (CarpetX):   total evolution time:            1.14058 sec
INFO (CarpetX):   total evolution compute time:    1.13975 sec
INFO (CarpetX):   total evolution output time:     0.000828981 sec
INFO (CarpetX):   total iterations:                33
INFO (CarpetX):   total cells updated:             135168
INFO (CarpetX):   average iterations per second: 28.9327
INFO (CarpetX):   average cell updates per second: 118508
INFO (CarpetX): OutputGH: iteration 34, time 0.132812, run time 2 s
INFO (CarpetX): OutputGH done.
INFO (CarpetX): Simulation time: 0.132812   Iterations per second: 28.9528   Simulation time per second: 0.113097
INFO (CarpetX): Grid cells: 4096   Grid cell updates per second: 118591
INFO (CarpetX): Performance:
INFO (CarpetX):   total evolution time:            1.175 sec
INFO (CarpetX):   total evolution compute time:    1.17415 sec
INFO (CarpetX):   total evolution output time:     0.000850916 sec
INFO (CarpetX):   total iterations:                34
INFO (CarpetX):   total cells updated:             139264
INFO (CarpetX):   average iterations per second: 28.9361
INFO (CarpetX):   average cell updates per second: 118522
INFO (CarpetX): OutputGH: iteration 35, time 0.136719, run time 2 s
INFO (CarpetX): OutputGH done.
INFO (CarpetX): Simulation time: 0.136719   Iterations per second: 28.9511   Simulation time per second: 0.11309
INFO (CarpetX): Grid cells: 4096   Grid cell updates per second: 118584
INFO (CarpetX): Performance:
INFO (CarpetX):   total evolution time:            1.20956 sec
INFO (CarpetX):   total evolution compute time:    1.20869 sec
INFO (CarpetX):   total evolution output time:     0.000874996 sec
INFO (CarpetX):   total iterations:                35
INFO (CarpetX):   total cells updated:             143360
INFO (CarpetX):   average iterations per second: 28.9361
INFO (CarpetX):   average cell updates per second: 118522
INFO (CarpetX): OutputGH: iteration 36, time 0.140625, run time 2 s
INFO (CarpetX): OutputGH done.
INFO (CarpetX): Simulation time: 0.140625   Iterations per second: 28.9694   Simulation time per second: 0.113162
INFO (CarpetX): Grid cells: 4096   Grid cell updates per second: 118659
INFO (CarpetX): Performance:
INFO (CarpetX):   total evolution time:            1.24388 sec
INFO (CarpetX):   total evolution compute time:    1.24298 sec
INFO (CarpetX):   total evolution output time:     0.00090003 sec
INFO (CarpetX):   total iterations:                36
INFO (CarpetX):   total cells updated:             147456
INFO (CarpetX):   average iterations per second: 28.9416
INFO (CarpetX):   average cell updates per second: 118545
INFO (CarpetX): OutputGH: iteration 37, time 0.144531, run time 2 s
INFO (CarpetX): OutputGH done.
INFO (CarpetX): Simulation time: 0.144531   Iterations per second: 28.9612   Simulation time per second: 0.11313
INFO (CarpetX): Grid cells: 4096   Grid cell updates per second: 118625
INFO (CarpetX): Performance:
INFO (CarpetX):   total evolution time:            1.2785 sec
INFO (CarpetX):   total evolution compute time:    1.27758 sec
INFO (CarpetX):   total evolution output time:     0.000925064 sec
INFO (CarpetX):   total iterations:                37
INFO (CarpetX):   total cells updated:             151552
INFO (CarpetX):   average iterations per second: 28.9401
INFO (CarpetX):   average cell updates per second: 118539
INFO (CarpetX): OutputGH: iteration 38, time 0.148438, run time 2 s
INFO (CarpetX): OutputGH done.
INFO (CarpetX): Simulation time: 0.148438   Iterations per second: 28.9728   Simulation time per second: 0.113175
INFO (CarpetX): Grid cells: 4096   Grid cell updates per second: 118673
INFO (CarpetX): Performance:
INFO (CarpetX):   total evolution time:            1.31289 sec
INFO (CarpetX):   total evolution compute time:    1.31194 sec
INFO (CarpetX):   total evolution output time:     0.000946045 sec
INFO (CarpetX):   total iterations:                38
INFO (CarpetX):   total cells updated:             155648
INFO (CarpetX):   average iterations per second: 28.9438
INFO (CarpetX):   average cell updates per second: 118554
INFO (CarpetX): OutputGH: iteration 39, time 0.152344, run time 2 s
INFO (CarpetX): OutputGH done.
INFO (CarpetX): Simulation time: 0.152344   Iterations per second: 28.965   Simulation time per second: 0.113145
INFO (CarpetX): Grid cells: 4096   Grid cell updates per second: 118641
INFO (CarpetX): Performance:
INFO (CarpetX):   total evolution time:            1.3475 sec
INFO (CarpetX):   total evolution compute time:    1.34651 sec
INFO (CarpetX):   total evolution output time:     0.00099206 sec
INFO (CarpetX):   total iterations:                39
INFO (CarpetX):   total cells updated:             159744
INFO (CarpetX):   average iterations per second: 28.9425
INFO (CarpetX):   average cell updates per second: 118548
INFO (CarpetX): OutputGH: iteration 40, time 0.156250, run time 2 s
INFO (CarpetX): OutputGH done.
INFO (CarpetX): Simulation time: 0.15625   Iterations per second: 28.9572   Simulation time per second: 0.113114
INFO (CarpetX): Grid cells: 4096   Grid cell updates per second: 118609
INFO (CarpetX): Performance:
INFO (CarpetX):   total evolution time:            1.38212 sec
INFO (CarpetX):   total evolution compute time:    1.3811 sec
INFO (CarpetX):   total evolution output time:     0.00101304 sec
INFO (CarpetX):   total iterations:                40
INFO (CarpetX):   total cells updated:             163840
INFO (CarpetX):   average iterations per second: 28.9411
INFO (CarpetX):   average cell updates per second: 118543
INFO (CarpetX): OutputGH: iteration 41, time 0.160156, run time 2 s
INFO (CarpetX): OutputGH done.
INFO (CarpetX): Simulation time: 0.160156   Iterations per second: 28.9616   Simulation time per second: 0.113131
INFO (CarpetX): Grid cells: 4096   Grid cell updates per second: 118627
INFO (CarpetX): Performance:
INFO (CarpetX):   total evolution time:            1.4166 sec
INFO (CarpetX):   total evolution compute time:    1.41556 sec
INFO (CarpetX):   total evolution output time:     0.00104094 sec
INFO (CarpetX):   total iterations:                41
INFO (CarpetX):   total cells updated:             167936
INFO (CarpetX):   average iterations per second: 28.9426
INFO (CarpetX):   average cell updates per second: 118549
INFO (CarpetX): OutputGH: iteration 42, time 0.164062, run time 2 s
INFO (CarpetX): OutputGH done.
INFO (CarpetX): Simulation time: 0.164062   Iterations per second: 28.9661   Simulation time per second: 0.113149
INFO (CarpetX): Grid cells: 4096   Grid cell updates per second: 118645
INFO (CarpetX): Performance:
INFO (CarpetX):   total evolution time:            1.45107 sec
INFO (CarpetX):   total evolution compute time:    1.45001 sec
INFO (CarpetX):   total evolution output time:     0.00106502 sec
INFO (CarpetX):   total iterations:                42
INFO (CarpetX):   total cells updated:             172032
INFO (CarpetX):   average iterations per second: 28.9441
INFO (CarpetX):   average cell updates per second: 118555
INFO (CarpetX): OutputGH: iteration 43, time 0.167969, run time 2 s
INFO (CarpetX): OutputGH done.
INFO (CarpetX): Simulation time: 0.167969   Iterations per second: 28.9819   Simulation time per second: 0.11321
INFO (CarpetX): Grid cells: 4096   Grid cell updates per second: 118710
INFO (CarpetX): Performance:
INFO (CarpetX):   total evolution time:            1.48541 sec
INFO (CarpetX):   total evolution compute time:    1.48432 sec
INFO (CarpetX):   total evolution output time:     0.00108695 sec
INFO (CarpetX):   total iterations:                43
INFO (CarpetX):   total cells updated:             176128
INFO (CarpetX):   average iterations per second: 28.9483
INFO (CarpetX):   average cell updates per second: 118572
INFO (CarpetX): OutputGH: iteration 44, time 0.171875, run time 2 s
INFO (CarpetX): OutputGH done.
INFO (CarpetX): Simulation time: 0.171875   Iterations per second: 28.9883   Simulation time per second: 0.113236
INFO (CarpetX): Grid cells: 4096   Grid cell updates per second: 118736
INFO (CarpetX): Performance:
INFO (CarpetX):   total evolution time:            1.51984 sec
INFO (CarpetX):   total evolution compute time:    1.51872 sec
INFO (CarpetX):   total evolution output time:     0.00111294 sec
INFO (CarpetX):   total iterations:                44
INFO (CarpetX):   total cells updated:             180224
INFO (CarpetX):   average iterations per second: 28.9505
INFO (CarpetX):   average cell updates per second: 118581
INFO (CarpetX): OutputGH: iteration 45, time 0.175781, run time 2 s
INFO (CarpetX): OutputGH done.
INFO (CarpetX): Simulation time: 0.175781   Iterations per second: 28.9954   Simulation time per second: 0.113263
INFO (CarpetX): Grid cells: 4096   Grid cell updates per second: 118765
INFO (CarpetX): Performance:
INFO (CarpetX):   total evolution time:            1.55425 sec
INFO (CarpetX):   total evolution compute time:    1.55311 sec
INFO (CarpetX):   total evolution output time:     0.00113702 sec
INFO (CarpetX):   total iterations:                45
INFO (CarpetX):   total cells updated:             184320
INFO (CarpetX):   average iterations per second: 28.9529
INFO (CarpetX):   average cell updates per second: 118591
INFO (CarpetX): OutputGH: iteration 46, time 0.179688, run time 2 s
INFO (CarpetX): OutputGH done.
INFO (CarpetX): Simulation time: 0.179688   Iterations per second: 29.0077   Simulation time per second: 0.113311
INFO (CarpetX): Grid cells: 4096   Grid cell updates per second: 118815
INFO (CarpetX): Performance:
INFO (CarpetX):   total evolution time:            1.58859 sec
INFO (CarpetX):   total evolution compute time:    1.58743 sec
INFO (CarpetX):   total evolution output time:     0.00116205 sec
INFO (CarpetX):   total iterations:                46
INFO (CarpetX):   total cells updated:             188416
INFO (CarpetX):   average iterations per second: 28.9565
INFO (CarpetX):   average cell updates per second: 118606
INFO (CarpetX): OutputGH: iteration 47, time 0.183594, run time 2 s
INFO (CarpetX): OutputGH done.
INFO (CarpetX): Simulation time: 0.183594   Iterations per second: 29.0016   Simulation time per second: 0.113287
INFO (CarpetX): Grid cells: 4096   Grid cell updates per second: 118790
INFO (CarpetX): Performance:
INFO (CarpetX):   total evolution time:            1.62314 sec
INFO (CarpetX):   total evolution compute time:    1.62195 sec
INFO (CarpetX):   total evolution output time:     0.00118589 sec
INFO (CarpetX):   total iterations:                47
INFO (CarpetX):   total cells updated:             192512
INFO (CarpetX):   average iterations per second: 28.9563
INFO (CarpetX):   average cell updates per second: 118605
INFO (CarpetX): OutputGH: iteration 48, time 0.187500, run time 2 s
INFO (CarpetX): OutputGH done.
INFO (CarpetX): Simulation time: 0.1875   Iterations per second: 29.0121   Simulation time per second: 0.113328
INFO (CarpetX): Grid cells: 4096   Grid cell updates per second: 118833
INFO (CarpetX): Performance:
INFO (CarpetX):   total evolution time:            1.65749 sec
INFO (CarpetX):   total evolution compute time:    1.65628 sec
INFO (CarpetX):   total evolution output time:     0.00120974 sec
INFO (CarpetX):   total iterations:                48
INFO (CarpetX):   total cells updated:             196608
INFO (CarpetX):   average iterations per second: 28.9594
INFO (CarpetX):   average cell updates per second: 118618
INFO (CarpetX): OutputGH: iteration 49, time 0.191406, run time 2 s
INFO (CarpetX): OutputGH done.
INFO (CarpetX): Simulation time: 0.191406   Iterations per second: 29.0072   Simulation time per second: 0.113309
INFO (CarpetX): Grid cells: 4096   Grid cell updates per second: 118813
INFO (CarpetX): Performance:
INFO (CarpetX):   total evolution time:            1.69202 sec
INFO (CarpetX):   total evolution compute time:    1.69078 sec
INFO (CarpetX):   total evolution output time:     0.00123477 sec
INFO (CarpetX):   total iterations:                49
INFO (CarpetX):   total cells updated:             200704
INFO (CarpetX):   average iterations per second: 28.9595
INFO (CarpetX):   average cell updates per second: 118618
INFO (CarpetX): OutputGH: iteration 50, time 0.195312, run time 2 s
INFO (CarpetX): OutputGH done.
INFO (CarpetX): Simulation time: 0.195312   Iterations per second: 29.0143   Simulation time per second: 0.113337
INFO (CarpetX): Grid cells: 4096   Grid cell updates per second: 118843
INFO (CarpetX): Performance:
INFO (CarpetX):   total evolution time:            1.72641 sec
INFO (CarpetX):   total evolution compute time:    1.72515 sec
INFO (CarpetX):   total evolution output time:     0.00126076 sec
INFO (CarpetX):   total iterations:                50
INFO (CarpetX):   total cells updated:             204800
INFO (CarpetX):   average iterations per second: 28.9619
INFO (CarpetX):   average cell updates per second: 118628
INFO (CarpetX): OutputGH: iteration 51, time 0.199219, run time 3 s
INFO (CarpetX): OutputGH done.
INFO (CarpetX): Simulation time: 0.199219   Iterations per second: 29.0207   Simulation time per second: 0.113362
INFO (CarpetX): Grid cells: 4096   Grid cell updates per second: 118869
INFO (CarpetX): Performance:
INFO (CarpetX):   total evolution time:            1.7608 sec
INFO (CarpetX):   total evolution compute time:    1.7595 sec
INFO (CarpetX):   total evolution output time:     0.0012939 sec
INFO (CarpetX):   total iterations:                51
INFO (CarpetX):   total cells updated:             208896
INFO (CarpetX):   average iterations per second: 28.9641
INFO (CarpetX):   average cell updates per second: 118637
INFO (CarpetX): OutputGH: iteration 52, time 0.203125, run time 3 s
INFO (CarpetX): OutputGH done.
INFO (CarpetX): Simulation time: 0.203125   Iterations per second: 29.0225   Simulation time per second: 0.113369
INFO (CarpetX): Grid cells: 4096   Grid cell updates per second: 118876
INFO (CarpetX): Performance:
INFO (CarpetX):   total evolution time:            1.79524 sec
INFO (CarpetX):   total evolution compute time:    1.79392 sec
INFO (CarpetX):   total evolution output time:     0.00131774 sec
INFO (CarpetX):   total iterations:                52
INFO (CarpetX):   total cells updated:             212992
INFO (CarpetX):   average iterations per second: 28.9656
INFO (CarpetX):   average cell updates per second: 118643
INFO (CarpetX): OutputGH: iteration 53, time 0.207031, run time 3 s
INFO (CarpetX): OutputGH done.
INFO (CarpetX): Simulation time: 0.207031   Iterations per second: 29.0353   Simulation time per second: 0.113419
INFO (CarpetX): Grid cells: 4096   Grid cell updates per second: 118929
INFO (CarpetX): Performance:
INFO (CarpetX):   total evolution time:            1.82954 sec
INFO (CarpetX):   total evolution compute time:    1.82819 sec
INFO (CarpetX):   total evolution output time:     0.00134778 sec
INFO (CarpetX):   total iterations:                53
INFO (CarpetX):   total cells updated:             217088
INFO (CarpetX):   average iterations per second: 28.969
INFO (CarpetX):   average cell updates per second: 118657
INFO (CarpetX): OutputGH: iteration 54, time 0.210938, run time 3 s
INFO (CarpetX): OutputGH done.
INFO (CarpetX): Simulation time: 0.210938   Iterations per second: 29.0265   Simulation time per second: 0.113385
INFO (CarpetX): Grid cells: 4096   Grid cell updates per second: 118892
INFO (CarpetX): Performance:
INFO (CarpetX):   total evolution time:            1.86409 sec
INFO (CarpetX):   total evolution compute time:    1.86272 sec
INFO (CarpetX):   total evolution output time:     0.00136876 sec
INFO (CarpetX):   total iterations:                54
INFO (CarpetX):   total cells updated:             221184
INFO (CarpetX):   average iterations per second: 28.9686
INFO (CarpetX):   average cell updates per second: 118656
INFO (CarpetX): OutputGH: iteration 55, time 0.214844, run time 3 s
INFO (CarpetX): OutputGH done.
INFO (CarpetX): Simulation time: 0.214844   Iterations per second: 29.0266   Simulation time per second: 0.113385
INFO (CarpetX): Grid cells: 4096   Grid cell updates per second: 118893
INFO (CarpetX): Performance:
INFO (CarpetX):   total evolution time:            1.89853 sec
INFO (CarpetX):   total evolution compute time:    1.89714 sec
INFO (CarpetX):   total evolution output time:     0.00139356 sec
INFO (CarpetX):   total iterations:                55
INFO (CarpetX):   total cells updated:             225280
INFO (CarpetX):   average iterations per second: 28.9697
INFO (CarpetX):   average cell updates per second: 118660
INFO (CarpetX): OutputGH: iteration 56, time 0.218750, run time 3 s
INFO (CarpetX): OutputGH done.
INFO (CarpetX): Simulation time: 0.21875   Iterations per second: 29.0261   Simulation time per second: 0.113383
INFO (CarpetX): Grid cells: 4096   Grid cell updates per second: 118891
INFO (CarpetX): Performance:
INFO (CarpetX):   total evolution time:            1.93299 sec
INFO (CarpetX):   total evolution compute time:    1.93157 sec
INFO (CarpetX):   total evolution output time:     0.00141859 sec
INFO (CarpetX):   total iterations:                56
INFO (CarpetX):   total cells updated:             229376
INFO (CarpetX):   average iterations per second: 28.9706
INFO (CarpetX):   average cell updates per second: 118664
INFO (CarpetX): OutputGH: iteration 57, time 0.222656, run time 3 s
INFO (CarpetX): OutputGH done.
INFO (CarpetX): Simulation time: 0.222656   Iterations per second: 29.0297   Simulation time per second: 0.113397
INFO (CarpetX): Grid cells: 4096   Grid cell updates per second: 118906
INFO (CarpetX): Performance:
INFO (CarpetX):   total evolution time:            1.9674 sec
INFO (CarpetX):   total evolution compute time:    1.96596 sec
INFO (CarpetX):   total evolution output time:     0.00143862 sec
INFO (CarpetX):   total iterations:                57
INFO (CarpetX):   total cells updated:             233472
INFO (CarpetX):   average iterations per second: 28.9722
INFO (CarpetX):   average cell updates per second: 118670
INFO (CarpetX): OutputGH: iteration 58, time 0.226562, run time 3 s
INFO (CarpetX): OutputGH done.
INFO (CarpetX): Simulation time: 0.226562   Iterations per second: 29.0338   Simulation time per second: 0.113413
INFO (CarpetX): Grid cells: 4096   Grid cell updates per second: 118923
INFO (CarpetX): Performance:
INFO (CarpetX):   total evolution time:            2.0018 sec
INFO (CarpetX):   total evolution compute time:    2.00034 sec
INFO (CarpetX):   total evolution output time:     0.00146055 sec
INFO (CarpetX):   total iterations:                58
INFO (CarpetX):   total cells updated:             237568
INFO (CarpetX):   average iterations per second: 28.9739
INFO (CarpetX):   average cell updates per second: 118677
INFO (CarpetX): OutputGH: iteration 59, time 0.230469, run time 3 s
INFO (CarpetX): OutputGH done.
INFO (CarpetX): Simulation time: 0.230469   Iterations per second: 29.0314   Simulation time per second: 0.113404
INFO (CarpetX): Grid cells: 4096   Grid cell updates per second: 118913
INFO (CarpetX): Performance:
INFO (CarpetX):   total evolution time:            2.03627 sec
INFO (CarpetX):   total evolution compute time:    2.03479 sec
INFO (CarpetX):   total evolution output time:     0.00148559 sec
INFO (CarpetX):   total iterations:                59
INFO (CarpetX):   total cells updated:             241664
INFO (CarpetX):   average iterations per second: 28.9745
INFO (CarpetX):   average cell updates per second: 118680
INFO (CarpetX): OutputGH: iteration 60, time 0.234375, run time 3 s
INFO (CarpetX): OutputGH done.
INFO (CarpetX): Simulation time: 0.234375   Iterations per second: 29.0364   Simulation time per second: 0.113424
INFO (CarpetX): Grid cells: 4096   Grid cell updates per second: 118933
INFO (CarpetX): Performance:
INFO (CarpetX):   total evolution time:            2.07066 sec
INFO (CarpetX):   total evolution compute time:    2.06915 sec
INFO (CarpetX):   total evolution output time:     0.00151062 sec
INFO (CarpetX):   total iterations:                60
INFO (CarpetX):   total cells updated:             245760
INFO (CarpetX):   average iterations per second: 28.9763
INFO (CarpetX):   average cell updates per second: 118687
INFO (CarpetX): OutputGH: iteration 61, time 0.238281, run time 3 s
INFO (CarpetX): OutputGH done.
INFO (CarpetX): Simulation time: 0.238281   Iterations per second: 29.0195   Simulation time per second: 0.113358
INFO (CarpetX): Grid cells: 4096   Grid cell updates per second: 118864
INFO (CarpetX): Performance:
INFO (CarpetX):   total evolution time:            2.1053 sec
INFO (CarpetX):   total evolution compute time:    2.10376 sec
INFO (CarpetX):   total evolution output time:     0.00153255 sec
INFO (CarpetX):   total iterations:                61
INFO (CarpetX):   total cells updated:             249856
INFO (CarpetX):   average iterations per second: 28.9745
INFO (CarpetX):   average cell updates per second: 118680
INFO (CarpetX): OutputGH: iteration 62, time 0.242188, run time 3 s
INFO (CarpetX): OutputGH done.
INFO (CarpetX): Simulation time: 0.242188   Iterations per second: 28.9996   Simulation time per second: 0.11328
INFO (CarpetX): Grid cells: 4096   Grid cell updates per second: 118782
INFO (CarpetX): Performance:
INFO (CarpetX):   total evolution time:            2.13999 sec
INFO (CarpetX):   total evolution compute time:    2.13844 sec
INFO (CarpetX):   total evolution output time:     0.00155663 sec
INFO (CarpetX):   total iterations:                62
INFO (CarpetX):   total cells updated:             253952
INFO (CarpetX):   average iterations per second: 28.9721
INFO (CarpetX):   average cell updates per second: 118670
INFO (CarpetX): OutputGH: iteration 63, time 0.246094, run time 3 s
INFO (CarpetX): OutputGH done.
INFO (CarpetX): Simulation time: 0.246094   Iterations per second: 29.0036   Simulation time per second: 0.113295
INFO (CarpetX): Grid cells: 4096   Grid cell updates per second: 118799
INFO (CarpetX): Performance:
INFO (CarpetX):   total evolution time:            2.17443 sec
INFO (CarpetX):   total evolution compute time:    2.17284 sec
INFO (CarpetX):   total evolution output time:     0.00158572 sec
INFO (CarpetX):   total iterations:                63
INFO (CarpetX):   total cells updated:             258048
INFO (CarpetX):   average iterations per second: 28.9731
INFO (CarpetX):   average cell updates per second: 118674
INFO (CarpetX): OutputGH: iteration 64, time 0.250000, run time 3 s
INFO (CarpetX): OutputGH done.
INFO (CarpetX): Simulation time: 0.25   Iterations per second: 13.5341   Simulation time per second: 0.0528677
INFO (CarpetX): Grid cells: 4096   Grid cell updates per second: 55435.8
INFO (CarpetX): Performance:
INFO (CarpetX):   total evolution time:            2.60299 sec
INFO (CarpetX):   total evolution compute time:    2.21012 sec
INFO (CarpetX):   total evolution output time:     0.392871 sec
INFO (CarpetX):   total iterations:                64
INFO (CarpetX):   total cells updated:             262144
INFO (CarpetX):   average iterations per second: 24.5871
INFO (CarpetX):   average cell updates per second: 100709
INFO (CarpetX): Shutting down...
AMReX (25.11) finalized
--------------------------------------------------------------------------------
Done.
+ echo Stopping:
Stopping:
+ date
Tue Jun 16 23:21:24 UTC 2026
+ echo Done.
Done.
  Elapsed time: 3.7 s
