/home/runner/simulations/TestJob01_temp_2/output-0000/TEST/sim/BoxInBox
Preparing:
+ set -e
+ cd output-0000-active
+ echo Checking:
Checking:
+ pwd
/home/runner/simulations/TestJob01_temp_2/output-0000/TEST/sim/BoxInBox/output-0000-active
+ hostname
runnervm7b5n9
+ date
Tue Jun 23 00:25:04 UTC 2026
+ echo Environment:
Environment:
+ export CACTUS_NUM_PROCS=2
+ CACTUS_NUM_PROCS=2
+ export CACTUS_NUM_THREADS=1
+ CACTUS_NUM_THREADS=1
+ export GMON_OUT_PREFIX=gmon.out
+ GMON_OUT_PREFIX=gmon.out
+ export OMP_NUM_THREADS=1
+ OMP_NUM_THREADS=1
+ env
+ sort
+ echo Starting:
Starting:
++ date +%s
+ export CACTUS_STARTTIME=1782174304
+ CACTUS_STARTTIME=1782174304
+ '[' 2 = 1 ']'
+ mpirun -np 2 /home/runner/simulations/TestJob01_temp_2/SIMFACTORY/exe/cactus_sim -L 3 /home/runner/simulations/TestJob01_temp_2/output-0000/arrangements/CarpetX/BoxInBox/test/levels3.par
INFO (Cactus): Increased logging level from 0 to 3
--------------------------------------------------------------------------------

       10                                  
  1   0101       ************************  
  01  1010 10      The Cactus Code V4.20.0    
 1010 1101 011      www.cactuscode.org     
  1001 100101    ************************  
    00010101                               
     100011     (c) Copyright The Authors  
      0100      GNU Licensed. No Warranty  
      0101                                 
--------------------------------------------------------------------------------

Cactus version:    4.20.0
Compile date:      Jun 23 2026 (00:03:06)
Run date:          Jun 23 2026 (00:25:04+0000)
Run host:          runnervm7b5n9.xbqmit5f5f2erozg2hxxbijevb.bx.internal.cloudapp.net (pid=176220)
Working directory: /home/runner/simulations/TestJob01_temp_2/output-0000/TEST/sim/BoxInBox
Executable:        /home/runner/simulations/TestJob01_temp_2/SIMFACTORY/exe/cactus_sim
Parameter file:    /home/runner/simulations/TestJob01_temp_2/output-0000/arrangements/CarpetX/BoxInBox/test/levels3.par
--------------------------------------------------------------------------------

Activating thorn Cactus...Success -> active implementation Cactus
Activation requested for 
--->BoxInBox CarpetX CarpetXRegrid CoordinatesX IOUtil<---
Thorn BoxInBox requests automatic activation of Loop
Thorn CarpetX requests automatic activation of AMReX
Thorn CarpetX requests automatic activation of MPI
Thorn CarpetX requests automatic activation of yaml_cpp
Thorn CarpetX requests automatic activation of zlib
Thorn CarpetX requests automatic activation of Arith
Thorn CarpetX requests automatic activation of ADIOS2
Thorn CarpetX requests automatic activation of openPMD
Thorn CarpetX requests automatic activation of Silo
Thorn ADIOS2 requests automatic activation of CMake
Thorn Arith requests automatic activation of NSIMD
Thorn MPI requests automatic activation of hwloc
Thorn openPMD requests automatic activation of HDF5
Activating thorn ADIOS2...Success -> active implementation ADIOS2
Activating thorn AMReX...Success -> active implementation AMReX
Activating thorn Arith...Success -> active implementation Arith
Activating thorn BoxInBox...Success -> active implementation BoxInBox
Activating thorn CarpetX...Success -> active implementation Driver
Activating thorn CarpetXRegrid...Success -> active implementation CarpetXRegrid
Activating thorn CMake...Success -> active implementation CMake
Activating thorn CoordinatesX...Success -> active implementation CoordinatesX
Activating thorn HDF5...Success -> active implementation HDF5
Activating thorn hwloc...Success -> active implementation hwloc
Activating thorn IOUtil...Success -> active implementation IO
Activating thorn Loop...Success -> active implementation Loop
Activating thorn MPI...Success -> active implementation MPI
Activating thorn NSIMD...Success -> active implementation NSIMD
Activating thorn openPMD...Success -> active implementation openPMD
Activating thorn Silo...Success -> active implementation Silo
Activating thorn yaml_cpp...Success -> active implementation yaml_cpp
Activating thorn zlib...Success -> active implementation zlib
INFO (hwloc): library version 2.10.0, API version 0x20800
--------------------------------------------------------------------------------

  [34m  ▕▏  [34m  ▕▏  [34m  ▕▏  [34m  ▕▏  [34m  ▕▏  [34m  ▕▏  [34m  ▕▏  [34m  ▕▏  [34m  ▕▏  [39m  
  [34m──██──[34m──██──[34m──██──[34m──██──[34m──██──[34m──██──[34m──██──[34m──██──[34m──██──[39m  
  [34m  ▕▏  [34m  ▕▏  [34m  ▕▏  [34m  ▕▏  [34m  ▕▏  [34m  ▕▏  [34m  ▕▏  [34m  ▕▏  [34m  ▕▏  [39m  
  [34m  ▕▏  [32m██████[34m  ▕▏  [34m  ▕▏  [32m██████[34m  ▕▏  [34m  ▕▏  [32m██████[34m  ▕▏  [39m  
  [34m──██──[32m██████[34m──██──[34m──██──[32m██████[34m──██──[34m──██──[32m██████[34m──██──[39m  
  [34m  ▕▏  [32m██████[34m  ▕▏  [34m  ▕▏  [32m██████[34m  ▕▏  [34m  ▕▏  [32m██████[34m  ▕▏  [39m  
  [34m  ▕▏  [34m  ▕▏  [34m  ▕▏  [34m  ▕▏  [34m  ▕▏  [34m  ▕▏  [34m  ▕▏  [34m  ▕▏  [34m  ▕▏  [39m  
  [34m──██──[34m──██──[34m──██──[34m──██──[34m──██──[34m──██──[34m──██──[34m──██──[34m──██──[39m  
  [34m  ▕▏  [34m  ▕▏  [34m  ▕▏  [34m  ▕▏  [34m  ▕▏  [34m  ▕▏  [34m  ▕▏  [34m  ▕▏  [34m  ▕▏  [39m  
  [34m  ▕▏  [34m  ▕▏  [34m  ▕▏  [31m██████[31m██████[31m██████[34m  ▕▏  [34m  ▕▏  [34m  ▕▏  [39m  
  [34m──██──[34m──██──[34m──██──[31m██████[31m██████[31m██████[34m──██──[34m──██──[34m──██──[39m  
  [34m  ▕▏  [34m  ▕▏  [34m  ▕▏  [31m██████[31m██████[31m██████[34m  ▕▏  [34m  ▕▏  [34m  ▕▏  [39m  
  [34m  ▕▏  [32m██████[34m  ▕▏  [31m██████[31m██████[31m██████[34m  ▕▏  [32m██████[34m  ▕▏  [39m  
  [34m──██──[32m██████[34m──██──[31m██████[31m██████[31m██████[34m──██──[32m██████[34m──██──[39m  
  [34m  ▕▏  [32m██████[34m  ▕▏  [31m██████[31m██████[31m██████[34m  ▕▏  [32m██████[34m  ▕▏  [39m  
  [34m  ▕▏  [34m  ▕▏  [34m  ▕▏  [31m██████[31m██████[31m██████[34m  ▕▏  [34m  ▕▏  [34m  ▕▏  [39m  
  [34m──██──[34m──██──[34m──██──[31m██████[31m██████[31m██████[34m──██──[34m──██──[34m──██──[39m  
  [34m  ▕▏  [34m  ▕▏  [34m  ▕▏  [31m██████[31m██████[31m██████[34m  ▕▏  [34m  ▕▏  [34m  ▕▏  [39m  
  [34m  ▕▏  [34m  ▕▏  [34m  ▕▏  [34m  ▕▏  [34m  ▕▏  [34m  ▕▏  [34m  ▕▏  [34m  ▕▏  [34m  ▕▏  [39m  
  [34m──██──[34m──██──[34m──██──[34m──██──[34m──██──[34m──██──[34m──██──[34m──██──[34m──██──[39m  
  [34m  ▕▏  [34m  ▕▏  [34m  ▕▏  [34m  ▕▏  [34m  ▕▏  [34m  ▕▏  [34m  ▕▏  [34m  ▕▏  [34m  ▕▏  [39m  
  [34m  ▕▏  [32m██████[34m  ▕▏  [34m  ▕▏  [32m██████[34m  ▕▏  [34m  ▕▏  [32m██████[34m  ▕▏  [39m  
  [34m──██──[32m██████[34m──██──[34m──██──[32m██████[34m──██──[34m──██──[32m██████[34m──██──[39m  
  [34m  ▕▏  [32m██████[34m  ▕▏  [34m  ▕▏  [32m██████[34m  ▕▏  [34m  ▕▏  [32m██████[34m  ▕▏  [39m  
  [34m  ▕▏  [34m  ▕▏  [34m  ▕▏  [34m  ▕▏  [34m  ▕▏  [34m  ▕▏  [34m  ▕▏  [34m  ▕▏  [34m  ▕▏  [39m  
  [34m──██──[34m──██──[34m──██──[34m──██──[34m──██──[34m──██──[34m──██──[34m──██──[34m──██──[39m  
  [34m  ▕▏  [34m  ▕▏  [34m  ▕▏  [34m  ▕▏  [34m  ▕▏  [34m  ▕▏  [34m  ▕▏  [34m  ▕▏  [34m  ▕▏  [39m  

AMR driver provided by CarpetX,
using AMReX 25.11 (MPI, OpenMP, no accelerators, debug)
--------------------------------------------------------------------------------

Initializing AMReX (25.11)...
MPI initialized with 2 MPI processes
MPI initialized with thread support level 2
OMP initialized with 1 OMP threads
AMReX (25.11) initialized
INFO (CarpetX): 
Symmetries:
  lower x: none
  lower y: none
  lower z: none
  upper x: none
  upper y: none
  upper z: none
Default boundaries:
  lower x: dirichlet
  lower y: dirichlet
  lower z: dirichlet
  upper x: dirichlet
  upper y: dirichlet
  upper z: dirichlet
INFO (Arith): Test_smallvector
INFO (Arith): Test_spvect
INFO (CarpetX): Setting initial values for max_grid_size values for all levels
INFO (CarpetX): Setting up initial conditions...
INFO (CarpetX): Iteration: 0   time: 0   delta_time: 0.03125
INFO (CarpetX): Patch 0:
INFO (CarpetX):   Grid extent:
INFO (CarpetX):     gsh=[35,35,35]
INFO (CarpetX):     blocking_factor=[8,8,8]
INFO (CarpetX):     max_grid_size=[32,32,32]
INFO (CarpetX):     max_tile_size=[1024000,16,32]
INFO (CarpetX):   Domain extent:
INFO (CarpetX):     xmin=[-1,-1,-1]
INFO (CarpetX):     xmax=[1,1,1]
INFO (CarpetX):     base dx=[0.0625,0.0625,0.0625]
INFO (CarpetX): Initializing level 0...
INFO (CarpetX): Regridding...
INFO (CarpetX):   level 0: 2 boxes, 32768 cells (100%)
INFO (CarpetX):   level 1: 2 boxes, 32768 cells (12.5%, 12%)
INFO (CarpetX): Iteration: 0   time: 0   delta_time: 0.015625
INFO (CarpetX): Initializing level 1...
INFO (CarpetX): Regridding...
INFO (CarpetX):   level 0: 2 boxes, 32768 cells (100%)
INFO (CarpetX):   level 1: 2 boxes, 32768 cells (12.5%, 12%)
INFO (CarpetX):   level 2: 2 boxes, 32768 cells (1.562%, 12%)
INFO (CarpetX): Iteration: 0   time: 0   delta_time: 0.0078125
INFO (CarpetX): Initializing level 2...
INFO (CarpetX): Regridding...
INFO (CarpetX):   level 0: 2 boxes, 32768 cells (100%)
INFO (CarpetX):   level 1: 2 boxes, 32768 cells (12.5%, 12%)
INFO (CarpetX):   level 2: 2 boxes, 32768 cells (1.562%, 12%)
INFO (CarpetX): Initialized 3 levels
INFO (CarpetX): OutputGH: iteration 0, time 0.000000, run time 0 s
INFO (CarpetX): OutputGH done.
INFO (CarpetX): Starting evolution...
INFO (CarpetX): Regridding...
INFO (CarpetX): Setting max_grid_size values for all levels before regridding
INFO (CarpetX):   old levels 3, new levels 3
INFO (CarpetX):   level 0: 2 boxes, 32768 cells (100%)
INFO (CarpetX):   level 1: 2 boxes, 32768 cells (12.5%, 12%)
INFO (CarpetX):   level 2: 2 boxes, 32768 cells (1.562%, 12%)
INFO (CarpetX): OutputGH: iteration 1, time 0.007812, run time 0 s
INFO (CarpetX): OutputGH done.
INFO (CarpetX): Simulation time: 0.0078125   Iterations per second: 167.277   Simulation time per second: 1.30685
INFO (CarpetX): Grid cells: 98304   Grid cell updates per second: 1.6444e+07
INFO (CarpetX): Performance:
INFO (CarpetX):   total evolution time:            0.00597811 sec
INFO (CarpetX):   total evolution compute time:    0.00596404 sec
INFO (CarpetX):   total evolution output time:     1.40667e-05 sec
INFO (CarpetX):   total iterations:                1
INFO (CarpetX):   total cells updated:             98304
INFO (CarpetX):   average iterations per second: 167.277
INFO (CarpetX):   average cell updates per second: 1.6444e+07
INFO (CarpetX): Regridding...
INFO (CarpetX): Setting max_grid_size values for all levels before regridding
INFO (CarpetX):   old levels 3, new levels 3
INFO (CarpetX):   level 0: 2 boxes, 32768 cells (100%)
INFO (CarpetX):   level 1: 2 boxes, 32768 cells (12.5%, 12%)
INFO (CarpetX):   level 2: 2 boxes, 32768 cells (1.562%, 12%)
INFO (CarpetX): OutputGH: iteration 2, time 0.015625, run time 0 s
INFO (CarpetX): OutputGH done.
INFO (CarpetX): Simulation time: 0.015625   Iterations per second: 168.193   Simulation time per second: 1.31401
INFO (CarpetX): Grid cells: 98304   Grid cell updates per second: 1.6534e+07
INFO (CarpetX): Performance:
INFO (CarpetX):   total evolution time:            0.0118911 sec
INFO (CarpetX):   total evolution compute time:    0.0118592 sec
INFO (CarpetX):   total evolution output time:     3.19481e-05 sec
INFO (CarpetX):   total iterations:                2
INFO (CarpetX):   total cells updated:             196608
INFO (CarpetX):   average iterations per second: 168.193
INFO (CarpetX):   average cell updates per second: 1.6534e+07
INFO (CarpetX): Regridding...
INFO (CarpetX): Setting max_grid_size values for all levels before regridding
INFO (CarpetX):   old levels 3, new levels 3
INFO (CarpetX):   level 0: 2 boxes, 32768 cells (100%)
INFO (CarpetX):   level 1: 2 boxes, 32768 cells (12.5%, 12%)
INFO (CarpetX):   level 2: 2 boxes, 32768 cells (1.562%, 12%)
INFO (CarpetX): OutputGH: iteration 3, time 0.023438, run time 0 s
INFO (CarpetX): OutputGH done.
INFO (CarpetX): Simulation time: 0.0234375   Iterations per second: 168.198   Simulation time per second: 1.31405
INFO (CarpetX): Grid cells: 98304   Grid cell updates per second: 1.65346e+07
INFO (CarpetX): Performance:
INFO (CarpetX):   total evolution time:            0.0178361 sec
INFO (CarpetX):   total evolution compute time:    0.0177863 sec
INFO (CarpetX):   total evolution output time:     4.98295e-05 sec
INFO (CarpetX):   total iterations:                3
INFO (CarpetX):   total cells updated:             294912
INFO (CarpetX):   average iterations per second: 168.198
INFO (CarpetX):   average cell updates per second: 1.65346e+07
INFO (CarpetX): Regridding...
INFO (CarpetX): Setting max_grid_size values for all levels before regridding
INFO (CarpetX):   old levels 3, new levels 3
INFO (CarpetX):   level 0: 2 boxes, 32768 cells (100%)
INFO (CarpetX):   level 1: 2 boxes, 32768 cells (12.5%, 12%)
INFO (CarpetX):   level 2: 2 boxes, 32768 cells (1.562%, 12%)
INFO (CarpetX): OutputGH: iteration 4, time 0.031250, run time 0 s
INFO (CarpetX): OutputGH done.
INFO (CarpetX): Simulation time: 0.03125   Iterations per second: 168.378   Simulation time per second: 1.31546
INFO (CarpetX): Grid cells: 98304   Grid cell updates per second: 1.65523e+07
INFO (CarpetX): Performance:
INFO (CarpetX):   total evolution time:            0.023756 sec
INFO (CarpetX):   total evolution compute time:    0.0236902 sec
INFO (CarpetX):   total evolution output time:     6.58035e-05 sec
INFO (CarpetX):   total iterations:                4
INFO (CarpetX):   total cells updated:             393216
INFO (CarpetX):   average iterations per second: 168.378
INFO (CarpetX):   average cell updates per second: 1.65523e+07
INFO (CarpetX): Regridding...
INFO (CarpetX): Setting max_grid_size values for all levels before regridding
INFO (CarpetX):   old levels 3, new levels 3
INFO (CarpetX):   level 0: 2 boxes, 32768 cells (100%)
INFO (CarpetX):   level 1: 2 boxes, 32768 cells (12.5%, 12%)
INFO (CarpetX):   level 2: 2 boxes, 32768 cells (1.562%, 12%)
INFO (CarpetX): OutputGH: iteration 5, time 0.039062, run time 0 s
INFO (CarpetX): OutputGH done.
INFO (CarpetX): Simulation time: 0.0390625   Iterations per second: 168.373   Simulation time per second: 1.31541
INFO (CarpetX): Grid cells: 98304   Grid cell updates per second: 1.65517e+07
INFO (CarpetX): Performance:
INFO (CarpetX):   total evolution time:            0.029696 sec
INFO (CarpetX):   total evolution compute time:    0.0296121 sec
INFO (CarpetX):   total evolution output time:     8.39233e-05 sec
INFO (CarpetX):   total iterations:                5
INFO (CarpetX):   total cells updated:             491520
INFO (CarpetX):   average iterations per second: 168.373
INFO (CarpetX):   average cell updates per second: 1.65517e+07
INFO (CarpetX): Regridding...
INFO (CarpetX): Setting max_grid_size values for all levels before regridding
INFO (CarpetX):   old levels 3, new levels 3
INFO (CarpetX):   level 0: 2 boxes, 32768 cells (100%)
INFO (CarpetX):   level 1: 2 boxes, 32768 cells (12.5%, 12%)
INFO (CarpetX):   level 2: 2 boxes, 32768 cells (1.562%, 12%)
INFO (CarpetX): OutputGH: iteration 6, time 0.046875, run time 0 s
INFO (CarpetX): OutputGH done.
INFO (CarpetX): Simulation time: 0.046875   Iterations per second: 168.479   Simulation time per second: 1.31624
INFO (CarpetX): Grid cells: 98304   Grid cell updates per second: 1.65621e+07
INFO (CarpetX): Performance:
INFO (CarpetX):   total evolution time:            0.0356128 sec
INFO (CarpetX):   total evolution compute time:    0.0355117 sec
INFO (CarpetX):   total evolution output time:     0.000101089 sec
INFO (CarpetX):   total iterations:                6
INFO (CarpetX):   total cells updated:             589824
INFO (CarpetX):   average iterations per second: 168.479
INFO (CarpetX):   average cell updates per second: 1.65621e+07
INFO (CarpetX): Regridding...
INFO (CarpetX): Setting max_grid_size values for all levels before regridding
INFO (CarpetX):   old levels 3, new levels 3
INFO (CarpetX):   level 0: 2 boxes, 32768 cells (100%)
INFO (CarpetX):   level 1: 2 boxes, 32768 cells (12.5%, 12%)
INFO (CarpetX):   level 2: 2 boxes, 32768 cells (1.562%, 12%)
INFO (CarpetX): OutputGH: iteration 7, time 0.054688, run time 0 s
INFO (CarpetX): OutputGH done.
INFO (CarpetX): Simulation time: 0.0546875   Iterations per second: 168.558   Simulation time per second: 1.31686
INFO (CarpetX): Grid cells: 98304   Grid cell updates per second: 1.65699e+07
INFO (CarpetX): Performance:
INFO (CarpetX):   total evolution time:            0.0415287 sec
INFO (CarpetX):   total evolution compute time:    0.0414104 sec
INFO (CarpetX):   total evolution output time:     0.000118256 sec
INFO (CarpetX):   total iterations:                7
INFO (CarpetX):   total cells updated:             688128
INFO (CarpetX):   average iterations per second: 168.558
INFO (CarpetX):   average cell updates per second: 1.65699e+07
INFO (CarpetX): Regridding...
INFO (CarpetX): Setting max_grid_size values for all levels before regridding
INFO (CarpetX):   old levels 3, new levels 3
INFO (CarpetX):   level 0: 2 boxes, 32768 cells (100%)
INFO (CarpetX):   level 1: 2 boxes, 32768 cells (12.5%, 12%)
INFO (CarpetX):   level 2: 2 boxes, 32768 cells (1.562%, 12%)
INFO (CarpetX): OutputGH: iteration 8, time 0.062500, run time 0 s
INFO (CarpetX): OutputGH done.
INFO (CarpetX): Simulation time: 0.0625   Iterations per second: 168.635   Simulation time per second: 1.31746
INFO (CarpetX): Grid cells: 98304   Grid cell updates per second: 1.65775e+07
INFO (CarpetX): Performance:
INFO (CarpetX):   total evolution time:            0.0474398 sec
INFO (CarpetX):   total evolution compute time:    0.0473044 sec
INFO (CarpetX):   total evolution output time:     0.000135422 sec
INFO (CarpetX):   total iterations:                8
INFO (CarpetX):   total cells updated:             786432
INFO (CarpetX):   average iterations per second: 168.635
INFO (CarpetX):   average cell updates per second: 1.65775e+07
INFO (CarpetX): Regridding...
INFO (CarpetX): Setting max_grid_size values for all levels before regridding
INFO (CarpetX):   old levels 3, new levels 3
INFO (CarpetX):   level 0: 2 boxes, 32768 cells (100%)
INFO (CarpetX):   level 1: 2 boxes, 32768 cells (12.5%, 12%)
INFO (CarpetX):   level 2: 2 boxes, 32768 cells (1.562%, 12%)
INFO (CarpetX): OutputGH: iteration 9, time 0.070312, run time 0 s
INFO (CarpetX): OutputGH done.
INFO (CarpetX): Simulation time: 0.0703125   Iterations per second: 168.524   Simulation time per second: 1.31659
INFO (CarpetX): Grid cells: 98304   Grid cell updates per second: 1.65666e+07
INFO (CarpetX): Performance:
INFO (CarpetX):   total evolution time:            0.0534048 sec
INFO (CarpetX):   total evolution compute time:    0.0532515 sec
INFO (CarpetX):   total evolution output time:     0.000153303 sec
INFO (CarpetX):   total iterations:                9
INFO (CarpetX):   total cells updated:             884736
INFO (CarpetX):   average iterations per second: 168.524
INFO (CarpetX):   average cell updates per second: 1.65666e+07
INFO (CarpetX): Regridding...
INFO (CarpetX): Setting max_grid_size values for all levels before regridding
INFO (CarpetX):   old levels 3, new levels 3
INFO (CarpetX):   level 0: 2 boxes, 32768 cells (100%)
INFO (CarpetX):   level 1: 2 boxes, 32768 cells (12.5%, 12%)
INFO (CarpetX):   level 2: 2 boxes, 32768 cells (1.562%, 12%)
INFO (CarpetX): OutputGH: iteration 10, time 0.078125, run time 0 s
INFO (CarpetX): OutputGH done.
INFO (CarpetX): Simulation time: 0.078125   Iterations per second: 145.347   Simulation time per second: 1.13552
INFO (CarpetX): Grid cells: 98304   Grid cell updates per second: 1.42882e+07
INFO (CarpetX): Performance:
INFO (CarpetX):   total evolution time:            0.0688009 sec
INFO (CarpetX):   total evolution compute time:    0.0591686 sec
INFO (CarpetX):   total evolution output time:     0.00963235 sec
INFO (CarpetX):   total iterations:                10
INFO (CarpetX):   total cells updated:             983040
INFO (CarpetX):   average iterations per second: 145.347
INFO (CarpetX):   average cell updates per second: 1.42882e+07
INFO (CarpetX): Shutting down...
AMReX (25.11) finalized
--------------------------------------------------------------------------------
Done.
+ echo Stopping:
Stopping:
+ date
Tue Jun 23 00:25:05 UTC 2026
+ echo Done.
Done.
  Elapsed time: 0.8 s
