/home/runner/simulations/TestJob01_temp_1/output-0000/TEST/sim/CanudaX_BSSNMoL
Preparing:
+ set -e
+ cd output-0000-active
+ echo Checking:
Checking:
+ pwd
/home/runner/simulations/TestJob01_temp_1/output-0000/TEST/sim/CanudaX_BSSNMoL/output-0000-active
+ hostname
runnervm8df0l
+ date
Sun Oct  4 21:23:43 UTC 2026
+ echo Environment:
Environment:
+ export CACTUS_NUM_PROCS=1
+ CACTUS_NUM_PROCS=1
+ export CACTUS_NUM_THREADS=2
+ CACTUS_NUM_THREADS=2
+ export GMON_OUT_PREFIX=gmon.out
+ GMON_OUT_PREFIX=gmon.out
+ export OMP_NUM_THREADS=2
+ OMP_NUM_THREADS=2
+ env
+ sort
+ echo Starting:
Starting:
++ date +%s
+ export CACTUS_STARTTIME=1791149023
+ CACTUS_STARTTIME=1791149023
+ '[' 1 = 1 ']'
+ '[' 0 -eq 0 ']'
+ /home/runner/simulations/TestJob01_temp_1/SIMFACTORY/exe/cactus_sim -L 3 /home/runner/simulations/TestJob01_temp_1/output-0000/arrangements/CanudaX/CanudaX_BSSNMoL/test/gaugewave.par
INFO (Cactus): Increased logging level from 0 to 3
--------------------------------------------------------------------------------

       10                                  
  1   0101       ************************  
  01  1010 10      The Cactus Code V4.20.0    
 1010 1101 011      www.cactuscode.org     
  1001 100101    ************************  
    00010101                               
     100011     (c) Copyright The Authors  
      0100      GNU Licensed. No Warranty  
      0101                                 
--------------------------------------------------------------------------------

Cactus version:    4.20.0
Compile date:      Oct 04 2026 (21:21:15)
Run date:          Oct 04 2026 (21:23:44+0000)
Run host:          runnervm8df0l.0ec3n2hyagzerni52n0yzw2ude.dx.internal.cloudapp.net (pid=168989)
Working directory: /home/runner/simulations/TestJob01_temp_1/output-0000/TEST/sim/CanudaX_BSSNMoL
Executable:        /home/runner/simulations/TestJob01_temp_1/SIMFACTORY/exe/cactus_sim
Parameter file:    /home/runner/simulations/TestJob01_temp_1/output-0000/arrangements/CanudaX/CanudaX_BSSNMoL/test/gaugewave.par
--------------------------------------------------------------------------------

Activating thorn Cactus...Success -> active implementation Cactus
Activation requested for 
--->ADMBaseX CanudaX_BSSNMoL CanudaX_ExactID CarpetX IOUtil ODESolvers TmunuBaseX<---
Thorn ADMBaseX requests automatic activation of Loop
Thorn CarpetX requests automatic activation of AMReX
Thorn CarpetX requests automatic activation of MPI
Thorn CarpetX requests automatic activation of yaml_cpp
Thorn CarpetX requests automatic activation of zlib
Thorn CarpetX requests automatic activation of Arith
Thorn CarpetX requests automatic activation of CarpetXRegrid
Thorn CarpetX requests automatic activation of ADIOS2
Thorn CarpetX requests automatic activation of openPMD
Thorn CarpetX requests automatic activation of Silo
Thorn ADIOS2 requests automatic activation of CMake
Thorn Arith requests automatic activation of NSIMD
Thorn MPI requests automatic activation of hwloc
Thorn openPMD requests automatic activation of HDF5
Activating thorn ADIOS2...Success -> active implementation ADIOS2
Activating thorn ADMBaseX...Success -> active implementation ADMBaseX
Activating thorn AMReX...Success -> active implementation AMReX
Activating thorn Arith...Success -> active implementation Arith
Activating thorn CanudaX_BSSNMoL...Success -> active implementation CanudaX_BSSNMoL
Activating thorn CanudaX_ExactID...Success -> active implementation CanudaX_ExactID
Activating thorn CarpetX...Success -> active implementation Driver
Activating thorn CarpetXRegrid...Success -> active implementation CarpetXRegrid
Activating thorn CMake...Success -> active implementation CMake
Activating thorn HDF5...Success -> active implementation HDF5
Activating thorn hwloc...Success -> active implementation hwloc
Activating thorn IOUtil...Success -> active implementation IO
Activating thorn Loop...Success -> active implementation Loop
Activating thorn MPI...Success -> active implementation MPI
Activating thorn NSIMD...Success -> active implementation NSIMD
Activating thorn ODESolvers...Success -> active implementation ODESolvers
Activating thorn openPMD...Success -> active implementation openPMD
Activating thorn Silo...Success -> active implementation Silo
Activating thorn TmunuBaseX...Success -> active implementation TmunuBaseX
Activating thorn yaml_cpp...Success -> active implementation yaml_cpp
Activating thorn zlib...Success -> active implementation zlib
--------------------------------------------------------------------------------
  if (recover initial data)
    Recover parameters
  endif

  Startup routines
    [CCTK_STARTUP]
      CarpetX::Driver_Startup: Start up the driver
      IOUtil::IOUtil_Startup: Startup routine
      GROUP hwloc_startup: hwloc startup group
        hwloc::hwloc_version: Output hwloc version

  Startup routines which need an existing grid hierarchy
    [CCTK_WRAGH]
      Arith::Test_cplx: [meta] Test complex numbers
      Arith::Test_smallvector: [meta] Test small vectors
      Arith::Test_spvect: [meta] Test sparse vectors
      ODESolvers::ODESolvers_InitConstants: [global] Set up dummy loop counters for schedule printout
  Parameter checking routines
    [CCTK_PARAMCHECK]
      CanudaX_BSSNMoL::CanudaX_BSSNMoL_paramcheck: Check CanudaX_BSSNMoL parameters for consistency

  Initialisation
    if (NOT (recover initial data AND recovery_mode is 'strict'))
      [CCTK_PREREGRIDINITIAL]
      Set up grid hierarchy
      [CCTK_POSTREGRIDINITIAL]
      [CCTK_BASEGRID]
        CarpetXRegrid::CarpetXRegrid_InitError: Initialize regridding error to zero
        GROUP ODESolvers_BaseGrid: Set up constants (e.g. coordinates) everywhere on the grid
      [CCTK_INITIAL]
        GROUP TmunuBaseX_SetTmunuVars: Schedule group for setting T_munu
          TmunuBaseX::TmunuBaseX_ZeroTmunu: Set T_munu to zero
          GROUP TmunuBaseX_AddToTmunu: Add to T_munu here
        GROUP ODESolvers_Initial: Set up initial conditions on interior of state vector
          GROUP ADMBaseX_InitialData: Schedule group for calculating ADM initial data
            GROUP CanudaX_ExactIDGroup: CanudaX_ExactID group for setting up initial data
              CanudaX_ExactID::CanudaX_ExactID_GaugeWave: [local] Create gauge wave initial data
          GROUP ADMBaseX_InitialGauge: Schedule group for the ADM initial gauge condition
            ADMBaseX::ADMBaseX_initial_dtlapse: Set dtlapse to zero
            ADMBaseX::ADMBaseX_initial_dtshift: Set dtshift to zero
          GROUP ADMBaseX_PostInitial: Schedule group for modifying the ADM initial data, such as e.g. adding noise
        GROUP CanudaX_BSSNMoL_InitialGroup: CanudaX_BSSNMoL: initial bin
          CanudaX_BSSNMoL::CanudaX_BSSNMoL_adm2bssn: [local] Convert initial data into BSSN variables
          CanudaX_BSSNMoL::CanudaX_BSSNMoL_gammat: [local] Set Gammat initial data
      [CCTK_POSTINITIAL]
        GROUP ODESolvers_PostStep: Apply boundary conditions to state vector, and project if necessary
          GROUP CanudaX_BSSNMoL_PostStepGroup: CanudaX_BSSNMoL: post-step operations
            CanudaX_BSSNMoL::CanudaX_BSSNMoL_impose_conf_fac_floor: Make sure conformal factor does not drop below specified value
            CanudaX_BSSNMoL::CanudaX_BSSNMoL_reset_detmetric: reset dethh = 1
            CanudaX_BSSNMoL::CanudaX_BSSNMoL_remove_trA: Remove trace of A
            CanudaX_BSSNMoL::CanudaX_BSSNMoL_sync: [global] Sync state vector
            CanudaX_BSSNMoL::CanudaX_BSSNMoL_bssn2adm: [local] Convert variables back to the ADM ones
          GROUP ADMBaseX_SetADMRHS: Set ADM RHS variables in this group
          GROUP ADMBaseX_SetADMVars: Set ADM variables in this group
          GROUP TmunuBaseX_SetTmunuVars: Schedule group for setting T_munu
            TmunuBaseX::TmunuBaseX_ZeroTmunu: Set T_munu to zero
            GROUP TmunuBaseX_AddToTmunu: Add to T_munu here
        GROUP ODESolvers_EstimateError: Estimate discretization error (for regridding)
      Initialise finer grids recursively
      Restrict from finer grids
      [CCTK_POSTRESTRICTINITIAL]
      [CCTK_POSTPOSTINITIAL]
      [CCTK_POSTSTEP]
        GROUP ODESolvers_EstimateError: Estimate discretization error (for regridding)
    endif
    if (recover initial data)
      [CCTK_BASEGRID]
        CarpetXRegrid::CarpetXRegrid_InitError: Initialize regridding error to zero
        GROUP ODESolvers_BaseGrid: Set up constants (e.g. coordinates) everywhere on the grid
      [CCTK_RECOVER_VARIABLES]
      [CCTK_POST_RECOVER_VARIABLES]
        GROUP ODESolvers_PostStep: Apply boundary conditions to state vector, and project if necessary
          GROUP CanudaX_BSSNMoL_PostStepGroup: CanudaX_BSSNMoL: post-step operations
            CanudaX_BSSNMoL::CanudaX_BSSNMoL_impose_conf_fac_floor: Make sure conformal factor does not drop below specified value
            CanudaX_BSSNMoL::CanudaX_BSSNMoL_reset_detmetric: reset dethh = 1
            CanudaX_BSSNMoL::CanudaX_BSSNMoL_remove_trA: Remove trace of A
            CanudaX_BSSNMoL::CanudaX_BSSNMoL_sync: [global] Sync state vector
            CanudaX_BSSNMoL::CanudaX_BSSNMoL_bssn2adm: [local] Convert variables back to the ADM ones
          GROUP ADMBaseX_SetADMRHS: Set ADM RHS variables in this group
          GROUP ADMBaseX_SetADMVars: Set ADM variables in this group
          GROUP TmunuBaseX_SetTmunuVars: Schedule group for setting T_munu
            TmunuBaseX::TmunuBaseX_ZeroTmunu: Set T_munu to zero
            GROUP TmunuBaseX_AddToTmunu: Add to T_munu here
        GROUP ODESolvers_EstimateError: Estimate discretization error (for regridding)
    endif
    if (checkpoint initial data)
      [CCTK_CPINITIAL]
        CarpetX::CarpetX_CheckpointInitial: [meta] Checkpoint initial conditions
    endif
    if (analysis)
      [CCTK_ANALYSIS]
        CanudaX_BSSNMoL::CanudaX_BSSNMoL_bssn_constraints: Compute constraints
        GROUP ODESolvers_Analysis: Calculate analysis quantities everywhere
  endif
  Output grid variables

  do loop over timesteps
    [CCTK_PREREGRID]
    Change grid hierarchy
    [CCTK_POSTREGRID]
      GROUP ODESolvers_PostStep: Apply boundary conditions to state vector, and project if necessary
        GROUP CanudaX_BSSNMoL_PostStepGroup: CanudaX_BSSNMoL: post-step operations
          CanudaX_BSSNMoL::CanudaX_BSSNMoL_impose_conf_fac_floor: Make sure conformal factor does not drop below specified value
          CanudaX_BSSNMoL::CanudaX_BSSNMoL_reset_detmetric: reset dethh = 1
          CanudaX_BSSNMoL::CanudaX_BSSNMoL_remove_trA: Remove trace of A
          CanudaX_BSSNMoL::CanudaX_BSSNMoL_sync: [global] Sync state vector
          CanudaX_BSSNMoL::CanudaX_BSSNMoL_bssn2adm: [local] Convert variables back to the ADM ones
        GROUP ADMBaseX_SetADMRHS: Set ADM RHS variables in this group
        GROUP ADMBaseX_SetADMVars: Set ADM variables in this group
        GROUP TmunuBaseX_SetTmunuVars: Schedule group for setting T_munu
          TmunuBaseX::TmunuBaseX_ZeroTmunu: Set T_munu to zero
          GROUP TmunuBaseX_AddToTmunu: Add to T_munu here
    Rotate timelevels
    iteration = iteration+1
    t = t+dt
    [CCTK_PRESTEP]
    [CCTK_EVOL]
      ODESolvers::ODESolvers_Solve: [level] Solve ODEs
      while (ODESolvers::do_substeps)
        GROUP ODESolvers_CalledBySolve: Groups internally scheduled by ODESolvers_Solve
          GROUP ODESolvers_RHS: Evaluate the RHS for of state vector everywhere on the grid
            GROUP CanudaX_BSSNMoL_RHSGroup: CanudaX_BSSNMoL: calculate BSSN RHS
              CanudaX_BSSNMoL::CanudaX_BSSNMoL_calc_bssn_rhs: MoL RHS calculation
              CanudaX_BSSNMoL::CanudaX_BSSNMoL_apply_boundary_conditions: Apply radiative boundary conditions 
          GROUP ODESolvers_PostStep: Apply boundary conditions to state vector, and project if necessary
            GROUP CanudaX_BSSNMoL_PostStepGroup: CanudaX_BSSNMoL: post-step operations
              CanudaX_BSSNMoL::CanudaX_BSSNMoL_impose_conf_fac_floor: Make sure conformal factor does not drop below specified value
              CanudaX_BSSNMoL::CanudaX_BSSNMoL_reset_detmetric: reset dethh = 1
              CanudaX_BSSNMoL::CanudaX_BSSNMoL_remove_trA: Remove trace of A
              CanudaX_BSSNMoL::CanudaX_BSSNMoL_sync: [global] Sync state vector
              CanudaX_BSSNMoL::CanudaX_BSSNMoL_bssn2adm: [local] Convert variables back to the ADM ones
            GROUP ADMBaseX_SetADMRHS: Set ADM RHS variables in this group
            GROUP ADMBaseX_SetADMVars: Set ADM variables in this group
            GROUP TmunuBaseX_SetTmunuVars: Schedule group for setting T_munu
              TmunuBaseX::TmunuBaseX_ZeroTmunu: Set T_munu to zero
              GROUP TmunuBaseX_AddToTmunu: Add to T_munu here
      end while
    Evolve finer grids recursively
    Restrict from finer grids
    [CCTK_POSTRESTRICT]
      GROUP ODESolvers_PostStep: Apply boundary conditions to state vector, and project if necessary
        GROUP CanudaX_BSSNMoL_PostStepGroup: CanudaX_BSSNMoL: post-step operations
          CanudaX_BSSNMoL::CanudaX_BSSNMoL_impose_conf_fac_floor: Make sure conformal factor does not drop below specified value
          CanudaX_BSSNMoL::CanudaX_BSSNMoL_reset_detmetric: reset dethh = 1
          CanudaX_BSSNMoL::CanudaX_BSSNMoL_remove_trA: Remove trace of A
          CanudaX_BSSNMoL::CanudaX_BSSNMoL_sync: [global] Sync state vector
          CanudaX_BSSNMoL::CanudaX_BSSNMoL_bssn2adm: [local] Convert variables back to the ADM ones
        GROUP ADMBaseX_SetADMRHS: Set ADM RHS variables in this group
        GROUP ADMBaseX_SetADMVars: Set ADM variables in this group
        GROUP TmunuBaseX_SetTmunuVars: Schedule group for setting T_munu
          TmunuBaseX::TmunuBaseX_ZeroTmunu: Set T_munu to zero
          GROUP TmunuBaseX_AddToTmunu: Add to T_munu here
    [CCTK_POSTSTEP]
      GROUP ODESolvers_EstimateError: Estimate discretization error (for regridding)
    if (checkpoint)
      [CCTK_CHECKPOINT]
      CarpetX::CarpetX_Checkpoint: [meta] Checkpoint
    endif
    if (analysis)
      [CCTK_ANALYSIS]
      CanudaX_BSSNMoL::CanudaX_BSSNMoL_bssn_constraints: Compute constraints
      GROUP ODESolvers_Analysis: Calculate analysis quantities everywhere
    endif
    Output grid variables
    enddo

  Termination routines
    [CCTK_TERMINATE]
      CarpetX::CarpetX_CheckpointTerminate: [meta] Checkpoint before terminating

  Shutdown routines
    [CCTK_SHUTDOWN]
      CarpetX::Driver_Shutdown: [meta] Shut down the driver

  Routines run after changing the grid hierarchy:
    [CCTK_POSTREGRID]
      GROUP ODESolvers_PostStep: Apply boundary conditions to state vector, and project if necessary
        GROUP CanudaX_BSSNMoL_PostStepGroup: CanudaX_BSSNMoL: post-step operations
          CanudaX_BSSNMoL::CanudaX_BSSNMoL_impose_conf_fac_floor: Make sure conformal factor does not drop below specified value
          CanudaX_BSSNMoL::CanudaX_BSSNMoL_reset_detmetric: reset dethh = 1
          CanudaX_BSSNMoL::CanudaX_BSSNMoL_remove_trA: Remove trace of A
          CanudaX_BSSNMoL::CanudaX_BSSNMoL_sync: [global] Sync state vector
          CanudaX_BSSNMoL::CanudaX_BSSNMoL_bssn2adm: [local] Convert variables back to the ADM ones
        GROUP ADMBaseX_SetADMRHS: Set ADM RHS variables in this group
        GROUP ADMBaseX_SetADMVars: Set ADM variables in this group
        GROUP TmunuBaseX_SetTmunuVars: Schedule group for setting T_munu
          TmunuBaseX::TmunuBaseX_ZeroTmunu: Set T_munu to zero
          GROUP TmunuBaseX_AddToTmunu: Add to T_munu here
--------------------------------------------------------------------------------
INFO (hwloc): library version 2.10.0, API version 0x20800
--------------------------------------------------------------------------------

  [34m  ▕▏  [34m  ▕▏  [34m  ▕▏  [34m  ▕▏  [34m  ▕▏  [34m  ▕▏  [34m  ▕▏  [34m  ▕▏  [34m  ▕▏  [39m  
  [34m──██──[34m──██──[34m──██──[34m──██──[34m──██──[34m──██──[34m──██──[34m──██──[34m──██──[39m  
  [34m  ▕▏  [34m  ▕▏  [34m  ▕▏  [34m  ▕▏  [34m  ▕▏  [34m  ▕▏  [34m  ▕▏  [34m  ▕▏  [34m  ▕▏  [39m  
  [34m  ▕▏  [32m██████[34m  ▕▏  [34m  ▕▏  [32m██████[34m  ▕▏  [34m  ▕▏  [32m██████[34m  ▕▏  [39m  
  [34m──██──[32m██████[34m──██──[34m──██──[32m██████[34m──██──[34m──██──[32m██████[34m──██──[39m  
  [34m  ▕▏  [32m██████[34m  ▕▏  [34m  ▕▏  [32m██████[34m  ▕▏  [34m  ▕▏  [32m██████[34m  ▕▏  [39m  
  [34m  ▕▏  [34m  ▕▏  [34m  ▕▏  [34m  ▕▏  [34m  ▕▏  [34m  ▕▏  [34m  ▕▏  [34m  ▕▏  [34m  ▕▏  [39m  
  [34m──██──[34m──██──[34m──██──[34m──██──[34m──██──[34m──██──[34m──██──[34m──██──[34m──██──[39m  
  [34m  ▕▏  [34m  ▕▏  [34m  ▕▏  [34m  ▕▏  [34m  ▕▏  [34m  ▕▏  [34m  ▕▏  [34m  ▕▏  [34m  ▕▏  [39m  
  [34m  ▕▏  [34m  ▕▏  [34m  ▕▏  [31m██████[31m██████[31m██████[34m  ▕▏  [34m  ▕▏  [34m  ▕▏  [39m  
  [34m──██──[34m──██──[34m──██──[31m██████[31m██████[31m██████[34m──██──[34m──██──[34m──██──[39m  
  [34m  ▕▏  [34m  ▕▏  [34m  ▕▏  [31m██████[31m██████[31m██████[34m  ▕▏  [34m  ▕▏  [34m  ▕▏  [39m  
  [34m  ▕▏  [32m██████[34m  ▕▏  [31m██████[31m██████[31m██████[34m  ▕▏  [32m██████[34m  ▕▏  [39m  
  [34m──██──[32m██████[34m──██──[31m██████[31m██████[31m██████[34m──██──[32m██████[34m──██──[39m  
  [34m  ▕▏  [32m██████[34m  ▕▏  [31m██████[31m██████[31m██████[34m  ▕▏  [32m██████[34m  ▕▏  [39m  
  [34m  ▕▏  [34m  ▕▏  [34m  ▕▏  [31m██████[31m██████[31m██████[34m  ▕▏  [34m  ▕▏  [34m  ▕▏  [39m  
  [34m──██──[34m──██──[34m──██──[31m██████[31m██████[31m██████[34m──██──[34m──██──[34m──██──[39m  
  [34m  ▕▏  [34m  ▕▏  [34m  ▕▏  [31m██████[31m██████[31m██████[34m  ▕▏  [34m  ▕▏  [34m  ▕▏  [39m  
  [34m  ▕▏  [34m  ▕▏  [34m  ▕▏  [34m  ▕▏  [34m  ▕▏  [34m  ▕▏  [34m  ▕▏  [34m  ▕▏  [34m  ▕▏  [39m  
  [34m──██──[34m──██──[34m──██──[34m──██──[34m──██──[34m──██──[34m──██──[34m──██──[34m──██──[39m  
  [34m  ▕▏  [34m  ▕▏  [34m  ▕▏  [34m  ▕▏  [34m  ▕▏  [34m  ▕▏  [34m  ▕▏  [34m  ▕▏  [34m  ▕▏  [39m  
  [34m  ▕▏  [32m██████[34m  ▕▏  [34m  ▕▏  [32m██████[34m  ▕▏  [34m  ▕▏  [32m██████[34m  ▕▏  [39m  
  [34m──██──[32m██████[34m──██──[34m──██──[32m██████[34m──██──[34m──██──[32m██████[34m──██──[39m  
  [34m  ▕▏  [32m██████[34m  ▕▏  [34m  ▕▏  [32m██████[34m  ▕▏  [34m  ▕▏  [32m██████[34m  ▕▏  [39m  
  [34m  ▕▏  [34m  ▕▏  [34m  ▕▏  [34m  ▕▏  [34m  ▕▏  [34m  ▕▏  [34m  ▕▏  [34m  ▕▏  [34m  ▕▏  [39m  
  [34m──██──[34m──██──[34m──██──[34m──██──[34m──██──[34m──██──[34m──██──[34m──██──[34m──██──[39m  
  [34m  ▕▏  [34m  ▕▏  [34m  ▕▏  [34m  ▕▏  [34m  ▕▏  [34m  ▕▏  [34m  ▕▏  [34m  ▕▏  [34m  ▕▏  [39m  

AMR driver provided by CarpetX,
using AMReX 25.11 (MPI, OpenMP, no accelerators, debug)
--------------------------------------------------------------------------------

Initializing AMReX (25.11)...
MPI initialized with 1 MPI processes
MPI initialized with thread support level 2
OMP initialized with 2 OMP threads
AMReX (25.11) initialized
INFO (CarpetX): 
Symmetries:
  lower x: periodic
  lower y: periodic
  lower z: periodic
  upper x: periodic
  upper y: periodic
  upper z: periodic
Default boundaries:
  lower x: symmetry_boundary
  lower y: symmetry_boundary
  lower z: symmetry_boundary
  upper x: symmetry_boundary
  upper y: symmetry_boundary
  upper z: symmetry_boundary
INFO (Arith): Test_cplx
INFO (Arith): Test_smallvector
INFO (Arith): Test_spvect
INFO (CarpetX): Setting initial values for max_grid_size values for all levels
INFO (CarpetX): Setting up initial conditions...
INFO (CarpetX): Iteration: 0   time: 0   delta_time: 0.00390625
INFO (CarpetX): Patch 0:
INFO (CarpetX):   Grid extent:
INFO (CarpetX):     gsh=[71,15,15]
INFO (CarpetX):     blocking_factor=[8,8,8]
INFO (CarpetX):     max_grid_size=[10000000,10000000,10000000]
INFO (CarpetX):     max_tile_size=[1024000,16,32]
INFO (CarpetX):   Domain extent:
INFO (CarpetX):     xmin=[-0.5,-0.0625,-0.0625]
INFO (CarpetX):     xmax=[0.5,0.0625,0.0625]
INFO (CarpetX):     base dx=[0.015625,0.015625,0.015625]
INFO (CarpetX): Initializing level 0...
INFO (CanudaX_ExactID): Begin Gauge Wave initial data
INFO (CanudaX_ExactID): === End gauge wave initial data ===
INFO (CarpetX): Regridding...
INFO (CarpetX):   level 0: 1 boxes, 4096 cells (100%)
INFO (CarpetX): Initialized 1 levels
INFO (CarpetX): OutputGH: iteration 0, time 0.000000, run time 0 s
INFO (CarpetX): OutputGH done.
INFO (CarpetX): Starting evolution...
INFO (ODESolvers): ODE integrator is RK4
INFO (CarpetX): OutputGH: iteration 1, time 0.003906, run time 0 s
INFO (CarpetX): OutputGH done.
INFO (CarpetX): Simulation time: 0.00390625   Iterations per second: 24.5561   Simulation time per second: 0.0959223
INFO (CarpetX): Grid cells: 4096   Grid cell updates per second: 100582
INFO (CarpetX): Performance:
INFO (CarpetX):   total evolution time:            0.0407231 sec
INFO (CarpetX):   total evolution compute time:    0.0407143 sec
INFO (CarpetX):   total evolution output time:     8.82149e-06 sec
INFO (CarpetX):   total iterations:                1
INFO (CarpetX):   total cells updated:             4096
INFO (CarpetX):   average iterations per second: 24.5561
INFO (CarpetX):   average cell updates per second: 100582
INFO (CarpetX): OutputGH: iteration 2, time 0.007812, run time 0 s
INFO (CarpetX): OutputGH done.
INFO (CarpetX): Simulation time: 0.0078125   Iterations per second: 25.3023   Simulation time per second: 0.0988372
INFO (CarpetX): Grid cells: 4096   Grid cell updates per second: 103638
INFO (CarpetX): Performance:
INFO (CarpetX):   total evolution time:            0.0790441 sec
INFO (CarpetX):   total evolution compute time:    0.0790265 sec
INFO (CarpetX):   total evolution output time:     1.7643e-05 sec
INFO (CarpetX):   total iterations:                2
INFO (CarpetX):   total cells updated:             8192
INFO (CarpetX):   average iterations per second: 25.3023
INFO (CarpetX):   average cell updates per second: 103638
INFO (CarpetX): OutputGH: iteration 3, time 0.011719, run time 1 s
INFO (CarpetX): OutputGH done.
INFO (CarpetX): Simulation time: 0.0117188   Iterations per second: 25.561   Simulation time per second: 0.0998478
INFO (CarpetX): Grid cells: 4096   Grid cell updates per second: 104698
INFO (CarpetX): Performance:
INFO (CarpetX):   total evolution time:            0.117366 sec
INFO (CarpetX):   total evolution compute time:    0.117341 sec
INFO (CarpetX):   total evolution output time:     2.55108e-05 sec
INFO (CarpetX):   total iterations:                3
INFO (CarpetX):   total cells updated:             12288
INFO (CarpetX):   average iterations per second: 25.561
INFO (CarpetX):   average cell updates per second: 104698
INFO (CarpetX): OutputGH: iteration 4, time 0.015625, run time 1 s
INFO (CarpetX): OutputGH done.
INFO (CarpetX): Simulation time: 0.015625   Iterations per second: 25.6718   Simulation time per second: 0.10028
INFO (CarpetX): Grid cells: 4096   Grid cell updates per second: 105152
INFO (CarpetX): Performance:
INFO (CarpetX):   total evolution time:            0.155813 sec
INFO (CarpetX):   total evolution compute time:    0.15578 sec
INFO (CarpetX):   total evolution output time:     3.33786e-05 sec
INFO (CarpetX):   total iterations:                4
INFO (CarpetX):   total cells updated:             16384
INFO (CarpetX):   average iterations per second: 25.6718
INFO (CarpetX):   average cell updates per second: 105152
INFO (CarpetX): OutputGH: iteration 5, time 0.019531, run time 1 s
INFO (CarpetX): OutputGH done.
INFO (CarpetX): Simulation time: 0.0195312   Iterations per second: 25.7603   Simulation time per second: 0.100626
INFO (CarpetX): Grid cells: 4096   Grid cell updates per second: 105514
INFO (CarpetX): Performance:
INFO (CarpetX):   total evolution time:            0.194097 sec
INFO (CarpetX):   total evolution compute time:    0.194057 sec
INFO (CarpetX):   total evolution output time:     4.05312e-05 sec
INFO (CarpetX):   total iterations:                5
INFO (CarpetX):   total cells updated:             20480
INFO (CarpetX):   average iterations per second: 25.7603
INFO (CarpetX):   average cell updates per second: 105514
INFO (CarpetX): OutputGH: iteration 6, time 0.023438, run time 1 s
INFO (CarpetX): OutputGH done.
INFO (CarpetX): Simulation time: 0.0234375   Iterations per second: 25.8161   Simulation time per second: 0.100844
INFO (CarpetX): Grid cells: 4096   Grid cell updates per second: 105743
INFO (CarpetX): Performance:
INFO (CarpetX):   total evolution time:            0.232413 sec
INFO (CarpetX):   total evolution compute time:    0.232365 sec
INFO (CarpetX):   total evolution output time:     4.76837e-05 sec
INFO (CarpetX):   total iterations:                6
INFO (CarpetX):   total cells updated:             24576
INFO (CarpetX):   average iterations per second: 25.8161
INFO (CarpetX):   average cell updates per second: 105743
INFO (CarpetX): OutputGH: iteration 7, time 0.027344, run time 1 s
INFO (CarpetX): OutputGH done.
INFO (CarpetX): Simulation time: 0.0273438   Iterations per second: 25.8414   Simulation time per second: 0.100943
INFO (CarpetX): Grid cells: 4096   Grid cell updates per second: 105846
INFO (CarpetX): Performance:
INFO (CarpetX):   total evolution time:            0.270883 sec
INFO (CarpetX):   total evolution compute time:    0.270826 sec
INFO (CarpetX):   total evolution output time:     5.67436e-05 sec
INFO (CarpetX):   total iterations:                7
INFO (CarpetX):   total cells updated:             28672
INFO (CarpetX):   average iterations per second: 25.8414
INFO (CarpetX):   average cell updates per second: 105846
INFO (CarpetX): OutputGH: iteration 8, time 0.031250, run time 1 s
INFO (CarpetX): OutputGH done.
INFO (CarpetX): Simulation time: 0.03125   Iterations per second: 25.8463   Simulation time per second: 0.100962
INFO (CarpetX): Grid cells: 4096   Grid cell updates per second: 105866
INFO (CarpetX): Performance:
INFO (CarpetX):   total evolution time:            0.309522 sec
INFO (CarpetX):   total evolution compute time:    0.309456 sec
INFO (CarpetX):   total evolution output time:     6.58035e-05 sec
INFO (CarpetX):   total iterations:                8
INFO (CarpetX):   total cells updated:             32768
INFO (CarpetX):   average iterations per second: 25.8463
INFO (CarpetX):   average cell updates per second: 105866
INFO (CarpetX): OutputGH: iteration 9, time 0.035156, run time 1 s
INFO (CarpetX): OutputGH done.
INFO (CarpetX): Simulation time: 0.0351562   Iterations per second: 25.8576   Simulation time per second: 0.101006
INFO (CarpetX): Grid cells: 4096   Grid cell updates per second: 105913
INFO (CarpetX): Performance:
INFO (CarpetX):   total evolution time:            0.34806 sec
INFO (CarpetX):   total evolution compute time:    0.347986 sec
INFO (CarpetX):   total evolution output time:     7.36713e-05 sec
INFO (CarpetX):   total iterations:                9
INFO (CarpetX):   total cells updated:             36864
INFO (CarpetX):   average iterations per second: 25.8576
INFO (CarpetX):   average cell updates per second: 105913
INFO (CarpetX): OutputGH: iteration 10, time 0.039062, run time 1 s
INFO (CarpetX): OutputGH done.
INFO (CarpetX): Simulation time: 0.0390625   Iterations per second: 25.8751   Simulation time per second: 0.101075
INFO (CarpetX): Grid cells: 4096   Grid cell updates per second: 105984
INFO (CarpetX): Performance:
INFO (CarpetX):   total evolution time:            0.386472 sec
INFO (CarpetX):   total evolution compute time:    0.38638 sec
INFO (CarpetX):   total evolution output time:     9.15527e-05 sec
INFO (CarpetX):   total iterations:                10
INFO (CarpetX):   total cells updated:             40960
INFO (CarpetX):   average iterations per second: 25.8751
INFO (CarpetX):   average cell updates per second: 105984
INFO (CarpetX): OutputGH: iteration 11, time 0.042969, run time 1 s
INFO (CarpetX): OutputGH done.
INFO (CarpetX): Simulation time: 0.0429688   Iterations per second: 25.8729   Simulation time per second: 0.101066
INFO (CarpetX): Grid cells: 4096   Grid cell updates per second: 105975
INFO (CarpetX): Performance:
INFO (CarpetX):   total evolution time:            0.425152 sec
INFO (CarpetX):   total evolution compute time:    0.425052 sec
INFO (CarpetX):   total evolution output time:     9.94205e-05 sec
INFO (CarpetX):   total iterations:                11
INFO (CarpetX):   total cells updated:             45056
INFO (CarpetX):   average iterations per second: 25.8731
INFO (CarpetX):   average cell updates per second: 105976
INFO (CarpetX): OutputGH: iteration 12, time 0.046875, run time 1 s
INFO (CarpetX): OutputGH done.
INFO (CarpetX): Simulation time: 0.046875   Iterations per second: 25.8769   Simulation time per second: 0.101082
INFO (CarpetX): Grid cells: 4096   Grid cell updates per second: 105992
INFO (CarpetX): Performance:
INFO (CarpetX):   total evolution time:            0.463743 sec
INFO (CarpetX):   total evolution compute time:    0.463635 sec
INFO (CarpetX):   total evolution output time:     0.000107527 sec
INFO (CarpetX):   total iterations:                12
INFO (CarpetX):   total cells updated:             49152
INFO (CarpetX):   average iterations per second: 25.8764
INFO (CarpetX):   average cell updates per second: 105990
INFO (CarpetX): OutputGH: iteration 13, time 0.050781, run time 1 s
INFO (CarpetX): OutputGH done.
INFO (CarpetX): Simulation time: 0.0507812   Iterations per second: 25.8962   Simulation time per second: 0.101157
INFO (CarpetX): Grid cells: 4096   Grid cell updates per second: 106071
INFO (CarpetX): Performance:
INFO (CarpetX):   total evolution time:            0.5021 sec
INFO (CarpetX):   total evolution compute time:    0.501985 sec
INFO (CarpetX):   total evolution output time:     0.000114679 sec
INFO (CarpetX):   total iterations:                13
INFO (CarpetX):   total cells updated:             53248
INFO (CarpetX):   average iterations per second: 25.8913
INFO (CarpetX):   average cell updates per second: 106051
INFO (CarpetX): OutputGH: iteration 14, time 0.054688, run time 1 s
INFO (CarpetX): OutputGH done.
INFO (CarpetX): Simulation time: 0.0546875   Iterations per second: 25.9121   Simulation time per second: 0.101219
INFO (CarpetX): Grid cells: 4096   Grid cell updates per second: 106136
INFO (CarpetX): Performance:
INFO (CarpetX):   total evolution time:            0.540478 sec
INFO (CarpetX):   total evolution compute time:    0.540355 sec
INFO (CarpetX):   total evolution output time:     0.000122786 sec
INFO (CarpetX):   total iterations:                14
INFO (CarpetX):   total cells updated:             57344
INFO (CarpetX):   average iterations per second: 25.903
INFO (CarpetX):   average cell updates per second: 106099
INFO (CarpetX): OutputGH: iteration 15, time 0.058594, run time 1 s
INFO (CarpetX): OutputGH done.
INFO (CarpetX): Simulation time: 0.0585938   Iterations per second: 25.9196   Simulation time per second: 0.101249
INFO (CarpetX): Grid cells: 4096   Grid cell updates per second: 106167
INFO (CarpetX): Performance:
INFO (CarpetX):   total evolution time:            0.578958 sec
INFO (CarpetX):   total evolution compute time:    0.578827 sec
INFO (CarpetX):   total evolution output time:     0.000130892 sec
INFO (CarpetX):   total iterations:                15
INFO (CarpetX):   total cells updated:             61440
INFO (CarpetX):   average iterations per second: 25.9086
INFO (CarpetX):   average cell updates per second: 106122
INFO (CarpetX): OutputGH: iteration 16, time 0.062500, run time 1 s
INFO (CarpetX): OutputGH done.
INFO (CarpetX): Simulation time: 0.0625   Iterations per second: 25.9167   Simulation time per second: 0.101237
INFO (CarpetX): Grid cells: 4096   Grid cell updates per second: 106155
INFO (CarpetX): Performance:
INFO (CarpetX):   total evolution time:            0.617582 sec
INFO (CarpetX):   total evolution compute time:    0.617442 sec
INFO (CarpetX):   total evolution output time:     0.000139952 sec
INFO (CarpetX):   total iterations:                16
INFO (CarpetX):   total cells updated:             65536
INFO (CarpetX):   average iterations per second: 25.9075
INFO (CarpetX):   average cell updates per second: 106117
INFO (CarpetX): OutputGH: iteration 17, time 0.066406, run time 1 s
INFO (CarpetX): OutputGH done.
INFO (CarpetX): Simulation time: 0.0664062   Iterations per second: 25.9105   Simulation time per second: 0.101213
INFO (CarpetX): Grid cells: 4096   Grid cell updates per second: 106129
INFO (CarpetX): Performance:
INFO (CarpetX):   total evolution time:            0.65626 sec
INFO (CarpetX):   total evolution compute time:    0.656111 sec
INFO (CarpetX):   total evolution output time:     0.000149012 sec
INFO (CarpetX):   total iterations:                17
INFO (CarpetX):   total cells updated:             69632
INFO (CarpetX):   average iterations per second: 25.9044
INFO (CarpetX):   average cell updates per second: 106104
INFO (CarpetX): OutputGH: iteration 18, time 0.070312, run time 1 s
INFO (CarpetX): OutputGH done.
INFO (CarpetX): Simulation time: 0.0703125   Iterations per second: 25.9176   Simulation time per second: 0.101241
INFO (CarpetX): Grid cells: 4096   Grid cell updates per second: 106159
INFO (CarpetX): Performance:
INFO (CarpetX):   total evolution time:            0.694748 sec
INFO (CarpetX):   total evolution compute time:    0.694591 sec
INFO (CarpetX):   total evolution output time:     0.000157118 sec
INFO (CarpetX):   total iterations:                18
INFO (CarpetX):   total cells updated:             73728
INFO (CarpetX):   average iterations per second: 25.9087
INFO (CarpetX):   average cell updates per second: 106122
INFO (CarpetX): OutputGH: iteration 19, time 0.074219, run time 1 s
INFO (CarpetX): OutputGH done.
INFO (CarpetX): Simulation time: 0.0742188   Iterations per second: 25.9128   Simulation time per second: 0.101222
INFO (CarpetX): Grid cells: 4096   Grid cell updates per second: 106139
INFO (CarpetX): Performance:
INFO (CarpetX):   total evolution time:            0.733404 sec
INFO (CarpetX):   total evolution compute time:    0.733238 sec
INFO (CarpetX):   total evolution output time:     0.000166178 sec
INFO (CarpetX):   total iterations:                19
INFO (CarpetX):   total cells updated:             77824
INFO (CarpetX):   average iterations per second: 25.9066
INFO (CarpetX):   average cell updates per second: 106113
INFO (CarpetX): OutputGH: iteration 20, time 0.078125, run time 1 s
INFO (CarpetX): OutputGH done.
INFO (CarpetX): Simulation time: 0.078125   Iterations per second: 25.9053   Simulation time per second: 0.101192
INFO (CarpetX): Grid cells: 4096   Grid cell updates per second: 106108
INFO (CarpetX): Performance:
INFO (CarpetX):   total evolution time:            0.772107 sec
INFO (CarpetX):   total evolution compute time:    0.771932 sec
INFO (CarpetX):   total evolution output time:     0.000175238 sec
INFO (CarpetX):   total iterations:                20
INFO (CarpetX):   total cells updated:             81920
INFO (CarpetX):   average iterations per second: 25.9031
INFO (CarpetX):   average cell updates per second: 106099
INFO (CarpetX): OutputGH: iteration 21, time 0.082031, run time 1 s
INFO (CarpetX): OutputGH done.
INFO (CarpetX): Simulation time: 0.0820312   Iterations per second: 25.9211   Simulation time per second: 0.101254
INFO (CarpetX): Grid cells: 4096   Grid cell updates per second: 106173
INFO (CarpetX): Performance:
INFO (CarpetX):   total evolution time:            0.810474 sec
INFO (CarpetX):   total evolution compute time:    0.810291 sec
INFO (CarpetX):   total evolution output time:     0.000183344 sec
INFO (CarpetX):   total iterations:                21
INFO (CarpetX):   total cells updated:             86016
INFO (CarpetX):   average iterations per second: 25.9108
INFO (CarpetX):   average cell updates per second: 106130
INFO (CarpetX): OutputGH: iteration 22, time 0.085938, run time 1 s
INFO (CarpetX): OutputGH done.
INFO (CarpetX): Simulation time: 0.0859375   Iterations per second: 25.9398   Simulation time per second: 0.101327
INFO (CarpetX): Grid cells: 4096   Grid cell updates per second: 106249
INFO (CarpetX): Performance:
INFO (CarpetX):   total evolution time:            0.848774 sec
INFO (CarpetX):   total evolution compute time:    0.848583 sec
INFO (CarpetX):   total evolution output time:     0.000190496 sec
INFO (CarpetX):   total iterations:                22
INFO (CarpetX):   total cells updated:             90112
INFO (CarpetX):   average iterations per second: 25.9197
INFO (CarpetX):   average cell updates per second: 106167
INFO (CarpetX): OutputGH: iteration 23, time 0.089844, run time 1 s
INFO (CarpetX): OutputGH done.
INFO (CarpetX): Simulation time: 0.0898438   Iterations per second: 25.9569   Simulation time per second: 0.101394
INFO (CarpetX): Grid cells: 4096   Grid cell updates per second: 106319
INFO (CarpetX): Performance:
INFO (CarpetX):   total evolution time:            0.887071 sec
INFO (CarpetX):   total evolution compute time:    0.886873 sec
INFO (CarpetX):   total evolution output time:     0.000197649 sec
INFO (CarpetX):   total iterations:                23
INFO (CarpetX):   total cells updated:             94208
INFO (CarpetX):   average iterations per second: 25.928
INFO (CarpetX):   average cell updates per second: 106201
INFO (CarpetX): OutputGH: iteration 24, time 0.093750, run time 1 s
INFO (CarpetX): OutputGH done.
INFO (CarpetX): Simulation time: 0.09375   Iterations per second: 25.9731   Simulation time per second: 0.101458
INFO (CarpetX): Grid cells: 4096   Grid cell updates per second: 106386
INFO (CarpetX): Performance:
INFO (CarpetX):   total evolution time:            0.925355 sec
INFO (CarpetX):   total evolution compute time:    0.92515 sec
INFO (CarpetX):   total evolution output time:     0.000204802 sec
INFO (CarpetX):   total iterations:                24
INFO (CarpetX):   total cells updated:             98304
INFO (CarpetX):   average iterations per second: 25.936
INFO (CarpetX):   average cell updates per second: 106234
INFO (CarpetX): OutputGH: iteration 25, time 0.097656, run time 1 s
INFO (CarpetX): OutputGH done.
INFO (CarpetX): Simulation time: 0.0976562   Iterations per second: 25.9826   Simulation time per second: 0.101495
INFO (CarpetX): Grid cells: 4096   Grid cell updates per second: 106425
INFO (CarpetX): Performance:
INFO (CarpetX):   total evolution time:            0.963716 sec
INFO (CarpetX):   total evolution compute time:    0.963503 sec
INFO (CarpetX):   total evolution output time:     0.000212908 sec
INFO (CarpetX):   total iterations:                25
INFO (CarpetX):   total cells updated:             102400
INFO (CarpetX):   average iterations per second: 25.9412
INFO (CarpetX):   average cell updates per second: 106255
INFO (CarpetX): OutputGH: iteration 26, time 0.101562, run time 1 s
INFO (CarpetX): OutputGH done.
INFO (CarpetX): Simulation time: 0.101562   Iterations per second: 25.9936   Simulation time per second: 0.101537
INFO (CarpetX): Grid cells: 4096   Grid cell updates per second: 106470
INFO (CarpetX): Performance:
INFO (CarpetX):   total evolution time:            1.00204 sec
INFO (CarpetX):   total evolution compute time:    1.00182 sec
INFO (CarpetX):   total evolution output time:     0.000221014 sec
INFO (CarpetX):   total iterations:                26
INFO (CarpetX):   total cells updated:             106496
INFO (CarpetX):   average iterations per second: 25.947
INFO (CarpetX):   average cell updates per second: 106279
INFO (CarpetX): OutputGH: iteration 27, time 0.105469, run time 1 s
INFO (CarpetX): OutputGH done.
INFO (CarpetX): Simulation time: 0.105469   Iterations per second: 25.9938   Simulation time per second: 0.101538
INFO (CarpetX): Grid cells: 4096   Grid cell updates per second: 106471
INFO (CarpetX): Performance:
INFO (CarpetX):   total evolution time:            1.04051 sec
INFO (CarpetX):   total evolution compute time:    1.04028 sec
INFO (CarpetX):   total evolution output time:     0.000229836 sec
INFO (CarpetX):   total iterations:                27
INFO (CarpetX):   total cells updated:             110592
INFO (CarpetX):   average iterations per second: 25.9489
INFO (CarpetX):   average cell updates per second: 106286
INFO (CarpetX): OutputGH: iteration 28, time 0.109375, run time 1 s
INFO (CarpetX): OutputGH done.
INFO (CarpetX): Simulation time: 0.109375   Iterations per second: 25.9943   Simulation time per second: 0.10154
INFO (CarpetX): Grid cells: 4096   Grid cell updates per second: 106473
INFO (CarpetX): Performance:
INFO (CarpetX):   total evolution time:            1.07897 sec
INFO (CarpetX):   total evolution compute time:    1.07873 sec
INFO (CarpetX):   total evolution output time:     0.000238895 sec
INFO (CarpetX):   total iterations:                28
INFO (CarpetX):   total cells updated:             114688
INFO (CarpetX):   average iterations per second: 25.9506
INFO (CarpetX):   average cell updates per second: 106294
INFO (CarpetX): OutputGH: iteration 29, time 0.113281, run time 2 s
INFO (CarpetX): OutputGH done.
INFO (CarpetX): Simulation time: 0.113281   Iterations per second: 25.9417   Simulation time per second: 0.101335
INFO (CarpetX): Grid cells: 4096   Grid cell updates per second: 106257
INFO (CarpetX): Performance:
INFO (CarpetX):   total evolution time:            1.11822 sec
INFO (CarpetX):   total evolution compute time:    1.11797 sec
INFO (CarpetX):   total evolution output time:     0.000248909 sec
INFO (CarpetX):   total iterations:                29
INFO (CarpetX):   total cells updated:             118784
INFO (CarpetX):   average iterations per second: 25.934
INFO (CarpetX):   average cell updates per second: 106226
INFO (CarpetX): OutputGH: iteration 30, time 0.117188, run time 2 s
INFO (CarpetX): OutputGH done.
INFO (CarpetX): Simulation time: 0.117188   Iterations per second: 25.9414   Simulation time per second: 0.101334
INFO (CarpetX): Grid cells: 4096   Grid cell updates per second: 106256
INFO (CarpetX): Performance:
INFO (CarpetX):   total evolution time:            1.15677 sec
INFO (CarpetX):   total evolution compute time:    1.15652 sec
INFO (CarpetX):   total evolution output time:     0.000257969 sec
INFO (CarpetX):   total iterations:                30
INFO (CarpetX):   total cells updated:             122880
INFO (CarpetX):   average iterations per second: 25.9342
INFO (CarpetX):   average cell updates per second: 106226
INFO (CarpetX): OutputGH: iteration 31, time 0.121094, run time 2 s
INFO (CarpetX): OutputGH done.
INFO (CarpetX): Simulation time: 0.121094   Iterations per second: 25.9433   Simulation time per second: 0.101341
INFO (CarpetX): Grid cells: 4096   Grid cell updates per second: 106264
INFO (CarpetX): Performance:
INFO (CarpetX):   total evolution time:            1.19529 sec
INFO (CarpetX):   total evolution compute time:    1.19503 sec
INFO (CarpetX):   total evolution output time:     0.000265837 sec
INFO (CarpetX):   total iterations:                31
INFO (CarpetX):   total cells updated:             126976
INFO (CarpetX):   average iterations per second: 25.935
INFO (CarpetX):   average cell updates per second: 106230
INFO (CarpetX): OutputGH: iteration 32, time 0.125000, run time 2 s
INFO (CarpetX): OutputGH done.
INFO (CarpetX): Simulation time: 0.125   Iterations per second: 25.9446   Simulation time per second: 0.101346
INFO (CarpetX): Grid cells: 4096   Grid cell updates per second: 106269
INFO (CarpetX): Performance:
INFO (CarpetX):   total evolution time:            1.23382 sec
INFO (CarpetX):   total evolution compute time:    1.23355 sec
INFO (CarpetX):   total evolution output time:     0.000274897 sec
INFO (CarpetX):   total iterations:                32
INFO (CarpetX):   total cells updated:             131072
INFO (CarpetX):   average iterations per second: 25.9357
INFO (CarpetX):   average cell updates per second: 106233
INFO (CarpetX): OutputGH: iteration 33, time 0.128906, run time 2 s
INFO (CarpetX): OutputGH done.
INFO (CarpetX): Simulation time: 0.128906   Iterations per second: 25.9588   Simulation time per second: 0.101402
INFO (CarpetX): Grid cells: 4096   Grid cell updates per second: 106327
INFO (CarpetX): Performance:
INFO (CarpetX):   total evolution time:            1.27215 sec
INFO (CarpetX):   total evolution compute time:    1.27187 sec
INFO (CarpetX):   total evolution output time:     0.000282764 sec
INFO (CarpetX):   total iterations:                33
INFO (CarpetX):   total cells updated:             135168
INFO (CarpetX):   average iterations per second: 25.9403
INFO (CarpetX):   average cell updates per second: 106251
INFO (CarpetX): OutputGH: iteration 34, time 0.132812, run time 2 s
INFO (CarpetX): OutputGH done.
INFO (CarpetX): Simulation time: 0.132812   Iterations per second: 25.9659   Simulation time per second: 0.101429
INFO (CarpetX): Grid cells: 4096   Grid cell updates per second: 106356
INFO (CarpetX): Performance:
INFO (CarpetX):   total evolution time:            1.31057 sec
INFO (CarpetX):   total evolution compute time:    1.31028 sec
INFO (CarpetX):   total evolution output time:     0.000289679 sec
INFO (CarpetX):   total iterations:                34
INFO (CarpetX):   total cells updated:             139264
INFO (CarpetX):   average iterations per second: 25.9429
INFO (CarpetX):   average cell updates per second: 106262
INFO (CarpetX): OutputGH: iteration 35, time 0.136719, run time 2 s
INFO (CarpetX): OutputGH done.
INFO (CarpetX): Simulation time: 0.136719   Iterations per second: 25.9791   Simulation time per second: 0.101481
INFO (CarpetX): Grid cells: 4096   Grid cell updates per second: 106410
INFO (CarpetX): Performance:
INFO (CarpetX):   total evolution time:            1.34889 sec
INFO (CarpetX):   total evolution compute time:    1.34859 sec
INFO (CarpetX):   total evolution output time:     0.000296831 sec
INFO (CarpetX):   total iterations:                35
INFO (CarpetX):   total cells updated:             143360
INFO (CarpetX):   average iterations per second: 25.9473
INFO (CarpetX):   average cell updates per second: 106280
INFO (CarpetX): OutputGH: iteration 36, time 0.140625, run time 2 s
INFO (CarpetX): OutputGH done.
INFO (CarpetX): Simulation time: 0.140625   Iterations per second: 25.9954   Simulation time per second: 0.101544
INFO (CarpetX): Grid cells: 4096   Grid cell updates per second: 106477
INFO (CarpetX): Performance:
INFO (CarpetX):   total evolution time:            1.38714 sec
INFO (CarpetX):   total evolution compute time:    1.38684 sec
INFO (CarpetX):   total evolution output time:     0.000303984 sec
INFO (CarpetX):   total iterations:                36
INFO (CarpetX):   total cells updated:             147456
INFO (CarpetX):   average iterations per second: 25.9527
INFO (CarpetX):   average cell updates per second: 106302
INFO (CarpetX): OutputGH: iteration 37, time 0.144531, run time 2 s
INFO (CarpetX): OutputGH done.
INFO (CarpetX): Simulation time: 0.144531   Iterations per second: 25.9942   Simulation time per second: 0.10154
INFO (CarpetX): Grid cells: 4096   Grid cell updates per second: 106472
INFO (CarpetX): Performance:
INFO (CarpetX):   total evolution time:            1.42563 sec
INFO (CarpetX):   total evolution compute time:    1.42531 sec
INFO (CarpetX):   total evolution output time:     0.000313044 sec
INFO (CarpetX):   total iterations:                37
INFO (CarpetX):   total cells updated:             151552
INFO (CarpetX):   average iterations per second: 25.9535
INFO (CarpetX):   average cell updates per second: 106306
INFO (CarpetX): OutputGH: iteration 38, time 0.148438, run time 2 s
INFO (CarpetX): OutputGH done.
INFO (CarpetX): Simulation time: 0.148438   Iterations per second: 25.9828   Simulation time per second: 0.101495
INFO (CarpetX): Grid cells: 4096   Grid cell updates per second: 106425
INFO (CarpetX): Performance:
INFO (CarpetX):   total evolution time:            1.46426 sec
INFO (CarpetX):   total evolution compute time:    1.46393 sec
INFO (CarpetX):   total evolution output time:     0.000333071 sec
INFO (CarpetX):   total iterations:                38
INFO (CarpetX):   total cells updated:             155648
INFO (CarpetX):   average iterations per second: 25.9516
INFO (CarpetX):   average cell updates per second: 106298
INFO (CarpetX): OutputGH: iteration 39, time 0.152344, run time 2 s
INFO (CarpetX): OutputGH done.
INFO (CarpetX): Simulation time: 0.152344   Iterations per second: 25.976   Simulation time per second: 0.101469
INFO (CarpetX): Grid cells: 4096   Grid cell updates per second: 106398
INFO (CarpetX): Performance:
INFO (CarpetX):   total evolution time:            1.50285 sec
INFO (CarpetX):   total evolution compute time:    1.50251 sec
INFO (CarpetX):   total evolution output time:     0.000341177 sec
INFO (CarpetX):   total iterations:                39
INFO (CarpetX):   total cells updated:             159744
INFO (CarpetX):   average iterations per second: 25.9507
INFO (CarpetX):   average cell updates per second: 106294
INFO (CarpetX): OutputGH: iteration 40, time 0.156250, run time 2 s
INFO (CarpetX): OutputGH done.
INFO (CarpetX): Simulation time: 0.15625   Iterations per second: 25.9636   Simulation time per second: 0.10142
INFO (CarpetX): Grid cells: 4096   Grid cell updates per second: 106347
INFO (CarpetX): Performance:
INFO (CarpetX):   total evolution time:            1.54153 sec
INFO (CarpetX):   total evolution compute time:    1.54118 sec
INFO (CarpetX):   total evolution output time:     0.000349045 sec
INFO (CarpetX):   total iterations:                40
INFO (CarpetX):   total cells updated:             163840
INFO (CarpetX):   average iterations per second: 25.9482
INFO (CarpetX):   average cell updates per second: 106284
INFO (CarpetX): OutputGH: iteration 41, time 0.160156, run time 2 s
INFO (CarpetX): OutputGH done.
INFO (CarpetX): Simulation time: 0.160156   Iterations per second: 25.9441   Simulation time per second: 0.101344
INFO (CarpetX): Grid cells: 4096   Grid cell updates per second: 106267
INFO (CarpetX): Performance:
INFO (CarpetX):   total evolution time:            1.58034 sec
INFO (CarpetX):   total evolution compute time:    1.57998 sec
INFO (CarpetX):   total evolution output time:     0.000358105 sec
INFO (CarpetX):   total iterations:                41
INFO (CarpetX):   total cells updated:             167936
INFO (CarpetX):   average iterations per second: 25.9438
INFO (CarpetX):   average cell updates per second: 106266
INFO (CarpetX): OutputGH: iteration 42, time 0.164062, run time 2 s
INFO (CarpetX): OutputGH done.
INFO (CarpetX): Simulation time: 0.164062   Iterations per second: 25.927   Simulation time per second: 0.101277
INFO (CarpetX): Grid cells: 4096   Grid cell updates per second: 106197
INFO (CarpetX): Performance:
INFO (CarpetX):   total evolution time:            1.61914 sec
INFO (CarpetX):   total evolution compute time:    1.61877 sec
INFO (CarpetX):   total evolution output time:     0.000365019 sec
INFO (CarpetX):   total iterations:                42
INFO (CarpetX):   total cells updated:             172032
INFO (CarpetX):   average iterations per second: 25.9398
INFO (CarpetX):   average cell updates per second: 106249
INFO (CarpetX): OutputGH: iteration 43, time 0.167969, run time 2 s
INFO (CarpetX): OutputGH done.
INFO (CarpetX): Simulation time: 0.167969   Iterations per second: 25.9123   Simulation time per second: 0.10122
INFO (CarpetX): Grid cells: 4096   Grid cell updates per second: 106137
INFO (CarpetX): Performance:
INFO (CarpetX):   total evolution time:            1.65792 sec
INFO (CarpetX):   total evolution compute time:    1.65755 sec
INFO (CarpetX):   total evolution output time:     0.000374079 sec
INFO (CarpetX):   total iterations:                43
INFO (CarpetX):   total cells updated:             176128
INFO (CarpetX):   average iterations per second: 25.9361
INFO (CarpetX):   average cell updates per second: 106234
INFO (CarpetX): OutputGH: iteration 44, time 0.171875, run time 2 s
INFO (CarpetX): OutputGH done.
INFO (CarpetX): Simulation time: 0.171875   Iterations per second: 25.9169   Simulation time per second: 0.101238
INFO (CarpetX): Grid cells: 4096   Grid cell updates per second: 106156
INFO (CarpetX): Performance:
INFO (CarpetX):   total evolution time:            1.69645 sec
INFO (CarpetX):   total evolution compute time:    1.69607 sec
INFO (CarpetX):   total evolution output time:     0.000381947 sec
INFO (CarpetX):   total iterations:                44
INFO (CarpetX):   total cells updated:             180224
INFO (CarpetX):   average iterations per second: 25.9366
INFO (CarpetX):   average cell updates per second: 106236
INFO (CarpetX): OutputGH: iteration 45, time 0.175781, run time 2 s
INFO (CarpetX): OutputGH done.
INFO (CarpetX): Simulation time: 0.175781   Iterations per second: 25.9159   Simulation time per second: 0.101234
INFO (CarpetX): Grid cells: 4096   Grid cell updates per second: 106151
INFO (CarpetX): Performance:
INFO (CarpetX):   total evolution time:            1.73505 sec
INFO (CarpetX):   total evolution compute time:    1.73466 sec
INFO (CarpetX):   total evolution output time:     0.000389814 sec
INFO (CarpetX):   total iterations:                45
INFO (CarpetX):   total cells updated:             184320
INFO (CarpetX):   average iterations per second: 25.9359
INFO (CarpetX):   average cell updates per second: 106233
INFO (CarpetX): OutputGH: iteration 46, time 0.179688, run time 2 s
INFO (CarpetX): OutputGH done.
INFO (CarpetX): Simulation time: 0.179688   Iterations per second: 25.918   Simulation time per second: 0.101242
INFO (CarpetX): Grid cells: 4096   Grid cell updates per second: 106160
INFO (CarpetX): Performance:
INFO (CarpetX):   total evolution time:            1.7736 sec
INFO (CarpetX):   total evolution compute time:    1.7732 sec
INFO (CarpetX):   total evolution output time:     0.000399828 sec
INFO (CarpetX):   total iterations:                46
INFO (CarpetX):   total cells updated:             188416
INFO (CarpetX):   average iterations per second: 25.9359
INFO (CarpetX):   average cell updates per second: 106234
INFO (CarpetX): OutputGH: iteration 47, time 0.183594, run time 2 s
INFO (CarpetX): OutputGH done.
INFO (CarpetX): Simulation time: 0.183594   Iterations per second: 25.9162   Simulation time per second: 0.101235
INFO (CarpetX): Grid cells: 4096   Grid cell updates per second: 106153
INFO (CarpetX): Performance:
INFO (CarpetX):   total evolution time:            1.81221 sec
INFO (CarpetX):   total evolution compute time:    1.8118 sec
INFO (CarpetX):   total evolution output time:     0.000408888 sec
INFO (CarpetX):   total iterations:                47
INFO (CarpetX):   total cells updated:             192512
INFO (CarpetX):   average iterations per second: 25.9352
INFO (CarpetX):   average cell updates per second: 106230
INFO (CarpetX): OutputGH: iteration 48, time 0.187500, run time 2 s
INFO (CarpetX): OutputGH done.
INFO (CarpetX): Simulation time: 0.1875   Iterations per second: 25.9111   Simulation time per second: 0.101215
INFO (CarpetX): Grid cells: 4096   Grid cell updates per second: 106132
INFO (CarpetX): Performance:
INFO (CarpetX):   total evolution time:            1.85087 sec
INFO (CarpetX):   total evolution compute time:    1.85046 sec
INFO (CarpetX):   total evolution output time:     0.000416756 sec
INFO (CarpetX):   total iterations:                48
INFO (CarpetX):   total cells updated:             196608
INFO (CarpetX):   average iterations per second: 25.9337
INFO (CarpetX):   average cell updates per second: 106224
INFO (CarpetX): OutputGH: iteration 49, time 0.191406, run time 2 s
INFO (CarpetX): OutputGH done.
INFO (CarpetX): Simulation time: 0.191406   Iterations per second: 25.9098   Simulation time per second: 0.10121
INFO (CarpetX): Grid cells: 4096   Grid cell updates per second: 106127
INFO (CarpetX): Performance:
INFO (CarpetX):   total evolution time:            1.88949 sec
INFO (CarpetX):   total evolution compute time:    1.88906 sec
INFO (CarpetX):   total evolution output time:     0.000424862 sec
INFO (CarpetX):   total iterations:                49
INFO (CarpetX):   total cells updated:             200704
INFO (CarpetX):   average iterations per second: 25.933
INFO (CarpetX):   average cell updates per second: 106221
INFO (CarpetX): OutputGH: iteration 50, time 0.195312, run time 2 s
INFO (CarpetX): OutputGH done.
INFO (CarpetX): Simulation time: 0.195312   Iterations per second: 25.9056   Simulation time per second: 0.101194
INFO (CarpetX): Grid cells: 4096   Grid cell updates per second: 106109
INFO (CarpetX): Performance:
INFO (CarpetX):   total evolution time:            1.92815 sec
INFO (CarpetX):   total evolution compute time:    1.92771 sec
INFO (CarpetX):   total evolution output time:     0.000433683 sec
INFO (CarpetX):   total iterations:                50
INFO (CarpetX):   total cells updated:             204800
INFO (CarpetX):   average iterations per second: 25.9317
INFO (CarpetX):   average cell updates per second: 106216
INFO (CarpetX): OutputGH: iteration 51, time 0.199219, run time 2 s
INFO (CarpetX): OutputGH done.
INFO (CarpetX): Simulation time: 0.199219   Iterations per second: 25.906   Simulation time per second: 0.101195
INFO (CarpetX): Grid cells: 4096   Grid cell updates per second: 106111
INFO (CarpetX): Performance:
INFO (CarpetX):   total evolution time:            1.96674 sec
INFO (CarpetX):   total evolution compute time:    1.9663 sec
INFO (CarpetX):   total evolution output time:     0.000441551 sec
INFO (CarpetX):   total iterations:                51
INFO (CarpetX):   total cells updated:             208896
INFO (CarpetX):   average iterations per second: 25.9312
INFO (CarpetX):   average cell updates per second: 106214
INFO (CarpetX): OutputGH: iteration 52, time 0.203125, run time 2 s
INFO (CarpetX): OutputGH done.
INFO (CarpetX): Simulation time: 0.203125   Iterations per second: 25.8957   Simulation time per second: 0.101155
INFO (CarpetX): Grid cells: 4096   Grid cell updates per second: 106069
INFO (CarpetX): Performance:
INFO (CarpetX):   total evolution time:            2.0055 sec
INFO (CarpetX):   total evolution compute time:    2.00505 sec
INFO (CarpetX):   total evolution output time:     0.000449657 sec
INFO (CarpetX):   total iterations:                52
INFO (CarpetX):   total cells updated:             212992
INFO (CarpetX):   average iterations per second: 25.9288
INFO (CarpetX):   average cell updates per second: 106204
INFO (CarpetX): OutputGH: iteration 53, time 0.207031, run time 2 s
INFO (CarpetX): OutputGH done.
INFO (CarpetX): Simulation time: 0.207031   Iterations per second: 25.8931   Simulation time per second: 0.101145
INFO (CarpetX): Grid cells: 4096   Grid cell updates per second: 106058
INFO (CarpetX): Performance:
INFO (CarpetX):   total evolution time:            2.04415 sec
INFO (CarpetX):   total evolution compute time:    2.04369 sec
INFO (CarpetX):   total evolution output time:     0.000457764 sec
INFO (CarpetX):   total iterations:                53
INFO (CarpetX):   total cells updated:             217088
INFO (CarpetX):   average iterations per second: 25.9276
INFO (CarpetX):   average cell updates per second: 106200
INFO (CarpetX): OutputGH: iteration 54, time 0.210938, run time 2 s
INFO (CarpetX): OutputGH done.
INFO (CarpetX): Simulation time: 0.210938   Iterations per second: 25.8903   Simulation time per second: 0.101134
INFO (CarpetX): Grid cells: 4096   Grid cell updates per second: 106047
INFO (CarpetX): Performance:
INFO (CarpetX):   total evolution time:            2.08281 sec
INFO (CarpetX):   total evolution compute time:    2.08235 sec
INFO (CarpetX):   total evolution output time:     0.00046587 sec
INFO (CarpetX):   total iterations:                54
INFO (CarpetX):   total cells updated:             221184
INFO (CarpetX):   average iterations per second: 25.9265
INFO (CarpetX):   average cell updates per second: 106195
INFO (CarpetX): OutputGH: iteration 55, time 0.214844, run time 3 s
INFO (CarpetX): OutputGH done.
INFO (CarpetX): Simulation time: 0.214844   Iterations per second: 25.8806   Simulation time per second: 0.101096
INFO (CarpetX): Grid cells: 4096   Grid cell updates per second: 106007
INFO (CarpetX): Performance:
INFO (CarpetX):   total evolution time:            2.12158 sec
INFO (CarpetX):   total evolution compute time:    2.12111 sec
INFO (CarpetX):   total evolution output time:     0.00047493 sec
INFO (CarpetX):   total iterations:                55
INFO (CarpetX):   total cells updated:             225280
INFO (CarpetX):   average iterations per second: 25.9241
INFO (CarpetX):   average cell updates per second: 106185
INFO (CarpetX): OutputGH: iteration 56, time 0.218750, run time 3 s
INFO (CarpetX): OutputGH done.
INFO (CarpetX): Simulation time: 0.21875   Iterations per second: 25.8698   Simulation time per second: 0.101054
INFO (CarpetX): Grid cells: 4096   Grid cell updates per second: 105963
INFO (CarpetX): Performance:
INFO (CarpetX):   total evolution time:            2.16038 sec
INFO (CarpetX):   total evolution compute time:    2.1599 sec
INFO (CarpetX):   total evolution output time:     0.000486135 sec
INFO (CarpetX):   total iterations:                56
INFO (CarpetX):   total cells updated:             229376
INFO (CarpetX):   average iterations per second: 25.9213
INFO (CarpetX):   average cell updates per second: 106174
INFO (CarpetX): OutputGH: iteration 57, time 0.222656, run time 3 s
INFO (CarpetX): OutputGH done.
INFO (CarpetX): Simulation time: 0.222656   Iterations per second: 25.8785   Simulation time per second: 0.101088
INFO (CarpetX): Grid cells: 4096   Grid cell updates per second: 105998
INFO (CarpetX): Performance:
INFO (CarpetX):   total evolution time:            2.19891 sec
INFO (CarpetX):   total evolution compute time:    2.19841 sec
INFO (CarpetX):   total evolution output time:     0.00049305 sec
INFO (CarpetX):   total iterations:                57
INFO (CarpetX):   total cells updated:             233472
INFO (CarpetX):   average iterations per second: 25.922
INFO (CarpetX):   average cell updates per second: 106176
INFO (CarpetX): OutputGH: iteration 58, time 0.226562, run time 3 s
INFO (CarpetX): OutputGH done.
INFO (CarpetX): Simulation time: 0.226562   Iterations per second: 25.8869   Simulation time per second: 0.101121
INFO (CarpetX): Grid cells: 4096   Grid cell updates per second: 106033
INFO (CarpetX): Performance:
INFO (CarpetX):   total evolution time:            2.23742 sec
INFO (CarpetX):   total evolution compute time:    2.23692 sec
INFO (CarpetX):   total evolution output time:     0.000499964 sec
INFO (CarpetX):   total iterations:                58
INFO (CarpetX):   total cells updated:             237568
INFO (CarpetX):   average iterations per second: 25.9227
INFO (CarpetX):   average cell updates per second: 106179
INFO (CarpetX): OutputGH: iteration 59, time 0.230469, run time 3 s
INFO (CarpetX): OutputGH done.
INFO (CarpetX): Simulation time: 0.230469   Iterations per second: 25.8916   Simulation time per second: 0.101139
INFO (CarpetX): Grid cells: 4096   Grid cell updates per second: 106052
INFO (CarpetX): Performance:
INFO (CarpetX):   total evolution time:            2.27598 sec
INFO (CarpetX):   total evolution compute time:    2.27547 sec
INFO (CarpetX):   total evolution output time:     0.000509977 sec
INFO (CarpetX):   total iterations:                59
INFO (CarpetX):   total cells updated:             241664
INFO (CarpetX):   average iterations per second: 25.9229
INFO (CarpetX):   average cell updates per second: 106180
INFO (CarpetX): OutputGH: iteration 60, time 0.234375, run time 3 s
INFO (CarpetX): OutputGH done.
INFO (CarpetX): Simulation time: 0.234375   Iterations per second: 25.882   Simulation time per second: 0.101101
INFO (CarpetX): Grid cells: 4096   Grid cell updates per second: 106012
INFO (CarpetX): Performance:
INFO (CarpetX):   total evolution time:            2.31475 sec
INFO (CarpetX):   total evolution compute time:    2.31423 sec
INFO (CarpetX):   total evolution output time:     0.000519037 sec
INFO (CarpetX):   total iterations:                60
INFO (CarpetX):   total cells updated:             245760
INFO (CarpetX):   average iterations per second: 25.9207
INFO (CarpetX):   average cell updates per second: 106171
INFO (CarpetX): OutputGH: iteration 61, time 0.238281, run time 3 s
INFO (CarpetX): OutputGH done.
INFO (CarpetX): Simulation time: 0.238281   Iterations per second: 25.8872   Simulation time per second: 0.101122
INFO (CarpetX): Grid cells: 4096   Grid cell updates per second: 106034
INFO (CarpetX): Performance:
INFO (CarpetX):   total evolution time:            2.35331 sec
INFO (CarpetX):   total evolution compute time:    2.35278 sec
INFO (CarpetX):   total evolution output time:     0.000526905 sec
INFO (CarpetX):   total iterations:                61
INFO (CarpetX):   total cells updated:             249856
INFO (CarpetX):   average iterations per second: 25.9209
INFO (CarpetX):   average cell updates per second: 106172
INFO (CarpetX): OutputGH: iteration 62, time 0.242188, run time 3 s
INFO (CarpetX): OutputGH done.
INFO (CarpetX): Simulation time: 0.242188   Iterations per second: 25.8916   Simulation time per second: 0.101139
INFO (CarpetX): Grid cells: 4096   Grid cell updates per second: 106052
INFO (CarpetX): Performance:
INFO (CarpetX):   total evolution time:            2.39187 sec
INFO (CarpetX):   total evolution compute time:    2.39134 sec
INFO (CarpetX):   total evolution output time:     0.000535011 sec
INFO (CarpetX):   total iterations:                62
INFO (CarpetX):   total cells updated:             253952
INFO (CarpetX):   average iterations per second: 25.9211
INFO (CarpetX):   average cell updates per second: 106173
INFO (CarpetX): OutputGH: iteration 63, time 0.246094, run time 3 s
INFO (CarpetX): OutputGH done.
INFO (CarpetX): Simulation time: 0.246094   Iterations per second: 25.8942   Simulation time per second: 0.101149
INFO (CarpetX): Grid cells: 4096   Grid cell updates per second: 106063
INFO (CarpetX): Performance:
INFO (CarpetX):   total evolution time:            2.43046 sec
INFO (CarpetX):   total evolution compute time:    2.42991 sec
INFO (CarpetX):   total evolution output time:     0.000543118 sec
INFO (CarpetX):   total iterations:                63
INFO (CarpetX):   total cells updated:             258048
INFO (CarpetX):   average iterations per second: 25.9211
INFO (CarpetX):   average cell updates per second: 106173
INFO (CarpetX): OutputGH: iteration 64, time 0.250000, run time 3 s
INFO (CarpetX): OutputGH done.
INFO (CarpetX): Simulation time: 0.25   Iterations per second: 14.3504   Simulation time per second: 0.0560561
INFO (CarpetX): Grid cells: 4096   Grid cell updates per second: 58779.1
INFO (CarpetX): Performance:
INFO (CarpetX):   total evolution time:            2.77973 sec
INFO (CarpetX):   total evolution compute time:    2.47279 sec
INFO (CarpetX):   total evolution output time:     0.306944 sec
INFO (CarpetX):   total iterations:                64
INFO (CarpetX):   total cells updated:             262144
INFO (CarpetX):   average iterations per second: 23.0238
INFO (CarpetX):   average cell updates per second: 94305.4
INFO (CarpetX): Shutting down...
AMReX (25.11) finalized
--------------------------------------------------------------------------------
Done.
+ echo Stopping:
Stopping:
+ date
Sun Oct  4 21:23:47 UTC 2026
+ echo Done.
Done.
  Elapsed time: 3.7 s
