/home/runner/simulations/TestJob01_temp_1/output-0000/TEST/sim/CanudaX_BSSNMoL
Preparing:
+ set -e
+ cd output-0000-active
+ echo Checking:
Checking:
+ pwd
/home/runner/simulations/TestJob01_temp_1/output-0000/TEST/sim/CanudaX_BSSNMoL/output-0000-active
+ hostname
runnervm1li68
+ date
Sat Jun 13 05:54:49 UTC 2026
+ echo Environment:
Environment:
+ export CACTUS_NUM_PROCS=1
+ CACTUS_NUM_PROCS=1
+ export CACTUS_NUM_THREADS=2
+ CACTUS_NUM_THREADS=2
+ export GMON_OUT_PREFIX=gmon.out
+ GMON_OUT_PREFIX=gmon.out
+ export OMP_NUM_THREADS=2
+ OMP_NUM_THREADS=2
+ env
+ sort
+ echo Starting:
Starting:
++ date +%s
+ export CACTUS_STARTTIME=1781330089
+ CACTUS_STARTTIME=1781330089
+ '[' 1 = 1 ']'
+ '[' 0 -eq 0 ']'
+ /home/runner/simulations/TestJob01_temp_1/SIMFACTORY/exe/cactus_sim -L 3 /home/runner/simulations/TestJob01_temp_1/output-0000/arrangements/CanudaX/CanudaX_BSSNMoL/test/gaugewave.par
INFO (Cactus): Increased logging level from 0 to 3
--------------------------------------------------------------------------------

       10                                  
  1   0101       ************************  
  01  1010 10      The Cactus Code V4.20.0    
 1010 1101 011      www.cactuscode.org     
  1001 100101    ************************  
    00010101                               
     100011     (c) Copyright The Authors  
      0100      GNU Licensed. No Warranty  
      0101                                 
--------------------------------------------------------------------------------

Cactus version:    4.20.0
Compile date:      Jun 13 2026 (05:51:57)
Run date:          Jun 13 2026 (05:54:50+0000)
Run host:          runnervm1li68.ttowg2p5rwme3olsz1a0ysywbg.cx.internal.cloudapp.net (pid=173343)
Working directory: /home/runner/simulations/TestJob01_temp_1/output-0000/TEST/sim/CanudaX_BSSNMoL
Executable:        /home/runner/simulations/TestJob01_temp_1/SIMFACTORY/exe/cactus_sim
Parameter file:    /home/runner/simulations/TestJob01_temp_1/output-0000/arrangements/CanudaX/CanudaX_BSSNMoL/test/gaugewave.par
--------------------------------------------------------------------------------

Activating thorn Cactus...Success -> active implementation Cactus
Activation requested for 
--->ADMBaseX CanudaX_BSSNMoL CanudaX_ExactID CarpetX IOUtil ODESolvers TmunuBaseX<---
Thorn ADMBaseX requests automatic activation of Loop
Thorn CarpetX requests automatic activation of AMReX
Thorn CarpetX requests automatic activation of MPI
Thorn CarpetX requests automatic activation of yaml_cpp
Thorn CarpetX requests automatic activation of zlib
Thorn CarpetX requests automatic activation of Arith
Thorn CarpetX requests automatic activation of CarpetXRegrid
Thorn CarpetX requests automatic activation of ADIOS2
Thorn CarpetX requests automatic activation of openPMD
Thorn CarpetX requests automatic activation of Silo
Thorn ADIOS2 requests automatic activation of CMake
Thorn Arith requests automatic activation of NSIMD
Thorn MPI requests automatic activation of hwloc
Thorn openPMD requests automatic activation of HDF5
Activating thorn ADIOS2...Success -> active implementation ADIOS2
Activating thorn ADMBaseX...Success -> active implementation ADMBaseX
Activating thorn AMReX...Success -> active implementation AMReX
Activating thorn Arith...Success -> active implementation Arith
Activating thorn CanudaX_BSSNMoL...Success -> active implementation CanudaX_BSSNMoL
Activating thorn CanudaX_ExactID...Success -> active implementation CanudaX_ExactID
Activating thorn CarpetX...Success -> active implementation Driver
Activating thorn CarpetXRegrid...Success -> active implementation CarpetXRegrid
Activating thorn CMake...Success -> active implementation CMake
Activating thorn HDF5...Success -> active implementation HDF5
Activating thorn hwloc...Success -> active implementation hwloc
Activating thorn IOUtil...Success -> active implementation IO
Activating thorn Loop...Success -> active implementation Loop
Activating thorn MPI...Success -> active implementation MPI
Activating thorn NSIMD...Success -> active implementation NSIMD
Activating thorn ODESolvers...Success -> active implementation ODESolvers
Activating thorn openPMD...Success -> active implementation openPMD
Activating thorn Silo...Success -> active implementation Silo
Activating thorn TmunuBaseX...Success -> active implementation TmunuBaseX
Activating thorn yaml_cpp...Success -> active implementation yaml_cpp
Activating thorn zlib...Success -> active implementation zlib
--------------------------------------------------------------------------------
  if (recover initial data)
    Recover parameters
  endif

  Startup routines
    [CCTK_STARTUP]
      CarpetX::Driver_Startup: Start up the driver
      IOUtil::IOUtil_Startup: Startup routine
      GROUP hwloc_startup: hwloc startup group
        hwloc::hwloc_version: Output hwloc version

  Startup routines which need an existing grid hierarchy
    [CCTK_WRAGH]
      Arith::Test_smallvector: [meta] Test small vectors
      Arith::Test_spvect: [meta] Test sparse vectors
      ODESolvers::ODESolvers_InitConstants: [global] Set up dummy loop counters for schedule printout
  Parameter checking routines
    [CCTK_PARAMCHECK]
      CanudaX_BSSNMoL::CanudaX_BSSNMoL_paramcheck: Check CanudaX_BSSNMoL parameters for consistency

  Initialisation
    if (NOT (recover initial data AND recovery_mode is 'strict'))
      [CCTK_PREREGRIDINITIAL]
      Set up grid hierarchy
      [CCTK_POSTREGRIDINITIAL]
      [CCTK_BASEGRID]
        CarpetXRegrid::CarpetXRegrid_InitError: Initialize regridding error to zero
        GROUP ODESolvers_BaseGrid: Set up constants (e.g. coordinates) everywhere on the grid
      [CCTK_INITIAL]
        GROUP TmunuBaseX_SetTmunuVars: Schedule group for setting T_munu
          TmunuBaseX::TmunuBaseX_ZeroTmunu: Set T_munu to zero
          GROUP TmunuBaseX_AddToTmunu: Add to T_munu here
        GROUP ODESolvers_Initial: Set up initial conditions on interior of state vector
          GROUP ADMBaseX_InitialData: Schedule group for calculating ADM initial data
            GROUP CanudaX_ExactIDGroup: CanudaX_ExactID group for setting up initial data
              CanudaX_ExactID::CanudaX_ExactID_GaugeWave: [local] Create gauge wave initial data
          GROUP ADMBaseX_InitialGauge: Schedule group for the ADM initial gauge condition
            ADMBaseX::ADMBaseX_initial_dtlapse: Set dtlapse to zero
            ADMBaseX::ADMBaseX_initial_dtshift: Set dtshift to zero
          GROUP ADMBaseX_PostInitial: Schedule group for modifying the ADM initial data, such as e.g. adding noise
        GROUP CanudaX_BSSNMoL_InitialGroup: CanudaX_BSSNMoL: initial bin
          CanudaX_BSSNMoL::CanudaX_BSSNMoL_adm2bssn: [local] Convert initial data into BSSN variables
          CanudaX_BSSNMoL::CanudaX_BSSNMoL_gammat: [local] Set Gammat initial data
      [CCTK_POSTINITIAL]
        GROUP ODESolvers_PostStep: Apply boundary conditions to state vector, and project if necessary
          GROUP CanudaX_BSSNMoL_PostStepGroup: CanudaX_BSSNMoL: post-step operations
            CanudaX_BSSNMoL::CanudaX_BSSNMoL_impose_conf_fac_floor: Make sure conformal factor does not drop below specified value
            CanudaX_BSSNMoL::CanudaX_BSSNMoL_reset_detmetric: reset dethh = 1
            CanudaX_BSSNMoL::CanudaX_BSSNMoL_remove_trA: Remove trace of A
            CanudaX_BSSNMoL::CanudaX_BSSNMoL_sync: [global] Sync state vector
            CanudaX_BSSNMoL::CanudaX_BSSNMoL_bssn2adm: [local] Convert variables back to the ADM ones
          GROUP ADMBaseX_SetADMRHS: Set ADM RHS variables in this group
          GROUP ADMBaseX_SetADMVars: Set ADM variables in this group
          GROUP TmunuBaseX_SetTmunuVars: Schedule group for setting T_munu
            TmunuBaseX::TmunuBaseX_ZeroTmunu: Set T_munu to zero
            GROUP TmunuBaseX_AddToTmunu: Add to T_munu here
        GROUP ODESolvers_EstimateError: Estimate discretization error (for regridding)
      Initialise finer grids recursively
      Restrict from finer grids
      [CCTK_POSTRESTRICTINITIAL]
      [CCTK_POSTPOSTINITIAL]
      [CCTK_POSTSTEP]
        GROUP ODESolvers_EstimateError: Estimate discretization error (for regridding)
    endif
    if (recover initial data)
      [CCTK_BASEGRID]
        CarpetXRegrid::CarpetXRegrid_InitError: Initialize regridding error to zero
        GROUP ODESolvers_BaseGrid: Set up constants (e.g. coordinates) everywhere on the grid
      [CCTK_RECOVER_VARIABLES]
      [CCTK_POST_RECOVER_VARIABLES]
        GROUP ODESolvers_PostStep: Apply boundary conditions to state vector, and project if necessary
          GROUP CanudaX_BSSNMoL_PostStepGroup: CanudaX_BSSNMoL: post-step operations
            CanudaX_BSSNMoL::CanudaX_BSSNMoL_impose_conf_fac_floor: Make sure conformal factor does not drop below specified value
            CanudaX_BSSNMoL::CanudaX_BSSNMoL_reset_detmetric: reset dethh = 1
            CanudaX_BSSNMoL::CanudaX_BSSNMoL_remove_trA: Remove trace of A
            CanudaX_BSSNMoL::CanudaX_BSSNMoL_sync: [global] Sync state vector
            CanudaX_BSSNMoL::CanudaX_BSSNMoL_bssn2adm: [local] Convert variables back to the ADM ones
          GROUP ADMBaseX_SetADMRHS: Set ADM RHS variables in this group
          GROUP ADMBaseX_SetADMVars: Set ADM variables in this group
          GROUP TmunuBaseX_SetTmunuVars: Schedule group for setting T_munu
            TmunuBaseX::TmunuBaseX_ZeroTmunu: Set T_munu to zero
            GROUP TmunuBaseX_AddToTmunu: Add to T_munu here
        GROUP ODESolvers_EstimateError: Estimate discretization error (for regridding)
    endif
    if (checkpoint initial data)
      [CCTK_CPINITIAL]
        CarpetX::CarpetX_CheckpointInitial: [meta] Checkpoint initial conditions
    endif
    if (analysis)
      [CCTK_ANALYSIS]
        CanudaX_BSSNMoL::CanudaX_BSSNMoL_bssn_constraints: Compute constraints
        GROUP ODESolvers_Analysis: Calculate analysis quantities everywhere
  endif
  Output grid variables

  do loop over timesteps
    [CCTK_PREREGRID]
    Change grid hierarchy
    [CCTK_POSTREGRID]
      GROUP ODESolvers_PostStep: Apply boundary conditions to state vector, and project if necessary
        GROUP CanudaX_BSSNMoL_PostStepGroup: CanudaX_BSSNMoL: post-step operations
          CanudaX_BSSNMoL::CanudaX_BSSNMoL_impose_conf_fac_floor: Make sure conformal factor does not drop below specified value
          CanudaX_BSSNMoL::CanudaX_BSSNMoL_reset_detmetric: reset dethh = 1
          CanudaX_BSSNMoL::CanudaX_BSSNMoL_remove_trA: Remove trace of A
          CanudaX_BSSNMoL::CanudaX_BSSNMoL_sync: [global] Sync state vector
          CanudaX_BSSNMoL::CanudaX_BSSNMoL_bssn2adm: [local] Convert variables back to the ADM ones
        GROUP ADMBaseX_SetADMRHS: Set ADM RHS variables in this group
        GROUP ADMBaseX_SetADMVars: Set ADM variables in this group
        GROUP TmunuBaseX_SetTmunuVars: Schedule group for setting T_munu
          TmunuBaseX::TmunuBaseX_ZeroTmunu: Set T_munu to zero
          GROUP TmunuBaseX_AddToTmunu: Add to T_munu here
    Rotate timelevels
    iteration = iteration+1
    t = t+dt
    [CCTK_PRESTEP]
    [CCTK_EVOL]
      ODESolvers::ODESolvers_Solve: [level] Solve ODEs
      while (ODESolvers::do_substeps)
        GROUP ODESolvers_CalledBySolve: Groups internally scheduled by ODESolvers_Solve
          GROUP ODESolvers_RHS: Evaluate the RHS for of state vector everywhere on the grid
            GROUP CanudaX_BSSNMoL_RHSGroup: CanudaX_BSSNMoL: calculate BSSN RHS
              CanudaX_BSSNMoL::CanudaX_BSSNMoL_calc_bssn_rhs: MoL RHS calculation
              CanudaX_BSSNMoL::CanudaX_BSSNMoL_apply_boundary_conditions: Apply radiative boundary conditions 
          GROUP ODESolvers_PostStep: Apply boundary conditions to state vector, and project if necessary
            GROUP CanudaX_BSSNMoL_PostStepGroup: CanudaX_BSSNMoL: post-step operations
              CanudaX_BSSNMoL::CanudaX_BSSNMoL_impose_conf_fac_floor: Make sure conformal factor does not drop below specified value
              CanudaX_BSSNMoL::CanudaX_BSSNMoL_reset_detmetric: reset dethh = 1
              CanudaX_BSSNMoL::CanudaX_BSSNMoL_remove_trA: Remove trace of A
              CanudaX_BSSNMoL::CanudaX_BSSNMoL_sync: [global] Sync state vector
              CanudaX_BSSNMoL::CanudaX_BSSNMoL_bssn2adm: [local] Convert variables back to the ADM ones
            GROUP ADMBaseX_SetADMRHS: Set ADM RHS variables in this group
            GROUP ADMBaseX_SetADMVars: Set ADM variables in this group
            GROUP TmunuBaseX_SetTmunuVars: Schedule group for setting T_munu
              TmunuBaseX::TmunuBaseX_ZeroTmunu: Set T_munu to zero
              GROUP TmunuBaseX_AddToTmunu: Add to T_munu here
      end while
    Evolve finer grids recursively
    Restrict from finer grids
    [CCTK_POSTRESTRICT]
      GROUP ODESolvers_PostStep: Apply boundary conditions to state vector, and project if necessary
        GROUP CanudaX_BSSNMoL_PostStepGroup: CanudaX_BSSNMoL: post-step operations
          CanudaX_BSSNMoL::CanudaX_BSSNMoL_impose_conf_fac_floor: Make sure conformal factor does not drop below specified value
          CanudaX_BSSNMoL::CanudaX_BSSNMoL_reset_detmetric: reset dethh = 1
          CanudaX_BSSNMoL::CanudaX_BSSNMoL_remove_trA: Remove trace of A
          CanudaX_BSSNMoL::CanudaX_BSSNMoL_sync: [global] Sync state vector
          CanudaX_BSSNMoL::CanudaX_BSSNMoL_bssn2adm: [local] Convert variables back to the ADM ones
        GROUP ADMBaseX_SetADMRHS: Set ADM RHS variables in this group
        GROUP ADMBaseX_SetADMVars: Set ADM variables in this group
        GROUP TmunuBaseX_SetTmunuVars: Schedule group for setting T_munu
          TmunuBaseX::TmunuBaseX_ZeroTmunu: Set T_munu to zero
          GROUP TmunuBaseX_AddToTmunu: Add to T_munu here
    [CCTK_POSTSTEP]
      GROUP ODESolvers_EstimateError: Estimate discretization error (for regridding)
    if (checkpoint)
      [CCTK_CHECKPOINT]
      CarpetX::CarpetX_Checkpoint: [meta] Checkpoint
    endif
    if (analysis)
      [CCTK_ANALYSIS]
      CanudaX_BSSNMoL::CanudaX_BSSNMoL_bssn_constraints: Compute constraints
      GROUP ODESolvers_Analysis: Calculate analysis quantities everywhere
    endif
    Output grid variables
    enddo

  Termination routines
    [CCTK_TERMINATE]
      CarpetX::CarpetX_CheckpointTerminate: [meta] Checkpoint before terminating

  Shutdown routines
    [CCTK_SHUTDOWN]
      CarpetX::Driver_Shutdown: [meta] Shut down the driver

  Routines run after changing the grid hierarchy:
    [CCTK_POSTREGRID]
      GROUP ODESolvers_PostStep: Apply boundary conditions to state vector, and project if necessary
        GROUP CanudaX_BSSNMoL_PostStepGroup: CanudaX_BSSNMoL: post-step operations
          CanudaX_BSSNMoL::CanudaX_BSSNMoL_impose_conf_fac_floor: Make sure conformal factor does not drop below specified value
          CanudaX_BSSNMoL::CanudaX_BSSNMoL_reset_detmetric: reset dethh = 1
          CanudaX_BSSNMoL::CanudaX_BSSNMoL_remove_trA: Remove trace of A
          CanudaX_BSSNMoL::CanudaX_BSSNMoL_sync: [global] Sync state vector
          CanudaX_BSSNMoL::CanudaX_BSSNMoL_bssn2adm: [local] Convert variables back to the ADM ones
        GROUP ADMBaseX_SetADMRHS: Set ADM RHS variables in this group
        GROUP ADMBaseX_SetADMVars: Set ADM variables in this group
        GROUP TmunuBaseX_SetTmunuVars: Schedule group for setting T_munu
          TmunuBaseX::TmunuBaseX_ZeroTmunu: Set T_munu to zero
          GROUP TmunuBaseX_AddToTmunu: Add to T_munu here
--------------------------------------------------------------------------------
INFO (hwloc): library version 2.10.0, API version 0x20800
--------------------------------------------------------------------------------

  [34m  ▕▏  [34m  ▕▏  [34m  ▕▏  [34m  ▕▏  [34m  ▕▏  [34m  ▕▏  [34m  ▕▏  [34m  ▕▏  [34m  ▕▏  [39m  
  [34m──██──[34m──██──[34m──██──[34m──██──[34m──██──[34m──██──[34m──██──[34m──██──[34m──██──[39m  
  [34m  ▕▏  [34m  ▕▏  [34m  ▕▏  [34m  ▕▏  [34m  ▕▏  [34m  ▕▏  [34m  ▕▏  [34m  ▕▏  [34m  ▕▏  [39m  
  [34m  ▕▏  [32m██████[34m  ▕▏  [34m  ▕▏  [32m██████[34m  ▕▏  [34m  ▕▏  [32m██████[34m  ▕▏  [39m  
  [34m──██──[32m██████[34m──██──[34m──██──[32m██████[34m──██──[34m──██──[32m██████[34m──██──[39m  
  [34m  ▕▏  [32m██████[34m  ▕▏  [34m  ▕▏  [32m██████[34m  ▕▏  [34m  ▕▏  [32m██████[34m  ▕▏  [39m  
  [34m  ▕▏  [34m  ▕▏  [34m  ▕▏  [34m  ▕▏  [34m  ▕▏  [34m  ▕▏  [34m  ▕▏  [34m  ▕▏  [34m  ▕▏  [39m  
  [34m──██──[34m──██──[34m──██──[34m──██──[34m──██──[34m──██──[34m──██──[34m──██──[34m──██──[39m  
  [34m  ▕▏  [34m  ▕▏  [34m  ▕▏  [34m  ▕▏  [34m  ▕▏  [34m  ▕▏  [34m  ▕▏  [34m  ▕▏  [34m  ▕▏  [39m  
  [34m  ▕▏  [34m  ▕▏  [34m  ▕▏  [31m██████[31m██████[31m██████[34m  ▕▏  [34m  ▕▏  [34m  ▕▏  [39m  
  [34m──██──[34m──██──[34m──██──[31m██████[31m██████[31m██████[34m──██──[34m──██──[34m──██──[39m  
  [34m  ▕▏  [34m  ▕▏  [34m  ▕▏  [31m██████[31m██████[31m██████[34m  ▕▏  [34m  ▕▏  [34m  ▕▏  [39m  
  [34m  ▕▏  [32m██████[34m  ▕▏  [31m██████[31m██████[31m██████[34m  ▕▏  [32m██████[34m  ▕▏  [39m  
  [34m──██──[32m██████[34m──██──[31m██████[31m██████[31m██████[34m──██──[32m██████[34m──██──[39m  
  [34m  ▕▏  [32m██████[34m  ▕▏  [31m██████[31m██████[31m██████[34m  ▕▏  [32m██████[34m  ▕▏  [39m  
  [34m  ▕▏  [34m  ▕▏  [34m  ▕▏  [31m██████[31m██████[31m██████[34m  ▕▏  [34m  ▕▏  [34m  ▕▏  [39m  
  [34m──██──[34m──██──[34m──██──[31m██████[31m██████[31m██████[34m──██──[34m──██──[34m──██──[39m  
  [34m  ▕▏  [34m  ▕▏  [34m  ▕▏  [31m██████[31m██████[31m██████[34m  ▕▏  [34m  ▕▏  [34m  ▕▏  [39m  
  [34m  ▕▏  [34m  ▕▏  [34m  ▕▏  [34m  ▕▏  [34m  ▕▏  [34m  ▕▏  [34m  ▕▏  [34m  ▕▏  [34m  ▕▏  [39m  
  [34m──██──[34m──██──[34m──██──[34m──██──[34m──██──[34m──██──[34m──██──[34m──██──[34m──██──[39m  
  [34m  ▕▏  [34m  ▕▏  [34m  ▕▏  [34m  ▕▏  [34m  ▕▏  [34m  ▕▏  [34m  ▕▏  [34m  ▕▏  [34m  ▕▏  [39m  
  [34m  ▕▏  [32m██████[34m  ▕▏  [34m  ▕▏  [32m██████[34m  ▕▏  [34m  ▕▏  [32m██████[34m  ▕▏  [39m  
  [34m──██──[32m██████[34m──██──[34m──██──[32m██████[34m──██──[34m──██──[32m██████[34m──██──[39m  
  [34m  ▕▏  [32m██████[34m  ▕▏  [34m  ▕▏  [32m██████[34m  ▕▏  [34m  ▕▏  [32m██████[34m  ▕▏  [39m  
  [34m  ▕▏  [34m  ▕▏  [34m  ▕▏  [34m  ▕▏  [34m  ▕▏  [34m  ▕▏  [34m  ▕▏  [34m  ▕▏  [34m  ▕▏  [39m  
  [34m──██──[34m──██──[34m──██──[34m──██──[34m──██──[34m──██──[34m──██──[34m──██──[34m──██──[39m  
  [34m  ▕▏  [34m  ▕▏  [34m  ▕▏  [34m  ▕▏  [34m  ▕▏  [34m  ▕▏  [34m  ▕▏  [34m  ▕▏  [34m  ▕▏  [39m  

AMR driver provided by CarpetX,
using AMReX 25.11 (MPI, OpenMP, no accelerators, debug)
--------------------------------------------------------------------------------

Initializing AMReX (25.11)...
MPI initialized with 1 MPI processes
MPI initialized with thread support level 2
OMP initialized with 2 OMP threads
AMReX (25.11) initialized
INFO (CarpetX): 
Symmetries:
  lower x: periodic
  lower y: periodic
  lower z: periodic
  upper x: periodic
  upper y: periodic
  upper z: periodic
Default boundaries:
  lower x: symmetry_boundary
  lower y: symmetry_boundary
  lower z: symmetry_boundary
  upper x: symmetry_boundary
  upper y: symmetry_boundary
  upper z: symmetry_boundary
INFO (Arith): Test_smallvector
INFO (Arith): Test_spvect
INFO (CarpetX): Setting initial values for max_grid_size values for all levels
INFO (CarpetX): Setting up initial conditions...
INFO (CarpetX): Iteration: 0   time: 0   delta_time: 0.00390625
INFO (CarpetX): Patch 0:
INFO (CarpetX):   Grid extent:
INFO (CarpetX):     gsh=[71,15,15]
INFO (CarpetX):     blocking_factor=[8,8,8]
INFO (CarpetX):     max_grid_size=[10000000,10000000,10000000]
INFO (CarpetX):     max_tile_size=[1024000,16,32]
INFO (CarpetX):   Domain extent:
INFO (CarpetX):     xmin=[-0.5,-0.0625,-0.0625]
INFO (CarpetX):     xmax=[0.5,0.0625,0.0625]
INFO (CarpetX):     base dx=[0.015625,0.015625,0.015625]
INFO (CarpetX): Initializing level 0...
INFO (CanudaX_ExactID): Begin Gauge Wave initial data
INFO (CanudaX_ExactID): === End gauge wave initial data ===
INFO (CarpetX): Regridding...
INFO (CarpetX):   level 0: 1 boxes, 4096 cells (100%)
INFO (CarpetX): Initialized 1 levels
INFO (CarpetX): OutputGH: iteration 0, time 0.000000, run time 1 s
INFO (CarpetX): OutputGH done.
INFO (CarpetX): Starting evolution...
INFO (ODESolvers): ODE integrator is RK4
INFO (CarpetX): OutputGH: iteration 1, time 0.003906, run time 1 s
INFO (CarpetX): OutputGH done.
INFO (CarpetX): Simulation time: 0.00390625   Iterations per second: 14.8613   Simulation time per second: 0.0580519
INFO (CarpetX): Grid cells: 4096   Grid cell updates per second: 60871.9
INFO (CarpetX): Performance:
INFO (CarpetX):   total evolution time:            0.0672889 sec
INFO (CarpetX):   total evolution compute time:    0.0672798 sec
INFO (CarpetX):   total evolution output time:     9.05991e-06 sec
INFO (CarpetX):   total iterations:                1
INFO (CarpetX):   total cells updated:             4096
INFO (CarpetX):   average iterations per second: 14.8613
INFO (CarpetX):   average cell updates per second: 60871.9
INFO (CarpetX): OutputGH: iteration 2, time 0.007812, run time 1 s
INFO (CarpetX): OutputGH done.
INFO (CarpetX): Simulation time: 0.0078125   Iterations per second: 15.3135   Simulation time per second: 0.0598183
INFO (CarpetX): Grid cells: 4096   Grid cell updates per second: 62724.1
INFO (CarpetX): Performance:
INFO (CarpetX):   total evolution time:            0.130604 sec
INFO (CarpetX):   total evolution compute time:    0.130586 sec
INFO (CarpetX):   total evolution output time:     1.81198e-05 sec
INFO (CarpetX):   total iterations:                2
INFO (CarpetX):   total cells updated:             8192
INFO (CarpetX):   average iterations per second: 15.3135
INFO (CarpetX):   average cell updates per second: 62724.1
INFO (CarpetX): OutputGH: iteration 3, time 0.011719, run time 1 s
INFO (CarpetX): OutputGH done.
INFO (CarpetX): Simulation time: 0.0117188   Iterations per second: 15.4747   Simulation time per second: 0.060448
INFO (CarpetX): Grid cells: 4096   Grid cell updates per second: 63384.4
INFO (CarpetX): Performance:
INFO (CarpetX):   total evolution time:            0.193865 sec
INFO (CarpetX):   total evolution compute time:    0.193838 sec
INFO (CarpetX):   total evolution output time:     2.71797e-05 sec
INFO (CarpetX):   total iterations:                3
INFO (CarpetX):   total cells updated:             12288
INFO (CarpetX):   average iterations per second: 15.4747
INFO (CarpetX):   average cell updates per second: 63384.4
INFO (CarpetX): OutputGH: iteration 4, time 0.015625, run time 2 s
INFO (CarpetX): OutputGH done.
INFO (CarpetX): Simulation time: 0.015625   Iterations per second: 15.5552   Simulation time per second: 0.0607625
INFO (CarpetX): Grid cells: 4096   Grid cell updates per second: 63714.1
INFO (CarpetX): Performance:
INFO (CarpetX):   total evolution time:            0.257149 sec
INFO (CarpetX):   total evolution compute time:    0.257114 sec
INFO (CarpetX):   total evolution output time:     3.50475e-05 sec
INFO (CarpetX):   total iterations:                4
INFO (CarpetX):   total cells updated:             16384
INFO (CarpetX):   average iterations per second: 15.5552
INFO (CarpetX):   average cell updates per second: 63714.1
INFO (CarpetX): OutputGH: iteration 5, time 0.019531, run time 2 s
INFO (CarpetX): OutputGH done.
INFO (CarpetX): Simulation time: 0.0195312   Iterations per second: 15.6069   Simulation time per second: 0.0609643
INFO (CarpetX): Grid cells: 4096   Grid cell updates per second: 63925.7
INFO (CarpetX): Performance:
INFO (CarpetX):   total evolution time:            0.320372 sec
INFO (CarpetX):   total evolution compute time:    0.320327 sec
INFO (CarpetX):   total evolution output time:     4.50611e-05 sec
INFO (CarpetX):   total iterations:                5
INFO (CarpetX):   total cells updated:             20480
INFO (CarpetX):   average iterations per second: 15.6069
INFO (CarpetX):   average cell updates per second: 63925.7
INFO (CarpetX): OutputGH: iteration 6, time 0.023438, run time 2 s
INFO (CarpetX): OutputGH done.
INFO (CarpetX): Simulation time: 0.0234375   Iterations per second: 15.6373   Simulation time per second: 0.0610833
INFO (CarpetX): Grid cells: 4096   Grid cell updates per second: 64050.5
INFO (CarpetX): Performance:
INFO (CarpetX):   total evolution time:            0.383697 sec
INFO (CarpetX):   total evolution compute time:    0.383642 sec
INFO (CarpetX):   total evolution output time:     5.50747e-05 sec
INFO (CarpetX):   total iterations:                6
INFO (CarpetX):   total cells updated:             24576
INFO (CarpetX):   average iterations per second: 15.6373
INFO (CarpetX):   average cell updates per second: 64050.5
INFO (CarpetX): OutputGH: iteration 7, time 0.027344, run time 2 s
INFO (CarpetX): OutputGH done.
INFO (CarpetX): Simulation time: 0.0273438   Iterations per second: 15.6567   Simulation time per second: 0.0611588
INFO (CarpetX): Grid cells: 4096   Grid cell updates per second: 64129.7
INFO (CarpetX): Performance:
INFO (CarpetX):   total evolution time:            0.447094 sec
INFO (CarpetX):   total evolution compute time:    0.44703 sec
INFO (CarpetX):   total evolution output time:     6.38962e-05 sec
INFO (CarpetX):   total iterations:                7
INFO (CarpetX):   total cells updated:             28672
INFO (CarpetX):   average iterations per second: 15.6567
INFO (CarpetX):   average cell updates per second: 64129.7
INFO (CarpetX): OutputGH: iteration 8, time 0.031250, run time 2 s
INFO (CarpetX): OutputGH done.
INFO (CarpetX): Simulation time: 0.03125   Iterations per second: 15.6676   Simulation time per second: 0.0612014
INFO (CarpetX): Grid cells: 4096   Grid cell updates per second: 64174.3
INFO (CarpetX): Performance:
INFO (CarpetX):   total evolution time:            0.510609 sec
INFO (CarpetX):   total evolution compute time:    0.510537 sec
INFO (CarpetX):   total evolution output time:     7.20024e-05 sec
INFO (CarpetX):   total iterations:                8
INFO (CarpetX):   total cells updated:             32768
INFO (CarpetX):   average iterations per second: 15.6676
INFO (CarpetX):   average cell updates per second: 64174.3
INFO (CarpetX): OutputGH: iteration 9, time 0.035156, run time 2 s
INFO (CarpetX): OutputGH done.
INFO (CarpetX): Simulation time: 0.0351562   Iterations per second: 15.6797   Simulation time per second: 0.0612489
INFO (CarpetX): Grid cells: 4096   Grid cell updates per second: 64224.1
INFO (CarpetX): Performance:
INFO (CarpetX):   total evolution time:            0.57399 sec
INFO (CarpetX):   total evolution compute time:    0.573908 sec
INFO (CarpetX):   total evolution output time:     8.2016e-05 sec
INFO (CarpetX):   total iterations:                9
INFO (CarpetX):   total cells updated:             36864
INFO (CarpetX):   average iterations per second: 15.6797
INFO (CarpetX):   average cell updates per second: 64224.1
INFO (CarpetX): OutputGH: iteration 10, time 0.039062, run time 2 s
INFO (CarpetX): OutputGH done.
INFO (CarpetX): Simulation time: 0.0390625   Iterations per second: 15.6928   Simulation time per second: 0.0613001
INFO (CarpetX): Grid cells: 4096   Grid cell updates per second: 64277.8
INFO (CarpetX): Performance:
INFO (CarpetX):   total evolution time:            0.637234 sec
INFO (CarpetX):   total evolution compute time:    0.637129 sec
INFO (CarpetX):   total evolution output time:     0.000104904 sec
INFO (CarpetX):   total iterations:                10
INFO (CarpetX):   total cells updated:             40960
INFO (CarpetX):   average iterations per second: 15.6928
INFO (CarpetX):   average cell updates per second: 64277.8
INFO (CarpetX): OutputGH: iteration 11, time 0.042969, run time 2 s
INFO (CarpetX): OutputGH done.
INFO (CarpetX): Simulation time: 0.0429688   Iterations per second: 15.6941   Simulation time per second: 0.0613051
INFO (CarpetX): Grid cells: 4096   Grid cell updates per second: 64283.1
INFO (CarpetX): Performance:
INFO (CarpetX):   total evolution time:            0.700905 sec
INFO (CarpetX):   total evolution compute time:    0.70079 sec
INFO (CarpetX):   total evolution output time:     0.000114679 sec
INFO (CarpetX):   total iterations:                11
INFO (CarpetX):   total cells updated:             45056
INFO (CarpetX):   average iterations per second: 15.694
INFO (CarpetX):   average cell updates per second: 64282.6
INFO (CarpetX): OutputGH: iteration 12, time 0.046875, run time 2 s
INFO (CarpetX): OutputGH done.
INFO (CarpetX): Simulation time: 0.046875   Iterations per second: 15.6954   Simulation time per second: 0.0613102
INFO (CarpetX): Grid cells: 4096   Grid cell updates per second: 64288.4
INFO (CarpetX): Performance:
INFO (CarpetX):   total evolution time:            0.764571 sec
INFO (CarpetX):   total evolution compute time:    0.764448 sec
INFO (CarpetX):   total evolution output time:     0.000122786 sec
INFO (CarpetX):   total iterations:                12
INFO (CarpetX):   total cells updated:             49152
INFO (CarpetX):   average iterations per second: 15.6951
INFO (CarpetX):   average cell updates per second: 64287
INFO (CarpetX): OutputGH: iteration 13, time 0.050781, run time 2 s
INFO (CarpetX): OutputGH done.
INFO (CarpetX): Simulation time: 0.0507812   Iterations per second: 15.7044   Simulation time per second: 0.0613453
INFO (CarpetX): Grid cells: 4096   Grid cell updates per second: 64325.2
INFO (CarpetX): Performance:
INFO (CarpetX):   total evolution time:            0.827919 sec
INFO (CarpetX):   total evolution compute time:    0.827786 sec
INFO (CarpetX):   total evolution output time:     0.000132799 sec
INFO (CarpetX):   total iterations:                13
INFO (CarpetX):   total cells updated:             53248
INFO (CarpetX):   average iterations per second: 15.702
INFO (CarpetX):   average cell updates per second: 64315.5
INFO (CarpetX): OutputGH: iteration 14, time 0.054688, run time 2 s
INFO (CarpetX): OutputGH done.
INFO (CarpetX): Simulation time: 0.0546875   Iterations per second: 15.6567   Simulation time per second: 0.0611588
INFO (CarpetX): Grid cells: 4096   Grid cell updates per second: 64129.7
INFO (CarpetX): Performance:
INFO (CarpetX):   total evolution time:            0.893537 sec
INFO (CarpetX):   total evolution compute time:    0.893396 sec
INFO (CarpetX):   total evolution output time:     0.000140667 sec
INFO (CarpetX):   total iterations:                14
INFO (CarpetX):   total cells updated:             57344
INFO (CarpetX):   average iterations per second: 15.6681
INFO (CarpetX):   average cell updates per second: 64176.4
INFO (CarpetX): OutputGH: iteration 15, time 0.058594, run time 2 s
INFO (CarpetX): OutputGH done.
INFO (CarpetX): Simulation time: 0.0585938   Iterations per second: 15.6707   Simulation time per second: 0.0612135
INFO (CarpetX): Grid cells: 4096   Grid cell updates per second: 64187
INFO (CarpetX): Performance:
INFO (CarpetX):   total evolution time:            0.956837 sec
INFO (CarpetX):   total evolution compute time:    0.956687 sec
INFO (CarpetX):   total evolution output time:     0.000149488 sec
INFO (CarpetX):   total iterations:                15
INFO (CarpetX):   total cells updated:             61440
INFO (CarpetX):   average iterations per second: 15.6767
INFO (CarpetX):   average cell updates per second: 64211.6
INFO (CarpetX): OutputGH: iteration 16, time 0.062500, run time 2 s
INFO (CarpetX): OutputGH done.
INFO (CarpetX): Simulation time: 0.0625   Iterations per second: 15.6779   Simulation time per second: 0.0612419
INFO (CarpetX): Grid cells: 4096   Grid cell updates per second: 64216.8
INFO (CarpetX): Performance:
INFO (CarpetX):   total evolution time:            1.02035 sec
INFO (CarpetX):   total evolution compute time:    1.0202 sec
INFO (CarpetX):   total evolution output time:     0.000158548 sec
INFO (CarpetX):   total iterations:                16
INFO (CarpetX):   total cells updated:             65536
INFO (CarpetX):   average iterations per second: 15.6808
INFO (CarpetX):   average cell updates per second: 64228.6
INFO (CarpetX): OutputGH: iteration 17, time 0.066406, run time 2 s
INFO (CarpetX): OutputGH done.
INFO (CarpetX): Simulation time: 0.0664062   Iterations per second: 15.6814   Simulation time per second: 0.0612556
INFO (CarpetX): Grid cells: 4096   Grid cell updates per second: 64231.2
INFO (CarpetX): Performance:
INFO (CarpetX):   total evolution time:            1.084 sec
INFO (CarpetX):   total evolution compute time:    1.08383 sec
INFO (CarpetX):   total evolution output time:     0.000168562 sec
INFO (CarpetX):   total iterations:                17
INFO (CarpetX):   total cells updated:             69632
INFO (CarpetX):   average iterations per second: 15.6827
INFO (CarpetX):   average cell updates per second: 64236.4
INFO (CarpetX): OutputGH: iteration 18, time 0.070312, run time 2 s
INFO (CarpetX): OutputGH done.
INFO (CarpetX): Simulation time: 0.0703125   Iterations per second: 15.6951   Simulation time per second: 0.0613089
INFO (CarpetX): Grid cells: 4096   Grid cell updates per second: 64287
INFO (CarpetX): Performance:
INFO (CarpetX):   total evolution time:            1.14721 sec
INFO (CarpetX):   total evolution compute time:    1.14703 sec
INFO (CarpetX):   total evolution output time:     0.000176668 sec
INFO (CarpetX):   total iterations:                18
INFO (CarpetX):   total cells updated:             73728
INFO (CarpetX):   average iterations per second: 15.6902
INFO (CarpetX):   average cell updates per second: 64267.1
INFO (CarpetX): OutputGH: iteration 19, time 0.074219, run time 2 s
INFO (CarpetX): OutputGH done.
INFO (CarpetX): Simulation time: 0.0742188   Iterations per second: 15.7031   Simulation time per second: 0.0613404
INFO (CarpetX): Grid cells: 4096   Grid cell updates per second: 64320
INFO (CarpetX): Performance:
INFO (CarpetX):   total evolution time:            1.2106 sec
INFO (CarpetX):   total evolution compute time:    1.21041 sec
INFO (CarpetX):   total evolution output time:     0.000185728 sec
INFO (CarpetX):   total iterations:                19
INFO (CarpetX):   total cells updated:             77824
INFO (CarpetX):   average iterations per second: 15.6947
INFO (CarpetX):   average cell updates per second: 64285.6
INFO (CarpetX): OutputGH: iteration 20, time 0.078125, run time 3 s
INFO (CarpetX): OutputGH done.
INFO (CarpetX): Simulation time: 0.078125   Iterations per second: 15.7126   Simulation time per second: 0.0613772
INFO (CarpetX): Grid cells: 4096   Grid cell updates per second: 64358.6
INFO (CarpetX): Performance:
INFO (CarpetX):   total evolution time:            1.2739 sec
INFO (CarpetX):   total evolution compute time:    1.2737 sec
INFO (CarpetX):   total evolution output time:     0.000193834 sec
INFO (CarpetX):   total iterations:                20
INFO (CarpetX):   total cells updated:             81920
INFO (CarpetX):   average iterations per second: 15.6998
INFO (CarpetX):   average cell updates per second: 64306.5
INFO (CarpetX): OutputGH: iteration 21, time 0.082031, run time 3 s
INFO (CarpetX): OutputGH done.
INFO (CarpetX): Simulation time: 0.0820312   Iterations per second: 15.7196   Simulation time per second: 0.0614045
INFO (CarpetX): Grid cells: 4096   Grid cell updates per second: 64387.3
INFO (CarpetX): Performance:
INFO (CarpetX):   total evolution time:            1.33726 sec
INFO (CarpetX):   total evolution compute time:    1.33706 sec
INFO (CarpetX):   total evolution output time:     0.000202894 sec
INFO (CarpetX):   total iterations:                21
INFO (CarpetX):   total cells updated:             86016
INFO (CarpetX):   average iterations per second: 15.7038
INFO (CarpetX):   average cell updates per second: 64322.6
INFO (CarpetX): OutputGH: iteration 22, time 0.085938, run time 3 s
INFO (CarpetX): OutputGH done.
INFO (CarpetX): Simulation time: 0.0859375   Iterations per second: 15.7256   Simulation time per second: 0.0614283
INFO (CarpetX): Grid cells: 4096   Grid cell updates per second: 64412.2
INFO (CarpetX): Performance:
INFO (CarpetX):   total evolution time:            1.40063 sec
INFO (CarpetX):   total evolution compute time:    1.40042 sec
INFO (CarpetX):   total evolution output time:     0.000211 sec
INFO (CarpetX):   total iterations:                22
INFO (CarpetX):   total cells updated:             90112
INFO (CarpetX):   average iterations per second: 15.7072
INFO (CarpetX):   average cell updates per second: 64336.9
INFO (CarpetX): OutputGH: iteration 23, time 0.089844, run time 3 s
INFO (CarpetX): OutputGH done.
INFO (CarpetX): Simulation time: 0.0898438   Iterations per second: 15.7337   Simulation time per second: 0.0614598
INFO (CarpetX): Grid cells: 4096   Grid cell updates per second: 64445.3
INFO (CarpetX): Performance:
INFO (CarpetX):   total evolution time:            1.46389 sec
INFO (CarpetX):   total evolution compute time:    1.46367 sec
INFO (CarpetX):   total evolution output time:     0.000220776 sec
INFO (CarpetX):   total iterations:                23
INFO (CarpetX):   total cells updated:             94208
INFO (CarpetX):   average iterations per second: 15.7115
INFO (CarpetX):   average cell updates per second: 64354.5
INFO (CarpetX): OutputGH: iteration 24, time 0.093750, run time 3 s
INFO (CarpetX): OutputGH done.
INFO (CarpetX): Simulation time: 0.09375   Iterations per second: 15.7328   Simulation time per second: 0.0614561
INFO (CarpetX): Grid cells: 4096   Grid cell updates per second: 64441.4
INFO (CarpetX): Performance:
INFO (CarpetX):   total evolution time:            1.52749 sec
INFO (CarpetX):   total evolution compute time:    1.52726 sec
INFO (CarpetX):   total evolution output time:     0.00022769 sec
INFO (CarpetX):   total iterations:                24
INFO (CarpetX):   total cells updated:             98304
INFO (CarpetX):   average iterations per second: 15.7121
INFO (CarpetX):   average cell updates per second: 64356.7
INFO (CarpetX): OutputGH: iteration 25, time 0.097656, run time 3 s
INFO (CarpetX): OutputGH done.
INFO (CarpetX): Simulation time: 0.0976562   Iterations per second: 15.741   Simulation time per second: 0.0614883
INFO (CarpetX): Grid cells: 4096   Grid cell updates per second: 64475.1
INFO (CarpetX): Performance:
INFO (CarpetX):   total evolution time:            1.59072 sec
INFO (CarpetX):   total evolution compute time:    1.59048 sec
INFO (CarpetX):   total evolution output time:     0.00023675 sec
INFO (CarpetX):   total iterations:                25
INFO (CarpetX):   total cells updated:             102400
INFO (CarpetX):   average iterations per second: 15.7162
INFO (CarpetX):   average cell updates per second: 64373.5
INFO (CarpetX): OutputGH: iteration 26, time 0.101562, run time 3 s
INFO (CarpetX): OutputGH done.
INFO (CarpetX): Simulation time: 0.101562   Iterations per second: 15.7478   Simulation time per second: 0.0615149
INFO (CarpetX): Grid cells: 4096   Grid cell updates per second: 64503.1
INFO (CarpetX): Performance:
INFO (CarpetX):   total evolution time:            1.65397 sec
INFO (CarpetX):   total evolution compute time:    1.65372 sec
INFO (CarpetX):   total evolution output time:     0.000246525 sec
INFO (CarpetX):   total iterations:                26
INFO (CarpetX):   total cells updated:             106496
INFO (CarpetX):   average iterations per second: 15.7198
INFO (CarpetX):   average cell updates per second: 64388.1
INFO (CarpetX): OutputGH: iteration 27, time 0.105469, run time 3 s
INFO (CarpetX): OutputGH done.
INFO (CarpetX): Simulation time: 0.105469   Iterations per second: 15.7469   Simulation time per second: 0.0615113
INFO (CarpetX): Grid cells: 4096   Grid cell updates per second: 64499.3
INFO (CarpetX): Performance:
INFO (CarpetX):   total evolution time:            1.71751 sec
INFO (CarpetX):   total evolution compute time:    1.71725 sec
INFO (CarpetX):   total evolution output time:     0.000255585 sec
INFO (CarpetX):   total iterations:                27
INFO (CarpetX):   total cells updated:             110592
INFO (CarpetX):   average iterations per second: 15.7205
INFO (CarpetX):   average cell updates per second: 64391
INFO (CarpetX): OutputGH: iteration 28, time 0.109375, run time 3 s
INFO (CarpetX): OutputGH done.
INFO (CarpetX): Simulation time: 0.109375   Iterations per second: 15.7414   Simulation time per second: 0.0614899
INFO (CarpetX): Grid cells: 4096   Grid cell updates per second: 64476.8
INFO (CarpetX): Performance:
INFO (CarpetX):   total evolution time:            1.78123 sec
INFO (CarpetX):   total evolution compute time:    1.78097 sec
INFO (CarpetX):   total evolution output time:     0.000263691 sec
INFO (CarpetX):   total iterations:                28
INFO (CarpetX):   total cells updated:             114688
INFO (CarpetX):   average iterations per second: 15.7194
INFO (CarpetX):   average cell updates per second: 64386.8
INFO (CarpetX): OutputGH: iteration 29, time 0.113281, run time 3 s
INFO (CarpetX): OutputGH done.
INFO (CarpetX): Simulation time: 0.113281   Iterations per second: 15.7462   Simulation time per second: 0.0615087
INFO (CarpetX): Grid cells: 4096   Grid cell updates per second: 64496.6
INFO (CarpetX): Performance:
INFO (CarpetX):   total evolution time:            1.84457 sec
INFO (CarpetX):   total evolution compute time:    1.84429 sec
INFO (CarpetX):   total evolution output time:     0.000272751 sec
INFO (CarpetX):   total iterations:                29
INFO (CarpetX):   total cells updated:             118784
INFO (CarpetX):   average iterations per second: 15.7219
INFO (CarpetX):   average cell updates per second: 64396.7
INFO (CarpetX): OutputGH: iteration 30, time 0.117188, run time 3 s
INFO (CarpetX): OutputGH done.
INFO (CarpetX): Simulation time: 0.117188   Iterations per second: 15.753   Simulation time per second: 0.0615352
INFO (CarpetX): Grid cells: 4096   Grid cell updates per second: 64524.4
INFO (CarpetX): Performance:
INFO (CarpetX):   total evolution time:            1.9078 sec
INFO (CarpetX):   total evolution compute time:    1.90752 sec
INFO (CarpetX):   total evolution output time:     0.000280619 sec
INFO (CarpetX):   total iterations:                30
INFO (CarpetX):   total cells updated:             122880
INFO (CarpetX):   average iterations per second: 15.7249
INFO (CarpetX):   average cell updates per second: 64409.3
INFO (CarpetX): OutputGH: iteration 31, time 0.121094, run time 3 s
INFO (CarpetX): OutputGH done.
INFO (CarpetX): Simulation time: 0.121094   Iterations per second: 15.7571   Simulation time per second: 0.0615512
INFO (CarpetX): Grid cells: 4096   Grid cell updates per second: 64541.1
INFO (CarpetX): Performance:
INFO (CarpetX):   total evolution time:            1.97111 sec
INFO (CarpetX):   total evolution compute time:    1.97082 sec
INFO (CarpetX):   total evolution output time:     0.000290632 sec
INFO (CarpetX):   total iterations:                31
INFO (CarpetX):   total cells updated:             126976
INFO (CarpetX):   average iterations per second: 15.7271
INFO (CarpetX):   average cell updates per second: 64418.4
INFO (CarpetX): OutputGH: iteration 32, time 0.125000, run time 3 s
INFO (CarpetX): OutputGH done.
INFO (CarpetX): Simulation time: 0.125   Iterations per second: 15.7611   Simulation time per second: 0.0615668
INFO (CarpetX): Grid cells: 4096   Grid cell updates per second: 64557.5
INFO (CarpetX): Performance:
INFO (CarpetX):   total evolution time:            2.03442 sec
INFO (CarpetX):   total evolution compute time:    2.03412 sec
INFO (CarpetX):   total evolution output time:     0.0002985 sec
INFO (CarpetX):   total iterations:                32
INFO (CarpetX):   total cells updated:             131072
INFO (CarpetX):   average iterations per second: 15.7293
INFO (CarpetX):   average cell updates per second: 64427.3
INFO (CarpetX): OutputGH: iteration 33, time 0.128906, run time 3 s
INFO (CarpetX): OutputGH done.
INFO (CarpetX): Simulation time: 0.128906   Iterations per second: 15.7621   Simulation time per second: 0.0615709
INFO (CarpetX): Grid cells: 4096   Grid cell updates per second: 64561.8
INFO (CarpetX): Performance:
INFO (CarpetX):   total evolution time:            2.09782 sec
INFO (CarpetX):   total evolution compute time:    2.09752 sec
INFO (CarpetX):   total evolution output time:     0.000306606 sec
INFO (CarpetX):   total iterations:                33
INFO (CarpetX):   total cells updated:             135168
INFO (CarpetX):   average iterations per second: 15.7306
INFO (CarpetX):   average cell updates per second: 64432.5
INFO (CarpetX): OutputGH: iteration 34, time 0.132812, run time 3 s
INFO (CarpetX): OutputGH done.
INFO (CarpetX): Simulation time: 0.132812   Iterations per second: 15.7678   Simulation time per second: 0.0615929
INFO (CarpetX): Grid cells: 4096   Grid cell updates per second: 64584.8
INFO (CarpetX): Performance:
INFO (CarpetX):   total evolution time:            2.16104 sec
INFO (CarpetX):   total evolution compute time:    2.16072 sec
INFO (CarpetX):   total evolution output time:     0.000314713 sec
INFO (CarpetX):   total iterations:                34
INFO (CarpetX):   total cells updated:             139264
INFO (CarpetX):   average iterations per second: 15.7332
INFO (CarpetX):   average cell updates per second: 64443.1
INFO (CarpetX): OutputGH: iteration 35, time 0.136719, run time 3 s
INFO (CarpetX): OutputGH done.
INFO (CarpetX): Simulation time: 0.136719   Iterations per second: 15.7721   Simulation time per second: 0.0616098
INFO (CarpetX): Grid cells: 4096   Grid cell updates per second: 64602.6
INFO (CarpetX): Performance:
INFO (CarpetX):   total evolution time:            2.22429 sec
INFO (CarpetX):   total evolution compute time:    2.22396 sec
INFO (CarpetX):   total evolution output time:     0.00032568 sec
INFO (CarpetX):   total iterations:                35
INFO (CarpetX):   total cells updated:             143360
INFO (CarpetX):   average iterations per second: 15.7354
INFO (CarpetX):   average cell updates per second: 64452.2
INFO (CarpetX): OutputGH: iteration 36, time 0.140625, run time 4 s
INFO (CarpetX): OutputGH done.
INFO (CarpetX): Simulation time: 0.140625   Iterations per second: 15.7775   Simulation time per second: 0.0616308
INFO (CarpetX): Grid cells: 4096   Grid cell updates per second: 64624.6
INFO (CarpetX): Performance:
INFO (CarpetX):   total evolution time:            2.28747 sec
INFO (CarpetX):   total evolution compute time:    2.28714 sec
INFO (CarpetX):   total evolution output time:     0.000333786 sec
INFO (CarpetX):   total iterations:                36
INFO (CarpetX):   total cells updated:             147456
INFO (CarpetX):   average iterations per second: 15.7379
INFO (CarpetX):   average cell updates per second: 64462.4
INFO (CarpetX): OutputGH: iteration 37, time 0.144531, run time 4 s
INFO (CarpetX): OutputGH done.
INFO (CarpetX): Simulation time: 0.144531   Iterations per second: 15.7756   Simulation time per second: 0.0616235
INFO (CarpetX): Grid cells: 4096   Grid cell updates per second: 64616.9
INFO (CarpetX): Performance:
INFO (CarpetX):   total evolution time:            2.35093 sec
INFO (CarpetX):   total evolution compute time:    2.35059 sec
INFO (CarpetX):   total evolution output time:     0.000341654 sec
INFO (CarpetX):   total iterations:                37
INFO (CarpetX):   total cells updated:             151552
INFO (CarpetX):   average iterations per second: 15.7385
INFO (CarpetX):   average cell updates per second: 64464.7
INFO (CarpetX): OutputGH: iteration 38, time 0.148438, run time 4 s
INFO (CarpetX): OutputGH done.
INFO (CarpetX): Simulation time: 0.148438   Iterations per second: 15.7764   Simulation time per second: 0.0616266
INFO (CarpetX): Grid cells: 4096   Grid cell updates per second: 64620.2
INFO (CarpetX): Performance:
INFO (CarpetX):   total evolution time:            2.41429 sec
INFO (CarpetX):   total evolution compute time:    2.41393 sec
INFO (CarpetX):   total evolution output time:     0.000350714 sec
INFO (CarpetX):   total iterations:                38
INFO (CarpetX):   total cells updated:             155648
INFO (CarpetX):   average iterations per second: 15.7396
INFO (CarpetX):   average cell updates per second: 64469.6
INFO (CarpetX): OutputGH: iteration 39, time 0.152344, run time 4 s
INFO (CarpetX): OutputGH done.
INFO (CarpetX): Simulation time: 0.152344   Iterations per second: 15.7756   Simulation time per second: 0.0616234
INFO (CarpetX): Grid cells: 4096   Grid cell updates per second: 64616.8
INFO (CarpetX): Performance:
INFO (CarpetX):   total evolution time:            2.4777 sec
INFO (CarpetX):   total evolution compute time:    2.47734 sec
INFO (CarpetX):   total evolution output time:     0.000361681 sec
INFO (CarpetX):   total iterations:                39
INFO (CarpetX):   total cells updated:             159744
INFO (CarpetX):   average iterations per second: 15.7404
INFO (CarpetX):   average cell updates per second: 64472.6
INFO (CarpetX): OutputGH: iteration 40, time 0.156250, run time 4 s
INFO (CarpetX): OutputGH done.
INFO (CarpetX): Simulation time: 0.15625   Iterations per second: 15.7752   Simulation time per second: 0.061622
INFO (CarpetX): Grid cells: 4096   Grid cell updates per second: 64615.4
INFO (CarpetX): Performance:
INFO (CarpetX):   total evolution time:            2.54111 sec
INFO (CarpetX):   total evolution compute time:    2.54074 sec
INFO (CarpetX):   total evolution output time:     0.000369787 sec
INFO (CarpetX):   total iterations:                40
INFO (CarpetX):   total cells updated:             163840
INFO (CarpetX):   average iterations per second: 15.7412
INFO (CarpetX):   average cell updates per second: 64475.8
INFO (CarpetX): OutputGH: iteration 41, time 0.160156, run time 4 s
INFO (CarpetX): OutputGH done.
INFO (CarpetX): Simulation time: 0.160156   Iterations per second: 15.7763   Simulation time per second: 0.0616264
INFO (CarpetX): Grid cells: 4096   Grid cell updates per second: 64619.9
INFO (CarpetX): Performance:
INFO (CarpetX):   total evolution time:            2.60445 sec
INFO (CarpetX):   total evolution compute time:    2.60407 sec
INFO (CarpetX):   total evolution output time:     0.000378847 sec
INFO (CarpetX):   total iterations:                41
INFO (CarpetX):   total cells updated:             167936
INFO (CarpetX):   average iterations per second: 15.7423
INFO (CarpetX):   average cell updates per second: 64480.3
INFO (CarpetX): OutputGH: iteration 42, time 0.164062, run time 4 s
INFO (CarpetX): OutputGH done.
INFO (CarpetX): Simulation time: 0.164062   Iterations per second: 15.7754   Simulation time per second: 0.0616227
INFO (CarpetX): Grid cells: 4096   Grid cell updates per second: 64616.1
INFO (CarpetX): Performance:
INFO (CarpetX):   total evolution time:            2.66788 sec
INFO (CarpetX):   total evolution compute time:    2.66748 sec
INFO (CarpetX):   total evolution output time:     0.000393867 sec
INFO (CarpetX):   total iterations:                42
INFO (CarpetX):   total cells updated:             172032
INFO (CarpetX):   average iterations per second: 15.7429
INFO (CarpetX):   average cell updates per second: 64482.7
INFO (CarpetX): OutputGH: iteration 43, time 0.167969, run time 4 s
INFO (CarpetX): OutputGH done.
INFO (CarpetX): Simulation time: 0.167969   Iterations per second: 15.6712   Simulation time per second: 0.0612155
INFO (CarpetX): Grid cells: 4096   Grid cell updates per second: 64189.1
INFO (CarpetX): Performance:
INFO (CarpetX):   total evolution time:            2.73548 sec
INFO (CarpetX):   total evolution compute time:    2.73508 sec
INFO (CarpetX):   total evolution output time:     0.000405073 sec
INFO (CarpetX):   total iterations:                43
INFO (CarpetX):   total cells updated:             176128
INFO (CarpetX):   average iterations per second: 15.7193
INFO (CarpetX):   average cell updates per second: 64386.4
INFO (CarpetX): OutputGH: iteration 44, time 0.171875, run time 4 s
INFO (CarpetX): OutputGH done.
INFO (CarpetX): Simulation time: 0.171875   Iterations per second: 15.6799   Simulation time per second: 0.0612497
INFO (CarpetX): Grid cells: 4096   Grid cell updates per second: 64224.9
INFO (CarpetX): Performance:
INFO (CarpetX):   total evolution time:            2.79894 sec
INFO (CarpetX):   total evolution compute time:    2.79853 sec
INFO (CarpetX):   total evolution output time:     0.000412941 sec
INFO (CarpetX):   total iterations:                44
INFO (CarpetX):   total cells updated:             180224
INFO (CarpetX):   average iterations per second: 15.7202
INFO (CarpetX):   average cell updates per second: 64390.1
INFO (CarpetX): OutputGH: iteration 45, time 0.175781, run time 4 s
INFO (CarpetX): OutputGH done.
INFO (CarpetX): Simulation time: 0.175781   Iterations per second: 15.6897   Simulation time per second: 0.0612877
INFO (CarpetX): Grid cells: 4096   Grid cell updates per second: 64264.8
INFO (CarpetX): Performance:
INFO (CarpetX):   total evolution time:            2.86232 sec
INFO (CarpetX):   total evolution compute time:    2.8619 sec
INFO (CarpetX):   total evolution output time:     0.000421047 sec
INFO (CarpetX):   total iterations:                45
INFO (CarpetX):   total cells updated:             184320
INFO (CarpetX):   average iterations per second: 15.7215
INFO (CarpetX):   average cell updates per second: 64395.3
INFO (CarpetX): OutputGH: iteration 46, time 0.179688, run time 4 s
INFO (CarpetX): OutputGH done.
INFO (CarpetX): Simulation time: 0.179688   Iterations per second: 15.6983   Simulation time per second: 0.0613216
INFO (CarpetX): Grid cells: 4096   Grid cell updates per second: 64300.3
INFO (CarpetX): Performance:
INFO (CarpetX):   total evolution time:            2.9257 sec
INFO (CarpetX):   total evolution compute time:    2.92527 sec
INFO (CarpetX):   total evolution output time:     0.000431061 sec
INFO (CarpetX):   total iterations:                46
INFO (CarpetX):   total cells updated:             188416
INFO (CarpetX):   average iterations per second: 15.7227
INFO (CarpetX):   average cell updates per second: 64400.2
INFO (CarpetX): OutputGH: iteration 47, time 0.183594, run time 4 s
INFO (CarpetX): OutputGH done.
INFO (CarpetX): Simulation time: 0.183594   Iterations per second: 15.7072   Simulation time per second: 0.0613562
INFO (CarpetX): Grid cells: 4096   Grid cell updates per second: 64336.6
INFO (CarpetX): Performance:
INFO (CarpetX):   total evolution time:            2.98905 sec
INFO (CarpetX):   total evolution compute time:    2.98861 sec
INFO (CarpetX):   total evolution output time:     0.000439882 sec
INFO (CarpetX):   total iterations:                47
INFO (CarpetX):   total cells updated:             192512
INFO (CarpetX):   average iterations per second: 15.7241
INFO (CarpetX):   average cell updates per second: 64405.8
INFO (CarpetX): OutputGH: iteration 48, time 0.187500, run time 4 s
INFO (CarpetX): OutputGH done.
INFO (CarpetX): Simulation time: 0.1875   Iterations per second: 15.6953   Simulation time per second: 0.0613097
INFO (CarpetX): Grid cells: 4096   Grid cell updates per second: 64287.9
INFO (CarpetX): Performance:
INFO (CarpetX):   total evolution time:            3.05319 sec
INFO (CarpetX):   total evolution compute time:    3.05274 sec
INFO (CarpetX):   total evolution output time:     0.000448942 sec
INFO (CarpetX):   total iterations:                48
INFO (CarpetX):   total cells updated:             196608
INFO (CarpetX):   average iterations per second: 15.7212
INFO (CarpetX):   average cell updates per second: 64394.2
INFO (CarpetX): OutputGH: iteration 49, time 0.191406, run time 4 s
INFO (CarpetX): OutputGH done.
INFO (CarpetX): Simulation time: 0.191406   Iterations per second: 15.7068   Simulation time per second: 0.0613546
INFO (CarpetX): Grid cells: 4096   Grid cell updates per second: 64335
INFO (CarpetX): Performance:
INFO (CarpetX):   total evolution time:            3.11644 sec
INFO (CarpetX):   total evolution compute time:    3.11597 sec
INFO (CarpetX):   total evolution output time:     0.000468969 sec
INFO (CarpetX):   total iterations:                49
INFO (CarpetX):   total cells updated:             200704
INFO (CarpetX):   average iterations per second: 15.7231
INFO (CarpetX):   average cell updates per second: 64401.7
INFO (CarpetX): OutputGH: iteration 50, time 0.195312, run time 4 s
INFO (CarpetX): OutputGH done.
INFO (CarpetX): Simulation time: 0.195312   Iterations per second: 15.7157   Simulation time per second: 0.0613893
INFO (CarpetX): Grid cells: 4096   Grid cell updates per second: 64371.3
INFO (CarpetX): Performance:
INFO (CarpetX):   total evolution time:            3.17975 sec
INFO (CarpetX):   total evolution compute time:    3.17927 sec
INFO (CarpetX):   total evolution output time:     0.000478029 sec
INFO (CarpetX):   total iterations:                50
INFO (CarpetX):   total cells updated:             204800
INFO (CarpetX):   average iterations per second: 15.7245
INFO (CarpetX):   average cell updates per second: 64407.6
INFO (CarpetX): OutputGH: iteration 51, time 0.199219, run time 5 s
INFO (CarpetX): OutputGH done.
INFO (CarpetX): Simulation time: 0.199219   Iterations per second: 15.7241   Simulation time per second: 0.0614221
INFO (CarpetX): Grid cells: 4096   Grid cell updates per second: 64405.7
INFO (CarpetX): Performance:
INFO (CarpetX):   total evolution time:            3.24304 sec
INFO (CarpetX):   total evolution compute time:    3.24255 sec
INFO (CarpetX):   total evolution output time:     0.000488997 sec
INFO (CarpetX):   total iterations:                51
INFO (CarpetX):   total cells updated:             208896
INFO (CarpetX):   average iterations per second: 15.726
INFO (CarpetX):   average cell updates per second: 64413.7
INFO (CarpetX): OutputGH: iteration 52, time 0.203125, run time 5 s
INFO (CarpetX): OutputGH done.
INFO (CarpetX): Simulation time: 0.203125   Iterations per second: 15.7331   Simulation time per second: 0.0614575
INFO (CarpetX): Grid cells: 4096   Grid cell updates per second: 64442.9
INFO (CarpetX): Performance:
INFO (CarpetX):   total evolution time:            3.30627 sec
INFO (CarpetX):   total evolution compute time:    3.30577 sec
INFO (CarpetX):   total evolution output time:     0.000497103 sec
INFO (CarpetX):   total iterations:                52
INFO (CarpetX):   total cells updated:             212992
INFO (CarpetX):   average iterations per second: 15.7277
INFO (CarpetX):   average cell updates per second: 64420.7
INFO (CarpetX): OutputGH: iteration 53, time 0.207031, run time 5 s
INFO (CarpetX): OutputGH done.
INFO (CarpetX): Simulation time: 0.207031   Iterations per second: 15.7371   Simulation time per second: 0.061473
INFO (CarpetX): Grid cells: 4096   Grid cell updates per second: 64459.1
INFO (CarpetX): Performance:
INFO (CarpetX):   total evolution time:            3.36967 sec
INFO (CarpetX):   total evolution compute time:    3.36916 sec
INFO (CarpetX):   total evolution output time:     0.000504017 sec
INFO (CarpetX):   total iterations:                53
INFO (CarpetX):   total cells updated:             217088
INFO (CarpetX):   average iterations per second: 15.7286
INFO (CarpetX):   average cell updates per second: 64424.1
INFO (CarpetX): OutputGH: iteration 54, time 0.210938, run time 5 s
INFO (CarpetX): OutputGH done.
INFO (CarpetX): Simulation time: 0.210938   Iterations per second: 15.7425   Simulation time per second: 0.0614942
INFO (CarpetX): Grid cells: 4096   Grid cell updates per second: 64481.4
INFO (CarpetX): Performance:
INFO (CarpetX):   total evolution time:            3.43299 sec
INFO (CarpetX):   total evolution compute time:    3.43248 sec
INFO (CarpetX):   total evolution output time:     0.000512838 sec
INFO (CarpetX):   total iterations:                54
INFO (CarpetX):   total cells updated:             221184
INFO (CarpetX):   average iterations per second: 15.7297
INFO (CarpetX):   average cell updates per second: 64428.9
INFO (CarpetX): OutputGH: iteration 55, time 0.214844, run time 5 s
INFO (CarpetX): OutputGH done.
INFO (CarpetX): Simulation time: 0.214844   Iterations per second: 15.7426   Simulation time per second: 0.0614945
INFO (CarpetX): Grid cells: 4096   Grid cell updates per second: 64481.6
INFO (CarpetX): Performance:
INFO (CarpetX):   total evolution time:            3.49651 sec
INFO (CarpetX):   total evolution compute time:    3.49599 sec
INFO (CarpetX):   total evolution output time:     0.000522852 sec
INFO (CarpetX):   total iterations:                55
INFO (CarpetX):   total cells updated:             225280
INFO (CarpetX):   average iterations per second: 15.73
INFO (CarpetX):   average cell updates per second: 64429.9
INFO (CarpetX): OutputGH: iteration 56, time 0.218750, run time 5 s
INFO (CarpetX): OutputGH done.
INFO (CarpetX): Simulation time: 0.21875   Iterations per second: 15.7446   Simulation time per second: 0.0615022
INFO (CarpetX): Grid cells: 4096   Grid cell updates per second: 64489.7
INFO (CarpetX): Performance:
INFO (CarpetX):   total evolution time:            3.55996 sec
INFO (CarpetX):   total evolution compute time:    3.55942 sec
INFO (CarpetX):   total evolution output time:     0.000531673 sec
INFO (CarpetX):   total iterations:                56
INFO (CarpetX):   total cells updated:             229376
INFO (CarpetX):   average iterations per second: 15.7305
INFO (CarpetX):   average cell updates per second: 64432.3
INFO (CarpetX): OutputGH: iteration 57, time 0.222656, run time 5 s
INFO (CarpetX): OutputGH done.
INFO (CarpetX): Simulation time: 0.222656   Iterations per second: 15.7518   Simulation time per second: 0.0615305
INFO (CarpetX): Grid cells: 4096   Grid cell updates per second: 64519.4
INFO (CarpetX): Performance:
INFO (CarpetX):   total evolution time:            3.62318 sec
INFO (CarpetX):   total evolution compute time:    3.62264 sec
INFO (CarpetX):   total evolution output time:     0.000538588 sec
INFO (CarpetX):   total iterations:                57
INFO (CarpetX):   total cells updated:             233472
INFO (CarpetX):   average iterations per second: 15.732
INFO (CarpetX):   average cell updates per second: 64438.5
INFO (CarpetX): OutputGH: iteration 58, time 0.226562, run time 5 s
INFO (CarpetX): OutputGH done.
INFO (CarpetX): Simulation time: 0.226562   Iterations per second: 15.7563   Simulation time per second: 0.061548
INFO (CarpetX): Grid cells: 4096   Grid cell updates per second: 64537.8
INFO (CarpetX): Performance:
INFO (CarpetX):   total evolution time:            3.68648 sec
INFO (CarpetX):   total evolution compute time:    3.68593 sec
INFO (CarpetX):   total evolution output time:     0.000548363 sec
INFO (CarpetX):   total iterations:                58
INFO (CarpetX):   total cells updated:             237568
INFO (CarpetX):   average iterations per second: 15.7332
INFO (CarpetX):   average cell updates per second: 64443
INFO (CarpetX): OutputGH: iteration 59, time 0.230469, run time 5 s
INFO (CarpetX): OutputGH done.
INFO (CarpetX): Simulation time: 0.230469   Iterations per second: 15.7575   Simulation time per second: 0.0615528
INFO (CarpetX): Grid cells: 4096   Grid cell updates per second: 64542.8
INFO (CarpetX): Performance:
INFO (CarpetX):   total evolution time:            3.7499 sec
INFO (CarpetX):   total evolution compute time:    3.74934 sec
INFO (CarpetX):   total evolution output time:     0.000558376 sec
INFO (CarpetX):   total iterations:                59
INFO (CarpetX):   total cells updated:             241664
INFO (CarpetX):   average iterations per second: 15.7338
INFO (CarpetX):   average cell updates per second: 64445.5
INFO (CarpetX): OutputGH: iteration 60, time 0.234375, run time 5 s
INFO (CarpetX): OutputGH done.
INFO (CarpetX): Simulation time: 0.234375   Iterations per second: 15.7573   Simulation time per second: 0.0615521
INFO (CarpetX): Grid cells: 4096   Grid cell updates per second: 64542.1
INFO (CarpetX): Performance:
INFO (CarpetX):   total evolution time:            3.81337 sec
INFO (CarpetX):   total evolution compute time:    3.8128 sec
INFO (CarpetX):   total evolution output time:     0.000566244 sec
INFO (CarpetX):   total iterations:                60
INFO (CarpetX):   total cells updated:             245760
INFO (CarpetX):   average iterations per second: 15.7341
INFO (CarpetX):   average cell updates per second: 64447
INFO (CarpetX): OutputGH: iteration 61, time 0.238281, run time 5 s
INFO (CarpetX): OutputGH done.
INFO (CarpetX): Simulation time: 0.238281   Iterations per second: 15.7602   Simulation time per second: 0.0615633
INFO (CarpetX): Grid cells: 4096   Grid cell updates per second: 64553.8
INFO (CarpetX): Performance:
INFO (CarpetX):   total evolution time:            3.87671 sec
INFO (CarpetX):   total evolution compute time:    3.87614 sec
INFO (CarpetX):   total evolution output time:     0.00057435 sec
INFO (CarpetX):   total iterations:                61
INFO (CarpetX):   total cells updated:             249856
INFO (CarpetX):   average iterations per second: 15.735
INFO (CarpetX):   average cell updates per second: 64450.4
INFO (CarpetX): OutputGH: iteration 62, time 0.242188, run time 5 s
INFO (CarpetX): OutputGH done.
INFO (CarpetX): Simulation time: 0.242188   Iterations per second: 15.7643   Simulation time per second: 0.0615791
INFO (CarpetX): Grid cells: 4096   Grid cell updates per second: 64570.4
INFO (CarpetX): Performance:
INFO (CarpetX):   total evolution time:            3.94 sec
INFO (CarpetX):   total evolution compute time:    3.93942 sec
INFO (CarpetX):   total evolution output time:     0.00058341 sec
INFO (CarpetX):   total iterations:                62
INFO (CarpetX):   total cells updated:             253952
INFO (CarpetX):   average iterations per second: 15.736
INFO (CarpetX):   average cell updates per second: 64454.8
INFO (CarpetX): OutputGH: iteration 63, time 0.246094, run time 5 s
INFO (CarpetX): OutputGH done.
INFO (CarpetX): Simulation time: 0.246094   Iterations per second: 15.7671   Simulation time per second: 0.0615902
INFO (CarpetX): Grid cells: 4096   Grid cell updates per second: 64582
INFO (CarpetX): Performance:
INFO (CarpetX):   total evolution time:            4.00332 sec
INFO (CarpetX):   total evolution compute time:    4.00273 sec
INFO (CarpetX):   total evolution output time:     0.00059247 sec
INFO (CarpetX):   total iterations:                63
INFO (CarpetX):   total cells updated:             258048
INFO (CarpetX):   average iterations per second: 15.7369
INFO (CarpetX):   average cell updates per second: 64458.5
INFO (CarpetX): OutputGH: iteration 64, time 0.250000, run time 5 s
INFO (CarpetX): OutputGH done.
INFO (CarpetX): Simulation time: 0.25   Iterations per second: 10.4645   Simulation time per second: 0.0408769
INFO (CarpetX): Grid cells: 4096   Grid cell updates per second: 42862.5
INFO (CarpetX): Performance:
INFO (CarpetX):   total evolution time:            4.38813 sec
INFO (CarpetX):   total evolution compute time:    4.07166 sec
INFO (CarpetX):   total evolution output time:     0.316472 sec
INFO (CarpetX):   total iterations:                64
INFO (CarpetX):   total cells updated:             262144
INFO (CarpetX):   average iterations per second: 14.5848
INFO (CarpetX):   average cell updates per second: 59739.4
INFO (CarpetX): Shutting down...
AMReX (25.11) finalized
--------------------------------------------------------------------------------
Done.
+ echo Stopping:
Stopping:
+ date
Sat Jun 13 05:54:55 UTC 2026
+ echo Done.
Done.
  Elapsed time: 5.5 s
