/home/runner/simulations/TestJob01_temp_1/output-0000/TEST/sim/CanudaX_BSSNMoL
Preparing:
+ set -e
+ cd output-0000-active
+ echo Checking:
Checking:
+ pwd
/home/runner/simulations/TestJob01_temp_1/output-0000/TEST/sim/CanudaX_BSSNMoL/output-0000-active
+ hostname
runnervm5mmn9
+ date
Sat Jul 11 00:31:30 UTC 2026
+ echo Environment:
Environment:
+ export CACTUS_NUM_PROCS=1
+ CACTUS_NUM_PROCS=1
+ export CACTUS_NUM_THREADS=2
+ CACTUS_NUM_THREADS=2
+ export GMON_OUT_PREFIX=gmon.out
+ GMON_OUT_PREFIX=gmon.out
+ export OMP_NUM_THREADS=2
+ OMP_NUM_THREADS=2
+ env
+ sort
+ echo Starting:
Starting:
++ date +%s
+ export CACTUS_STARTTIME=1783729890
+ CACTUS_STARTTIME=1783729890
+ '[' 1 = 1 ']'
+ '[' 0 -eq 0 ']'
+ /home/runner/simulations/TestJob01_temp_1/SIMFACTORY/exe/cactus_sim -L 3 /home/runner/simulations/TestJob01_temp_1/output-0000/arrangements/CanudaX/CanudaX_BSSNMoL/test/gaugewave.par
INFO (Cactus): Increased logging level from 0 to 3
--------------------------------------------------------------------------------

       10                                  
  1   0101       ************************  
  01  1010 10      The Cactus Code V4.20.0    
 1010 1101 011      www.cactuscode.org     
  1001 100101    ************************  
    00010101                               
     100011     (c) Copyright The Authors  
      0100      GNU Licensed. No Warranty  
      0101                                 
--------------------------------------------------------------------------------

Cactus version:    4.20.0
Compile date:      Jul 11 2026 (00:28:41)
Run date:          Jul 11 2026 (00:31:31+0000)
Run host:          runnervm5mmn9.k5jrcnfhihfe3jezjgdm4pckqf.phxx.internal.cloudapp.net (pid=169217)
Working directory: /home/runner/simulations/TestJob01_temp_1/output-0000/TEST/sim/CanudaX_BSSNMoL
Executable:        /home/runner/simulations/TestJob01_temp_1/SIMFACTORY/exe/cactus_sim
Parameter file:    /home/runner/simulations/TestJob01_temp_1/output-0000/arrangements/CanudaX/CanudaX_BSSNMoL/test/gaugewave.par
--------------------------------------------------------------------------------

Activating thorn Cactus...Success -> active implementation Cactus
Activation requested for 
--->ADMBaseX CanudaX_BSSNMoL CanudaX_ExactID CarpetX IOUtil ODESolvers TmunuBaseX<---
Thorn ADMBaseX requests automatic activation of Loop
Thorn CarpetX requests automatic activation of AMReX
Thorn CarpetX requests automatic activation of MPI
Thorn CarpetX requests automatic activation of yaml_cpp
Thorn CarpetX requests automatic activation of zlib
Thorn CarpetX requests automatic activation of Arith
Thorn CarpetX requests automatic activation of CarpetXRegrid
Thorn CarpetX requests automatic activation of ADIOS2
Thorn CarpetX requests automatic activation of openPMD
Thorn CarpetX requests automatic activation of Silo
Thorn ADIOS2 requests automatic activation of CMake
Thorn Arith requests automatic activation of NSIMD
Thorn MPI requests automatic activation of hwloc
Thorn openPMD requests automatic activation of HDF5
Activating thorn ADIOS2...Success -> active implementation ADIOS2
Activating thorn ADMBaseX...Success -> active implementation ADMBaseX
Activating thorn AMReX...Success -> active implementation AMReX
Activating thorn Arith...Success -> active implementation Arith
Activating thorn CanudaX_BSSNMoL...Success -> active implementation CanudaX_BSSNMoL
Activating thorn CanudaX_ExactID...Success -> active implementation CanudaX_ExactID
Activating thorn CarpetX...Success -> active implementation Driver
Activating thorn CarpetXRegrid...Success -> active implementation CarpetXRegrid
Activating thorn CMake...Success -> active implementation CMake
Activating thorn HDF5...Success -> active implementation HDF5
Activating thorn hwloc...Success -> active implementation hwloc
Activating thorn IOUtil...Success -> active implementation IO
Activating thorn Loop...Success -> active implementation Loop
Activating thorn MPI...Success -> active implementation MPI
Activating thorn NSIMD...Success -> active implementation NSIMD
Activating thorn ODESolvers...Success -> active implementation ODESolvers
Activating thorn openPMD...Success -> active implementation openPMD
Activating thorn Silo...Success -> active implementation Silo
Activating thorn TmunuBaseX...Success -> active implementation TmunuBaseX
Activating thorn yaml_cpp...Success -> active implementation yaml_cpp
Activating thorn zlib...Success -> active implementation zlib
--------------------------------------------------------------------------------
  if (recover initial data)
    Recover parameters
  endif

  Startup routines
    [CCTK_STARTUP]
      CarpetX::Driver_Startup: Start up the driver
      IOUtil::IOUtil_Startup: Startup routine
      GROUP hwloc_startup: hwloc startup group
        hwloc::hwloc_version: Output hwloc version

  Startup routines which need an existing grid hierarchy
    [CCTK_WRAGH]
      Arith::Test_smallvector: [meta] Test small vectors
      Arith::Test_spvect: [meta] Test sparse vectors
      ODESolvers::ODESolvers_InitConstants: [global] Set up dummy loop counters for schedule printout
  Parameter checking routines
    [CCTK_PARAMCHECK]
      CanudaX_BSSNMoL::CanudaX_BSSNMoL_paramcheck: Check CanudaX_BSSNMoL parameters for consistency

  Initialisation
    if (NOT (recover initial data AND recovery_mode is 'strict'))
      [CCTK_PREREGRIDINITIAL]
      Set up grid hierarchy
      [CCTK_POSTREGRIDINITIAL]
      [CCTK_BASEGRID]
        CarpetXRegrid::CarpetXRegrid_InitError: Initialize regridding error to zero
        GROUP ODESolvers_BaseGrid: Set up constants (e.g. coordinates) everywhere on the grid
      [CCTK_INITIAL]
        GROUP TmunuBaseX_SetTmunuVars: Schedule group for setting T_munu
          TmunuBaseX::TmunuBaseX_ZeroTmunu: Set T_munu to zero
          GROUP TmunuBaseX_AddToTmunu: Add to T_munu here
        GROUP ODESolvers_Initial: Set up initial conditions on interior of state vector
          GROUP ADMBaseX_InitialData: Schedule group for calculating ADM initial data
            GROUP CanudaX_ExactIDGroup: CanudaX_ExactID group for setting up initial data
              CanudaX_ExactID::CanudaX_ExactID_GaugeWave: [local] Create gauge wave initial data
          GROUP ADMBaseX_InitialGauge: Schedule group for the ADM initial gauge condition
            ADMBaseX::ADMBaseX_initial_dtlapse: Set dtlapse to zero
            ADMBaseX::ADMBaseX_initial_dtshift: Set dtshift to zero
          GROUP ADMBaseX_PostInitial: Schedule group for modifying the ADM initial data, such as e.g. adding noise
        GROUP CanudaX_BSSNMoL_InitialGroup: CanudaX_BSSNMoL: initial bin
          CanudaX_BSSNMoL::CanudaX_BSSNMoL_adm2bssn: [local] Convert initial data into BSSN variables
          CanudaX_BSSNMoL::CanudaX_BSSNMoL_gammat: [local] Set Gammat initial data
      [CCTK_POSTINITIAL]
        GROUP ODESolvers_PostStep: Apply boundary conditions to state vector, and project if necessary
          GROUP CanudaX_BSSNMoL_PostStepGroup: CanudaX_BSSNMoL: post-step operations
            CanudaX_BSSNMoL::CanudaX_BSSNMoL_impose_conf_fac_floor: Make sure conformal factor does not drop below specified value
            CanudaX_BSSNMoL::CanudaX_BSSNMoL_reset_detmetric: reset dethh = 1
            CanudaX_BSSNMoL::CanudaX_BSSNMoL_remove_trA: Remove trace of A
            CanudaX_BSSNMoL::CanudaX_BSSNMoL_sync: [global] Sync state vector
            CanudaX_BSSNMoL::CanudaX_BSSNMoL_bssn2adm: [local] Convert variables back to the ADM ones
          GROUP ADMBaseX_SetADMRHS: Set ADM RHS variables in this group
          GROUP ADMBaseX_SetADMVars: Set ADM variables in this group
          GROUP TmunuBaseX_SetTmunuVars: Schedule group for setting T_munu
            TmunuBaseX::TmunuBaseX_ZeroTmunu: Set T_munu to zero
            GROUP TmunuBaseX_AddToTmunu: Add to T_munu here
        GROUP ODESolvers_EstimateError: Estimate discretization error (for regridding)
      Initialise finer grids recursively
      Restrict from finer grids
      [CCTK_POSTRESTRICTINITIAL]
      [CCTK_POSTPOSTINITIAL]
      [CCTK_POSTSTEP]
        GROUP ODESolvers_EstimateError: Estimate discretization error (for regridding)
    endif
    if (recover initial data)
      [CCTK_BASEGRID]
        CarpetXRegrid::CarpetXRegrid_InitError: Initialize regridding error to zero
        GROUP ODESolvers_BaseGrid: Set up constants (e.g. coordinates) everywhere on the grid
      [CCTK_RECOVER_VARIABLES]
      [CCTK_POST_RECOVER_VARIABLES]
        GROUP ODESolvers_PostStep: Apply boundary conditions to state vector, and project if necessary
          GROUP CanudaX_BSSNMoL_PostStepGroup: CanudaX_BSSNMoL: post-step operations
            CanudaX_BSSNMoL::CanudaX_BSSNMoL_impose_conf_fac_floor: Make sure conformal factor does not drop below specified value
            CanudaX_BSSNMoL::CanudaX_BSSNMoL_reset_detmetric: reset dethh = 1
            CanudaX_BSSNMoL::CanudaX_BSSNMoL_remove_trA: Remove trace of A
            CanudaX_BSSNMoL::CanudaX_BSSNMoL_sync: [global] Sync state vector
            CanudaX_BSSNMoL::CanudaX_BSSNMoL_bssn2adm: [local] Convert variables back to the ADM ones
          GROUP ADMBaseX_SetADMRHS: Set ADM RHS variables in this group
          GROUP ADMBaseX_SetADMVars: Set ADM variables in this group
          GROUP TmunuBaseX_SetTmunuVars: Schedule group for setting T_munu
            TmunuBaseX::TmunuBaseX_ZeroTmunu: Set T_munu to zero
            GROUP TmunuBaseX_AddToTmunu: Add to T_munu here
        GROUP ODESolvers_EstimateError: Estimate discretization error (for regridding)
    endif
    if (checkpoint initial data)
      [CCTK_CPINITIAL]
        CarpetX::CarpetX_CheckpointInitial: [meta] Checkpoint initial conditions
    endif
    if (analysis)
      [CCTK_ANALYSIS]
        CanudaX_BSSNMoL::CanudaX_BSSNMoL_bssn_constraints: Compute constraints
        GROUP ODESolvers_Analysis: Calculate analysis quantities everywhere
  endif
  Output grid variables

  do loop over timesteps
    [CCTK_PREREGRID]
    Change grid hierarchy
    [CCTK_POSTREGRID]
      GROUP ODESolvers_PostStep: Apply boundary conditions to state vector, and project if necessary
        GROUP CanudaX_BSSNMoL_PostStepGroup: CanudaX_BSSNMoL: post-step operations
          CanudaX_BSSNMoL::CanudaX_BSSNMoL_impose_conf_fac_floor: Make sure conformal factor does not drop below specified value
          CanudaX_BSSNMoL::CanudaX_BSSNMoL_reset_detmetric: reset dethh = 1
          CanudaX_BSSNMoL::CanudaX_BSSNMoL_remove_trA: Remove trace of A
          CanudaX_BSSNMoL::CanudaX_BSSNMoL_sync: [global] Sync state vector
          CanudaX_BSSNMoL::CanudaX_BSSNMoL_bssn2adm: [local] Convert variables back to the ADM ones
        GROUP ADMBaseX_SetADMRHS: Set ADM RHS variables in this group
        GROUP ADMBaseX_SetADMVars: Set ADM variables in this group
        GROUP TmunuBaseX_SetTmunuVars: Schedule group for setting T_munu
          TmunuBaseX::TmunuBaseX_ZeroTmunu: Set T_munu to zero
          GROUP TmunuBaseX_AddToTmunu: Add to T_munu here
    Rotate timelevels
    iteration = iteration+1
    t = t+dt
    [CCTK_PRESTEP]
    [CCTK_EVOL]
      ODESolvers::ODESolvers_Solve: [level] Solve ODEs
      while (ODESolvers::do_substeps)
        GROUP ODESolvers_CalledBySolve: Groups internally scheduled by ODESolvers_Solve
          GROUP ODESolvers_RHS: Evaluate the RHS for of state vector everywhere on the grid
            GROUP CanudaX_BSSNMoL_RHSGroup: CanudaX_BSSNMoL: calculate BSSN RHS
              CanudaX_BSSNMoL::CanudaX_BSSNMoL_calc_bssn_rhs: MoL RHS calculation
              CanudaX_BSSNMoL::CanudaX_BSSNMoL_apply_boundary_conditions: Apply radiative boundary conditions 
          GROUP ODESolvers_PostStep: Apply boundary conditions to state vector, and project if necessary
            GROUP CanudaX_BSSNMoL_PostStepGroup: CanudaX_BSSNMoL: post-step operations
              CanudaX_BSSNMoL::CanudaX_BSSNMoL_impose_conf_fac_floor: Make sure conformal factor does not drop below specified value
              CanudaX_BSSNMoL::CanudaX_BSSNMoL_reset_detmetric: reset dethh = 1
              CanudaX_BSSNMoL::CanudaX_BSSNMoL_remove_trA: Remove trace of A
              CanudaX_BSSNMoL::CanudaX_BSSNMoL_sync: [global] Sync state vector
              CanudaX_BSSNMoL::CanudaX_BSSNMoL_bssn2adm: [local] Convert variables back to the ADM ones
            GROUP ADMBaseX_SetADMRHS: Set ADM RHS variables in this group
            GROUP ADMBaseX_SetADMVars: Set ADM variables in this group
            GROUP TmunuBaseX_SetTmunuVars: Schedule group for setting T_munu
              TmunuBaseX::TmunuBaseX_ZeroTmunu: Set T_munu to zero
              GROUP TmunuBaseX_AddToTmunu: Add to T_munu here
      end while
    Evolve finer grids recursively
    Restrict from finer grids
    [CCTK_POSTRESTRICT]
      GROUP ODESolvers_PostStep: Apply boundary conditions to state vector, and project if necessary
        GROUP CanudaX_BSSNMoL_PostStepGroup: CanudaX_BSSNMoL: post-step operations
          CanudaX_BSSNMoL::CanudaX_BSSNMoL_impose_conf_fac_floor: Make sure conformal factor does not drop below specified value
          CanudaX_BSSNMoL::CanudaX_BSSNMoL_reset_detmetric: reset dethh = 1
          CanudaX_BSSNMoL::CanudaX_BSSNMoL_remove_trA: Remove trace of A
          CanudaX_BSSNMoL::CanudaX_BSSNMoL_sync: [global] Sync state vector
          CanudaX_BSSNMoL::CanudaX_BSSNMoL_bssn2adm: [local] Convert variables back to the ADM ones
        GROUP ADMBaseX_SetADMRHS: Set ADM RHS variables in this group
        GROUP ADMBaseX_SetADMVars: Set ADM variables in this group
        GROUP TmunuBaseX_SetTmunuVars: Schedule group for setting T_munu
          TmunuBaseX::TmunuBaseX_ZeroTmunu: Set T_munu to zero
          GROUP TmunuBaseX_AddToTmunu: Add to T_munu here
    [CCTK_POSTSTEP]
      GROUP ODESolvers_EstimateError: Estimate discretization error (for regridding)
    if (checkpoint)
      [CCTK_CHECKPOINT]
      CarpetX::CarpetX_Checkpoint: [meta] Checkpoint
    endif
    if (analysis)
      [CCTK_ANALYSIS]
      CanudaX_BSSNMoL::CanudaX_BSSNMoL_bssn_constraints: Compute constraints
      GROUP ODESolvers_Analysis: Calculate analysis quantities everywhere
    endif
    Output grid variables
    enddo

  Termination routines
    [CCTK_TERMINATE]
      CarpetX::CarpetX_CheckpointTerminate: [meta] Checkpoint before terminating

  Shutdown routines
    [CCTK_SHUTDOWN]
      CarpetX::Driver_Shutdown: [meta] Shut down the driver

  Routines run after changing the grid hierarchy:
    [CCTK_POSTREGRID]
      GROUP ODESolvers_PostStep: Apply boundary conditions to state vector, and project if necessary
        GROUP CanudaX_BSSNMoL_PostStepGroup: CanudaX_BSSNMoL: post-step operations
          CanudaX_BSSNMoL::CanudaX_BSSNMoL_impose_conf_fac_floor: Make sure conformal factor does not drop below specified value
          CanudaX_BSSNMoL::CanudaX_BSSNMoL_reset_detmetric: reset dethh = 1
          CanudaX_BSSNMoL::CanudaX_BSSNMoL_remove_trA: Remove trace of A
          CanudaX_BSSNMoL::CanudaX_BSSNMoL_sync: [global] Sync state vector
          CanudaX_BSSNMoL::CanudaX_BSSNMoL_bssn2adm: [local] Convert variables back to the ADM ones
        GROUP ADMBaseX_SetADMRHS: Set ADM RHS variables in this group
        GROUP ADMBaseX_SetADMVars: Set ADM variables in this group
        GROUP TmunuBaseX_SetTmunuVars: Schedule group for setting T_munu
          TmunuBaseX::TmunuBaseX_ZeroTmunu: Set T_munu to zero
          GROUP TmunuBaseX_AddToTmunu: Add to T_munu here
--------------------------------------------------------------------------------
INFO (hwloc): library version 2.10.0, API version 0x20800
--------------------------------------------------------------------------------

  [34m  ▕▏  [34m  ▕▏  [34m  ▕▏  [34m  ▕▏  [34m  ▕▏  [34m  ▕▏  [34m  ▕▏  [34m  ▕▏  [34m  ▕▏  [39m  
  [34m──██──[34m──██──[34m──██──[34m──██──[34m──██──[34m──██──[34m──██──[34m──██──[34m──██──[39m  
  [34m  ▕▏  [34m  ▕▏  [34m  ▕▏  [34m  ▕▏  [34m  ▕▏  [34m  ▕▏  [34m  ▕▏  [34m  ▕▏  [34m  ▕▏  [39m  
  [34m  ▕▏  [32m██████[34m  ▕▏  [34m  ▕▏  [32m██████[34m  ▕▏  [34m  ▕▏  [32m██████[34m  ▕▏  [39m  
  [34m──██──[32m██████[34m──██──[34m──██──[32m██████[34m──██──[34m──██──[32m██████[34m──██──[39m  
  [34m  ▕▏  [32m██████[34m  ▕▏  [34m  ▕▏  [32m██████[34m  ▕▏  [34m  ▕▏  [32m██████[34m  ▕▏  [39m  
  [34m  ▕▏  [34m  ▕▏  [34m  ▕▏  [34m  ▕▏  [34m  ▕▏  [34m  ▕▏  [34m  ▕▏  [34m  ▕▏  [34m  ▕▏  [39m  
  [34m──██──[34m──██──[34m──██──[34m──██──[34m──██──[34m──██──[34m──██──[34m──██──[34m──██──[39m  
  [34m  ▕▏  [34m  ▕▏  [34m  ▕▏  [34m  ▕▏  [34m  ▕▏  [34m  ▕▏  [34m  ▕▏  [34m  ▕▏  [34m  ▕▏  [39m  
  [34m  ▕▏  [34m  ▕▏  [34m  ▕▏  [31m██████[31m██████[31m██████[34m  ▕▏  [34m  ▕▏  [34m  ▕▏  [39m  
  [34m──██──[34m──██──[34m──██──[31m██████[31m██████[31m██████[34m──██──[34m──██──[34m──██──[39m  
  [34m  ▕▏  [34m  ▕▏  [34m  ▕▏  [31m██████[31m██████[31m██████[34m  ▕▏  [34m  ▕▏  [34m  ▕▏  [39m  
  [34m  ▕▏  [32m██████[34m  ▕▏  [31m██████[31m██████[31m██████[34m  ▕▏  [32m██████[34m  ▕▏  [39m  
  [34m──██──[32m██████[34m──██──[31m██████[31m██████[31m██████[34m──██──[32m██████[34m──██──[39m  
  [34m  ▕▏  [32m██████[34m  ▕▏  [31m██████[31m██████[31m██████[34m  ▕▏  [32m██████[34m  ▕▏  [39m  
  [34m  ▕▏  [34m  ▕▏  [34m  ▕▏  [31m██████[31m██████[31m██████[34m  ▕▏  [34m  ▕▏  [34m  ▕▏  [39m  
  [34m──██──[34m──██──[34m──██──[31m██████[31m██████[31m██████[34m──██──[34m──██──[34m──██──[39m  
  [34m  ▕▏  [34m  ▕▏  [34m  ▕▏  [31m██████[31m██████[31m██████[34m  ▕▏  [34m  ▕▏  [34m  ▕▏  [39m  
  [34m  ▕▏  [34m  ▕▏  [34m  ▕▏  [34m  ▕▏  [34m  ▕▏  [34m  ▕▏  [34m  ▕▏  [34m  ▕▏  [34m  ▕▏  [39m  
  [34m──██──[34m──██──[34m──██──[34m──██──[34m──██──[34m──██──[34m──██──[34m──██──[34m──██──[39m  
  [34m  ▕▏  [34m  ▕▏  [34m  ▕▏  [34m  ▕▏  [34m  ▕▏  [34m  ▕▏  [34m  ▕▏  [34m  ▕▏  [34m  ▕▏  [39m  
  [34m  ▕▏  [32m██████[34m  ▕▏  [34m  ▕▏  [32m██████[34m  ▕▏  [34m  ▕▏  [32m██████[34m  ▕▏  [39m  
  [34m──██──[32m██████[34m──██──[34m──██──[32m██████[34m──██──[34m──██──[32m██████[34m──██──[39m  
  [34m  ▕▏  [32m██████[34m  ▕▏  [34m  ▕▏  [32m██████[34m  ▕▏  [34m  ▕▏  [32m██████[34m  ▕▏  [39m  
  [34m  ▕▏  [34m  ▕▏  [34m  ▕▏  [34m  ▕▏  [34m  ▕▏  [34m  ▕▏  [34m  ▕▏  [34m  ▕▏  [34m  ▕▏  [39m  
  [34m──██──[34m──██──[34m──██──[34m──██──[34m──██──[34m──██──[34m──██──[34m──██──[34m──██──[39m  
  [34m  ▕▏  [34m  ▕▏  [34m  ▕▏  [34m  ▕▏  [34m  ▕▏  [34m  ▕▏  [34m  ▕▏  [34m  ▕▏  [34m  ▕▏  [39m  

AMR driver provided by CarpetX,
using AMReX 25.11 (MPI, OpenMP, no accelerators, debug)
--------------------------------------------------------------------------------

Initializing AMReX (25.11)...
MPI initialized with 1 MPI processes
MPI initialized with thread support level 2
OMP initialized with 2 OMP threads
AMReX (25.11) initialized
INFO (CarpetX): 
Symmetries:
  lower x: periodic
  lower y: periodic
  lower z: periodic
  upper x: periodic
  upper y: periodic
  upper z: periodic
Default boundaries:
  lower x: symmetry_boundary
  lower y: symmetry_boundary
  lower z: symmetry_boundary
  upper x: symmetry_boundary
  upper y: symmetry_boundary
  upper z: symmetry_boundary
INFO (Arith): Test_smallvector
INFO (Arith): Test_spvect
INFO (CarpetX): Setting initial values for max_grid_size values for all levels
INFO (CarpetX): Setting up initial conditions...
INFO (CarpetX): Iteration: 0   time: 0   delta_time: 0.00390625
INFO (CarpetX): Patch 0:
INFO (CarpetX):   Grid extent:
INFO (CarpetX):     gsh=[71,15,15]
INFO (CarpetX):     blocking_factor=[8,8,8]
INFO (CarpetX):     max_grid_size=[10000000,10000000,10000000]
INFO (CarpetX):     max_tile_size=[1024000,16,32]
INFO (CarpetX):   Domain extent:
INFO (CarpetX):     xmin=[-0.5,-0.0625,-0.0625]
INFO (CarpetX):     xmax=[0.5,0.0625,0.0625]
INFO (CarpetX):     base dx=[0.015625,0.015625,0.015625]
INFO (CarpetX): Initializing level 0...
INFO (CanudaX_ExactID): Begin Gauge Wave initial data
INFO (CanudaX_ExactID): === End gauge wave initial data ===
INFO (CarpetX): Regridding...
INFO (CarpetX):   level 0: 1 boxes, 4096 cells (100%)
INFO (CarpetX): Initialized 1 levels
INFO (CarpetX): OutputGH: iteration 0, time 0.000000, run time 1 s
INFO (CarpetX): OutputGH done.
INFO (CarpetX): Starting evolution...
INFO (ODESolvers): ODE integrator is RK4
INFO (CarpetX): OutputGH: iteration 1, time 0.003906, run time 1 s
INFO (CarpetX): OutputGH done.
INFO (CarpetX): Simulation time: 0.00390625   Iterations per second: 18.8868   Simulation time per second: 0.0737765
INFO (CarpetX): Grid cells: 4096   Grid cell updates per second: 77360.3
INFO (CarpetX): Performance:
INFO (CarpetX):   total evolution time:            0.052947 sec
INFO (CarpetX):   total evolution compute time:    0.0529392 sec
INFO (CarpetX):   total evolution output time:     7.86781e-06 sec
INFO (CarpetX):   total iterations:                1
INFO (CarpetX):   total cells updated:             4096
INFO (CarpetX):   average iterations per second: 18.8868
INFO (CarpetX):   average cell updates per second: 77360.3
INFO (CarpetX): OutputGH: iteration 2, time 0.007812, run time 1 s
INFO (CarpetX): OutputGH done.
INFO (CarpetX): Simulation time: 0.0078125   Iterations per second: 19.3265   Simulation time per second: 0.075494
INFO (CarpetX): Grid cells: 4096   Grid cell updates per second: 79161.1
INFO (CarpetX): Performance:
INFO (CarpetX):   total evolution time:            0.103485 sec
INFO (CarpetX):   total evolution compute time:    0.103468 sec
INFO (CarpetX):   total evolution output time:     1.69277e-05 sec
INFO (CarpetX):   total iterations:                2
INFO (CarpetX):   total cells updated:             8192
INFO (CarpetX):   average iterations per second: 19.3265
INFO (CarpetX):   average cell updates per second: 79161.1
INFO (CarpetX): OutputGH: iteration 3, time 0.011719, run time 1 s
INFO (CarpetX): OutputGH done.
INFO (CarpetX): Simulation time: 0.0117188   Iterations per second: 19.3466   Simulation time per second: 0.0755727
INFO (CarpetX): Grid cells: 4096   Grid cell updates per second: 79243.7
INFO (CarpetX): Performance:
INFO (CarpetX):   total evolution time:            0.155066 sec
INFO (CarpetX):   total evolution compute time:    0.15504 sec
INFO (CarpetX):   total evolution output time:     2.59876e-05 sec
INFO (CarpetX):   total iterations:                3
INFO (CarpetX):   total cells updated:             12288
INFO (CarpetX):   average iterations per second: 19.3466
INFO (CarpetX):   average cell updates per second: 79243.7
INFO (CarpetX): OutputGH: iteration 4, time 0.015625, run time 1 s
INFO (CarpetX): OutputGH done.
INFO (CarpetX): Simulation time: 0.015625   Iterations per second: 19.496   Simulation time per second: 0.0761563
INFO (CarpetX): Grid cells: 4096   Grid cell updates per second: 79855.7
INFO (CarpetX): Performance:
INFO (CarpetX):   total evolution time:            0.20517 sec
INFO (CarpetX):   total evolution compute time:    0.205135 sec
INFO (CarpetX):   total evolution output time:     3.50475e-05 sec
INFO (CarpetX):   total iterations:                4
INFO (CarpetX):   total cells updated:             16384
INFO (CarpetX):   average iterations per second: 19.496
INFO (CarpetX):   average cell updates per second: 79855.7
INFO (CarpetX): OutputGH: iteration 5, time 0.019531, run time 1 s
INFO (CarpetX): OutputGH done.
INFO (CarpetX): Simulation time: 0.0195312   Iterations per second: 19.5896   Simulation time per second: 0.0765217
INFO (CarpetX): Grid cells: 4096   Grid cell updates per second: 80238.8
INFO (CarpetX): Performance:
INFO (CarpetX):   total evolution time:            0.255238 sec
INFO (CarpetX):   total evolution compute time:    0.255195 sec
INFO (CarpetX):   total evolution output time:     4.29153e-05 sec
INFO (CarpetX):   total iterations:                5
INFO (CarpetX):   total cells updated:             20480
INFO (CarpetX):   average iterations per second: 19.5896
INFO (CarpetX):   average cell updates per second: 80238.8
INFO (CarpetX): OutputGH: iteration 6, time 0.023438, run time 1 s
INFO (CarpetX): OutputGH done.
INFO (CarpetX): Simulation time: 0.0234375   Iterations per second: 19.6463   Simulation time per second: 0.0767433
INFO (CarpetX): Grid cells: 4096   Grid cell updates per second: 80471.2
INFO (CarpetX): Performance:
INFO (CarpetX):   total evolution time:            0.305401 sec
INFO (CarpetX):   total evolution compute time:    0.305349 sec
INFO (CarpetX):   total evolution output time:     5.19753e-05 sec
INFO (CarpetX):   total iterations:                6
INFO (CarpetX):   total cells updated:             24576
INFO (CarpetX):   average iterations per second: 19.6463
INFO (CarpetX):   average cell updates per second: 80471.2
INFO (CarpetX): OutputGH: iteration 7, time 0.027344, run time 2 s
INFO (CarpetX): OutputGH done.
INFO (CarpetX): Simulation time: 0.0273438   Iterations per second: 19.6856   Simulation time per second: 0.0768968
INFO (CarpetX): Grid cells: 4096   Grid cell updates per second: 80632.2
INFO (CarpetX): Performance:
INFO (CarpetX):   total evolution time:            0.35559 sec
INFO (CarpetX):   total evolution compute time:    0.355529 sec
INFO (CarpetX):   total evolution output time:     6.10352e-05 sec
INFO (CarpetX):   total iterations:                7
INFO (CarpetX):   total cells updated:             28672
INFO (CarpetX):   average iterations per second: 19.6856
INFO (CarpetX):   average cell updates per second: 80632.2
INFO (CarpetX): OutputGH: iteration 8, time 0.031250, run time 2 s
INFO (CarpetX): OutputGH done.
INFO (CarpetX): Simulation time: 0.03125   Iterations per second: 19.71   Simulation time per second: 0.076992
INFO (CarpetX): Grid cells: 4096   Grid cell updates per second: 80732
INFO (CarpetX): Performance:
INFO (CarpetX):   total evolution time:            0.405886 sec
INFO (CarpetX):   total evolution compute time:    0.405816 sec
INFO (CarpetX):   total evolution output time:     7.00951e-05 sec
INFO (CarpetX):   total iterations:                8
INFO (CarpetX):   total cells updated:             32768
INFO (CarpetX):   average iterations per second: 19.71
INFO (CarpetX):   average cell updates per second: 80732
INFO (CarpetX): OutputGH: iteration 9, time 0.035156, run time 2 s
INFO (CarpetX): OutputGH done.
INFO (CarpetX): Simulation time: 0.0351562   Iterations per second: 19.7187   Simulation time per second: 0.0770261
INFO (CarpetX): Grid cells: 4096   Grid cell updates per second: 80767.7
INFO (CarpetX): Performance:
INFO (CarpetX):   total evolution time:            0.45642 sec
INFO (CarpetX):   total evolution compute time:    0.456341 sec
INFO (CarpetX):   total evolution output time:     7.9155e-05 sec
INFO (CarpetX):   total iterations:                9
INFO (CarpetX):   total cells updated:             36864
INFO (CarpetX):   average iterations per second: 19.7187
INFO (CarpetX):   average cell updates per second: 80767.7
INFO (CarpetX): OutputGH: iteration 10, time 0.039062, run time 2 s
INFO (CarpetX): OutputGH done.
INFO (CarpetX): Simulation time: 0.0390625   Iterations per second: 19.7241   Simulation time per second: 0.0770472
INFO (CarpetX): Grid cells: 4096   Grid cell updates per second: 80789.9
INFO (CarpetX): Performance:
INFO (CarpetX):   total evolution time:            0.506994 sec
INFO (CarpetX):   total evolution compute time:    0.506907 sec
INFO (CarpetX):   total evolution output time:     8.70228e-05 sec
INFO (CarpetX):   total iterations:                10
INFO (CarpetX):   total cells updated:             40960
INFO (CarpetX):   average iterations per second: 19.7241
INFO (CarpetX):   average cell updates per second: 80789.9
INFO (CarpetX): OutputGH: iteration 11, time 0.042969, run time 2 s
INFO (CarpetX): OutputGH done.
INFO (CarpetX): Simulation time: 0.0429688   Iterations per second: 19.7419   Simulation time per second: 0.077117
INFO (CarpetX): Grid cells: 4096   Grid cell updates per second: 80863
INFO (CarpetX): Performance:
INFO (CarpetX):   total evolution time:            0.557235 sec
INFO (CarpetX):   total evolution compute time:    0.55714 sec
INFO (CarpetX):   total evolution output time:     9.5129e-05 sec
INFO (CarpetX):   total iterations:                11
INFO (CarpetX):   total cells updated:             45056
INFO (CarpetX):   average iterations per second: 19.7403
INFO (CarpetX):   average cell updates per second: 80856.3
INFO (CarpetX): OutputGH: iteration 12, time 0.046875, run time 2 s
INFO (CarpetX): OutputGH done.
INFO (CarpetX): Simulation time: 0.046875   Iterations per second: 19.7601   Simulation time per second: 0.0771879
INFO (CarpetX): Grid cells: 4096   Grid cell updates per second: 80937.4
INFO (CarpetX): Performance:
INFO (CarpetX):   total evolution time:            0.607423 sec
INFO (CarpetX):   total evolution compute time:    0.60732 sec
INFO (CarpetX):   total evolution output time:     0.000102997 sec
INFO (CarpetX):   total iterations:                12
INFO (CarpetX):   total cells updated:             49152
INFO (CarpetX):   average iterations per second: 19.7556
INFO (CarpetX):   average cell updates per second: 80918.9
INFO (CarpetX): OutputGH: iteration 13, time 0.050781, run time 2 s
INFO (CarpetX): OutputGH done.
INFO (CarpetX): Simulation time: 0.0507812   Iterations per second: 19.7687   Simulation time per second: 0.0772217
INFO (CarpetX): Grid cells: 4096   Grid cell updates per second: 80972.8
INFO (CarpetX): Performance:
INFO (CarpetX):   total evolution time:            0.657809 sec
INFO (CarpetX):   total evolution compute time:    0.657697 sec
INFO (CarpetX):   total evolution output time:     0.000112057 sec
INFO (CarpetX):   total iterations:                13
INFO (CarpetX):   total cells updated:             53248
INFO (CarpetX):   average iterations per second: 19.7626
INFO (CarpetX):   average cell updates per second: 80947.5
INFO (CarpetX): OutputGH: iteration 14, time 0.054688, run time 2 s
INFO (CarpetX): OutputGH done.
INFO (CarpetX): Simulation time: 0.0546875   Iterations per second: 19.7739   Simulation time per second: 0.0772417
INFO (CarpetX): Grid cells: 4096   Grid cell updates per second: 80993.8
INFO (CarpetX): Performance:
INFO (CarpetX):   total evolution time:            0.708263 sec
INFO (CarpetX):   total evolution compute time:    0.708143 sec
INFO (CarpetX):   total evolution output time:     0.000120163 sec
INFO (CarpetX):   total iterations:                14
INFO (CarpetX):   total cells updated:             57344
INFO (CarpetX):   average iterations per second: 19.7667
INFO (CarpetX):   average cell updates per second: 80964.3
INFO (CarpetX): OutputGH: iteration 15, time 0.058594, run time 2 s
INFO (CarpetX): OutputGH done.
INFO (CarpetX): Simulation time: 0.0585938   Iterations per second: 19.7863   Simulation time per second: 0.0772901
INFO (CarpetX): Grid cells: 4096   Grid cell updates per second: 81044.6
INFO (CarpetX): Performance:
INFO (CarpetX):   total evolution time:            0.758518 sec
INFO (CarpetX):   total evolution compute time:    0.75839 sec
INFO (CarpetX):   total evolution output time:     0.000128031 sec
INFO (CarpetX):   total iterations:                15
INFO (CarpetX):   total cells updated:             61440
INFO (CarpetX):   average iterations per second: 19.7754
INFO (CarpetX):   average cell updates per second: 81000.1
INFO (CarpetX): OutputGH: iteration 16, time 0.062500, run time 2 s
INFO (CarpetX): OutputGH done.
INFO (CarpetX): Simulation time: 0.0625   Iterations per second: 19.8003   Simulation time per second: 0.0773449
INFO (CarpetX): Grid cells: 4096   Grid cell updates per second: 81102
INFO (CarpetX): Performance:
INFO (CarpetX):   total evolution time:            0.8087 sec
INFO (CarpetX):   total evolution compute time:    0.808564 sec
INFO (CarpetX):   total evolution output time:     0.000135899 sec
INFO (CarpetX):   total iterations:                16
INFO (CarpetX):   total cells updated:             65536
INFO (CarpetX):   average iterations per second: 19.7848
INFO (CarpetX):   average cell updates per second: 81038.7
INFO (CarpetX): OutputGH: iteration 17, time 0.066406, run time 2 s
INFO (CarpetX): OutputGH done.
INFO (CarpetX): Simulation time: 0.0664062   Iterations per second: 19.8173   Simulation time per second: 0.0774112
INFO (CarpetX): Grid cells: 4096   Grid cell updates per second: 81171.5
INFO (CarpetX): Performance:
INFO (CarpetX):   total evolution time:            0.858772 sec
INFO (CarpetX):   total evolution compute time:    0.858628 sec
INFO (CarpetX):   total evolution output time:     0.000144005 sec
INFO (CarpetX):   total iterations:                17
INFO (CarpetX):   total cells updated:             69632
INFO (CarpetX):   average iterations per second: 19.7957
INFO (CarpetX):   average cell updates per second: 81083.3
INFO (CarpetX): OutputGH: iteration 18, time 0.070312, run time 2 s
INFO (CarpetX): OutputGH done.
INFO (CarpetX): Simulation time: 0.0703125   Iterations per second: 19.8344   Simulation time per second: 0.0774783
INFO (CarpetX): Grid cells: 4096   Grid cell updates per second: 81241.9
INFO (CarpetX): Performance:
INFO (CarpetX):   total evolution time:            0.908796 sec
INFO (CarpetX):   total evolution compute time:    0.908644 sec
INFO (CarpetX):   total evolution output time:     0.000151873 sec
INFO (CarpetX):   total iterations:                18
INFO (CarpetX):   total cells updated:             73728
INFO (CarpetX):   average iterations per second: 19.8064
INFO (CarpetX):   average cell updates per second: 81127.2
INFO (CarpetX): OutputGH: iteration 19, time 0.074219, run time 2 s
INFO (CarpetX): OutputGH done.
INFO (CarpetX): Simulation time: 0.0742188   Iterations per second: 19.8394   Simulation time per second: 0.0774977
INFO (CarpetX): Grid cells: 4096   Grid cell updates per second: 81262.2
INFO (CarpetX): Performance:
INFO (CarpetX):   total evolution time:            0.959087 sec
INFO (CarpetX):   total evolution compute time:    0.958927 sec
INFO (CarpetX):   total evolution output time:     0.000159979 sec
INFO (CarpetX):   total iterations:                19
INFO (CarpetX):   total cells updated:             77824
INFO (CarpetX):   average iterations per second: 19.8105
INFO (CarpetX):   average cell updates per second: 81143.9
INFO (CarpetX): OutputGH: iteration 20, time 0.078125, run time 2 s
INFO (CarpetX): OutputGH done.
INFO (CarpetX): Simulation time: 0.078125   Iterations per second: 19.8596   Simulation time per second: 0.0775766
INFO (CarpetX): Grid cells: 4096   Grid cell updates per second: 81344.9
INFO (CarpetX): Performance:
INFO (CarpetX):   total evolution time:            1.00898 sec
INFO (CarpetX):   total evolution compute time:    1.00881 sec
INFO (CarpetX):   total evolution output time:     0.000168085 sec
INFO (CarpetX):   total iterations:                20
INFO (CarpetX):   total cells updated:             81920
INFO (CarpetX):   average iterations per second: 19.822
INFO (CarpetX):   average cell updates per second: 81191
INFO (CarpetX): OutputGH: iteration 21, time 0.082031, run time 2 s
INFO (CarpetX): OutputGH done.
INFO (CarpetX): Simulation time: 0.0820312   Iterations per second: 19.8668   Simulation time per second: 0.0776049
INFO (CarpetX): Grid cells: 4096   Grid cell updates per second: 81374.6
INFO (CarpetX): Performance:
INFO (CarpetX):   total evolution time:            1.05915 sec
INFO (CarpetX):   total evolution compute time:    1.05897 sec
INFO (CarpetX):   total evolution output time:     0.000176907 sec
INFO (CarpetX):   total iterations:                21
INFO (CarpetX):   total cells updated:             86016
INFO (CarpetX):   average iterations per second: 19.8272
INFO (CarpetX):   average cell updates per second: 81212.4
INFO (CarpetX): OutputGH: iteration 22, time 0.085938, run time 2 s
INFO (CarpetX): OutputGH done.
INFO (CarpetX): Simulation time: 0.0859375   Iterations per second: 19.878   Simulation time per second: 0.0776484
INFO (CarpetX): Grid cells: 4096   Grid cell updates per second: 81420.2
INFO (CarpetX): Performance:
INFO (CarpetX):   total evolution time:            1.1092 sec
INFO (CarpetX):   total evolution compute time:    1.10902 sec
INFO (CarpetX):   total evolution output time:     0.000185013 sec
INFO (CarpetX):   total iterations:                22
INFO (CarpetX):   total cells updated:             90112
INFO (CarpetX):   average iterations per second: 19.8341
INFO (CarpetX):   average cell updates per second: 81240.4
INFO (CarpetX): OutputGH: iteration 23, time 0.089844, run time 2 s
INFO (CarpetX): OutputGH done.
INFO (CarpetX): Simulation time: 0.0898438   Iterations per second: 19.8854   Simulation time per second: 0.0776772
INFO (CarpetX): Grid cells: 4096   Grid cell updates per second: 81450.5
INFO (CarpetX): Performance:
INFO (CarpetX):   total evolution time:            1.15932 sec
INFO (CarpetX):   total evolution compute time:    1.15913 sec
INFO (CarpetX):   total evolution output time:     0.000193119 sec
INFO (CarpetX):   total iterations:                23
INFO (CarpetX):   total cells updated:             94208
INFO (CarpetX):   average iterations per second: 19.8392
INFO (CarpetX):   average cell updates per second: 81261.3
INFO (CarpetX): OutputGH: iteration 24, time 0.093750, run time 2 s
INFO (CarpetX): OutputGH done.
INFO (CarpetX): Simulation time: 0.09375   Iterations per second: 19.8789   Simulation time per second: 0.0776521
INFO (CarpetX): Grid cells: 4096   Grid cell updates per second: 81424.1
INFO (CarpetX): Performance:
INFO (CarpetX):   total evolution time:            1.20977 sec
INFO (CarpetX):   total evolution compute time:    1.20957 sec
INFO (CarpetX):   total evolution output time:     0.000202179 sec
INFO (CarpetX):   total iterations:                24
INFO (CarpetX):   total cells updated:             98304
INFO (CarpetX):   average iterations per second: 19.8384
INFO (CarpetX):   average cell updates per second: 81258.2
INFO (CarpetX): OutputGH: iteration 25, time 0.097656, run time 2 s
INFO (CarpetX): OutputGH done.
INFO (CarpetX): Simulation time: 0.0976562   Iterations per second: 19.8925   Simulation time per second: 0.077705
INFO (CarpetX): Grid cells: 4096   Grid cell updates per second: 81479.6
INFO (CarpetX): Performance:
INFO (CarpetX):   total evolution time:            1.25974 sec
INFO (CarpetX):   total evolution compute time:    1.25953 sec
INFO (CarpetX):   total evolution output time:     0.000208139 sec
INFO (CarpetX):   total iterations:                25
INFO (CarpetX):   total cells updated:             102400
INFO (CarpetX):   average iterations per second: 19.8454
INFO (CarpetX):   average cell updates per second: 81286.9
INFO (CarpetX): OutputGH: iteration 26, time 0.101562, run time 2 s
INFO (CarpetX): OutputGH done.
INFO (CarpetX): Simulation time: 0.101562   Iterations per second: 19.9023   Simulation time per second: 0.0777434
INFO (CarpetX): Grid cells: 4096   Grid cell updates per second: 81519.8
INFO (CarpetX): Performance:
INFO (CarpetX):   total evolution time:            1.30976 sec
INFO (CarpetX):   total evolution compute time:    1.30954 sec
INFO (CarpetX):   total evolution output time:     0.000216246 sec
INFO (CarpetX):   total iterations:                26
INFO (CarpetX):   total cells updated:             106496
INFO (CarpetX):   average iterations per second: 19.851
INFO (CarpetX):   average cell updates per second: 81309.7
INFO (CarpetX): OutputGH: iteration 27, time 0.105469, run time 3 s
INFO (CarpetX): OutputGH done.
INFO (CarpetX): Simulation time: 0.105469   Iterations per second: 19.9087   Simulation time per second: 0.0777682
INFO (CarpetX): Grid cells: 4096   Grid cell updates per second: 81545.8
INFO (CarpetX): Performance:
INFO (CarpetX):   total evolution time:            1.35984 sec
INFO (CarpetX):   total evolution compute time:    1.35962 sec
INFO (CarpetX):   total evolution output time:     0.000224352 sec
INFO (CarpetX):   total iterations:                27
INFO (CarpetX):   total cells updated:             110592
INFO (CarpetX):   average iterations per second: 19.8552
INFO (CarpetX):   average cell updates per second: 81327.1
INFO (CarpetX): OutputGH: iteration 28, time 0.109375, run time 3 s
INFO (CarpetX): OutputGH done.
INFO (CarpetX): Simulation time: 0.109375   Iterations per second: 19.918   Simulation time per second: 0.0778048
INFO (CarpetX): Grid cells: 4096   Grid cell updates per second: 81584.3
INFO (CarpetX): Performance:
INFO (CarpetX):   total evolution time:            1.40984 sec
INFO (CarpetX):   total evolution compute time:    1.4096 sec
INFO (CarpetX):   total evolution output time:     0.00023222 sec
INFO (CarpetX):   total iterations:                28
INFO (CarpetX):   total cells updated:             114688
INFO (CarpetX):   average iterations per second: 19.8605
INFO (CarpetX):   average cell updates per second: 81348.5
INFO (CarpetX): OutputGH: iteration 29, time 0.113281, run time 3 s
INFO (CarpetX): OutputGH done.
INFO (CarpetX): Simulation time: 0.113281   Iterations per second: 19.9135   Simulation time per second: 0.0777871
INFO (CarpetX): Grid cells: 4096   Grid cell updates per second: 81565.7
INFO (CarpetX): Performance:
INFO (CarpetX):   total evolution time:            1.46016 sec
INFO (CarpetX):   total evolution compute time:    1.45991 sec
INFO (CarpetX):   total evolution output time:     0.00024128 sec
INFO (CarpetX):   total iterations:                29
INFO (CarpetX):   total cells updated:             118784
INFO (CarpetX):   average iterations per second: 19.8609
INFO (CarpetX):   average cell updates per second: 81350.3
INFO (CarpetX): OutputGH: iteration 30, time 0.117188, run time 3 s
INFO (CarpetX): OutputGH done.
INFO (CarpetX): Simulation time: 0.117188   Iterations per second: 19.9126   Simulation time per second: 0.0777835
INFO (CarpetX): Grid cells: 4096   Grid cell updates per second: 81561.9
INFO (CarpetX): Performance:
INFO (CarpetX):   total evolution time:            1.5104 sec
INFO (CarpetX):   total evolution compute time:    1.51015 sec
INFO (CarpetX):   total evolution output time:     0.00025034 sec
INFO (CarpetX):   total iterations:                30
INFO (CarpetX):   total cells updated:             122880
INFO (CarpetX):   average iterations per second: 19.8623
INFO (CarpetX):   average cell updates per second: 81356.1
INFO (CarpetX): OutputGH: iteration 31, time 0.121094, run time 3 s
INFO (CarpetX): OutputGH done.
INFO (CarpetX): Simulation time: 0.121094   Iterations per second: 19.9163   Simulation time per second: 0.0777981
INFO (CarpetX): Grid cells: 4096   Grid cell updates per second: 81577.2
INFO (CarpetX): Performance:
INFO (CarpetX):   total evolution time:            1.56052 sec
INFO (CarpetX):   total evolution compute time:    1.56026 sec
INFO (CarpetX):   total evolution output time:     0.000257492 sec
INFO (CarpetX):   total iterations:                31
INFO (CarpetX):   total cells updated:             126976
INFO (CarpetX):   average iterations per second: 19.8652
INFO (CarpetX):   average cell updates per second: 81367.7
INFO (CarpetX): OutputGH: iteration 32, time 0.125000, run time 3 s
INFO (CarpetX): OutputGH done.
INFO (CarpetX): Simulation time: 0.125   Iterations per second: 19.9235   Simulation time per second: 0.0778261
INFO (CarpetX): Grid cells: 4096   Grid cell updates per second: 81606.6
INFO (CarpetX): Performance:
INFO (CarpetX):   total evolution time:            1.61055 sec
INFO (CarpetX):   total evolution compute time:    1.61028 sec
INFO (CarpetX):   total evolution output time:     0.00026536 sec
INFO (CarpetX):   total iterations:                32
INFO (CarpetX):   total cells updated:             131072
INFO (CarpetX):   average iterations per second: 19.869
INFO (CarpetX):   average cell updates per second: 81383.4
INFO (CarpetX): OutputGH: iteration 33, time 0.128906, run time 3 s
INFO (CarpetX): OutputGH done.
INFO (CarpetX): Simulation time: 0.128906   Iterations per second: 19.9241   Simulation time per second: 0.0778286
INFO (CarpetX): Grid cells: 4096   Grid cell updates per second: 81609.2
INFO (CarpetX): Performance:
INFO (CarpetX):   total evolution time:            1.66073 sec
INFO (CarpetX):   total evolution compute time:    1.66045 sec
INFO (CarpetX):   total evolution output time:     0.000274181 sec
INFO (CarpetX):   total iterations:                33
INFO (CarpetX):   total cells updated:             135168
INFO (CarpetX):   average iterations per second: 19.8708
INFO (CarpetX):   average cell updates per second: 81390.9
INFO (CarpetX): OutputGH: iteration 34, time 0.132812, run time 3 s
INFO (CarpetX): OutputGH done.
INFO (CarpetX): Simulation time: 0.132812   Iterations per second: 19.9204   Simulation time per second: 0.077814
INFO (CarpetX): Grid cells: 4096   Grid cell updates per second: 81593.9
INFO (CarpetX): Performance:
INFO (CarpetX):   total evolution time:            1.71101 sec
INFO (CarpetX):   total evolution compute time:    1.71073 sec
INFO (CarpetX):   total evolution output time:     0.000282049 sec
INFO (CarpetX):   total iterations:                34
INFO (CarpetX):   total cells updated:             139264
INFO (CarpetX):   average iterations per second: 19.8713
INFO (CarpetX):   average cell updates per second: 81392.8
INFO (CarpetX): OutputGH: iteration 35, time 0.136719, run time 3 s
INFO (CarpetX): OutputGH done.
INFO (CarpetX): Simulation time: 0.136719   Iterations per second: 19.9261   Simulation time per second: 0.0778362
INFO (CarpetX): Grid cells: 4096   Grid cell updates per second: 81617.1
INFO (CarpetX): Performance:
INFO (CarpetX):   total evolution time:            1.76107 sec
INFO (CarpetX):   total evolution compute time:    1.76078 sec
INFO (CarpetX):   total evolution output time:     0.000290871 sec
INFO (CarpetX):   total iterations:                35
INFO (CarpetX):   total cells updated:             143360
INFO (CarpetX):   average iterations per second: 19.8743
INFO (CarpetX):   average cell updates per second: 81405.2
INFO (CarpetX): OutputGH: iteration 36, time 0.140625, run time 3 s
INFO (CarpetX): OutputGH done.
INFO (CarpetX): Simulation time: 0.140625   Iterations per second: 19.9364   Simulation time per second: 0.0778768
INFO (CarpetX): Grid cells: 4096   Grid cell updates per second: 81659.7
INFO (CarpetX): Performance:
INFO (CarpetX):   total evolution time:            1.81099 sec
INFO (CarpetX):   total evolution compute time:    1.81069 sec
INFO (CarpetX):   total evolution output time:     0.000297785 sec
INFO (CarpetX):   total iterations:                36
INFO (CarpetX):   total cells updated:             147456
INFO (CarpetX):   average iterations per second: 19.8786
INFO (CarpetX):   average cell updates per second: 81422.8
INFO (CarpetX): OutputGH: iteration 37, time 0.144531, run time 3 s
INFO (CarpetX): OutputGH done.
INFO (CarpetX): Simulation time: 0.144531   Iterations per second: 19.9477   Simulation time per second: 0.0779206
INFO (CarpetX): Grid cells: 4096   Grid cell updates per second: 81705.7
INFO (CarpetX): Performance:
INFO (CarpetX):   total evolution time:            1.86087 sec
INFO (CarpetX):   total evolution compute time:    1.86056 sec
INFO (CarpetX):   total evolution output time:     0.000305653 sec
INFO (CarpetX):   total iterations:                37
INFO (CarpetX):   total cells updated:             151552
INFO (CarpetX):   average iterations per second: 19.8832
INFO (CarpetX):   average cell updates per second: 81441.5
INFO (CarpetX): OutputGH: iteration 38, time 0.148438, run time 3 s
INFO (CarpetX): OutputGH done.
INFO (CarpetX): Simulation time: 0.148438   Iterations per second: 19.9559   Simulation time per second: 0.0779527
INFO (CarpetX): Grid cells: 4096   Grid cell updates per second: 81739.3
INFO (CarpetX): Performance:
INFO (CarpetX):   total evolution time:            1.91079 sec
INFO (CarpetX):   total evolution compute time:    1.91048 sec
INFO (CarpetX):   total evolution output time:     0.00031352 sec
INFO (CarpetX):   total iterations:                38
INFO (CarpetX):   total cells updated:             155648
INFO (CarpetX):   average iterations per second: 19.887
INFO (CarpetX):   average cell updates per second: 81457.2
INFO (CarpetX): OutputGH: iteration 39, time 0.152344, run time 3 s
INFO (CarpetX): OutputGH done.
INFO (CarpetX): Simulation time: 0.152344   Iterations per second: 19.9375   Simulation time per second: 0.0778809
INFO (CarpetX): Grid cells: 4096   Grid cell updates per second: 81664.1
INFO (CarpetX): Performance:
INFO (CarpetX):   total evolution time:            1.96137 sec
INFO (CarpetX):   total evolution compute time:    1.96104 sec
INFO (CarpetX):   total evolution output time:     0.000322342 sec
INFO (CarpetX):   total iterations:                39
INFO (CarpetX):   total cells updated:             159744
INFO (CarpetX):   average iterations per second: 19.8841
INFO (CarpetX):   average cell updates per second: 81445.3
INFO (CarpetX): OutputGH: iteration 40, time 0.156250, run time 3 s
INFO (CarpetX): OutputGH done.
INFO (CarpetX): Simulation time: 0.15625   Iterations per second: 19.7524   Simulation time per second: 0.0771577
INFO (CarpetX): Grid cells: 4096   Grid cell updates per second: 80905.7
INFO (CarpetX): Performance:
INFO (CarpetX):   total evolution time:            2.01622 sec
INFO (CarpetX):   total evolution compute time:    2.01589 sec
INFO (CarpetX):   total evolution output time:     0.000330448 sec
INFO (CarpetX):   total iterations:                40
INFO (CarpetX):   total cells updated:             163840
INFO (CarpetX):   average iterations per second: 19.8391
INFO (CarpetX):   average cell updates per second: 81260.8
INFO (CarpetX): OutputGH: iteration 41, time 0.160156, run time 3 s
INFO (CarpetX): OutputGH done.
INFO (CarpetX): Simulation time: 0.160156   Iterations per second: 19.7613   Simulation time per second: 0.0771926
INFO (CarpetX): Grid cells: 4096   Grid cell updates per second: 80942.3
INFO (CarpetX): Performance:
INFO (CarpetX):   total evolution time:            2.06662 sec
INFO (CarpetX):   total evolution compute time:    2.06628 sec
INFO (CarpetX):   total evolution output time:     0.000339508 sec
INFO (CarpetX):   total iterations:                41
INFO (CarpetX):   total cells updated:             167936
INFO (CarpetX):   average iterations per second: 19.8391
INFO (CarpetX):   average cell updates per second: 81261.1
INFO (CarpetX): OutputGH: iteration 42, time 0.164062, run time 3 s
INFO (CarpetX): OutputGH done.
INFO (CarpetX): Simulation time: 0.164062   Iterations per second: 19.7735   Simulation time per second: 0.0772402
INFO (CarpetX): Grid cells: 4096   Grid cell updates per second: 80992.2
INFO (CarpetX): Performance:
INFO (CarpetX):   total evolution time:            2.11691 sec
INFO (CarpetX):   total evolution compute time:    2.11657 sec
INFO (CarpetX):   total evolution output time:     0.000347614 sec
INFO (CarpetX):   total iterations:                42
INFO (CarpetX):   total cells updated:             172032
INFO (CarpetX):   average iterations per second: 19.8402
INFO (CarpetX):   average cell updates per second: 81265.5
INFO (CarpetX): OutputGH: iteration 43, time 0.167969, run time 3 s
INFO (CarpetX): OutputGH done.
INFO (CarpetX): Simulation time: 0.167969   Iterations per second: 19.7919   Simulation time per second: 0.077312
INFO (CarpetX): Grid cells: 4096   Grid cell updates per second: 81067.5
INFO (CarpetX): Performance:
INFO (CarpetX):   total evolution time:            2.16702 sec
INFO (CarpetX):   total evolution compute time:    2.16666 sec
INFO (CarpetX):   total evolution output time:     0.000355482 sec
INFO (CarpetX):   total iterations:                43
INFO (CarpetX):   total cells updated:             176128
INFO (CarpetX):   average iterations per second: 19.8429
INFO (CarpetX):   average cell updates per second: 81276.7
INFO (CarpetX): OutputGH: iteration 44, time 0.171875, run time 3 s
INFO (CarpetX): OutputGH done.
INFO (CarpetX): Simulation time: 0.171875   Iterations per second: 19.8129   Simulation time per second: 0.0773942
INFO (CarpetX): Grid cells: 4096   Grid cell updates per second: 81153.7
INFO (CarpetX): Performance:
INFO (CarpetX):   total evolution time:            2.21701 sec
INFO (CarpetX):   total evolution compute time:    2.21664 sec
INFO (CarpetX):   total evolution output time:     0.000361443 sec
INFO (CarpetX):   total iterations:                44
INFO (CarpetX):   total cells updated:             180224
INFO (CarpetX):   average iterations per second: 19.8466
INFO (CarpetX):   average cell updates per second: 81291.6
INFO (CarpetX): OutputGH: iteration 45, time 0.175781, run time 3 s
INFO (CarpetX): OutputGH done.
INFO (CarpetX): Simulation time: 0.175781   Iterations per second: 19.8355   Simulation time per second: 0.0774824
INFO (CarpetX): Grid cells: 4096   Grid cell updates per second: 81246.1
INFO (CarpetX): Performance:
INFO (CarpetX):   total evolution time:            2.2669 sec
INFO (CarpetX):   total evolution compute time:    2.26654 sec
INFO (CarpetX):   total evolution output time:     0.000365496 sec
INFO (CarpetX):   total iterations:                45
INFO (CarpetX):   total cells updated:             184320
INFO (CarpetX):   average iterations per second: 19.8509
INFO (CarpetX):   average cell updates per second: 81309.1
INFO (CarpetX): OutputGH: iteration 46, time 0.179688, run time 3 s
INFO (CarpetX): OutputGH done.
INFO (CarpetX): Simulation time: 0.179688   Iterations per second: 19.8555   Simulation time per second: 0.0775605
INFO (CarpetX): Grid cells: 4096   Grid cell updates per second: 81328
INFO (CarpetX): Performance:
INFO (CarpetX):   total evolution time:            2.31681 sec
INFO (CarpetX):   total evolution compute time:    2.31644 sec
INFO (CarpetX):   total evolution output time:     0.000370502 sec
INFO (CarpetX):   total iterations:                46
INFO (CarpetX):   total cells updated:             188416
INFO (CarpetX):   average iterations per second: 19.8549
INFO (CarpetX):   average cell updates per second: 81325.6
INFO (CarpetX): OutputGH: iteration 47, time 0.183594, run time 4 s
INFO (CarpetX): OutputGH done.
INFO (CarpetX): Simulation time: 0.183594   Iterations per second: 19.872   Simulation time per second: 0.0776251
INFO (CarpetX): Grid cells: 4096   Grid cell updates per second: 81395.8
INFO (CarpetX): Performance:
INFO (CarpetX):   total evolution time:            2.36676 sec
INFO (CarpetX):   total evolution compute time:    2.36638 sec
INFO (CarpetX):   total evolution output time:     0.000375509 sec
INFO (CarpetX):   total iterations:                47
INFO (CarpetX):   total cells updated:             192512
INFO (CarpetX):   average iterations per second: 19.8584
INFO (CarpetX):   average cell updates per second: 81340
INFO (CarpetX): OutputGH: iteration 48, time 0.187500, run time 4 s
INFO (CarpetX): OutputGH done.
INFO (CarpetX): Simulation time: 0.1875   Iterations per second: 19.8811   Simulation time per second: 0.0776606
INFO (CarpetX): Grid cells: 4096   Grid cell updates per second: 81433
INFO (CarpetX): Performance:
INFO (CarpetX):   total evolution time:            2.41685 sec
INFO (CarpetX):   total evolution compute time:    2.41647 sec
INFO (CarpetX):   total evolution output time:     0.000380516 sec
INFO (CarpetX):   total iterations:                48
INFO (CarpetX):   total cells updated:             196608
INFO (CarpetX):   average iterations per second: 19.8606
INFO (CarpetX):   average cell updates per second: 81348.9
INFO (CarpetX): OutputGH: iteration 49, time 0.191406, run time 4 s
INFO (CarpetX): OutputGH done.
INFO (CarpetX): Simulation time: 0.191406   Iterations per second: 19.899   Simulation time per second: 0.0777304
INFO (CarpetX): Grid cells: 4096   Grid cell updates per second: 81506.3
INFO (CarpetX): Performance:
INFO (CarpetX):   total evolution time:            2.46669 sec
INFO (CarpetX):   total evolution compute time:    2.4663 sec
INFO (CarpetX):   total evolution output time:     0.000394583 sec
INFO (CarpetX):   total iterations:                49
INFO (CarpetX):   total cells updated:             200704
INFO (CarpetX):   average iterations per second: 19.8646
INFO (CarpetX):   average cell updates per second: 81365.6
INFO (CarpetX): OutputGH: iteration 50, time 0.195312, run time 4 s
INFO (CarpetX): OutputGH done.
INFO (CarpetX): Simulation time: 0.195312   Iterations per second: 19.9174   Simulation time per second: 0.0778022
INFO (CarpetX): Grid cells: 4096   Grid cell updates per second: 81581.5
INFO (CarpetX): Performance:
INFO (CarpetX):   total evolution time:            2.51648 sec
INFO (CarpetX):   total evolution compute time:    2.51608 sec
INFO (CarpetX):   total evolution output time:     0.000400543 sec
INFO (CarpetX):   total iterations:                50
INFO (CarpetX):   total cells updated:             204800
INFO (CarpetX):   average iterations per second: 19.869
INFO (CarpetX):   average cell updates per second: 81383.4
INFO (CarpetX): OutputGH: iteration 51, time 0.199219, run time 4 s
INFO (CarpetX): OutputGH done.
INFO (CarpetX): Simulation time: 0.199219   Iterations per second: 19.9227   Simulation time per second: 0.077823
INFO (CarpetX): Grid cells: 4096   Grid cell updates per second: 81603.4
INFO (CarpetX): Performance:
INFO (CarpetX):   total evolution time:            2.56656 sec
INFO (CarpetX):   total evolution compute time:    2.56615 sec
INFO (CarpetX):   total evolution output time:     0.000407457 sec
INFO (CarpetX):   total iterations:                51
INFO (CarpetX):   total cells updated:             208896
INFO (CarpetX):   average iterations per second: 19.871
INFO (CarpetX):   average cell updates per second: 81391.5
INFO (CarpetX): OutputGH: iteration 52, time 0.203125, run time 4 s
INFO (CarpetX): OutputGH done.
INFO (CarpetX): Simulation time: 0.203125   Iterations per second: 19.9319   Simulation time per second: 0.0778592
INFO (CarpetX): Grid cells: 4096   Grid cell updates per second: 81641.2
INFO (CarpetX): Performance:
INFO (CarpetX):   total evolution time:            2.61652 sec
INFO (CarpetX):   total evolution compute time:    2.61611 sec
INFO (CarpetX):   total evolution output time:     0.000413656 sec
INFO (CarpetX):   total iterations:                52
INFO (CarpetX):   total cells updated:             212992
INFO (CarpetX):   average iterations per second: 19.8737
INFO (CarpetX):   average cell updates per second: 81402.8
INFO (CarpetX): OutputGH: iteration 53, time 0.207031, run time 4 s
INFO (CarpetX): OutputGH done.
INFO (CarpetX): Simulation time: 0.207031   Iterations per second: 19.939   Simulation time per second: 0.0778869
INFO (CarpetX): Grid cells: 4096   Grid cell updates per second: 81670.3
INFO (CarpetX): Performance:
INFO (CarpetX):   total evolution time:            2.66651 sec
INFO (CarpetX):   total evolution compute time:    2.66609 sec
INFO (CarpetX):   total evolution output time:     0.000418663 sec
INFO (CarpetX):   total iterations:                53
INFO (CarpetX):   total cells updated:             217088
INFO (CarpetX):   average iterations per second: 19.8762
INFO (CarpetX):   average cell updates per second: 81412.7
INFO (CarpetX): OutputGH: iteration 54, time 0.210938, run time 4 s
INFO (CarpetX): OutputGH done.
INFO (CarpetX): Simulation time: 0.210938   Iterations per second: 19.9452   Simulation time per second: 0.0779109
INFO (CarpetX): Grid cells: 4096   Grid cell updates per second: 81695.5
INFO (CarpetX): Performance:
INFO (CarpetX):   total evolution time:            2.71651 sec
INFO (CarpetX):   total evolution compute time:    2.71609 sec
INFO (CarpetX):   total evolution output time:     0.00042367 sec
INFO (CarpetX):   total iterations:                54
INFO (CarpetX):   total cells updated:             221184
INFO (CarpetX):   average iterations per second: 19.8785
INFO (CarpetX):   average cell updates per second: 81422.1
INFO (CarpetX): OutputGH: iteration 55, time 0.214844, run time 4 s
INFO (CarpetX): OutputGH done.
INFO (CarpetX): Simulation time: 0.214844   Iterations per second: 19.9533   Simulation time per second: 0.0779426
INFO (CarpetX): Grid cells: 4096   Grid cell updates per second: 81728.7
INFO (CarpetX): Performance:
INFO (CarpetX):   total evolution time:            2.76644 sec
INFO (CarpetX):   total evolution compute time:    2.76601 sec
INFO (CarpetX):   total evolution output time:     0.000430584 sec
INFO (CarpetX):   total iterations:                55
INFO (CarpetX):   total cells updated:             225280
INFO (CarpetX):   average iterations per second: 19.8811
INFO (CarpetX):   average cell updates per second: 81433.1
INFO (CarpetX): OutputGH: iteration 56, time 0.218750, run time 4 s
INFO (CarpetX): OutputGH done.
INFO (CarpetX): Simulation time: 0.21875   Iterations per second: 19.9598   Simulation time per second: 0.0779679
INFO (CarpetX): Grid cells: 4096   Grid cell updates per second: 81755.3
INFO (CarpetX): Performance:
INFO (CarpetX):   total evolution time:            2.8164 sec
INFO (CarpetX):   total evolution compute time:    2.81596 sec
INFO (CarpetX):   total evolution output time:     0.000437737 sec
INFO (CarpetX):   total iterations:                56
INFO (CarpetX):   total cells updated:             229376
INFO (CarpetX):   average iterations per second: 19.8836
INFO (CarpetX):   average cell updates per second: 81443.1
INFO (CarpetX): OutputGH: iteration 57, time 0.222656, run time 4 s
INFO (CarpetX): OutputGH done.
INFO (CarpetX): Simulation time: 0.222656   Iterations per second: 19.9674   Simulation time per second: 0.0779978
INFO (CarpetX): Grid cells: 4096   Grid cell updates per second: 81786.6
INFO (CarpetX): Performance:
INFO (CarpetX):   total evolution time:            2.86631 sec
INFO (CarpetX):   total evolution compute time:    2.86586 sec
INFO (CarpetX):   total evolution output time:     0.000442743 sec
INFO (CarpetX):   total iterations:                57
INFO (CarpetX):   total cells updated:             233472
INFO (CarpetX):   average iterations per second: 19.8862
INFO (CarpetX):   average cell updates per second: 81454
INFO (CarpetX): OutputGH: iteration 58, time 0.226562, run time 4 s
INFO (CarpetX): OutputGH done.
INFO (CarpetX): Simulation time: 0.226562   Iterations per second: 19.965   Simulation time per second: 0.0779884
INFO (CarpetX): Grid cells: 4096   Grid cell updates per second: 81776.7
INFO (CarpetX): Performance:
INFO (CarpetX):   total evolution time:            2.91645 sec
INFO (CarpetX):   total evolution compute time:    2.916 sec
INFO (CarpetX):   total evolution output time:     0.00045085 sec
INFO (CarpetX):   total iterations:                58
INFO (CarpetX):   total cells updated:             237568
INFO (CarpetX):   average iterations per second: 19.8872
INFO (CarpetX):   average cell updates per second: 81458
INFO (CarpetX): OutputGH: iteration 59, time 0.230469, run time 4 s
INFO (CarpetX): OutputGH done.
INFO (CarpetX): Simulation time: 0.230469   Iterations per second: 19.971   Simulation time per second: 0.0780118
INFO (CarpetX): Grid cells: 4096   Grid cell updates per second: 81801.3
INFO (CarpetX): Performance:
INFO (CarpetX):   total evolution time:            2.96639 sec
INFO (CarpetX):   total evolution compute time:    2.96593 sec
INFO (CarpetX):   total evolution output time:     0.000457048 sec
INFO (CarpetX):   total iterations:                59
INFO (CarpetX):   total cells updated:             241664
INFO (CarpetX):   average iterations per second: 19.8895
INFO (CarpetX):   average cell updates per second: 81467.5
INFO (CarpetX): OutputGH: iteration 60, time 0.234375, run time 4 s
INFO (CarpetX): OutputGH done.
INFO (CarpetX): Simulation time: 0.234375   Iterations per second: 19.9787   Simulation time per second: 0.0780418
INFO (CarpetX): Grid cells: 4096   Grid cell updates per second: 81832.8
INFO (CarpetX): Performance:
INFO (CarpetX):   total evolution time:            3.01627 sec
INFO (CarpetX):   total evolution compute time:    3.0158 sec
INFO (CarpetX):   total evolution output time:     0.000463009 sec
INFO (CarpetX):   total iterations:                60
INFO (CarpetX):   total cells updated:             245760
INFO (CarpetX):   average iterations per second: 19.8921
INFO (CarpetX):   average cell updates per second: 81478.2
INFO (CarpetX): OutputGH: iteration 61, time 0.238281, run time 4 s
INFO (CarpetX): OutputGH done.
INFO (CarpetX): Simulation time: 0.238281   Iterations per second: 19.9739   Simulation time per second: 0.0780231
INFO (CarpetX): Grid cells: 4096   Grid cell updates per second: 81813.2
INFO (CarpetX): Performance:
INFO (CarpetX):   total evolution time:            3.06644 sec
INFO (CarpetX):   total evolution compute time:    3.06597 sec
INFO (CarpetX):   total evolution output time:     0.000469923 sec
INFO (CarpetX):   total iterations:                61
INFO (CarpetX):   total cells updated:             249856
INFO (CarpetX):   average iterations per second: 19.8928
INFO (CarpetX):   average cell updates per second: 81480.8
INFO (CarpetX): OutputGH: iteration 62, time 0.242188, run time 4 s
INFO (CarpetX): OutputGH done.
INFO (CarpetX): Simulation time: 0.242188   Iterations per second: 19.9832   Simulation time per second: 0.0780592
INFO (CarpetX): Grid cells: 4096   Grid cell updates per second: 81851
INFO (CarpetX): Performance:
INFO (CarpetX):   total evolution time:            3.11627 sec
INFO (CarpetX):   total evolution compute time:    3.1158 sec
INFO (CarpetX):   total evolution output time:     0.000475883 sec
INFO (CarpetX):   total iterations:                62
INFO (CarpetX):   total cells updated:             253952
INFO (CarpetX):   average iterations per second: 19.8956
INFO (CarpetX):   average cell updates per second: 81492.2
INFO (CarpetX): OutputGH: iteration 63, time 0.246094, run time 4 s
INFO (CarpetX): OutputGH done.
INFO (CarpetX): Simulation time: 0.246094   Iterations per second: 19.9886   Simulation time per second: 0.0780803
INFO (CarpetX): Grid cells: 4096   Grid cell updates per second: 81873.1
INFO (CarpetX): Performance:
INFO (CarpetX):   total evolution time:            3.16618 sec
INFO (CarpetX):   total evolution compute time:    3.1657 sec
INFO (CarpetX):   total evolution output time:     0.000479937 sec
INFO (CarpetX):   total iterations:                63
INFO (CarpetX):   total cells updated:             258048
INFO (CarpetX):   average iterations per second: 19.8978
INFO (CarpetX):   average cell updates per second: 81501.4
INFO (CarpetX): OutputGH: iteration 64, time 0.250000, run time 4 s
INFO (CarpetX): OutputGH done.
INFO (CarpetX): Simulation time: 0.25   Iterations per second: 9.49205   Simulation time per second: 0.0370783
INFO (CarpetX): Grid cells: 4096   Grid cell updates per second: 38879.4
INFO (CarpetX): Performance:
INFO (CarpetX):   total evolution time:            3.76944 sec
INFO (CarpetX):   total evolution compute time:    3.22137 sec
INFO (CarpetX):   total evolution output time:     0.548063 sec
INFO (CarpetX):   total iterations:                64
INFO (CarpetX):   total cells updated:             262144
INFO (CarpetX):   average iterations per second: 16.9787
INFO (CarpetX):   average cell updates per second: 69544.6
INFO (CarpetX): Shutting down...
AMReX (25.11) finalized
--------------------------------------------------------------------------------
Done.
+ echo Stopping:
Stopping:
+ date
Sat Jul 11 00:31:35 UTC 2026
+ echo Done.
Done.
  Elapsed time: 5.1 s
