/home/runner/simulations/TestJob01_temp_1/output-0000/TEST/sim/BoxInBox
Preparing:
+ set -e
+ cd output-0000-active
+ echo Checking:
Checking:
+ pwd
/home/runner/simulations/TestJob01_temp_1/output-0000/TEST/sim/BoxInBox/output-0000-active
+ hostname
runnervm8df0l
+ date
Sun Oct  4 21:23:03 UTC 2026
+ echo Environment:
Environment:
+ export CACTUS_NUM_PROCS=1
+ CACTUS_NUM_PROCS=1
+ export CACTUS_NUM_THREADS=2
+ CACTUS_NUM_THREADS=2
+ export GMON_OUT_PREFIX=gmon.out
+ GMON_OUT_PREFIX=gmon.out
+ export OMP_NUM_THREADS=2
+ OMP_NUM_THREADS=2
+ env
+ sort
+ echo Starting:
Starting:
++ date +%s
+ export CACTUS_STARTTIME=1791148983
+ CACTUS_STARTTIME=1791148983
+ '[' 1 = 1 ']'
+ '[' 0 -eq 0 ']'
+ /home/runner/simulations/TestJob01_temp_1/SIMFACTORY/exe/cactus_sim -L 3 /home/runner/simulations/TestJob01_temp_1/output-0000/arrangements/CarpetX/BoxInBox/test/unigrid.par
INFO (Cactus): Increased logging level from 0 to 3
--------------------------------------------------------------------------------

       10                                  
  1   0101       ************************  
  01  1010 10      The Cactus Code V4.20.0    
 1010 1101 011      www.cactuscode.org     
  1001 100101    ************************  
    00010101                               
     100011     (c) Copyright The Authors  
      0100      GNU Licensed. No Warranty  
      0101                                 
--------------------------------------------------------------------------------

Cactus version:    4.20.0
Compile date:      Oct 04 2026 (21:21:15)
Run date:          Oct 04 2026 (21:23:04+0000)
Run host:          runnervm8df0l.0ec3n2hyagzerni52n0yzw2ude.dx.internal.cloudapp.net (pid=168920)
Working directory: /home/runner/simulations/TestJob01_temp_1/output-0000/TEST/sim/BoxInBox
Executable:        /home/runner/simulations/TestJob01_temp_1/SIMFACTORY/exe/cactus_sim
Parameter file:    /home/runner/simulations/TestJob01_temp_1/output-0000/arrangements/CarpetX/BoxInBox/test/unigrid.par
--------------------------------------------------------------------------------

Activating thorn Cactus...Success -> active implementation Cactus
Activation requested for 
--->BoxInBox CarpetX CarpetXRegrid CoordinatesX IOUtil<---
Thorn BoxInBox requests automatic activation of Loop
Thorn CarpetX requests automatic activation of AMReX
Thorn CarpetX requests automatic activation of MPI
Thorn CarpetX requests automatic activation of yaml_cpp
Thorn CarpetX requests automatic activation of zlib
Thorn CarpetX requests automatic activation of Arith
Thorn CarpetX requests automatic activation of ADIOS2
Thorn CarpetX requests automatic activation of openPMD
Thorn CarpetX requests automatic activation of Silo
Thorn ADIOS2 requests automatic activation of CMake
Thorn Arith requests automatic activation of NSIMD
Thorn MPI requests automatic activation of hwloc
Thorn openPMD requests automatic activation of HDF5
Activating thorn ADIOS2...Success -> active implementation ADIOS2
Activating thorn AMReX...Success -> active implementation AMReX
Activating thorn Arith...Success -> active implementation Arith
Activating thorn BoxInBox...Success -> active implementation BoxInBox
Activating thorn CarpetX...Success -> active implementation Driver
Activating thorn CarpetXRegrid...Success -> active implementation CarpetXRegrid
Activating thorn CMake...Success -> active implementation CMake
Activating thorn CoordinatesX...Success -> active implementation CoordinatesX
Activating thorn HDF5...Success -> active implementation HDF5
Activating thorn hwloc...Success -> active implementation hwloc
Activating thorn IOUtil...Success -> active implementation IO
Activating thorn Loop...Success -> active implementation Loop
Activating thorn MPI...Success -> active implementation MPI
Activating thorn NSIMD...Success -> active implementation NSIMD
Activating thorn openPMD...Success -> active implementation openPMD
Activating thorn Silo...Success -> active implementation Silo
Activating thorn yaml_cpp...Success -> active implementation yaml_cpp
Activating thorn zlib...Success -> active implementation zlib
INFO (hwloc): library version 2.10.0, API version 0x20800
--------------------------------------------------------------------------------

  [34m  ▕▏  [34m  ▕▏  [34m  ▕▏  [34m  ▕▏  [34m  ▕▏  [34m  ▕▏  [34m  ▕▏  [34m  ▕▏  [34m  ▕▏  [39m  
  [34m──██──[34m──██──[34m──██──[34m──██──[34m──██──[34m──██──[34m──██──[34m──██──[34m──██──[39m  
  [34m  ▕▏  [34m  ▕▏  [34m  ▕▏  [34m  ▕▏  [34m  ▕▏  [34m  ▕▏  [34m  ▕▏  [34m  ▕▏  [34m  ▕▏  [39m  
  [34m  ▕▏  [32m██████[34m  ▕▏  [34m  ▕▏  [32m██████[34m  ▕▏  [34m  ▕▏  [32m██████[34m  ▕▏  [39m  
  [34m──██──[32m██████[34m──██──[34m──██──[32m██████[34m──██──[34m──██──[32m██████[34m──██──[39m  
  [34m  ▕▏  [32m██████[34m  ▕▏  [34m  ▕▏  [32m██████[34m  ▕▏  [34m  ▕▏  [32m██████[34m  ▕▏  [39m  
  [34m  ▕▏  [34m  ▕▏  [34m  ▕▏  [34m  ▕▏  [34m  ▕▏  [34m  ▕▏  [34m  ▕▏  [34m  ▕▏  [34m  ▕▏  [39m  
  [34m──██──[34m──██──[34m──██──[34m──██──[34m──██──[34m──██──[34m──██──[34m──██──[34m──██──[39m  
  [34m  ▕▏  [34m  ▕▏  [34m  ▕▏  [34m  ▕▏  [34m  ▕▏  [34m  ▕▏  [34m  ▕▏  [34m  ▕▏  [34m  ▕▏  [39m  
  [34m  ▕▏  [34m  ▕▏  [34m  ▕▏  [31m██████[31m██████[31m██████[34m  ▕▏  [34m  ▕▏  [34m  ▕▏  [39m  
  [34m──██──[34m──██──[34m──██──[31m██████[31m██████[31m██████[34m──██──[34m──██──[34m──██──[39m  
  [34m  ▕▏  [34m  ▕▏  [34m  ▕▏  [31m██████[31m██████[31m██████[34m  ▕▏  [34m  ▕▏  [34m  ▕▏  [39m  
  [34m  ▕▏  [32m██████[34m  ▕▏  [31m██████[31m██████[31m██████[34m  ▕▏  [32m██████[34m  ▕▏  [39m  
  [34m──██──[32m██████[34m──██──[31m██████[31m██████[31m██████[34m──██──[32m██████[34m──██──[39m  
  [34m  ▕▏  [32m██████[34m  ▕▏  [31m██████[31m██████[31m██████[34m  ▕▏  [32m██████[34m  ▕▏  [39m  
  [34m  ▕▏  [34m  ▕▏  [34m  ▕▏  [31m██████[31m██████[31m██████[34m  ▕▏  [34m  ▕▏  [34m  ▕▏  [39m  
  [34m──██──[34m──██──[34m──██──[31m██████[31m██████[31m██████[34m──██──[34m──██──[34m──██──[39m  
  [34m  ▕▏  [34m  ▕▏  [34m  ▕▏  [31m██████[31m██████[31m██████[34m  ▕▏  [34m  ▕▏  [34m  ▕▏  [39m  
  [34m  ▕▏  [34m  ▕▏  [34m  ▕▏  [34m  ▕▏  [34m  ▕▏  [34m  ▕▏  [34m  ▕▏  [34m  ▕▏  [34m  ▕▏  [39m  
  [34m──██──[34m──██──[34m──██──[34m──██──[34m──██──[34m──██──[34m──██──[34m──██──[34m──██──[39m  
  [34m  ▕▏  [34m  ▕▏  [34m  ▕▏  [34m  ▕▏  [34m  ▕▏  [34m  ▕▏  [34m  ▕▏  [34m  ▕▏  [34m  ▕▏  [39m  
  [34m  ▕▏  [32m██████[34m  ▕▏  [34m  ▕▏  [32m██████[34m  ▕▏  [34m  ▕▏  [32m██████[34m  ▕▏  [39m  
  [34m──██──[32m██████[34m──██──[34m──██──[32m██████[34m──██──[34m──██──[32m██████[34m──██──[39m  
  [34m  ▕▏  [32m██████[34m  ▕▏  [34m  ▕▏  [32m██████[34m  ▕▏  [34m  ▕▏  [32m██████[34m  ▕▏  [39m  
  [34m  ▕▏  [34m  ▕▏  [34m  ▕▏  [34m  ▕▏  [34m  ▕▏  [34m  ▕▏  [34m  ▕▏  [34m  ▕▏  [34m  ▕▏  [39m  
  [34m──██──[34m──██──[34m──██──[34m──██──[34m──██──[34m──██──[34m──██──[34m──██──[34m──██──[39m  
  [34m  ▕▏  [34m  ▕▏  [34m  ▕▏  [34m  ▕▏  [34m  ▕▏  [34m  ▕▏  [34m  ▕▏  [34m  ▕▏  [34m  ▕▏  [39m  

AMR driver provided by CarpetX,
using AMReX 25.11 (MPI, OpenMP, no accelerators, debug)
--------------------------------------------------------------------------------

Initializing AMReX (25.11)...
MPI initialized with 1 MPI processes
MPI initialized with thread support level 2
OMP initialized with 2 OMP threads
AMReX (25.11) initialized
INFO (CarpetX): 
Symmetries:
  lower x: none
  lower y: none
  lower z: none
  upper x: none
  upper y: none
  upper z: none
Default boundaries:
  lower x: dirichlet
  lower y: dirichlet
  lower z: dirichlet
  upper x: dirichlet
  upper y: dirichlet
  upper z: dirichlet
INFO (Arith): Test_cplx
INFO (Arith): Test_smallvector
INFO (Arith): Test_spvect
INFO (CarpetX): Setting initial values for max_grid_size values for all levels
INFO (CarpetX): Setting up initial conditions...
INFO (CarpetX): Iteration: 0   time: 0   delta_time: 0.03125
INFO (CarpetX): Patch 0:
INFO (CarpetX):   Grid extent:
INFO (CarpetX):     gsh=[35,35,35]
INFO (CarpetX):     blocking_factor=[8,8,8]
INFO (CarpetX):     max_grid_size=[32,32,32]
INFO (CarpetX):     max_tile_size=[1024000,16,32]
INFO (CarpetX):   Domain extent:
INFO (CarpetX):     xmin=[-1,-1,-1]
INFO (CarpetX):     xmax=[1,1,1]
INFO (CarpetX):     base dx=[0.0625,0.0625,0.0625]
INFO (CarpetX): Initializing level 0...
INFO (CarpetX): Regridding...
INFO (CarpetX):   level 0: 1 boxes, 32768 cells (100%)
INFO (CarpetX): Initialized 1 levels
INFO (CarpetX): OutputGH: iteration 0, time 0.000000, run time 1 s
INFO (CarpetX): OutputGH done.
INFO (CarpetX): Starting evolution...
INFO (CarpetX): Regridding...
INFO (CarpetX): Setting max_grid_size values for all levels before regridding
INFO (CarpetX):   old levels 1, new levels 1
INFO (CarpetX):   level 0: 1 boxes, 32768 cells (100%)
INFO (CarpetX): OutputGH: iteration 1, time 0.031250, run time 1 s
INFO (CarpetX): OutputGH done.
INFO (CarpetX): Simulation time: 0.03125   Iterations per second: 650.582   Simulation time per second: 20.3307
INFO (CarpetX): Grid cells: 32768   Grid cell updates per second: 2.13183e+07
INFO (CarpetX): Performance:
INFO (CarpetX):   total evolution time:            0.00153708 sec
INFO (CarpetX):   total evolution compute time:    0.00153303 sec
INFO (CarpetX):   total evolution output time:     4.05312e-06 sec
INFO (CarpetX):   total iterations:                1
INFO (CarpetX):   total cells updated:             32768
INFO (CarpetX):   average iterations per second: 650.582
INFO (CarpetX):   average cell updates per second: 2.13183e+07
INFO (CarpetX): Regridding...
INFO (CarpetX): Setting max_grid_size values for all levels before regridding
INFO (CarpetX):   old levels 1, new levels 1
INFO (CarpetX):   level 0: 1 boxes, 32768 cells (100%)
INFO (CarpetX): OutputGH: iteration 2, time 0.062500, run time 1 s
INFO (CarpetX): OutputGH done.
INFO (CarpetX): Simulation time: 0.0625   Iterations per second: 657.26   Simulation time per second: 20.5394
INFO (CarpetX): Grid cells: 32768   Grid cell updates per second: 2.15371e+07
INFO (CarpetX): Performance:
INFO (CarpetX):   total evolution time:            0.00304294 sec
INFO (CarpetX):   total evolution compute time:    0.00303602 sec
INFO (CarpetX):   total evolution output time:     6.91414e-06 sec
INFO (CarpetX):   total iterations:                2
INFO (CarpetX):   total cells updated:             65536
INFO (CarpetX):   average iterations per second: 657.26
INFO (CarpetX):   average cell updates per second: 2.15371e+07
INFO (CarpetX): Regridding...
INFO (CarpetX): Setting max_grid_size values for all levels before regridding
INFO (CarpetX):   old levels 1, new levels 1
INFO (CarpetX):   level 0: 1 boxes, 32768 cells (100%)
INFO (CarpetX): OutputGH: iteration 3, time 0.093750, run time 1 s
INFO (CarpetX): OutputGH done.
INFO (CarpetX): Simulation time: 0.09375   Iterations per second: 660.07   Simulation time per second: 20.6272
INFO (CarpetX): Grid cells: 32768   Grid cell updates per second: 2.16292e+07
INFO (CarpetX): Performance:
INFO (CarpetX):   total evolution time:            0.00454497 sec
INFO (CarpetX):   total evolution compute time:    0.0045352 sec
INFO (CarpetX):   total evolution output time:     9.77516e-06 sec
INFO (CarpetX):   total iterations:                3
INFO (CarpetX):   total cells updated:             98304
INFO (CarpetX):   average iterations per second: 660.07
INFO (CarpetX):   average cell updates per second: 2.16292e+07
INFO (CarpetX): Regridding...
INFO (CarpetX): Setting max_grid_size values for all levels before regridding
INFO (CarpetX):   old levels 1, new levels 1
INFO (CarpetX):   level 0: 1 boxes, 32768 cells (100%)
INFO (CarpetX): OutputGH: iteration 4, time 0.125000, run time 1 s
INFO (CarpetX): OutputGH done.
INFO (CarpetX): Simulation time: 0.125   Iterations per second: 656.591   Simulation time per second: 20.5185
INFO (CarpetX): Grid cells: 32768   Grid cell updates per second: 2.15152e+07
INFO (CarpetX): Performance:
INFO (CarpetX):   total evolution time:            0.00609207 sec
INFO (CarpetX):   total evolution compute time:    0.00607824 sec
INFO (CarpetX):   total evolution output time:     1.38283e-05 sec
INFO (CarpetX):   total iterations:                4
INFO (CarpetX):   total cells updated:             131072
INFO (CarpetX):   average iterations per second: 656.591
INFO (CarpetX):   average cell updates per second: 2.15152e+07
INFO (CarpetX): Regridding...
INFO (CarpetX): Setting max_grid_size values for all levels before regridding
INFO (CarpetX):   old levels 1, new levels 1
INFO (CarpetX):   level 0: 1 boxes, 32768 cells (100%)
INFO (CarpetX): OutputGH: iteration 5, time 0.156250, run time 1 s
INFO (CarpetX): OutputGH done.
INFO (CarpetX): Simulation time: 0.15625   Iterations per second: 658.24   Simulation time per second: 20.57
INFO (CarpetX): Grid cells: 32768   Grid cell updates per second: 2.15692e+07
INFO (CarpetX): Performance:
INFO (CarpetX):   total evolution time:            0.00759602 sec
INFO (CarpetX):   total evolution compute time:    0.00757909 sec
INFO (CarpetX):   total evolution output time:     1.69277e-05 sec
INFO (CarpetX):   total iterations:                5
INFO (CarpetX):   total cells updated:             163840
INFO (CarpetX):   average iterations per second: 658.24
INFO (CarpetX):   average cell updates per second: 2.15692e+07
INFO (CarpetX): Regridding...
INFO (CarpetX): Setting max_grid_size values for all levels before regridding
INFO (CarpetX):   old levels 1, new levels 1
INFO (CarpetX):   level 0: 1 boxes, 32768 cells (100%)
INFO (CarpetX): OutputGH: iteration 6, time 0.187500, run time 1 s
INFO (CarpetX): OutputGH done.
INFO (CarpetX): Simulation time: 0.1875   Iterations per second: 659.119   Simulation time per second: 20.5975
INFO (CarpetX): Grid cells: 32768   Grid cell updates per second: 2.1598e+07
INFO (CarpetX): Performance:
INFO (CarpetX):   total evolution time:            0.00910306 sec
INFO (CarpetX):   total evolution compute time:    0.00908303 sec
INFO (CarpetX):   total evolution output time:     2.00272e-05 sec
INFO (CarpetX):   total iterations:                6
INFO (CarpetX):   total cells updated:             196608
INFO (CarpetX):   average iterations per second: 659.119
INFO (CarpetX):   average cell updates per second: 2.1598e+07
INFO (CarpetX): Regridding...
INFO (CarpetX): Setting max_grid_size values for all levels before regridding
INFO (CarpetX):   old levels 1, new levels 1
INFO (CarpetX):   level 0: 1 boxes, 32768 cells (100%)
INFO (CarpetX): OutputGH: iteration 7, time 0.218750, run time 1 s
INFO (CarpetX): OutputGH done.
INFO (CarpetX): Simulation time: 0.21875   Iterations per second: 659.452   Simulation time per second: 20.6079
INFO (CarpetX): Grid cells: 32768   Grid cell updates per second: 2.16089e+07
INFO (CarpetX): Performance:
INFO (CarpetX):   total evolution time:            0.0106149 sec
INFO (CarpetX):   total evolution compute time:    0.010592 sec
INFO (CarpetX):   total evolution output time:     2.28882e-05 sec
INFO (CarpetX):   total iterations:                7
INFO (CarpetX):   total cells updated:             229376
INFO (CarpetX):   average iterations per second: 659.452
INFO (CarpetX):   average cell updates per second: 2.16089e+07
INFO (CarpetX): Regridding...
INFO (CarpetX): Setting max_grid_size values for all levels before regridding
INFO (CarpetX):   old levels 1, new levels 1
INFO (CarpetX):   level 0: 1 boxes, 32768 cells (100%)
INFO (CarpetX): OutputGH: iteration 8, time 0.250000, run time 1 s
INFO (CarpetX): OutputGH done.
INFO (CarpetX): Simulation time: 0.25   Iterations per second: 659.521   Simulation time per second: 20.61
INFO (CarpetX): Grid cells: 32768   Grid cell updates per second: 2.16112e+07
INFO (CarpetX): Performance:
INFO (CarpetX):   total evolution time:            0.01213 sec
INFO (CarpetX):   total evolution compute time:    0.0121052 sec
INFO (CarpetX):   total evolution output time:     2.47955e-05 sec
INFO (CarpetX):   total iterations:                8
INFO (CarpetX):   total cells updated:             262144
INFO (CarpetX):   average iterations per second: 659.521
INFO (CarpetX):   average cell updates per second: 2.16112e+07
INFO (CarpetX): Regridding...
INFO (CarpetX): Setting max_grid_size values for all levels before regridding
INFO (CarpetX):   old levels 1, new levels 1
INFO (CarpetX):   level 0: 1 boxes, 32768 cells (100%)
INFO (CarpetX): OutputGH: iteration 9, time 0.281250, run time 1 s
INFO (CarpetX): OutputGH done.
INFO (CarpetX): Simulation time: 0.28125   Iterations per second: 659.148   Simulation time per second: 20.5984
INFO (CarpetX): Grid cells: 32768   Grid cell updates per second: 2.1599e+07
INFO (CarpetX): Performance:
INFO (CarpetX):   total evolution time:            0.013654 sec
INFO (CarpetX):   total evolution compute time:    0.0136242 sec
INFO (CarpetX):   total evolution output time:     2.98023e-05 sec
INFO (CarpetX):   total iterations:                9
INFO (CarpetX):   total cells updated:             294912
INFO (CarpetX):   average iterations per second: 659.148
INFO (CarpetX):   average cell updates per second: 2.1599e+07
INFO (CarpetX): Regridding...
INFO (CarpetX): Setting max_grid_size values for all levels before regridding
INFO (CarpetX):   old levels 1, new levels 1
INFO (CarpetX):   level 0: 1 boxes, 32768 cells (100%)
INFO (CarpetX): OutputGH: iteration 10, time 0.312500, run time 1 s
INFO (CarpetX): OutputGH done.
INFO (CarpetX): Simulation time: 0.3125   Iterations per second: 560.511   Simulation time per second: 17.516
INFO (CarpetX): Grid cells: 32768   Grid cell updates per second: 1.83668e+07
INFO (CarpetX): Performance:
INFO (CarpetX):   total evolution time:            0.0178409 sec
INFO (CarpetX):   total evolution compute time:    0.0151191 sec
INFO (CarpetX):   total evolution output time:     0.00272179 sec
INFO (CarpetX):   total iterations:                10
INFO (CarpetX):   total cells updated:             327680
INFO (CarpetX):   average iterations per second: 560.511
INFO (CarpetX):   average cell updates per second: 1.83668e+07
INFO (CarpetX): Shutting down...
AMReX (25.11) finalized
--------------------------------------------------------------------------------
Done.
+ echo Stopping:
Stopping:
+ date
Sun Oct  4 21:23:04 UTC 2026
+ echo Done.
Done.
  Elapsed time: 0.7 s
