/home/runner/simulations/TestJob01_temp_1/output-0000/TEST/sim/MemSpeed
Preparing:
+ set -e
+ cd output-0000-active
+ echo Checking:
Checking:
+ pwd
/home/runner/simulations/TestJob01_temp_1/output-0000/TEST/sim/MemSpeed/output-0000-active
+ hostname
runnervm8df0l
+ date
Sun Oct  4 18:58:23 UTC 2026
+ echo Environment:
Environment:
+ export CACTUS_NUM_PROCS=1
+ CACTUS_NUM_PROCS=1
+ export CACTUS_NUM_THREADS=2
+ CACTUS_NUM_THREADS=2
+ export GMON_OUT_PREFIX=gmon.out
+ GMON_OUT_PREFIX=gmon.out
+ export OMP_NUM_THREADS=2
+ OMP_NUM_THREADS=2
+ env
+ sort
+ echo Starting:
Starting:
++ date +%s
+ export CACTUS_STARTTIME=1791140303
+ CACTUS_STARTTIME=1791140303
+ '[' 1 = 1 ']'
+ '[' 0 -eq 0 ']'
+ /home/runner/simulations/TestJob01_temp_1/SIMFACTORY/exe/cactus_sim -L 3 /home/runner/simulations/TestJob01_temp_1/output-0000/arrangements/CactusUtils/MemSpeed/test/memspeed.par
INFO (Cactus): Increased logging level from 0 to 3
--------------------------------------------------------------------------------

       10                                  
  1   0101       ************************  
  01  1010 10      The Cactus Code V4.20.0    
 1010 1101 011      www.cactuscode.org     
  1001 100101    ************************  
    00010101                               
     100011     (c) Copyright The Authors  
      0100      GNU Licensed. No Warranty  
      0101                                 
--------------------------------------------------------------------------------

Cactus version:    4.20.0
Compile date:      Oct 04 2026 (18:46:15)
Run date:          Oct 04 2026 (18:58:23+0000)
Run host:          runnervm8df0l.dv0dfyhyrulupj4bql4di5djnb.ex.internal.cloudapp.net (pid=171925)
Working directory: /home/runner/simulations/TestJob01_temp_1/output-0000/TEST/sim/MemSpeed
Executable:        /home/runner/simulations/TestJob01_temp_1/SIMFACTORY/exe/cactus_sim
Parameter file:    /home/runner/simulations/TestJob01_temp_1/output-0000/arrangements/CactusUtils/MemSpeed/test/memspeed.par
--------------------------------------------------------------------------------

Activating thorn Cactus...Success -> active implementation Cactus
Activation requested for 
--->hwloc MemSpeed SystemTopology CartGrid3D CoordBase IOASCII IOUtil PUGH PUGHSlab<---
Thorn hwloc requests automatic activation of zlib
Thorn MemSpeed requests automatic activation of Vectors
Thorn MemSpeed requests automatic activation of MPI
Activating thorn CartGrid3D...Success -> active implementation grid
Activating thorn CoordBase...Success -> active implementation CoordBase
Activating thorn hwloc...Success -> active implementation hwloc
Activating thorn IOASCII...Success -> active implementation IOASCII
Activating thorn IOUtil...Success -> active implementation IO
Activating thorn MemSpeed...Success -> active implementation MemSpeed
Activating thorn MPI...Success -> active implementation MPI
Activating thorn PUGH...Success -> active implementation Driver
Activating thorn PUGHSlab...Success -> active implementation Hyperslab
Activating thorn SystemTopology...Success -> active implementation SystemTopology
Activating thorn Vectors...Success -> active implementation Vectors
Activating thorn zlib...Success -> active implementation zlib
--------------------------------------------------------------------------------
  if (recover initial data)
    Recover parameters
  endif

  Startup routines
    [CCTK_STARTUP]
      CartGrid3D::SymmetryStartup: Register GH Extension for GridSymmetry
      CoordBase::CoordBase_Startup: Register a GH extension to store the coordinate system handles
      GROUP hwloc_startup: hwloc startup group
        hwloc::hwloc_version: Output hwloc version
      SystemTopology::ST_system_topology: Output and/or modify system topology and hardware locality
      PUGH::Driver_Startup: Startup routine
      PUGH::PUGH_RegisterPUGHP2LRoutines: Register Physical to Logical process mapping routines
      PUGH::PUGH_RegisterPUGHTopologyRoutines: Register topology generation routines routines
      IOUtil::IOUtil_Startup: Startup routine
      Vectors::Vectors_Startup: Print startup message
      IOASCII::IOASCII_Startup: Startup routine

  Startup routines which need an existing grid hierarchy
    [CCTK_WRAGH]
      CartGrid3D::RegisterCartGrid3DCoords: [meta] Register coordinates for the Cartesian grid
      MemSpeed::MemSpeed_MeasureSpeed: [meta] Measure CPU, memory, cache speeds
  Parameter checking routines
    [CCTK_PARAMCHECK]
      CartGrid3D::ParamCheck_CartGrid3D: Check coordinates for CartGrid3D
      Vectors::Vectors_Test: Run correctness tests.

  Initialisation
    if (NOT (recover initial data AND recovery_mode is 'strict'))
      [CCTK_PREREGRIDINITIAL]
      Set up grid hierarchy
      [CCTK_POSTREGRIDINITIAL]
        CartGrid3D::SpatialCoordinates: Set Coordinates after regridding
      [CCTK_BASEGRID]
        CartGrid3D::SpatialSpacings: Set up ranges for spatial 3D Cartesian coordinates (on all grids)
        CartGrid3D::SpatialCoordinates: Set up spatial 3D Cartesian coordinates on the GH
        IOASCII::IOASCII_Choose1D: Choose 1D output lines
        IOASCII::IOASCII_Choose2D: Choose 2D output planes
        PUGH::PUGH_Report: Report on PUGH set up
      [CCTK_INITIAL]
      [CCTK_POSTINITIAL]
      Initialise finer grids recursively
      Restrict from finer grids
      [CCTK_POSTRESTRICTINITIAL]
      [CCTK_POSTPOSTINITIAL]
      [CCTK_POSTSTEP]
    endif
    if (recover initial data)
      [CCTK_BASEGRID]
        CartGrid3D::SpatialSpacings: Set up ranges for spatial 3D Cartesian coordinates (on all grids)
        CartGrid3D::SpatialCoordinates: Set up spatial 3D Cartesian coordinates on the GH
        IOASCII::IOASCII_Choose1D: Choose 1D output lines
        IOASCII::IOASCII_Choose2D: Choose 2D output planes
        PUGH::PUGH_Report: Report on PUGH set up
      [CCTK_RECOVER_VARIABLES]
      [CCTK_POST_RECOVER_VARIABLES]
    endif
    if (checkpoint initial data)
      [CCTK_CPINITIAL]
    endif
    if (analysis)
      [CCTK_ANALYSIS]
  endif
  Output grid variables

  do loop over timesteps
    [CCTK_PREREGRID]
    Change grid hierarchy
    [CCTK_POSTREGRID]
      CartGrid3D::SpatialCoordinates: Set Coordinates after regridding
    Rotate timelevels
    iteration = iteration+1
    t = t+dt
    [CCTK_PRESTEP]
    [CCTK_EVOL]
    Evolve finer grids recursively
    Restrict from finer grids
    [CCTK_POSTRESTRICT]
    [CCTK_POSTSTEP]
    if (checkpoint)
      [CCTK_CHECKPOINT]
    endif
    if (analysis)
      [CCTK_ANALYSIS]
    endif
    Output grid variables
    enddo

  Termination routines
    [CCTK_TERMINATE]
      PUGH::Driver_Terminate: Termination routine

  Shutdown routines
    [CCTK_SHUTDOWN]

  Routines run after changing the grid hierarchy:
    [CCTK_POSTREGRID]
      CartGrid3D::SpatialCoordinates: Set Coordinates after regridding
--------------------------------------------------------------------------------
INFO (hwloc): library version 2.10.0, API version 0x20800
INFO (SystemTopology): MPI process-to-host mapping:
This is MPI process 0 of 1
MPI hosts:
  0: runnervm8df0l
This MPI process runs on host 0 of 1
On this host, this is MPI process 0 of 1
INFO (SystemTopology): Topology support:
Discovery support:
  discovery->pu                            : yes
CPU binding support:
  cpubind->set_thisproc_cpubind            : yes
  cpubind->get_thisproc_cpubind            : yes
  cpubind->set_proc_cpubind                : yes
  cpubind->get_proc_cpubind                : yes
  cpubind->set_thisthread_cpubind          : yes
  cpubind->get_thisthread_cpubind          : yes
  cpubind->set_thread_cpubind              : yes
  cpubind->get_thread_cpubind              : yes
  cpubind->get_thisproc_last_cpu_location  : yes
  cpubind->get_proc_last_cpu_location      : yes
  cpubind->get_thisthread_last_cpu_location: yes
Memory binding support:
  membind->set_thisproc_membind            : no
  membind->get_thisproc_membind            : no
  membind->set_proc_membind                : no
  membind->get_proc_membind                : no
  membind->set_thisthread_membind          : yes
  membind->get_thisthread_membind          : yes
  membind->set_area_membind                : yes
  membind->get_area_membind                : yes
  membind->alloc_membind                   : yes
  membind->firsttouch_membind              : yes
  membind->bind_membind                    : yes
  membind->interleave_membind              : yes
  membind->nexttouch_membind               : no
  membind->migrate_membind                 : yes
INFO (SystemTopology): Hardware objects in this node:
Machine L#0: (P#0, total=16373452KB, DMIProductName="Virtual Machine", DMIProductVersion="Hyper-V UEFI Release v4.1", DMIProductUUID=6a664a5b-48be-4874-80ea-aa1bba433043, DMIBoardVendor="Microsoft Corporation", DMIBoardName="Virtual Machine", DMIBoardVersion="Hyper-V UEFI Release v4.1", DMIBoardAssetTag=None, DMIChassisVendor="Microsoft Corporation", DMIChassisType=3, DMIChassisVersion="Hyper-V UEFI Release v4.1", DMIChassisAssetTag=7783-7084-3265-9085-8269-3286-77, DMIBIOSVendor="Microsoft Corporation", DMIBIOSVersion="Hyper-V UEFI Release v4.1", DMIBIOSDate=04/22/2026, DMISysVendor="Microsoft Corporation", Backend=Linux, LinuxCgroup=/system.slice/hosted-compute-agent.service, OSName=Linux, OSRelease=6.17.0-1022-azure, OSVersion="#22-Ubuntu SMP Mon Jul 27 17:24:03 UTC 2026", HostName=runnervm8df0l, Architecture=x86_64, hwlocVersion=2.10.0, ProcessName=cactus_sim)
  Package L#0: (P#0, total=16373452KB, CPUVendor=AuthenticAMD, CPUFamilyNumber=25, CPUModelNumber=17, CPUModel="AMD EPYC 9V74 80-Core Processor                ", CPUStepping=1)
    L3Cache L#0: (P#0, size=32768KB, linesize=64, ways=16, Inclusive=0)
      L2Cache L#0: (P#0, size=1024KB, linesize=64, ways=8, Inclusive=1)
        L1dCache L#0: (P#0, size=32KB, linesize=64, ways=8, Inclusive=0)
          Core L#0: (P#0)
            PU L#0: (P#0)
            PU L#1: (P#1)
      L2Cache L#1: (P#1, size=1024KB, linesize=64, ways=8, Inclusive=1)
        L1dCache L#1: (P#1, size=32KB, linesize=64, ways=8, Inclusive=0)
          Core L#1: (P#1)
            PU L#2: (P#2)
            PU L#3: (P#3)
INFO (SystemTopology): Thread CPU bindings:
  MPI process 0 on host 0 (process 0 of 1 on this host)
    OpenMP thread 0: PU set L#{0-3} P#{0-3}
    OpenMP thread 1: PU set L#{0-3} P#{0-3}
INFO (SystemTopology): Setting thread CPU bindings:
INFO (SystemTopology): Thread CPU bindings:
  MPI process 0 on host 0 (process 0 of 1 on this host)
    OpenMP thread 0: PU set L#{0} P#{0}
    OpenMP thread 1: PU set L#{2} P#{2}
INFO (SystemTopology): Extracting CPU/cache/memory properties:
  There are 2 PUs per core (aka hardware SMT threads)
  There are 1 threads per core (aka SMT threads used)
  Cache (unknown name) has type "data" depth 1
    size 32768 linesize 64 associativity 8 stride 4096, for 2 PUs
  Cache (unknown name) has type "unified" depth 2
    size 1048576 linesize 64 associativity 8 stride 131072, for 2 PUs
  Cache (unknown name) has type "unified" depth 3
    size 33554432 linesize 64 associativity 16 stride 2097152, for 4 PUs
INFO (PUGH): Using physical to logical mappings: direct
INFO (PUGH): Using topology generator: automatic
INFO (Vectors): Using vector size 2 for architecture SSE2 (64-bit precision)
--------------------------------------------------------------------------------
Driver provided by PUGH
--------------------------------------------------------------------------------

INFO (PUGH): Not setting up a topology for 1 dimensions
INFO (PUGH): Not setting up a topology for 2 dimensions
INFO (PUGH): Setting up a topology for 3 dimensions
INFO (IOASCII): I/O Method 'IOASCII_1D' registered: output of 1D lines of grid functions/arrays to ASCII files
INFO (IOASCII): Periodic 1D output every 1 iterations
INFO (IOASCII): Periodic 1D output requested for 'GRID::r'
INFO (IOASCII): I/O Method 'IOASCII_2D' registered: output of 2D planes of grid functions/arrays to ASCII files
INFO (IOASCII): Periodic 2D output turned off
INFO (IOASCII): I/O Method 'IOASCII_3D' registered: output of 3D grid functions/arrays to ASCII files
INFO (IOASCII): Periodic 3D output turned off
INFO (MemSpeed): Measuring CPU, cache, memory, and communication speeds:
  Single-core measurements (using 1 MPI processes with 1 OpenMP threads each):
    CPU frequency:
      iterations=1000000... time=0.00140861 sec
      iterations=10000000... time=0.0141177 sec
      iterations=100000000... time=0.140572 sec
      iterations=800000000... time=1.1245 sec
      iterations=800000000... time=0.843255 sec
      result: 5.68894 GHz
    CPU floating point performance:
      iterations=1000000... time=0.00219683 sec
      iterations=10000000... time=0.0219348 sec
      iterations=100000000... time=0.219399 sec
      iterations=500000000... time=1.09753 sec
      result: 14.5781 Gflop/sec
    CPU integer performance:
      iterations=1000000... time=0.00179481 sec
      iterations=10000000... time=0.0175722 sec
      iterations=100000000... time=0.175794 sec
      iterations=600000000... time=1.05947 sec
      result: 9.06114 Giop/sec
    Read latency of D1 cache (for 2 PUs) (using 1*24576 bytes):
      iterations=1000... time=0.000141559 sec
      iterations=10000... time=0.00141206 sec
      iterations=100000... time=0.0140828 sec
      iterations=1000000... time=0.14057 sec
      iterations=8000000... time=1.1253 sec
      result: 1.40662 nsec
    Read latency of L2 cache (for 2 PUs) (using 1*786432 bytes):
      iterations=1000... time=0.000771501 sec
      iterations=10000... time=0.00768791 sec
      iterations=100000... time=0.0755283 sec
      iterations=1000000... time=0.755928 sec
      iterations=2000000... time=1.50957 sec
      result: 7.54787 nsec
    Read latency of L3 cache (for 4 PUs) (using 1*25165824 bytes):
      [skipped -- avoiding large-memory benchmarks]
    Read bandwidth of D1 cache (for 2 PUs) (using 1*24576 bytes):
      iterations=1... time=3.81e-07 sec
      iterations=10... time=2.925e-06 sec
      iterations=100... time=3.2688e-05 sec
      iterations=1000... time=0.000279463 sec
      iterations=10000... time=0.00278763 sec
      iterations=100000... time=0.0276701 sec
      iterations=1000000... time=0.276269 sec
      iterations=4000000... time=1.10572 sec
      result: 88.9047 GByte/sec
    Read bandwidth of L2 cache (for 2 PUs) (using 1*786432 bytes):
      iterations=1... time=1.3349e-05 sec
      iterations=10... time=0.000102742 sec
      iterations=100... time=0.00100016 sec
      iterations=1000... time=0.00989043 sec
      iterations=10000... time=0.0980583 sec
      iterations=100000... time=0.980088 sec
      iterations=200000... time=1.96181 sec
      result: 80.1741 GByte/sec
    Read bandwidth of L3 cache (for 4 PUs) (using 1*25165824 bytes):
      [skipped -- avoiding large-memory benchmarks]
    Write latency of D1 cache (for 2 PUs) (using 1*24576 bytes):
      iterations=1000... time=3.215e-06 sec
      iterations=10000... time=3.1086e-05 sec
      iterations=100000... time=0.000295087 sec
      iterations=1000000... time=0.00281126 sec
      iterations=10000000... time=0.0281796 sec
      iterations=100000000... time=0.281424 sec
      iterations=400000000... time=1.12543 sec
      result: 0.351697 nsec
    Write latency of L2 cache (for 2 PUs) (using 1*786432 bytes):
      iterations=1000... time=2.3635e-05 sec
      iterations=10000... time=7.8226e-05 sec
      iterations=100000... time=0.000670732 sec
      iterations=1000000... time=0.00666538 sec
      iterations=10000000... time=0.0665532 sec
      iterations=100000000... time=0.665451 sec
      iterations=200000000... time=1.32938 sec
      result: 0.830861 nsec
    Write latency of L3 cache (for 4 PUs) (using 1*25165824 bytes):
      [skipped -- avoiding large-memory benchmarks]
    Write bandwidth of D1 cache (for 2 PUs) (using 1*24576 bytes):
      iterations=1... time=3.50999e-07 sec
      iterations=10... time=3.105e-06 sec
      iterations=100... time=4.4726e-05 sec
      iterations=1000... time=0.000288627 sec
      iterations=10000... time=0.00286527 sec
      iterations=100000... time=0.0285469 sec
      iterations=1000000... time=0.285347 sec
      iterations=4000000... time=1.14193 sec
      result: 86.0861 GByte/sec
    Write bandwidth of L2 cache (for 2 PUs) (using 1*786432 bytes):
      iterations=1... time=1.4061e-05 sec
      iterations=10... time=0.000120598 sec
      iterations=100... time=0.000954352 sec
      iterations=1000... time=0.00940219 sec
      iterations=10000... time=0.0941979 sec
      iterations=100000... time=0.941072 sec
      iterations=200000... time=1.88034 sec
      result: 83.6477 GByte/sec
    Write bandwidth of L3 cache (for 4 PUs) (using 1*25165824 bytes):
      [skipped -- avoiding large-memory benchmarks]
    Stencil code performance of D1 cache (for 2 PUs) (using 1*12^3 grid points, 1*27648 bytes):
      iterations=1... time=2.754e-05 sec
      iterations=10... time=0.000380803 sec
      iterations=100... time=0.00374383 sec
      iterations=1000... time=0.0376861 sec
      iterations=10000... time=0.376435 sec
      iterations=30000... time=1.13134 sec
      result: 0.0458219 Gupdates/sec
    Stencil code performance of L2 cache (for 2 PUs) (using 1*37^3 grid points, 1*810448 bytes):
      iterations=1... time=0.000306764 sec
      iterations=10... time=0.00315034 sec
      iterations=100... time=0.0314208 sec
      iterations=1000... time=0.3143 sec
      iterations=3000... time=0.941119 sec
      iterations=6000... time=1.88244 sec
      result: 0.161449 Gupdates/sec
    Stencil code performance of L3 cache (for 4 PUs) (using 1*116^3 grid points, 1*24974336 bytes):
      iterations=1... time=0.00428548 sec
      iterations=10... time=0.0423069 sec
      iterations=100... time=0.423244 sec
      iterations=300... time=1.26461 sec
      result: 0.370287 Gupdates/sec
  Single-node measurements (using 1 MPI processes with 2 OpenMP threads each):
    CPU frequency:
      iterations=1000000... time=0.00142498 sec
      iterations=10000000... time=0.0140713 sec
      iterations=100000000... time=0.140563 sec
      iterations=800000000... time=1.1247 sec
      iterations=800000000... time=0.843645 sec
      result: 5.6929 GHz
    CPU floating point performance:
      iterations=1000000... time=0.00219383 sec
      iterations=10000000... time=0.0219456 sec
      iterations=100000000... time=0.219466 sec
      iterations=500000000... time=1.09792 sec
      result: 14.573 Gflop/sec
    CPU integer performance:
      iterations=1000000... time=0.0017737 sec
      iterations=10000000... time=0.0175802 sec
      iterations=100000000... time=0.176208 sec
      iterations=600000000... time=1.05704 sec
      result: 9.08199 Giop/sec
    Read latency of D1 cache (for 2 PUs) (using 2*24576 bytes):
      iterations=1000... time=0.000140583 sec
      iterations=10000... time=0.00142331 sec
      iterations=100000... time=0.0140826 sec
      iterations=1000000... time=0.140715 sec
      iterations=8000000... time=1.12591 sec
      result: 1.40739 nsec
    Read latency of L2 cache (for 2 PUs) (using 2*786432 bytes):
      iterations=1000... time=0.000735178 sec
      iterations=10000... time=0.00700438 sec
      iterations=100000... time=0.070243 sec
      iterations=1000000... time=0.701815 sec
      iterations=2000000... time=1.40871 sec
      result: 7.04353 nsec
    Read latency of L3 cache (for 4 PUs) (using 1*25165824 bytes):
      [skipped -- avoiding large-memory benchmarks]
    Read bandwidth of D1 cache (for 2 PUs) (using 2*24576 bytes):
      iterations=1... time=3.41e-07 sec
      iterations=10... time=2.964e-06 sec
      iterations=100... time=2.95835e-05 sec
      iterations=1000... time=0.000293854 sec
      iterations=10000... time=0.00276421 sec
      iterations=100000... time=0.0276836 sec
      iterations=1000000... time=0.277061 sec
      iterations=4000000... time=1.10676 sec
      result: 88.8215 GByte/sec
    Read bandwidth of L2 cache (for 2 PUs) (using 2*786432 bytes):
      iterations=1... time=1.29835e-05 sec
      iterations=10... time=0.000106013 sec
      iterations=100... time=0.00102337 sec
      iterations=1000... time=0.0101441 sec
      iterations=10000... time=0.101531 sec
      iterations=100000... time=1.01729 sec
      result: 77.3069 GByte/sec
    Read bandwidth of L3 cache (for 4 PUs) (using 1*25165824 bytes):
      [skipped -- avoiding large-memory benchmarks]
    Write latency of D1 cache (for 2 PUs) (using 2*24576 bytes):
      iterations=1000... time=3.38e-06 sec
      iterations=10000... time=2.96285e-05 sec
      iterations=100000... time=0.000282453 sec
      iterations=1000000... time=0.00282139 sec
      iterations=10000000... time=0.0281549 sec
      iterations=100000000... time=0.28156 sec
      iterations=400000000... time=1.1265 sec
      result: 0.35203 nsec
    Write latency of L2 cache (for 2 PUs) (using 2*786432 bytes):
      iterations=1000... time=7.171e-06 sec
      iterations=10000... time=6.93075e-05 sec
      iterations=100000... time=0.000657092 sec
      iterations=1000000... time=0.00657564 sec
      iterations=10000000... time=0.0657073 sec
      iterations=100000000... time=0.656643 sec
      iterations=200000000... time=1.31383 sec
      result: 0.821144 nsec
    Write latency of L3 cache (for 4 PUs) (using 1*25165824 bytes):
      [skipped -- avoiding large-memory benchmarks]
    Write bandwidth of D1 cache (for 2 PUs) (using 2*24576 bytes):
      iterations=1... time=4.205e-07 sec
      iterations=10... time=2.959e-06 sec
      iterations=100... time=3.0305e-05 sec
      iterations=1000... time=0.00029424 sec
      iterations=10000... time=0.00283623 sec
      iterations=100000... time=0.0281601 sec
      iterations=1000000... time=0.282204 sec
      iterations=4000000... time=1.12704 sec
      result: 87.2229 GByte/sec
    Write bandwidth of L2 cache (for 2 PUs) (using 2*786432 bytes):
      iterations=1... time=1.1692e-05 sec
      iterations=10... time=0.000100609 sec
      iterations=100... time=0.000977606 sec
      iterations=1000... time=0.00981549 sec
      iterations=10000... time=0.0980073 sec
      iterations=100000... time=0.979694 sec
      iterations=200000... time=1.95866 sec
      result: 80.3032 GByte/sec
    Write bandwidth of L3 cache (for 4 PUs) (using 1*25165824 bytes):
      [skipped -- avoiding large-memory benchmarks]
    Stencil code performance of D1 cache (for 2 PUs) (using 1*12^3 grid points, 1*27648 bytes):
      iterations=1... time=7.1355e-06 sec
      iterations=10... time=0.000102001 sec
      iterations=100... time=0.00102558 sec
      iterations=1000... time=0.010116 sec
      iterations=10000... time=0.10172 sec
      iterations=100000... time=1.01364 sec
      result: 0.170474 Gupdates/sec
    Stencil code performance of L2 cache (for 2 PUs) (using 1*37^3 grid points, 1*810448 bytes):
      iterations=1... time=8.7169e-05 sec
      iterations=10... time=0.000794345 sec
      iterations=100... time=0.00792234 sec
      iterations=1000... time=0.0798383 sec
      iterations=10000... time=0.7952 sec
      iterations=20000... time=1.58842 sec
      result: 0.637779 Gupdates/sec
    Stencil code performance of L3 cache (for 4 PUs) (using 1*116^3 grid points, 1*24974336 bytes):
      iterations=1... time=0.000997746 sec
      iterations=10... time=0.0125284 sec
      iterations=100... time=0.127657 sec
      iterations=900... time=1.11633 sec
      result: 1.25841 Gupdates/sec
INFO (Vectors): Testing vectorisation... [errors may result in segfaults]
INFO (Vectors): 375/375 tests passed 
INFO (CartGrid3D): Grid Spacings:
INFO (CartGrid3D): dx=>1.1111111e-01  dy=>1.1111111e-01  dz=>1.1111111e-01
INFO (CartGrid3D): Computational Coordinates:
INFO (CartGrid3D): x=>[-0.500, 0.500]  y=>[-0.500, 0.500]  z=>[-0.500, 0.500]
INFO (CartGrid3D): Indices of Physical Coordinates:
INFO (CartGrid3D): x=>[0,9]  y=>[0,9]  z=>[0,9]
INFO (PUGH): MPI Evolution on 1 processors
INFO (PUGH): 3-dimensional grid functions
INFO (PUGH):  10
INFO (PUGH):  1
INFO (PUGH): 10]
INFO (PUGH):   Maximum load skew: 0.000000
--------------------------------------------------------------------------------
Done.
+ echo Stopping:
Stopping:
+ date
Sun Oct  4 18:59:19 UTC 2026
+ echo Done.
Done.
  Elapsed time: 56.6 s
