/home/runner/simulations/TestJob01_temp_2/output-0000/TEST/sim/CanudaX_BSSNMoL
Preparing:
+ set -e
+ cd output-0000-active
+ echo Checking:
Checking:
+ pwd
/home/runner/simulations/TestJob01_temp_2/output-0000/TEST/sim/CanudaX_BSSNMoL/output-0000-active
+ hostname
runnervmtr4k5
+ date
Mon Sep 28 21:56:15 UTC 2026
+ echo Environment:
Environment:
+ export CACTUS_NUM_PROCS=2
+ CACTUS_NUM_PROCS=2
+ export CACTUS_NUM_THREADS=1
+ CACTUS_NUM_THREADS=1
+ export GMON_OUT_PREFIX=gmon.out
+ GMON_OUT_PREFIX=gmon.out
+ export OMP_NUM_THREADS=1
+ OMP_NUM_THREADS=1
+ env
+ sort
+ echo Starting:
Starting:
++ date +%s
+ export CACTUS_STARTTIME=1790632575
+ CACTUS_STARTTIME=1790632575
+ '[' 2 = 1 ']'
+ mpirun -np 2 /home/runner/simulations/TestJob01_temp_2/SIMFACTORY/exe/cactus_sim -L 3 /home/runner/simulations/TestJob01_temp_2/output-0000/arrangements/CanudaX/CanudaX_BSSNMoL/test/gaugewave.par
INFO (Cactus): Increased logging level from 0 to 3
--------------------------------------------------------------------------------

       10                                  
  1   0101       ************************  
  01  1010 10      The Cactus Code V4.20.0    
 1010 1101 011      www.cactuscode.org     
  1001 100101    ************************  
    00010101                               
     100011     (c) Copyright The Authors  
      0100      GNU Licensed. No Warranty  
      0101                                 
--------------------------------------------------------------------------------

Cactus version:    4.20.0
Compile date:      Sep 28 2026 (21:36:46)
Run date:          Sep 28 2026 (21:56:16+0000)
Run host:          runnervmtr4k5.e2yt3izck01upjtz0zwbnspcqh.phxx.internal.cloudapp.net (pid=176776)
Working directory: /home/runner/simulations/TestJob01_temp_2/output-0000/TEST/sim/CanudaX_BSSNMoL
Executable:        /home/runner/simulations/TestJob01_temp_2/SIMFACTORY/exe/cactus_sim
Parameter file:    /home/runner/simulations/TestJob01_temp_2/output-0000/arrangements/CanudaX/CanudaX_BSSNMoL/test/gaugewave.par
--------------------------------------------------------------------------------

Activating thorn Cactus...Success -> active implementation Cactus
Activation requested for 
--->ADMBaseX CanudaX_BSSNMoL CanudaX_ExactID CarpetX IOUtil ODESolvers TmunuBaseX<---
Thorn ADMBaseX requests automatic activation of Loop
Thorn CarpetX requests automatic activation of AMReX
Thorn CarpetX requests automatic activation of MPI
Thorn CarpetX requests automatic activation of yaml_cpp
Thorn CarpetX requests automatic activation of zlib
Thorn CarpetX requests automatic activation of Arith
Thorn CarpetX requests automatic activation of CarpetXRegrid
Thorn CarpetX requests automatic activation of ADIOS2
Thorn CarpetX requests automatic activation of openPMD
Thorn CarpetX requests automatic activation of Silo
Thorn ADIOS2 requests automatic activation of CMake
Thorn Arith requests automatic activation of NSIMD
Thorn MPI requests automatic activation of hwloc
Thorn openPMD requests automatic activation of HDF5
Activating thorn ADIOS2...Success -> active implementation ADIOS2
Activating thorn ADMBaseX...Success -> active implementation ADMBaseX
Activating thorn AMReX...Success -> active implementation AMReX
Activating thorn Arith...Success -> active implementation Arith
Activating thorn CanudaX_BSSNMoL...Success -> active implementation CanudaX_BSSNMoL
Activating thorn CanudaX_ExactID...Success -> active implementation CanudaX_ExactID
Activating thorn CarpetX...Success -> active implementation Driver
Activating thorn CarpetXRegrid...Success -> active implementation CarpetXRegrid
Activating thorn CMake...Success -> active implementation CMake
Activating thorn HDF5...Success -> active implementation HDF5
Activating thorn hwloc...Success -> active implementation hwloc
Activating thorn IOUtil...Success -> active implementation IO
Activating thorn Loop...Success -> active implementation Loop
Activating thorn MPI...Success -> active implementation MPI
Activating thorn NSIMD...Success -> active implementation NSIMD
Activating thorn ODESolvers...Success -> active implementation ODESolvers
Activating thorn openPMD...Success -> active implementation openPMD
Activating thorn Silo...Success -> active implementation Silo
Activating thorn TmunuBaseX...Success -> active implementation TmunuBaseX
Activating thorn yaml_cpp...Success -> active implementation yaml_cpp
Activating thorn zlib...Success -> active implementation zlib
--------------------------------------------------------------------------------
  if (recover initial data)
    Recover parameters
  endif

  Startup routines
    [CCTK_STARTUP]
      CarpetX::Driver_Startup: Start up the driver
      IOUtil::IOUtil_Startup: Startup routine
      GROUP hwloc_startup: hwloc startup group
        hwloc::hwloc_version: Output hwloc version

  Startup routines which need an existing grid hierarchy
    [CCTK_WRAGH]
      Arith::Test_cplx: [meta] Test complex numbers
      Arith::Test_smallvector: [meta] Test small vectors
      Arith::Test_spvect: [meta] Test sparse vectors
      ODESolvers::ODESolvers_InitConstants: [global] Set up dummy loop counters for schedule printout
  Parameter checking routines
    [CCTK_PARAMCHECK]
      CanudaX_BSSNMoL::CanudaX_BSSNMoL_paramcheck: Check CanudaX_BSSNMoL parameters for consistency

  Initialisation
    if (NOT (recover initial data AND recovery_mode is 'strict'))
      [CCTK_PREREGRIDINITIAL]
      Set up grid hierarchy
      [CCTK_POSTREGRIDINITIAL]
      [CCTK_BASEGRID]
        CarpetXRegrid::CarpetXRegrid_InitError: Initialize regridding error to zero
        GROUP ODESolvers_BaseGrid: Set up constants (e.g. coordinates) everywhere on the grid
      [CCTK_INITIAL]
        GROUP TmunuBaseX_SetTmunuVars: Schedule group for setting T_munu
          TmunuBaseX::TmunuBaseX_ZeroTmunu: Set T_munu to zero
          GROUP TmunuBaseX_AddToTmunu: Add to T_munu here
        GROUP ODESolvers_Initial: Set up initial conditions on interior of state vector
          GROUP ADMBaseX_InitialData: Schedule group for calculating ADM initial data
            GROUP CanudaX_ExactIDGroup: CanudaX_ExactID group for setting up initial data
              CanudaX_ExactID::CanudaX_ExactID_GaugeWave: [local] Create gauge wave initial data
          GROUP ADMBaseX_InitialGauge: Schedule group for the ADM initial gauge condition
            ADMBaseX::ADMBaseX_initial_dtlapse: Set dtlapse to zero
            ADMBaseX::ADMBaseX_initial_dtshift: Set dtshift to zero
          GROUP ADMBaseX_PostInitial: Schedule group for modifying the ADM initial data, such as e.g. adding noise
        GROUP CanudaX_BSSNMoL_InitialGroup: CanudaX_BSSNMoL: initial bin
          CanudaX_BSSNMoL::CanudaX_BSSNMoL_adm2bssn: [local] Convert initial data into BSSN variables
          CanudaX_BSSNMoL::CanudaX_BSSNMoL_gammat: [local] Set Gammat initial data
      [CCTK_POSTINITIAL]
        GROUP ODESolvers_PostStep: Apply boundary conditions to state vector, and project if necessary
          GROUP CanudaX_BSSNMoL_PostStepGroup: CanudaX_BSSNMoL: post-step operations
            CanudaX_BSSNMoL::CanudaX_BSSNMoL_impose_conf_fac_floor: Make sure conformal factor does not drop below specified value
            CanudaX_BSSNMoL::CanudaX_BSSNMoL_reset_detmetric: reset dethh = 1
            CanudaX_BSSNMoL::CanudaX_BSSNMoL_remove_trA: Remove trace of A
            CanudaX_BSSNMoL::CanudaX_BSSNMoL_sync: [global] Sync state vector
            CanudaX_BSSNMoL::CanudaX_BSSNMoL_bssn2adm: [local] Convert variables back to the ADM ones
          GROUP ADMBaseX_SetADMRHS: Set ADM RHS variables in this group
          GROUP ADMBaseX_SetADMVars: Set ADM variables in this group
          GROUP TmunuBaseX_SetTmunuVars: Schedule group for setting T_munu
            TmunuBaseX::TmunuBaseX_ZeroTmunu: Set T_munu to zero
            GROUP TmunuBaseX_AddToTmunu: Add to T_munu here
        GROUP ODESolvers_EstimateError: Estimate discretization error (for regridding)
      Initialise finer grids recursively
      Restrict from finer grids
      [CCTK_POSTRESTRICTINITIAL]
      [CCTK_POSTPOSTINITIAL]
      [CCTK_POSTSTEP]
        GROUP ODESolvers_EstimateError: Estimate discretization error (for regridding)
    endif
    if (recover initial data)
      [CCTK_BASEGRID]
        CarpetXRegrid::CarpetXRegrid_InitError: Initialize regridding error to zero
        GROUP ODESolvers_BaseGrid: Set up constants (e.g. coordinates) everywhere on the grid
      [CCTK_RECOVER_VARIABLES]
      [CCTK_POST_RECOVER_VARIABLES]
        GROUP ODESolvers_PostStep: Apply boundary conditions to state vector, and project if necessary
          GROUP CanudaX_BSSNMoL_PostStepGroup: CanudaX_BSSNMoL: post-step operations
            CanudaX_BSSNMoL::CanudaX_BSSNMoL_impose_conf_fac_floor: Make sure conformal factor does not drop below specified value
            CanudaX_BSSNMoL::CanudaX_BSSNMoL_reset_detmetric: reset dethh = 1
            CanudaX_BSSNMoL::CanudaX_BSSNMoL_remove_trA: Remove trace of A
            CanudaX_BSSNMoL::CanudaX_BSSNMoL_sync: [global] Sync state vector
            CanudaX_BSSNMoL::CanudaX_BSSNMoL_bssn2adm: [local] Convert variables back to the ADM ones
          GROUP ADMBaseX_SetADMRHS: Set ADM RHS variables in this group
          GROUP ADMBaseX_SetADMVars: Set ADM variables in this group
          GROUP TmunuBaseX_SetTmunuVars: Schedule group for setting T_munu
            TmunuBaseX::TmunuBaseX_ZeroTmunu: Set T_munu to zero
            GROUP TmunuBaseX_AddToTmunu: Add to T_munu here
        GROUP ODESolvers_EstimateError: Estimate discretization error (for regridding)
    endif
    if (checkpoint initial data)
      [CCTK_CPINITIAL]
        CarpetX::CarpetX_CheckpointInitial: [meta] Checkpoint initial conditions
    endif
    if (analysis)
      [CCTK_ANALYSIS]
        CanudaX_BSSNMoL::CanudaX_BSSNMoL_bssn_constraints: Compute constraints
        GROUP ODESolvers_Analysis: Calculate analysis quantities everywhere
  endif
  Output grid variables

  do loop over timesteps
    [CCTK_PREREGRID]
    Change grid hierarchy
    [CCTK_POSTREGRID]
      GROUP ODESolvers_PostStep: Apply boundary conditions to state vector, and project if necessary
        GROUP CanudaX_BSSNMoL_PostStepGroup: CanudaX_BSSNMoL: post-step operations
          CanudaX_BSSNMoL::CanudaX_BSSNMoL_impose_conf_fac_floor: Make sure conformal factor does not drop below specified value
          CanudaX_BSSNMoL::CanudaX_BSSNMoL_reset_detmetric: reset dethh = 1
          CanudaX_BSSNMoL::CanudaX_BSSNMoL_remove_trA: Remove trace of A
          CanudaX_BSSNMoL::CanudaX_BSSNMoL_sync: [global] Sync state vector
          CanudaX_BSSNMoL::CanudaX_BSSNMoL_bssn2adm: [local] Convert variables back to the ADM ones
        GROUP ADMBaseX_SetADMRHS: Set ADM RHS variables in this group
        GROUP ADMBaseX_SetADMVars: Set ADM variables in this group
        GROUP TmunuBaseX_SetTmunuVars: Schedule group for setting T_munu
          TmunuBaseX::TmunuBaseX_ZeroTmunu: Set T_munu to zero
          GROUP TmunuBaseX_AddToTmunu: Add to T_munu here
    Rotate timelevels
    iteration = iteration+1
    t = t+dt
    [CCTK_PRESTEP]
    [CCTK_EVOL]
      ODESolvers::ODESolvers_Solve: [level] Solve ODEs
      while (ODESolvers::do_substeps)
        GROUP ODESolvers_CalledBySolve: Groups internally scheduled by ODESolvers_Solve
          GROUP ODESolvers_RHS: Evaluate the RHS for of state vector everywhere on the grid
            GROUP CanudaX_BSSNMoL_RHSGroup: CanudaX_BSSNMoL: calculate BSSN RHS
              CanudaX_BSSNMoL::CanudaX_BSSNMoL_calc_bssn_rhs: MoL RHS calculation
              CanudaX_BSSNMoL::CanudaX_BSSNMoL_apply_boundary_conditions: Apply radiative boundary conditions 
          GROUP ODESolvers_PostStep: Apply boundary conditions to state vector, and project if necessary
            GROUP CanudaX_BSSNMoL_PostStepGroup: CanudaX_BSSNMoL: post-step operations
              CanudaX_BSSNMoL::CanudaX_BSSNMoL_impose_conf_fac_floor: Make sure conformal factor does not drop below specified value
              CanudaX_BSSNMoL::CanudaX_BSSNMoL_reset_detmetric: reset dethh = 1
              CanudaX_BSSNMoL::CanudaX_BSSNMoL_remove_trA: Remove trace of A
              CanudaX_BSSNMoL::CanudaX_BSSNMoL_sync: [global] Sync state vector
              CanudaX_BSSNMoL::CanudaX_BSSNMoL_bssn2adm: [local] Convert variables back to the ADM ones
            GROUP ADMBaseX_SetADMRHS: Set ADM RHS variables in this group
            GROUP ADMBaseX_SetADMVars: Set ADM variables in this group
            GROUP TmunuBaseX_SetTmunuVars: Schedule group for setting T_munu
              TmunuBaseX::TmunuBaseX_ZeroTmunu: Set T_munu to zero
              GROUP TmunuBaseX_AddToTmunu: Add to T_munu here
      end while
    Evolve finer grids recursively
    Restrict from finer grids
    [CCTK_POSTRESTRICT]
      GROUP ODESolvers_PostStep: Apply boundary conditions to state vector, and project if necessary
        GROUP CanudaX_BSSNMoL_PostStepGroup: CanudaX_BSSNMoL: post-step operations
          CanudaX_BSSNMoL::CanudaX_BSSNMoL_impose_conf_fac_floor: Make sure conformal factor does not drop below specified value
          CanudaX_BSSNMoL::CanudaX_BSSNMoL_reset_detmetric: reset dethh = 1
          CanudaX_BSSNMoL::CanudaX_BSSNMoL_remove_trA: Remove trace of A
          CanudaX_BSSNMoL::CanudaX_BSSNMoL_sync: [global] Sync state vector
          CanudaX_BSSNMoL::CanudaX_BSSNMoL_bssn2adm: [local] Convert variables back to the ADM ones
        GROUP ADMBaseX_SetADMRHS: Set ADM RHS variables in this group
        GROUP ADMBaseX_SetADMVars: Set ADM variables in this group
        GROUP TmunuBaseX_SetTmunuVars: Schedule group for setting T_munu
          TmunuBaseX::TmunuBaseX_ZeroTmunu: Set T_munu to zero
          GROUP TmunuBaseX_AddToTmunu: Add to T_munu here
    [CCTK_POSTSTEP]
      GROUP ODESolvers_EstimateError: Estimate discretization error (for regridding)
    if (checkpoint)
      [CCTK_CHECKPOINT]
      CarpetX::CarpetX_Checkpoint: [meta] Checkpoint
    endif
    if (analysis)
      [CCTK_ANALYSIS]
      CanudaX_BSSNMoL::CanudaX_BSSNMoL_bssn_constraints: Compute constraints
      GROUP ODESolvers_Analysis: Calculate analysis quantities everywhere
    endif
    Output grid variables
    enddo

  Termination routines
    [CCTK_TERMINATE]
      CarpetX::CarpetX_CheckpointTerminate: [meta] Checkpoint before terminating

  Shutdown routines
    [CCTK_SHUTDOWN]
      CarpetX::Driver_Shutdown: [meta] Shut down the driver

  Routines run after changing the grid hierarchy:
    [CCTK_POSTREGRID]
      GROUP ODESolvers_PostStep: Apply boundary conditions to state vector, and project if necessary
        GROUP CanudaX_BSSNMoL_PostStepGroup: CanudaX_BSSNMoL: post-step operations
          CanudaX_BSSNMoL::CanudaX_BSSNMoL_impose_conf_fac_floor: Make sure conformal factor does not drop below specified value
          CanudaX_BSSNMoL::CanudaX_BSSNMoL_reset_detmetric: reset dethh = 1
          CanudaX_BSSNMoL::CanudaX_BSSNMoL_remove_trA: Remove trace of A
          CanudaX_BSSNMoL::CanudaX_BSSNMoL_sync: [global] Sync state vector
          CanudaX_BSSNMoL::CanudaX_BSSNMoL_bssn2adm: [local] Convert variables back to the ADM ones
        GROUP ADMBaseX_SetADMRHS: Set ADM RHS variables in this group
        GROUP ADMBaseX_SetADMVars: Set ADM variables in this group
        GROUP TmunuBaseX_SetTmunuVars: Schedule group for setting T_munu
          TmunuBaseX::TmunuBaseX_ZeroTmunu: Set T_munu to zero
          GROUP TmunuBaseX_AddToTmunu: Add to T_munu here
--------------------------------------------------------------------------------
INFO (hwloc): library version 2.10.0, API version 0x20800
--------------------------------------------------------------------------------

  [34m  ▕▏  [34m  ▕▏  [34m  ▕▏  [34m  ▕▏  [34m  ▕▏  [34m  ▕▏  [34m  ▕▏  [34m  ▕▏  [34m  ▕▏  [39m  
  [34m──██──[34m──██──[34m──██──[34m──██──[34m──██──[34m──██──[34m──██──[34m──██──[34m──██──[39m  
  [34m  ▕▏  [34m  ▕▏  [34m  ▕▏  [34m  ▕▏  [34m  ▕▏  [34m  ▕▏  [34m  ▕▏  [34m  ▕▏  [34m  ▕▏  [39m  
  [34m  ▕▏  [32m██████[34m  ▕▏  [34m  ▕▏  [32m██████[34m  ▕▏  [34m  ▕▏  [32m██████[34m  ▕▏  [39m  
  [34m──██──[32m██████[34m──██──[34m──██──[32m██████[34m──██──[34m──██──[32m██████[34m──██──[39m  
  [34m  ▕▏  [32m██████[34m  ▕▏  [34m  ▕▏  [32m██████[34m  ▕▏  [34m  ▕▏  [32m██████[34m  ▕▏  [39m  
  [34m  ▕▏  [34m  ▕▏  [34m  ▕▏  [34m  ▕▏  [34m  ▕▏  [34m  ▕▏  [34m  ▕▏  [34m  ▕▏  [34m  ▕▏  [39m  
  [34m──██──[34m──██──[34m──██──[34m──██──[34m──██──[34m──██──[34m──██──[34m──██──[34m──██──[39m  
  [34m  ▕▏  [34m  ▕▏  [34m  ▕▏  [34m  ▕▏  [34m  ▕▏  [34m  ▕▏  [34m  ▕▏  [34m  ▕▏  [34m  ▕▏  [39m  
  [34m  ▕▏  [34m  ▕▏  [34m  ▕▏  [31m██████[31m██████[31m██████[34m  ▕▏  [34m  ▕▏  [34m  ▕▏  [39m  
  [34m──██──[34m──██──[34m──██──[31m██████[31m██████[31m██████[34m──██──[34m──██──[34m──██──[39m  
  [34m  ▕▏  [34m  ▕▏  [34m  ▕▏  [31m██████[31m██████[31m██████[34m  ▕▏  [34m  ▕▏  [34m  ▕▏  [39m  
  [34m  ▕▏  [32m██████[34m  ▕▏  [31m██████[31m██████[31m██████[34m  ▕▏  [32m██████[34m  ▕▏  [39m  
  [34m──██──[32m██████[34m──██──[31m██████[31m██████[31m██████[34m──██──[32m██████[34m──██──[39m  
  [34m  ▕▏  [32m██████[34m  ▕▏  [31m██████[31m██████[31m██████[34m  ▕▏  [32m██████[34m  ▕▏  [39m  
  [34m  ▕▏  [34m  ▕▏  [34m  ▕▏  [31m██████[31m██████[31m██████[34m  ▕▏  [34m  ▕▏  [34m  ▕▏  [39m  
  [34m──██──[34m──██──[34m──██──[31m██████[31m██████[31m██████[34m──██──[34m──██──[34m──██──[39m  
  [34m  ▕▏  [34m  ▕▏  [34m  ▕▏  [31m██████[31m██████[31m██████[34m  ▕▏  [34m  ▕▏  [34m  ▕▏  [39m  
  [34m  ▕▏  [34m  ▕▏  [34m  ▕▏  [34m  ▕▏  [34m  ▕▏  [34m  ▕▏  [34m  ▕▏  [34m  ▕▏  [34m  ▕▏  [39m  
  [34m──██──[34m──██──[34m──██──[34m──██──[34m──██──[34m──██──[34m──██──[34m──██──[34m──██──[39m  
  [34m  ▕▏  [34m  ▕▏  [34m  ▕▏  [34m  ▕▏  [34m  ▕▏  [34m  ▕▏  [34m  ▕▏  [34m  ▕▏  [34m  ▕▏  [39m  
  [34m  ▕▏  [32m██████[34m  ▕▏  [34m  ▕▏  [32m██████[34m  ▕▏  [34m  ▕▏  [32m██████[34m  ▕▏  [39m  
  [34m──██──[32m██████[34m──██──[34m──██──[32m██████[34m──██──[34m──██──[32m██████[34m──██──[39m  
  [34m  ▕▏  [32m██████[34m  ▕▏  [34m  ▕▏  [32m██████[34m  ▕▏  [34m  ▕▏  [32m██████[34m  ▕▏  [39m  
  [34m  ▕▏  [34m  ▕▏  [34m  ▕▏  [34m  ▕▏  [34m  ▕▏  [34m  ▕▏  [34m  ▕▏  [34m  ▕▏  [34m  ▕▏  [39m  
  [34m──██──[34m──██──[34m──██──[34m──██──[34m──██──[34m──██──[34m──██──[34m──██──[34m──██──[39m  
  [34m  ▕▏  [34m  ▕▏  [34m  ▕▏  [34m  ▕▏  [34m  ▕▏  [34m  ▕▏  [34m  ▕▏  [34m  ▕▏  [34m  ▕▏  [39m  

AMR driver provided by CarpetX,
using AMReX 25.11 (MPI, OpenMP, no accelerators, debug)
--------------------------------------------------------------------------------

Initializing AMReX (25.11)...
MPI initialized with 2 MPI processes
MPI initialized with thread support level 2
OMP initialized with 1 OMP threads
AMReX (25.11) initialized
INFO (CarpetX): 
Symmetries:
  lower x: periodic
  lower y: periodic
  lower z: periodic
  upper x: periodic
  upper y: periodic
  upper z: periodic
Default boundaries:
  lower x: symmetry_boundary
  lower y: symmetry_boundary
  lower z: symmetry_boundary
  upper x: symmetry_boundary
  upper y: symmetry_boundary
  upper z: symmetry_boundary
INFO (Arith): Test_cplx
INFO (Arith): Test_smallvector
INFO (Arith): Test_spvect
INFO (CarpetX): Setting initial values for max_grid_size values for all levels
INFO (CarpetX): Setting up initial conditions...
INFO (CarpetX): Iteration: 0   time: 0   delta_time: 0.00390625
INFO (CarpetX): Patch 0:
INFO (CarpetX):   Grid extent:
INFO (CarpetX):     gsh=[71,15,15]
INFO (CarpetX):     blocking_factor=[8,8,8]
INFO (CarpetX):     max_grid_size=[10000000,10000000,10000000]
INFO (CarpetX):     max_tile_size=[1024000,16,32]
INFO (CarpetX):   Domain extent:
INFO (CarpetX):     xmin=[-0.5,-0.0625,-0.0625]
INFO (CarpetX):     xmax=[0.5,0.0625,0.0625]
INFO (CarpetX):     base dx=[0.015625,0.015625,0.015625]
INFO (CarpetX): Initializing level 0...
INFO (CanudaX_ExactID): Begin Gauge Wave initial data
INFO (CanudaX_ExactID): === End gauge wave initial data ===
INFO (CarpetX): Regridding...
INFO (CarpetX):   level 0: 2 boxes, 4096 cells (100%)
INFO (CarpetX): Initialized 1 levels
INFO (CarpetX): OutputGH: iteration 0, time 0.000000, run time 1 s
INFO (CarpetX): OutputGH done.
INFO (CarpetX): Starting evolution...
INFO (ODESolvers): ODE integrator is RK4
INFO (CarpetX): OutputGH: iteration 1, time 0.003906, run time 1 s
INFO (CarpetX): OutputGH done.
INFO (CarpetX): Simulation time: 0.00390625   Iterations per second: 41.3819   Simulation time per second: 0.161648
INFO (CarpetX): Grid cells: 4096   Grid cell updates per second: 169500
INFO (CarpetX): Performance:
INFO (CarpetX):   total evolution time:            0.0241652 sec
INFO (CarpetX):   total evolution compute time:    0.0241301 sec
INFO (CarpetX):   total evolution output time:     3.50475e-05 sec
INFO (CarpetX):   total iterations:                1
INFO (CarpetX):   total cells updated:             4096
INFO (CarpetX):   average iterations per second: 41.3819
INFO (CarpetX):   average cell updates per second: 169500
INFO (CarpetX): OutputGH: iteration 2, time 0.007812, run time 1 s
INFO (CarpetX): OutputGH done.
INFO (CarpetX): Simulation time: 0.0078125   Iterations per second: 43.9954   Simulation time per second: 0.171857
INFO (CarpetX): Grid cells: 4096   Grid cell updates per second: 180205
INFO (CarpetX): Performance:
INFO (CarpetX):   total evolution time:            0.0454593 sec
INFO (CarpetX):   total evolution compute time:    0.0454042 sec
INFO (CarpetX):   total evolution output time:     5.50747e-05 sec
INFO (CarpetX):   total iterations:                2
INFO (CarpetX):   total cells updated:             8192
INFO (CarpetX):   average iterations per second: 43.9954
INFO (CarpetX):   average cell updates per second: 180205
INFO (CarpetX): OutputGH: iteration 3, time 0.011719, run time 1 s
INFO (CarpetX): OutputGH done.
INFO (CarpetX): Simulation time: 0.0117188   Iterations per second: 45.1214   Simulation time per second: 0.176255
INFO (CarpetX): Grid cells: 4096   Grid cell updates per second: 184817
INFO (CarpetX): Performance:
INFO (CarpetX):   total evolution time:            0.0664873 sec
INFO (CarpetX):   total evolution compute time:    0.0664122 sec
INFO (CarpetX):   total evolution output time:     7.51019e-05 sec
INFO (CarpetX):   total iterations:                3
INFO (CarpetX):   total cells updated:             12288
INFO (CarpetX):   average iterations per second: 45.1214
INFO (CarpetX):   average cell updates per second: 184817
INFO (CarpetX): OutputGH: iteration 4, time 0.015625, run time 1 s
INFO (CarpetX): OutputGH done.
INFO (CarpetX): Simulation time: 0.015625   Iterations per second: 45.767   Simulation time per second: 0.178777
INFO (CarpetX): Grid cells: 4096   Grid cell updates per second: 187462
INFO (CarpetX): Performance:
INFO (CarpetX):   total evolution time:            0.0873992 sec
INFO (CarpetX):   total evolution compute time:    0.0873022 sec
INFO (CarpetX):   total evolution output time:     9.70364e-05 sec
INFO (CarpetX):   total iterations:                4
INFO (CarpetX):   total cells updated:             16384
INFO (CarpetX):   average iterations per second: 45.767
INFO (CarpetX):   average cell updates per second: 187462
INFO (CarpetX): OutputGH: iteration 5, time 0.019531, run time 1 s
INFO (CarpetX): OutputGH done.
INFO (CarpetX): Simulation time: 0.0195312   Iterations per second: 46.1534   Simulation time per second: 0.180287
INFO (CarpetX): Grid cells: 4096   Grid cell updates per second: 189044
INFO (CarpetX): Performance:
INFO (CarpetX):   total evolution time:            0.108334 sec
INFO (CarpetX):   total evolution compute time:    0.108219 sec
INFO (CarpetX):   total evolution output time:     0.000114918 sec
INFO (CarpetX):   total iterations:                5
INFO (CarpetX):   total cells updated:             20480
INFO (CarpetX):   average iterations per second: 46.1534
INFO (CarpetX):   average cell updates per second: 189044
INFO (CarpetX): OutputGH: iteration 6, time 0.023438, run time 1 s
INFO (CarpetX): OutputGH done.
INFO (CarpetX): Simulation time: 0.0234375   Iterations per second: 46.4086   Simulation time per second: 0.181284
INFO (CarpetX): Grid cells: 4096   Grid cell updates per second: 190090
INFO (CarpetX): Performance:
INFO (CarpetX):   total evolution time:            0.129286 sec
INFO (CarpetX):   total evolution compute time:    0.129154 sec
INFO (CarpetX):   total evolution output time:     0.000132084 sec
INFO (CarpetX):   total iterations:                6
INFO (CarpetX):   total cells updated:             24576
INFO (CarpetX):   average iterations per second: 46.4086
INFO (CarpetX):   average cell updates per second: 190090
INFO (CarpetX): OutputGH: iteration 7, time 0.027344, run time 1 s
INFO (CarpetX): OutputGH done.
INFO (CarpetX): Simulation time: 0.0273438   Iterations per second: 46.61   Simulation time per second: 0.18207
INFO (CarpetX): Grid cells: 4096   Grid cell updates per second: 190915
INFO (CarpetX): Performance:
INFO (CarpetX):   total evolution time:            0.150182 sec
INFO (CarpetX):   total evolution compute time:    0.150033 sec
INFO (CarpetX):   total evolution output time:     0.000149012 sec
INFO (CarpetX):   total iterations:                7
INFO (CarpetX):   total cells updated:             28672
INFO (CarpetX):   average iterations per second: 46.61
INFO (CarpetX):   average cell updates per second: 190915
INFO (CarpetX): OutputGH: iteration 8, time 0.031250, run time 1 s
INFO (CarpetX): OutputGH done.
INFO (CarpetX): Simulation time: 0.03125   Iterations per second: 46.7672   Simulation time per second: 0.182684
INFO (CarpetX): Grid cells: 4096   Grid cell updates per second: 191558
INFO (CarpetX): Performance:
INFO (CarpetX):   total evolution time:            0.17106 sec
INFO (CarpetX):   total evolution compute time:    0.17089 sec
INFO (CarpetX):   total evolution output time:     0.000169992 sec
INFO (CarpetX):   total iterations:                8
INFO (CarpetX):   total cells updated:             32768
INFO (CarpetX):   average iterations per second: 46.7672
INFO (CarpetX):   average cell updates per second: 191558
INFO (CarpetX): OutputGH: iteration 9, time 0.035156, run time 1 s
INFO (CarpetX): OutputGH done.
INFO (CarpetX): Simulation time: 0.0351562   Iterations per second: 46.8406   Simulation time per second: 0.182971
INFO (CarpetX): Grid cells: 4096   Grid cell updates per second: 191859
INFO (CarpetX): Performance:
INFO (CarpetX):   total evolution time:            0.192141 sec
INFO (CarpetX):   total evolution compute time:    0.191946 sec
INFO (CarpetX):   total evolution output time:     0.000195026 sec
INFO (CarpetX):   total iterations:                9
INFO (CarpetX):   total cells updated:             36864
INFO (CarpetX):   average iterations per second: 46.8406
INFO (CarpetX):   average cell updates per second: 191859
INFO (CarpetX): OutputGH: iteration 10, time 0.039062, run time 1 s
INFO (CarpetX): OutputGH done.
INFO (CarpetX): Simulation time: 0.0390625   Iterations per second: 46.8779   Simulation time per second: 0.183117
INFO (CarpetX): Grid cells: 4096   Grid cell updates per second: 192012
INFO (CarpetX): Performance:
INFO (CarpetX):   total evolution time:            0.21332 sec
INFO (CarpetX):   total evolution compute time:    0.213102 sec
INFO (CarpetX):   total evolution output time:     0.000218153 sec
INFO (CarpetX):   total iterations:                10
INFO (CarpetX):   total cells updated:             40960
INFO (CarpetX):   average iterations per second: 46.8779
INFO (CarpetX):   average cell updates per second: 192012
INFO (CarpetX): OutputGH: iteration 11, time 0.042969, run time 1 s
INFO (CarpetX): OutputGH done.
INFO (CarpetX): Simulation time: 0.0429688   Iterations per second: 46.9563   Simulation time per second: 0.183423
INFO (CarpetX): Grid cells: 4096   Grid cell updates per second: 192333
INFO (CarpetX): Performance:
INFO (CarpetX):   total evolution time:            0.234296 sec
INFO (CarpetX):   total evolution compute time:    0.23406 sec
INFO (CarpetX):   total evolution output time:     0.000236273 sec
INFO (CarpetX):   total iterations:                11
INFO (CarpetX):   total cells updated:             45056
INFO (CarpetX):   average iterations per second: 46.9491
INFO (CarpetX):   average cell updates per second: 192304
INFO (CarpetX): OutputGH: iteration 12, time 0.046875, run time 1 s
INFO (CarpetX): OutputGH done.
INFO (CarpetX): Simulation time: 0.046875   Iterations per second: 47.0465   Simulation time per second: 0.183775
INFO (CarpetX): Grid cells: 4096   Grid cell updates per second: 192702
INFO (CarpetX): Performance:
INFO (CarpetX):   total evolution time:            0.255184 sec
INFO (CarpetX):   total evolution compute time:    0.254929 sec
INFO (CarpetX):   total evolution output time:     0.000255108 sec
INFO (CarpetX):   total iterations:                12
INFO (CarpetX):   total cells updated:             49152
INFO (CarpetX):   average iterations per second: 47.0249
INFO (CarpetX):   average cell updates per second: 192614
INFO (CarpetX): OutputGH: iteration 13, time 0.050781, run time 1 s
INFO (CarpetX): OutputGH done.
INFO (CarpetX): Simulation time: 0.0507812   Iterations per second: 47.112   Simulation time per second: 0.184031
INFO (CarpetX): Grid cells: 4096   Grid cell updates per second: 192971
INFO (CarpetX): Performance:
INFO (CarpetX):   total evolution time:            0.276144 sec
INFO (CarpetX):   total evolution compute time:    0.275865 sec
INFO (CarpetX):   total evolution output time:     0.000279188 sec
INFO (CarpetX):   total iterations:                13
INFO (CarpetX):   total cells updated:             53248
INFO (CarpetX):   average iterations per second: 47.0769
INFO (CarpetX):   average cell updates per second: 192827
INFO (CarpetX): OutputGH: iteration 14, time 0.054688, run time 1 s
INFO (CarpetX): OutputGH done.
INFO (CarpetX): Simulation time: 0.0546875   Iterations per second: 47.1476   Simulation time per second: 0.18417
INFO (CarpetX): Grid cells: 4096   Grid cell updates per second: 193116
INFO (CarpetX): Performance:
INFO (CarpetX):   total evolution time:            0.29721 sec
INFO (CarpetX):   total evolution compute time:    0.296908 sec
INFO (CarpetX):   total evolution output time:     0.000302076 sec
INFO (CarpetX):   total iterations:                14
INFO (CarpetX):   total cells updated:             57344
INFO (CarpetX):   average iterations per second: 47.1047
INFO (CarpetX):   average cell updates per second: 192941
INFO (CarpetX): OutputGH: iteration 15, time 0.058594, run time 1 s
INFO (CarpetX): OutputGH done.
INFO (CarpetX): Simulation time: 0.0585938   Iterations per second: 47.1758   Simulation time per second: 0.18428
INFO (CarpetX): Grid cells: 4096   Grid cell updates per second: 193232
INFO (CarpetX): Performance:
INFO (CarpetX):   total evolution time:            0.318293 sec
INFO (CarpetX):   total evolution compute time:    0.317964 sec
INFO (CarpetX):   total evolution output time:     0.000329018 sec
INFO (CarpetX):   total iterations:                15
INFO (CarpetX):   total cells updated:             61440
INFO (CarpetX):   average iterations per second: 47.1264
INFO (CarpetX):   average cell updates per second: 193030
INFO (CarpetX): OutputGH: iteration 16, time 0.062500, run time 1 s
INFO (CarpetX): OutputGH done.
INFO (CarpetX): Simulation time: 0.0625   Iterations per second: 47.1004   Simulation time per second: 0.183986
INFO (CarpetX): Grid cells: 4096   Grid cell updates per second: 192923
INFO (CarpetX): Performance:
INFO (CarpetX):   total evolution time:            0.33983 sec
INFO (CarpetX):   total evolution compute time:    0.339475 sec
INFO (CarpetX):   total evolution output time:     0.000355005 sec
INFO (CarpetX):   total iterations:                16
INFO (CarpetX):   total cells updated:             65536
INFO (CarpetX):   average iterations per second: 47.0824
INFO (CarpetX):   average cell updates per second: 192849
INFO (CarpetX): OutputGH: iteration 17, time 0.066406, run time 1 s
INFO (CarpetX): OutputGH done.
INFO (CarpetX): Simulation time: 0.0664062   Iterations per second: 47.1131   Simulation time per second: 0.184035
INFO (CarpetX): Grid cells: 4096   Grid cell updates per second: 192975
INFO (CarpetX): Performance:
INFO (CarpetX):   total evolution time:            0.361004 sec
INFO (CarpetX):   total evolution compute time:    0.360623 sec
INFO (CarpetX):   total evolution output time:     0.000380993 sec
INFO (CarpetX):   total iterations:                17
INFO (CarpetX):   total cells updated:             69632
INFO (CarpetX):   average iterations per second: 47.0909
INFO (CarpetX):   average cell updates per second: 192884
INFO (CarpetX): OutputGH: iteration 18, time 0.070312, run time 1 s
INFO (CarpetX): OutputGH done.
INFO (CarpetX): Simulation time: 0.0703125   Iterations per second: 47.1154   Simulation time per second: 0.184045
INFO (CarpetX): Grid cells: 4096   Grid cell updates per second: 192985
INFO (CarpetX): Performance:
INFO (CarpetX):   total evolution time:            0.382219 sec
INFO (CarpetX):   total evolution compute time:    0.381816 sec
INFO (CarpetX):   total evolution output time:     0.000403166 sec
INFO (CarpetX):   total iterations:                18
INFO (CarpetX):   total cells updated:             73728
INFO (CarpetX):   average iterations per second: 47.0934
INFO (CarpetX):   average cell updates per second: 192895
INFO (CarpetX): OutputGH: iteration 19, time 0.074219, run time 1 s
INFO (CarpetX): OutputGH done.
INFO (CarpetX): Simulation time: 0.0742188   Iterations per second: 47.1568   Simulation time per second: 0.184206
INFO (CarpetX): Grid cells: 4096   Grid cell updates per second: 193154
INFO (CarpetX): Performance:
INFO (CarpetX):   total evolution time:            0.403257 sec
INFO (CarpetX):   total evolution compute time:    0.402833 sec
INFO (CarpetX):   total evolution output time:     0.000424147 sec
INFO (CarpetX):   total iterations:                19
INFO (CarpetX):   total cells updated:             77824
INFO (CarpetX):   average iterations per second: 47.1164
INFO (CarpetX):   average cell updates per second: 192989
INFO (CarpetX): OutputGH: iteration 20, time 0.078125, run time 1 s
INFO (CarpetX): OutputGH done.
INFO (CarpetX): Simulation time: 0.078125   Iterations per second: 47.1706   Simulation time per second: 0.18426
INFO (CarpetX): Grid cells: 4096   Grid cell updates per second: 193211
INFO (CarpetX): Performance:
INFO (CarpetX):   total evolution time:            0.424401 sec
INFO (CarpetX):   total evolution compute time:    0.42395 sec
INFO (CarpetX):   total evolution output time:     0.000451088 sec
INFO (CarpetX):   total iterations:                20
INFO (CarpetX):   total cells updated:             81920
INFO (CarpetX):   average iterations per second: 47.1252
INFO (CarpetX):   average cell updates per second: 193025
INFO (CarpetX): OutputGH: iteration 21, time 0.082031, run time 1 s
INFO (CarpetX): OutputGH done.
INFO (CarpetX): Simulation time: 0.0820312   Iterations per second: 47.1952   Simulation time per second: 0.184356
INFO (CarpetX): Grid cells: 4096   Grid cell updates per second: 193311
INFO (CarpetX): Performance:
INFO (CarpetX):   total evolution time:            0.44549 sec
INFO (CarpetX):   total evolution compute time:    0.445017 sec
INFO (CarpetX):   total evolution output time:     0.000473022 sec
INFO (CarpetX):   total iterations:                21
INFO (CarpetX):   total cells updated:             86016
INFO (CarpetX):   average iterations per second: 47.1391
INFO (CarpetX):   average cell updates per second: 193082
INFO (CarpetX): OutputGH: iteration 22, time 0.085938, run time 1 s
INFO (CarpetX): OutputGH done.
INFO (CarpetX): Simulation time: 0.0859375   Iterations per second: 47.1878   Simulation time per second: 0.184327
INFO (CarpetX): Grid cells: 4096   Grid cell updates per second: 193281
INFO (CarpetX): Performance:
INFO (CarpetX):   total evolution time:            0.466712 sec
INFO (CarpetX):   total evolution compute time:    0.466209 sec
INFO (CarpetX):   total evolution output time:     0.000503063 sec
INFO (CarpetX):   total iterations:                22
INFO (CarpetX):   total cells updated:             90112
INFO (CarpetX):   average iterations per second: 47.1383
INFO (CarpetX):   average cell updates per second: 193078
INFO (CarpetX): OutputGH: iteration 23, time 0.089844, run time 1 s
INFO (CarpetX): OutputGH done.
INFO (CarpetX): Simulation time: 0.0898438   Iterations per second: 47.1444   Simulation time per second: 0.184158
INFO (CarpetX): Grid cells: 4096   Grid cell updates per second: 193103
INFO (CarpetX): Performance:
INFO (CarpetX):   total evolution time:            0.488099 sec
INFO (CarpetX):   total evolution compute time:    0.487572 sec
INFO (CarpetX):   total evolution output time:     0.000526905 sec
INFO (CarpetX):   total iterations:                23
INFO (CarpetX):   total cells updated:             94208
INFO (CarpetX):   average iterations per second: 47.1216
INFO (CarpetX):   average cell updates per second: 193010
INFO (CarpetX): OutputGH: iteration 24, time 0.093750, run time 1 s
INFO (CarpetX): OutputGH done.
INFO (CarpetX): Simulation time: 0.09375   Iterations per second: 47.1382   Simulation time per second: 0.184134
INFO (CarpetX): Grid cells: 4096   Grid cell updates per second: 193078
INFO (CarpetX): Performance:
INFO (CarpetX):   total evolution time:            0.509338 sec
INFO (CarpetX):   total evolution compute time:    0.508783 sec
INFO (CarpetX):   total evolution output time:     0.0005548 sec
INFO (CarpetX):   total iterations:                24
INFO (CarpetX):   total cells updated:             98304
INFO (CarpetX):   average iterations per second: 47.12
INFO (CarpetX):   average cell updates per second: 193003
INFO (CarpetX): OutputGH: iteration 25, time 0.097656, run time 1 s
INFO (CarpetX): OutputGH done.
INFO (CarpetX): Simulation time: 0.0976562   Iterations per second: 47.0812   Simulation time per second: 0.183911
INFO (CarpetX): Grid cells: 4096   Grid cell updates per second: 192845
INFO (CarpetX): Performance:
INFO (CarpetX):   total evolution time:            0.530809 sec
INFO (CarpetX):   total evolution compute time:    0.530226 sec
INFO (CarpetX):   total evolution output time:     0.000582695 sec
INFO (CarpetX):   total iterations:                25
INFO (CarpetX):   total cells updated:             102400
INFO (CarpetX):   average iterations per second: 47.0979
INFO (CarpetX):   average cell updates per second: 192913
INFO (CarpetX): OutputGH: iteration 26, time 0.101562, run time 1 s
INFO (CarpetX): OutputGH done.
INFO (CarpetX): Simulation time: 0.101562   Iterations per second: 47.0373   Simulation time per second: 0.18374
INFO (CarpetX): Grid cells: 4096   Grid cell updates per second: 192665
INFO (CarpetX): Performance:
INFO (CarpetX):   total evolution time:            0.552247 sec
INFO (CarpetX):   total evolution compute time:    0.551635 sec
INFO (CarpetX):   total evolution output time:     0.000612736 sec
INFO (CarpetX):   total iterations:                26
INFO (CarpetX):   total cells updated:             106496
INFO (CarpetX):   average iterations per second: 47.0804
INFO (CarpetX):   average cell updates per second: 192841
INFO (CarpetX): OutputGH: iteration 27, time 0.105469, run time 1 s
INFO (CarpetX): OutputGH done.
INFO (CarpetX): Simulation time: 0.105469   Iterations per second: 47.0446   Simulation time per second: 0.183768
INFO (CarpetX): Grid cells: 4096   Grid cell updates per second: 192695
INFO (CarpetX): Performance:
INFO (CarpetX):   total evolution time:            0.573474 sec
INFO (CarpetX):   total evolution compute time:    0.572836 sec
INFO (CarpetX):   total evolution output time:     0.00063777 sec
INFO (CarpetX):   total iterations:                27
INFO (CarpetX):   total cells updated:             110592
INFO (CarpetX):   average iterations per second: 47.0815
INFO (CarpetX):   average cell updates per second: 192846
INFO (CarpetX): OutputGH: iteration 28, time 0.109375, run time 1 s
INFO (CarpetX): OutputGH done.
INFO (CarpetX): Simulation time: 0.109375   Iterations per second: 47.081   Simulation time per second: 0.18391
INFO (CarpetX): Grid cells: 4096   Grid cell updates per second: 192844
INFO (CarpetX): Performance:
INFO (CarpetX):   total evolution time:            0.594566 sec
INFO (CarpetX):   total evolution compute time:    0.593903 sec
INFO (CarpetX):   total evolution output time:     0.000663757 sec
INFO (CarpetX):   total iterations:                28
INFO (CarpetX):   total cells updated:             114688
INFO (CarpetX):   average iterations per second: 47.0931
INFO (CarpetX):   average cell updates per second: 192894
INFO (CarpetX): OutputGH: iteration 29, time 0.113281, run time 1 s
INFO (CarpetX): OutputGH done.
INFO (CarpetX): Simulation time: 0.113281   Iterations per second: 47.1345   Simulation time per second: 0.184119
INFO (CarpetX): Grid cells: 4096   Grid cell updates per second: 193063
INFO (CarpetX): Performance:
INFO (CarpetX):   total evolution time:            0.615565 sec
INFO (CarpetX):   total evolution compute time:    0.614882 sec
INFO (CarpetX):   total evolution output time:     0.000683784 sec
INFO (CarpetX):   total iterations:                29
INFO (CarpetX):   total cells updated:             118784
INFO (CarpetX):   average iterations per second: 47.1112
INFO (CarpetX):   average cell updates per second: 192967
INFO (CarpetX): OutputGH: iteration 30, time 0.117188, run time 1 s
INFO (CarpetX): OutputGH done.
INFO (CarpetX): Simulation time: 0.117188   Iterations per second: 47.1785   Simulation time per second: 0.184291
INFO (CarpetX): Grid cells: 4096   Grid cell updates per second: 193243
INFO (CarpetX): Performance:
INFO (CarpetX):   total evolution time:            0.636583 sec
INFO (CarpetX):   total evolution compute time:    0.635881 sec
INFO (CarpetX):   total evolution output time:     0.00070262 sec
INFO (CarpetX):   total iterations:                30
INFO (CarpetX):   total cells updated:             122880
INFO (CarpetX):   average iterations per second: 47.1266
INFO (CarpetX):   average cell updates per second: 193031
INFO (CarpetX): OutputGH: iteration 31, time 0.121094, run time 1 s
INFO (CarpetX): OutputGH done.
INFO (CarpetX): Simulation time: 0.121094   Iterations per second: 47.2223   Simulation time per second: 0.184462
INFO (CarpetX): Grid cells: 4096   Grid cell updates per second: 193423
INFO (CarpetX): Performance:
INFO (CarpetX):   total evolution time:            0.657583 sec
INFO (CarpetX):   total evolution compute time:    0.656856 sec
INFO (CarpetX):   total evolution output time:     0.000726461 sec
INFO (CarpetX):   total iterations:                31
INFO (CarpetX):   total cells updated:             126976
INFO (CarpetX):   average iterations per second: 47.1424
INFO (CarpetX):   average cell updates per second: 193095
INFO (CarpetX): OutputGH: iteration 32, time 0.125000, run time 2 s
INFO (CarpetX): OutputGH done.
INFO (CarpetX): Simulation time: 0.125   Iterations per second: 47.2657   Simulation time per second: 0.184632
INFO (CarpetX): Grid cells: 4096   Grid cell updates per second: 193600
INFO (CarpetX): Performance:
INFO (CarpetX):   total evolution time:            0.678565 sec
INFO (CarpetX):   total evolution compute time:    0.677816 sec
INFO (CarpetX):   total evolution output time:     0.000748396 sec
INFO (CarpetX):   total iterations:                32
INFO (CarpetX):   total cells updated:             131072
INFO (CarpetX):   average iterations per second: 47.1584
INFO (CarpetX):   average cell updates per second: 193161
INFO (CarpetX): OutputGH: iteration 33, time 0.128906, run time 2 s
INFO (CarpetX): OutputGH done.
INFO (CarpetX): Simulation time: 0.128906   Iterations per second: 47.3239   Simulation time per second: 0.184859
INFO (CarpetX): Grid cells: 4096   Grid cell updates per second: 193839
INFO (CarpetX): Performance:
INFO (CarpetX):   total evolution time:            0.699461 sec
INFO (CarpetX):   total evolution compute time:    0.698697 sec
INFO (CarpetX):   total evolution output time:     0.00076437 sec
INFO (CarpetX):   total iterations:                33
INFO (CarpetX):   total cells updated:             135168
INFO (CarpetX):   average iterations per second: 47.1792
INFO (CarpetX):   average cell updates per second: 193246
INFO (CarpetX): OutputGH: iteration 34, time 0.132812, run time 2 s
INFO (CarpetX): OutputGH done.
INFO (CarpetX): Simulation time: 0.132812   Iterations per second: 47.3474   Simulation time per second: 0.184951
INFO (CarpetX): Grid cells: 4096   Grid cell updates per second: 193935
INFO (CarpetX): Performance:
INFO (CarpetX):   total evolution time:            0.720488 sec
INFO (CarpetX):   total evolution compute time:    0.719698 sec
INFO (CarpetX):   total evolution output time:     0.000789404 sec
INFO (CarpetX):   total iterations:                34
INFO (CarpetX):   total cells updated:             139264
INFO (CarpetX):   average iterations per second: 47.1903
INFO (CarpetX):   average cell updates per second: 193291
INFO (CarpetX): OutputGH: iteration 35, time 0.136719, run time 2 s
INFO (CarpetX): OutputGH done.
INFO (CarpetX): Simulation time: 0.136719   Iterations per second: 47.387   Simulation time per second: 0.185105
INFO (CarpetX): Grid cells: 4096   Grid cell updates per second: 194097
INFO (CarpetX): Performance:
INFO (CarpetX):   total evolution time:            0.741432 sec
INFO (CarpetX):   total evolution compute time:    0.740623 sec
INFO (CarpetX):   total evolution output time:     0.000808477 sec
INFO (CarpetX):   total iterations:                35
INFO (CarpetX):   total cells updated:             143360
INFO (CarpetX):   average iterations per second: 47.206
INFO (CarpetX):   average cell updates per second: 193356
INFO (CarpetX): OutputGH: iteration 36, time 0.140625, run time 2 s
INFO (CarpetX): OutputGH done.
INFO (CarpetX): Simulation time: 0.140625   Iterations per second: 47.4206   Simulation time per second: 0.185237
INFO (CarpetX): Grid cells: 4096   Grid cell updates per second: 194235
INFO (CarpetX): Performance:
INFO (CarpetX):   total evolution time:            0.762385 sec
INFO (CarpetX):   total evolution compute time:    0.761558 sec
INFO (CarpetX):   total evolution output time:     0.000827312 sec
INFO (CarpetX):   total iterations:                36
INFO (CarpetX):   total cells updated:             147456
INFO (CarpetX):   average iterations per second: 47.2202
INFO (CarpetX):   average cell updates per second: 193414
INFO (CarpetX): OutputGH: iteration 37, time 0.144531, run time 2 s
INFO (CarpetX): OutputGH done.
INFO (CarpetX): Simulation time: 0.144531   Iterations per second: 47.4514   Simulation time per second: 0.185357
INFO (CarpetX): Grid cells: 4096   Grid cell updates per second: 194361
INFO (CarpetX): Performance:
INFO (CarpetX):   total evolution time:            0.783336 sec
INFO (CarpetX):   total evolution compute time:    0.782492 sec
INFO (CarpetX):   total evolution output time:     0.00084424 sec
INFO (CarpetX):   total iterations:                37
INFO (CarpetX):   total cells updated:             151552
INFO (CarpetX):   average iterations per second: 47.2339
INFO (CarpetX):   average cell updates per second: 193470
INFO (CarpetX): OutputGH: iteration 38, time 0.148438, run time 2 s
INFO (CarpetX): OutputGH done.
INFO (CarpetX): Simulation time: 0.148438   Iterations per second: 47.4645   Simulation time per second: 0.185408
INFO (CarpetX): Grid cells: 4096   Grid cell updates per second: 194415
INFO (CarpetX): Performance:
INFO (CarpetX):   total evolution time:            0.804352 sec
INFO (CarpetX):   total evolution compute time:    0.803484 sec
INFO (CarpetX):   total evolution output time:     0.000867367 sec
INFO (CarpetX):   total iterations:                38
INFO (CarpetX):   total cells updated:             155648
INFO (CarpetX):   average iterations per second: 47.243
INFO (CarpetX):   average cell updates per second: 193507
INFO (CarpetX): OutputGH: iteration 39, time 0.152344, run time 2 s
INFO (CarpetX): OutputGH done.
INFO (CarpetX): Simulation time: 0.152344   Iterations per second: 47.4817   Simulation time per second: 0.185475
INFO (CarpetX): Grid cells: 4096   Grid cell updates per second: 194485
INFO (CarpetX): Performance:
INFO (CarpetX):   total evolution time:            0.825344 sec
INFO (CarpetX):   total evolution compute time:    0.824455 sec
INFO (CarpetX):   total evolution output time:     0.000889301 sec
INFO (CarpetX):   total iterations:                39
INFO (CarpetX):   total cells updated:             159744
INFO (CarpetX):   average iterations per second: 47.253
INFO (CarpetX):   average cell updates per second: 193548
INFO (CarpetX): OutputGH: iteration 40, time 0.156250, run time 2 s
INFO (CarpetX): OutputGH done.
INFO (CarpetX): Simulation time: 0.15625   Iterations per second: 47.5313   Simulation time per second: 0.185669
INFO (CarpetX): Grid cells: 4096   Grid cell updates per second: 194688
INFO (CarpetX): Performance:
INFO (CarpetX):   total evolution time:            0.846185 sec
INFO (CarpetX):   total evolution compute time:    0.845279 sec
INFO (CarpetX):   total evolution output time:     0.000906229 sec
INFO (CarpetX):   total iterations:                40
INFO (CarpetX):   total cells updated:             163840
INFO (CarpetX):   average iterations per second: 47.271
INFO (CarpetX):   average cell updates per second: 193622
INFO (CarpetX): OutputGH: iteration 41, time 0.160156, run time 2 s
INFO (CarpetX): OutputGH done.
INFO (CarpetX): Simulation time: 0.160156   Iterations per second: 47.5706   Simulation time per second: 0.185823
INFO (CarpetX): Grid cells: 4096   Grid cell updates per second: 194849
INFO (CarpetX): Performance:
INFO (CarpetX):   total evolution time:            0.86705 sec
INFO (CarpetX):   total evolution compute time:    0.866125 sec
INFO (CarpetX):   total evolution output time:     0.000925064 sec
INFO (CarpetX):   total iterations:                41
INFO (CarpetX):   total cells updated:             167936
INFO (CarpetX):   average iterations per second: 47.2868
INFO (CarpetX):   average cell updates per second: 193687
INFO (CarpetX): OutputGH: iteration 42, time 0.164062, run time 2 s
INFO (CarpetX): OutputGH done.
INFO (CarpetX): Simulation time: 0.164062   Iterations per second: 47.6001   Simulation time per second: 0.185938
INFO (CarpetX): Grid cells: 4096   Grid cell updates per second: 194970
INFO (CarpetX): Performance:
INFO (CarpetX):   total evolution time:            0.887941 sec
INFO (CarpetX):   total evolution compute time:    0.886997 sec
INFO (CarpetX):   total evolution output time:     0.000943899 sec
INFO (CarpetX):   total iterations:                42
INFO (CarpetX):   total cells updated:             172032
INFO (CarpetX):   average iterations per second: 47.3004
INFO (CarpetX):   average cell updates per second: 193743
INFO (CarpetX): OutputGH: iteration 43, time 0.167969, run time 2 s
INFO (CarpetX): OutputGH done.
INFO (CarpetX): Simulation time: 0.167969   Iterations per second: 47.6451   Simulation time per second: 0.186114
INFO (CarpetX): Grid cells: 4096   Grid cell updates per second: 195154
INFO (CarpetX): Performance:
INFO (CarpetX):   total evolution time:            0.908751 sec
INFO (CarpetX):   total evolution compute time:    0.907791 sec
INFO (CarpetX):   total evolution output time:     0.000959873 sec
INFO (CarpetX):   total iterations:                43
INFO (CarpetX):   total cells updated:             176128
INFO (CarpetX):   average iterations per second: 47.3177
INFO (CarpetX):   average cell updates per second: 193813
INFO (CarpetX): OutputGH: iteration 44, time 0.171875, run time 2 s
INFO (CarpetX): OutputGH done.
INFO (CarpetX): Simulation time: 0.171875   Iterations per second: 47.6294   Simulation time per second: 0.186052
INFO (CarpetX): Grid cells: 4096   Grid cell updates per second: 195090
INFO (CarpetX): Performance:
INFO (CarpetX):   total evolution time:            0.929809 sec
INFO (CarpetX):   total evolution compute time:    0.928821 sec
INFO (CarpetX):   total evolution output time:     0.000988007 sec
INFO (CarpetX):   total iterations:                44
INFO (CarpetX):   total cells updated:             180224
INFO (CarpetX):   average iterations per second: 47.3216
INFO (CarpetX):   average cell updates per second: 193829
INFO (CarpetX): OutputGH: iteration 45, time 0.175781, run time 2 s
INFO (CarpetX): OutputGH done.
INFO (CarpetX): Simulation time: 0.175781   Iterations per second: 47.556   Simulation time per second: 0.185766
INFO (CarpetX): Grid cells: 4096   Grid cell updates per second: 194790
INFO (CarpetX): Performance:
INFO (CarpetX):   total evolution time:            0.951128 sec
INFO (CarpetX):   total evolution compute time:    0.950112 sec
INFO (CarpetX):   total evolution output time:     0.0010159 sec
INFO (CarpetX):   total iterations:                45
INFO (CarpetX):   total cells updated:             184320
INFO (CarpetX):   average iterations per second: 47.3122
INFO (CarpetX):   average cell updates per second: 193791
INFO (CarpetX): OutputGH: iteration 46, time 0.179688, run time 2 s
INFO (CarpetX): OutputGH done.
INFO (CarpetX): Simulation time: 0.179688   Iterations per second: 47.5506   Simulation time per second: 0.185745
INFO (CarpetX): Grid cells: 4096   Grid cell updates per second: 194767
INFO (CarpetX): Performance:
INFO (CarpetX):   total evolution time:            0.97218 sec
INFO (CarpetX):   total evolution compute time:    0.971143 sec
INFO (CarpetX):   total evolution output time:     0.00103688 sec
INFO (CarpetX):   total iterations:                46
INFO (CarpetX):   total cells updated:             188416
INFO (CarpetX):   average iterations per second: 47.3163
INFO (CarpetX):   average cell updates per second: 193808
INFO (CarpetX): OutputGH: iteration 47, time 0.183594, run time 2 s
INFO (CarpetX): OutputGH done.
INFO (CarpetX): Simulation time: 0.183594   Iterations per second: 47.5511   Simulation time per second: 0.185746
INFO (CarpetX): Grid cells: 4096   Grid cell updates per second: 194769
INFO (CarpetX): Performance:
INFO (CarpetX):   total evolution time:            0.993208 sec
INFO (CarpetX):   total evolution compute time:    0.99215 sec
INFO (CarpetX):   total evolution output time:     0.00105786 sec
INFO (CarpetX):   total iterations:                47
INFO (CarpetX):   total cells updated:             192512
INFO (CarpetX):   average iterations per second: 47.3214
INFO (CarpetX):   average cell updates per second: 193828
INFO (CarpetX): OutputGH: iteration 48, time 0.187500, run time 2 s
INFO (CarpetX): OutputGH done.
INFO (CarpetX): Simulation time: 0.1875   Iterations per second: 47.5341   Simulation time per second: 0.18568
INFO (CarpetX): Grid cells: 4096   Grid cell updates per second: 194700
INFO (CarpetX): Performance:
INFO (CarpetX):   total evolution time:            1.01431 sec
INFO (CarpetX):   total evolution compute time:    1.01324 sec
INFO (CarpetX):   total evolution output time:     0.00107789 sec
INFO (CarpetX):   total iterations:                48
INFO (CarpetX):   total cells updated:             196608
INFO (CarpetX):   average iterations per second: 47.3227
INFO (CarpetX):   average cell updates per second: 193834
INFO (CarpetX): OutputGH: iteration 49, time 0.191406, run time 2 s
INFO (CarpetX): OutputGH done.
INFO (CarpetX): Simulation time: 0.191406   Iterations per second: 47.5458   Simulation time per second: 0.185726
INFO (CarpetX): Grid cells: 4096   Grid cell updates per second: 194748
INFO (CarpetX): Performance:
INFO (CarpetX):   total evolution time:            1.0353 sec
INFO (CarpetX):   total evolution compute time:    1.0342 sec
INFO (CarpetX):   total evolution output time:     0.00109792 sec
INFO (CarpetX):   total iterations:                49
INFO (CarpetX):   total cells updated:             200704
INFO (CarpetX):   average iterations per second: 47.3293
INFO (CarpetX):   average cell updates per second: 193861
INFO (CarpetX): OutputGH: iteration 50, time 0.195312, run time 2 s
INFO (CarpetX): OutputGH done.
INFO (CarpetX): Simulation time: 0.195312   Iterations per second: 47.5739   Simulation time per second: 0.185836
INFO (CarpetX): Grid cells: 4096   Grid cell updates per second: 194863
INFO (CarpetX): Performance:
INFO (CarpetX):   total evolution time:            1.05621 sec
INFO (CarpetX):   total evolution compute time:    1.05509 sec
INFO (CarpetX):   total evolution output time:     0.00111794 sec
INFO (CarpetX):   total iterations:                50
INFO (CarpetX):   total cells updated:             204800
INFO (CarpetX):   average iterations per second: 47.3392
INFO (CarpetX):   average cell updates per second: 193901
INFO (CarpetX): OutputGH: iteration 51, time 0.199219, run time 2 s
INFO (CarpetX): OutputGH done.
INFO (CarpetX): Simulation time: 0.199219   Iterations per second: 47.5809   Simulation time per second: 0.185863
INFO (CarpetX): Grid cells: 4096   Grid cell updates per second: 194891
INFO (CarpetX): Performance:
INFO (CarpetX):   total evolution time:            1.0772 sec
INFO (CarpetX):   total evolution compute time:    1.07606 sec
INFO (CarpetX):   total evolution output time:     0.00113583 sec
INFO (CarpetX):   total iterations:                51
INFO (CarpetX):   total cells updated:             208896
INFO (CarpetX):   average iterations per second: 47.3451
INFO (CarpetX):   average cell updates per second: 193926
INFO (CarpetX): OutputGH: iteration 52, time 0.203125, run time 2 s
INFO (CarpetX): OutputGH done.
INFO (CarpetX): Simulation time: 0.203125   Iterations per second: 47.6069   Simulation time per second: 0.185965
INFO (CarpetX): Grid cells: 4096   Grid cell updates per second: 194998
INFO (CarpetX): Performance:
INFO (CarpetX):   total evolution time:            1.0981 sec
INFO (CarpetX):   total evolution compute time:    1.09695 sec
INFO (CarpetX):   total evolution output time:     0.00115085 sec
INFO (CarpetX):   total iterations:                52
INFO (CarpetX):   total cells updated:             212992
INFO (CarpetX):   average iterations per second: 47.3546
INFO (CarpetX):   average cell updates per second: 193965
INFO (CarpetX): OutputGH: iteration 53, time 0.207031, run time 2 s
INFO (CarpetX): OutputGH done.
INFO (CarpetX): Simulation time: 0.207031   Iterations per second: 47.566   Simulation time per second: 0.185805
INFO (CarpetX): Grid cells: 4096   Grid cell updates per second: 194830
INFO (CarpetX): Performance:
INFO (CarpetX):   total evolution time:            1.11928 sec
INFO (CarpetX):   total evolution compute time:    1.1181 sec
INFO (CarpetX):   total evolution output time:     0.0011797 sec
INFO (CarpetX):   total iterations:                53
INFO (CarpetX):   total cells updated:             217088
INFO (CarpetX):   average iterations per second: 47.3517
INFO (CarpetX):   average cell updates per second: 193953
INFO (CarpetX): OutputGH: iteration 54, time 0.210938, run time 2 s
INFO (CarpetX): OutputGH done.
INFO (CarpetX): Simulation time: 0.210938   Iterations per second: 47.553   Simulation time per second: 0.185754
INFO (CarpetX): Grid cells: 4096   Grid cell updates per second: 194777
INFO (CarpetX): Performance:
INFO (CarpetX):   total evolution time:            1.14036 sec
INFO (CarpetX):   total evolution compute time:    1.13916 sec
INFO (CarpetX):   total evolution output time:     0.00120282 sec
INFO (CarpetX):   total iterations:                54
INFO (CarpetX):   total cells updated:             221184
INFO (CarpetX):   average iterations per second: 47.3533
INFO (CarpetX):   average cell updates per second: 193959
INFO (CarpetX): OutputGH: iteration 55, time 0.214844, run time 2 s
INFO (CarpetX): OutputGH done.
INFO (CarpetX): Simulation time: 0.214844   Iterations per second: 47.525   Simulation time per second: 0.185644
INFO (CarpetX): Grid cells: 4096   Grid cell updates per second: 194662
INFO (CarpetX): Performance:
INFO (CarpetX):   total evolution time:            1.16152 sec
INFO (CarpetX):   total evolution compute time:    1.16029 sec
INFO (CarpetX):   total evolution output time:     0.00123191 sec
INFO (CarpetX):   total iterations:                55
INFO (CarpetX):   total cells updated:             225280
INFO (CarpetX):   average iterations per second: 47.3518
INFO (CarpetX):   average cell updates per second: 193953
INFO (CarpetX): OutputGH: iteration 56, time 0.218750, run time 2 s
INFO (CarpetX): OutputGH done.
INFO (CarpetX): Simulation time: 0.21875   Iterations per second: 47.5029   Simulation time per second: 0.185558
INFO (CarpetX): Grid cells: 4096   Grid cell updates per second: 194572
INFO (CarpetX): Performance:
INFO (CarpetX):   total evolution time:            1.18266 sec
INFO (CarpetX):   total evolution compute time:    1.1814 sec
INFO (CarpetX):   total evolution output time:     0.00125575 sec
INFO (CarpetX):   total iterations:                56
INFO (CarpetX):   total cells updated:             229376
INFO (CarpetX):   average iterations per second: 47.351
INFO (CarpetX):   average cell updates per second: 193950
INFO (CarpetX): OutputGH: iteration 57, time 0.222656, run time 2 s
INFO (CarpetX): OutputGH done.
INFO (CarpetX): Simulation time: 0.222656   Iterations per second: 47.505   Simulation time per second: 0.185566
INFO (CarpetX): Grid cells: 4096   Grid cell updates per second: 194581
INFO (CarpetX): Performance:
INFO (CarpetX):   total evolution time:            1.2037 sec
INFO (CarpetX):   total evolution compute time:    1.20242 sec
INFO (CarpetX):   total evolution output time:     0.00127769 sec
INFO (CarpetX):   total iterations:                57
INFO (CarpetX):   total cells updated:             233472
INFO (CarpetX):   average iterations per second: 47.354
INFO (CarpetX):   average cell updates per second: 193962
INFO (CarpetX): OutputGH: iteration 58, time 0.226562, run time 2 s
INFO (CarpetX): OutputGH done.
INFO (CarpetX): Simulation time: 0.226562   Iterations per second: 47.4911   Simulation time per second: 0.185512
INFO (CarpetX): Grid cells: 4096   Grid cell updates per second: 194524
INFO (CarpetX): Performance:
INFO (CarpetX):   total evolution time:            1.22481 sec
INFO (CarpetX):   total evolution compute time:    1.22351 sec
INFO (CarpetX):   total evolution output time:     0.00129771 sec
INFO (CarpetX):   total iterations:                58
INFO (CarpetX):   total cells updated:             237568
INFO (CarpetX):   average iterations per second: 47.3542
INFO (CarpetX):   average cell updates per second: 193963
INFO (CarpetX): OutputGH: iteration 59, time 0.230469, run time 2 s
INFO (CarpetX): OutputGH done.
INFO (CarpetX): Simulation time: 0.230469   Iterations per second: 47.5161   Simulation time per second: 0.18561
INFO (CarpetX): Grid cells: 4096   Grid cell updates per second: 194626
INFO (CarpetX): Performance:
INFO (CarpetX):   total evolution time:            1.24576 sec
INFO (CarpetX):   total evolution compute time:    1.24444 sec
INFO (CarpetX):   total evolution output time:     0.00131965 sec
INFO (CarpetX):   total iterations:                59
INFO (CarpetX):   total cells updated:             241664
INFO (CarpetX):   average iterations per second: 47.3607
INFO (CarpetX):   average cell updates per second: 193990
INFO (CarpetX): OutputGH: iteration 60, time 0.234375, run time 2 s
INFO (CarpetX): OutputGH done.
INFO (CarpetX): Simulation time: 0.234375   Iterations per second: 47.4846   Simulation time per second: 0.185487
INFO (CarpetX): Grid cells: 4096   Grid cell updates per second: 194497
INFO (CarpetX): Performance:
INFO (CarpetX):   total evolution time:            1.26694 sec
INFO (CarpetX):   total evolution compute time:    1.2656 sec
INFO (CarpetX):   total evolution output time:     0.00134659 sec
INFO (CarpetX):   total iterations:                60
INFO (CarpetX):   total cells updated:             245760
INFO (CarpetX):   average iterations per second: 47.3581
INFO (CarpetX):   average cell updates per second: 193979
INFO (CarpetX): OutputGH: iteration 61, time 0.238281, run time 2 s
INFO (CarpetX): OutputGH done.
INFO (CarpetX): Simulation time: 0.238281   Iterations per second: 47.5111   Simulation time per second: 0.18559
INFO (CarpetX): Grid cells: 4096   Grid cell updates per second: 194605
INFO (CarpetX): Performance:
INFO (CarpetX):   total evolution time:            1.28788 sec
INFO (CarpetX):   total evolution compute time:    1.28652 sec
INFO (CarpetX):   total evolution output time:     0.00136757 sec
INFO (CarpetX):   total iterations:                61
INFO (CarpetX):   total cells updated:             249856
INFO (CarpetX):   average iterations per second: 47.3645
INFO (CarpetX):   average cell updates per second: 194005
INFO (CarpetX): OutputGH: iteration 62, time 0.242188, run time 2 s
INFO (CarpetX): OutputGH done.
INFO (CarpetX): Simulation time: 0.242188   Iterations per second: 47.5223   Simulation time per second: 0.185634
INFO (CarpetX): Grid cells: 4096   Grid cell updates per second: 194651
INFO (CarpetX): Performance:
INFO (CarpetX):   total evolution time:            1.30888 sec
INFO (CarpetX):   total evolution compute time:    1.3075 sec
INFO (CarpetX):   total evolution output time:     0.00138545 sec
INFO (CarpetX):   total iterations:                62
INFO (CarpetX):   total cells updated:             253952
INFO (CarpetX):   average iterations per second: 47.3687
INFO (CarpetX):   average cell updates per second: 194022
INFO (CarpetX): OutputGH: iteration 63, time 0.246094, run time 2 s
INFO (CarpetX): OutputGH done.
INFO (CarpetX): Simulation time: 0.246094   Iterations per second: 47.5439   Simulation time per second: 0.185719
INFO (CarpetX): Grid cells: 4096   Grid cell updates per second: 194740
INFO (CarpetX): Performance:
INFO (CarpetX):   total evolution time:            1.32983 sec
INFO (CarpetX):   total evolution compute time:    1.32843 sec
INFO (CarpetX):   total evolution output time:     0.00140262 sec
INFO (CarpetX):   total iterations:                63
INFO (CarpetX):   total cells updated:             258048
INFO (CarpetX):   average iterations per second: 47.3745
INFO (CarpetX):   average cell updates per second: 194046
INFO (CarpetX): OutputGH: iteration 64, time 0.250000, run time 2 s
INFO (CarpetX): OutputGH done.
INFO (CarpetX): Simulation time: 0.25   Iterations per second: 19.5997   Simulation time per second: 0.0765615
INFO (CarpetX): Grid cells: 4096   Grid cell updates per second: 80280.6
INFO (CarpetX): Performance:
INFO (CarpetX):   total evolution time:            1.65074 sec
INFO (CarpetX):   total evolution compute time:    1.35166 sec
INFO (CarpetX):   total evolution output time:     0.29908 sec
INFO (CarpetX):   total iterations:                64
INFO (CarpetX):   total cells updated:             262144
INFO (CarpetX):   average iterations per second: 38.7705
INFO (CarpetX):   average cell updates per second: 158804
INFO (CarpetX): Shutting down...
AMReX (25.11) finalized
--------------------------------------------------------------------------------
Done.
+ echo Stopping:
Stopping:
+ date
Mon Sep 28 21:56:18 UTC 2026
+ echo Done.
Done.
  Elapsed time: 2.6 s
