/home/runner/simulations/TestJob01_temp_2/output-0000/TEST/sim/CanudaX_BSSNMoL
Preparing:
+ set -e
+ cd output-0000-active
+ echo Checking:
Checking:
+ pwd
/home/runner/simulations/TestJob01_temp_2/output-0000/TEST/sim/CanudaX_BSSNMoL/output-0000-active
+ hostname
runnervm5mmn9
+ date
Sat Jul 11 00:51:19 UTC 2026
+ echo Environment:
Environment:
+ export CACTUS_NUM_PROCS=2
+ CACTUS_NUM_PROCS=2
+ export CACTUS_NUM_THREADS=1
+ CACTUS_NUM_THREADS=1
+ export GMON_OUT_PREFIX=gmon.out
+ GMON_OUT_PREFIX=gmon.out
+ export OMP_NUM_THREADS=1
+ OMP_NUM_THREADS=1
+ env
+ sort
+ echo Starting:
Starting:
++ date +%s
+ export CACTUS_STARTTIME=1783731079
+ CACTUS_STARTTIME=1783731079
+ '[' 2 = 1 ']'
+ mpirun -np 2 /home/runner/simulations/TestJob01_temp_2/SIMFACTORY/exe/cactus_sim -L 3 /home/runner/simulations/TestJob01_temp_2/output-0000/arrangements/CanudaX/CanudaX_BSSNMoL/test/gaugewave.par
INFO (Cactus): Increased logging level from 0 to 3
--------------------------------------------------------------------------------

       10                                  
  1   0101       ************************  
  01  1010 10      The Cactus Code V4.20.0    
 1010 1101 011      www.cactuscode.org     
  1001 100101    ************************  
    00010101                               
     100011     (c) Copyright The Authors  
      0100      GNU Licensed. No Warranty  
      0101                                 
--------------------------------------------------------------------------------

Cactus version:    4.20.0
Compile date:      Jul 11 2026 (00:28:41)
Run date:          Jul 11 2026 (00:51:20+0000)
Run host:          runnervm5mmn9.k5jrcnfhihfe3jezjgdm4pckqf.phxx.internal.cloudapp.net (pid=176558)
Working directory: /home/runner/simulations/TestJob01_temp_2/output-0000/TEST/sim/CanudaX_BSSNMoL
Executable:        /home/runner/simulations/TestJob01_temp_2/SIMFACTORY/exe/cactus_sim
Parameter file:    /home/runner/simulations/TestJob01_temp_2/output-0000/arrangements/CanudaX/CanudaX_BSSNMoL/test/gaugewave.par
--------------------------------------------------------------------------------

Activating thorn Cactus...Success -> active implementation Cactus
Activation requested for 
--->ADMBaseX CanudaX_BSSNMoL CanudaX_ExactID CarpetX IOUtil ODESolvers TmunuBaseX<---
Thorn ADMBaseX requests automatic activation of Loop
Thorn CarpetX requests automatic activation of AMReX
Thorn CarpetX requests automatic activation of MPI
Thorn CarpetX requests automatic activation of yaml_cpp
Thorn CarpetX requests automatic activation of zlib
Thorn CarpetX requests automatic activation of Arith
Thorn CarpetX requests automatic activation of CarpetXRegrid
Thorn CarpetX requests automatic activation of ADIOS2
Thorn CarpetX requests automatic activation of openPMD
Thorn CarpetX requests automatic activation of Silo
Thorn ADIOS2 requests automatic activation of CMake
Thorn Arith requests automatic activation of NSIMD
Thorn MPI requests automatic activation of hwloc
Thorn openPMD requests automatic activation of HDF5
Activating thorn ADIOS2...Success -> active implementation ADIOS2
Activating thorn ADMBaseX...Success -> active implementation ADMBaseX
Activating thorn AMReX...Success -> active implementation AMReX
Activating thorn Arith...Success -> active implementation Arith
Activating thorn CanudaX_BSSNMoL...Success -> active implementation CanudaX_BSSNMoL
Activating thorn CanudaX_ExactID...Success -> active implementation CanudaX_ExactID
Activating thorn CarpetX...Success -> active implementation Driver
Activating thorn CarpetXRegrid...Success -> active implementation CarpetXRegrid
Activating thorn CMake...Success -> active implementation CMake
Activating thorn HDF5...Success -> active implementation HDF5
Activating thorn hwloc...Success -> active implementation hwloc
Activating thorn IOUtil...Success -> active implementation IO
Activating thorn Loop...Success -> active implementation Loop
Activating thorn MPI...Success -> active implementation MPI
Activating thorn NSIMD...Success -> active implementation NSIMD
Activating thorn ODESolvers...Success -> active implementation ODESolvers
Activating thorn openPMD...Success -> active implementation openPMD
Activating thorn Silo...Success -> active implementation Silo
Activating thorn TmunuBaseX...Success -> active implementation TmunuBaseX
Activating thorn yaml_cpp...Success -> active implementation yaml_cpp
Activating thorn zlib...Success -> active implementation zlib
--------------------------------------------------------------------------------
  if (recover initial data)
    Recover parameters
  endif

  Startup routines
    [CCTK_STARTUP]
      CarpetX::Driver_Startup: Start up the driver
      IOUtil::IOUtil_Startup: Startup routine
      GROUP hwloc_startup: hwloc startup group
        hwloc::hwloc_version: Output hwloc version

  Startup routines which need an existing grid hierarchy
    [CCTK_WRAGH]
      Arith::Test_smallvector: [meta] Test small vectors
      Arith::Test_spvect: [meta] Test sparse vectors
      ODESolvers::ODESolvers_InitConstants: [global] Set up dummy loop counters for schedule printout
  Parameter checking routines
    [CCTK_PARAMCHECK]
      CanudaX_BSSNMoL::CanudaX_BSSNMoL_paramcheck: Check CanudaX_BSSNMoL parameters for consistency

  Initialisation
    if (NOT (recover initial data AND recovery_mode is 'strict'))
      [CCTK_PREREGRIDINITIAL]
      Set up grid hierarchy
      [CCTK_POSTREGRIDINITIAL]
      [CCTK_BASEGRID]
        CarpetXRegrid::CarpetXRegrid_InitError: Initialize regridding error to zero
        GROUP ODESolvers_BaseGrid: Set up constants (e.g. coordinates) everywhere on the grid
      [CCTK_INITIAL]
        GROUP TmunuBaseX_SetTmunuVars: Schedule group for setting T_munu
          TmunuBaseX::TmunuBaseX_ZeroTmunu: Set T_munu to zero
          GROUP TmunuBaseX_AddToTmunu: Add to T_munu here
        GROUP ODESolvers_Initial: Set up initial conditions on interior of state vector
          GROUP ADMBaseX_InitialData: Schedule group for calculating ADM initial data
            GROUP CanudaX_ExactIDGroup: CanudaX_ExactID group for setting up initial data
              CanudaX_ExactID::CanudaX_ExactID_GaugeWave: [local] Create gauge wave initial data
          GROUP ADMBaseX_InitialGauge: Schedule group for the ADM initial gauge condition
            ADMBaseX::ADMBaseX_initial_dtlapse: Set dtlapse to zero
            ADMBaseX::ADMBaseX_initial_dtshift: Set dtshift to zero
          GROUP ADMBaseX_PostInitial: Schedule group for modifying the ADM initial data, such as e.g. adding noise
        GROUP CanudaX_BSSNMoL_InitialGroup: CanudaX_BSSNMoL: initial bin
          CanudaX_BSSNMoL::CanudaX_BSSNMoL_adm2bssn: [local] Convert initial data into BSSN variables
          CanudaX_BSSNMoL::CanudaX_BSSNMoL_gammat: [local] Set Gammat initial data
      [CCTK_POSTINITIAL]
        GROUP ODESolvers_PostStep: Apply boundary conditions to state vector, and project if necessary
          GROUP CanudaX_BSSNMoL_PostStepGroup: CanudaX_BSSNMoL: post-step operations
            CanudaX_BSSNMoL::CanudaX_BSSNMoL_impose_conf_fac_floor: Make sure conformal factor does not drop below specified value
            CanudaX_BSSNMoL::CanudaX_BSSNMoL_reset_detmetric: reset dethh = 1
            CanudaX_BSSNMoL::CanudaX_BSSNMoL_remove_trA: Remove trace of A
            CanudaX_BSSNMoL::CanudaX_BSSNMoL_sync: [global] Sync state vector
            CanudaX_BSSNMoL::CanudaX_BSSNMoL_bssn2adm: [local] Convert variables back to the ADM ones
          GROUP ADMBaseX_SetADMRHS: Set ADM RHS variables in this group
          GROUP ADMBaseX_SetADMVars: Set ADM variables in this group
          GROUP TmunuBaseX_SetTmunuVars: Schedule group for setting T_munu
            TmunuBaseX::TmunuBaseX_ZeroTmunu: Set T_munu to zero
            GROUP TmunuBaseX_AddToTmunu: Add to T_munu here
        GROUP ODESolvers_EstimateError: Estimate discretization error (for regridding)
      Initialise finer grids recursively
      Restrict from finer grids
      [CCTK_POSTRESTRICTINITIAL]
      [CCTK_POSTPOSTINITIAL]
      [CCTK_POSTSTEP]
        GROUP ODESolvers_EstimateError: Estimate discretization error (for regridding)
    endif
    if (recover initial data)
      [CCTK_BASEGRID]
        CarpetXRegrid::CarpetXRegrid_InitError: Initialize regridding error to zero
        GROUP ODESolvers_BaseGrid: Set up constants (e.g. coordinates) everywhere on the grid
      [CCTK_RECOVER_VARIABLES]
      [CCTK_POST_RECOVER_VARIABLES]
        GROUP ODESolvers_PostStep: Apply boundary conditions to state vector, and project if necessary
          GROUP CanudaX_BSSNMoL_PostStepGroup: CanudaX_BSSNMoL: post-step operations
            CanudaX_BSSNMoL::CanudaX_BSSNMoL_impose_conf_fac_floor: Make sure conformal factor does not drop below specified value
            CanudaX_BSSNMoL::CanudaX_BSSNMoL_reset_detmetric: reset dethh = 1
            CanudaX_BSSNMoL::CanudaX_BSSNMoL_remove_trA: Remove trace of A
            CanudaX_BSSNMoL::CanudaX_BSSNMoL_sync: [global] Sync state vector
            CanudaX_BSSNMoL::CanudaX_BSSNMoL_bssn2adm: [local] Convert variables back to the ADM ones
          GROUP ADMBaseX_SetADMRHS: Set ADM RHS variables in this group
          GROUP ADMBaseX_SetADMVars: Set ADM variables in this group
          GROUP TmunuBaseX_SetTmunuVars: Schedule group for setting T_munu
            TmunuBaseX::TmunuBaseX_ZeroTmunu: Set T_munu to zero
            GROUP TmunuBaseX_AddToTmunu: Add to T_munu here
        GROUP ODESolvers_EstimateError: Estimate discretization error (for regridding)
    endif
    if (checkpoint initial data)
      [CCTK_CPINITIAL]
        CarpetX::CarpetX_CheckpointInitial: [meta] Checkpoint initial conditions
    endif
    if (analysis)
      [CCTK_ANALYSIS]
        CanudaX_BSSNMoL::CanudaX_BSSNMoL_bssn_constraints: Compute constraints
        GROUP ODESolvers_Analysis: Calculate analysis quantities everywhere
  endif
  Output grid variables

  do loop over timesteps
    [CCTK_PREREGRID]
    Change grid hierarchy
    [CCTK_POSTREGRID]
      GROUP ODESolvers_PostStep: Apply boundary conditions to state vector, and project if necessary
        GROUP CanudaX_BSSNMoL_PostStepGroup: CanudaX_BSSNMoL: post-step operations
          CanudaX_BSSNMoL::CanudaX_BSSNMoL_impose_conf_fac_floor: Make sure conformal factor does not drop below specified value
          CanudaX_BSSNMoL::CanudaX_BSSNMoL_reset_detmetric: reset dethh = 1
          CanudaX_BSSNMoL::CanudaX_BSSNMoL_remove_trA: Remove trace of A
          CanudaX_BSSNMoL::CanudaX_BSSNMoL_sync: [global] Sync state vector
          CanudaX_BSSNMoL::CanudaX_BSSNMoL_bssn2adm: [local] Convert variables back to the ADM ones
        GROUP ADMBaseX_SetADMRHS: Set ADM RHS variables in this group
        GROUP ADMBaseX_SetADMVars: Set ADM variables in this group
        GROUP TmunuBaseX_SetTmunuVars: Schedule group for setting T_munu
          TmunuBaseX::TmunuBaseX_ZeroTmunu: Set T_munu to zero
          GROUP TmunuBaseX_AddToTmunu: Add to T_munu here
    Rotate timelevels
    iteration = iteration+1
    t = t+dt
    [CCTK_PRESTEP]
    [CCTK_EVOL]
      ODESolvers::ODESolvers_Solve: [level] Solve ODEs
      while (ODESolvers::do_substeps)
        GROUP ODESolvers_CalledBySolve: Groups internally scheduled by ODESolvers_Solve
          GROUP ODESolvers_RHS: Evaluate the RHS for of state vector everywhere on the grid
            GROUP CanudaX_BSSNMoL_RHSGroup: CanudaX_BSSNMoL: calculate BSSN RHS
              CanudaX_BSSNMoL::CanudaX_BSSNMoL_calc_bssn_rhs: MoL RHS calculation
              CanudaX_BSSNMoL::CanudaX_BSSNMoL_apply_boundary_conditions: Apply radiative boundary conditions 
          GROUP ODESolvers_PostStep: Apply boundary conditions to state vector, and project if necessary
            GROUP CanudaX_BSSNMoL_PostStepGroup: CanudaX_BSSNMoL: post-step operations
              CanudaX_BSSNMoL::CanudaX_BSSNMoL_impose_conf_fac_floor: Make sure conformal factor does not drop below specified value
              CanudaX_BSSNMoL::CanudaX_BSSNMoL_reset_detmetric: reset dethh = 1
              CanudaX_BSSNMoL::CanudaX_BSSNMoL_remove_trA: Remove trace of A
              CanudaX_BSSNMoL::CanudaX_BSSNMoL_sync: [global] Sync state vector
              CanudaX_BSSNMoL::CanudaX_BSSNMoL_bssn2adm: [local] Convert variables back to the ADM ones
            GROUP ADMBaseX_SetADMRHS: Set ADM RHS variables in this group
            GROUP ADMBaseX_SetADMVars: Set ADM variables in this group
            GROUP TmunuBaseX_SetTmunuVars: Schedule group for setting T_munu
              TmunuBaseX::TmunuBaseX_ZeroTmunu: Set T_munu to zero
              GROUP TmunuBaseX_AddToTmunu: Add to T_munu here
      end while
    Evolve finer grids recursively
    Restrict from finer grids
    [CCTK_POSTRESTRICT]
      GROUP ODESolvers_PostStep: Apply boundary conditions to state vector, and project if necessary
        GROUP CanudaX_BSSNMoL_PostStepGroup: CanudaX_BSSNMoL: post-step operations
          CanudaX_BSSNMoL::CanudaX_BSSNMoL_impose_conf_fac_floor: Make sure conformal factor does not drop below specified value
          CanudaX_BSSNMoL::CanudaX_BSSNMoL_reset_detmetric: reset dethh = 1
          CanudaX_BSSNMoL::CanudaX_BSSNMoL_remove_trA: Remove trace of A
          CanudaX_BSSNMoL::CanudaX_BSSNMoL_sync: [global] Sync state vector
          CanudaX_BSSNMoL::CanudaX_BSSNMoL_bssn2adm: [local] Convert variables back to the ADM ones
        GROUP ADMBaseX_SetADMRHS: Set ADM RHS variables in this group
        GROUP ADMBaseX_SetADMVars: Set ADM variables in this group
        GROUP TmunuBaseX_SetTmunuVars: Schedule group for setting T_munu
          TmunuBaseX::TmunuBaseX_ZeroTmunu: Set T_munu to zero
          GROUP TmunuBaseX_AddToTmunu: Add to T_munu here
    [CCTK_POSTSTEP]
      GROUP ODESolvers_EstimateError: Estimate discretization error (for regridding)
    if (checkpoint)
      [CCTK_CHECKPOINT]
      CarpetX::CarpetX_Checkpoint: [meta] Checkpoint
    endif
    if (analysis)
      [CCTK_ANALYSIS]
      CanudaX_BSSNMoL::CanudaX_BSSNMoL_bssn_constraints: Compute constraints
      GROUP ODESolvers_Analysis: Calculate analysis quantities everywhere
    endif
    Output grid variables
    enddo

  Termination routines
    [CCTK_TERMINATE]
      CarpetX::CarpetX_CheckpointTerminate: [meta] Checkpoint before terminating

  Shutdown routines
    [CCTK_SHUTDOWN]
      CarpetX::Driver_Shutdown: [meta] Shut down the driver

  Routines run after changing the grid hierarchy:
    [CCTK_POSTREGRID]
      GROUP ODESolvers_PostStep: Apply boundary conditions to state vector, and project if necessary
        GROUP CanudaX_BSSNMoL_PostStepGroup: CanudaX_BSSNMoL: post-step operations
          CanudaX_BSSNMoL::CanudaX_BSSNMoL_impose_conf_fac_floor: Make sure conformal factor does not drop below specified value
          CanudaX_BSSNMoL::CanudaX_BSSNMoL_reset_detmetric: reset dethh = 1
          CanudaX_BSSNMoL::CanudaX_BSSNMoL_remove_trA: Remove trace of A
          CanudaX_BSSNMoL::CanudaX_BSSNMoL_sync: [global] Sync state vector
          CanudaX_BSSNMoL::CanudaX_BSSNMoL_bssn2adm: [local] Convert variables back to the ADM ones
        GROUP ADMBaseX_SetADMRHS: Set ADM RHS variables in this group
        GROUP ADMBaseX_SetADMVars: Set ADM variables in this group
        GROUP TmunuBaseX_SetTmunuVars: Schedule group for setting T_munu
          TmunuBaseX::TmunuBaseX_ZeroTmunu: Set T_munu to zero
          GROUP TmunuBaseX_AddToTmunu: Add to T_munu here
--------------------------------------------------------------------------------
INFO (hwloc): library version 2.10.0, API version 0x20800
--------------------------------------------------------------------------------

  [34m  ▕▏  [34m  ▕▏  [34m  ▕▏  [34m  ▕▏  [34m  ▕▏  [34m  ▕▏  [34m  ▕▏  [34m  ▕▏  [34m  ▕▏  [39m  
  [34m──██──[34m──██──[34m──██──[34m──██──[34m──██──[34m──██──[34m──██──[34m──██──[34m──██──[39m  
  [34m  ▕▏  [34m  ▕▏  [34m  ▕▏  [34m  ▕▏  [34m  ▕▏  [34m  ▕▏  [34m  ▕▏  [34m  ▕▏  [34m  ▕▏  [39m  
  [34m  ▕▏  [32m██████[34m  ▕▏  [34m  ▕▏  [32m██████[34m  ▕▏  [34m  ▕▏  [32m██████[34m  ▕▏  [39m  
  [34m──██──[32m██████[34m──██──[34m──██──[32m██████[34m──██──[34m──██──[32m██████[34m──██──[39m  
  [34m  ▕▏  [32m██████[34m  ▕▏  [34m  ▕▏  [32m██████[34m  ▕▏  [34m  ▕▏  [32m██████[34m  ▕▏  [39m  
  [34m  ▕▏  [34m  ▕▏  [34m  ▕▏  [34m  ▕▏  [34m  ▕▏  [34m  ▕▏  [34m  ▕▏  [34m  ▕▏  [34m  ▕▏  [39m  
  [34m──██──[34m──██──[34m──██──[34m──██──[34m──██──[34m──██──[34m──██──[34m──██──[34m──██──[39m  
  [34m  ▕▏  [34m  ▕▏  [34m  ▕▏  [34m  ▕▏  [34m  ▕▏  [34m  ▕▏  [34m  ▕▏  [34m  ▕▏  [34m  ▕▏  [39m  
  [34m  ▕▏  [34m  ▕▏  [34m  ▕▏  [31m██████[31m██████[31m██████[34m  ▕▏  [34m  ▕▏  [34m  ▕▏  [39m  
  [34m──██──[34m──██──[34m──██──[31m██████[31m██████[31m██████[34m──██──[34m──██──[34m──██──[39m  
  [34m  ▕▏  [34m  ▕▏  [34m  ▕▏  [31m██████[31m██████[31m██████[34m  ▕▏  [34m  ▕▏  [34m  ▕▏  [39m  
  [34m  ▕▏  [32m██████[34m  ▕▏  [31m██████[31m██████[31m██████[34m  ▕▏  [32m██████[34m  ▕▏  [39m  
  [34m──██──[32m██████[34m──██──[31m██████[31m██████[31m██████[34m──██──[32m██████[34m──██──[39m  
  [34m  ▕▏  [32m██████[34m  ▕▏  [31m██████[31m██████[31m██████[34m  ▕▏  [32m██████[34m  ▕▏  [39m  
  [34m  ▕▏  [34m  ▕▏  [34m  ▕▏  [31m██████[31m██████[31m██████[34m  ▕▏  [34m  ▕▏  [34m  ▕▏  [39m  
  [34m──██──[34m──██──[34m──██──[31m██████[31m██████[31m██████[34m──██──[34m──██──[34m──██──[39m  
  [34m  ▕▏  [34m  ▕▏  [34m  ▕▏  [31m██████[31m██████[31m██████[34m  ▕▏  [34m  ▕▏  [34m  ▕▏  [39m  
  [34m  ▕▏  [34m  ▕▏  [34m  ▕▏  [34m  ▕▏  [34m  ▕▏  [34m  ▕▏  [34m  ▕▏  [34m  ▕▏  [34m  ▕▏  [39m  
  [34m──██──[34m──██──[34m──██──[34m──██──[34m──██──[34m──██──[34m──██──[34m──██──[34m──██──[39m  
  [34m  ▕▏  [34m  ▕▏  [34m  ▕▏  [34m  ▕▏  [34m  ▕▏  [34m  ▕▏  [34m  ▕▏  [34m  ▕▏  [34m  ▕▏  [39m  
  [34m  ▕▏  [32m██████[34m  ▕▏  [34m  ▕▏  [32m██████[34m  ▕▏  [34m  ▕▏  [32m██████[34m  ▕▏  [39m  
  [34m──██──[32m██████[34m──██──[34m──██──[32m██████[34m──██──[34m──██──[32m██████[34m──██──[39m  
  [34m  ▕▏  [32m██████[34m  ▕▏  [34m  ▕▏  [32m██████[34m  ▕▏  [34m  ▕▏  [32m██████[34m  ▕▏  [39m  
  [34m  ▕▏  [34m  ▕▏  [34m  ▕▏  [34m  ▕▏  [34m  ▕▏  [34m  ▕▏  [34m  ▕▏  [34m  ▕▏  [34m  ▕▏  [39m  
  [34m──██──[34m──██──[34m──██──[34m──██──[34m──██──[34m──██──[34m──██──[34m──██──[34m──██──[39m  
  [34m  ▕▏  [34m  ▕▏  [34m  ▕▏  [34m  ▕▏  [34m  ▕▏  [34m  ▕▏  [34m  ▕▏  [34m  ▕▏  [34m  ▕▏  [39m  

AMR driver provided by CarpetX,
using AMReX 25.11 (MPI, OpenMP, no accelerators, debug)
--------------------------------------------------------------------------------

Initializing AMReX (25.11)...
MPI initialized with 2 MPI processes
MPI initialized with thread support level 2
OMP initialized with 1 OMP threads
AMReX (25.11) initialized
INFO (CarpetX): 
Symmetries:
  lower x: periodic
  lower y: periodic
  lower z: periodic
  upper x: periodic
  upper y: periodic
  upper z: periodic
Default boundaries:
  lower x: symmetry_boundary
  lower y: symmetry_boundary
  lower z: symmetry_boundary
  upper x: symmetry_boundary
  upper y: symmetry_boundary
  upper z: symmetry_boundary
INFO (Arith): Test_smallvector
INFO (Arith): Test_spvect
INFO (CarpetX): Setting initial values for max_grid_size values for all levels
INFO (CarpetX): Setting up initial conditions...
INFO (CarpetX): Iteration: 0   time: 0   delta_time: 0.00390625
INFO (CarpetX): Patch 0:
INFO (CarpetX):   Grid extent:
INFO (CarpetX):     gsh=[71,15,15]
INFO (CarpetX):     blocking_factor=[8,8,8]
INFO (CarpetX):     max_grid_size=[10000000,10000000,10000000]
INFO (CarpetX):     max_tile_size=[1024000,16,32]
INFO (CarpetX):   Domain extent:
INFO (CarpetX):     xmin=[-0.5,-0.0625,-0.0625]
INFO (CarpetX):     xmax=[0.5,0.0625,0.0625]
INFO (CarpetX):     base dx=[0.015625,0.015625,0.015625]
INFO (CarpetX): Initializing level 0...
INFO (CanudaX_ExactID): Begin Gauge Wave initial data
INFO (CanudaX_ExactID): === End gauge wave initial data ===
INFO (CarpetX): Regridding...
INFO (CarpetX):   level 0: 2 boxes, 4096 cells (100%)
INFO (CarpetX): Initialized 1 levels
INFO (CarpetX): OutputGH: iteration 0, time 0.000000, run time 1 s
INFO (CarpetX): OutputGH done.
INFO (CarpetX): Starting evolution...
INFO (ODESolvers): ODE integrator is RK4
INFO (CarpetX): OutputGH: iteration 1, time 0.003906, run time 2 s
INFO (CarpetX): OutputGH done.
INFO (CarpetX): Simulation time: 0.00390625   Iterations per second: 32.8926   Simulation time per second: 0.128487
INFO (CarpetX): Grid cells: 4096   Grid cell updates per second: 134728
INFO (CarpetX): Performance:
INFO (CarpetX):   total evolution time:            0.0304019 sec
INFO (CarpetX):   total evolution compute time:    0.0303731 sec
INFO (CarpetX):   total evolution output time:     2.88486e-05 sec
INFO (CarpetX):   total iterations:                1
INFO (CarpetX):   total cells updated:             4096
INFO (CarpetX):   average iterations per second: 32.8926
INFO (CarpetX):   average cell updates per second: 134728
INFO (CarpetX): OutputGH: iteration 2, time 0.007812, run time 2 s
INFO (CarpetX): OutputGH done.
INFO (CarpetX): Simulation time: 0.0078125   Iterations per second: 34.2015   Simulation time per second: 0.1336
INFO (CarpetX): Grid cells: 4096   Grid cell updates per second: 140089
INFO (CarpetX): Performance:
INFO (CarpetX):   total evolution time:            0.0584769 sec
INFO (CarpetX):   total evolution compute time:    0.058418 sec
INFO (CarpetX):   total evolution output time:     5.88894e-05 sec
INFO (CarpetX):   total iterations:                2
INFO (CarpetX):   total cells updated:             8192
INFO (CarpetX):   average iterations per second: 34.2015
INFO (CarpetX):   average cell updates per second: 140089
INFO (CarpetX): OutputGH: iteration 3, time 0.011719, run time 2 s
INFO (CarpetX): OutputGH done.
INFO (CarpetX): Simulation time: 0.0117188   Iterations per second: 34.6649   Simulation time per second: 0.13541
INFO (CarpetX): Grid cells: 4096   Grid cell updates per second: 141987
INFO (CarpetX): Performance:
INFO (CarpetX):   total evolution time:            0.0865428 sec
INFO (CarpetX):   total evolution compute time:    0.0864549 sec
INFO (CarpetX):   total evolution output time:     8.79765e-05 sec
INFO (CarpetX):   total iterations:                3
INFO (CarpetX):   total cells updated:             12288
INFO (CarpetX):   average iterations per second: 34.6649
INFO (CarpetX):   average cell updates per second: 141987
INFO (CarpetX): OutputGH: iteration 4, time 0.015625, run time 2 s
INFO (CarpetX): OutputGH done.
INFO (CarpetX): Simulation time: 0.015625   Iterations per second: 34.9245   Simulation time per second: 0.136424
INFO (CarpetX): Grid cells: 4096   Grid cell updates per second: 143051
INFO (CarpetX): Performance:
INFO (CarpetX):   total evolution time:            0.114533 sec
INFO (CarpetX):   total evolution compute time:    0.114414 sec
INFO (CarpetX):   total evolution output time:     0.000118971 sec
INFO (CarpetX):   total iterations:                4
INFO (CarpetX):   total cells updated:             16384
INFO (CarpetX):   average iterations per second: 34.9245
INFO (CarpetX):   average cell updates per second: 143051
INFO (CarpetX): OutputGH: iteration 5, time 0.019531, run time 2 s
INFO (CarpetX): OutputGH done.
INFO (CarpetX): Simulation time: 0.0195312   Iterations per second: 35.0806   Simulation time per second: 0.137034
INFO (CarpetX): Grid cells: 4096   Grid cell updates per second: 143690
INFO (CarpetX): Performance:
INFO (CarpetX):   total evolution time:            0.142529 sec
INFO (CarpetX):   total evolution compute time:    0.142381 sec
INFO (CarpetX):   total evolution output time:     0.000148058 sec
INFO (CarpetX):   total iterations:                5
INFO (CarpetX):   total cells updated:             20480
INFO (CarpetX):   average iterations per second: 35.0806
INFO (CarpetX):   average cell updates per second: 143690
INFO (CarpetX): OutputGH: iteration 6, time 0.023438, run time 2 s
INFO (CarpetX): OutputGH done.
INFO (CarpetX): Simulation time: 0.0234375   Iterations per second: 35.1903   Simulation time per second: 0.137462
INFO (CarpetX): Grid cells: 4096   Grid cell updates per second: 144139
INFO (CarpetX): Performance:
INFO (CarpetX):   total evolution time:            0.170502 sec
INFO (CarpetX):   total evolution compute time:    0.170323 sec
INFO (CarpetX):   total evolution output time:     0.000179052 sec
INFO (CarpetX):   total iterations:                6
INFO (CarpetX):   total cells updated:             24576
INFO (CarpetX):   average iterations per second: 35.1903
INFO (CarpetX):   average cell updates per second: 144139
INFO (CarpetX): OutputGH: iteration 7, time 0.027344, run time 2 s
INFO (CarpetX): OutputGH done.
INFO (CarpetX): Simulation time: 0.0273438   Iterations per second: 35.2734   Simulation time per second: 0.137787
INFO (CarpetX): Grid cells: 4096   Grid cell updates per second: 144480
INFO (CarpetX): Performance:
INFO (CarpetX):   total evolution time:            0.19845 sec
INFO (CarpetX):   total evolution compute time:    0.198242 sec
INFO (CarpetX):   total evolution output time:     0.000207186 sec
INFO (CarpetX):   total iterations:                7
INFO (CarpetX):   total cells updated:             28672
INFO (CarpetX):   average iterations per second: 35.2734
INFO (CarpetX):   average cell updates per second: 144480
INFO (CarpetX): OutputGH: iteration 8, time 0.031250, run time 2 s
INFO (CarpetX): OutputGH done.
INFO (CarpetX): Simulation time: 0.03125   Iterations per second: 35.3256   Simulation time per second: 0.137991
INFO (CarpetX): Grid cells: 4096   Grid cell updates per second: 144694
INFO (CarpetX): Performance:
INFO (CarpetX):   total evolution time:            0.226465 sec
INFO (CarpetX):   total evolution compute time:    0.226226 sec
INFO (CarpetX):   total evolution output time:     0.000239134 sec
INFO (CarpetX):   total iterations:                8
INFO (CarpetX):   total cells updated:             32768
INFO (CarpetX):   average iterations per second: 35.3256
INFO (CarpetX):   average cell updates per second: 144694
INFO (CarpetX): OutputGH: iteration 9, time 0.035156, run time 2 s
INFO (CarpetX): OutputGH done.
INFO (CarpetX): Simulation time: 0.0351562   Iterations per second: 35.3479   Simulation time per second: 0.138078
INFO (CarpetX): Grid cells: 4096   Grid cell updates per second: 144785
INFO (CarpetX): Performance:
INFO (CarpetX):   total evolution time:            0.254612 sec
INFO (CarpetX):   total evolution compute time:    0.254343 sec
INFO (CarpetX):   total evolution output time:     0.000268936 sec
INFO (CarpetX):   total iterations:                9
INFO (CarpetX):   total cells updated:             36864
INFO (CarpetX):   average iterations per second: 35.3479
INFO (CarpetX):   average cell updates per second: 144785
INFO (CarpetX): OutputGH: iteration 10, time 0.039062, run time 2 s
INFO (CarpetX): OutputGH done.
INFO (CarpetX): Simulation time: 0.0390625   Iterations per second: 35.3911   Simulation time per second: 0.138247
INFO (CarpetX): Grid cells: 4096   Grid cell updates per second: 144962
INFO (CarpetX): Performance:
INFO (CarpetX):   total evolution time:            0.282557 sec
INFO (CarpetX):   total evolution compute time:    0.28226 sec
INFO (CarpetX):   total evolution output time:     0.000296831 sec
INFO (CarpetX):   total iterations:                10
INFO (CarpetX):   total cells updated:             40960
INFO (CarpetX):   average iterations per second: 35.3911
INFO (CarpetX):   average cell updates per second: 144962
INFO (CarpetX): OutputGH: iteration 11, time 0.042969, run time 2 s
INFO (CarpetX): OutputGH done.
INFO (CarpetX): Simulation time: 0.0429688   Iterations per second: 35.3962   Simulation time per second: 0.138266
INFO (CarpetX): Grid cells: 4096   Grid cell updates per second: 144983
INFO (CarpetX): Performance:
INFO (CarpetX):   total evolution time:            0.310772 sec
INFO (CarpetX):   total evolution compute time:    0.310445 sec
INFO (CarpetX):   total evolution output time:     0.000326872 sec
INFO (CarpetX):   total iterations:                11
INFO (CarpetX):   total cells updated:             45056
INFO (CarpetX):   average iterations per second: 35.3958
INFO (CarpetX):   average cell updates per second: 144981
INFO (CarpetX): OutputGH: iteration 12, time 0.046875, run time 2 s
INFO (CarpetX): OutputGH done.
INFO (CarpetX): Simulation time: 0.046875   Iterations per second: 35.4299   Simulation time per second: 0.138398
INFO (CarpetX): Grid cells: 4096   Grid cell updates per second: 145121
INFO (CarpetX): Performance:
INFO (CarpetX):   total evolution time:            0.338755 sec
INFO (CarpetX):   total evolution compute time:    0.338401 sec
INFO (CarpetX):   total evolution output time:     0.000353813 sec
INFO (CarpetX):   total iterations:                12
INFO (CarpetX):   total cells updated:             49152
INFO (CarpetX):   average iterations per second: 35.4238
INFO (CarpetX):   average cell updates per second: 145096
INFO (CarpetX): OutputGH: iteration 13, time 0.050781, run time 2 s
INFO (CarpetX): OutputGH done.
INFO (CarpetX): Simulation time: 0.0507812   Iterations per second: 35.4463   Simulation time per second: 0.138462
INFO (CarpetX): Grid cells: 4096   Grid cell updates per second: 145188
INFO (CarpetX): Performance:
INFO (CarpetX):   total evolution time:            0.366849 sec
INFO (CarpetX):   total evolution compute time:    0.366466 sec
INFO (CarpetX):   total evolution output time:     0.0003829 sec
INFO (CarpetX):   total iterations:                13
INFO (CarpetX):   total cells updated:             53248
INFO (CarpetX):   average iterations per second: 35.4369
INFO (CarpetX):   average cell updates per second: 145150
INFO (CarpetX): OutputGH: iteration 14, time 0.054688, run time 2 s
INFO (CarpetX): OutputGH done.
INFO (CarpetX): Simulation time: 0.0546875   Iterations per second: 35.472   Simulation time per second: 0.138563
INFO (CarpetX): Grid cells: 4096   Grid cell updates per second: 145293
INFO (CarpetX): Performance:
INFO (CarpetX):   total evolution time:            0.394856 sec
INFO (CarpetX):   total evolution compute time:    0.394445 sec
INFO (CarpetX):   total evolution output time:     0.000411034 sec
INFO (CarpetX):   total iterations:                14
INFO (CarpetX):   total cells updated:             57344
INFO (CarpetX):   average iterations per second: 35.456
INFO (CarpetX):   average cell updates per second: 145228
INFO (CarpetX): OutputGH: iteration 15, time 0.058594, run time 2 s
INFO (CarpetX): OutputGH done.
INFO (CarpetX): Simulation time: 0.0585938   Iterations per second: 35.4771   Simulation time per second: 0.138582
INFO (CarpetX): Grid cells: 4096   Grid cell updates per second: 145314
INFO (CarpetX): Performance:
INFO (CarpetX):   total evolution time:            0.423007 sec
INFO (CarpetX):   total evolution compute time:    0.422567 sec
INFO (CarpetX):   total evolution output time:     0.000439882 sec
INFO (CarpetX):   total iterations:                15
INFO (CarpetX):   total cells updated:             61440
INFO (CarpetX):   average iterations per second: 35.4604
INFO (CarpetX):   average cell updates per second: 145246
INFO (CarpetX): OutputGH: iteration 16, time 0.062500, run time 2 s
INFO (CarpetX): OutputGH done.
INFO (CarpetX): Simulation time: 0.0625   Iterations per second: 35.4921   Simulation time per second: 0.138641
INFO (CarpetX): Grid cells: 4096   Grid cell updates per second: 145376
INFO (CarpetX): Performance:
INFO (CarpetX):   total evolution time:            0.451075 sec
INFO (CarpetX):   total evolution compute time:    0.450606 sec
INFO (CarpetX):   total evolution output time:     0.000468731 sec
INFO (CarpetX):   total iterations:                16
INFO (CarpetX):   total cells updated:             65536
INFO (CarpetX):   average iterations per second: 35.4708
INFO (CarpetX):   average cell updates per second: 145288
INFO (CarpetX): OutputGH: iteration 17, time 0.066406, run time 2 s
INFO (CarpetX): OutputGH done.
INFO (CarpetX): Simulation time: 0.0664062   Iterations per second: 35.4782   Simulation time per second: 0.138587
INFO (CarpetX): Grid cells: 4096   Grid cell updates per second: 145319
INFO (CarpetX): Performance:
INFO (CarpetX):   total evolution time:            0.479361 sec
INFO (CarpetX):   total evolution compute time:    0.478863 sec
INFO (CarpetX):   total evolution output time:     0.00049758 sec
INFO (CarpetX):   total iterations:                17
INFO (CarpetX):   total cells updated:             69632
INFO (CarpetX):   average iterations per second: 35.4639
INFO (CarpetX):   average cell updates per second: 145260
INFO (CarpetX): OutputGH: iteration 18, time 0.070312, run time 2 s
INFO (CarpetX): OutputGH done.
INFO (CarpetX): Simulation time: 0.0703125   Iterations per second: 35.4867   Simulation time per second: 0.13862
INFO (CarpetX): Grid cells: 4096   Grid cell updates per second: 145353
INFO (CarpetX): Performance:
INFO (CarpetX):   total evolution time:            0.50748 sec
INFO (CarpetX):   total evolution compute time:    0.506951 sec
INFO (CarpetX):   total evolution output time:     0.000528574 sec
INFO (CarpetX):   total iterations:                18
INFO (CarpetX):   total cells updated:             73728
INFO (CarpetX):   average iterations per second: 35.4694
INFO (CarpetX):   average cell updates per second: 145283
INFO (CarpetX): OutputGH: iteration 19, time 0.074219, run time 2 s
INFO (CarpetX): OutputGH done.
INFO (CarpetX): Simulation time: 0.0742188   Iterations per second: 35.5396   Simulation time per second: 0.138826
INFO (CarpetX): Grid cells: 4096   Grid cell updates per second: 145570
INFO (CarpetX): Performance:
INFO (CarpetX):   total evolution time:            0.53524 sec
INFO (CarpetX):   total evolution compute time:    0.534686 sec
INFO (CarpetX):   total evolution output time:     0.000553608 sec
INFO (CarpetX):   total iterations:                19
INFO (CarpetX):   total cells updated:             77824
INFO (CarpetX):   average iterations per second: 35.4981
INFO (CarpetX):   average cell updates per second: 145400
INFO (CarpetX): OutputGH: iteration 20, time 0.078125, run time 2 s
INFO (CarpetX): OutputGH done.
INFO (CarpetX): Simulation time: 0.078125   Iterations per second: 35.6005   Simulation time per second: 0.139064
INFO (CarpetX): Grid cells: 4096   Grid cell updates per second: 145820
INFO (CarpetX): Performance:
INFO (CarpetX):   total evolution time:            0.562896 sec
INFO (CarpetX):   total evolution compute time:    0.562318 sec
INFO (CarpetX):   total evolution output time:     0.000578403 sec
INFO (CarpetX):   total iterations:                20
INFO (CarpetX):   total cells updated:             81920
INFO (CarpetX):   average iterations per second: 35.5305
INFO (CarpetX):   average cell updates per second: 145533
INFO (CarpetX): OutputGH: iteration 21, time 0.082031, run time 2 s
INFO (CarpetX): OutputGH done.
INFO (CarpetX): Simulation time: 0.0820312   Iterations per second: 35.6675   Simulation time per second: 0.139326
INFO (CarpetX): Grid cells: 4096   Grid cell updates per second: 146094
INFO (CarpetX): Performance:
INFO (CarpetX):   total evolution time:            0.590458 sec
INFO (CarpetX):   total evolution compute time:    0.589855 sec
INFO (CarpetX):   total evolution output time:     0.000603437 sec
INFO (CarpetX):   total iterations:                21
INFO (CarpetX):   total cells updated:             86016
INFO (CarpetX):   average iterations per second: 35.5656
INFO (CarpetX):   average cell updates per second: 145677
INFO (CarpetX): OutputGH: iteration 22, time 0.085938, run time 2 s
INFO (CarpetX): OutputGH done.
INFO (CarpetX): Simulation time: 0.0859375   Iterations per second: 35.6886   Simulation time per second: 0.139408
INFO (CarpetX): Grid cells: 4096   Grid cell updates per second: 146180
INFO (CarpetX): Performance:
INFO (CarpetX):   total evolution time:            0.618329 sec
INFO (CarpetX):   total evolution compute time:    0.617695 sec
INFO (CarpetX):   total evolution output time:     0.000634432 sec
INFO (CarpetX):   total iterations:                22
INFO (CarpetX):   total cells updated:             90112
INFO (CarpetX):   average iterations per second: 35.5798
INFO (CarpetX):   average cell updates per second: 145735
INFO (CarpetX): OutputGH: iteration 23, time 0.089844, run time 2 s
INFO (CarpetX): OutputGH done.
INFO (CarpetX): Simulation time: 0.0898438   Iterations per second: 35.6849   Simulation time per second: 0.139394
INFO (CarpetX): Grid cells: 4096   Grid cell updates per second: 146165
INFO (CarpetX): Performance:
INFO (CarpetX):   total evolution time:            0.646378 sec
INFO (CarpetX):   total evolution compute time:    0.645712 sec
INFO (CarpetX):   total evolution output time:     0.00066638 sec
INFO (CarpetX):   total iterations:                23
INFO (CarpetX):   total cells updated:             94208
INFO (CarpetX):   average iterations per second: 35.5829
INFO (CarpetX):   average cell updates per second: 145748
INFO (CarpetX): OutputGH: iteration 24, time 0.093750, run time 2 s
INFO (CarpetX): OutputGH done.
INFO (CarpetX): Simulation time: 0.09375   Iterations per second: 35.6408   Simulation time per second: 0.139222
INFO (CarpetX): Grid cells: 4096   Grid cell updates per second: 145985
INFO (CarpetX): Performance:
INFO (CarpetX):   total evolution time:            0.674748 sec
INFO (CarpetX):   total evolution compute time:    0.674049 sec
INFO (CarpetX):   total evolution output time:     0.000698566 sec
INFO (CarpetX):   total iterations:                24
INFO (CarpetX):   total cells updated:             98304
INFO (CarpetX):   average iterations per second: 35.5688
INFO (CarpetX):   average cell updates per second: 145690
INFO (CarpetX): OutputGH: iteration 25, time 0.097656, run time 2 s
INFO (CarpetX): OutputGH done.
INFO (CarpetX): Simulation time: 0.0976562   Iterations per second: 35.6309   Simulation time per second: 0.139183
INFO (CarpetX): Grid cells: 4096   Grid cell updates per second: 145944
INFO (CarpetX): Performance:
INFO (CarpetX):   total evolution time:            0.702884 sec
INFO (CarpetX):   total evolution compute time:    0.702154 sec
INFO (CarpetX):   total evolution output time:     0.000729561 sec
INFO (CarpetX):   total iterations:                25
INFO (CarpetX):   total cells updated:             102400
INFO (CarpetX):   average iterations per second: 35.5677
INFO (CarpetX):   average cell updates per second: 145685
INFO (CarpetX): OutputGH: iteration 26, time 0.101562, run time 2 s
INFO (CarpetX): OutputGH done.
INFO (CarpetX): Simulation time: 0.101562   Iterations per second: 35.6247   Simulation time per second: 0.139159
INFO (CarpetX): Grid cells: 4096   Grid cell updates per second: 145919
INFO (CarpetX): Performance:
INFO (CarpetX):   total evolution time:            0.730998 sec
INFO (CarpetX):   total evolution compute time:    0.730237 sec
INFO (CarpetX):   total evolution output time:     0.000760555 sec
INFO (CarpetX):   total iterations:                26
INFO (CarpetX):   total cells updated:             106496
INFO (CarpetX):   average iterations per second: 35.5678
INFO (CarpetX):   average cell updates per second: 145686
INFO (CarpetX): OutputGH: iteration 27, time 0.105469, run time 2 s
INFO (CarpetX): OutputGH done.
INFO (CarpetX): Simulation time: 0.105469   Iterations per second: 35.6359   Simulation time per second: 0.139203
INFO (CarpetX): Grid cells: 4096   Grid cell updates per second: 145965
INFO (CarpetX): Performance:
INFO (CarpetX):   total evolution time:            0.75898 sec
INFO (CarpetX):   total evolution compute time:    0.75819 sec
INFO (CarpetX):   total evolution output time:     0.000790358 sec
INFO (CarpetX):   total iterations:                27
INFO (CarpetX):   total cells updated:             110592
INFO (CarpetX):   average iterations per second: 35.5741
INFO (CarpetX):   average cell updates per second: 145711
INFO (CarpetX): OutputGH: iteration 28, time 0.109375, run time 2 s
INFO (CarpetX): OutputGH done.
INFO (CarpetX): Simulation time: 0.109375   Iterations per second: 35.6357   Simulation time per second: 0.139202
INFO (CarpetX): Grid cells: 4096   Grid cell updates per second: 145964
INFO (CarpetX): Performance:
INFO (CarpetX):   total evolution time:            0.787043 sec
INFO (CarpetX):   total evolution compute time:    0.786222 sec
INFO (CarpetX):   total evolution output time:     0.000821352 sec
INFO (CarpetX):   total iterations:                28
INFO (CarpetX):   total cells updated:             114688
INFO (CarpetX):   average iterations per second: 35.5762
INFO (CarpetX):   average cell updates per second: 145720
INFO (CarpetX): OutputGH: iteration 29, time 0.113281, run time 2 s
INFO (CarpetX): OutputGH done.
INFO (CarpetX): Simulation time: 0.113281   Iterations per second: 35.5642   Simulation time per second: 0.138923
INFO (CarpetX): Grid cells: 4096   Grid cell updates per second: 145671
INFO (CarpetX): Performance:
INFO (CarpetX):   total evolution time:            0.815669 sec
INFO (CarpetX):   total evolution compute time:    0.814818 sec
INFO (CarpetX):   total evolution output time:     0.000851393 sec
INFO (CarpetX):   total iterations:                29
INFO (CarpetX):   total cells updated:             118784
INFO (CarpetX):   average iterations per second: 35.5536
INFO (CarpetX):   average cell updates per second: 145628
INFO (CarpetX): OutputGH: iteration 30, time 0.117188, run time 2 s
INFO (CarpetX): OutputGH done.
INFO (CarpetX): Simulation time: 0.117188   Iterations per second: 35.5774   Simulation time per second: 0.138974
INFO (CarpetX): Grid cells: 4096   Grid cell updates per second: 145725
INFO (CarpetX): Performance:
INFO (CarpetX):   total evolution time:            0.843683 sec
INFO (CarpetX):   total evolution compute time:    0.842803 sec
INFO (CarpetX):   total evolution output time:     0.000880241 sec
INFO (CarpetX):   total iterations:                30
INFO (CarpetX):   total cells updated:             122880
INFO (CarpetX):   average iterations per second: 35.5584
INFO (CarpetX):   average cell updates per second: 145647
INFO (CarpetX): OutputGH: iteration 31, time 0.121094, run time 2 s
INFO (CarpetX): OutputGH done.
INFO (CarpetX): Simulation time: 0.121094   Iterations per second: 35.5728   Simulation time per second: 0.138956
INFO (CarpetX): Grid cells: 4096   Grid cell updates per second: 145706
INFO (CarpetX): Performance:
INFO (CarpetX):   total evolution time:            0.871827 sec
INFO (CarpetX):   total evolution compute time:    0.870918 sec
INFO (CarpetX):   total evolution output time:     0.000909328 sec
INFO (CarpetX):   total iterations:                31
INFO (CarpetX):   total cells updated:             126976
INFO (CarpetX):   average iterations per second: 35.5575
INFO (CarpetX):   average cell updates per second: 145644
INFO (CarpetX): OutputGH: iteration 32, time 0.125000, run time 2 s
INFO (CarpetX): OutputGH done.
INFO (CarpetX): Simulation time: 0.125   Iterations per second: 35.5836   Simulation time per second: 0.138998
INFO (CarpetX): Grid cells: 4096   Grid cell updates per second: 145750
INFO (CarpetX): Performance:
INFO (CarpetX):   total evolution time:            0.899853 sec
INFO (CarpetX):   total evolution compute time:    0.898913 sec
INFO (CarpetX):   total evolution output time:     0.000940323 sec
INFO (CarpetX):   total iterations:                32
INFO (CarpetX):   total cells updated:             131072
INFO (CarpetX):   average iterations per second: 35.5613
INFO (CarpetX):   average cell updates per second: 145659
INFO (CarpetX): OutputGH: iteration 33, time 0.128906, run time 2 s
INFO (CarpetX): OutputGH done.
INFO (CarpetX): Simulation time: 0.128906   Iterations per second: 35.6001   Simulation time per second: 0.139063
INFO (CarpetX): Grid cells: 4096   Grid cell updates per second: 145818
INFO (CarpetX): Performance:
INFO (CarpetX):   total evolution time:            0.927825 sec
INFO (CarpetX):   total evolution compute time:    0.926856 sec
INFO (CarpetX):   total evolution output time:     0.00096941 sec
INFO (CarpetX):   total iterations:                33
INFO (CarpetX):   total cells updated:             135168
INFO (CarpetX):   average iterations per second: 35.567
INFO (CarpetX):   average cell updates per second: 145683
INFO (CarpetX): OutputGH: iteration 34, time 0.132812, run time 2 s
INFO (CarpetX): OutputGH done.
INFO (CarpetX): Simulation time: 0.132812   Iterations per second: 35.6566   Simulation time per second: 0.139284
INFO (CarpetX): Grid cells: 4096   Grid cell updates per second: 146049
INFO (CarpetX): Performance:
INFO (CarpetX):   total evolution time:            0.955471 sec
INFO (CarpetX):   total evolution compute time:    0.954473 sec
INFO (CarpetX):   total evolution output time:     0.000997305 sec
INFO (CarpetX):   total iterations:                34
INFO (CarpetX):   total cells updated:             139264
INFO (CarpetX):   average iterations per second: 35.5846
INFO (CarpetX):   average cell updates per second: 145754
INFO (CarpetX): OutputGH: iteration 35, time 0.136719, run time 2 s
INFO (CarpetX): OutputGH done.
INFO (CarpetX): Simulation time: 0.136719   Iterations per second: 35.6777   Simulation time per second: 0.139366
INFO (CarpetX): Grid cells: 4096   Grid cell updates per second: 146136
INFO (CarpetX): Performance:
INFO (CarpetX):   total evolution time:            0.98335 sec
INFO (CarpetX):   total evolution compute time:    0.982323 sec
INFO (CarpetX):   total evolution output time:     0.00102615 sec
INFO (CarpetX):   total iterations:                35
INFO (CarpetX):   total cells updated:             143360
INFO (CarpetX):   average iterations per second: 35.5926
INFO (CarpetX):   average cell updates per second: 145787
INFO (CarpetX): OutputGH: iteration 36, time 0.140625, run time 2 s
INFO (CarpetX): OutputGH done.
INFO (CarpetX): Simulation time: 0.140625   Iterations per second: 35.6563   Simulation time per second: 0.139283
INFO (CarpetX): Grid cells: 4096   Grid cell updates per second: 146048
INFO (CarpetX): Performance:
INFO (CarpetX):   total evolution time:            1.01155 sec
INFO (CarpetX):   total evolution compute time:    1.01049 sec
INFO (CarpetX):   total evolution output time:     0.0010581 sec
INFO (CarpetX):   total iterations:                36
INFO (CarpetX):   total cells updated:             147456
INFO (CarpetX):   average iterations per second: 35.5891
INFO (CarpetX):   average cell updates per second: 145773
INFO (CarpetX): OutputGH: iteration 37, time 0.144531, run time 3 s
INFO (CarpetX): OutputGH done.
INFO (CarpetX): Simulation time: 0.144531   Iterations per second: 35.6845   Simulation time per second: 0.139393
INFO (CarpetX): Grid cells: 4096   Grid cell updates per second: 146164
INFO (CarpetX): Performance:
INFO (CarpetX):   total evolution time:            1.03937 sec
INFO (CarpetX):   total evolution compute time:    1.03829 sec
INFO (CarpetX):   total evolution output time:     0.00108099 sec
INFO (CarpetX):   total iterations:                37
INFO (CarpetX):   total cells updated:             151552
INFO (CarpetX):   average iterations per second: 35.5985
INFO (CarpetX):   average cell updates per second: 145811
INFO (CarpetX): OutputGH: iteration 38, time 0.148438, run time 3 s
INFO (CarpetX): OutputGH done.
INFO (CarpetX): Simulation time: 0.148438   Iterations per second: 35.6741   Simulation time per second: 0.139352
INFO (CarpetX): Grid cells: 4096   Grid cell updates per second: 146121
INFO (CarpetX): Performance:
INFO (CarpetX):   total evolution time:            1.06748 sec
INFO (CarpetX):   total evolution compute time:    1.06637 sec
INFO (CarpetX):   total evolution output time:     0.00110292 sec
INFO (CarpetX):   total iterations:                38
INFO (CarpetX):   total cells updated:             155648
INFO (CarpetX):   average iterations per second: 35.598
INFO (CarpetX):   average cell updates per second: 145809
INFO (CarpetX): OutputGH: iteration 39, time 0.152344, run time 3 s
INFO (CarpetX): OutputGH done.
INFO (CarpetX): Simulation time: 0.152344   Iterations per second: 35.6906   Simulation time per second: 0.139416
INFO (CarpetX): Grid cells: 4096   Grid cell updates per second: 146189
INFO (CarpetX): Performance:
INFO (CarpetX):   total evolution time:            1.09538 sec
INFO (CarpetX):   total evolution compute time:    1.09425 sec
INFO (CarpetX):   total evolution output time:     0.00113177 sec
INFO (CarpetX):   total iterations:                39
INFO (CarpetX):   total cells updated:             159744
INFO (CarpetX):   average iterations per second: 35.6042
INFO (CarpetX):   average cell updates per second: 145835
INFO (CarpetX): OutputGH: iteration 40, time 0.156250, run time 3 s
INFO (CarpetX): OutputGH done.
INFO (CarpetX): Simulation time: 0.15625   Iterations per second: 35.68   Simulation time per second: 0.139375
INFO (CarpetX): Grid cells: 4096   Grid cell updates per second: 146145
INFO (CarpetX): Performance:
INFO (CarpetX):   total evolution time:            1.12348 sec
INFO (CarpetX):   total evolution compute time:    1.12232 sec
INFO (CarpetX):   total evolution output time:     0.00115561 sec
INFO (CarpetX):   total iterations:                40
INFO (CarpetX):   total cells updated:             163840
INFO (CarpetX):   average iterations per second: 35.6037
INFO (CarpetX):   average cell updates per second: 145833
INFO (CarpetX): OutputGH: iteration 41, time 0.160156, run time 3 s
INFO (CarpetX): OutputGH done.
INFO (CarpetX): Simulation time: 0.160156   Iterations per second: 35.6816   Simulation time per second: 0.139381
INFO (CarpetX): Grid cells: 4096   Grid cell updates per second: 146152
INFO (CarpetX): Performance:
INFO (CarpetX):   total evolution time:            1.15149 sec
INFO (CarpetX):   total evolution compute time:    1.15031 sec
INFO (CarpetX):   total evolution output time:     0.00118661 sec
INFO (CarpetX):   total iterations:                41
INFO (CarpetX):   total cells updated:             167936
INFO (CarpetX):   average iterations per second: 35.6059
INFO (CarpetX):   average cell updates per second: 145842
INFO (CarpetX): OutputGH: iteration 42, time 0.164062, run time 3 s
INFO (CarpetX): OutputGH done.
INFO (CarpetX): Simulation time: 0.164062   Iterations per second: 35.689   Simulation time per second: 0.13941
INFO (CarpetX): Grid cells: 4096   Grid cell updates per second: 146182
INFO (CarpetX): Performance:
INFO (CarpetX):   total evolution time:            1.17946 sec
INFO (CarpetX):   total evolution compute time:    1.17825 sec
INFO (CarpetX):   total evolution output time:     0.0012157 sec
INFO (CarpetX):   total iterations:                42
INFO (CarpetX):   total cells updated:             172032
INFO (CarpetX):   average iterations per second: 35.6095
INFO (CarpetX):   average cell updates per second: 145856
INFO (CarpetX): OutputGH: iteration 43, time 0.167969, run time 3 s
INFO (CarpetX): OutputGH done.
INFO (CarpetX): Simulation time: 0.167969   Iterations per second: 35.6897   Simulation time per second: 0.139413
INFO (CarpetX): Grid cells: 4096   Grid cell updates per second: 146185
INFO (CarpetX): Performance:
INFO (CarpetX):   total evolution time:            1.20748 sec
INFO (CarpetX):   total evolution compute time:    1.20623 sec
INFO (CarpetX):   total evolution output time:     0.00124574 sec
INFO (CarpetX):   total iterations:                43
INFO (CarpetX):   total cells updated:             176128
INFO (CarpetX):   average iterations per second: 35.6115
INFO (CarpetX):   average cell updates per second: 145865
INFO (CarpetX): OutputGH: iteration 44, time 0.171875, run time 3 s
INFO (CarpetX): OutputGH done.
INFO (CarpetX): Simulation time: 0.171875   Iterations per second: 35.7082   Simulation time per second: 0.139485
INFO (CarpetX): Grid cells: 4096   Grid cell updates per second: 146261
INFO (CarpetX): Performance:
INFO (CarpetX):   total evolution time:            1.23535 sec
INFO (CarpetX):   total evolution compute time:    1.23407 sec
INFO (CarpetX):   total evolution output time:     0.00127578 sec
INFO (CarpetX):   total iterations:                44
INFO (CarpetX):   total cells updated:             180224
INFO (CarpetX):   average iterations per second: 35.6174
INFO (CarpetX):   average cell updates per second: 145889
INFO (CarpetX): OutputGH: iteration 45, time 0.175781, run time 3 s
INFO (CarpetX): OutputGH done.
INFO (CarpetX): Simulation time: 0.175781   Iterations per second: 35.7193   Simulation time per second: 0.139528
INFO (CarpetX): Grid cells: 4096   Grid cell updates per second: 146306
INFO (CarpetX): Performance:
INFO (CarpetX):   total evolution time:            1.26327 sec
INFO (CarpetX):   total evolution compute time:    1.26197 sec
INFO (CarpetX):   total evolution output time:     0.00130081 sec
INFO (CarpetX):   total iterations:                45
INFO (CarpetX):   total cells updated:             184320
INFO (CarpetX):   average iterations per second: 35.6219
INFO (CarpetX):   average cell updates per second: 145907
INFO (CarpetX): OutputGH: iteration 46, time 0.179688, run time 3 s
INFO (CarpetX): OutputGH done.
INFO (CarpetX): Simulation time: 0.179688   Iterations per second: 35.692   Simulation time per second: 0.139422
INFO (CarpetX): Grid cells: 4096   Grid cell updates per second: 146194
INFO (CarpetX): Performance:
INFO (CarpetX):   total evolution time:            1.29148 sec
INFO (CarpetX):   total evolution compute time:    1.29015 sec
INFO (CarpetX):   total evolution output time:     0.00132585 sec
INFO (CarpetX):   total iterations:                46
INFO (CarpetX):   total cells updated:             188416
INFO (CarpetX):   average iterations per second: 35.6181
INFO (CarpetX):   average cell updates per second: 145892
INFO (CarpetX): OutputGH: iteration 47, time 0.183594, run time 3 s
INFO (CarpetX): OutputGH done.
INFO (CarpetX): Simulation time: 0.183594   Iterations per second: 35.7022   Simulation time per second: 0.139462
INFO (CarpetX): Grid cells: 4096   Grid cell updates per second: 146236
INFO (CarpetX): Performance:
INFO (CarpetX):   total evolution time:            1.31942 sec
INFO (CarpetX):   total evolution compute time:    1.31806 sec
INFO (CarpetX):   total evolution output time:     0.00135589 sec
INFO (CarpetX):   total iterations:                47
INFO (CarpetX):   total cells updated:             192512
INFO (CarpetX):   average iterations per second: 35.6218
INFO (CarpetX):   average cell updates per second: 145907
INFO (CarpetX): OutputGH: iteration 48, time 0.187500, run time 3 s
INFO (CarpetX): OutputGH done.
INFO (CarpetX): Simulation time: 0.1875   Iterations per second: 35.6958   Simulation time per second: 0.139437
INFO (CarpetX): Grid cells: 4096   Grid cell updates per second: 146210
INFO (CarpetX): Performance:
INFO (CarpetX):   total evolution time:            1.34747 sec
INFO (CarpetX):   total evolution compute time:    1.34609 sec
INFO (CarpetX):   total evolution output time:     0.00138593 sec
INFO (CarpetX):   total iterations:                48
INFO (CarpetX):   total cells updated:             196608
INFO (CarpetX):   average iterations per second: 35.6222
INFO (CarpetX):   average cell updates per second: 145909
INFO (CarpetX): OutputGH: iteration 49, time 0.191406, run time 3 s
INFO (CarpetX): OutputGH done.
INFO (CarpetX): Simulation time: 0.191406   Iterations per second: 35.6895   Simulation time per second: 0.139412
INFO (CarpetX): Grid cells: 4096   Grid cell updates per second: 146184
INFO (CarpetX): Performance:
INFO (CarpetX):   total evolution time:            1.37554 sec
INFO (CarpetX):   total evolution compute time:    1.37412 sec
INFO (CarpetX):   total evolution output time:     0.00141406 sec
INFO (CarpetX):   total iterations:                49
INFO (CarpetX):   total cells updated:             200704
INFO (CarpetX):   average iterations per second: 35.6224
INFO (CarpetX):   average cell updates per second: 145909
INFO (CarpetX): OutputGH: iteration 50, time 0.195312, run time 3 s
INFO (CarpetX): OutputGH done.
INFO (CarpetX): Simulation time: 0.195312   Iterations per second: 35.6827   Simulation time per second: 0.139386
INFO (CarpetX): Grid cells: 4096   Grid cell updates per second: 146156
INFO (CarpetX): Performance:
INFO (CarpetX):   total evolution time:            1.40361 sec
INFO (CarpetX):   total evolution compute time:    1.40217 sec
INFO (CarpetX):   total evolution output time:     0.00144005 sec
INFO (CarpetX):   total iterations:                50
INFO (CarpetX):   total cells updated:             204800
INFO (CarpetX):   average iterations per second: 35.6224
INFO (CarpetX):   average cell updates per second: 145909
INFO (CarpetX): OutputGH: iteration 51, time 0.199219, run time 3 s
INFO (CarpetX): OutputGH done.
INFO (CarpetX): Simulation time: 0.199219   Iterations per second: 35.6865   Simulation time per second: 0.1394
INFO (CarpetX): Grid cells: 4096   Grid cell updates per second: 146172
INFO (CarpetX): Performance:
INFO (CarpetX):   total evolution time:            1.43161 sec
INFO (CarpetX):   total evolution compute time:    1.43014 sec
INFO (CarpetX):   total evolution output time:     0.00146914 sec
INFO (CarpetX):   total iterations:                51
INFO (CarpetX):   total cells updated:             208896
INFO (CarpetX):   average iterations per second: 35.6243
INFO (CarpetX):   average cell updates per second: 145917
INFO (CarpetX): OutputGH: iteration 52, time 0.203125, run time 3 s
INFO (CarpetX): OutputGH done.
INFO (CarpetX): Simulation time: 0.203125   Iterations per second: 35.6844   Simulation time per second: 0.139392
INFO (CarpetX): Grid cells: 4096   Grid cell updates per second: 146163
INFO (CarpetX): Performance:
INFO (CarpetX):   total evolution time:            1.45964 sec
INFO (CarpetX):   total evolution compute time:    1.45815 sec
INFO (CarpetX):   total evolution output time:     0.00149632 sec
INFO (CarpetX):   total iterations:                52
INFO (CarpetX):   total cells updated:             212992
INFO (CarpetX):   average iterations per second: 35.6251
INFO (CarpetX):   average cell updates per second: 145920
INFO (CarpetX): OutputGH: iteration 53, time 0.207031, run time 3 s
INFO (CarpetX): OutputGH done.
INFO (CarpetX): Simulation time: 0.207031   Iterations per second: 35.6863   Simulation time per second: 0.139399
INFO (CarpetX): Grid cells: 4096   Grid cell updates per second: 146171
INFO (CarpetX): Performance:
INFO (CarpetX):   total evolution time:            1.48765 sec
INFO (CarpetX):   total evolution compute time:    1.48613 sec
INFO (CarpetX):   total evolution output time:     0.0015204 sec
INFO (CarpetX):   total iterations:                53
INFO (CarpetX):   total cells updated:             217088
INFO (CarpetX):   average iterations per second: 35.6266
INFO (CarpetX):   average cell updates per second: 145926
INFO (CarpetX): OutputGH: iteration 54, time 0.210938, run time 3 s
INFO (CarpetX): OutputGH done.
INFO (CarpetX): Simulation time: 0.210938   Iterations per second: 35.6576   Simulation time per second: 0.139288
INFO (CarpetX): Grid cells: 4096   Grid cell updates per second: 146054
INFO (CarpetX): Performance:
INFO (CarpetX):   total evolution time:            1.5159 sec
INFO (CarpetX):   total evolution compute time:    1.51435 sec
INFO (CarpetX):   total evolution output time:     0.00154924 sec
INFO (CarpetX):   total iterations:                54
INFO (CarpetX):   total cells updated:             221184
INFO (CarpetX):   average iterations per second: 35.6224
INFO (CarpetX):   average cell updates per second: 145909
INFO (CarpetX): OutputGH: iteration 55, time 0.214844, run time 3 s
INFO (CarpetX): OutputGH done.
INFO (CarpetX): Simulation time: 0.214844   Iterations per second: 35.5895   Simulation time per second: 0.139021
INFO (CarpetX): Grid cells: 4096   Grid cell updates per second: 145774
INFO (CarpetX): Performance:
INFO (CarpetX):   total evolution time:            1.54448 sec
INFO (CarpetX):   total evolution compute time:    1.54291 sec
INFO (CarpetX):   total evolution output time:     0.00157619 sec
INFO (CarpetX):   total iterations:                55
INFO (CarpetX):   total cells updated:             225280
INFO (CarpetX):   average iterations per second: 35.6106
INFO (CarpetX):   average cell updates per second: 145861
INFO (CarpetX): OutputGH: iteration 56, time 0.218750, run time 3 s
INFO (CarpetX): OutputGH done.
INFO (CarpetX): Simulation time: 0.21875   Iterations per second: 35.5461   Simulation time per second: 0.138852
INFO (CarpetX): Grid cells: 4096   Grid cell updates per second: 145597
INFO (CarpetX): Performance:
INFO (CarpetX):   total evolution time:            1.57292 sec
INFO (CarpetX):   total evolution compute time:    1.57131 sec
INFO (CarpetX):   total evolution output time:     0.00160909 sec
INFO (CarpetX):   total iterations:                56
INFO (CarpetX):   total cells updated:             229376
INFO (CarpetX):   average iterations per second: 35.6025
INFO (CarpetX):   average cell updates per second: 145828
INFO (CarpetX): OutputGH: iteration 57, time 0.222656, run time 3 s
INFO (CarpetX): OutputGH done.
INFO (CarpetX): Simulation time: 0.222656   Iterations per second: 35.5156   Simulation time per second: 0.138733
INFO (CarpetX): Grid cells: 4096   Grid cell updates per second: 145472
INFO (CarpetX): Performance:
INFO (CarpetX):   total evolution time:            1.6013 sec
INFO (CarpetX):   total evolution compute time:    1.59966 sec
INFO (CarpetX):   total evolution output time:     0.00163507 sec
INFO (CarpetX):   total iterations:                57
INFO (CarpetX):   total cells updated:             233472
INFO (CarpetX):   average iterations per second: 35.5961
INFO (CarpetX):   average cell updates per second: 145802
INFO (CarpetX): OutputGH: iteration 58, time 0.226562, run time 3 s
INFO (CarpetX): OutputGH done.
INFO (CarpetX): Simulation time: 0.226562   Iterations per second: 35.4854   Simulation time per second: 0.138615
INFO (CarpetX): Grid cells: 4096   Grid cell updates per second: 145348
INFO (CarpetX): Performance:
INFO (CarpetX):   total evolution time:            1.62969 sec
INFO (CarpetX):   total evolution compute time:    1.62803 sec
INFO (CarpetX):   total evolution output time:     0.00166607 sec
INFO (CarpetX):   total iterations:                58
INFO (CarpetX):   total cells updated:             237568
INFO (CarpetX):   average iterations per second: 35.5895
INFO (CarpetX):   average cell updates per second: 145775
INFO (CarpetX): OutputGH: iteration 59, time 0.230469, run time 3 s
INFO (CarpetX): OutputGH done.
INFO (CarpetX): Simulation time: 0.230469   Iterations per second: 35.4617   Simulation time per second: 0.138522
INFO (CarpetX): Grid cells: 4096   Grid cell updates per second: 145251
INFO (CarpetX): Performance:
INFO (CarpetX):   total evolution time:            1.65806 sec
INFO (CarpetX):   total evolution compute time:    1.65637 sec
INFO (CarpetX):   total evolution output time:     0.00169206 sec
INFO (CarpetX):   total iterations:                59
INFO (CarpetX):   total cells updated:             241664
INFO (CarpetX):   average iterations per second: 35.5837
INFO (CarpetX):   average cell updates per second: 145751
INFO (CarpetX): OutputGH: iteration 60, time 0.234375, run time 3 s
INFO (CarpetX): OutputGH done.
INFO (CarpetX): Simulation time: 0.234375   Iterations per second: 35.4092   Simulation time per second: 0.138317
INFO (CarpetX): Grid cells: 4096   Grid cell updates per second: 145036
INFO (CarpetX): Performance:
INFO (CarpetX):   total evolution time:            1.68668 sec
INFO (CarpetX):   total evolution compute time:    1.68497 sec
INFO (CarpetX):   total evolution output time:     0.00171304 sec
INFO (CarpetX):   total iterations:                60
INFO (CarpetX):   total cells updated:             245760
INFO (CarpetX):   average iterations per second: 35.5728
INFO (CarpetX):   average cell updates per second: 145706
INFO (CarpetX): OutputGH: iteration 61, time 0.238281, run time 3 s
INFO (CarpetX): OutputGH done.
INFO (CarpetX): Simulation time: 0.238281   Iterations per second: 35.3699   Simulation time per second: 0.138164
INFO (CarpetX): Grid cells: 4096   Grid cell updates per second: 144875
INFO (CarpetX): Performance:
INFO (CarpetX):   total evolution time:            1.71524 sec
INFO (CarpetX):   total evolution compute time:    1.7135 sec
INFO (CarpetX):   total evolution output time:     0.00173903 sec
INFO (CarpetX):   total iterations:                61
INFO (CarpetX):   total cells updated:             249856
INFO (CarpetX):   average iterations per second: 35.5636
INFO (CarpetX):   average cell updates per second: 145669
INFO (CarpetX): OutputGH: iteration 62, time 0.242188, run time 3 s
INFO (CarpetX): OutputGH done.
INFO (CarpetX): Simulation time: 0.242188   Iterations per second: 35.3289   Simulation time per second: 0.138004
INFO (CarpetX): Grid cells: 4096   Grid cell updates per second: 144707
INFO (CarpetX): Performance:
INFO (CarpetX):   total evolution time:            1.74384 sec
INFO (CarpetX):   total evolution compute time:    1.74207 sec
INFO (CarpetX):   total evolution output time:     0.00176501 sec
INFO (CarpetX):   total iterations:                62
INFO (CarpetX):   total cells updated:             253952
INFO (CarpetX):   average iterations per second: 35.5538
INFO (CarpetX):   average cell updates per second: 145628
INFO (CarpetX): OutputGH: iteration 63, time 0.246094, run time 3 s
INFO (CarpetX): OutputGH done.
INFO (CarpetX): Simulation time: 0.246094   Iterations per second: 35.3082   Simulation time per second: 0.137923
INFO (CarpetX): Grid cells: 4096   Grid cell updates per second: 144622
INFO (CarpetX): Performance:
INFO (CarpetX):   total evolution time:            1.77231 sec
INFO (CarpetX):   total evolution compute time:    1.77051 sec
INFO (CarpetX):   total evolution output time:     0.00179601 sec
INFO (CarpetX):   total iterations:                63
INFO (CarpetX):   total cells updated:             258048
INFO (CarpetX):   average iterations per second: 35.5469
INFO (CarpetX):   average cell updates per second: 145600
INFO (CarpetX): OutputGH: iteration 64, time 0.250000, run time 3 s
INFO (CarpetX): OutputGH done.
INFO (CarpetX): Simulation time: 0.25   Iterations per second: 11.2205   Simulation time per second: 0.0438301
INFO (CarpetX): Grid cells: 4096   Grid cell updates per second: 45959.2
INFO (CarpetX): Performance:
INFO (CarpetX):   total evolution time:            2.40863 sec
INFO (CarpetX):   total evolution compute time:    1.80182 sec
INFO (CarpetX):   total evolution output time:     0.606817 sec
INFO (CarpetX):   total iterations:                64
INFO (CarpetX):   total cells updated:             262144
INFO (CarpetX):   average iterations per second: 26.5711
INFO (CarpetX):   average cell updates per second: 108835
INFO (CarpetX): Shutting down...
AMReX (25.11) finalized
--------------------------------------------------------------------------------
Done.
+ echo Stopping:
Stopping:
+ date
Sat Jul 11 00:51:23 UTC 2026
+ echo Done.
Done.
  Elapsed time: 4.0 s
