/home/runner/simulations/TestJob01_temp_1/output-0000/TEST/sim/CanudaX_BSSNMoL
Preparing:
+ set -e
+ cd output-0000-active
+ echo Checking:
Checking:
+ pwd
/home/runner/simulations/TestJob01_temp_1/output-0000/TEST/sim/CanudaX_BSSNMoL/output-0000-active
+ hostname
runnervmkkn4f
+ date
Tue Jul  7 23:24:05 UTC 2026
+ echo Environment:
Environment:
+ export CACTUS_NUM_PROCS=1
+ CACTUS_NUM_PROCS=1
+ export CACTUS_NUM_THREADS=2
+ CACTUS_NUM_THREADS=2
+ export GMON_OUT_PREFIX=gmon.out
+ GMON_OUT_PREFIX=gmon.out
+ export OMP_NUM_THREADS=2
+ OMP_NUM_THREADS=2
+ env
+ sort
+ echo Starting:
Starting:
++ date +%s
+ export CACTUS_STARTTIME=1783466645
+ CACTUS_STARTTIME=1783466645
+ '[' 1 = 1 ']'
+ '[' 0 -eq 0 ']'
+ /home/runner/simulations/TestJob01_temp_1/SIMFACTORY/exe/cactus_sim -L 3 /home/runner/simulations/TestJob01_temp_1/output-0000/arrangements/CanudaX/CanudaX_BSSNMoL/test/gaugewave.par
INFO (Cactus): Increased logging level from 0 to 3
--------------------------------------------------------------------------------

       10                                  
  1   0101       ************************  
  01  1010 10      The Cactus Code V4.20.0    
 1010 1101 011      www.cactuscode.org     
  1001 100101    ************************  
    00010101                               
     100011     (c) Copyright The Authors  
      0100      GNU Licensed. No Warranty  
      0101                                 
--------------------------------------------------------------------------------

Cactus version:    4.20.0
Compile date:      Jul 07 2026 (23:21:34)
Run date:          Jul 07 2026 (23:24:06+0000)
Run host:          runnervmkkn4f.jew00n1lzpyu1c04tn2rghylee.dx.internal.cloudapp.net (pid=168746)
Working directory: /home/runner/simulations/TestJob01_temp_1/output-0000/TEST/sim/CanudaX_BSSNMoL
Executable:        /home/runner/simulations/TestJob01_temp_1/SIMFACTORY/exe/cactus_sim
Parameter file:    /home/runner/simulations/TestJob01_temp_1/output-0000/arrangements/CanudaX/CanudaX_BSSNMoL/test/gaugewave.par
--------------------------------------------------------------------------------

Activating thorn Cactus...Success -> active implementation Cactus
Activation requested for 
--->ADMBaseX CanudaX_BSSNMoL CanudaX_ExactID CarpetX IOUtil ODESolvers TmunuBaseX<---
Thorn ADMBaseX requests automatic activation of Loop
Thorn CarpetX requests automatic activation of AMReX
Thorn CarpetX requests automatic activation of MPI
Thorn CarpetX requests automatic activation of yaml_cpp
Thorn CarpetX requests automatic activation of zlib
Thorn CarpetX requests automatic activation of Arith
Thorn CarpetX requests automatic activation of CarpetXRegrid
Thorn CarpetX requests automatic activation of ADIOS2
Thorn CarpetX requests automatic activation of openPMD
Thorn CarpetX requests automatic activation of Silo
Thorn ADIOS2 requests automatic activation of CMake
Thorn Arith requests automatic activation of NSIMD
Thorn MPI requests automatic activation of hwloc
Thorn openPMD requests automatic activation of HDF5
Activating thorn ADIOS2...Success -> active implementation ADIOS2
Activating thorn ADMBaseX...Success -> active implementation ADMBaseX
Activating thorn AMReX...Success -> active implementation AMReX
Activating thorn Arith...Success -> active implementation Arith
Activating thorn CanudaX_BSSNMoL...Success -> active implementation CanudaX_BSSNMoL
Activating thorn CanudaX_ExactID...Success -> active implementation CanudaX_ExactID
Activating thorn CarpetX...Success -> active implementation Driver
Activating thorn CarpetXRegrid...Success -> active implementation CarpetXRegrid
Activating thorn CMake...Success -> active implementation CMake
Activating thorn HDF5...Success -> active implementation HDF5
Activating thorn hwloc...Success -> active implementation hwloc
Activating thorn IOUtil...Success -> active implementation IO
Activating thorn Loop...Success -> active implementation Loop
Activating thorn MPI...Success -> active implementation MPI
Activating thorn NSIMD...Success -> active implementation NSIMD
Activating thorn ODESolvers...Success -> active implementation ODESolvers
Activating thorn openPMD...Success -> active implementation openPMD
Activating thorn Silo...Success -> active implementation Silo
Activating thorn TmunuBaseX...Success -> active implementation TmunuBaseX
Activating thorn yaml_cpp...Success -> active implementation yaml_cpp
Activating thorn zlib...Success -> active implementation zlib
--------------------------------------------------------------------------------
  if (recover initial data)
    Recover parameters
  endif

  Startup routines
    [CCTK_STARTUP]
      CarpetX::Driver_Startup: Start up the driver
      IOUtil::IOUtil_Startup: Startup routine
      GROUP hwloc_startup: hwloc startup group
        hwloc::hwloc_version: Output hwloc version

  Startup routines which need an existing grid hierarchy
    [CCTK_WRAGH]
      Arith::Test_smallvector: [meta] Test small vectors
      Arith::Test_spvect: [meta] Test sparse vectors
      ODESolvers::ODESolvers_InitConstants: [global] Set up dummy loop counters for schedule printout
  Parameter checking routines
    [CCTK_PARAMCHECK]
      CanudaX_BSSNMoL::CanudaX_BSSNMoL_paramcheck: Check CanudaX_BSSNMoL parameters for consistency

  Initialisation
    if (NOT (recover initial data AND recovery_mode is 'strict'))
      [CCTK_PREREGRIDINITIAL]
      Set up grid hierarchy
      [CCTK_POSTREGRIDINITIAL]
      [CCTK_BASEGRID]
        CarpetXRegrid::CarpetXRegrid_InitError: Initialize regridding error to zero
        GROUP ODESolvers_BaseGrid: Set up constants (e.g. coordinates) everywhere on the grid
      [CCTK_INITIAL]
        GROUP TmunuBaseX_SetTmunuVars: Schedule group for setting T_munu
          TmunuBaseX::TmunuBaseX_ZeroTmunu: Set T_munu to zero
          GROUP TmunuBaseX_AddToTmunu: Add to T_munu here
        GROUP ODESolvers_Initial: Set up initial conditions on interior of state vector
          GROUP ADMBaseX_InitialData: Schedule group for calculating ADM initial data
            GROUP CanudaX_ExactIDGroup: CanudaX_ExactID group for setting up initial data
              CanudaX_ExactID::CanudaX_ExactID_GaugeWave: [local] Create gauge wave initial data
          GROUP ADMBaseX_InitialGauge: Schedule group for the ADM initial gauge condition
            ADMBaseX::ADMBaseX_initial_dtlapse: Set dtlapse to zero
            ADMBaseX::ADMBaseX_initial_dtshift: Set dtshift to zero
          GROUP ADMBaseX_PostInitial: Schedule group for modifying the ADM initial data, such as e.g. adding noise
        GROUP CanudaX_BSSNMoL_InitialGroup: CanudaX_BSSNMoL: initial bin
          CanudaX_BSSNMoL::CanudaX_BSSNMoL_adm2bssn: [local] Convert initial data into BSSN variables
          CanudaX_BSSNMoL::CanudaX_BSSNMoL_gammat: [local] Set Gammat initial data
      [CCTK_POSTINITIAL]
        GROUP ODESolvers_PostStep: Apply boundary conditions to state vector, and project if necessary
          GROUP CanudaX_BSSNMoL_PostStepGroup: CanudaX_BSSNMoL: post-step operations
            CanudaX_BSSNMoL::CanudaX_BSSNMoL_impose_conf_fac_floor: Make sure conformal factor does not drop below specified value
            CanudaX_BSSNMoL::CanudaX_BSSNMoL_reset_detmetric: reset dethh = 1
            CanudaX_BSSNMoL::CanudaX_BSSNMoL_remove_trA: Remove trace of A
            CanudaX_BSSNMoL::CanudaX_BSSNMoL_sync: [global] Sync state vector
            CanudaX_BSSNMoL::CanudaX_BSSNMoL_bssn2adm: [local] Convert variables back to the ADM ones
          GROUP ADMBaseX_SetADMRHS: Set ADM RHS variables in this group
          GROUP ADMBaseX_SetADMVars: Set ADM variables in this group
          GROUP TmunuBaseX_SetTmunuVars: Schedule group for setting T_munu
            TmunuBaseX::TmunuBaseX_ZeroTmunu: Set T_munu to zero
            GROUP TmunuBaseX_AddToTmunu: Add to T_munu here
        GROUP ODESolvers_EstimateError: Estimate discretization error (for regridding)
      Initialise finer grids recursively
      Restrict from finer grids
      [CCTK_POSTRESTRICTINITIAL]
      [CCTK_POSTPOSTINITIAL]
      [CCTK_POSTSTEP]
        GROUP ODESolvers_EstimateError: Estimate discretization error (for regridding)
    endif
    if (recover initial data)
      [CCTK_BASEGRID]
        CarpetXRegrid::CarpetXRegrid_InitError: Initialize regridding error to zero
        GROUP ODESolvers_BaseGrid: Set up constants (e.g. coordinates) everywhere on the grid
      [CCTK_RECOVER_VARIABLES]
      [CCTK_POST_RECOVER_VARIABLES]
        GROUP ODESolvers_PostStep: Apply boundary conditions to state vector, and project if necessary
          GROUP CanudaX_BSSNMoL_PostStepGroup: CanudaX_BSSNMoL: post-step operations
            CanudaX_BSSNMoL::CanudaX_BSSNMoL_impose_conf_fac_floor: Make sure conformal factor does not drop below specified value
            CanudaX_BSSNMoL::CanudaX_BSSNMoL_reset_detmetric: reset dethh = 1
            CanudaX_BSSNMoL::CanudaX_BSSNMoL_remove_trA: Remove trace of A
            CanudaX_BSSNMoL::CanudaX_BSSNMoL_sync: [global] Sync state vector
            CanudaX_BSSNMoL::CanudaX_BSSNMoL_bssn2adm: [local] Convert variables back to the ADM ones
          GROUP ADMBaseX_SetADMRHS: Set ADM RHS variables in this group
          GROUP ADMBaseX_SetADMVars: Set ADM variables in this group
          GROUP TmunuBaseX_SetTmunuVars: Schedule group for setting T_munu
            TmunuBaseX::TmunuBaseX_ZeroTmunu: Set T_munu to zero
            GROUP TmunuBaseX_AddToTmunu: Add to T_munu here
        GROUP ODESolvers_EstimateError: Estimate discretization error (for regridding)
    endif
    if (checkpoint initial data)
      [CCTK_CPINITIAL]
        CarpetX::CarpetX_CheckpointInitial: [meta] Checkpoint initial conditions
    endif
    if (analysis)
      [CCTK_ANALYSIS]
        CanudaX_BSSNMoL::CanudaX_BSSNMoL_bssn_constraints: Compute constraints
        GROUP ODESolvers_Analysis: Calculate analysis quantities everywhere
  endif
  Output grid variables

  do loop over timesteps
    [CCTK_PREREGRID]
    Change grid hierarchy
    [CCTK_POSTREGRID]
      GROUP ODESolvers_PostStep: Apply boundary conditions to state vector, and project if necessary
        GROUP CanudaX_BSSNMoL_PostStepGroup: CanudaX_BSSNMoL: post-step operations
          CanudaX_BSSNMoL::CanudaX_BSSNMoL_impose_conf_fac_floor: Make sure conformal factor does not drop below specified value
          CanudaX_BSSNMoL::CanudaX_BSSNMoL_reset_detmetric: reset dethh = 1
          CanudaX_BSSNMoL::CanudaX_BSSNMoL_remove_trA: Remove trace of A
          CanudaX_BSSNMoL::CanudaX_BSSNMoL_sync: [global] Sync state vector
          CanudaX_BSSNMoL::CanudaX_BSSNMoL_bssn2adm: [local] Convert variables back to the ADM ones
        GROUP ADMBaseX_SetADMRHS: Set ADM RHS variables in this group
        GROUP ADMBaseX_SetADMVars: Set ADM variables in this group
        GROUP TmunuBaseX_SetTmunuVars: Schedule group for setting T_munu
          TmunuBaseX::TmunuBaseX_ZeroTmunu: Set T_munu to zero
          GROUP TmunuBaseX_AddToTmunu: Add to T_munu here
    Rotate timelevels
    iteration = iteration+1
    t = t+dt
    [CCTK_PRESTEP]
    [CCTK_EVOL]
      ODESolvers::ODESolvers_Solve: [level] Solve ODEs
      while (ODESolvers::do_substeps)
        GROUP ODESolvers_CalledBySolve: Groups internally scheduled by ODESolvers_Solve
          GROUP ODESolvers_RHS: Evaluate the RHS for of state vector everywhere on the grid
            GROUP CanudaX_BSSNMoL_RHSGroup: CanudaX_BSSNMoL: calculate BSSN RHS
              CanudaX_BSSNMoL::CanudaX_BSSNMoL_calc_bssn_rhs: MoL RHS calculation
              CanudaX_BSSNMoL::CanudaX_BSSNMoL_apply_boundary_conditions: Apply radiative boundary conditions 
          GROUP ODESolvers_PostStep: Apply boundary conditions to state vector, and project if necessary
            GROUP CanudaX_BSSNMoL_PostStepGroup: CanudaX_BSSNMoL: post-step operations
              CanudaX_BSSNMoL::CanudaX_BSSNMoL_impose_conf_fac_floor: Make sure conformal factor does not drop below specified value
              CanudaX_BSSNMoL::CanudaX_BSSNMoL_reset_detmetric: reset dethh = 1
              CanudaX_BSSNMoL::CanudaX_BSSNMoL_remove_trA: Remove trace of A
              CanudaX_BSSNMoL::CanudaX_BSSNMoL_sync: [global] Sync state vector
              CanudaX_BSSNMoL::CanudaX_BSSNMoL_bssn2adm: [local] Convert variables back to the ADM ones
            GROUP ADMBaseX_SetADMRHS: Set ADM RHS variables in this group
            GROUP ADMBaseX_SetADMVars: Set ADM variables in this group
            GROUP TmunuBaseX_SetTmunuVars: Schedule group for setting T_munu
              TmunuBaseX::TmunuBaseX_ZeroTmunu: Set T_munu to zero
              GROUP TmunuBaseX_AddToTmunu: Add to T_munu here
      end while
    Evolve finer grids recursively
    Restrict from finer grids
    [CCTK_POSTRESTRICT]
      GROUP ODESolvers_PostStep: Apply boundary conditions to state vector, and project if necessary
        GROUP CanudaX_BSSNMoL_PostStepGroup: CanudaX_BSSNMoL: post-step operations
          CanudaX_BSSNMoL::CanudaX_BSSNMoL_impose_conf_fac_floor: Make sure conformal factor does not drop below specified value
          CanudaX_BSSNMoL::CanudaX_BSSNMoL_reset_detmetric: reset dethh = 1
          CanudaX_BSSNMoL::CanudaX_BSSNMoL_remove_trA: Remove trace of A
          CanudaX_BSSNMoL::CanudaX_BSSNMoL_sync: [global] Sync state vector
          CanudaX_BSSNMoL::CanudaX_BSSNMoL_bssn2adm: [local] Convert variables back to the ADM ones
        GROUP ADMBaseX_SetADMRHS: Set ADM RHS variables in this group
        GROUP ADMBaseX_SetADMVars: Set ADM variables in this group
        GROUP TmunuBaseX_SetTmunuVars: Schedule group for setting T_munu
          TmunuBaseX::TmunuBaseX_ZeroTmunu: Set T_munu to zero
          GROUP TmunuBaseX_AddToTmunu: Add to T_munu here
    [CCTK_POSTSTEP]
      GROUP ODESolvers_EstimateError: Estimate discretization error (for regridding)
    if (checkpoint)
      [CCTK_CHECKPOINT]
      CarpetX::CarpetX_Checkpoint: [meta] Checkpoint
    endif
    if (analysis)
      [CCTK_ANALYSIS]
      CanudaX_BSSNMoL::CanudaX_BSSNMoL_bssn_constraints: Compute constraints
      GROUP ODESolvers_Analysis: Calculate analysis quantities everywhere
    endif
    Output grid variables
    enddo

  Termination routines
    [CCTK_TERMINATE]
      CarpetX::CarpetX_CheckpointTerminate: [meta] Checkpoint before terminating

  Shutdown routines
    [CCTK_SHUTDOWN]
      CarpetX::Driver_Shutdown: [meta] Shut down the driver

  Routines run after changing the grid hierarchy:
    [CCTK_POSTREGRID]
      GROUP ODESolvers_PostStep: Apply boundary conditions to state vector, and project if necessary
        GROUP CanudaX_BSSNMoL_PostStepGroup: CanudaX_BSSNMoL: post-step operations
          CanudaX_BSSNMoL::CanudaX_BSSNMoL_impose_conf_fac_floor: Make sure conformal factor does not drop below specified value
          CanudaX_BSSNMoL::CanudaX_BSSNMoL_reset_detmetric: reset dethh = 1
          CanudaX_BSSNMoL::CanudaX_BSSNMoL_remove_trA: Remove trace of A
          CanudaX_BSSNMoL::CanudaX_BSSNMoL_sync: [global] Sync state vector
          CanudaX_BSSNMoL::CanudaX_BSSNMoL_bssn2adm: [local] Convert variables back to the ADM ones
        GROUP ADMBaseX_SetADMRHS: Set ADM RHS variables in this group
        GROUP ADMBaseX_SetADMVars: Set ADM variables in this group
        GROUP TmunuBaseX_SetTmunuVars: Schedule group for setting T_munu
          TmunuBaseX::TmunuBaseX_ZeroTmunu: Set T_munu to zero
          GROUP TmunuBaseX_AddToTmunu: Add to T_munu here
--------------------------------------------------------------------------------
INFO (hwloc): library version 2.10.0, API version 0x20800
--------------------------------------------------------------------------------

  [34m  ▕▏  [34m  ▕▏  [34m  ▕▏  [34m  ▕▏  [34m  ▕▏  [34m  ▕▏  [34m  ▕▏  [34m  ▕▏  [34m  ▕▏  [39m  
  [34m──██──[34m──██──[34m──██──[34m──██──[34m──██──[34m──██──[34m──██──[34m──██──[34m──██──[39m  
  [34m  ▕▏  [34m  ▕▏  [34m  ▕▏  [34m  ▕▏  [34m  ▕▏  [34m  ▕▏  [34m  ▕▏  [34m  ▕▏  [34m  ▕▏  [39m  
  [34m  ▕▏  [32m██████[34m  ▕▏  [34m  ▕▏  [32m██████[34m  ▕▏  [34m  ▕▏  [32m██████[34m  ▕▏  [39m  
  [34m──██──[32m██████[34m──██──[34m──██──[32m██████[34m──██──[34m──██──[32m██████[34m──██──[39m  
  [34m  ▕▏  [32m██████[34m  ▕▏  [34m  ▕▏  [32m██████[34m  ▕▏  [34m  ▕▏  [32m██████[34m  ▕▏  [39m  
  [34m  ▕▏  [34m  ▕▏  [34m  ▕▏  [34m  ▕▏  [34m  ▕▏  [34m  ▕▏  [34m  ▕▏  [34m  ▕▏  [34m  ▕▏  [39m  
  [34m──██──[34m──██──[34m──██──[34m──██──[34m──██──[34m──██──[34m──██──[34m──██──[34m──██──[39m  
  [34m  ▕▏  [34m  ▕▏  [34m  ▕▏  [34m  ▕▏  [34m  ▕▏  [34m  ▕▏  [34m  ▕▏  [34m  ▕▏  [34m  ▕▏  [39m  
  [34m  ▕▏  [34m  ▕▏  [34m  ▕▏  [31m██████[31m██████[31m██████[34m  ▕▏  [34m  ▕▏  [34m  ▕▏  [39m  
  [34m──██──[34m──██──[34m──██──[31m██████[31m██████[31m██████[34m──██──[34m──██──[34m──██──[39m  
  [34m  ▕▏  [34m  ▕▏  [34m  ▕▏  [31m██████[31m██████[31m██████[34m  ▕▏  [34m  ▕▏  [34m  ▕▏  [39m  
  [34m  ▕▏  [32m██████[34m  ▕▏  [31m██████[31m██████[31m██████[34m  ▕▏  [32m██████[34m  ▕▏  [39m  
  [34m──██──[32m██████[34m──██──[31m██████[31m██████[31m██████[34m──██──[32m██████[34m──██──[39m  
  [34m  ▕▏  [32m██████[34m  ▕▏  [31m██████[31m██████[31m██████[34m  ▕▏  [32m██████[34m  ▕▏  [39m  
  [34m  ▕▏  [34m  ▕▏  [34m  ▕▏  [31m██████[31m██████[31m██████[34m  ▕▏  [34m  ▕▏  [34m  ▕▏  [39m  
  [34m──██──[34m──██──[34m──██──[31m██████[31m██████[31m██████[34m──██──[34m──██──[34m──██──[39m  
  [34m  ▕▏  [34m  ▕▏  [34m  ▕▏  [31m██████[31m██████[31m██████[34m  ▕▏  [34m  ▕▏  [34m  ▕▏  [39m  
  [34m  ▕▏  [34m  ▕▏  [34m  ▕▏  [34m  ▕▏  [34m  ▕▏  [34m  ▕▏  [34m  ▕▏  [34m  ▕▏  [34m  ▕▏  [39m  
  [34m──██──[34m──██──[34m──██──[34m──██──[34m──██──[34m──██──[34m──██──[34m──██──[34m──██──[39m  
  [34m  ▕▏  [34m  ▕▏  [34m  ▕▏  [34m  ▕▏  [34m  ▕▏  [34m  ▕▏  [34m  ▕▏  [34m  ▕▏  [34m  ▕▏  [39m  
  [34m  ▕▏  [32m██████[34m  ▕▏  [34m  ▕▏  [32m██████[34m  ▕▏  [34m  ▕▏  [32m██████[34m  ▕▏  [39m  
  [34m──██──[32m██████[34m──██──[34m──██──[32m██████[34m──██──[34m──██──[32m██████[34m──██──[39m  
  [34m  ▕▏  [32m██████[34m  ▕▏  [34m  ▕▏  [32m██████[34m  ▕▏  [34m  ▕▏  [32m██████[34m  ▕▏  [39m  
  [34m  ▕▏  [34m  ▕▏  [34m  ▕▏  [34m  ▕▏  [34m  ▕▏  [34m  ▕▏  [34m  ▕▏  [34m  ▕▏  [34m  ▕▏  [39m  
  [34m──██──[34m──██──[34m──██──[34m──██──[34m──██──[34m──██──[34m──██──[34m──██──[34m──██──[39m  
  [34m  ▕▏  [34m  ▕▏  [34m  ▕▏  [34m  ▕▏  [34m  ▕▏  [34m  ▕▏  [34m  ▕▏  [34m  ▕▏  [34m  ▕▏  [39m  

AMR driver provided by CarpetX,
using AMReX 25.11 (MPI, OpenMP, no accelerators, debug)
--------------------------------------------------------------------------------

Initializing AMReX (25.11)...
MPI initialized with 1 MPI processes
MPI initialized with thread support level 2
OMP initialized with 2 OMP threads
AMReX (25.11) initialized
INFO (CarpetX): 
Symmetries:
  lower x: periodic
  lower y: periodic
  lower z: periodic
  upper x: periodic
  upper y: periodic
  upper z: periodic
Default boundaries:
  lower x: symmetry_boundary
  lower y: symmetry_boundary
  lower z: symmetry_boundary
  upper x: symmetry_boundary
  upper y: symmetry_boundary
  upper z: symmetry_boundary
INFO (Arith): Test_smallvector
INFO (Arith): Test_spvect
INFO (CarpetX): Setting initial values for max_grid_size values for all levels
INFO (CarpetX): Setting up initial conditions...
INFO (CarpetX): Iteration: 0   time: 0   delta_time: 0.00390625
INFO (CarpetX): Patch 0:
INFO (CarpetX):   Grid extent:
INFO (CarpetX):     gsh=[71,15,15]
INFO (CarpetX):     blocking_factor=[8,8,8]
INFO (CarpetX):     max_grid_size=[10000000,10000000,10000000]
INFO (CarpetX):     max_tile_size=[1024000,16,32]
INFO (CarpetX):   Domain extent:
INFO (CarpetX):     xmin=[-0.5,-0.0625,-0.0625]
INFO (CarpetX):     xmax=[0.5,0.0625,0.0625]
INFO (CarpetX):     base dx=[0.015625,0.015625,0.015625]
INFO (CarpetX): Initializing level 0...
INFO (CanudaX_ExactID): Begin Gauge Wave initial data
INFO (CanudaX_ExactID): === End gauge wave initial data ===
INFO (CarpetX): Regridding...
INFO (CarpetX):   level 0: 1 boxes, 4096 cells (100%)
INFO (CarpetX): Initialized 1 levels
INFO (CarpetX): OutputGH: iteration 0, time 0.000000, run time 1 s
INFO (CarpetX): OutputGH done.
INFO (CarpetX): Starting evolution...
INFO (ODESolvers): ODE integrator is RK4
INFO (CarpetX): OutputGH: iteration 1, time 0.003906, run time 1 s
INFO (CarpetX): OutputGH done.
INFO (CarpetX): Simulation time: 0.00390625   Iterations per second: 24.7452   Simulation time per second: 0.0966608
INFO (CarpetX): Grid cells: 4096   Grid cell updates per second: 101356
INFO (CarpetX): Performance:
INFO (CarpetX):   total evolution time:            0.0404119 sec
INFO (CarpetX):   total evolution compute time:    0.040405 sec
INFO (CarpetX):   total evolution output time:     6.91414e-06 sec
INFO (CarpetX):   total iterations:                1
INFO (CarpetX):   total cells updated:             4096
INFO (CarpetX):   average iterations per second: 24.7452
INFO (CarpetX):   average cell updates per second: 101356
INFO (CarpetX): OutputGH: iteration 2, time 0.007812, run time 1 s
INFO (CarpetX): OutputGH done.
INFO (CarpetX): Simulation time: 0.0078125   Iterations per second: 25.3688   Simulation time per second: 0.099097
INFO (CarpetX): Grid cells: 4096   Grid cell updates per second: 103911
INFO (CarpetX): Performance:
INFO (CarpetX):   total evolution time:            0.0788369 sec
INFO (CarpetX):   total evolution compute time:    0.0788229 sec
INFO (CarpetX):   total evolution output time:     1.40667e-05 sec
INFO (CarpetX):   total iterations:                2
INFO (CarpetX):   total cells updated:             8192
INFO (CarpetX):   average iterations per second: 25.3688
INFO (CarpetX):   average cell updates per second: 103911
INFO (CarpetX): OutputGH: iteration 3, time 0.011719, run time 1 s
INFO (CarpetX): OutputGH done.
INFO (CarpetX): Simulation time: 0.0117188   Iterations per second: 25.6913   Simulation time per second: 0.100357
INFO (CarpetX): Grid cells: 4096   Grid cell updates per second: 105232
INFO (CarpetX): Performance:
INFO (CarpetX):   total evolution time:            0.116771 sec
INFO (CarpetX):   total evolution compute time:    0.116751 sec
INFO (CarpetX):   total evolution output time:     2.00272e-05 sec
INFO (CarpetX):   total iterations:                3
INFO (CarpetX):   total cells updated:             12288
INFO (CarpetX):   average iterations per second: 25.6913
INFO (CarpetX):   average cell updates per second: 105232
INFO (CarpetX): OutputGH: iteration 4, time 0.015625, run time 1 s
INFO (CarpetX): OutputGH done.
INFO (CarpetX): Simulation time: 0.015625   Iterations per second: 25.8724   Simulation time per second: 0.101064
INFO (CarpetX): Grid cells: 4096   Grid cell updates per second: 105973
INFO (CarpetX): Performance:
INFO (CarpetX):   total evolution time:            0.154605 sec
INFO (CarpetX):   total evolution compute time:    0.15458 sec
INFO (CarpetX):   total evolution output time:     2.5034e-05 sec
INFO (CarpetX):   total iterations:                4
INFO (CarpetX):   total cells updated:             16384
INFO (CarpetX):   average iterations per second: 25.8724
INFO (CarpetX):   average cell updates per second: 105973
INFO (CarpetX): OutputGH: iteration 5, time 0.019531, run time 1 s
INFO (CarpetX): OutputGH done.
INFO (CarpetX): Simulation time: 0.0195312   Iterations per second: 25.9702   Simulation time per second: 0.101446
INFO (CarpetX): Grid cells: 4096   Grid cell updates per second: 106374
INFO (CarpetX): Performance:
INFO (CarpetX):   total evolution time:            0.192528 sec
INFO (CarpetX):   total evolution compute time:    0.192495 sec
INFO (CarpetX):   total evolution output time:     3.29018e-05 sec
INFO (CarpetX):   total iterations:                5
INFO (CarpetX):   total cells updated:             20480
INFO (CarpetX):   average iterations per second: 25.9702
INFO (CarpetX):   average cell updates per second: 106374
INFO (CarpetX): OutputGH: iteration 6, time 0.023438, run time 1 s
INFO (CarpetX): OutputGH done.
INFO (CarpetX): Simulation time: 0.0234375   Iterations per second: 26.0362   Simulation time per second: 0.101704
INFO (CarpetX): Grid cells: 4096   Grid cell updates per second: 106644
INFO (CarpetX): Performance:
INFO (CarpetX):   total evolution time:            0.230448 sec
INFO (CarpetX):   total evolution compute time:    0.230409 sec
INFO (CarpetX):   total evolution output time:     3.88622e-05 sec
INFO (CarpetX):   total iterations:                6
INFO (CarpetX):   total cells updated:             24576
INFO (CarpetX):   average iterations per second: 26.0362
INFO (CarpetX):   average cell updates per second: 106644
INFO (CarpetX): OutputGH: iteration 7, time 0.027344, run time 1 s
INFO (CarpetX): OutputGH done.
INFO (CarpetX): Simulation time: 0.0273438   Iterations per second: 25.8077   Simulation time per second: 0.100811
INFO (CarpetX): Grid cells: 4096   Grid cell updates per second: 105708
INFO (CarpetX): Performance:
INFO (CarpetX):   total evolution time:            0.271237 sec
INFO (CarpetX):   total evolution compute time:    0.271189 sec
INFO (CarpetX):   total evolution output time:     4.79221e-05 sec
INFO (CarpetX):   total iterations:                7
INFO (CarpetX):   total cells updated:             28672
INFO (CarpetX):   average iterations per second: 25.8077
INFO (CarpetX):   average cell updates per second: 105708
INFO (CarpetX): OutputGH: iteration 8, time 0.031250, run time 1 s
INFO (CarpetX): OutputGH done.
INFO (CarpetX): Simulation time: 0.03125   Iterations per second: 25.8706   Simulation time per second: 0.101057
INFO (CarpetX): Grid cells: 4096   Grid cell updates per second: 105966
INFO (CarpetX): Performance:
INFO (CarpetX):   total evolution time:            0.309231 sec
INFO (CarpetX):   total evolution compute time:    0.309177 sec
INFO (CarpetX):   total evolution output time:     5.4121e-05 sec
INFO (CarpetX):   total iterations:                8
INFO (CarpetX):   total cells updated:             32768
INFO (CarpetX):   average iterations per second: 25.8706
INFO (CarpetX):   average cell updates per second: 105966
INFO (CarpetX): OutputGH: iteration 9, time 0.035156, run time 1 s
INFO (CarpetX): OutputGH done.
INFO (CarpetX): Simulation time: 0.0351562   Iterations per second: 25.9327   Simulation time per second: 0.1013
INFO (CarpetX): Grid cells: 4096   Grid cell updates per second: 106220
INFO (CarpetX): Performance:
INFO (CarpetX):   total evolution time:            0.347052 sec
INFO (CarpetX):   total evolution compute time:    0.346993 sec
INFO (CarpetX):   total evolution output time:     5.91278e-05 sec
INFO (CarpetX):   total iterations:                9
INFO (CarpetX):   total cells updated:             36864
INFO (CarpetX):   average iterations per second: 25.9327
INFO (CarpetX):   average cell updates per second: 106220
INFO (CarpetX): OutputGH: iteration 10, time 0.039062, run time 2 s
INFO (CarpetX): OutputGH done.
INFO (CarpetX): Simulation time: 0.0390625   Iterations per second: 25.9807   Simulation time per second: 0.101487
INFO (CarpetX): Grid cells: 4096   Grid cell updates per second: 106417
INFO (CarpetX): Performance:
INFO (CarpetX):   total evolution time:            0.384901 sec
INFO (CarpetX):   total evolution compute time:    0.384835 sec
INFO (CarpetX):   total evolution output time:     6.60419e-05 sec
INFO (CarpetX):   total iterations:                10
INFO (CarpetX):   total cells updated:             40960
INFO (CarpetX):   average iterations per second: 25.9807
INFO (CarpetX):   average cell updates per second: 106417
INFO (CarpetX): OutputGH: iteration 11, time 0.042969, run time 2 s
INFO (CarpetX): OutputGH done.
INFO (CarpetX): Simulation time: 0.0429688   Iterations per second: 26.0214   Simulation time per second: 0.101646
INFO (CarpetX): Grid cells: 4096   Grid cell updates per second: 106584
INFO (CarpetX): Performance:
INFO (CarpetX):   total evolution time:            0.422789 sec
INFO (CarpetX):   total evolution compute time:    0.422717 sec
INFO (CarpetX):   total evolution output time:     7.22408e-05 sec
INFO (CarpetX):   total iterations:                11
INFO (CarpetX):   total cells updated:             45056
INFO (CarpetX):   average iterations per second: 26.0177
INFO (CarpetX):   average cell updates per second: 106568
INFO (CarpetX): OutputGH: iteration 12, time 0.046875, run time 2 s
INFO (CarpetX): OutputGH done.
INFO (CarpetX): Simulation time: 0.046875   Iterations per second: 26.0688   Simulation time per second: 0.101831
INFO (CarpetX): Grid cells: 4096   Grid cell updates per second: 106778
INFO (CarpetX): Performance:
INFO (CarpetX):   total evolution time:            0.46052 sec
INFO (CarpetX):   total evolution compute time:    0.460442 sec
INFO (CarpetX):   total evolution output time:     7.82013e-05 sec
INFO (CarpetX):   total iterations:                12
INFO (CarpetX):   total cells updated:             49152
INFO (CarpetX):   average iterations per second: 26.0575
INFO (CarpetX):   average cell updates per second: 106731
INFO (CarpetX): OutputGH: iteration 13, time 0.050781, run time 2 s
INFO (CarpetX): OutputGH done.
INFO (CarpetX): Simulation time: 0.0507812   Iterations per second: 26.1046   Simulation time per second: 0.101971
INFO (CarpetX): Grid cells: 4096   Grid cell updates per second: 106924
INFO (CarpetX): Performance:
INFO (CarpetX):   total evolution time:            0.498354 sec
INFO (CarpetX):   total evolution compute time:    0.49827 sec
INFO (CarpetX):   total evolution output time:     8.44002e-05 sec
INFO (CarpetX):   total iterations:                13
INFO (CarpetX):   total cells updated:             53248
INFO (CarpetX):   average iterations per second: 26.0859
INFO (CarpetX):   average cell updates per second: 106848
INFO (CarpetX): OutputGH: iteration 14, time 0.054688, run time 2 s
INFO (CarpetX): OutputGH done.
INFO (CarpetX): Simulation time: 0.0546875   Iterations per second: 26.1491   Simulation time per second: 0.102145
INFO (CarpetX): Grid cells: 4096   Grid cell updates per second: 107107
INFO (CarpetX): Performance:
INFO (CarpetX):   total evolution time:            0.536011 sec
INFO (CarpetX):   total evolution compute time:    0.53592 sec
INFO (CarpetX):   total evolution output time:     9.05991e-05 sec
INFO (CarpetX):   total iterations:                14
INFO (CarpetX):   total cells updated:             57344
INFO (CarpetX):   average iterations per second: 26.1189
INFO (CarpetX):   average cell updates per second: 106983
INFO (CarpetX): OutputGH: iteration 15, time 0.058594, run time 2 s
INFO (CarpetX): OutputGH done.
INFO (CarpetX): Simulation time: 0.0585938   Iterations per second: 26.1748   Simulation time per second: 0.102245
INFO (CarpetX): Grid cells: 4096   Grid cell updates per second: 107212
INFO (CarpetX): Performance:
INFO (CarpetX):   total evolution time:            0.573876 sec
INFO (CarpetX):   total evolution compute time:    0.573779 sec
INFO (CarpetX):   total evolution output time:     9.75132e-05 sec
INFO (CarpetX):   total iterations:                15
INFO (CarpetX):   total cells updated:             61440
INFO (CarpetX):   average iterations per second: 26.138
INFO (CarpetX):   average cell updates per second: 107061
INFO (CarpetX): OutputGH: iteration 16, time 0.062500, run time 2 s
INFO (CarpetX): OutputGH done.
INFO (CarpetX): Simulation time: 0.0625   Iterations per second: 26.2048   Simulation time per second: 0.102362
INFO (CarpetX): Grid cells: 4096   Grid cell updates per second: 107335
INFO (CarpetX): Performance:
INFO (CarpetX):   total evolution time:            0.611644 sec
INFO (CarpetX):   total evolution compute time:    0.611541 sec
INFO (CarpetX):   total evolution output time:     0.000103474 sec
INFO (CarpetX):   total iterations:                16
INFO (CarpetX):   total cells updated:             65536
INFO (CarpetX):   average iterations per second: 26.159
INFO (CarpetX):   average cell updates per second: 107147
INFO (CarpetX): OutputGH: iteration 17, time 0.066406, run time 2 s
INFO (CarpetX): OutputGH done.
INFO (CarpetX): Simulation time: 0.0664062   Iterations per second: 26.2287   Simulation time per second: 0.102456
INFO (CarpetX): Grid cells: 4096   Grid cell updates per second: 107433
INFO (CarpetX): Performance:
INFO (CarpetX):   total evolution time:            0.649457 sec
INFO (CarpetX):   total evolution compute time:    0.649348 sec
INFO (CarpetX):   total evolution output time:     0.000109673 sec
INFO (CarpetX):   total iterations:                17
INFO (CarpetX):   total cells updated:             69632
INFO (CarpetX):   average iterations per second: 26.1757
INFO (CarpetX):   average cell updates per second: 107216
INFO (CarpetX): OutputGH: iteration 18, time 0.070312, run time 2 s
INFO (CarpetX): OutputGH done.
INFO (CarpetX): Simulation time: 0.0703125   Iterations per second: 26.2506   Simulation time per second: 0.102541
INFO (CarpetX): Grid cells: 4096   Grid cell updates per second: 107522
INFO (CarpetX): Performance:
INFO (CarpetX):   total evolution time:            0.687265 sec
INFO (CarpetX):   total evolution compute time:    0.68715 sec
INFO (CarpetX):   total evolution output time:     0.000115633 sec
INFO (CarpetX):   total iterations:                18
INFO (CarpetX):   total cells updated:             73728
INFO (CarpetX):   average iterations per second: 26.1908
INFO (CarpetX):   average cell updates per second: 107277
INFO (CarpetX): OutputGH: iteration 19, time 0.074219, run time 2 s
INFO (CarpetX): OutputGH done.
INFO (CarpetX): Simulation time: 0.0742188   Iterations per second: 26.2729   Simulation time per second: 0.102629
INFO (CarpetX): Grid cells: 4096   Grid cell updates per second: 107614
INFO (CarpetX): Performance:
INFO (CarpetX):   total evolution time:            0.725036 sec
INFO (CarpetX):   total evolution compute time:    0.724914 sec
INFO (CarpetX):   total evolution output time:     0.000121832 sec
INFO (CarpetX):   total iterations:                19
INFO (CarpetX):   total cells updated:             77824
INFO (CarpetX):   average iterations per second: 26.2056
INFO (CarpetX):   average cell updates per second: 107338
INFO (CarpetX): OutputGH: iteration 20, time 0.078125, run time 2 s
INFO (CarpetX): OutputGH done.
INFO (CarpetX): Simulation time: 0.078125   Iterations per second: 26.2904   Simulation time per second: 0.102697
INFO (CarpetX): Grid cells: 4096   Grid cell updates per second: 107685
INFO (CarpetX): Performance:
INFO (CarpetX):   total evolution time:            0.762845 sec
INFO (CarpetX):   total evolution compute time:    0.762717 sec
INFO (CarpetX):   total evolution output time:     0.000127792 sec
INFO (CarpetX):   total iterations:                20
INFO (CarpetX):   total cells updated:             81920
INFO (CarpetX):   average iterations per second: 26.2176
INFO (CarpetX):   average cell updates per second: 107387
INFO (CarpetX): OutputGH: iteration 21, time 0.082031, run time 2 s
INFO (CarpetX): OutputGH done.
INFO (CarpetX): Simulation time: 0.0820312   Iterations per second: 26.3087   Simulation time per second: 0.102768
INFO (CarpetX): Grid cells: 4096   Grid cell updates per second: 107760
INFO (CarpetX): Performance:
INFO (CarpetX):   total evolution time:            0.800617 sec
INFO (CarpetX):   total evolution compute time:    0.800482 sec
INFO (CarpetX):   total evolution output time:     0.000134945 sec
INFO (CarpetX):   total iterations:                21
INFO (CarpetX):   total cells updated:             86016
INFO (CarpetX):   average iterations per second: 26.2298
INFO (CarpetX):   average cell updates per second: 107437
INFO (CarpetX): OutputGH: iteration 22, time 0.085938, run time 2 s
INFO (CarpetX): OutputGH done.
INFO (CarpetX): Simulation time: 0.0859375   Iterations per second: 26.3231   Simulation time per second: 0.102824
INFO (CarpetX): Grid cells: 4096   Grid cell updates per second: 107819
INFO (CarpetX): Performance:
INFO (CarpetX):   total evolution time:            0.83842 sec
INFO (CarpetX):   total evolution compute time:    0.838279 sec
INFO (CarpetX):   total evolution output time:     0.000140905 sec
INFO (CarpetX):   total iterations:                22
INFO (CarpetX):   total cells updated:             90112
INFO (CarpetX):   average iterations per second: 26.2398
INFO (CarpetX):   average cell updates per second: 107478
INFO (CarpetX): OutputGH: iteration 23, time 0.089844, run time 2 s
INFO (CarpetX): OutputGH done.
INFO (CarpetX): Simulation time: 0.0898438   Iterations per second: 26.3369   Simulation time per second: 0.102879
INFO (CarpetX): Grid cells: 4096   Grid cell updates per second: 107876
INFO (CarpetX): Performance:
INFO (CarpetX):   total evolution time:            0.87621 sec
INFO (CarpetX):   total evolution compute time:    0.876063 sec
INFO (CarpetX):   total evolution output time:     0.000146866 sec
INFO (CarpetX):   total iterations:                23
INFO (CarpetX):   total cells updated:             94208
INFO (CarpetX):   average iterations per second: 26.2494
INFO (CarpetX):   average cell updates per second: 107518
INFO (CarpetX): OutputGH: iteration 24, time 0.093750, run time 2 s
INFO (CarpetX): OutputGH done.
INFO (CarpetX): Simulation time: 0.09375   Iterations per second: 26.3524   Simulation time per second: 0.102939
INFO (CarpetX): Grid cells: 4096   Grid cell updates per second: 107939
INFO (CarpetX): Performance:
INFO (CarpetX):   total evolution time:            0.913957 sec
INFO (CarpetX):   total evolution compute time:    0.913805 sec
INFO (CarpetX):   total evolution output time:     0.000151873 sec
INFO (CarpetX):   total iterations:                24
INFO (CarpetX):   total cells updated:             98304
INFO (CarpetX):   average iterations per second: 26.2595
INFO (CarpetX):   average cell updates per second: 107559
INFO (CarpetX): OutputGH: iteration 25, time 0.097656, run time 2 s
INFO (CarpetX): OutputGH done.
INFO (CarpetX): Simulation time: 0.0976562   Iterations per second: 26.3598   Simulation time per second: 0.102968
INFO (CarpetX): Grid cells: 4096   Grid cell updates per second: 107970
INFO (CarpetX): Performance:
INFO (CarpetX):   total evolution time:            0.951797 sec
INFO (CarpetX):   total evolution compute time:    0.951639 sec
INFO (CarpetX):   total evolution output time:     0.000157833 sec
INFO (CarpetX):   total iterations:                25
INFO (CarpetX):   total cells updated:             102400
INFO (CarpetX):   average iterations per second: 26.2661
INFO (CarpetX):   average cell updates per second: 107586
INFO (CarpetX): OutputGH: iteration 26, time 0.101562, run time 2 s
INFO (CarpetX): OutputGH done.
INFO (CarpetX): Simulation time: 0.101562   Iterations per second: 26.3694   Simulation time per second: 0.103006
INFO (CarpetX): Grid cells: 4096   Grid cell updates per second: 108009
INFO (CarpetX): Performance:
INFO (CarpetX):   total evolution time:            0.989595 sec
INFO (CarpetX):   total evolution compute time:    0.98943 sec
INFO (CarpetX):   total evolution output time:     0.000164747 sec
INFO (CarpetX):   total iterations:                26
INFO (CarpetX):   total cells updated:             106496
INFO (CarpetX):   average iterations per second: 26.2734
INFO (CarpetX):   average cell updates per second: 107616
INFO (CarpetX): OutputGH: iteration 27, time 0.105469, run time 2 s
INFO (CarpetX): OutputGH done.
INFO (CarpetX): Simulation time: 0.105469   Iterations per second: 26.3812   Simulation time per second: 0.103051
INFO (CarpetX): Grid cells: 4096   Grid cell updates per second: 108057
INFO (CarpetX): Performance:
INFO (CarpetX):   total evolution time:            1.02735 sec
INFO (CarpetX):   total evolution compute time:    1.02718 sec
INFO (CarpetX):   total evolution output time:     0.000170708 sec
INFO (CarpetX):   total iterations:                27
INFO (CarpetX):   total cells updated:             110592
INFO (CarpetX):   average iterations per second: 26.2812
INFO (CarpetX):   average cell updates per second: 107648
INFO (CarpetX): OutputGH: iteration 28, time 0.109375, run time 2 s
INFO (CarpetX): OutputGH done.
INFO (CarpetX): Simulation time: 0.109375   Iterations per second: 26.3809   Simulation time per second: 0.10305
INFO (CarpetX): Grid cells: 4096   Grid cell updates per second: 108056
INFO (CarpetX): Performance:
INFO (CarpetX):   total evolution time:            1.06526 sec
INFO (CarpetX):   total evolution compute time:    1.06508 sec
INFO (CarpetX):   total evolution output time:     0.000176668 sec
INFO (CarpetX):   total iterations:                28
INFO (CarpetX):   total cells updated:             114688
INFO (CarpetX):   average iterations per second: 26.2847
INFO (CarpetX):   average cell updates per second: 107662
INFO (CarpetX): OutputGH: iteration 29, time 0.113281, run time 2 s
INFO (CarpetX): OutputGH done.
INFO (CarpetX): Simulation time: 0.113281   Iterations per second: 26.3803   Simulation time per second: 0.103048
INFO (CarpetX): Grid cells: 4096   Grid cell updates per second: 108054
INFO (CarpetX): Performance:
INFO (CarpetX):   total evolution time:            1.10317 sec
INFO (CarpetX):   total evolution compute time:    1.10299 sec
INFO (CarpetX):   total evolution output time:     0.000182629 sec
INFO (CarpetX):   total iterations:                29
INFO (CarpetX):   total cells updated:             118784
INFO (CarpetX):   average iterations per second: 26.2878
INFO (CarpetX):   average cell updates per second: 107675
INFO (CarpetX): OutputGH: iteration 30, time 0.117188, run time 2 s
INFO (CarpetX): OutputGH done.
INFO (CarpetX): Simulation time: 0.117188   Iterations per second: 26.3933   Simulation time per second: 0.103099
INFO (CarpetX): Grid cells: 4096   Grid cell updates per second: 108107
INFO (CarpetX): Performance:
INFO (CarpetX):   total evolution time:            1.14089 sec
INFO (CarpetX):   total evolution compute time:    1.14071 sec
INFO (CarpetX):   total evolution output time:     0.000188828 sec
INFO (CarpetX):   total iterations:                30
INFO (CarpetX):   total cells updated:             122880
INFO (CarpetX):   average iterations per second: 26.2952
INFO (CarpetX):   average cell updates per second: 107705
INFO (CarpetX): OutputGH: iteration 31, time 0.121094, run time 2 s
INFO (CarpetX): OutputGH done.
INFO (CarpetX): Simulation time: 0.121094   Iterations per second: 26.408   Simulation time per second: 0.103156
INFO (CarpetX): Grid cells: 4096   Grid cell updates per second: 108167
INFO (CarpetX): Performance:
INFO (CarpetX):   total evolution time:            1.17857 sec
INFO (CarpetX):   total evolution compute time:    1.17838 sec
INFO (CarpetX):   total evolution output time:     0.000194788 sec
INFO (CarpetX):   total iterations:                31
INFO (CarpetX):   total cells updated:             126976
INFO (CarpetX):   average iterations per second: 26.303
INFO (CarpetX):   average cell updates per second: 107737
INFO (CarpetX): OutputGH: iteration 32, time 0.125000, run time 2 s
INFO (CarpetX): OutputGH done.
INFO (CarpetX): Simulation time: 0.125   Iterations per second: 26.4148   Simulation time per second: 0.103183
INFO (CarpetX): Grid cells: 4096   Grid cell updates per second: 108195
INFO (CarpetX): Performance:
INFO (CarpetX):   total evolution time:            1.21634 sec
INFO (CarpetX):   total evolution compute time:    1.21614 sec
INFO (CarpetX):   total evolution output time:     0.000201941 sec
INFO (CarpetX):   total iterations:                32
INFO (CarpetX):   total cells updated:             131072
INFO (CarpetX):   average iterations per second: 26.3084
INFO (CarpetX):   average cell updates per second: 107759
INFO (CarpetX): OutputGH: iteration 33, time 0.128906, run time 2 s
INFO (CarpetX): OutputGH done.
INFO (CarpetX): Simulation time: 0.128906   Iterations per second: 26.4211   Simulation time per second: 0.103207
INFO (CarpetX): Grid cells: 4096   Grid cell updates per second: 108221
INFO (CarpetX): Performance:
INFO (CarpetX):   total evolution time:            1.25411 sec
INFO (CarpetX):   total evolution compute time:    1.2539 sec
INFO (CarpetX):   total evolution output time:     0.000207901 sec
INFO (CarpetX):   total iterations:                33
INFO (CarpetX):   total cells updated:             135168
INFO (CarpetX):   average iterations per second: 26.3135
INFO (CarpetX):   average cell updates per second: 107780
INFO (CarpetX): OutputGH: iteration 34, time 0.132812, run time 2 s
INFO (CarpetX): OutputGH done.
INFO (CarpetX): Simulation time: 0.132812   Iterations per second: 26.4238   Simulation time per second: 0.103218
INFO (CarpetX): Grid cells: 4096   Grid cell updates per second: 108232
INFO (CarpetX): Performance:
INFO (CarpetX):   total evolution time:            1.29192 sec
INFO (CarpetX):   total evolution compute time:    1.2917 sec
INFO (CarpetX):   total evolution output time:     0.000214815 sec
INFO (CarpetX):   total iterations:                34
INFO (CarpetX):   total cells updated:             139264
INFO (CarpetX):   average iterations per second: 26.3174
INFO (CarpetX):   average cell updates per second: 107796
INFO (CarpetX): OutputGH: iteration 35, time 0.136719, run time 2 s
INFO (CarpetX): OutputGH done.
INFO (CarpetX): Simulation time: 0.136719   Iterations per second: 26.4191   Simulation time per second: 0.1032
INFO (CarpetX): Grid cells: 4096   Grid cell updates per second: 108213
INFO (CarpetX): Performance:
INFO (CarpetX):   total evolution time:            1.32983 sec
INFO (CarpetX):   total evolution compute time:    1.32961 sec
INFO (CarpetX):   total evolution output time:     0.000220776 sec
INFO (CarpetX):   total iterations:                35
INFO (CarpetX):   total cells updated:             143360
INFO (CarpetX):   average iterations per second: 26.3192
INFO (CarpetX):   average cell updates per second: 107803
INFO (CarpetX): OutputGH: iteration 36, time 0.140625, run time 2 s
INFO (CarpetX): OutputGH done.
INFO (CarpetX): Simulation time: 0.140625   Iterations per second: 26.4272   Simulation time per second: 0.103231
INFO (CarpetX): Grid cells: 4096   Grid cell updates per second: 108246
INFO (CarpetX): Performance:
INFO (CarpetX):   total evolution time:            1.36756 sec
INFO (CarpetX):   total evolution compute time:    1.36734 sec
INFO (CarpetX):   total evolution output time:     0.000226974 sec
INFO (CarpetX):   total iterations:                36
INFO (CarpetX):   total cells updated:             147456
INFO (CarpetX):   average iterations per second: 26.3242
INFO (CarpetX):   average cell updates per second: 107824
INFO (CarpetX): OutputGH: iteration 37, time 0.144531, run time 3 s
INFO (CarpetX): OutputGH done.
INFO (CarpetX): Simulation time: 0.144531   Iterations per second: 26.4334   Simulation time per second: 0.103256
INFO (CarpetX): Grid cells: 4096   Grid cell updates per second: 108271
INFO (CarpetX): Performance:
INFO (CarpetX):   total evolution time:            1.40532 sec
INFO (CarpetX):   total evolution compute time:    1.40508 sec
INFO (CarpetX):   total evolution output time:     0.000231981 sec
INFO (CarpetX):   total iterations:                37
INFO (CarpetX):   total cells updated:             151552
INFO (CarpetX):   average iterations per second: 26.3286
INFO (CarpetX):   average cell updates per second: 107842
INFO (CarpetX): OutputGH: iteration 38, time 0.148438, run time 3 s
INFO (CarpetX): OutputGH done.
INFO (CarpetX): Simulation time: 0.148438   Iterations per second: 26.4377   Simulation time per second: 0.103272
INFO (CarpetX): Grid cells: 4096   Grid cell updates per second: 108289
INFO (CarpetX): Performance:
INFO (CarpetX):   total evolution time:            1.44309 sec
INFO (CarpetX):   total evolution compute time:    1.44284 sec
INFO (CarpetX):   total evolution output time:     0.000247955 sec
INFO (CarpetX):   total iterations:                38
INFO (CarpetX):   total cells updated:             155648
INFO (CarpetX):   average iterations per second: 26.3325
INFO (CarpetX):   average cell updates per second: 107858
INFO (CarpetX): OutputGH: iteration 39, time 0.152344, run time 3 s
INFO (CarpetX): OutputGH done.
INFO (CarpetX): Simulation time: 0.152344   Iterations per second: 26.437   Simulation time per second: 0.103269
INFO (CarpetX): Grid cells: 4096   Grid cell updates per second: 108286
INFO (CarpetX): Performance:
INFO (CarpetX):   total evolution time:            1.48092 sec
INFO (CarpetX):   total evolution compute time:    1.48067 sec
INFO (CarpetX):   total evolution output time:     0.000255108 sec
INFO (CarpetX):   total iterations:                39
INFO (CarpetX):   total cells updated:             159744
INFO (CarpetX):   average iterations per second: 26.335
INFO (CarpetX):   average cell updates per second: 107868
INFO (CarpetX): OutputGH: iteration 40, time 0.156250, run time 3 s
INFO (CarpetX): OutputGH done.
INFO (CarpetX): Simulation time: 0.15625   Iterations per second: 26.4424   Simulation time per second: 0.103291
INFO (CarpetX): Grid cells: 4096   Grid cell updates per second: 108308
INFO (CarpetX): Performance:
INFO (CarpetX):   total evolution time:            1.51867 sec
INFO (CarpetX):   total evolution compute time:    1.51841 sec
INFO (CarpetX):   total evolution output time:     0.000261068 sec
INFO (CarpetX):   total iterations:                40
INFO (CarpetX):   total cells updated:             163840
INFO (CarpetX):   average iterations per second: 26.3389
INFO (CarpetX):   average cell updates per second: 107884
INFO (CarpetX): OutputGH: iteration 41, time 0.160156, run time 3 s
INFO (CarpetX): OutputGH done.
INFO (CarpetX): Simulation time: 0.160156   Iterations per second: 26.447   Simulation time per second: 0.103309
INFO (CarpetX): Grid cells: 4096   Grid cell updates per second: 108327
INFO (CarpetX): Performance:
INFO (CarpetX):   total evolution time:            1.55642 sec
INFO (CarpetX):   total evolution compute time:    1.55615 sec
INFO (CarpetX):   total evolution output time:     0.000267982 sec
INFO (CarpetX):   total iterations:                41
INFO (CarpetX):   total cells updated:             167936
INFO (CarpetX):   average iterations per second: 26.3425
INFO (CarpetX):   average cell updates per second: 107899
INFO (CarpetX): OutputGH: iteration 42, time 0.164062, run time 3 s
INFO (CarpetX): OutputGH done.
INFO (CarpetX): Simulation time: 0.164062   Iterations per second: 26.3857   Simulation time per second: 0.103069
INFO (CarpetX): Grid cells: 4096   Grid cell updates per second: 108076
INFO (CarpetX): Performance:
INFO (CarpetX):   total evolution time:            1.59511 sec
INFO (CarpetX):   total evolution compute time:    1.59484 sec
INFO (CarpetX):   total evolution output time:     0.000274181 sec
INFO (CarpetX):   total iterations:                42
INFO (CarpetX):   total cells updated:             172032
INFO (CarpetX):   average iterations per second: 26.3305
INFO (CarpetX):   average cell updates per second: 107850
INFO (CarpetX): OutputGH: iteration 43, time 0.167969, run time 3 s
INFO (CarpetX): OutputGH done.
INFO (CarpetX): Simulation time: 0.167969   Iterations per second: 26.3965   Simulation time per second: 0.103112
INFO (CarpetX): Grid cells: 4096   Grid cell updates per second: 108120
INFO (CarpetX): Performance:
INFO (CarpetX):   total evolution time:            1.63285 sec
INFO (CarpetX):   total evolution compute time:    1.63258 sec
INFO (CarpetX):   total evolution output time:     0.000279188 sec
INFO (CarpetX):   total iterations:                43
INFO (CarpetX):   total cells updated:             176128
INFO (CarpetX):   average iterations per second: 26.3342
INFO (CarpetX):   average cell updates per second: 107865
INFO (CarpetX): OutputGH: iteration 44, time 0.171875, run time 3 s
INFO (CarpetX): OutputGH done.
INFO (CarpetX): Simulation time: 0.171875   Iterations per second: 26.4004   Simulation time per second: 0.103126
INFO (CarpetX): Grid cells: 4096   Grid cell updates per second: 108136
INFO (CarpetX): Performance:
INFO (CarpetX):   total evolution time:            1.67068 sec
INFO (CarpetX):   total evolution compute time:    1.6704 sec
INFO (CarpetX):   total evolution output time:     0.000285387 sec
INFO (CarpetX):   total iterations:                44
INFO (CarpetX):   total cells updated:             180224
INFO (CarpetX):   average iterations per second: 26.3365
INFO (CarpetX):   average cell updates per second: 107874
INFO (CarpetX): OutputGH: iteration 45, time 0.175781, run time 3 s
INFO (CarpetX): OutputGH done.
INFO (CarpetX): Simulation time: 0.175781   Iterations per second: 26.3963   Simulation time per second: 0.103111
INFO (CarpetX): Grid cells: 4096   Grid cell updates per second: 108119
INFO (CarpetX): Performance:
INFO (CarpetX):   total evolution time:            1.70862 sec
INFO (CarpetX):   total evolution compute time:    1.70833 sec
INFO (CarpetX):   total evolution output time:     0.000291348 sec
INFO (CarpetX):   total iterations:                45
INFO (CarpetX):   total cells updated:             184320
INFO (CarpetX):   average iterations per second: 26.337
INFO (CarpetX):   average cell updates per second: 107877
INFO (CarpetX): OutputGH: iteration 46, time 0.179688, run time 3 s
INFO (CarpetX): OutputGH done.
INFO (CarpetX): Simulation time: 0.179688   Iterations per second: 26.4043   Simulation time per second: 0.103142
INFO (CarpetX): Grid cells: 4096   Grid cell updates per second: 108152
INFO (CarpetX): Performance:
INFO (CarpetX):   total evolution time:            1.74639 sec
INFO (CarpetX):   total evolution compute time:    1.74609 sec
INFO (CarpetX):   total evolution output time:     0.000297308 sec
INFO (CarpetX):   total iterations:                46
INFO (CarpetX):   total cells updated:             188416
INFO (CarpetX):   average iterations per second: 26.3401
INFO (CarpetX):   average cell updates per second: 107889
INFO (CarpetX): OutputGH: iteration 47, time 0.183594, run time 3 s
INFO (CarpetX): OutputGH done.
INFO (CarpetX): Simulation time: 0.183594   Iterations per second: 26.4134   Simulation time per second: 0.103178
INFO (CarpetX): Grid cells: 4096   Grid cell updates per second: 108189
INFO (CarpetX): Performance:
INFO (CarpetX):   total evolution time:            1.78413 sec
INFO (CarpetX):   total evolution compute time:    1.78383 sec
INFO (CarpetX):   total evolution output time:     0.000304461 sec
INFO (CarpetX):   total iterations:                47
INFO (CarpetX):   total cells updated:             192512
INFO (CarpetX):   average iterations per second: 26.3434
INFO (CarpetX):   average cell updates per second: 107902
INFO (CarpetX): OutputGH: iteration 48, time 0.187500, run time 3 s
INFO (CarpetX): OutputGH done.
INFO (CarpetX): Simulation time: 0.1875   Iterations per second: 26.4267   Simulation time per second: 0.103229
INFO (CarpetX): Grid cells: 4096   Grid cell updates per second: 108244
INFO (CarpetX): Performance:
INFO (CarpetX):   total evolution time:            1.8218 sec
INFO (CarpetX):   total evolution compute time:    1.82149 sec
INFO (CarpetX):   total evolution output time:     0.000310421 sec
INFO (CarpetX):   total iterations:                48
INFO (CarpetX):   total cells updated:             196608
INFO (CarpetX):   average iterations per second: 26.3476
INFO (CarpetX):   average cell updates per second: 107920
INFO (CarpetX): OutputGH: iteration 49, time 0.191406, run time 3 s
INFO (CarpetX): OutputGH done.
INFO (CarpetX): Simulation time: 0.191406   Iterations per second: 26.4365   Simulation time per second: 0.103268
INFO (CarpetX): Grid cells: 4096   Grid cell updates per second: 108284
INFO (CarpetX): Performance:
INFO (CarpetX):   total evolution time:            1.8595 sec
INFO (CarpetX):   total evolution compute time:    1.85919 sec
INFO (CarpetX):   total evolution output time:     0.000315428 sec
INFO (CarpetX):   total iterations:                49
INFO (CarpetX):   total cells updated:             200704
INFO (CarpetX):   average iterations per second: 26.3512
INFO (CarpetX):   average cell updates per second: 107934
INFO (CarpetX): OutputGH: iteration 50, time 0.195312, run time 3 s
INFO (CarpetX): OutputGH done.
INFO (CarpetX): Simulation time: 0.195312   Iterations per second: 26.4425   Simulation time per second: 0.103291
INFO (CarpetX): Grid cells: 4096   Grid cell updates per second: 108309
INFO (CarpetX): Performance:
INFO (CarpetX):   total evolution time:            1.89724 sec
INFO (CarpetX):   total evolution compute time:    1.89692 sec
INFO (CarpetX):   total evolution output time:     0.000321388 sec
INFO (CarpetX):   total iterations:                50
INFO (CarpetX):   total cells updated:             204800
INFO (CarpetX):   average iterations per second: 26.3541
INFO (CarpetX):   average cell updates per second: 107946
INFO (CarpetX): OutputGH: iteration 51, time 0.199219, run time 3 s
INFO (CarpetX): OutputGH done.
INFO (CarpetX): Simulation time: 0.199219   Iterations per second: 26.4431   Simulation time per second: 0.103293
INFO (CarpetX): Grid cells: 4096   Grid cell updates per second: 108311
INFO (CarpetX): Performance:
INFO (CarpetX):   total evolution time:            1.93505 sec
INFO (CarpetX):   total evolution compute time:    1.93472 sec
INFO (CarpetX):   total evolution output time:     0.000327349 sec
INFO (CarpetX):   total iterations:                51
INFO (CarpetX):   total cells updated:             208896
INFO (CarpetX):   average iterations per second: 26.3559
INFO (CarpetX):   average cell updates per second: 107954
INFO (CarpetX): OutputGH: iteration 52, time 0.203125, run time 3 s
INFO (CarpetX): OutputGH done.
INFO (CarpetX): Simulation time: 0.203125   Iterations per second: 26.4396   Simulation time per second: 0.10328
INFO (CarpetX): Grid cells: 4096   Grid cell updates per second: 108297
INFO (CarpetX): Performance:
INFO (CarpetX):   total evolution time:            1.97292 sec
INFO (CarpetX):   total evolution compute time:    1.97258 sec
INFO (CarpetX):   total evolution output time:     0.000334501 sec
INFO (CarpetX):   total iterations:                52
INFO (CarpetX):   total cells updated:             212992
INFO (CarpetX):   average iterations per second: 26.3569
INFO (CarpetX):   average cell updates per second: 107958
INFO (CarpetX): OutputGH: iteration 53, time 0.207031, run time 3 s
INFO (CarpetX): OutputGH done.
INFO (CarpetX): Simulation time: 0.207031   Iterations per second: 26.4457   Simulation time per second: 0.103304
INFO (CarpetX): Grid cells: 4096   Grid cell updates per second: 108322
INFO (CarpetX): Performance:
INFO (CarpetX):   total evolution time:            2.01065 sec
INFO (CarpetX):   total evolution compute time:    2.01031 sec
INFO (CarpetX):   total evolution output time:     0.000340462 sec
INFO (CarpetX):   total iterations:                53
INFO (CarpetX):   total cells updated:             217088
INFO (CarpetX):   average iterations per second: 26.3596
INFO (CarpetX):   average cell updates per second: 107969
INFO (CarpetX): OutputGH: iteration 54, time 0.210938, run time 3 s
INFO (CarpetX): OutputGH done.
INFO (CarpetX): Simulation time: 0.210938   Iterations per second: 26.4517   Simulation time per second: 0.103327
INFO (CarpetX): Grid cells: 4096   Grid cell updates per second: 108346
INFO (CarpetX): Performance:
INFO (CarpetX):   total evolution time:            2.04838 sec
INFO (CarpetX):   total evolution compute time:    2.04803 sec
INFO (CarpetX):   total evolution output time:     0.000346422 sec
INFO (CarpetX):   total iterations:                54
INFO (CarpetX):   total cells updated:             221184
INFO (CarpetX):   average iterations per second: 26.3623
INFO (CarpetX):   average cell updates per second: 107980
INFO (CarpetX): OutputGH: iteration 55, time 0.214844, run time 3 s
INFO (CarpetX): OutputGH done.
INFO (CarpetX): Simulation time: 0.214844   Iterations per second: 26.3852   Simulation time per second: 0.103067
INFO (CarpetX): Grid cells: 4096   Grid cell updates per second: 108074
INFO (CarpetX): Performance:
INFO (CarpetX):   total evolution time:            2.08714 sec
INFO (CarpetX):   total evolution compute time:    2.08679 sec
INFO (CarpetX):   total evolution output time:     0.000353336 sec
INFO (CarpetX):   total iterations:                55
INFO (CarpetX):   total cells updated:             225280
INFO (CarpetX):   average iterations per second: 26.3519
INFO (CarpetX):   average cell updates per second: 107937
INFO (CarpetX): OutputGH: iteration 56, time 0.218750, run time 3 s
INFO (CarpetX): OutputGH done.
INFO (CarpetX): Simulation time: 0.21875   Iterations per second: 26.3948   Simulation time per second: 0.103105
INFO (CarpetX): Grid cells: 4096   Grid cell updates per second: 108113
INFO (CarpetX): Performance:
INFO (CarpetX):   total evolution time:            2.1249 sec
INFO (CarpetX):   total evolution compute time:    2.12454 sec
INFO (CarpetX):   total evolution output time:     0.000360489 sec
INFO (CarpetX):   total iterations:                56
INFO (CarpetX):   total cells updated:             229376
INFO (CarpetX):   average iterations per second: 26.3542
INFO (CarpetX):   average cell updates per second: 107947
INFO (CarpetX): OutputGH: iteration 57, time 0.222656, run time 3 s
INFO (CarpetX): OutputGH done.
INFO (CarpetX): Simulation time: 0.222656   Iterations per second: 26.4055   Simulation time per second: 0.103146
INFO (CarpetX): Grid cells: 4096   Grid cell updates per second: 108157
INFO (CarpetX): Performance:
INFO (CarpetX):   total evolution time:            2.16263 sec
INFO (CarpetX):   total evolution compute time:    2.16227 sec
INFO (CarpetX):   total evolution output time:     0.000365496 sec
INFO (CarpetX):   total iterations:                57
INFO (CarpetX):   total cells updated:             233472
INFO (CarpetX):   average iterations per second: 26.3568
INFO (CarpetX):   average cell updates per second: 107957
INFO (CarpetX): OutputGH: iteration 58, time 0.226562, run time 3 s
INFO (CarpetX): OutputGH done.
INFO (CarpetX): Simulation time: 0.226562   Iterations per second: 26.4117   Simulation time per second: 0.103171
INFO (CarpetX): Grid cells: 4096   Grid cell updates per second: 108182
INFO (CarpetX): Performance:
INFO (CarpetX):   total evolution time:            2.20042 sec
INFO (CarpetX):   total evolution compute time:    2.20005 sec
INFO (CarpetX):   total evolution output time:     0.000370502 sec
INFO (CarpetX):   total iterations:                58
INFO (CarpetX):   total cells updated:             237568
INFO (CarpetX):   average iterations per second: 26.3587
INFO (CarpetX):   average cell updates per second: 107965
INFO (CarpetX): OutputGH: iteration 59, time 0.230469, run time 3 s
INFO (CarpetX): OutputGH done.
INFO (CarpetX): Simulation time: 0.230469   Iterations per second: 26.4184   Simulation time per second: 0.103197
INFO (CarpetX): Grid cells: 4096   Grid cell updates per second: 108210
INFO (CarpetX): Performance:
INFO (CarpetX):   total evolution time:            2.23818 sec
INFO (CarpetX):   total evolution compute time:    2.2378 sec
INFO (CarpetX):   total evolution output time:     0.000377417 sec
INFO (CarpetX):   total iterations:                59
INFO (CarpetX):   total cells updated:             241664
INFO (CarpetX):   average iterations per second: 26.3607
INFO (CarpetX):   average cell updates per second: 107973
INFO (CarpetX): OutputGH: iteration 60, time 0.234375, run time 3 s
INFO (CarpetX): OutputGH done.
INFO (CarpetX): Simulation time: 0.234375   Iterations per second: 26.4231   Simulation time per second: 0.103215
INFO (CarpetX): Grid cells: 4096   Grid cell updates per second: 108229
INFO (CarpetX): Performance:
INFO (CarpetX):   total evolution time:            2.27597 sec
INFO (CarpetX):   total evolution compute time:    2.27558 sec
INFO (CarpetX):   total evolution output time:     0.000383377 sec
INFO (CarpetX):   total iterations:                60
INFO (CarpetX):   total cells updated:             245760
INFO (CarpetX):   average iterations per second: 26.3624
INFO (CarpetX):   average cell updates per second: 107980
INFO (CarpetX): OutputGH: iteration 61, time 0.238281, run time 3 s
INFO (CarpetX): OutputGH done.
INFO (CarpetX): Simulation time: 0.238281   Iterations per second: 26.4157   Simulation time per second: 0.103186
INFO (CarpetX): Grid cells: 4096   Grid cell updates per second: 108199
INFO (CarpetX): Performance:
INFO (CarpetX):   total evolution time:            2.31392 sec
INFO (CarpetX):   total evolution compute time:    2.31353 sec
INFO (CarpetX):   total evolution output time:     0.00039053 sec
INFO (CarpetX):   total iterations:                61
INFO (CarpetX):   total cells updated:             249856
INFO (CarpetX):   average iterations per second: 26.3622
INFO (CarpetX):   average cell updates per second: 107980
INFO (CarpetX): OutputGH: iteration 62, time 0.242188, run time 3 s
INFO (CarpetX): OutputGH done.
INFO (CarpetX): Simulation time: 0.242188   Iterations per second: 26.4234   Simulation time per second: 0.103217
INFO (CarpetX): Grid cells: 4096   Grid cell updates per second: 108230
INFO (CarpetX): Performance:
INFO (CarpetX):   total evolution time:            2.35166 sec
INFO (CarpetX):   total evolution compute time:    2.35127 sec
INFO (CarpetX):   total evolution output time:     0.000397444 sec
INFO (CarpetX):   total iterations:                62
INFO (CarpetX):   total cells updated:             253952
INFO (CarpetX):   average iterations per second: 26.3643
INFO (CarpetX):   average cell updates per second: 107988
INFO (CarpetX): OutputGH: iteration 63, time 0.246094, run time 4 s
INFO (CarpetX): OutputGH done.
INFO (CarpetX): Simulation time: 0.246094   Iterations per second: 26.4328   Simulation time per second: 0.103253
INFO (CarpetX): Grid cells: 4096   Grid cell updates per second: 108269
INFO (CarpetX): Performance:
INFO (CarpetX):   total evolution time:            2.38937 sec
INFO (CarpetX):   total evolution compute time:    2.38897 sec
INFO (CarpetX):   total evolution output time:     0.000402451 sec
INFO (CarpetX):   total iterations:                63
INFO (CarpetX):   total cells updated:             258048
INFO (CarpetX):   average iterations per second: 26.3667
INFO (CarpetX):   average cell updates per second: 107998
INFO (CarpetX): OutputGH: iteration 64, time 0.250000, run time 4 s
INFO (CarpetX): OutputGH done.
INFO (CarpetX): Simulation time: 0.25   Iterations per second: 14.5222   Simulation time per second: 0.0567274
INFO (CarpetX): Grid cells: 4096   Grid cell updates per second: 59483
INFO (CarpetX): Performance:
INFO (CarpetX):   total evolution time:            2.73749 sec
INFO (CarpetX):   total evolution compute time:    2.43096 sec
INFO (CarpetX):   total evolution output time:     0.306532 sec
INFO (CarpetX):   total iterations:                64
INFO (CarpetX):   total cells updated:             262144
INFO (CarpetX):   average iterations per second: 23.3791
INFO (CarpetX):   average cell updates per second: 95760.8
INFO (CarpetX): Shutting down...
AMReX (25.11) finalized
--------------------------------------------------------------------------------
Done.
+ echo Stopping:
Stopping:
+ date
Tue Jul  7 23:24:09 UTC 2026
+ echo Done.
Done.
  Elapsed time: 3.7 s
