/home/runner/simulations/TestJob01_temp_2/output-0000/TEST/sim/CanudaX_BSSNMoL
Preparing:
+ set -e
+ cd output-0000-active
+ echo Checking:
Checking:
+ pwd
/home/runner/simulations/TestJob01_temp_2/output-0000/TEST/sim/CanudaX_BSSNMoL/output-0000-active
+ hostname
runnervmmklqx
+ date
Mon Jun 29 18:35:43 UTC 2026
+ echo Environment:
Environment:
+ export CACTUS_NUM_PROCS=2
+ CACTUS_NUM_PROCS=2
+ export CACTUS_NUM_THREADS=1
+ CACTUS_NUM_THREADS=1
+ export GMON_OUT_PREFIX=gmon.out
+ GMON_OUT_PREFIX=gmon.out
+ export OMP_NUM_THREADS=1
+ OMP_NUM_THREADS=1
+ env
+ sort
+ echo Starting:
Starting:
++ date +%s
+ export CACTUS_STARTTIME=1782758143
+ CACTUS_STARTTIME=1782758143
+ '[' 2 = 1 ']'
+ mpirun -np 2 /home/runner/simulations/TestJob01_temp_2/SIMFACTORY/exe/cactus_sim -L 3 /home/runner/simulations/TestJob01_temp_2/output-0000/arrangements/CanudaX/CanudaX_BSSNMoL/test/gaugewave.par
INFO (Cactus): Increased logging level from 0 to 3
--------------------------------------------------------------------------------

       10                                  
  1   0101       ************************  
  01  1010 10      The Cactus Code V4.20.0    
 1010 1101 011      www.cactuscode.org     
  1001 100101    ************************  
    00010101                               
     100011     (c) Copyright The Authors  
      0100      GNU Licensed. No Warranty  
      0101                                 
--------------------------------------------------------------------------------

Cactus version:    4.20.0
Compile date:      Jun 29 2026 (18:12:34)
Run date:          Jun 29 2026 (18:35:44+0000)
Run host:          runnervmmklqx.t0wjbh1ntu3exmtqficsg1sdwa.cx.internal.cloudapp.net (pid=176272)
Working directory: /home/runner/simulations/TestJob01_temp_2/output-0000/TEST/sim/CanudaX_BSSNMoL
Executable:        /home/runner/simulations/TestJob01_temp_2/SIMFACTORY/exe/cactus_sim
Parameter file:    /home/runner/simulations/TestJob01_temp_2/output-0000/arrangements/CanudaX/CanudaX_BSSNMoL/test/gaugewave.par
--------------------------------------------------------------------------------

Activating thorn Cactus...Success -> active implementation Cactus
Activation requested for 
--->ADMBaseX CanudaX_BSSNMoL CanudaX_ExactID CarpetX IOUtil ODESolvers TmunuBaseX<---
Thorn ADMBaseX requests automatic activation of Loop
Thorn CarpetX requests automatic activation of AMReX
Thorn CarpetX requests automatic activation of MPI
Thorn CarpetX requests automatic activation of yaml_cpp
Thorn CarpetX requests automatic activation of zlib
Thorn CarpetX requests automatic activation of Arith
Thorn CarpetX requests automatic activation of CarpetXRegrid
Thorn CarpetX requests automatic activation of ADIOS2
Thorn CarpetX requests automatic activation of openPMD
Thorn CarpetX requests automatic activation of Silo
Thorn ADIOS2 requests automatic activation of CMake
Thorn Arith requests automatic activation of NSIMD
Thorn MPI requests automatic activation of hwloc
Thorn openPMD requests automatic activation of HDF5
Activating thorn ADIOS2...Success -> active implementation ADIOS2
Activating thorn ADMBaseX...Success -> active implementation ADMBaseX
Activating thorn AMReX...Success -> active implementation AMReX
Activating thorn Arith...Success -> active implementation Arith
Activating thorn CanudaX_BSSNMoL...Success -> active implementation CanudaX_BSSNMoL
Activating thorn CanudaX_ExactID...Success -> active implementation CanudaX_ExactID
Activating thorn CarpetX...Success -> active implementation Driver
Activating thorn CarpetXRegrid...Success -> active implementation CarpetXRegrid
Activating thorn CMake...Success -> active implementation CMake
Activating thorn HDF5...Success -> active implementation HDF5
Activating thorn hwloc...Success -> active implementation hwloc
Activating thorn IOUtil...Success -> active implementation IO
Activating thorn Loop...Success -> active implementation Loop
Activating thorn MPI...Success -> active implementation MPI
Activating thorn NSIMD...Success -> active implementation NSIMD
Activating thorn ODESolvers...Success -> active implementation ODESolvers
Activating thorn openPMD...Success -> active implementation openPMD
Activating thorn Silo...Success -> active implementation Silo
Activating thorn TmunuBaseX...Success -> active implementation TmunuBaseX
Activating thorn yaml_cpp...Success -> active implementation yaml_cpp
Activating thorn zlib...Success -> active implementation zlib
--------------------------------------------------------------------------------
  if (recover initial data)
    Recover parameters
  endif

  Startup routines
    [CCTK_STARTUP]
      CarpetX::Driver_Startup: Start up the driver
      IOUtil::IOUtil_Startup: Startup routine
      GROUP hwloc_startup: hwloc startup group
        hwloc::hwloc_version: Output hwloc version

  Startup routines which need an existing grid hierarchy
    [CCTK_WRAGH]
      Arith::Test_smallvector: [meta] Test small vectors
      Arith::Test_spvect: [meta] Test sparse vectors
      ODESolvers::ODESolvers_InitConstants: [global] Set up dummy loop counters for schedule printout
  Parameter checking routines
    [CCTK_PARAMCHECK]
      CanudaX_BSSNMoL::CanudaX_BSSNMoL_paramcheck: Check CanudaX_BSSNMoL parameters for consistency

  Initialisation
    if (NOT (recover initial data AND recovery_mode is 'strict'))
      [CCTK_PREREGRIDINITIAL]
      Set up grid hierarchy
      [CCTK_POSTREGRIDINITIAL]
      [CCTK_BASEGRID]
        CarpetXRegrid::CarpetXRegrid_InitError: Initialize regridding error to zero
        GROUP ODESolvers_BaseGrid: Set up constants (e.g. coordinates) everywhere on the grid
      [CCTK_INITIAL]
        GROUP TmunuBaseX_SetTmunuVars: Schedule group for setting T_munu
          TmunuBaseX::TmunuBaseX_ZeroTmunu: Set T_munu to zero
          GROUP TmunuBaseX_AddToTmunu: Add to T_munu here
        GROUP ODESolvers_Initial: Set up initial conditions on interior of state vector
          GROUP ADMBaseX_InitialData: Schedule group for calculating ADM initial data
            GROUP CanudaX_ExactIDGroup: CanudaX_ExactID group for setting up initial data
              CanudaX_ExactID::CanudaX_ExactID_GaugeWave: [local] Create gauge wave initial data
          GROUP ADMBaseX_InitialGauge: Schedule group for the ADM initial gauge condition
            ADMBaseX::ADMBaseX_initial_dtlapse: Set dtlapse to zero
            ADMBaseX::ADMBaseX_initial_dtshift: Set dtshift to zero
          GROUP ADMBaseX_PostInitial: Schedule group for modifying the ADM initial data, such as e.g. adding noise
        GROUP CanudaX_BSSNMoL_InitialGroup: CanudaX_BSSNMoL: initial bin
          CanudaX_BSSNMoL::CanudaX_BSSNMoL_adm2bssn: [local] Convert initial data into BSSN variables
          CanudaX_BSSNMoL::CanudaX_BSSNMoL_gammat: [local] Set Gammat initial data
      [CCTK_POSTINITIAL]
        GROUP ODESolvers_PostStep: Apply boundary conditions to state vector, and project if necessary
          GROUP CanudaX_BSSNMoL_PostStepGroup: CanudaX_BSSNMoL: post-step operations
            CanudaX_BSSNMoL::CanudaX_BSSNMoL_impose_conf_fac_floor: Make sure conformal factor does not drop below specified value
            CanudaX_BSSNMoL::CanudaX_BSSNMoL_reset_detmetric: reset dethh = 1
            CanudaX_BSSNMoL::CanudaX_BSSNMoL_remove_trA: Remove trace of A
            CanudaX_BSSNMoL::CanudaX_BSSNMoL_sync: [global] Sync state vector
            CanudaX_BSSNMoL::CanudaX_BSSNMoL_bssn2adm: [local] Convert variables back to the ADM ones
          GROUP ADMBaseX_SetADMRHS: Set ADM RHS variables in this group
          GROUP ADMBaseX_SetADMVars: Set ADM variables in this group
          GROUP TmunuBaseX_SetTmunuVars: Schedule group for setting T_munu
            TmunuBaseX::TmunuBaseX_ZeroTmunu: Set T_munu to zero
            GROUP TmunuBaseX_AddToTmunu: Add to T_munu here
        GROUP ODESolvers_EstimateError: Estimate discretization error (for regridding)
      Initialise finer grids recursively
      Restrict from finer grids
      [CCTK_POSTRESTRICTINITIAL]
      [CCTK_POSTPOSTINITIAL]
      [CCTK_POSTSTEP]
        GROUP ODESolvers_EstimateError: Estimate discretization error (for regridding)
    endif
    if (recover initial data)
      [CCTK_BASEGRID]
        CarpetXRegrid::CarpetXRegrid_InitError: Initialize regridding error to zero
        GROUP ODESolvers_BaseGrid: Set up constants (e.g. coordinates) everywhere on the grid
      [CCTK_RECOVER_VARIABLES]
      [CCTK_POST_RECOVER_VARIABLES]
        GROUP ODESolvers_PostStep: Apply boundary conditions to state vector, and project if necessary
          GROUP CanudaX_BSSNMoL_PostStepGroup: CanudaX_BSSNMoL: post-step operations
            CanudaX_BSSNMoL::CanudaX_BSSNMoL_impose_conf_fac_floor: Make sure conformal factor does not drop below specified value
            CanudaX_BSSNMoL::CanudaX_BSSNMoL_reset_detmetric: reset dethh = 1
            CanudaX_BSSNMoL::CanudaX_BSSNMoL_remove_trA: Remove trace of A
            CanudaX_BSSNMoL::CanudaX_BSSNMoL_sync: [global] Sync state vector
            CanudaX_BSSNMoL::CanudaX_BSSNMoL_bssn2adm: [local] Convert variables back to the ADM ones
          GROUP ADMBaseX_SetADMRHS: Set ADM RHS variables in this group
          GROUP ADMBaseX_SetADMVars: Set ADM variables in this group
          GROUP TmunuBaseX_SetTmunuVars: Schedule group for setting T_munu
            TmunuBaseX::TmunuBaseX_ZeroTmunu: Set T_munu to zero
            GROUP TmunuBaseX_AddToTmunu: Add to T_munu here
        GROUP ODESolvers_EstimateError: Estimate discretization error (for regridding)
    endif
    if (checkpoint initial data)
      [CCTK_CPINITIAL]
        CarpetX::CarpetX_CheckpointInitial: [meta] Checkpoint initial conditions
    endif
    if (analysis)
      [CCTK_ANALYSIS]
        CanudaX_BSSNMoL::CanudaX_BSSNMoL_bssn_constraints: Compute constraints
        GROUP ODESolvers_Analysis: Calculate analysis quantities everywhere
  endif
  Output grid variables

  do loop over timesteps
    [CCTK_PREREGRID]
    Change grid hierarchy
    [CCTK_POSTREGRID]
      GROUP ODESolvers_PostStep: Apply boundary conditions to state vector, and project if necessary
        GROUP CanudaX_BSSNMoL_PostStepGroup: CanudaX_BSSNMoL: post-step operations
          CanudaX_BSSNMoL::CanudaX_BSSNMoL_impose_conf_fac_floor: Make sure conformal factor does not drop below specified value
          CanudaX_BSSNMoL::CanudaX_BSSNMoL_reset_detmetric: reset dethh = 1
          CanudaX_BSSNMoL::CanudaX_BSSNMoL_remove_trA: Remove trace of A
          CanudaX_BSSNMoL::CanudaX_BSSNMoL_sync: [global] Sync state vector
          CanudaX_BSSNMoL::CanudaX_BSSNMoL_bssn2adm: [local] Convert variables back to the ADM ones
        GROUP ADMBaseX_SetADMRHS: Set ADM RHS variables in this group
        GROUP ADMBaseX_SetADMVars: Set ADM variables in this group
        GROUP TmunuBaseX_SetTmunuVars: Schedule group for setting T_munu
          TmunuBaseX::TmunuBaseX_ZeroTmunu: Set T_munu to zero
          GROUP TmunuBaseX_AddToTmunu: Add to T_munu here
    Rotate timelevels
    iteration = iteration+1
    t = t+dt
    [CCTK_PRESTEP]
    [CCTK_EVOL]
      ODESolvers::ODESolvers_Solve: [level] Solve ODEs
      while (ODESolvers::do_substeps)
        GROUP ODESolvers_CalledBySolve: Groups internally scheduled by ODESolvers_Solve
          GROUP ODESolvers_RHS: Evaluate the RHS for of state vector everywhere on the grid
            GROUP CanudaX_BSSNMoL_RHSGroup: CanudaX_BSSNMoL: calculate BSSN RHS
              CanudaX_BSSNMoL::CanudaX_BSSNMoL_calc_bssn_rhs: MoL RHS calculation
              CanudaX_BSSNMoL::CanudaX_BSSNMoL_apply_boundary_conditions: Apply radiative boundary conditions 
          GROUP ODESolvers_PostStep: Apply boundary conditions to state vector, and project if necessary
            GROUP CanudaX_BSSNMoL_PostStepGroup: CanudaX_BSSNMoL: post-step operations
              CanudaX_BSSNMoL::CanudaX_BSSNMoL_impose_conf_fac_floor: Make sure conformal factor does not drop below specified value
              CanudaX_BSSNMoL::CanudaX_BSSNMoL_reset_detmetric: reset dethh = 1
              CanudaX_BSSNMoL::CanudaX_BSSNMoL_remove_trA: Remove trace of A
              CanudaX_BSSNMoL::CanudaX_BSSNMoL_sync: [global] Sync state vector
              CanudaX_BSSNMoL::CanudaX_BSSNMoL_bssn2adm: [local] Convert variables back to the ADM ones
            GROUP ADMBaseX_SetADMRHS: Set ADM RHS variables in this group
            GROUP ADMBaseX_SetADMVars: Set ADM variables in this group
            GROUP TmunuBaseX_SetTmunuVars: Schedule group for setting T_munu
              TmunuBaseX::TmunuBaseX_ZeroTmunu: Set T_munu to zero
              GROUP TmunuBaseX_AddToTmunu: Add to T_munu here
      end while
    Evolve finer grids recursively
    Restrict from finer grids
    [CCTK_POSTRESTRICT]
      GROUP ODESolvers_PostStep: Apply boundary conditions to state vector, and project if necessary
        GROUP CanudaX_BSSNMoL_PostStepGroup: CanudaX_BSSNMoL: post-step operations
          CanudaX_BSSNMoL::CanudaX_BSSNMoL_impose_conf_fac_floor: Make sure conformal factor does not drop below specified value
          CanudaX_BSSNMoL::CanudaX_BSSNMoL_reset_detmetric: reset dethh = 1
          CanudaX_BSSNMoL::CanudaX_BSSNMoL_remove_trA: Remove trace of A
          CanudaX_BSSNMoL::CanudaX_BSSNMoL_sync: [global] Sync state vector
          CanudaX_BSSNMoL::CanudaX_BSSNMoL_bssn2adm: [local] Convert variables back to the ADM ones
        GROUP ADMBaseX_SetADMRHS: Set ADM RHS variables in this group
        GROUP ADMBaseX_SetADMVars: Set ADM variables in this group
        GROUP TmunuBaseX_SetTmunuVars: Schedule group for setting T_munu
          TmunuBaseX::TmunuBaseX_ZeroTmunu: Set T_munu to zero
          GROUP TmunuBaseX_AddToTmunu: Add to T_munu here
    [CCTK_POSTSTEP]
      GROUP ODESolvers_EstimateError: Estimate discretization error (for regridding)
    if (checkpoint)
      [CCTK_CHECKPOINT]
      CarpetX::CarpetX_Checkpoint: [meta] Checkpoint
    endif
    if (analysis)
      [CCTK_ANALYSIS]
      CanudaX_BSSNMoL::CanudaX_BSSNMoL_bssn_constraints: Compute constraints
      GROUP ODESolvers_Analysis: Calculate analysis quantities everywhere
    endif
    Output grid variables
    enddo

  Termination routines
    [CCTK_TERMINATE]
      CarpetX::CarpetX_CheckpointTerminate: [meta] Checkpoint before terminating

  Shutdown routines
    [CCTK_SHUTDOWN]
      CarpetX::Driver_Shutdown: [meta] Shut down the driver

  Routines run after changing the grid hierarchy:
    [CCTK_POSTREGRID]
      GROUP ODESolvers_PostStep: Apply boundary conditions to state vector, and project if necessary
        GROUP CanudaX_BSSNMoL_PostStepGroup: CanudaX_BSSNMoL: post-step operations
          CanudaX_BSSNMoL::CanudaX_BSSNMoL_impose_conf_fac_floor: Make sure conformal factor does not drop below specified value
          CanudaX_BSSNMoL::CanudaX_BSSNMoL_reset_detmetric: reset dethh = 1
          CanudaX_BSSNMoL::CanudaX_BSSNMoL_remove_trA: Remove trace of A
          CanudaX_BSSNMoL::CanudaX_BSSNMoL_sync: [global] Sync state vector
          CanudaX_BSSNMoL::CanudaX_BSSNMoL_bssn2adm: [local] Convert variables back to the ADM ones
        GROUP ADMBaseX_SetADMRHS: Set ADM RHS variables in this group
        GROUP ADMBaseX_SetADMVars: Set ADM variables in this group
        GROUP TmunuBaseX_SetTmunuVars: Schedule group for setting T_munu
          TmunuBaseX::TmunuBaseX_ZeroTmunu: Set T_munu to zero
          GROUP TmunuBaseX_AddToTmunu: Add to T_munu here
--------------------------------------------------------------------------------
INFO (hwloc): library version 2.10.0, API version 0x20800
--------------------------------------------------------------------------------

  [34m  ▕▏  [34m  ▕▏  [34m  ▕▏  [34m  ▕▏  [34m  ▕▏  [34m  ▕▏  [34m  ▕▏  [34m  ▕▏  [34m  ▕▏  [39m  
  [34m──██──[34m──██──[34m──██──[34m──██──[34m──██──[34m──██──[34m──██──[34m──██──[34m──██──[39m  
  [34m  ▕▏  [34m  ▕▏  [34m  ▕▏  [34m  ▕▏  [34m  ▕▏  [34m  ▕▏  [34m  ▕▏  [34m  ▕▏  [34m  ▕▏  [39m  
  [34m  ▕▏  [32m██████[34m  ▕▏  [34m  ▕▏  [32m██████[34m  ▕▏  [34m  ▕▏  [32m██████[34m  ▕▏  [39m  
  [34m──██──[32m██████[34m──██──[34m──██──[32m██████[34m──██──[34m──██──[32m██████[34m──██──[39m  
  [34m  ▕▏  [32m██████[34m  ▕▏  [34m  ▕▏  [32m██████[34m  ▕▏  [34m  ▕▏  [32m██████[34m  ▕▏  [39m  
  [34m  ▕▏  [34m  ▕▏  [34m  ▕▏  [34m  ▕▏  [34m  ▕▏  [34m  ▕▏  [34m  ▕▏  [34m  ▕▏  [34m  ▕▏  [39m  
  [34m──██──[34m──██──[34m──██──[34m──██──[34m──██──[34m──██──[34m──██──[34m──██──[34m──██──[39m  
  [34m  ▕▏  [34m  ▕▏  [34m  ▕▏  [34m  ▕▏  [34m  ▕▏  [34m  ▕▏  [34m  ▕▏  [34m  ▕▏  [34m  ▕▏  [39m  
  [34m  ▕▏  [34m  ▕▏  [34m  ▕▏  [31m██████[31m██████[31m██████[34m  ▕▏  [34m  ▕▏  [34m  ▕▏  [39m  
  [34m──██──[34m──██──[34m──██──[31m██████[31m██████[31m██████[34m──██──[34m──██──[34m──██──[39m  
  [34m  ▕▏  [34m  ▕▏  [34m  ▕▏  [31m██████[31m██████[31m██████[34m  ▕▏  [34m  ▕▏  [34m  ▕▏  [39m  
  [34m  ▕▏  [32m██████[34m  ▕▏  [31m██████[31m██████[31m██████[34m  ▕▏  [32m██████[34m  ▕▏  [39m  
  [34m──██──[32m██████[34m──██──[31m██████[31m██████[31m██████[34m──██──[32m██████[34m──██──[39m  
  [34m  ▕▏  [32m██████[34m  ▕▏  [31m██████[31m██████[31m██████[34m  ▕▏  [32m██████[34m  ▕▏  [39m  
  [34m  ▕▏  [34m  ▕▏  [34m  ▕▏  [31m██████[31m██████[31m██████[34m  ▕▏  [34m  ▕▏  [34m  ▕▏  [39m  
  [34m──██──[34m──██──[34m──██──[31m██████[31m██████[31m██████[34m──██──[34m──██──[34m──██──[39m  
  [34m  ▕▏  [34m  ▕▏  [34m  ▕▏  [31m██████[31m██████[31m██████[34m  ▕▏  [34m  ▕▏  [34m  ▕▏  [39m  
  [34m  ▕▏  [34m  ▕▏  [34m  ▕▏  [34m  ▕▏  [34m  ▕▏  [34m  ▕▏  [34m  ▕▏  [34m  ▕▏  [34m  ▕▏  [39m  
  [34m──██──[34m──██──[34m──██──[34m──██──[34m──██──[34m──██──[34m──██──[34m──██──[34m──██──[39m  
  [34m  ▕▏  [34m  ▕▏  [34m  ▕▏  [34m  ▕▏  [34m  ▕▏  [34m  ▕▏  [34m  ▕▏  [34m  ▕▏  [34m  ▕▏  [39m  
  [34m  ▕▏  [32m██████[34m  ▕▏  [34m  ▕▏  [32m██████[34m  ▕▏  [34m  ▕▏  [32m██████[34m  ▕▏  [39m  
  [34m──██──[32m██████[34m──██──[34m──██──[32m██████[34m──██──[34m──██──[32m██████[34m──██──[39m  
  [34m  ▕▏  [32m██████[34m  ▕▏  [34m  ▕▏  [32m██████[34m  ▕▏  [34m  ▕▏  [32m██████[34m  ▕▏  [39m  
  [34m  ▕▏  [34m  ▕▏  [34m  ▕▏  [34m  ▕▏  [34m  ▕▏  [34m  ▕▏  [34m  ▕▏  [34m  ▕▏  [34m  ▕▏  [39m  
  [34m──██──[34m──██──[34m──██──[34m──██──[34m──██──[34m──██──[34m──██──[34m──██──[34m──██──[39m  
  [34m  ▕▏  [34m  ▕▏  [34m  ▕▏  [34m  ▕▏  [34m  ▕▏  [34m  ▕▏  [34m  ▕▏  [34m  ▕▏  [34m  ▕▏  [39m  

AMR driver provided by CarpetX,
using AMReX 25.11 (MPI, OpenMP, no accelerators, debug)
--------------------------------------------------------------------------------

Initializing AMReX (25.11)...
MPI initialized with 2 MPI processes
MPI initialized with thread support level 2
OMP initialized with 1 OMP threads
AMReX (25.11) initialized
INFO (CarpetX): 
Symmetries:
  lower x: periodic
  lower y: periodic
  lower z: periodic
  upper x: periodic
  upper y: periodic
  upper z: periodic
Default boundaries:
  lower x: symmetry_boundary
  lower y: symmetry_boundary
  lower z: symmetry_boundary
  upper x: symmetry_boundary
  upper y: symmetry_boundary
  upper z: symmetry_boundary
INFO (Arith): Test_smallvector
INFO (Arith): Test_spvect
INFO (CarpetX): Setting initial values for max_grid_size values for all levels
INFO (CarpetX): Setting up initial conditions...
INFO (CarpetX): Iteration: 0   time: 0   delta_time: 0.00390625
INFO (CarpetX): Patch 0:
INFO (CarpetX):   Grid extent:
INFO (CarpetX):     gsh=[71,15,15]
INFO (CarpetX):     blocking_factor=[8,8,8]
INFO (CarpetX):     max_grid_size=[10000000,10000000,10000000]
INFO (CarpetX):     max_tile_size=[1024000,16,32]
INFO (CarpetX):   Domain extent:
INFO (CarpetX):     xmin=[-0.5,-0.0625,-0.0625]
INFO (CarpetX):     xmax=[0.5,0.0625,0.0625]
INFO (CarpetX):     base dx=[0.015625,0.015625,0.015625]
INFO (CarpetX): Initializing level 0...
INFO (CanudaX_ExactID): Begin Gauge Wave initial data
INFO (CanudaX_ExactID): === End gauge wave initial data ===
INFO (CarpetX): Regridding...
INFO (CarpetX):   level 0: 2 boxes, 4096 cells (100%)
INFO (CarpetX): Initialized 1 levels
INFO (CarpetX): OutputGH: iteration 0, time 0.000000, run time 1 s
INFO (CarpetX): OutputGH done.
INFO (CarpetX): Starting evolution...
INFO (ODESolvers): ODE integrator is RK4
INFO (CarpetX): OutputGH: iteration 1, time 0.003906, run time 1 s
INFO (CarpetX): OutputGH done.
INFO (CarpetX): Simulation time: 0.00390625   Iterations per second: 32.6626   Simulation time per second: 0.127588
INFO (CarpetX): Grid cells: 4096   Grid cell updates per second: 133786
INFO (CarpetX): Performance:
INFO (CarpetX):   total evolution time:            0.030616 sec
INFO (CarpetX):   total evolution compute time:    0.0305862 sec
INFO (CarpetX):   total evolution output time:     2.98023e-05 sec
INFO (CarpetX):   total iterations:                1
INFO (CarpetX):   total cells updated:             4096
INFO (CarpetX):   average iterations per second: 32.6626
INFO (CarpetX):   average cell updates per second: 133786
INFO (CarpetX): OutputGH: iteration 2, time 0.007812, run time 1 s
INFO (CarpetX): OutputGH done.
INFO (CarpetX): Simulation time: 0.0078125   Iterations per second: 34.3708   Simulation time per second: 0.134261
INFO (CarpetX): Grid cells: 4096   Grid cell updates per second: 140783
INFO (CarpetX): Performance:
INFO (CarpetX):   total evolution time:            0.0581889 sec
INFO (CarpetX):   total evolution compute time:    0.0581291 sec
INFO (CarpetX):   total evolution output time:     5.98431e-05 sec
INFO (CarpetX):   total iterations:                2
INFO (CarpetX):   total cells updated:             8192
INFO (CarpetX):   average iterations per second: 34.3708
INFO (CarpetX):   average cell updates per second: 140783
INFO (CarpetX): OutputGH: iteration 3, time 0.011719, run time 1 s
INFO (CarpetX): OutputGH done.
INFO (CarpetX): Simulation time: 0.0117188   Iterations per second: 34.8968   Simulation time per second: 0.136316
INFO (CarpetX): Grid cells: 4096   Grid cell updates per second: 142937
INFO (CarpetX): Performance:
INFO (CarpetX):   total evolution time:            0.0859678 sec
INFO (CarpetX):   total evolution compute time:    0.085876 sec
INFO (CarpetX):   total evolution output time:     9.17912e-05 sec
INFO (CarpetX):   total iterations:                3
INFO (CarpetX):   total cells updated:             12288
INFO (CarpetX):   average iterations per second: 34.8968
INFO (CarpetX):   average cell updates per second: 142937
INFO (CarpetX): OutputGH: iteration 4, time 0.015625, run time 1 s
INFO (CarpetX): OutputGH done.
INFO (CarpetX): Simulation time: 0.015625   Iterations per second: 35.2675   Simulation time per second: 0.137764
INFO (CarpetX): Grid cells: 4096   Grid cell updates per second: 144456
INFO (CarpetX): Performance:
INFO (CarpetX):   total evolution time:            0.113419 sec
INFO (CarpetX):   total evolution compute time:    0.113292 sec
INFO (CarpetX):   total evolution output time:     0.000126839 sec
INFO (CarpetX):   total iterations:                4
INFO (CarpetX):   total cells updated:             16384
INFO (CarpetX):   average iterations per second: 35.2675
INFO (CarpetX):   average cell updates per second: 144456
INFO (CarpetX): OutputGH: iteration 5, time 0.019531, run time 1 s
INFO (CarpetX): OutputGH done.
INFO (CarpetX): Simulation time: 0.0195312   Iterations per second: 35.4973   Simulation time per second: 0.138661
INFO (CarpetX): Grid cells: 4096   Grid cell updates per second: 145397
INFO (CarpetX): Performance:
INFO (CarpetX):   total evolution time:            0.140856 sec
INFO (CarpetX):   total evolution compute time:    0.140697 sec
INFO (CarpetX):   total evolution output time:     0.000158787 sec
INFO (CarpetX):   total iterations:                5
INFO (CarpetX):   total cells updated:             20480
INFO (CarpetX):   average iterations per second: 35.4973
INFO (CarpetX):   average cell updates per second: 145397
INFO (CarpetX): OutputGH: iteration 6, time 0.023438, run time 1 s
INFO (CarpetX): OutputGH done.
INFO (CarpetX): Simulation time: 0.0234375   Iterations per second: 35.6301   Simulation time per second: 0.13918
INFO (CarpetX): Grid cells: 4096   Grid cell updates per second: 145941
INFO (CarpetX): Performance:
INFO (CarpetX):   total evolution time:            0.168397 sec
INFO (CarpetX):   total evolution compute time:    0.168208 sec
INFO (CarpetX):   total evolution output time:     0.000188828 sec
INFO (CarpetX):   total iterations:                6
INFO (CarpetX):   total cells updated:             24576
INFO (CarpetX):   average iterations per second: 35.6301
INFO (CarpetX):   average cell updates per second: 145941
INFO (CarpetX): OutputGH: iteration 7, time 0.027344, run time 1 s
INFO (CarpetX): OutputGH done.
INFO (CarpetX): Simulation time: 0.0273438   Iterations per second: 35.7506   Simulation time per second: 0.139651
INFO (CarpetX): Grid cells: 4096   Grid cell updates per second: 146434
INFO (CarpetX): Performance:
INFO (CarpetX):   total evolution time:            0.195801 sec
INFO (CarpetX):   total evolution compute time:    0.195584 sec
INFO (CarpetX):   total evolution output time:     0.000216722 sec
INFO (CarpetX):   total iterations:                7
INFO (CarpetX):   total cells updated:             28672
INFO (CarpetX):   average iterations per second: 35.7506
INFO (CarpetX):   average cell updates per second: 146434
INFO (CarpetX): OutputGH: iteration 8, time 0.031250, run time 1 s
INFO (CarpetX): OutputGH done.
INFO (CarpetX): Simulation time: 0.03125   Iterations per second: 35.8293   Simulation time per second: 0.139958
INFO (CarpetX): Grid cells: 4096   Grid cell updates per second: 146757
INFO (CarpetX): Performance:
INFO (CarpetX):   total evolution time:            0.223281 sec
INFO (CarpetX):   total evolution compute time:    0.223034 sec
INFO (CarpetX):   total evolution output time:     0.000246763 sec
INFO (CarpetX):   total iterations:                8
INFO (CarpetX):   total cells updated:             32768
INFO (CarpetX):   average iterations per second: 35.8293
INFO (CarpetX):   average cell updates per second: 146757
INFO (CarpetX): OutputGH: iteration 9, time 0.035156, run time 1 s
INFO (CarpetX): OutputGH done.
INFO (CarpetX): Simulation time: 0.0351562   Iterations per second: 35.9046   Simulation time per second: 0.140252
INFO (CarpetX): Grid cells: 4096   Grid cell updates per second: 147065
INFO (CarpetX): Performance:
INFO (CarpetX):   total evolution time:            0.250664 sec
INFO (CarpetX):   total evolution compute time:    0.250386 sec
INFO (CarpetX):   total evolution output time:     0.000277758 sec
INFO (CarpetX):   total iterations:                9
INFO (CarpetX):   total cells updated:             36864
INFO (CarpetX):   average iterations per second: 35.9046
INFO (CarpetX):   average cell updates per second: 147065
INFO (CarpetX): OutputGH: iteration 10, time 0.039062, run time 1 s
INFO (CarpetX): OutputGH done.
INFO (CarpetX): Simulation time: 0.0390625   Iterations per second: 35.9634   Simulation time per second: 0.140482
INFO (CarpetX): Grid cells: 4096   Grid cell updates per second: 147306
INFO (CarpetX): Performance:
INFO (CarpetX):   total evolution time:            0.27806 sec
INFO (CarpetX):   total evolution compute time:    0.277751 sec
INFO (CarpetX):   total evolution output time:     0.000309706 sec
INFO (CarpetX):   total iterations:                10
INFO (CarpetX):   total cells updated:             40960
INFO (CarpetX):   average iterations per second: 35.9634
INFO (CarpetX):   average cell updates per second: 147306
INFO (CarpetX): OutputGH: iteration 11, time 0.042969, run time 2 s
INFO (CarpetX): OutputGH done.
INFO (CarpetX): Simulation time: 0.0429688   Iterations per second: 36.0296   Simulation time per second: 0.140741
INFO (CarpetX): Grid cells: 4096   Grid cell updates per second: 147577
INFO (CarpetX): Performance:
INFO (CarpetX):   total evolution time:            0.305355 sec
INFO (CarpetX):   total evolution compute time:    0.305018 sec
INFO (CarpetX):   total evolution output time:     0.000336885 sec
INFO (CarpetX):   total iterations:                11
INFO (CarpetX):   total cells updated:             45056
INFO (CarpetX):   average iterations per second: 36.0236
INFO (CarpetX):   average cell updates per second: 147553
INFO (CarpetX): OutputGH: iteration 12, time 0.046875, run time 2 s
INFO (CarpetX): OutputGH done.
INFO (CarpetX): Simulation time: 0.046875   Iterations per second: 36.0706   Simulation time per second: 0.140901
INFO (CarpetX): Grid cells: 4096   Grid cell updates per second: 147745
INFO (CarpetX): Performance:
INFO (CarpetX):   total evolution time:            0.332795 sec
INFO (CarpetX):   total evolution compute time:    0.332432 sec
INFO (CarpetX):   total evolution output time:     0.000362873 sec
INFO (CarpetX):   total iterations:                12
INFO (CarpetX):   total cells updated:             49152
INFO (CarpetX):   average iterations per second: 36.0582
INFO (CarpetX):   average cell updates per second: 147694
INFO (CarpetX): OutputGH: iteration 13, time 0.050781, run time 2 s
INFO (CarpetX): OutputGH done.
INFO (CarpetX): Simulation time: 0.0507812   Iterations per second: 36.0999   Simulation time per second: 0.141015
INFO (CarpetX): Grid cells: 4096   Grid cell updates per second: 147865
INFO (CarpetX): Performance:
INFO (CarpetX):   total evolution time:            0.360293 sec
INFO (CarpetX):   total evolution compute time:    0.359898 sec
INFO (CarpetX):   total evolution output time:     0.00039506 sec
INFO (CarpetX):   total iterations:                13
INFO (CarpetX):   total cells updated:             53248
INFO (CarpetX):   average iterations per second: 36.0817
INFO (CarpetX):   average cell updates per second: 147791
INFO (CarpetX): OutputGH: iteration 14, time 0.054688, run time 2 s
INFO (CarpetX): OutputGH done.
INFO (CarpetX): Simulation time: 0.0546875   Iterations per second: 36.1363   Simulation time per second: 0.141158
INFO (CarpetX): Grid cells: 4096   Grid cell updates per second: 148014
INFO (CarpetX): Performance:
INFO (CarpetX):   total evolution time:            0.387715 sec
INFO (CarpetX):   total evolution compute time:    0.387291 sec
INFO (CarpetX):   total evolution output time:     0.000424147 sec
INFO (CarpetX):   total iterations:                14
INFO (CarpetX):   total cells updated:             57344
INFO (CarpetX):   average iterations per second: 36.109
INFO (CarpetX):   average cell updates per second: 147902
INFO (CarpetX): OutputGH: iteration 15, time 0.058594, run time 2 s
INFO (CarpetX): OutputGH done.
INFO (CarpetX): Simulation time: 0.0585938   Iterations per second: 36.1704   Simulation time per second: 0.141291
INFO (CarpetX): Grid cells: 4096   Grid cell updates per second: 148154
INFO (CarpetX): Performance:
INFO (CarpetX):   total evolution time:            0.415127 sec
INFO (CarpetX):   total evolution compute time:    0.414669 sec
INFO (CarpetX):   total evolution output time:     0.000458241 sec
INFO (CarpetX):   total iterations:                15
INFO (CarpetX):   total cells updated:             61440
INFO (CarpetX):   average iterations per second: 36.1335
INFO (CarpetX):   average cell updates per second: 148003
INFO (CarpetX): OutputGH: iteration 16, time 0.062500, run time 2 s
INFO (CarpetX): OutputGH done.
INFO (CarpetX): Simulation time: 0.0625   Iterations per second: 36.2075   Simulation time per second: 0.141436
INFO (CarpetX): Grid cells: 4096   Grid cell updates per second: 148306
INFO (CarpetX): Performance:
INFO (CarpetX):   total evolution time:            0.442491 sec
INFO (CarpetX):   total evolution compute time:    0.442001 sec
INFO (CarpetX):   total evolution output time:     0.000490189 sec
INFO (CarpetX):   total iterations:                16
INFO (CarpetX):   total cells updated:             65536
INFO (CarpetX):   average iterations per second: 36.1589
INFO (CarpetX):   average cell updates per second: 148107
INFO (CarpetX): OutputGH: iteration 17, time 0.066406, run time 2 s
INFO (CarpetX): OutputGH done.
INFO (CarpetX): Simulation time: 0.0664062   Iterations per second: 36.2364   Simulation time per second: 0.141549
INFO (CarpetX): Grid cells: 4096   Grid cell updates per second: 148424
INFO (CarpetX): Performance:
INFO (CarpetX):   total evolution time:            0.469889 sec
INFO (CarpetX):   total evolution compute time:    0.469366 sec
INFO (CarpetX):   total evolution output time:     0.000523329 sec
INFO (CarpetX):   total iterations:                17
INFO (CarpetX):   total cells updated:             69632
INFO (CarpetX):   average iterations per second: 36.1787
INFO (CarpetX):   average cell updates per second: 148188
INFO (CarpetX): OutputGH: iteration 18, time 0.070312, run time 2 s
INFO (CarpetX): OutputGH done.
INFO (CarpetX): Simulation time: 0.0703125   Iterations per second: 36.27   Simulation time per second: 0.14168
INFO (CarpetX): Grid cells: 4096   Grid cell updates per second: 148562
INFO (CarpetX): Performance:
INFO (CarpetX):   total evolution time:            0.49723 sec
INFO (CarpetX):   total evolution compute time:    0.496677 sec
INFO (CarpetX):   total evolution output time:     0.00055337 sec
INFO (CarpetX):   total iterations:                18
INFO (CarpetX):   total cells updated:             73728
INFO (CarpetX):   average iterations per second: 36.2005
INFO (CarpetX):   average cell updates per second: 148277
INFO (CarpetX): OutputGH: iteration 19, time 0.074219, run time 2 s
INFO (CarpetX): OutputGH done.
INFO (CarpetX): Simulation time: 0.0742188   Iterations per second: 36.2823   Simulation time per second: 0.141728
INFO (CarpetX): Grid cells: 4096   Grid cell updates per second: 148612
INFO (CarpetX): Performance:
INFO (CarpetX):   total evolution time:            0.524708 sec
INFO (CarpetX):   total evolution compute time:    0.524127 sec
INFO (CarpetX):   total evolution output time:     0.000581503 sec
INFO (CarpetX):   total iterations:                19
INFO (CarpetX):   total cells updated:             77824
INFO (CarpetX):   average iterations per second: 36.2106
INFO (CarpetX):   average cell updates per second: 148319
INFO (CarpetX): OutputGH: iteration 20, time 0.078125, run time 2 s
INFO (CarpetX): OutputGH done.
INFO (CarpetX): Simulation time: 0.078125   Iterations per second: 36.2647   Simulation time per second: 0.141659
INFO (CarpetX): Grid cells: 4096   Grid cell updates per second: 148540
INFO (CarpetX): Performance:
INFO (CarpetX):   total evolution time:            0.552403 sec
INFO (CarpetX):   total evolution compute time:    0.551789 sec
INFO (CarpetX):   total evolution output time:     0.000614405 sec
INFO (CarpetX):   total iterations:                20
INFO (CarpetX):   total cells updated:             81920
INFO (CarpetX):   average iterations per second: 36.2055
INFO (CarpetX):   average cell updates per second: 148298
INFO (CarpetX): OutputGH: iteration 21, time 0.082031, run time 2 s
INFO (CarpetX): OutputGH done.
INFO (CarpetX): Simulation time: 0.0820312   Iterations per second: 36.2687   Simulation time per second: 0.141675
INFO (CarpetX): Grid cells: 4096   Grid cell updates per second: 148556
INFO (CarpetX): Performance:
INFO (CarpetX):   total evolution time:            0.579948 sec
INFO (CarpetX):   total evolution compute time:    0.579302 sec
INFO (CarpetX):   total evolution output time:     0.000646353 sec
INFO (CarpetX):   total iterations:                21
INFO (CarpetX):   total cells updated:             86016
INFO (CarpetX):   average iterations per second: 36.2101
INFO (CarpetX):   average cell updates per second: 148317
INFO (CarpetX): OutputGH: iteration 22, time 0.085938, run time 2 s
INFO (CarpetX): OutputGH done.
INFO (CarpetX): Simulation time: 0.0859375   Iterations per second: 36.2719   Simulation time per second: 0.141687
INFO (CarpetX): Grid cells: 4096   Grid cell updates per second: 148570
INFO (CarpetX): Performance:
INFO (CarpetX):   total evolution time:            0.607496 sec
INFO (CarpetX):   total evolution compute time:    0.606817 sec
INFO (CarpetX):   total evolution output time:     0.000678301 sec
INFO (CarpetX):   total iterations:                22
INFO (CarpetX):   total cells updated:             90112
INFO (CarpetX):   average iterations per second: 36.2142
INFO (CarpetX):   average cell updates per second: 148334
INFO (CarpetX): OutputGH: iteration 23, time 0.089844, run time 2 s
INFO (CarpetX): OutputGH done.
INFO (CarpetX): Simulation time: 0.0898438   Iterations per second: 36.3076   Simulation time per second: 0.141827
INFO (CarpetX): Grid cells: 4096   Grid cell updates per second: 148716
INFO (CarpetX): Performance:
INFO (CarpetX):   total evolution time:            0.634794 sec
INFO (CarpetX):   total evolution compute time:    0.634087 sec
INFO (CarpetX):   total evolution output time:     0.000706434 sec
INFO (CarpetX):   total iterations:                23
INFO (CarpetX):   total cells updated:             94208
INFO (CarpetX):   average iterations per second: 36.2322
INFO (CarpetX):   average cell updates per second: 148407
INFO (CarpetX): OutputGH: iteration 24, time 0.093750, run time 2 s
INFO (CarpetX): OutputGH done.
INFO (CarpetX): Simulation time: 0.09375   Iterations per second: 36.3231   Simulation time per second: 0.141887
INFO (CarpetX): Grid cells: 4096   Grid cell updates per second: 148780
INFO (CarpetX): Performance:
INFO (CarpetX):   total evolution time:            0.662219 sec
INFO (CarpetX):   total evolution compute time:    0.661481 sec
INFO (CarpetX):   total evolution output time:     0.000737429 sec
INFO (CarpetX):   total iterations:                24
INFO (CarpetX):   total cells updated:             98304
INFO (CarpetX):   average iterations per second: 36.2418
INFO (CarpetX):   average cell updates per second: 148446
INFO (CarpetX): OutputGH: iteration 25, time 0.097656, run time 2 s
INFO (CarpetX): OutputGH done.
INFO (CarpetX): Simulation time: 0.0976562   Iterations per second: 36.3418   Simulation time per second: 0.14196
INFO (CarpetX): Grid cells: 4096   Grid cell updates per second: 148856
INFO (CarpetX): Performance:
INFO (CarpetX):   total evolution time:            0.689608 sec
INFO (CarpetX):   total evolution compute time:    0.688843 sec
INFO (CarpetX):   total evolution output time:     0.00076437 sec
INFO (CarpetX):   total iterations:                25
INFO (CarpetX):   total cells updated:             102400
INFO (CarpetX):   average iterations per second: 36.2525
INFO (CarpetX):   average cell updates per second: 148490
INFO (CarpetX): OutputGH: iteration 26, time 0.101562, run time 2 s
INFO (CarpetX): OutputGH done.
INFO (CarpetX): Simulation time: 0.101562   Iterations per second: 36.3501   Simulation time per second: 0.141992
INFO (CarpetX): Grid cells: 4096   Grid cell updates per second: 148890
INFO (CarpetX): Performance:
INFO (CarpetX):   total evolution time:            0.717062 sec
INFO (CarpetX):   total evolution compute time:    0.716271 sec
INFO (CarpetX):   total evolution output time:     0.000790358 sec
INFO (CarpetX):   total iterations:                26
INFO (CarpetX):   total cells updated:             106496
INFO (CarpetX):   average iterations per second: 36.2591
INFO (CarpetX):   average cell updates per second: 148517
INFO (CarpetX): OutputGH: iteration 27, time 0.105469, run time 2 s
INFO (CarpetX): OutputGH done.
INFO (CarpetX): Simulation time: 0.105469   Iterations per second: 36.3138   Simulation time per second: 0.141851
INFO (CarpetX): Grid cells: 4096   Grid cell updates per second: 148741
INFO (CarpetX): Performance:
INFO (CarpetX):   total evolution time:            0.744847 sec
INFO (CarpetX):   total evolution compute time:    0.74401 sec
INFO (CarpetX):   total evolution output time:     0.000836372 sec
INFO (CarpetX):   total iterations:                27
INFO (CarpetX):   total cells updated:             110592
INFO (CarpetX):   average iterations per second: 36.2491
INFO (CarpetX):   average cell updates per second: 148476
INFO (CarpetX): OutputGH: iteration 28, time 0.109375, run time 2 s
INFO (CarpetX): OutputGH done.
INFO (CarpetX): Simulation time: 0.109375   Iterations per second: 36.314   Simulation time per second: 0.141852
INFO (CarpetX): Grid cells: 4096   Grid cell updates per second: 148742
INFO (CarpetX): Performance:
INFO (CarpetX):   total evolution time:            0.772383 sec
INFO (CarpetX):   total evolution compute time:    0.771515 sec
INFO (CarpetX):   total evolution output time:     0.000867367 sec
INFO (CarpetX):   total iterations:                28
INFO (CarpetX):   total cells updated:             114688
INFO (CarpetX):   average iterations per second: 36.2515
INFO (CarpetX):   average cell updates per second: 148486
INFO (CarpetX): OutputGH: iteration 29, time 0.113281, run time 2 s
INFO (CarpetX): OutputGH done.
INFO (CarpetX): Simulation time: 0.113281   Iterations per second: 36.2971   Simulation time per second: 0.141786
INFO (CarpetX): Grid cells: 4096   Grid cell updates per second: 148673
INFO (CarpetX): Performance:
INFO (CarpetX):   total evolution time:            0.800049 sec
INFO (CarpetX):   total evolution compute time:    0.79915 sec
INFO (CarpetX):   total evolution output time:     0.000898361 sec
INFO (CarpetX):   total iterations:                29
INFO (CarpetX):   total cells updated:             118784
INFO (CarpetX):   average iterations per second: 36.2478
INFO (CarpetX):   average cell updates per second: 148471
INFO (CarpetX): OutputGH: iteration 30, time 0.117188, run time 2 s
INFO (CarpetX): OutputGH done.
INFO (CarpetX): Simulation time: 0.117188   Iterations per second: 36.294   Simulation time per second: 0.141773
INFO (CarpetX): Grid cells: 4096   Grid cell updates per second: 148660
INFO (CarpetX): Performance:
INFO (CarpetX):   total evolution time:            0.827623 sec
INFO (CarpetX):   total evolution compute time:    0.826695 sec
INFO (CarpetX):   total evolution output time:     0.000928164 sec
INFO (CarpetX):   total iterations:                30
INFO (CarpetX):   total cells updated:             122880
INFO (CarpetX):   average iterations per second: 36.2484
INFO (CarpetX):   average cell updates per second: 148473
INFO (CarpetX): OutputGH: iteration 31, time 0.121094, run time 2 s
INFO (CarpetX): OutputGH done.
INFO (CarpetX): Simulation time: 0.121094   Iterations per second: 36.3017   Simulation time per second: 0.141804
INFO (CarpetX): Grid cells: 4096   Grid cell updates per second: 148692
INFO (CarpetX): Performance:
INFO (CarpetX):   total evolution time:            0.855117 sec
INFO (CarpetX):   total evolution compute time:    0.854158 sec
INFO (CarpetX):   total evolution output time:     0.000959158 sec
INFO (CarpetX):   total iterations:                31
INFO (CarpetX):   total cells updated:             126976
INFO (CarpetX):   average iterations per second: 36.2524
INFO (CarpetX):   average cell updates per second: 148490
INFO (CarpetX): OutputGH: iteration 32, time 0.125000, run time 2 s
INFO (CarpetX): OutputGH done.
INFO (CarpetX): Simulation time: 0.125   Iterations per second: 36.2997   Simulation time per second: 0.141796
INFO (CarpetX): Grid cells: 4096   Grid cell updates per second: 148684
INFO (CarpetX): Performance:
INFO (CarpetX):   total evolution time:            0.882679 sec
INFO (CarpetX):   total evolution compute time:    0.881689 sec
INFO (CarpetX):   total evolution output time:     0.000990152 sec
INFO (CarpetX):   total iterations:                32
INFO (CarpetX):   total cells updated:             131072
INFO (CarpetX):   average iterations per second: 36.2533
INFO (CarpetX):   average cell updates per second: 148493
INFO (CarpetX): OutputGH: iteration 33, time 0.128906, run time 2 s
INFO (CarpetX): OutputGH done.
INFO (CarpetX): Simulation time: 0.128906   Iterations per second: 36.3382   Simulation time per second: 0.141946
INFO (CarpetX): Grid cells: 4096   Grid cell updates per second: 148841
INFO (CarpetX): Performance:
INFO (CarpetX):   total evolution time:            0.909936 sec
INFO (CarpetX):   total evolution compute time:    0.908918 sec
INFO (CarpetX):   total evolution output time:     0.00101805 sec
INFO (CarpetX):   total iterations:                33
INFO (CarpetX):   total cells updated:             135168
INFO (CarpetX):   average iterations per second: 36.2663
INFO (CarpetX):   average cell updates per second: 148547
INFO (CarpetX): OutputGH: iteration 34, time 0.132812, run time 2 s
INFO (CarpetX): OutputGH done.
INFO (CarpetX): Simulation time: 0.132812   Iterations per second: 36.3522   Simulation time per second: 0.142001
INFO (CarpetX): Grid cells: 4096   Grid cell updates per second: 148899
INFO (CarpetX): Performance:
INFO (CarpetX):   total evolution time:            0.937349 sec
INFO (CarpetX):   total evolution compute time:    0.936299 sec
INFO (CarpetX):   total evolution output time:     0.00105 sec
INFO (CarpetX):   total iterations:                34
INFO (CarpetX):   total cells updated:             139264
INFO (CarpetX):   average iterations per second: 36.2725
INFO (CarpetX):   average cell updates per second: 148572
INFO (CarpetX): OutputGH: iteration 35, time 0.136719, run time 2 s
INFO (CarpetX): OutputGH done.
INFO (CarpetX): Simulation time: 0.136719   Iterations per second: 36.3786   Simulation time per second: 0.142104
INFO (CarpetX): Grid cells: 4096   Grid cell updates per second: 149007
INFO (CarpetX): Performance:
INFO (CarpetX):   total evolution time:            0.964658 sec
INFO (CarpetX):   total evolution compute time:    0.963581 sec
INFO (CarpetX):   total evolution output time:     0.00107718 sec
INFO (CarpetX):   total iterations:                35
INFO (CarpetX):   total cells updated:             143360
INFO (CarpetX):   average iterations per second: 36.2823
INFO (CarpetX):   average cell updates per second: 148612
INFO (CarpetX): OutputGH: iteration 36, time 0.140625, run time 2 s
INFO (CarpetX): OutputGH done.
INFO (CarpetX): Simulation time: 0.140625   Iterations per second: 36.4008   Simulation time per second: 0.142191
INFO (CarpetX): Grid cells: 4096   Grid cell updates per second: 149098
INFO (CarpetX): Performance:
INFO (CarpetX):   total evolution time:            0.991979 sec
INFO (CarpetX):   total evolution compute time:    0.990873 sec
INFO (CarpetX):   total evolution output time:     0.00110626 sec
INFO (CarpetX):   total iterations:                36
INFO (CarpetX):   total cells updated:             147456
INFO (CarpetX):   average iterations per second: 36.2911
INFO (CarpetX):   average cell updates per second: 148648
INFO (CarpetX): OutputGH: iteration 37, time 0.144531, run time 2 s
INFO (CarpetX): OutputGH done.
INFO (CarpetX): Simulation time: 0.144531   Iterations per second: 36.4062   Simulation time per second: 0.142212
INFO (CarpetX): Grid cells: 4096   Grid cell updates per second: 149120
INFO (CarpetX): Performance:
INFO (CarpetX):   total evolution time:            1.01941 sec
INFO (CarpetX):   total evolution compute time:    1.01828 sec
INFO (CarpetX):   total evolution output time:     0.0011344 sec
INFO (CarpetX):   total iterations:                37
INFO (CarpetX):   total cells updated:             151552
INFO (CarpetX):   average iterations per second: 36.2955
INFO (CarpetX):   average cell updates per second: 148666
INFO (CarpetX): OutputGH: iteration 38, time 0.148438, run time 2 s
INFO (CarpetX): OutputGH done.
INFO (CarpetX): Simulation time: 0.148438   Iterations per second: 36.4186   Simulation time per second: 0.14226
INFO (CarpetX): Grid cells: 4096   Grid cell updates per second: 149170
INFO (CarpetX): Performance:
INFO (CarpetX):   total evolution time:            1.04678 sec
INFO (CarpetX):   total evolution compute time:    1.04562 sec
INFO (CarpetX):   total evolution output time:     0.00116158 sec
INFO (CarpetX):   total iterations:                38
INFO (CarpetX):   total cells updated:             155648
INFO (CarpetX):   average iterations per second: 36.3016
INFO (CarpetX):   average cell updates per second: 148691
INFO (CarpetX): OutputGH: iteration 39, time 0.152344, run time 2 s
INFO (CarpetX): OutputGH done.
INFO (CarpetX): Simulation time: 0.152344   Iterations per second: 36.4235   Simulation time per second: 0.142279
INFO (CarpetX): Grid cells: 4096   Grid cell updates per second: 149191
INFO (CarpetX): Performance:
INFO (CarpetX):   total evolution time:            1.07421 sec
INFO (CarpetX):   total evolution compute time:    1.07301 sec
INFO (CarpetX):   total evolution output time:     0.00119162 sec
INFO (CarpetX):   total iterations:                39
INFO (CarpetX):   total cells updated:             159744
INFO (CarpetX):   average iterations per second: 36.3059
INFO (CarpetX):   average cell updates per second: 148709
INFO (CarpetX): OutputGH: iteration 40, time 0.156250, run time 2 s
INFO (CarpetX): OutputGH done.
INFO (CarpetX): Simulation time: 0.15625   Iterations per second: 36.4346   Simulation time per second: 0.142323
INFO (CarpetX): Grid cells: 4096   Grid cell updates per second: 149236
INFO (CarpetX): Performance:
INFO (CarpetX):   total evolution time:            1.10158 sec
INFO (CarpetX):   total evolution compute time:    1.10036 sec
INFO (CarpetX):   total evolution output time:     0.0012176 sec
INFO (CarpetX):   total iterations:                40
INFO (CarpetX):   total cells updated:             163840
INFO (CarpetX):   average iterations per second: 36.3116
INFO (CarpetX):   average cell updates per second: 148732
INFO (CarpetX): OutputGH: iteration 41, time 0.160156, run time 2 s
INFO (CarpetX): OutputGH done.
INFO (CarpetX): Simulation time: 0.160156   Iterations per second: 36.4294   Simulation time per second: 0.142302
INFO (CarpetX): Grid cells: 4096   Grid cell updates per second: 149215
INFO (CarpetX): Performance:
INFO (CarpetX):   total evolution time:            1.12906 sec
INFO (CarpetX):   total evolution compute time:    1.12781 sec
INFO (CarpetX):   total evolution output time:     0.00124955 sec
INFO (CarpetX):   total iterations:                41
INFO (CarpetX):   total cells updated:             167936
INFO (CarpetX):   average iterations per second: 36.3133
INFO (CarpetX):   average cell updates per second: 148739
INFO (CarpetX): OutputGH: iteration 42, time 0.164062, run time 2 s
INFO (CarpetX): OutputGH done.
INFO (CarpetX): Simulation time: 0.164062   Iterations per second: 36.4416   Simulation time per second: 0.14235
INFO (CarpetX): Grid cells: 4096   Grid cell updates per second: 149265
INFO (CarpetX): Performance:
INFO (CarpetX):   total evolution time:            1.15642 sec
INFO (CarpetX):   total evolution compute time:    1.15515 sec
INFO (CarpetX):   total evolution output time:     0.00127363 sec
INFO (CarpetX):   total iterations:                42
INFO (CarpetX):   total cells updated:             172032
INFO (CarpetX):   average iterations per second: 36.3189
INFO (CarpetX):   average cell updates per second: 148762
INFO (CarpetX): OutputGH: iteration 43, time 0.167969, run time 2 s
INFO (CarpetX): OutputGH done.
INFO (CarpetX): Simulation time: 0.167969   Iterations per second: 36.4552   Simulation time per second: 0.142403
INFO (CarpetX): Grid cells: 4096   Grid cell updates per second: 149320
INFO (CarpetX): Performance:
INFO (CarpetX):   total evolution time:            1.18376 sec
INFO (CarpetX):   total evolution compute time:    1.18246 sec
INFO (CarpetX):   total evolution output time:     0.00130463 sec
INFO (CarpetX):   total iterations:                43
INFO (CarpetX):   total cells updated:             176128
INFO (CarpetX):   average iterations per second: 36.3249
INFO (CarpetX):   average cell updates per second: 148787
INFO (CarpetX): OutputGH: iteration 44, time 0.171875, run time 2 s
INFO (CarpetX): OutputGH done.
INFO (CarpetX): Simulation time: 0.171875   Iterations per second: 36.4689   Simulation time per second: 0.142457
INFO (CarpetX): Grid cells: 4096   Grid cell updates per second: 149377
INFO (CarpetX): Performance:
INFO (CarpetX):   total evolution time:            1.21109 sec
INFO (CarpetX):   total evolution compute time:    1.20975 sec
INFO (CarpetX):   total evolution output time:     0.00133562 sec
INFO (CarpetX):   total iterations:                44
INFO (CarpetX):   total cells updated:             180224
INFO (CarpetX):   average iterations per second: 36.331
INFO (CarpetX):   average cell updates per second: 148812
INFO (CarpetX): OutputGH: iteration 45, time 0.175781, run time 2 s
INFO (CarpetX): OutputGH done.
INFO (CarpetX): Simulation time: 0.175781   Iterations per second: 36.4823   Simulation time per second: 0.142509
INFO (CarpetX): Grid cells: 4096   Grid cell updates per second: 149431
INFO (CarpetX): Performance:
INFO (CarpetX):   total evolution time:            1.23841 sec
INFO (CarpetX):   total evolution compute time:    1.23705 sec
INFO (CarpetX):   total evolution output time:     0.0013597 sec
INFO (CarpetX):   total iterations:                45
INFO (CarpetX):   total cells updated:             184320
INFO (CarpetX):   average iterations per second: 36.337
INFO (CarpetX):   average cell updates per second: 148836
INFO (CarpetX): OutputGH: iteration 46, time 0.179688, run time 2 s
INFO (CarpetX): OutputGH done.
INFO (CarpetX): Simulation time: 0.179688   Iterations per second: 36.5065   Simulation time per second: 0.142603
INFO (CarpetX): Grid cells: 4096   Grid cell updates per second: 149531
INFO (CarpetX): Performance:
INFO (CarpetX):   total evolution time:            1.26564 sec
INFO (CarpetX):   total evolution compute time:    1.26425 sec
INFO (CarpetX):   total evolution output time:     0.00138783 sec
INFO (CarpetX):   total iterations:                46
INFO (CarpetX):   total cells updated:             188416
INFO (CarpetX):   average iterations per second: 36.3453
INFO (CarpetX):   average cell updates per second: 148870
INFO (CarpetX): OutputGH: iteration 47, time 0.183594, run time 3 s
INFO (CarpetX): OutputGH done.
INFO (CarpetX): Simulation time: 0.183594   Iterations per second: 36.5283   Simulation time per second: 0.142689
INFO (CarpetX): Grid cells: 4096   Grid cell updates per second: 149620
INFO (CarpetX): Performance:
INFO (CarpetX):   total evolution time:            1.29287 sec
INFO (CarpetX):   total evolution compute time:    1.29145 sec
INFO (CarpetX):   total evolution output time:     0.00141287 sec
INFO (CarpetX):   total iterations:                47
INFO (CarpetX):   total cells updated:             192512
INFO (CarpetX):   average iterations per second: 36.3533
INFO (CarpetX):   average cell updates per second: 148903
INFO (CarpetX): OutputGH: iteration 48, time 0.187500, run time 3 s
INFO (CarpetX): OutputGH done.
INFO (CarpetX): Simulation time: 0.1875   Iterations per second: 36.5172   Simulation time per second: 0.142645
INFO (CarpetX): Grid cells: 4096   Grid cell updates per second: 149574
INFO (CarpetX): Performance:
INFO (CarpetX):   total evolution time:            1.32032 sec
INFO (CarpetX):   total evolution compute time:    1.31889 sec
INFO (CarpetX):   total evolution output time:     0.00143766 sec
INFO (CarpetX):   total iterations:                48
INFO (CarpetX):   total cells updated:             196608
INFO (CarpetX):   average iterations per second: 36.3547
INFO (CarpetX):   average cell updates per second: 148909
INFO (CarpetX): OutputGH: iteration 49, time 0.191406, run time 3 s
INFO (CarpetX): OutputGH done.
INFO (CarpetX): Simulation time: 0.191406   Iterations per second: 36.5219   Simulation time per second: 0.142664
INFO (CarpetX): Grid cells: 4096   Grid cell updates per second: 149594
INFO (CarpetX): Performance:
INFO (CarpetX):   total evolution time:            1.34767 sec
INFO (CarpetX):   total evolution compute time:    1.34621 sec
INFO (CarpetX):   total evolution output time:     0.00146365 sec
INFO (CarpetX):   total iterations:                49
INFO (CarpetX):   total cells updated:             200704
INFO (CarpetX):   average iterations per second: 36.3589
INFO (CarpetX):   average cell updates per second: 148926
INFO (CarpetX): OutputGH: iteration 50, time 0.195312, run time 3 s
INFO (CarpetX): OutputGH done.
INFO (CarpetX): Simulation time: 0.195312   Iterations per second: 36.5347   Simulation time per second: 0.142714
INFO (CarpetX): Grid cells: 4096   Grid cell updates per second: 149646
INFO (CarpetX): Performance:
INFO (CarpetX):   total evolution time:            1.37496 sec
INFO (CarpetX):   total evolution compute time:    1.37347 sec
INFO (CarpetX):   total evolution output time:     0.00149274 sec
INFO (CarpetX):   total iterations:                50
INFO (CarpetX):   total cells updated:             204800
INFO (CarpetX):   average iterations per second: 36.3647
INFO (CarpetX):   average cell updates per second: 148950
INFO (CarpetX): OutputGH: iteration 51, time 0.199219, run time 3 s
INFO (CarpetX): OutputGH done.
INFO (CarpetX): Simulation time: 0.199219   Iterations per second: 36.5589   Simulation time per second: 0.142808
INFO (CarpetX): Grid cells: 4096   Grid cell updates per second: 149745
INFO (CarpetX): Performance:
INFO (CarpetX):   total evolution time:            1.40215 sec
INFO (CarpetX):   total evolution compute time:    1.40063 sec
INFO (CarpetX):   total evolution output time:     0.00151873 sec
INFO (CarpetX):   total iterations:                51
INFO (CarpetX):   total cells updated:             208896
INFO (CarpetX):   average iterations per second: 36.3727
INFO (CarpetX):   average cell updates per second: 148983
INFO (CarpetX): OutputGH: iteration 52, time 0.203125, run time 3 s
INFO (CarpetX): OutputGH done.
INFO (CarpetX): Simulation time: 0.203125   Iterations per second: 36.5842   Simulation time per second: 0.142907
INFO (CarpetX): Grid cells: 4096   Grid cell updates per second: 149849
INFO (CarpetX): Performance:
INFO (CarpetX):   total evolution time:            1.42931 sec
INFO (CarpetX):   total evolution compute time:    1.42776 sec
INFO (CarpetX):   total evolution output time:     0.00154972 sec
INFO (CarpetX):   total iterations:                52
INFO (CarpetX):   total cells updated:             212992
INFO (CarpetX):   average iterations per second: 36.3811
INFO (CarpetX):   average cell updates per second: 149017
INFO (CarpetX): OutputGH: iteration 53, time 0.207031, run time 3 s
INFO (CarpetX): OutputGH done.
INFO (CarpetX): Simulation time: 0.207031   Iterations per second: 36.5816   Simulation time per second: 0.142897
INFO (CarpetX): Grid cells: 4096   Grid cell updates per second: 149838
INFO (CarpetX): Performance:
INFO (CarpetX):   total evolution time:            1.45667 sec
INFO (CarpetX):   total evolution compute time:    1.45509 sec
INFO (CarpetX):   total evolution output time:     0.00157785 sec
INFO (CarpetX):   total iterations:                53
INFO (CarpetX):   total cells updated:             217088
INFO (CarpetX):   average iterations per second: 36.3844
INFO (CarpetX):   average cell updates per second: 149031
INFO (CarpetX): OutputGH: iteration 54, time 0.210938, run time 3 s
INFO (CarpetX): OutputGH done.
INFO (CarpetX): Simulation time: 0.210938   Iterations per second: 36.5392   Simulation time per second: 0.142731
INFO (CarpetX): Grid cells: 4096   Grid cell updates per second: 149665
INFO (CarpetX): Performance:
INFO (CarpetX):   total evolution time:            1.48432 sec
INFO (CarpetX):   total evolution compute time:    1.48271 sec
INFO (CarpetX):   total evolution output time:     0.00160694 sec
INFO (CarpetX):   total iterations:                54
INFO (CarpetX):   total cells updated:             221184
INFO (CarpetX):   average iterations per second: 36.3803
INFO (CarpetX):   average cell updates per second: 149014
INFO (CarpetX): OutputGH: iteration 55, time 0.214844, run time 3 s
INFO (CarpetX): OutputGH done.
INFO (CarpetX): Simulation time: 0.214844   Iterations per second: 36.4853   Simulation time per second: 0.142521
INFO (CarpetX): Grid cells: 4096   Grid cell updates per second: 149444
INFO (CarpetX): Performance:
INFO (CarpetX):   total evolution time:            1.51209 sec
INFO (CarpetX):   total evolution compute time:    1.51046 sec
INFO (CarpetX):   total evolution output time:     0.00163603 sec
INFO (CarpetX):   total iterations:                55
INFO (CarpetX):   total cells updated:             225280
INFO (CarpetX):   average iterations per second: 36.3735
INFO (CarpetX):   average cell updates per second: 148986
INFO (CarpetX): OutputGH: iteration 56, time 0.218750, run time 3 s
INFO (CarpetX): OutputGH done.
INFO (CarpetX): Simulation time: 0.21875   Iterations per second: 36.435   Simulation time per second: 0.142324
INFO (CarpetX): Grid cells: 4096   Grid cell updates per second: 149238
INFO (CarpetX): Performance:
INFO (CarpetX):   total evolution time:            1.53988 sec
INFO (CarpetX):   total evolution compute time:    1.53821 sec
INFO (CarpetX):   total evolution output time:     0.00167084 sec
INFO (CarpetX):   total iterations:                56
INFO (CarpetX):   total cells updated:             229376
INFO (CarpetX):   average iterations per second: 36.3665
INFO (CarpetX):   average cell updates per second: 148957
INFO (CarpetX): OutputGH: iteration 57, time 0.222656, run time 3 s
INFO (CarpetX): OutputGH done.
INFO (CarpetX): Simulation time: 0.222656   Iterations per second: 36.2829   Simulation time per second: 0.14173
INFO (CarpetX): Grid cells: 4096   Grid cell updates per second: 148615
INFO (CarpetX): Performance:
INFO (CarpetX):   total evolution time:            1.56848 sec
INFO (CarpetX):   total evolution compute time:    1.56677 sec
INFO (CarpetX):   total evolution output time:     0.00170469 sec
INFO (CarpetX):   total iterations:                57
INFO (CarpetX):   total cells updated:             233472
INFO (CarpetX):   average iterations per second: 36.341
INFO (CarpetX):   average cell updates per second: 148853
INFO (CarpetX): OutputGH: iteration 58, time 0.226562, run time 3 s
INFO (CarpetX): OutputGH done.
INFO (CarpetX): Simulation time: 0.226562   Iterations per second: 36.2546   Simulation time per second: 0.14162
INFO (CarpetX): Grid cells: 4096   Grid cell updates per second: 148499
INFO (CarpetX): Performance:
INFO (CarpetX):   total evolution time:            1.59625 sec
INFO (CarpetX):   total evolution compute time:    1.59452 sec
INFO (CarpetX):   total evolution output time:     0.00173473 sec
INFO (CarpetX):   total iterations:                58
INFO (CarpetX):   total cells updated:             237568
INFO (CarpetX):   average iterations per second: 36.3351
INFO (CarpetX):   average cell updates per second: 148829
INFO (CarpetX): OutputGH: iteration 59, time 0.230469, run time 3 s
INFO (CarpetX): OutputGH done.
INFO (CarpetX): Simulation time: 0.230469   Iterations per second: 36.2661   Simulation time per second: 0.141665
INFO (CarpetX): Grid cells: 4096   Grid cell updates per second: 148546
INFO (CarpetX): Performance:
INFO (CarpetX):   total evolution time:            1.62375 sec
INFO (CarpetX):   total evolution compute time:    1.62198 sec
INFO (CarpetX):   total evolution output time:     0.00176477 sec
INFO (CarpetX):   total iterations:                59
INFO (CarpetX):   total cells updated:             241664
INFO (CarpetX):   average iterations per second: 36.3357
INFO (CarpetX):   average cell updates per second: 148831
INFO (CarpetX): OutputGH: iteration 60, time 0.234375, run time 3 s
INFO (CarpetX): OutputGH done.
INFO (CarpetX): Simulation time: 0.234375   Iterations per second: 36.2728   Simulation time per second: 0.141691
INFO (CarpetX): Grid cells: 4096   Grid cell updates per second: 148573
INFO (CarpetX): Performance:
INFO (CarpetX):   total evolution time:            1.65127 sec
INFO (CarpetX):   total evolution compute time:    1.64947 sec
INFO (CarpetX):   total evolution output time:     0.00179768 sec
INFO (CarpetX):   total iterations:                60
INFO (CarpetX):   total cells updated:             245760
INFO (CarpetX):   average iterations per second: 36.3357
INFO (CarpetX):   average cell updates per second: 148831
INFO (CarpetX): OutputGH: iteration 61, time 0.238281, run time 3 s
INFO (CarpetX): OutputGH done.
INFO (CarpetX): Simulation time: 0.238281   Iterations per second: 36.2937   Simulation time per second: 0.141772
INFO (CarpetX): Grid cells: 4096   Grid cell updates per second: 148659
INFO (CarpetX): Performance:
INFO (CarpetX):   total evolution time:            1.67868 sec
INFO (CarpetX):   total evolution compute time:    1.67686 sec
INFO (CarpetX):   total evolution output time:     0.00182366 sec
INFO (CarpetX):   total iterations:                61
INFO (CarpetX):   total cells updated:             249856
INFO (CarpetX):   average iterations per second: 36.3381
INFO (CarpetX):   average cell updates per second: 148841
INFO (CarpetX): OutputGH: iteration 62, time 0.242188, run time 3 s
INFO (CarpetX): OutputGH done.
INFO (CarpetX): Simulation time: 0.242188   Iterations per second: 36.3102   Simulation time per second: 0.141837
INFO (CarpetX): Grid cells: 4096   Grid cell updates per second: 148727
INFO (CarpetX): Performance:
INFO (CarpetX):   total evolution time:            1.70611 sec
INFO (CarpetX):   total evolution compute time:    1.70426 sec
INFO (CarpetX):   total evolution output time:     0.00185251 sec
INFO (CarpetX):   total iterations:                62
INFO (CarpetX):   total cells updated:             253952
INFO (CarpetX):   average iterations per second: 36.34
INFO (CarpetX):   average cell updates per second: 148849
INFO (CarpetX): OutputGH: iteration 63, time 0.246094, run time 3 s
INFO (CarpetX): OutputGH done.
INFO (CarpetX): Simulation time: 0.246094   Iterations per second: 36.2555   Simulation time per second: 0.141623
INFO (CarpetX): Grid cells: 4096   Grid cell updates per second: 148502
INFO (CarpetX): Performance:
INFO (CarpetX):   total evolution time:            1.73406 sec
INFO (CarpetX):   total evolution compute time:    1.73219 sec
INFO (CarpetX):   total evolution output time:     0.0018785 sec
INFO (CarpetX):   total iterations:                63
INFO (CarpetX):   total cells updated:             258048
INFO (CarpetX):   average iterations per second: 36.3308
INFO (CarpetX):   average cell updates per second: 148811
INFO (CarpetX): OutputGH: iteration 64, time 0.250000, run time 3 s
INFO (CarpetX): OutputGH done.
INFO (CarpetX): Simulation time: 0.25   Iterations per second: 15.3444   Simulation time per second: 0.059939
INFO (CarpetX): Grid cells: 4096   Grid cell updates per second: 62850.6
INFO (CarpetX): Performance:
INFO (CarpetX):   total evolution time:            2.13753 sec
INFO (CarpetX):   total evolution compute time:    1.76251 sec
INFO (CarpetX):   total evolution output time:     0.375019 sec
INFO (CarpetX):   total iterations:                64
INFO (CarpetX):   total cells updated:             262144
INFO (CarpetX):   average iterations per second: 29.9411
INFO (CarpetX):   average cell updates per second: 122639
INFO (CarpetX): Shutting down...
AMReX (25.11) finalized
--------------------------------------------------------------------------------
Done.
+ echo Stopping:
Stopping:
+ date
Mon Jun 29 18:35:46 UTC 2026
+ echo Done.
Done.
  Elapsed time: 3.3 s
