/home/runner/simulations/TestJob01_temp_2/output-0000/TEST/sim/CanudaX_BSSNMoL
Preparing:
+ set -e
+ cd output-0000-active
+ echo Checking:
Checking:
+ pwd
/home/runner/simulations/TestJob01_temp_2/output-0000/TEST/sim/CanudaX_BSSNMoL/output-0000-active
+ hostname
runnervm3jd5f
+ date
Sun Jul 19 17:55:36 UTC 2026
+ echo Environment:
Environment:
+ export CACTUS_NUM_PROCS=2
+ CACTUS_NUM_PROCS=2
+ export CACTUS_NUM_THREADS=1
+ CACTUS_NUM_THREADS=1
+ export GMON_OUT_PREFIX=gmon.out
+ GMON_OUT_PREFIX=gmon.out
+ export OMP_NUM_THREADS=1
+ OMP_NUM_THREADS=1
+ env
+ sort
+ echo Starting:
Starting:
++ date +%s
+ export CACTUS_STARTTIME=1784483736
+ CACTUS_STARTTIME=1784483736
+ '[' 2 = 1 ']'
+ mpirun -np 2 /home/runner/simulations/TestJob01_temp_2/SIMFACTORY/exe/cactus_sim -L 3 /home/runner/simulations/TestJob01_temp_2/output-0000/arrangements/CanudaX/CanudaX_BSSNMoL/test/gaugewave.par
INFO (Cactus): Increased logging level from 0 to 3
--------------------------------------------------------------------------------

       10                                  
  1   0101       ************************  
  01  1010 10      The Cactus Code V4.20.0    
 1010 1101 011      www.cactuscode.org     
  1001 100101    ************************  
    00010101                               
     100011     (c) Copyright The Authors  
      0100      GNU Licensed. No Warranty  
      0101                                 
--------------------------------------------------------------------------------

Cactus version:    4.20.0
Compile date:      Jul 19 2026 (17:32:50)
Run date:          Jul 19 2026 (17:55:36+0000)
Run host:          runnervm3jd5f.net0ibprzlqujb4ppu2xd1znfd.ex.internal.cloudapp.net (pid=176341)
Working directory: /home/runner/simulations/TestJob01_temp_2/output-0000/TEST/sim/CanudaX_BSSNMoL
Executable:        /home/runner/simulations/TestJob01_temp_2/SIMFACTORY/exe/cactus_sim
Parameter file:    /home/runner/simulations/TestJob01_temp_2/output-0000/arrangements/CanudaX/CanudaX_BSSNMoL/test/gaugewave.par
--------------------------------------------------------------------------------

Activating thorn Cactus...Success -> active implementation Cactus
Activation requested for 
--->ADMBaseX CanudaX_BSSNMoL CanudaX_ExactID CarpetX IOUtil ODESolvers TmunuBaseX<---
Thorn ADMBaseX requests automatic activation of Loop
Thorn CarpetX requests automatic activation of AMReX
Thorn CarpetX requests automatic activation of MPI
Thorn CarpetX requests automatic activation of yaml_cpp
Thorn CarpetX requests automatic activation of zlib
Thorn CarpetX requests automatic activation of Arith
Thorn CarpetX requests automatic activation of CarpetXRegrid
Thorn CarpetX requests automatic activation of ADIOS2
Thorn CarpetX requests automatic activation of openPMD
Thorn CarpetX requests automatic activation of Silo
Thorn ADIOS2 requests automatic activation of CMake
Thorn Arith requests automatic activation of NSIMD
Thorn MPI requests automatic activation of hwloc
Thorn openPMD requests automatic activation of HDF5
Activating thorn ADIOS2...Success -> active implementation ADIOS2
Activating thorn ADMBaseX...Success -> active implementation ADMBaseX
Activating thorn AMReX...Success -> active implementation AMReX
Activating thorn Arith...Success -> active implementation Arith
Activating thorn CanudaX_BSSNMoL...Success -> active implementation CanudaX_BSSNMoL
Activating thorn CanudaX_ExactID...Success -> active implementation CanudaX_ExactID
Activating thorn CarpetX...Success -> active implementation Driver
Activating thorn CarpetXRegrid...Success -> active implementation CarpetXRegrid
Activating thorn CMake...Success -> active implementation CMake
Activating thorn HDF5...Success -> active implementation HDF5
Activating thorn hwloc...Success -> active implementation hwloc
Activating thorn IOUtil...Success -> active implementation IO
Activating thorn Loop...Success -> active implementation Loop
Activating thorn MPI...Success -> active implementation MPI
Activating thorn NSIMD...Success -> active implementation NSIMD
Activating thorn ODESolvers...Success -> active implementation ODESolvers
Activating thorn openPMD...Success -> active implementation openPMD
Activating thorn Silo...Success -> active implementation Silo
Activating thorn TmunuBaseX...Success -> active implementation TmunuBaseX
Activating thorn yaml_cpp...Success -> active implementation yaml_cpp
Activating thorn zlib...Success -> active implementation zlib
--------------------------------------------------------------------------------
  if (recover initial data)
    Recover parameters
  endif

  Startup routines
    [CCTK_STARTUP]
      CarpetX::Driver_Startup: Start up the driver
      IOUtil::IOUtil_Startup: Startup routine
      GROUP hwloc_startup: hwloc startup group
        hwloc::hwloc_version: Output hwloc version

  Startup routines which need an existing grid hierarchy
    [CCTK_WRAGH]
      Arith::Test_smallvector: [meta] Test small vectors
      Arith::Test_spvect: [meta] Test sparse vectors
      ODESolvers::ODESolvers_InitConstants: [global] Set up dummy loop counters for schedule printout
  Parameter checking routines
    [CCTK_PARAMCHECK]
      CanudaX_BSSNMoL::CanudaX_BSSNMoL_paramcheck: Check CanudaX_BSSNMoL parameters for consistency

  Initialisation
    if (NOT (recover initial data AND recovery_mode is 'strict'))
      [CCTK_PREREGRIDINITIAL]
      Set up grid hierarchy
      [CCTK_POSTREGRIDINITIAL]
      [CCTK_BASEGRID]
        CarpetXRegrid::CarpetXRegrid_InitError: Initialize regridding error to zero
        GROUP ODESolvers_BaseGrid: Set up constants (e.g. coordinates) everywhere on the grid
      [CCTK_INITIAL]
        GROUP TmunuBaseX_SetTmunuVars: Schedule group for setting T_munu
          TmunuBaseX::TmunuBaseX_ZeroTmunu: Set T_munu to zero
          GROUP TmunuBaseX_AddToTmunu: Add to T_munu here
        GROUP ODESolvers_Initial: Set up initial conditions on interior of state vector
          GROUP ADMBaseX_InitialData: Schedule group for calculating ADM initial data
            GROUP CanudaX_ExactIDGroup: CanudaX_ExactID group for setting up initial data
              CanudaX_ExactID::CanudaX_ExactID_GaugeWave: [local] Create gauge wave initial data
          GROUP ADMBaseX_InitialGauge: Schedule group for the ADM initial gauge condition
            ADMBaseX::ADMBaseX_initial_dtlapse: Set dtlapse to zero
            ADMBaseX::ADMBaseX_initial_dtshift: Set dtshift to zero
          GROUP ADMBaseX_PostInitial: Schedule group for modifying the ADM initial data, such as e.g. adding noise
        GROUP CanudaX_BSSNMoL_InitialGroup: CanudaX_BSSNMoL: initial bin
          CanudaX_BSSNMoL::CanudaX_BSSNMoL_adm2bssn: [local] Convert initial data into BSSN variables
          CanudaX_BSSNMoL::CanudaX_BSSNMoL_gammat: [local] Set Gammat initial data
      [CCTK_POSTINITIAL]
        GROUP ODESolvers_PostStep: Apply boundary conditions to state vector, and project if necessary
          GROUP CanudaX_BSSNMoL_PostStepGroup: CanudaX_BSSNMoL: post-step operations
            CanudaX_BSSNMoL::CanudaX_BSSNMoL_impose_conf_fac_floor: Make sure conformal factor does not drop below specified value
            CanudaX_BSSNMoL::CanudaX_BSSNMoL_reset_detmetric: reset dethh = 1
            CanudaX_BSSNMoL::CanudaX_BSSNMoL_remove_trA: Remove trace of A
            CanudaX_BSSNMoL::CanudaX_BSSNMoL_sync: [global] Sync state vector
            CanudaX_BSSNMoL::CanudaX_BSSNMoL_bssn2adm: [local] Convert variables back to the ADM ones
          GROUP ADMBaseX_SetADMRHS: Set ADM RHS variables in this group
          GROUP ADMBaseX_SetADMVars: Set ADM variables in this group
          GROUP TmunuBaseX_SetTmunuVars: Schedule group for setting T_munu
            TmunuBaseX::TmunuBaseX_ZeroTmunu: Set T_munu to zero
            GROUP TmunuBaseX_AddToTmunu: Add to T_munu here
        GROUP ODESolvers_EstimateError: Estimate discretization error (for regridding)
      Initialise finer grids recursively
      Restrict from finer grids
      [CCTK_POSTRESTRICTINITIAL]
      [CCTK_POSTPOSTINITIAL]
      [CCTK_POSTSTEP]
        GROUP ODESolvers_EstimateError: Estimate discretization error (for regridding)
    endif
    if (recover initial data)
      [CCTK_BASEGRID]
        CarpetXRegrid::CarpetXRegrid_InitError: Initialize regridding error to zero
        GROUP ODESolvers_BaseGrid: Set up constants (e.g. coordinates) everywhere on the grid
      [CCTK_RECOVER_VARIABLES]
      [CCTK_POST_RECOVER_VARIABLES]
        GROUP ODESolvers_PostStep: Apply boundary conditions to state vector, and project if necessary
          GROUP CanudaX_BSSNMoL_PostStepGroup: CanudaX_BSSNMoL: post-step operations
            CanudaX_BSSNMoL::CanudaX_BSSNMoL_impose_conf_fac_floor: Make sure conformal factor does not drop below specified value
            CanudaX_BSSNMoL::CanudaX_BSSNMoL_reset_detmetric: reset dethh = 1
            CanudaX_BSSNMoL::CanudaX_BSSNMoL_remove_trA: Remove trace of A
            CanudaX_BSSNMoL::CanudaX_BSSNMoL_sync: [global] Sync state vector
            CanudaX_BSSNMoL::CanudaX_BSSNMoL_bssn2adm: [local] Convert variables back to the ADM ones
          GROUP ADMBaseX_SetADMRHS: Set ADM RHS variables in this group
          GROUP ADMBaseX_SetADMVars: Set ADM variables in this group
          GROUP TmunuBaseX_SetTmunuVars: Schedule group for setting T_munu
            TmunuBaseX::TmunuBaseX_ZeroTmunu: Set T_munu to zero
            GROUP TmunuBaseX_AddToTmunu: Add to T_munu here
        GROUP ODESolvers_EstimateError: Estimate discretization error (for regridding)
    endif
    if (checkpoint initial data)
      [CCTK_CPINITIAL]
        CarpetX::CarpetX_CheckpointInitial: [meta] Checkpoint initial conditions
    endif
    if (analysis)
      [CCTK_ANALYSIS]
        CanudaX_BSSNMoL::CanudaX_BSSNMoL_bssn_constraints: Compute constraints
        GROUP ODESolvers_Analysis: Calculate analysis quantities everywhere
  endif
  Output grid variables

  do loop over timesteps
    [CCTK_PREREGRID]
    Change grid hierarchy
    [CCTK_POSTREGRID]
      GROUP ODESolvers_PostStep: Apply boundary conditions to state vector, and project if necessary
        GROUP CanudaX_BSSNMoL_PostStepGroup: CanudaX_BSSNMoL: post-step operations
          CanudaX_BSSNMoL::CanudaX_BSSNMoL_impose_conf_fac_floor: Make sure conformal factor does not drop below specified value
          CanudaX_BSSNMoL::CanudaX_BSSNMoL_reset_detmetric: reset dethh = 1
          CanudaX_BSSNMoL::CanudaX_BSSNMoL_remove_trA: Remove trace of A
          CanudaX_BSSNMoL::CanudaX_BSSNMoL_sync: [global] Sync state vector
          CanudaX_BSSNMoL::CanudaX_BSSNMoL_bssn2adm: [local] Convert variables back to the ADM ones
        GROUP ADMBaseX_SetADMRHS: Set ADM RHS variables in this group
        GROUP ADMBaseX_SetADMVars: Set ADM variables in this group
        GROUP TmunuBaseX_SetTmunuVars: Schedule group for setting T_munu
          TmunuBaseX::TmunuBaseX_ZeroTmunu: Set T_munu to zero
          GROUP TmunuBaseX_AddToTmunu: Add to T_munu here
    Rotate timelevels
    iteration = iteration+1
    t = t+dt
    [CCTK_PRESTEP]
    [CCTK_EVOL]
      ODESolvers::ODESolvers_Solve: [level] Solve ODEs
      while (ODESolvers::do_substeps)
        GROUP ODESolvers_CalledBySolve: Groups internally scheduled by ODESolvers_Solve
          GROUP ODESolvers_RHS: Evaluate the RHS for of state vector everywhere on the grid
            GROUP CanudaX_BSSNMoL_RHSGroup: CanudaX_BSSNMoL: calculate BSSN RHS
              CanudaX_BSSNMoL::CanudaX_BSSNMoL_calc_bssn_rhs: MoL RHS calculation
              CanudaX_BSSNMoL::CanudaX_BSSNMoL_apply_boundary_conditions: Apply radiative boundary conditions 
          GROUP ODESolvers_PostStep: Apply boundary conditions to state vector, and project if necessary
            GROUP CanudaX_BSSNMoL_PostStepGroup: CanudaX_BSSNMoL: post-step operations
              CanudaX_BSSNMoL::CanudaX_BSSNMoL_impose_conf_fac_floor: Make sure conformal factor does not drop below specified value
              CanudaX_BSSNMoL::CanudaX_BSSNMoL_reset_detmetric: reset dethh = 1
              CanudaX_BSSNMoL::CanudaX_BSSNMoL_remove_trA: Remove trace of A
              CanudaX_BSSNMoL::CanudaX_BSSNMoL_sync: [global] Sync state vector
              CanudaX_BSSNMoL::CanudaX_BSSNMoL_bssn2adm: [local] Convert variables back to the ADM ones
            GROUP ADMBaseX_SetADMRHS: Set ADM RHS variables in this group
            GROUP ADMBaseX_SetADMVars: Set ADM variables in this group
            GROUP TmunuBaseX_SetTmunuVars: Schedule group for setting T_munu
              TmunuBaseX::TmunuBaseX_ZeroTmunu: Set T_munu to zero
              GROUP TmunuBaseX_AddToTmunu: Add to T_munu here
      end while
    Evolve finer grids recursively
    Restrict from finer grids
    [CCTK_POSTRESTRICT]
      GROUP ODESolvers_PostStep: Apply boundary conditions to state vector, and project if necessary
        GROUP CanudaX_BSSNMoL_PostStepGroup: CanudaX_BSSNMoL: post-step operations
          CanudaX_BSSNMoL::CanudaX_BSSNMoL_impose_conf_fac_floor: Make sure conformal factor does not drop below specified value
          CanudaX_BSSNMoL::CanudaX_BSSNMoL_reset_detmetric: reset dethh = 1
          CanudaX_BSSNMoL::CanudaX_BSSNMoL_remove_trA: Remove trace of A
          CanudaX_BSSNMoL::CanudaX_BSSNMoL_sync: [global] Sync state vector
          CanudaX_BSSNMoL::CanudaX_BSSNMoL_bssn2adm: [local] Convert variables back to the ADM ones
        GROUP ADMBaseX_SetADMRHS: Set ADM RHS variables in this group
        GROUP ADMBaseX_SetADMVars: Set ADM variables in this group
        GROUP TmunuBaseX_SetTmunuVars: Schedule group for setting T_munu
          TmunuBaseX::TmunuBaseX_ZeroTmunu: Set T_munu to zero
          GROUP TmunuBaseX_AddToTmunu: Add to T_munu here
    [CCTK_POSTSTEP]
      GROUP ODESolvers_EstimateError: Estimate discretization error (for regridding)
    if (checkpoint)
      [CCTK_CHECKPOINT]
      CarpetX::CarpetX_Checkpoint: [meta] Checkpoint
    endif
    if (analysis)
      [CCTK_ANALYSIS]
      CanudaX_BSSNMoL::CanudaX_BSSNMoL_bssn_constraints: Compute constraints
      GROUP ODESolvers_Analysis: Calculate analysis quantities everywhere
    endif
    Output grid variables
    enddo

  Termination routines
    [CCTK_TERMINATE]
      CarpetX::CarpetX_CheckpointTerminate: [meta] Checkpoint before terminating

  Shutdown routines
    [CCTK_SHUTDOWN]
      CarpetX::Driver_Shutdown: [meta] Shut down the driver

  Routines run after changing the grid hierarchy:
    [CCTK_POSTREGRID]
      GROUP ODESolvers_PostStep: Apply boundary conditions to state vector, and project if necessary
        GROUP CanudaX_BSSNMoL_PostStepGroup: CanudaX_BSSNMoL: post-step operations
          CanudaX_BSSNMoL::CanudaX_BSSNMoL_impose_conf_fac_floor: Make sure conformal factor does not drop below specified value
          CanudaX_BSSNMoL::CanudaX_BSSNMoL_reset_detmetric: reset dethh = 1
          CanudaX_BSSNMoL::CanudaX_BSSNMoL_remove_trA: Remove trace of A
          CanudaX_BSSNMoL::CanudaX_BSSNMoL_sync: [global] Sync state vector
          CanudaX_BSSNMoL::CanudaX_BSSNMoL_bssn2adm: [local] Convert variables back to the ADM ones
        GROUP ADMBaseX_SetADMRHS: Set ADM RHS variables in this group
        GROUP ADMBaseX_SetADMVars: Set ADM variables in this group
        GROUP TmunuBaseX_SetTmunuVars: Schedule group for setting T_munu
          TmunuBaseX::TmunuBaseX_ZeroTmunu: Set T_munu to zero
          GROUP TmunuBaseX_AddToTmunu: Add to T_munu here
--------------------------------------------------------------------------------
INFO (hwloc): library version 2.10.0, API version 0x20800
--------------------------------------------------------------------------------

  [34m  ▕▏  [34m  ▕▏  [34m  ▕▏  [34m  ▕▏  [34m  ▕▏  [34m  ▕▏  [34m  ▕▏  [34m  ▕▏  [34m  ▕▏  [39m  
  [34m──██──[34m──██──[34m──██──[34m──██──[34m──██──[34m──██──[34m──██──[34m──██──[34m──██──[39m  
  [34m  ▕▏  [34m  ▕▏  [34m  ▕▏  [34m  ▕▏  [34m  ▕▏  [34m  ▕▏  [34m  ▕▏  [34m  ▕▏  [34m  ▕▏  [39m  
  [34m  ▕▏  [32m██████[34m  ▕▏  [34m  ▕▏  [32m██████[34m  ▕▏  [34m  ▕▏  [32m██████[34m  ▕▏  [39m  
  [34m──██──[32m██████[34m──██──[34m──██──[32m██████[34m──██──[34m──██──[32m██████[34m──██──[39m  
  [34m  ▕▏  [32m██████[34m  ▕▏  [34m  ▕▏  [32m██████[34m  ▕▏  [34m  ▕▏  [32m██████[34m  ▕▏  [39m  
  [34m  ▕▏  [34m  ▕▏  [34m  ▕▏  [34m  ▕▏  [34m  ▕▏  [34m  ▕▏  [34m  ▕▏  [34m  ▕▏  [34m  ▕▏  [39m  
  [34m──██──[34m──██──[34m──██──[34m──██──[34m──██──[34m──██──[34m──██──[34m──██──[34m──██──[39m  
  [34m  ▕▏  [34m  ▕▏  [34m  ▕▏  [34m  ▕▏  [34m  ▕▏  [34m  ▕▏  [34m  ▕▏  [34m  ▕▏  [34m  ▕▏  [39m  
  [34m  ▕▏  [34m  ▕▏  [34m  ▕▏  [31m██████[31m██████[31m██████[34m  ▕▏  [34m  ▕▏  [34m  ▕▏  [39m  
  [34m──██──[34m──██──[34m──██──[31m██████[31m██████[31m██████[34m──██──[34m──██──[34m──██──[39m  
  [34m  ▕▏  [34m  ▕▏  [34m  ▕▏  [31m██████[31m██████[31m██████[34m  ▕▏  [34m  ▕▏  [34m  ▕▏  [39m  
  [34m  ▕▏  [32m██████[34m  ▕▏  [31m██████[31m██████[31m██████[34m  ▕▏  [32m██████[34m  ▕▏  [39m  
  [34m──██──[32m██████[34m──██──[31m██████[31m██████[31m██████[34m──██──[32m██████[34m──██──[39m  
  [34m  ▕▏  [32m██████[34m  ▕▏  [31m██████[31m██████[31m██████[34m  ▕▏  [32m██████[34m  ▕▏  [39m  
  [34m  ▕▏  [34m  ▕▏  [34m  ▕▏  [31m██████[31m██████[31m██████[34m  ▕▏  [34m  ▕▏  [34m  ▕▏  [39m  
  [34m──██──[34m──██──[34m──██──[31m██████[31m██████[31m██████[34m──██──[34m──██──[34m──██──[39m  
  [34m  ▕▏  [34m  ▕▏  [34m  ▕▏  [31m██████[31m██████[31m██████[34m  ▕▏  [34m  ▕▏  [34m  ▕▏  [39m  
  [34m  ▕▏  [34m  ▕▏  [34m  ▕▏  [34m  ▕▏  [34m  ▕▏  [34m  ▕▏  [34m  ▕▏  [34m  ▕▏  [34m  ▕▏  [39m  
  [34m──██──[34m──██──[34m──██──[34m──██──[34m──██──[34m──██──[34m──██──[34m──██──[34m──██──[39m  
  [34m  ▕▏  [34m  ▕▏  [34m  ▕▏  [34m  ▕▏  [34m  ▕▏  [34m  ▕▏  [34m  ▕▏  [34m  ▕▏  [34m  ▕▏  [39m  
  [34m  ▕▏  [32m██████[34m  ▕▏  [34m  ▕▏  [32m██████[34m  ▕▏  [34m  ▕▏  [32m██████[34m  ▕▏  [39m  
  [34m──██──[32m██████[34m──██──[34m──██──[32m██████[34m──██──[34m──██──[32m██████[34m──██──[39m  
  [34m  ▕▏  [32m██████[34m  ▕▏  [34m  ▕▏  [32m██████[34m  ▕▏  [34m  ▕▏  [32m██████[34m  ▕▏  [39m  
  [34m  ▕▏  [34m  ▕▏  [34m  ▕▏  [34m  ▕▏  [34m  ▕▏  [34m  ▕▏  [34m  ▕▏  [34m  ▕▏  [34m  ▕▏  [39m  
  [34m──██──[34m──██──[34m──██──[34m──██──[34m──██──[34m──██──[34m──██──[34m──██──[34m──██──[39m  
  [34m  ▕▏  [34m  ▕▏  [34m  ▕▏  [34m  ▕▏  [34m  ▕▏  [34m  ▕▏  [34m  ▕▏  [34m  ▕▏  [34m  ▕▏  [39m  

AMR driver provided by CarpetX,
using AMReX 25.11 (MPI, OpenMP, no accelerators, debug)
--------------------------------------------------------------------------------

Initializing AMReX (25.11)...
MPI initialized with 2 MPI processes
MPI initialized with thread support level 2
OMP initialized with 1 OMP threads
AMReX (25.11) initialized
INFO (CarpetX): 
Symmetries:
  lower x: periodic
  lower y: periodic
  lower z: periodic
  upper x: periodic
  upper y: periodic
  upper z: periodic
Default boundaries:
  lower x: symmetry_boundary
  lower y: symmetry_boundary
  lower z: symmetry_boundary
  upper x: symmetry_boundary
  upper y: symmetry_boundary
  upper z: symmetry_boundary
INFO (Arith): Test_smallvector
INFO (Arith): Test_spvect
INFO (CarpetX): Setting initial values for max_grid_size values for all levels
INFO (CarpetX): Setting up initial conditions...
INFO (CarpetX): Iteration: 0   time: 0   delta_time: 0.00390625
INFO (CarpetX): Patch 0:
INFO (CarpetX):   Grid extent:
INFO (CarpetX):     gsh=[71,15,15]
INFO (CarpetX):     blocking_factor=[8,8,8]
INFO (CarpetX):     max_grid_size=[10000000,10000000,10000000]
INFO (CarpetX):     max_tile_size=[1024000,16,32]
INFO (CarpetX):   Domain extent:
INFO (CarpetX):     xmin=[-0.5,-0.0625,-0.0625]
INFO (CarpetX):     xmax=[0.5,0.0625,0.0625]
INFO (CarpetX):     base dx=[0.015625,0.015625,0.015625]
INFO (CarpetX): Initializing level 0...
INFO (CanudaX_ExactID): Begin Gauge Wave initial data
INFO (CanudaX_ExactID): === End gauge wave initial data ===
INFO (CarpetX): Regridding...
INFO (CarpetX):   level 0: 2 boxes, 4096 cells (100%)
INFO (CarpetX): Initialized 1 levels
INFO (CarpetX): OutputGH: iteration 0, time 0.000000, run time 0 s
INFO (CarpetX): OutputGH done.
INFO (CarpetX): Starting evolution...
INFO (ODESolvers): ODE integrator is RK4
INFO (CarpetX): OutputGH: iteration 1, time 0.003906, run time 1 s
INFO (CarpetX): OutputGH done.
INFO (CarpetX): Simulation time: 0.00390625   Iterations per second: 32.872   Simulation time per second: 0.128406
INFO (CarpetX): Grid cells: 4096   Grid cell updates per second: 134644
INFO (CarpetX): Performance:
INFO (CarpetX):   total evolution time:            0.030421 sec
INFO (CarpetX):   total evolution compute time:    0.030395 sec
INFO (CarpetX):   total evolution output time:     2.59876e-05 sec
INFO (CarpetX):   total iterations:                1
INFO (CarpetX):   total cells updated:             4096
INFO (CarpetX):   average iterations per second: 32.872
INFO (CarpetX):   average cell updates per second: 134644
INFO (CarpetX): OutputGH: iteration 2, time 0.007812, run time 1 s
INFO (CarpetX): OutputGH done.
INFO (CarpetX): Simulation time: 0.0078125   Iterations per second: 34.1751   Simulation time per second: 0.133496
INFO (CarpetX): Grid cells: 4096   Grid cell updates per second: 139981
INFO (CarpetX): Performance:
INFO (CarpetX):   total evolution time:            0.0585222 sec
INFO (CarpetX):   total evolution compute time:    0.0584652 sec
INFO (CarpetX):   total evolution output time:     5.6982e-05 sec
INFO (CarpetX):   total iterations:                2
INFO (CarpetX):   total cells updated:             8192
INFO (CarpetX):   average iterations per second: 34.1751
INFO (CarpetX):   average cell updates per second: 139981
INFO (CarpetX): OutputGH: iteration 3, time 0.011719, run time 1 s
INFO (CarpetX): OutputGH done.
INFO (CarpetX): Simulation time: 0.0117188   Iterations per second: 34.7712   Simulation time per second: 0.135825
INFO (CarpetX): Grid cells: 4096   Grid cell updates per second: 142423
INFO (CarpetX): Performance:
INFO (CarpetX):   total evolution time:            0.0862782 sec
INFO (CarpetX):   total evolution compute time:    0.0861952 sec
INFO (CarpetX):   total evolution output time:     8.29697e-05 sec
INFO (CarpetX):   total iterations:                3
INFO (CarpetX):   total cells updated:             12288
INFO (CarpetX):   average iterations per second: 34.7712
INFO (CarpetX):   average cell updates per second: 142423
INFO (CarpetX): OutputGH: iteration 4, time 0.015625, run time 1 s
INFO (CarpetX): OutputGH done.
INFO (CarpetX): Simulation time: 0.015625   Iterations per second: 35.08   Simulation time per second: 0.137031
INFO (CarpetX): Grid cells: 4096   Grid cell updates per second: 143688
INFO (CarpetX): Performance:
INFO (CarpetX):   total evolution time:            0.114025 sec
INFO (CarpetX):   total evolution compute time:    0.113913 sec
INFO (CarpetX):   total evolution output time:     0.000112057 sec
INFO (CarpetX):   total iterations:                4
INFO (CarpetX):   total cells updated:             16384
INFO (CarpetX):   average iterations per second: 35.08
INFO (CarpetX):   average cell updates per second: 143688
INFO (CarpetX): OutputGH: iteration 5, time 0.019531, run time 1 s
INFO (CarpetX): OutputGH done.
INFO (CarpetX): Simulation time: 0.0195312   Iterations per second: 35.214   Simulation time per second: 0.137555
INFO (CarpetX): Grid cells: 4096   Grid cell updates per second: 144237
INFO (CarpetX): Performance:
INFO (CarpetX):   total evolution time:            0.141989 sec
INFO (CarpetX):   total evolution compute time:    0.14185 sec
INFO (CarpetX):   total evolution output time:     0.000139236 sec
INFO (CarpetX):   total iterations:                5
INFO (CarpetX):   total cells updated:             20480
INFO (CarpetX):   average iterations per second: 35.214
INFO (CarpetX):   average cell updates per second: 144237
INFO (CarpetX): OutputGH: iteration 6, time 0.023438, run time 1 s
INFO (CarpetX): OutputGH done.
INFO (CarpetX): Simulation time: 0.0234375   Iterations per second: 35.2634   Simulation time per second: 0.137748
INFO (CarpetX): Grid cells: 4096   Grid cell updates per second: 144439
INFO (CarpetX): Performance:
INFO (CarpetX):   total evolution time:            0.170148 sec
INFO (CarpetX):   total evolution compute time:    0.169981 sec
INFO (CarpetX):   total evolution output time:     0.000167131 sec
INFO (CarpetX):   total iterations:                6
INFO (CarpetX):   total cells updated:             24576
INFO (CarpetX):   average iterations per second: 35.2634
INFO (CarpetX):   average cell updates per second: 144439
INFO (CarpetX): OutputGH: iteration 7, time 0.027344, run time 1 s
INFO (CarpetX): OutputGH done.
INFO (CarpetX): Simulation time: 0.0273438   Iterations per second: 35.2815   Simulation time per second: 0.137818
INFO (CarpetX): Grid cells: 4096   Grid cell updates per second: 144513
INFO (CarpetX): Performance:
INFO (CarpetX):   total evolution time:            0.198404 sec
INFO (CarpetX):   total evolution compute time:    0.19821 sec
INFO (CarpetX):   total evolution output time:     0.000194311 sec
INFO (CarpetX):   total iterations:                7
INFO (CarpetX):   total cells updated:             28672
INFO (CarpetX):   average iterations per second: 35.2815
INFO (CarpetX):   average cell updates per second: 144513
INFO (CarpetX): OutputGH: iteration 8, time 0.031250, run time 1 s
INFO (CarpetX): OutputGH done.
INFO (CarpetX): Simulation time: 0.03125   Iterations per second: 35.3092   Simulation time per second: 0.137926
INFO (CarpetX): Grid cells: 4096   Grid cell updates per second: 144626
INFO (CarpetX): Performance:
INFO (CarpetX):   total evolution time:            0.22657 sec
INFO (CarpetX):   total evolution compute time:    0.226344 sec
INFO (CarpetX):   total evolution output time:     0.000226259 sec
INFO (CarpetX):   total iterations:                8
INFO (CarpetX):   total cells updated:             32768
INFO (CarpetX):   average iterations per second: 35.3092
INFO (CarpetX):   average cell updates per second: 144626
INFO (CarpetX): OutputGH: iteration 9, time 0.035156, run time 1 s
INFO (CarpetX): OutputGH done.
INFO (CarpetX): Simulation time: 0.0351562   Iterations per second: 35.3303   Simulation time per second: 0.138009
INFO (CarpetX): Grid cells: 4096   Grid cell updates per second: 144713
INFO (CarpetX): Performance:
INFO (CarpetX):   total evolution time:            0.254739 sec
INFO (CarpetX):   total evolution compute time:    0.254484 sec
INFO (CarpetX):   total evolution output time:     0.000255108 sec
INFO (CarpetX):   total iterations:                9
INFO (CarpetX):   total cells updated:             36864
INFO (CarpetX):   average iterations per second: 35.3303
INFO (CarpetX):   average cell updates per second: 144713
INFO (CarpetX): OutputGH: iteration 10, time 0.039062, run time 1 s
INFO (CarpetX): OutputGH done.
INFO (CarpetX): Simulation time: 0.0390625   Iterations per second: 35.3372   Simulation time per second: 0.138036
INFO (CarpetX): Grid cells: 4096   Grid cell updates per second: 144741
INFO (CarpetX): Performance:
INFO (CarpetX):   total evolution time:            0.282988 sec
INFO (CarpetX):   total evolution compute time:    0.282702 sec
INFO (CarpetX):   total evolution output time:     0.000286102 sec
INFO (CarpetX):   total iterations:                10
INFO (CarpetX):   total cells updated:             40960
INFO (CarpetX):   average iterations per second: 35.3372
INFO (CarpetX):   average cell updates per second: 144741
INFO (CarpetX): OutputGH: iteration 11, time 0.042969, run time 1 s
INFO (CarpetX): OutputGH done.
INFO (CarpetX): Simulation time: 0.0429688   Iterations per second: 35.3706   Simulation time per second: 0.138167
INFO (CarpetX): Grid cells: 4096   Grid cell updates per second: 144878
INFO (CarpetX): Performance:
INFO (CarpetX):   total evolution time:            0.311019 sec
INFO (CarpetX):   total evolution compute time:    0.310706 sec
INFO (CarpetX):   total evolution output time:     0.000313044 sec
INFO (CarpetX):   total iterations:                11
INFO (CarpetX):   total cells updated:             45056
INFO (CarpetX):   average iterations per second: 35.3676
INFO (CarpetX):   average cell updates per second: 144866
INFO (CarpetX): OutputGH: iteration 12, time 0.046875, run time 1 s
INFO (CarpetX): OutputGH done.
INFO (CarpetX): Simulation time: 0.046875   Iterations per second: 35.4107   Simulation time per second: 0.138323
INFO (CarpetX): Grid cells: 4096   Grid cell updates per second: 145042
INFO (CarpetX): Performance:
INFO (CarpetX):   total evolution time:            0.338971 sec
INFO (CarpetX):   total evolution compute time:    0.338628 sec
INFO (CarpetX):   total evolution output time:     0.000343084 sec
INFO (CarpetX):   total iterations:                12
INFO (CarpetX):   total cells updated:             49152
INFO (CarpetX):   average iterations per second: 35.4012
INFO (CarpetX):   average cell updates per second: 145003
INFO (CarpetX): OutputGH: iteration 13, time 0.050781, run time 1 s
INFO (CarpetX): OutputGH done.
INFO (CarpetX): Simulation time: 0.0507812   Iterations per second: 35.4257   Simulation time per second: 0.138381
INFO (CarpetX): Grid cells: 4096   Grid cell updates per second: 145104
INFO (CarpetX): Performance:
INFO (CarpetX):   total evolution time:            0.367092 sec
INFO (CarpetX):   total evolution compute time:    0.366719 sec
INFO (CarpetX):   total evolution output time:     0.000373125 sec
INFO (CarpetX):   total iterations:                13
INFO (CarpetX):   total cells updated:             53248
INFO (CarpetX):   average iterations per second: 35.4135
INFO (CarpetX):   average cell updates per second: 145054
INFO (CarpetX): OutputGH: iteration 14, time 0.054688, run time 1 s
INFO (CarpetX): OutputGH done.
INFO (CarpetX): Simulation time: 0.0546875   Iterations per second: 35.4277   Simulation time per second: 0.138389
INFO (CarpetX): Grid cells: 4096   Grid cell updates per second: 145112
INFO (CarpetX): Performance:
INFO (CarpetX):   total evolution time:            0.395304 sec
INFO (CarpetX):   total evolution compute time:    0.394895 sec
INFO (CarpetX):   total evolution output time:     0.000409126 sec
INFO (CarpetX):   total iterations:                14
INFO (CarpetX):   total cells updated:             57344
INFO (CarpetX):   average iterations per second: 35.4158
INFO (CarpetX):   average cell updates per second: 145063
INFO (CarpetX): OutputGH: iteration 15, time 0.058594, run time 1 s
INFO (CarpetX): OutputGH done.
INFO (CarpetX): Simulation time: 0.0585938   Iterations per second: 35.3986   Simulation time per second: 0.138276
INFO (CarpetX): Grid cells: 4096   Grid cell updates per second: 144993
INFO (CarpetX): Performance:
INFO (CarpetX):   total evolution time:            0.423762 sec
INFO (CarpetX):   total evolution compute time:    0.423322 sec
INFO (CarpetX):   total evolution output time:     0.000440121 sec
INFO (CarpetX):   total iterations:                15
INFO (CarpetX):   total cells updated:             61440
INFO (CarpetX):   average iterations per second: 35.3972
INFO (CarpetX):   average cell updates per second: 144987
INFO (CarpetX): OutputGH: iteration 16, time 0.062500, run time 1 s
INFO (CarpetX): OutputGH done.
INFO (CarpetX): Simulation time: 0.0625   Iterations per second: 35.4223   Simulation time per second: 0.138368
INFO (CarpetX): Grid cells: 4096   Grid cell updates per second: 145090
INFO (CarpetX): Performance:
INFO (CarpetX):   total evolution time:            0.451823 sec
INFO (CarpetX):   total evolution compute time:    0.451357 sec
INFO (CarpetX):   total evolution output time:     0.000466108 sec
INFO (CarpetX):   total iterations:                16
INFO (CarpetX):   total cells updated:             65536
INFO (CarpetX):   average iterations per second: 35.4121
INFO (CarpetX):   average cell updates per second: 145048
INFO (CarpetX): OutputGH: iteration 17, time 0.066406, run time 1 s
INFO (CarpetX): OutputGH done.
INFO (CarpetX): Simulation time: 0.0664062   Iterations per second: 35.4125   Simulation time per second: 0.13833
INFO (CarpetX): Grid cells: 4096   Grid cell updates per second: 145050
INFO (CarpetX): Performance:
INFO (CarpetX):   total evolution time:            0.480132 sec
INFO (CarpetX):   total evolution compute time:    0.47964 sec
INFO (CarpetX):   total evolution output time:     0.000492096 sec
INFO (CarpetX):   total iterations:                17
INFO (CarpetX):   total cells updated:             69632
INFO (CarpetX):   average iterations per second: 35.4069
INFO (CarpetX):   average cell updates per second: 145027
INFO (CarpetX): OutputGH: iteration 18, time 0.070312, run time 1 s
INFO (CarpetX): OutputGH done.
INFO (CarpetX): Simulation time: 0.0703125   Iterations per second: 35.4047   Simulation time per second: 0.138299
INFO (CarpetX): Grid cells: 4096   Grid cell updates per second: 145017
INFO (CarpetX): Performance:
INFO (CarpetX):   total evolution time:            0.508433 sec
INFO (CarpetX):   total evolution compute time:    0.507913 sec
INFO (CarpetX):   total evolution output time:     0.000519991 sec
INFO (CarpetX):   total iterations:                18
INFO (CarpetX):   total cells updated:             73728
INFO (CarpetX):   average iterations per second: 35.4029
INFO (CarpetX):   average cell updates per second: 145010
INFO (CarpetX): OutputGH: iteration 19, time 0.074219, run time 1 s
INFO (CarpetX): OutputGH done.
INFO (CarpetX): Simulation time: 0.0742188   Iterations per second: 35.4406   Simulation time per second: 0.13844
INFO (CarpetX): Grid cells: 4096   Grid cell updates per second: 145165
INFO (CarpetX): Performance:
INFO (CarpetX):   total evolution time:            0.536391 sec
INFO (CarpetX):   total evolution compute time:    0.535842 sec
INFO (CarpetX):   total evolution output time:     0.000549078 sec
INFO (CarpetX):   total iterations:                19
INFO (CarpetX):   total cells updated:             77824
INFO (CarpetX):   average iterations per second: 35.4219
INFO (CarpetX):   average cell updates per second: 145088
INFO (CarpetX): OutputGH: iteration 20, time 0.078125, run time 1 s
INFO (CarpetX): OutputGH done.
INFO (CarpetX): Simulation time: 0.078125   Iterations per second: 35.4687   Simulation time per second: 0.138549
INFO (CarpetX): Grid cells: 4096   Grid cell updates per second: 145280
INFO (CarpetX): Performance:
INFO (CarpetX):   total evolution time:            0.564385 sec
INFO (CarpetX):   total evolution compute time:    0.563809 sec
INFO (CarpetX):   total evolution output time:     0.000575304 sec
INFO (CarpetX):   total iterations:                20
INFO (CarpetX):   total cells updated:             81920
INFO (CarpetX):   average iterations per second: 35.4368
INFO (CarpetX):   average cell updates per second: 145149
INFO (CarpetX): OutputGH: iteration 21, time 0.082031, run time 2 s
INFO (CarpetX): OutputGH done.
INFO (CarpetX): Simulation time: 0.0820312   Iterations per second: 35.4977   Simulation time per second: 0.138663
INFO (CarpetX): Grid cells: 4096   Grid cell updates per second: 145399
INFO (CarpetX): Performance:
INFO (CarpetX):   total evolution time:            0.592348 sec
INFO (CarpetX):   total evolution compute time:    0.591742 sec
INFO (CarpetX):   total evolution output time:     0.000606298 sec
INFO (CarpetX):   total iterations:                21
INFO (CarpetX):   total cells updated:             86016
INFO (CarpetX):   average iterations per second: 35.4521
INFO (CarpetX):   average cell updates per second: 145212
INFO (CarpetX): OutputGH: iteration 22, time 0.085938, run time 2 s
INFO (CarpetX): OutputGH done.
INFO (CarpetX): Simulation time: 0.0859375   Iterations per second: 35.4798   Simulation time per second: 0.138593
INFO (CarpetX): Grid cells: 4096   Grid cell updates per second: 145325
INFO (CarpetX): Performance:
INFO (CarpetX):   total evolution time:            0.620661 sec
INFO (CarpetX):   total evolution compute time:    0.620028 sec
INFO (CarpetX):   total evolution output time:     0.000632524 sec
INFO (CarpetX):   total iterations:                22
INFO (CarpetX):   total cells updated:             90112
INFO (CarpetX):   average iterations per second: 35.4461
INFO (CarpetX):   average cell updates per second: 145187
INFO (CarpetX): OutputGH: iteration 23, time 0.089844, run time 2 s
INFO (CarpetX): OutputGH done.
INFO (CarpetX): Simulation time: 0.0898438   Iterations per second: 35.4165   Simulation time per second: 0.138346
INFO (CarpetX): Grid cells: 4096   Grid cell updates per second: 145066
INFO (CarpetX): Performance:
INFO (CarpetX):   total evolution time:            0.64935 sec
INFO (CarpetX):   total evolution compute time:    0.648688 sec
INFO (CarpetX):   total evolution output time:     0.000661612 sec
INFO (CarpetX):   total iterations:                23
INFO (CarpetX):   total cells updated:             94208
INFO (CarpetX):   average iterations per second: 35.42
INFO (CarpetX):   average cell updates per second: 145080
INFO (CarpetX): OutputGH: iteration 24, time 0.093750, run time 2 s
INFO (CarpetX): OutputGH done.
INFO (CarpetX): Simulation time: 0.09375   Iterations per second: 35.3352   Simulation time per second: 0.138028
INFO (CarpetX): Grid cells: 4096   Grid cell updates per second: 144733
INFO (CarpetX): Performance:
INFO (CarpetX):   total evolution time:            0.678235 sec
INFO (CarpetX):   total evolution compute time:    0.677544 sec
INFO (CarpetX):   total evolution output time:     0.000690699 sec
INFO (CarpetX):   total iterations:                24
INFO (CarpetX):   total cells updated:             98304
INFO (CarpetX):   average iterations per second: 35.386
INFO (CarpetX):   average cell updates per second: 144941
INFO (CarpetX): OutputGH: iteration 25, time 0.097656, run time 2 s
INFO (CarpetX): OutputGH done.
INFO (CarpetX): Simulation time: 0.0976562   Iterations per second: 35.2993   Simulation time per second: 0.137888
INFO (CarpetX): Grid cells: 4096   Grid cell updates per second: 144586
INFO (CarpetX): Performance:
INFO (CarpetX):   total evolution time:            0.706823 sec
INFO (CarpetX):   total evolution compute time:    0.706104 sec
INFO (CarpetX):   total evolution output time:     0.000718594 sec
INFO (CarpetX):   total iterations:                25
INFO (CarpetX):   total cells updated:             102400
INFO (CarpetX):   average iterations per second: 35.3695
INFO (CarpetX):   average cell updates per second: 144874
INFO (CarpetX): OutputGH: iteration 26, time 0.101562, run time 2 s
INFO (CarpetX): OutputGH done.
INFO (CarpetX): Simulation time: 0.101562   Iterations per second: 35.3186   Simulation time per second: 0.137963
INFO (CarpetX): Grid cells: 4096   Grid cell updates per second: 144665
INFO (CarpetX): Performance:
INFO (CarpetX):   total evolution time:            0.734998 sec
INFO (CarpetX):   total evolution compute time:    0.734253 sec
INFO (CarpetX):   total evolution output time:     0.000744581 sec
INFO (CarpetX):   total iterations:                26
INFO (CarpetX):   total cells updated:             106496
INFO (CarpetX):   average iterations per second: 35.3743
INFO (CarpetX):   average cell updates per second: 144893
INFO (CarpetX): OutputGH: iteration 27, time 0.105469, run time 2 s
INFO (CarpetX): OutputGH done.
INFO (CarpetX): Simulation time: 0.105469   Iterations per second: 35.3224   Simulation time per second: 0.137978
INFO (CarpetX): Grid cells: 4096   Grid cell updates per second: 144681
INFO (CarpetX): Performance:
INFO (CarpetX):   total evolution time:            0.763281 sec
INFO (CarpetX):   total evolution compute time:    0.76251 sec
INFO (CarpetX):   total evolution output time:     0.000770569 sec
INFO (CarpetX):   total iterations:                27
INFO (CarpetX):   total cells updated:             110592
INFO (CarpetX):   average iterations per second: 35.3736
INFO (CarpetX):   average cell updates per second: 144890
INFO (CarpetX): OutputGH: iteration 28, time 0.109375, run time 2 s
INFO (CarpetX): OutputGH done.
INFO (CarpetX): Simulation time: 0.109375   Iterations per second: 35.3518   Simulation time per second: 0.138093
INFO (CarpetX): Grid cells: 4096   Grid cell updates per second: 144801
INFO (CarpetX): Performance:
INFO (CarpetX):   total evolution time:            0.791356 sec
INFO (CarpetX):   total evolution compute time:    0.790559 sec
INFO (CarpetX):   total evolution output time:     0.000796556 sec
INFO (CarpetX):   total iterations:                28
INFO (CarpetX):   total cells updated:             114688
INFO (CarpetX):   average iterations per second: 35.3823
INFO (CarpetX):   average cell updates per second: 144926
INFO (CarpetX): OutputGH: iteration 29, time 0.113281, run time 2 s
INFO (CarpetX): OutputGH done.
INFO (CarpetX): Simulation time: 0.113281   Iterations per second: 35.3886   Simulation time per second: 0.138237
INFO (CarpetX): Grid cells: 4096   Grid cell updates per second: 144952
INFO (CarpetX): Performance:
INFO (CarpetX):   total evolution time:            0.819349 sec
INFO (CarpetX):   total evolution compute time:    0.818526 sec
INFO (CarpetX):   total evolution output time:     0.000822783 sec
INFO (CarpetX):   total iterations:                29
INFO (CarpetX):   total cells updated:             118784
INFO (CarpetX):   average iterations per second: 35.394
INFO (CarpetX):   average cell updates per second: 144974
INFO (CarpetX): OutputGH: iteration 30, time 0.117188, run time 2 s
INFO (CarpetX): OutputGH done.
INFO (CarpetX): Simulation time: 0.117188   Iterations per second: 35.4124   Simulation time per second: 0.13833
INFO (CarpetX): Grid cells: 4096   Grid cell updates per second: 145049
INFO (CarpetX): Performance:
INFO (CarpetX):   total evolution time:            0.847417 sec
INFO (CarpetX):   total evolution compute time:    0.846564 sec
INFO (CarpetX):   total evolution output time:     0.000852823 sec
INFO (CarpetX):   total iterations:                30
INFO (CarpetX):   total cells updated:             122880
INFO (CarpetX):   average iterations per second: 35.4017
INFO (CarpetX):   average cell updates per second: 145005
INFO (CarpetX): OutputGH: iteration 31, time 0.121094, run time 2 s
INFO (CarpetX): OutputGH done.
INFO (CarpetX): Simulation time: 0.121094   Iterations per second: 35.4486   Simulation time per second: 0.138471
INFO (CarpetX): Grid cells: 4096   Grid cell updates per second: 145198
INFO (CarpetX): Performance:
INFO (CarpetX):   total evolution time:            0.875367 sec
INFO (CarpetX):   total evolution compute time:    0.874485 sec
INFO (CarpetX):   total evolution output time:     0.00088191 sec
INFO (CarpetX):   total iterations:                31
INFO (CarpetX):   total cells updated:             126976
INFO (CarpetX):   average iterations per second: 35.4137
INFO (CarpetX):   average cell updates per second: 145055
INFO (CarpetX): OutputGH: iteration 32, time 0.125000, run time 2 s
INFO (CarpetX): OutputGH done.
INFO (CarpetX): Simulation time: 0.125   Iterations per second: 35.4998   Simulation time per second: 0.138671
INFO (CarpetX): Grid cells: 4096   Grid cell updates per second: 145407
INFO (CarpetX): Performance:
INFO (CarpetX):   total evolution time:            0.90317 sec
INFO (CarpetX):   total evolution compute time:    0.902257 sec
INFO (CarpetX):   total evolution output time:     0.000912905 sec
INFO (CarpetX):   total iterations:                32
INFO (CarpetX):   total cells updated:             131072
INFO (CarpetX):   average iterations per second: 35.4308
INFO (CarpetX):   average cell updates per second: 145124
INFO (CarpetX): OutputGH: iteration 33, time 0.128906, run time 2 s
INFO (CarpetX): OutputGH done.
INFO (CarpetX): Simulation time: 0.128906   Iterations per second: 35.5234   Simulation time per second: 0.138763
INFO (CarpetX): Grid cells: 4096   Grid cell updates per second: 145504
INFO (CarpetX): Performance:
INFO (CarpetX):   total evolution time:            0.931152 sec
INFO (CarpetX):   total evolution compute time:    0.930214 sec
INFO (CarpetX):   total evolution output time:     0.000937939 sec
INFO (CarpetX):   total iterations:                33
INFO (CarpetX):   total cells updated:             135168
INFO (CarpetX):   average iterations per second: 35.44
INFO (CarpetX):   average cell updates per second: 145162
INFO (CarpetX): OutputGH: iteration 34, time 0.132812, run time 2 s
INFO (CarpetX): OutputGH done.
INFO (CarpetX): Simulation time: 0.132812   Iterations per second: 35.5555   Simulation time per second: 0.138888
INFO (CarpetX): Grid cells: 4096   Grid cell updates per second: 145635
INFO (CarpetX): Performance:
INFO (CarpetX):   total evolution time:            0.959049 sec
INFO (CarpetX):   total evolution compute time:    0.958079 sec
INFO (CarpetX):   total evolution output time:     0.000969887 sec
INFO (CarpetX):   total iterations:                34
INFO (CarpetX):   total cells updated:             139264
INFO (CarpetX):   average iterations per second: 35.4518
INFO (CarpetX):   average cell updates per second: 145211
INFO (CarpetX): OutputGH: iteration 35, time 0.136719, run time 2 s
INFO (CarpetX): OutputGH done.
INFO (CarpetX): Simulation time: 0.136719   Iterations per second: 35.5514   Simulation time per second: 0.138873
INFO (CarpetX): Grid cells: 4096   Grid cell updates per second: 145619
INFO (CarpetX): Performance:
INFO (CarpetX):   total evolution time:            0.987206 sec
INFO (CarpetX):   total evolution compute time:    0.98621 sec
INFO (CarpetX):   total evolution output time:     0.000995874 sec
INFO (CarpetX):   total iterations:                35
INFO (CarpetX):   total cells updated:             143360
INFO (CarpetX):   average iterations per second: 35.4536
INFO (CarpetX):   average cell updates per second: 145218
INFO (CarpetX): OutputGH: iteration 36, time 0.140625, run time 2 s
INFO (CarpetX): OutputGH done.
INFO (CarpetX): Simulation time: 0.140625   Iterations per second: 35.4918   Simulation time per second: 0.13864
INFO (CarpetX): Grid cells: 4096   Grid cell updates per second: 145374
INFO (CarpetX): Performance:
INFO (CarpetX):   total evolution time:            1.01581 sec
INFO (CarpetX):   total evolution compute time:    1.01478 sec
INFO (CarpetX):   total evolution output time:     0.00102592 sec
INFO (CarpetX):   total iterations:                36
INFO (CarpetX):   total cells updated:             147456
INFO (CarpetX):   average iterations per second: 35.4398
INFO (CarpetX):   average cell updates per second: 145161
INFO (CarpetX): OutputGH: iteration 37, time 0.144531, run time 2 s
INFO (CarpetX): OutputGH done.
INFO (CarpetX): Simulation time: 0.144531   Iterations per second: 35.5   Simulation time per second: 0.138672
INFO (CarpetX): Grid cells: 4096   Grid cell updates per second: 145408
INFO (CarpetX): Performance:
INFO (CarpetX):   total evolution time:            1.04392 sec
INFO (CarpetX):   total evolution compute time:    1.04286 sec
INFO (CarpetX):   total evolution output time:     0.0010519 sec
INFO (CarpetX):   total iterations:                37
INFO (CarpetX):   total cells updated:             151552
INFO (CarpetX):   average iterations per second: 35.4434
INFO (CarpetX):   average cell updates per second: 145176
INFO (CarpetX): OutputGH: iteration 38, time 0.148438, run time 2 s
INFO (CarpetX): OutputGH done.
INFO (CarpetX): Simulation time: 0.148438   Iterations per second: 35.5249   Simulation time per second: 0.138769
INFO (CarpetX): Grid cells: 4096   Grid cell updates per second: 145510
INFO (CarpetX): Performance:
INFO (CarpetX):   total evolution time:            1.07189 sec
INFO (CarpetX):   total evolution compute time:    1.07081 sec
INFO (CarpetX):   total evolution output time:     0.00108099 sec
INFO (CarpetX):   total iterations:                38
INFO (CarpetX):   total cells updated:             155648
INFO (CarpetX):   average iterations per second: 35.4514
INFO (CarpetX):   average cell updates per second: 145209
INFO (CarpetX): OutputGH: iteration 39, time 0.152344, run time 2 s
INFO (CarpetX): OutputGH done.
INFO (CarpetX): Simulation time: 0.152344   Iterations per second: 35.2903   Simulation time per second: 0.137853
INFO (CarpetX): Grid cells: 4096   Grid cell updates per second: 144549
INFO (CarpetX): Performance:
INFO (CarpetX):   total evolution time:            1.10191 sec
INFO (CarpetX):   total evolution compute time:    1.1008 sec
INFO (CarpetX):   total evolution output time:     0.00110507 sec
INFO (CarpetX):   total iterations:                39
INFO (CarpetX):   total cells updated:             159744
INFO (CarpetX):   average iterations per second: 35.3931
INFO (CarpetX):   average cell updates per second: 144970
INFO (CarpetX): OutputGH: iteration 40, time 0.156250, run time 2 s
INFO (CarpetX): OutputGH done.
INFO (CarpetX): Simulation time: 0.15625   Iterations per second: 35.3089   Simulation time per second: 0.137926
INFO (CarpetX): Grid cells: 4096   Grid cell updates per second: 144625
INFO (CarpetX): Performance:
INFO (CarpetX):   total evolution time:            1.1301 sec
INFO (CarpetX):   total evolution compute time:    1.12896 sec
INFO (CarpetX):   total evolution output time:     0.00113916 sec
INFO (CarpetX):   total iterations:                40
INFO (CarpetX):   total cells updated:             163840
INFO (CarpetX):   average iterations per second: 35.3952
INFO (CarpetX):   average cell updates per second: 144979
INFO (CarpetX): OutputGH: iteration 41, time 0.160156, run time 2 s
INFO (CarpetX): OutputGH done.
INFO (CarpetX): Simulation time: 0.160156   Iterations per second: 35.3611   Simulation time per second: 0.138129
INFO (CarpetX): Grid cells: 4096   Grid cell updates per second: 144839
INFO (CarpetX): Performance:
INFO (CarpetX):   total evolution time:            1.158 sec
INFO (CarpetX):   total evolution compute time:    1.15684 sec
INFO (CarpetX):   total evolution output time:     0.0011642 sec
INFO (CarpetX):   total iterations:                41
INFO (CarpetX):   total cells updated:             167936
INFO (CarpetX):   average iterations per second: 35.4059
INFO (CarpetX):   average cell updates per second: 145022
INFO (CarpetX): OutputGH: iteration 42, time 0.164062, run time 2 s
INFO (CarpetX): OutputGH done.
INFO (CarpetX): Simulation time: 0.164062   Iterations per second: 35.3745   Simulation time per second: 0.138182
INFO (CarpetX): Grid cells: 4096   Grid cell updates per second: 144894
INFO (CarpetX): Performance:
INFO (CarpetX):   total evolution time:            1.18617 sec
INFO (CarpetX):   total evolution compute time:    1.18498 sec
INFO (CarpetX):   total evolution output time:     0.00118923 sec
INFO (CarpetX):   total iterations:                42
INFO (CarpetX):   total cells updated:             172032
INFO (CarpetX):   average iterations per second: 35.408
INFO (CarpetX):   average cell updates per second: 145031
INFO (CarpetX): OutputGH: iteration 43, time 0.167969, run time 2 s
INFO (CarpetX): OutputGH done.
INFO (CarpetX): Simulation time: 0.167969   Iterations per second: 35.3803   Simulation time per second: 0.138204
INFO (CarpetX): Grid cells: 4096   Grid cell updates per second: 144918
INFO (CarpetX): Performance:
INFO (CarpetX):   total evolution time:            1.21439 sec
INFO (CarpetX):   total evolution compute time:    1.21318 sec
INFO (CarpetX):   total evolution output time:     0.00121522 sec
INFO (CarpetX):   total iterations:                43
INFO (CarpetX):   total cells updated:             176128
INFO (CarpetX):   average iterations per second: 35.4086
INFO (CarpetX):   average cell updates per second: 145034
INFO (CarpetX): OutputGH: iteration 44, time 0.171875, run time 2 s
INFO (CarpetX): OutputGH done.
INFO (CarpetX): Simulation time: 0.171875   Iterations per second: 35.3487   Simulation time per second: 0.138081
INFO (CarpetX): Grid cells: 4096   Grid cell updates per second: 144788
INFO (CarpetX): Performance:
INFO (CarpetX):   total evolution time:            1.24291 sec
INFO (CarpetX):   total evolution compute time:    1.24166 sec
INFO (CarpetX):   total evolution output time:     0.00125027 sec
INFO (CarpetX):   total iterations:                44
INFO (CarpetX):   total cells updated:             180224
INFO (CarpetX):   average iterations per second: 35.4007
INFO (CarpetX):   average cell updates per second: 145001
INFO (CarpetX): OutputGH: iteration 45, time 0.175781, run time 2 s
INFO (CarpetX): OutputGH done.
INFO (CarpetX): Simulation time: 0.175781   Iterations per second: 35.2892   Simulation time per second: 0.137849
INFO (CarpetX): Grid cells: 4096   Grid cell updates per second: 144545
INFO (CarpetX): Performance:
INFO (CarpetX):   total evolution time:            1.27168 sec
INFO (CarpetX):   total evolution compute time:    1.2704 sec
INFO (CarpetX):   total evolution output time:     0.00127625 sec
INFO (CarpetX):   total iterations:                45
INFO (CarpetX):   total cells updated:             184320
INFO (CarpetX):   average iterations per second: 35.3863
INFO (CarpetX):   average cell updates per second: 144942
INFO (CarpetX): OutputGH: iteration 46, time 0.179688, run time 2 s
INFO (CarpetX): OutputGH done.
INFO (CarpetX): Simulation time: 0.179688   Iterations per second: 35.2228   Simulation time per second: 0.137589
INFO (CarpetX): Grid cells: 4096   Grid cell updates per second: 144272
INFO (CarpetX): Performance:
INFO (CarpetX):   total evolution time:            1.30055 sec
INFO (CarpetX):   total evolution compute time:    1.29924 sec
INFO (CarpetX):   total evolution output time:     0.00130534 sec
INFO (CarpetX):   total iterations:                46
INFO (CarpetX):   total cells updated:             188416
INFO (CarpetX):   average iterations per second: 35.3697
INFO (CarpetX):   average cell updates per second: 144874
INFO (CarpetX): OutputGH: iteration 47, time 0.183594, run time 2 s
INFO (CarpetX): OutputGH done.
INFO (CarpetX): Simulation time: 0.183594   Iterations per second: 35.2204   Simulation time per second: 0.13758
INFO (CarpetX): Grid cells: 4096   Grid cell updates per second: 144263
INFO (CarpetX): Performance:
INFO (CarpetX):   total evolution time:            1.32896 sec
INFO (CarpetX):   total evolution compute time:    1.3276 sec
INFO (CarpetX):   total evolution output time:     0.00135827 sec
INFO (CarpetX):   total iterations:                47
INFO (CarpetX):   total cells updated:             192512
INFO (CarpetX):   average iterations per second: 35.366
INFO (CarpetX):   average cell updates per second: 144859
INFO (CarpetX): OutputGH: iteration 48, time 0.187500, run time 2 s
INFO (CarpetX): OutputGH done.
INFO (CarpetX): Simulation time: 0.1875   Iterations per second: 35.2258   Simulation time per second: 0.137601
INFO (CarpetX): Grid cells: 4096   Grid cell updates per second: 144285
INFO (CarpetX): Performance:
INFO (CarpetX):   total evolution time:            1.35731 sec
INFO (CarpetX):   total evolution compute time:    1.35593 sec
INFO (CarpetX):   total evolution output time:     0.00138235 sec
INFO (CarpetX):   total iterations:                48
INFO (CarpetX):   total cells updated:             196608
INFO (CarpetX):   average iterations per second: 35.3641
INFO (CarpetX):   average cell updates per second: 144851
INFO (CarpetX): OutputGH: iteration 49, time 0.191406, run time 2 s
INFO (CarpetX): OutputGH done.
INFO (CarpetX): Simulation time: 0.191406   Iterations per second: 35.2561   Simulation time per second: 0.137719
INFO (CarpetX): Grid cells: 4096   Grid cell updates per second: 144409
INFO (CarpetX): Performance:
INFO (CarpetX):   total evolution time:            1.38545 sec
INFO (CarpetX):   total evolution compute time:    1.38404 sec
INFO (CarpetX):   total evolution output time:     0.00140929 sec
INFO (CarpetX):   total iterations:                49
INFO (CarpetX):   total cells updated:             200704
INFO (CarpetX):   average iterations per second: 35.3675
INFO (CarpetX):   average cell updates per second: 144865
INFO (CarpetX): OutputGH: iteration 50, time 0.195312, run time 2 s
INFO (CarpetX): OutputGH done.
INFO (CarpetX): Simulation time: 0.195312   Iterations per second: 35.2565   Simulation time per second: 0.137721
INFO (CarpetX): Grid cells: 4096   Grid cell updates per second: 144411
INFO (CarpetX): Performance:
INFO (CarpetX):   total evolution time:            1.41381 sec
INFO (CarpetX):   total evolution compute time:    1.41237 sec
INFO (CarpetX):   total evolution output time:     0.00143933 sec
INFO (CarpetX):   total iterations:                50
INFO (CarpetX):   total cells updated:             204800
INFO (CarpetX):   average iterations per second: 35.3653
INFO (CarpetX):   average cell updates per second: 144856
INFO (CarpetX): OutputGH: iteration 51, time 0.199219, run time 2 s
INFO (CarpetX): OutputGH done.
INFO (CarpetX): Simulation time: 0.199219   Iterations per second: 35.2949   Simulation time per second: 0.137871
INFO (CarpetX): Grid cells: 4096   Grid cell updates per second: 144568
INFO (CarpetX): Performance:
INFO (CarpetX):   total evolution time:            1.44187 sec
INFO (CarpetX):   total evolution compute time:    1.4404 sec
INFO (CarpetX):   total evolution output time:     0.00146532 sec
INFO (CarpetX):   total iterations:                51
INFO (CarpetX):   total cells updated:             208896
INFO (CarpetX):   average iterations per second: 35.3708
INFO (CarpetX):   average cell updates per second: 144879
INFO (CarpetX): OutputGH: iteration 52, time 0.203125, run time 2 s
INFO (CarpetX): OutputGH done.
INFO (CarpetX): Simulation time: 0.203125   Iterations per second: 35.3327   Simulation time per second: 0.138019
INFO (CarpetX): Grid cells: 4096   Grid cell updates per second: 144723
INFO (CarpetX): Performance:
INFO (CarpetX):   total evolution time:            1.4699 sec
INFO (CarpetX):   total evolution compute time:    1.4684 sec
INFO (CarpetX):   total evolution output time:     0.00149632 sec
INFO (CarpetX):   total iterations:                52
INFO (CarpetX):   total cells updated:             212992
INFO (CarpetX):   average iterations per second: 35.3766
INFO (CarpetX):   average cell updates per second: 144903
INFO (CarpetX): OutputGH: iteration 53, time 0.207031, run time 2 s
INFO (CarpetX): OutputGH done.
INFO (CarpetX): Simulation time: 0.207031   Iterations per second: 35.354   Simulation time per second: 0.138102
INFO (CarpetX): Grid cells: 4096   Grid cell updates per second: 144810
INFO (CarpetX): Performance:
INFO (CarpetX):   total evolution time:            1.49803 sec
INFO (CarpetX):   total evolution compute time:    1.4965 sec
INFO (CarpetX):   total evolution output time:     0.0015254 sec
INFO (CarpetX):   total iterations:                53
INFO (CarpetX):   total cells updated:             217088
INFO (CarpetX):   average iterations per second: 35.3798
INFO (CarpetX):   average cell updates per second: 144916
INFO (CarpetX): OutputGH: iteration 54, time 0.210938, run time 2 s
INFO (CarpetX): OutputGH done.
INFO (CarpetX): Simulation time: 0.210938   Iterations per second: 35.3728   Simulation time per second: 0.138175
INFO (CarpetX): Grid cells: 4096   Grid cell updates per second: 144887
INFO (CarpetX): Performance:
INFO (CarpetX):   total evolution time:            1.52617 sec
INFO (CarpetX):   total evolution compute time:    1.52461 sec
INFO (CarpetX):   total evolution output time:     0.00155425 sec
INFO (CarpetX):   total iterations:                54
INFO (CarpetX):   total cells updated:             221184
INFO (CarpetX):   average iterations per second: 35.3828
INFO (CarpetX):   average cell updates per second: 144928
INFO (CarpetX): OutputGH: iteration 55, time 0.214844, run time 2 s
INFO (CarpetX): OutputGH done.
INFO (CarpetX): Simulation time: 0.214844   Iterations per second: 35.4142   Simulation time per second: 0.138337
INFO (CarpetX): Grid cells: 4096   Grid cell updates per second: 145057
INFO (CarpetX): Performance:
INFO (CarpetX):   total evolution time:            1.55411 sec
INFO (CarpetX):   total evolution compute time:    1.55252 sec
INFO (CarpetX):   total evolution output time:     0.00158525 sec
INFO (CarpetX):   total iterations:                55
INFO (CarpetX):   total cells updated:             225280
INFO (CarpetX):   average iterations per second: 35.3901
INFO (CarpetX):   average cell updates per second: 144958
INFO (CarpetX): OutputGH: iteration 56, time 0.218750, run time 3 s
INFO (CarpetX): OutputGH done.
INFO (CarpetX): Simulation time: 0.21875   Iterations per second: 35.4393   Simulation time per second: 0.138435
INFO (CarpetX): Grid cells: 4096   Grid cell updates per second: 145159
INFO (CarpetX): Performance:
INFO (CarpetX):   total evolution time:            1.58214 sec
INFO (CarpetX):   total evolution compute time:    1.58053 sec
INFO (CarpetX):   total evolution output time:     0.00161433 sec
INFO (CarpetX):   total iterations:                56
INFO (CarpetX):   total cells updated:             229376
INFO (CarpetX):   average iterations per second: 35.3951
INFO (CarpetX):   average cell updates per second: 144978
INFO (CarpetX): OutputGH: iteration 57, time 0.222656, run time 3 s
INFO (CarpetX): OutputGH done.
INFO (CarpetX): Simulation time: 0.222656   Iterations per second: 35.4018   Simulation time per second: 0.138288
INFO (CarpetX): Grid cells: 4096   Grid cell updates per second: 145006
INFO (CarpetX): Performance:
INFO (CarpetX):   total evolution time:            1.61066 sec
INFO (CarpetX):   total evolution compute time:    1.60902 sec
INFO (CarpetX):   total evolution output time:     0.00163841 sec
INFO (CarpetX):   total iterations:                57
INFO (CarpetX):   total cells updated:             233472
INFO (CarpetX):   average iterations per second: 35.3893
INFO (CarpetX):   average cell updates per second: 144954
INFO (CarpetX): OutputGH: iteration 58, time 0.226562, run time 3 s
INFO (CarpetX): OutputGH done.
INFO (CarpetX): Simulation time: 0.226562   Iterations per second: 35.4243   Simulation time per second: 0.138376
INFO (CarpetX): Grid cells: 4096   Grid cell updates per second: 145098
INFO (CarpetX): Performance:
INFO (CarpetX):   total evolution time:            1.63873 sec
INFO (CarpetX):   total evolution compute time:    1.63706 sec
INFO (CarpetX):   total evolution output time:     0.00166535 sec
INFO (CarpetX):   total iterations:                58
INFO (CarpetX):   total cells updated:             237568
INFO (CarpetX):   average iterations per second: 35.3933
INFO (CarpetX):   average cell updates per second: 144971
INFO (CarpetX): OutputGH: iteration 59, time 0.230469, run time 3 s
INFO (CarpetX): OutputGH done.
INFO (CarpetX): Simulation time: 0.230469   Iterations per second: 35.4217   Simulation time per second: 0.138366
INFO (CarpetX): Grid cells: 4096   Grid cell updates per second: 145087
INFO (CarpetX): Performance:
INFO (CarpetX):   total evolution time:            1.66698 sec
INFO (CarpetX):   total evolution compute time:    1.66528 sec
INFO (CarpetX):   total evolution output time:     0.00169134 sec
INFO (CarpetX):   total iterations:                59
INFO (CarpetX):   total cells updated:             241664
INFO (CarpetX):   average iterations per second: 35.3934
INFO (CarpetX):   average cell updates per second: 144971
INFO (CarpetX): OutputGH: iteration 60, time 0.234375, run time 3 s
INFO (CarpetX): OutputGH done.
INFO (CarpetX): Simulation time: 0.234375   Iterations per second: 35.4468   Simulation time per second: 0.138464
INFO (CarpetX): Grid cells: 4096   Grid cell updates per second: 145190
INFO (CarpetX): Performance:
INFO (CarpetX):   total evolution time:            1.69501 sec
INFO (CarpetX):   total evolution compute time:    1.69328 sec
INFO (CarpetX):   total evolution output time:     0.00172424 sec
INFO (CarpetX):   total iterations:                60
INFO (CarpetX):   total cells updated:             245760
INFO (CarpetX):   average iterations per second: 35.3981
INFO (CarpetX):   average cell updates per second: 144991
INFO (CarpetX): OutputGH: iteration 61, time 0.238281, run time 3 s
INFO (CarpetX): OutputGH done.
INFO (CarpetX): Simulation time: 0.238281   Iterations per second: 35.4859   Simulation time per second: 0.138617
INFO (CarpetX): Grid cells: 4096   Grid cell updates per second: 145350
INFO (CarpetX): Performance:
INFO (CarpetX):   total evolution time:            1.72291 sec
INFO (CarpetX):   total evolution compute time:    1.72116 sec
INFO (CarpetX):   total evolution output time:     0.00175023 sec
INFO (CarpetX):   total iterations:                61
INFO (CarpetX):   total cells updated:             249856
INFO (CarpetX):   average iterations per second: 35.4053
INFO (CarpetX):   average cell updates per second: 145020
INFO (CarpetX): OutputGH: iteration 62, time 0.242188, run time 3 s
INFO (CarpetX): OutputGH done.
INFO (CarpetX): Simulation time: 0.242188   Iterations per second: 35.4779   Simulation time per second: 0.138586
INFO (CarpetX): Grid cells: 4096   Grid cell updates per second: 145317
INFO (CarpetX): Performance:
INFO (CarpetX):   total evolution time:            1.75115 sec
INFO (CarpetX):   total evolution compute time:    1.74937 sec
INFO (CarpetX):   total evolution output time:     0.00178027 sec
INFO (CarpetX):   total iterations:                62
INFO (CarpetX):   total cells updated:             253952
INFO (CarpetX):   average iterations per second: 35.4053
INFO (CarpetX):   average cell updates per second: 145020
INFO (CarpetX): OutputGH: iteration 63, time 0.246094, run time 3 s
INFO (CarpetX): OutputGH done.
INFO (CarpetX): Simulation time: 0.246094   Iterations per second: 35.5097   Simulation time per second: 0.13871
INFO (CarpetX): Grid cells: 4096   Grid cell updates per second: 145448
INFO (CarpetX): Performance:
INFO (CarpetX):   total evolution time:            1.77909 sec
INFO (CarpetX):   total evolution compute time:    1.77728 sec
INFO (CarpetX):   total evolution output time:     0.00181031 sec
INFO (CarpetX):   total iterations:                63
INFO (CarpetX):   total cells updated:             258048
INFO (CarpetX):   average iterations per second: 35.4114
INFO (CarpetX):   average cell updates per second: 145045
INFO (CarpetX): OutputGH: iteration 64, time 0.250000, run time 3 s
INFO (CarpetX): OutputGH done.
INFO (CarpetX): Simulation time: 0.25   Iterations per second: 11.1652   Simulation time per second: 0.0436141
INFO (CarpetX): Grid cells: 4096   Grid cell updates per second: 45732.7
INFO (CarpetX): Performance:
INFO (CarpetX):   total evolution time:            2.42127 sec
INFO (CarpetX):   total evolution compute time:    1.80824 sec
INFO (CarpetX):   total evolution output time:     0.613036 sec
INFO (CarpetX):   total iterations:                64
INFO (CarpetX):   total cells updated:             262144
INFO (CarpetX):   average iterations per second: 26.4324
INFO (CarpetX):   average cell updates per second: 108267
INFO (CarpetX): Shutting down...
AMReX (25.11) finalized
--------------------------------------------------------------------------------
Done.
+ echo Stopping:
Stopping:
+ date
Sun Jul 19 17:55:39 UTC 2026
+ echo Done.
Done.
  Elapsed time: 3.8 s
