/home/runner/simulations/TestJob01_temp_1/output-0000/TEST/sim/MemSpeed
Preparing:
+ set -e
+ cd output-0000-active
+ echo Checking:
Checking:
+ pwd
/home/runner/simulations/TestJob01_temp_1/output-0000/TEST/sim/MemSpeed/output-0000-active
+ hostname
runnervm3jyl0
+ date
Mon Jun  8 20:58:39 UTC 2026
+ echo Environment:
Environment:
+ export CACTUS_NUM_PROCS=1
+ CACTUS_NUM_PROCS=1
+ export CACTUS_NUM_THREADS=2
+ CACTUS_NUM_THREADS=2
+ export GMON_OUT_PREFIX=gmon.out
+ GMON_OUT_PREFIX=gmon.out
+ export OMP_NUM_THREADS=2
+ OMP_NUM_THREADS=2
+ env
+ sort
+ echo Starting:
Starting:
++ date +%s
+ export CACTUS_STARTTIME=1780952319
+ CACTUS_STARTTIME=1780952319
+ '[' 1 = 1 ']'
+ '[' 0 -eq 0 ']'
+ /home/runner/simulations/TestJob01_temp_1/SIMFACTORY/exe/cactus_sim -L 3 /home/runner/simulations/TestJob01_temp_1/output-0000/arrangements/CactusUtils/MemSpeed/test/memspeed.par
INFO (Cactus): Increased logging level from 0 to 3
--------------------------------------------------------------------------------

       10                                  
  1   0101       ************************  
  01  1010 10      The Cactus Code V4.20.0    
 1010 1101 011      www.cactuscode.org     
  1001 100101    ************************  
    00010101                               
     100011     (c) Copyright The Authors  
      0100      GNU Licensed. No Warranty  
      0101                                 
--------------------------------------------------------------------------------

Cactus version:    4.20.0
Compile date:      Jun 08 2026 (20:46:47)
Run date:          Jun 08 2026 (20:58:40+0000)
Run host:          runnervm3jyl0.n2dx4ogtjqduzjbfskz3cy5awf.phxx.internal.cloudapp.net (pid=175853)
Working directory: /home/runner/simulations/TestJob01_temp_1/output-0000/TEST/sim/MemSpeed
Executable:        /home/runner/simulations/TestJob01_temp_1/SIMFACTORY/exe/cactus_sim
Parameter file:    /home/runner/simulations/TestJob01_temp_1/output-0000/arrangements/CactusUtils/MemSpeed/test/memspeed.par
--------------------------------------------------------------------------------

Activating thorn Cactus...Success -> active implementation Cactus
Activation requested for 
--->hwloc MemSpeed SystemTopology CartGrid3D CoordBase IOASCII IOUtil PUGH PUGHSlab<---
Thorn hwloc requests automatic activation of zlib
Thorn MemSpeed requests automatic activation of Vectors
Thorn MemSpeed requests automatic activation of MPI
Activating thorn CartGrid3D...Success -> active implementation grid
Activating thorn CoordBase...Success -> active implementation CoordBase
Activating thorn hwloc...Success -> active implementation hwloc
Activating thorn IOASCII...Success -> active implementation IOASCII
Activating thorn IOUtil...Success -> active implementation IO
Activating thorn MemSpeed...Success -> active implementation MemSpeed
Activating thorn MPI...Success -> active implementation MPI
Activating thorn PUGH...Success -> active implementation Driver
Activating thorn PUGHSlab...Success -> active implementation Hyperslab
Activating thorn SystemTopology...Success -> active implementation SystemTopology
Activating thorn Vectors...Success -> active implementation Vectors
Activating thorn zlib...Success -> active implementation zlib
--------------------------------------------------------------------------------
  if (recover initial data)
    Recover parameters
  endif

  Startup routines
    [CCTK_STARTUP]
      CartGrid3D::SymmetryStartup: Register GH Extension for GridSymmetry
      CoordBase::CoordBase_Startup: Register a GH extension to store the coordinate system handles
      GROUP hwloc_startup: hwloc startup group
        hwloc::hwloc_version: Output hwloc version
      SystemTopology::ST_system_topology: Output and/or modify system topology and hardware locality
      PUGH::Driver_Startup: Startup routine
      PUGH::PUGH_RegisterPUGHP2LRoutines: Register Physical to Logical process mapping routines
      PUGH::PUGH_RegisterPUGHTopologyRoutines: Register topology generation routines routines
      IOUtil::IOUtil_Startup: Startup routine
      Vectors::Vectors_Startup: Print startup message
      IOASCII::IOASCII_Startup: Startup routine

  Startup routines which need an existing grid hierarchy
    [CCTK_WRAGH]
      CartGrid3D::RegisterCartGrid3DCoords: [meta] Register coordinates for the Cartesian grid
      MemSpeed::MemSpeed_MeasureSpeed: [meta] Measure CPU, memory, cache speeds
  Parameter checking routines
    [CCTK_PARAMCHECK]
      CartGrid3D::ParamCheck_CartGrid3D: Check coordinates for CartGrid3D
      Vectors::Vectors_Test: Run correctness tests.

  Initialisation
    if (NOT (recover initial data AND recovery_mode is 'strict'))
      [CCTK_PREREGRIDINITIAL]
      Set up grid hierarchy
      [CCTK_POSTREGRIDINITIAL]
        CartGrid3D::SpatialCoordinates: Set Coordinates after regridding
      [CCTK_BASEGRID]
        CartGrid3D::SpatialSpacings: Set up ranges for spatial 3D Cartesian coordinates (on all grids)
        CartGrid3D::SpatialCoordinates: Set up spatial 3D Cartesian coordinates on the GH
        IOASCII::IOASCII_Choose1D: Choose 1D output lines
        IOASCII::IOASCII_Choose2D: Choose 2D output planes
        PUGH::PUGH_Report: Report on PUGH set up
      [CCTK_INITIAL]
      [CCTK_POSTINITIAL]
      Initialise finer grids recursively
      Restrict from finer grids
      [CCTK_POSTRESTRICTINITIAL]
      [CCTK_POSTPOSTINITIAL]
      [CCTK_POSTSTEP]
    endif
    if (recover initial data)
      [CCTK_BASEGRID]
        CartGrid3D::SpatialSpacings: Set up ranges for spatial 3D Cartesian coordinates (on all grids)
        CartGrid3D::SpatialCoordinates: Set up spatial 3D Cartesian coordinates on the GH
        IOASCII::IOASCII_Choose1D: Choose 1D output lines
        IOASCII::IOASCII_Choose2D: Choose 2D output planes
        PUGH::PUGH_Report: Report on PUGH set up
      [CCTK_RECOVER_VARIABLES]
      [CCTK_POST_RECOVER_VARIABLES]
    endif
    if (checkpoint initial data)
      [CCTK_CPINITIAL]
    endif
    if (analysis)
      [CCTK_ANALYSIS]
  endif
  Output grid variables

  do loop over timesteps
    [CCTK_PREREGRID]
    Change grid hierarchy
    [CCTK_POSTREGRID]
      CartGrid3D::SpatialCoordinates: Set Coordinates after regridding
    Rotate timelevels
    iteration = iteration+1
    t = t+dt
    [CCTK_PRESTEP]
    [CCTK_EVOL]
    Evolve finer grids recursively
    Restrict from finer grids
    [CCTK_POSTRESTRICT]
    [CCTK_POSTSTEP]
    if (checkpoint)
      [CCTK_CHECKPOINT]
    endif
    if (analysis)
      [CCTK_ANALYSIS]
    endif
    Output grid variables
    enddo

  Termination routines
    [CCTK_TERMINATE]
      PUGH::Driver_Terminate: Termination routine

  Shutdown routines
    [CCTK_SHUTDOWN]

  Routines run after changing the grid hierarchy:
    [CCTK_POSTREGRID]
      CartGrid3D::SpatialCoordinates: Set Coordinates after regridding
--------------------------------------------------------------------------------
INFO (hwloc): library version 2.10.0, API version 0x20800
INFO (SystemTopology): MPI process-to-host mapping:
This is MPI process 0 of 1
MPI hosts:
  0: runnervm3jyl0
This MPI process runs on host 0 of 1
On this host, this is MPI process 0 of 1
INFO (SystemTopology): Topology support:
Discovery support:
  discovery->pu                            : yes
CPU binding support:
  cpubind->set_thisproc_cpubind            : yes
  cpubind->get_thisproc_cpubind            : yes
  cpubind->set_proc_cpubind                : yes
  cpubind->get_proc_cpubind                : yes
  cpubind->set_thisthread_cpubind          : yes
  cpubind->get_thisthread_cpubind          : yes
  cpubind->set_thread_cpubind              : yes
  cpubind->get_thread_cpubind              : yes
  cpubind->get_thisproc_last_cpu_location  : yes
  cpubind->get_proc_last_cpu_location      : yes
  cpubind->get_thisthread_last_cpu_location: yes
Memory binding support:
  membind->set_thisproc_membind            : no
  membind->get_thisproc_membind            : no
  membind->set_proc_membind                : no
  membind->get_proc_membind                : no
  membind->set_thisthread_membind          : yes
  membind->get_thisthread_membind          : yes
  membind->set_area_membind                : yes
  membind->get_area_membind                : yes
  membind->alloc_membind                   : yes
  membind->firsttouch_membind              : yes
  membind->bind_membind                    : yes
  membind->interleave_membind              : yes
  membind->nexttouch_membind               : no
  membind->migrate_membind                 : yes
INFO (SystemTopology): Hardware objects in this node:
Machine L#0: (P#0, total=16373460KB, DMIProductName="Virtual Machine", DMIProductVersion="Hyper-V UEFI Release v4.1", DMIProductUUID=2e2091c9-1c0e-42bc-a907-974181540f96, DMIBoardVendor="Microsoft Corporation", DMIBoardName="Virtual Machine", DMIBoardVersion="Hyper-V UEFI Release v4.1", DMIBoardAssetTag=None, DMIChassisVendor="Microsoft Corporation", DMIChassisType=3, DMIChassisVersion="Hyper-V UEFI Release v4.1", DMIChassisAssetTag=7783-7084-3265-9085-8269-3286-77, DMIBIOSVendor="Microsoft Corporation", DMIBIOSVersion="Hyper-V UEFI Release v4.1", DMIBIOSDate=01/08/2026, DMISysVendor="Microsoft Corporation", Backend=Linux, LinuxCgroup=/system.slice/hosted-compute-agent.service, OSName=Linux, OSRelease=6.17.0-1015-azure, OSVersion="#15~24.04.1-Ubuntu SMP Wed May  6 22:37:49 UTC 2026", HostName=runnervm3jyl0, Architecture=x86_64, hwlocVersion=2.10.0, ProcessName=cactus_sim)
  Package L#0: (P#0, total=16373460KB, CPUVendor=AuthenticAMD, CPUFamilyNumber=25, CPUModelNumber=1, CPUModel="AMD EPYC 7763 64-Core Processor                ", CPUStepping=1)
    L3Cache L#0: (P#0, size=32768KB, linesize=64, ways=16, Inclusive=0)
      L2Cache L#0: (P#0, size=512KB, linesize=64, ways=8, Inclusive=1)
        L1dCache L#0: (P#0, size=32KB, linesize=64, ways=8, Inclusive=0)
          Core L#0: (P#0)
            PU L#0: (P#0)
            PU L#1: (P#1)
      L2Cache L#1: (P#1, size=512KB, linesize=64, ways=8, Inclusive=1)
        L1dCache L#1: (P#1, size=32KB, linesize=64, ways=8, Inclusive=0)
          Core L#1: (P#1)
            PU L#2: (P#2)
            PU L#3: (P#3)
INFO (SystemTopology): Thread CPU bindings:
  MPI process 0 on host 0 (process 0 of 1 on this host)
    OpenMP thread 0: PU set L#{0-3} P#{0-3}
    OpenMP thread 1: PU set L#{0-3} P#{0-3}
INFO (SystemTopology): Setting thread CPU bindings:
INFO (SystemTopology): Thread CPU bindings:
  MPI process 0 on host 0 (process 0 of 1 on this host)
    OpenMP thread 0: PU set L#{0} P#{0}
    OpenMP thread 1: PU set L#{2} P#{2}
INFO (SystemTopology): Extracting CPU/cache/memory properties:
  There are 2 PUs per core (aka hardware SMT threads)
  There are 1 threads per core (aka SMT threads used)
  Cache (unknown name) has type "data" depth 1
    size 32768 linesize 64 associativity 8 stride 4096, for 2 PUs
  Cache (unknown name) has type "unified" depth 2
    size 524288 linesize 64 associativity 8 stride 65536, for 2 PUs
  Cache (unknown name) has type "unified" depth 3
    size 33554432 linesize 64 associativity 16 stride 2097152, for 4 PUs
INFO (PUGH): Using physical to logical mappings: direct
INFO (PUGH): Using topology generator: automatic
INFO (Vectors): Using vector size 2 for architecture SSE2 (64-bit precision)
--------------------------------------------------------------------------------
Driver provided by PUGH
--------------------------------------------------------------------------------

INFO (PUGH): Not setting up a topology for 1 dimensions
INFO (PUGH): Not setting up a topology for 2 dimensions
INFO (PUGH): Setting up a topology for 3 dimensions
INFO (IOASCII): I/O Method 'IOASCII_1D' registered: output of 1D lines of grid functions/arrays to ASCII files
INFO (IOASCII): Periodic 1D output every 1 iterations
INFO (IOASCII): Periodic 1D output requested for 'GRID::r'
INFO (IOASCII): I/O Method 'IOASCII_2D' registered: output of 2D planes of grid functions/arrays to ASCII files
INFO (IOASCII): Periodic 2D output turned off
INFO (IOASCII): I/O Method 'IOASCII_3D' registered: output of 3D grid functions/arrays to ASCII files
INFO (IOASCII): Periodic 3D output turned off
INFO (MemSpeed): Measuring CPU, cache, memory, and communication speeds:
  Single-core measurements (using 1 MPI processes with 1 OpenMP threads each):
    CPU frequency:
      iterations=1000000... time=0.00125917 sec
      iterations=10000000... time=0.0125206 sec
      iterations=100000000... time=0.124635 sec
      iterations=900000000... time=1.12363 sec
      iterations=900000000... time=0.842696 sec
      result: 6.40729 GHz
    CPU floating point performance:
      iterations=1000000... time=0.00198563 sec
      iterations=10000000... time=0.0198644 sec
      iterations=100000000... time=0.198577 sec
      iterations=600000000... time=1.19188 sec
      result: 16.109 Gflop/sec
    CPU integer performance:
      iterations=1000000... time=0.00158762 sec
      iterations=10000000... time=0.0156034 sec
      iterations=100000000... time=0.155863 sec
      iterations=700000000... time=1.08953 sec
      result: 10.2796 Giop/sec
    Read latency of D1 cache (for 2 PUs) (using 1*24576 bytes):
      iterations=1000... time=0.000125605 sec
      iterations=10000... time=0.00124832 sec
      iterations=100000... time=0.0124583 sec
      iterations=1000000... time=0.124518 sec
      iterations=9000000... time=1.12037 sec
      result: 1.24485 nsec
    Read latency of L2 cache (for 2 PUs) (using 1*393216 bytes):
      iterations=1000... time=0.000596627 sec
      iterations=10000... time=0.00543858 sec
      iterations=100000... time=0.053779 sec
      iterations=1000000... time=0.538528 sec
      iterations=2000000... time=1.07687 sec
      result: 5.38435 nsec
    Read latency of L3 cache (for 4 PUs) (using 1*25165824 bytes):
      [skipped -- avoiding large-memory benchmarks]
    Read bandwidth of D1 cache (for 2 PUs) (using 1*24576 bytes):
      iterations=1... time=5.20999e-07 sec
      iterations=10... time=3.215e-06 sec
      iterations=100... time=4.1658e-05 sec
      iterations=1000... time=0.000299962 sec
      iterations=10000... time=0.00258833 sec
      iterations=100000... time=0.0245491 sec
      iterations=1000000... time=0.245499 sec
      iterations=4000000... time=0.981412 sec
      iterations=8000000... time=1.96628 sec
      result: 99.9899 GByte/sec
    Read bandwidth of L2 cache (for 2 PUs) (using 1*393216 bytes):
      iterations=1... time=8.866e-06 sec
      iterations=10... time=6.3359e-05 sec
      iterations=100... time=0.000494877 sec
      iterations=1000... time=0.00490603 sec
      iterations=10000... time=0.0488553 sec
      iterations=100000... time=0.491081 sec
      iterations=200000... time=0.981098 sec
      iterations=400000... time=1.97625 sec
      result: 79.5883 GByte/sec
    Read bandwidth of L3 cache (for 4 PUs) (using 1*25165824 bytes):
      [skipped -- avoiding large-memory benchmarks]
    Write latency of D1 cache (for 2 PUs) (using 1*24576 bytes):
      iterations=1000... time=3.206e-06 sec
      iterations=10000... time=3.0938e-05 sec
      iterations=100000... time=0.000255348 sec
      iterations=1000000... time=0.00250163 sec
      iterations=10000000... time=0.0248902 sec
      iterations=100000000... time=0.249243 sec
      iterations=400000000... time=0.996327 sec
      iterations=800000000... time=1.99213 sec
      result: 0.31127 nsec
    Write latency of L2 cache (for 2 PUs) (using 1*393216 bytes):
      iterations=1000... time=1.0279e-05 sec
      iterations=10000... time=0.000100459 sec
      iterations=100000... time=0.00102096 sec
      iterations=1000000... time=0.0100246 sec
      iterations=10000000... time=0.100327 sec
      iterations=100000000... time=1.00645 sec
      result: 1.25806 nsec
    Write latency of L3 cache (for 4 PUs) (using 1*25165824 bytes):
      [skipped -- avoiding large-memory benchmarks]
    Write bandwidth of D1 cache (for 2 PUs) (using 1*24576 bytes):
      iterations=1... time=4.71e-07 sec
      iterations=10... time=3.957e-06 sec
      iterations=100... time=3.9474e-05 sec
      iterations=1000... time=0.000297257 sec
      iterations=10000... time=0.00279875 sec
      iterations=100000... time=0.0279182 sec
      iterations=1000000... time=0.278912 sec
      iterations=4000000... time=1.1156 sec
      result: 88.1174 GByte/sec
    Write bandwidth of L2 cache (for 2 PUs) (using 1*393216 bytes):
      iterations=1... time=8.536e-06 sec
      iterations=10... time=7.7064e-05 sec
      iterations=100... time=0.000604281 sec
      iterations=1000... time=0.00452759 sec
      iterations=10000... time=0.0439115 sec
      iterations=100000... time=0.44184 sec
      iterations=200000... time=0.880107 sec
      iterations=400000... time=1.75993 sec
      result: 89.3709 GByte/sec
    Write bandwidth of L3 cache (for 4 PUs) (using 1*25165824 bytes):
      [skipped -- avoiding large-memory benchmarks]
    Stencil code performance of D1 cache (for 2 PUs) (using 1*12^3 grid points, 1*27648 bytes):
      iterations=1... time=4.6847e-05 sec
      iterations=10... time=0.00040087 sec
      iterations=100... time=0.00379978 sec
      iterations=1000... time=0.0355716 sec
      iterations=10000... time=0.361058 sec
      iterations=30000... time=1.09264 sec
      result: 0.0474446 Gupdates/sec
    Stencil code performance of L2 cache (for 2 PUs) (using 1*29^3 grid points, 1*390224 bytes):
      iterations=1... time=0.000171341 sec
      iterations=10... time=0.00177272 sec
      iterations=100... time=0.0186352 sec
      iterations=1000... time=0.178371 sec
      iterations=6000... time=1.10181 sec
      result: 0.132812 Gupdates/sec
    Stencil code performance of L3 cache (for 4 PUs) (using 1*116^3 grid points, 1*24974336 bytes):
      iterations=1... time=0.00415286 sec
      iterations=10... time=0.0451241 sec
      iterations=100... time=0.458247 sec
      iterations=200... time=0.911089 sec
      iterations=400... time=1.78204 sec
      result: 0.350361 Gupdates/sec
  Single-node measurements (using 1 MPI processes with 2 OpenMP threads each):
    CPU frequency:
      iterations=1000000... time=0.00130942 sec
      iterations=10000000... time=0.0124704 sec
      iterations=100000000... time=0.124681 sec
      iterations=900000000... time=1.12207 sec
      iterations=900000000... time=0.844772 sec
      result: 6.49124 GHz
    CPU floating point performance:
      iterations=1000000... time=0.00198516 sec
      iterations=10000000... time=0.019875 sec
      iterations=100000000... time=0.198696 sec
      iterations=600000000... time=1.19148 sec
      result: 16.1144 Gflop/sec
    CPU integer performance:
      iterations=1000000... time=0.00156694 sec
      iterations=10000000... time=0.0155777 sec
      iterations=100000000... time=0.155596 sec
      iterations=700000000... time=1.0899 sec
      result: 10.2762 Giop/sec
    Read latency of D1 cache (for 2 PUs) (using 2*24576 bytes):
      iterations=1000... time=0.000124563 sec
      iterations=10000... time=0.0012536 sec
      iterations=100000... time=0.0124814 sec
      iterations=1000000... time=0.124433 sec
      iterations=9000000... time=1.12045 sec
      result: 1.24495 nsec
    Read latency of L2 cache (for 2 PUs) (using 2*393216 bytes):
      iterations=1000... time=0.000382716 sec
      iterations=10000... time=0.00333079 sec
      iterations=100000... time=0.0333271 sec
      iterations=1000000... time=0.333796 sec
      iterations=3000000... time=0.998833 sec
      iterations=6000000... time=1.99974 sec
      result: 3.33291 nsec
    Read latency of L3 cache (for 4 PUs) (using 1*25165824 bytes):
      [skipped -- avoiding large-memory benchmarks]
    Read bandwidth of D1 cache (for 2 PUs) (using 2*24576 bytes):
      iterations=1... time=4.46e-07 sec
      iterations=10... time=3.622e-06 sec
      iterations=100... time=3.9048e-05 sec
      iterations=1000... time=0.000375968 sec
      iterations=10000... time=0.00259409 sec
      iterations=100000... time=0.0246568 sec
      iterations=1000000... time=0.245581 sec
      iterations=4000000... time=0.984771 sec
      iterations=8000000... time=1.96789 sec
      result: 99.9078 GByte/sec
    Read bandwidth of L2 cache (for 2 PUs) (using 2*393216 bytes):
      iterations=1... time=6.758e-06 sec
      iterations=10... time=5.13765e-05 sec
      iterations=100... time=0.000506769 sec
      iterations=1000... time=0.00495452 sec
      iterations=10000... time=0.0495305 sec
      iterations=100000... time=0.496569 sec
      iterations=200000... time=0.994471 sec
      iterations=400000... time=1.98712 sec
      result: 79.153 GByte/sec
    Read bandwidth of L3 cache (for 4 PUs) (using 1*25165824 bytes):
      [skipped -- avoiding large-memory benchmarks]
    Write latency of D1 cache (for 2 PUs) (using 2*24576 bytes):
      iterations=1000... time=3.356e-06 sec
      iterations=10000... time=3.2481e-05 sec
      iterations=100000... time=0.000300287 sec
      iterations=1000000... time=0.00255982 sec
      iterations=10000000... time=0.0248969 sec
      iterations=100000000... time=0.249167 sec
      iterations=400000000... time=0.996628 sec
      iterations=800000000... time=1.9947 sec
      result: 0.311672 nsec
    Write latency of L2 cache (for 2 PUs) (using 2*393216 bytes):
      iterations=1000... time=1.8024e-05 sec
      iterations=10000... time=9.58795e-05 sec
      iterations=100000... time=0.00093524 sec
      iterations=1000000... time=0.00927697 sec
      iterations=10000000... time=0.0929577 sec
      iterations=100000000... time=0.925051 sec
      iterations=200000000... time=1.8537 sec
      result: 1.15856 nsec
    Write latency of L3 cache (for 4 PUs) (using 1*25165824 bytes):
      [skipped -- avoiding large-memory benchmarks]
    Write bandwidth of D1 cache (for 2 PUs) (using 2*24576 bytes):
      iterations=1... time=4.505e-07 sec
      iterations=10... time=3.787e-06 sec
      iterations=100... time=3.8657e-05 sec
      iterations=1000... time=0.000319914 sec
      iterations=10000... time=0.00283746 sec
      iterations=100000... time=0.0280065 sec
      iterations=1000000... time=0.278753 sec
      iterations=4000000... time=1.11537 sec
      result: 88.1357 GByte/sec
    Write bandwidth of L2 cache (for 2 PUs) (using 2*393216 bytes):
      iterations=1... time=7.564e-06 sec
      iterations=10... time=5.7087e-05 sec
      iterations=100... time=0.000554508 sec
      iterations=1000... time=0.00456173 sec
      iterations=10000... time=0.0441581 sec
      iterations=100000... time=0.443113 sec
      iterations=200000... time=0.889359 sec
      iterations=400000... time=1.77455 sec
      result: 88.6347 GByte/sec
    Write bandwidth of L3 cache (for 4 PUs) (using 1*25165824 bytes):
      [skipped -- avoiding large-memory benchmarks]
    Stencil code performance of D1 cache (for 2 PUs) (using 1*12^3 grid points, 1*27648 bytes):
      iterations=1... time=1.85145e-05 sec
      iterations=10... time=0.000118182 sec
      iterations=100... time=0.00103213 sec
      iterations=1000... time=0.00926749 sec
      iterations=10000... time=0.0974172 sec
      iterations=100000... time=0.947185 sec
      iterations=200000... time=1.893 sec
      result: 0.182568 Gupdates/sec
    Stencil code performance of L2 cache (for 2 PUs) (using 1*29^3 grid points, 1*390224 bytes):
      iterations=1... time=3.8257e-05 sec
      iterations=10... time=0.000411194 sec
      iterations=100... time=0.00430031 sec
      iterations=1000... time=0.0433057 sec
      iterations=10000... time=0.441309 sec
      iterations=20000... time=0.911703 sec
      iterations=40000... time=1.90796 sec
      result: 0.511309 Gupdates/sec
    Stencil code performance of L3 cache (for 4 PUs) (using 1*116^3 grid points, 1*24974336 bytes):
      iterations=1... time=0.00158798 sec
      iterations=10... time=0.0127324 sec
      iterations=100... time=0.124756 sec
      iterations=900... time=1.08539 sec
      result: 1.29429 Gupdates/sec
INFO (Vectors): Testing vectorisation... [errors may result in segfaults]
INFO (Vectors): 375/375 tests passed 
INFO (CartGrid3D): Grid Spacings:
INFO (CartGrid3D): dx=>1.1111111e-01  dy=>1.1111111e-01  dz=>1.1111111e-01
INFO (CartGrid3D): Computational Coordinates:
INFO (CartGrid3D): x=>[-0.500, 0.500]  y=>[-0.500, 0.500]  z=>[-0.500, 0.500]
INFO (CartGrid3D): Indices of Physical Coordinates:
INFO (CartGrid3D): x=>[0,9]  y=>[0,9]  z=>[0,9]
INFO (PUGH): MPI Evolution on 1 processors
INFO (PUGH): 3-dimensional grid functions
INFO (PUGH):  10
INFO (PUGH):  1
INFO (PUGH): 10]
INFO (PUGH):   Maximum load skew: 0.000000
--------------------------------------------------------------------------------
Done.
+ echo Stopping:
Stopping:
+ date
Mon Jun  8 20:59:52 UTC 2026
+ echo Done.
Done.
  Elapsed time: 72.9 s
