/home/runner/simulations/TestJob01_temp_1/output-0000/TEST/sim/MemSpeed
Preparing:
+ set -e
+ cd output-0000-active
+ echo Checking:
Checking:
+ pwd
/home/runner/simulations/TestJob01_temp_1/output-0000/TEST/sim/MemSpeed/output-0000-active
+ hostname
runnervm3jyl0
+ date
Sat Jun  6 05:41:37 UTC 2026
+ echo Environment:
Environment:
+ export CACTUS_NUM_PROCS=1
+ CACTUS_NUM_PROCS=1
+ export CACTUS_NUM_THREADS=2
+ CACTUS_NUM_THREADS=2
+ export GMON_OUT_PREFIX=gmon.out
+ GMON_OUT_PREFIX=gmon.out
+ export OMP_NUM_THREADS=2
+ OMP_NUM_THREADS=2
+ env
+ sort
+ echo Starting:
Starting:
++ date +%s
+ export CACTUS_STARTTIME=1780724497
+ CACTUS_STARTTIME=1780724497
+ '[' 1 = 1 ']'
+ '[' 0 -eq 0 ']'
+ /home/runner/simulations/TestJob01_temp_1/SIMFACTORY/exe/cactus_sim -L 3 /home/runner/simulations/TestJob01_temp_1/output-0000/arrangements/CactusUtils/MemSpeed/test/memspeed.par
INFO (Cactus): Increased logging level from 0 to 3
--------------------------------------------------------------------------------

       10                                  
  1   0101       ************************  
  01  1010 10      The Cactus Code V4.18.0    
 1010 1101 011      www.cactuscode.org     
  1001 100101    ************************  
    00010101                               
     100011     (c) Copyright The Authors  
      0100      GNU Licensed. No Warranty  
      0101                                 
--------------------------------------------------------------------------------

Cactus version:    4.18.0
Compile date:      Jun 06 2026 (05:29:38)
Run date:          Jun 06 2026 (05:41:38+0000)
Run host:          runnervm3jyl0.4c4mgltpvnwe1ovrcbuq33uxla.bx.internal.cloudapp.net (pid=172167)
Working directory: /home/runner/simulations/TestJob01_temp_1/output-0000/TEST/sim/MemSpeed
Executable:        /home/runner/simulations/TestJob01_temp_1/SIMFACTORY/exe/cactus_sim
Parameter file:    /home/runner/simulations/TestJob01_temp_1/output-0000/arrangements/CactusUtils/MemSpeed/test/memspeed.par
--------------------------------------------------------------------------------

Activating thorn Cactus...Success -> active implementation Cactus
Activation requested for 
--->hwloc MemSpeed SystemTopology CartGrid3D CoordBase IOASCII IOUtil PUGH PUGHSlab<---
Thorn hwloc requests automatic activation of zlib
Thorn MemSpeed requests automatic activation of Vectors
Thorn MemSpeed requests automatic activation of MPI
Activating thorn CartGrid3D...Success -> active implementation grid
Activating thorn CoordBase...Success -> active implementation CoordBase
Activating thorn hwloc...Success -> active implementation hwloc
Activating thorn IOASCII...Success -> active implementation IOASCII
Activating thorn IOUtil...Success -> active implementation IO
Activating thorn MemSpeed...Success -> active implementation MemSpeed
Activating thorn MPI...Success -> active implementation MPI
Activating thorn PUGH...Success -> active implementation Driver
Activating thorn PUGHSlab...Success -> active implementation Hyperslab
Activating thorn SystemTopology...Success -> active implementation SystemTopology
Activating thorn Vectors...Success -> active implementation Vectors
Activating thorn zlib...Success -> active implementation zlib
--------------------------------------------------------------------------------
  if (recover initial data)
    Recover parameters
  endif

  Startup routines
    [CCTK_STARTUP]
      CartGrid3D::SymmetryStartup: Register GH Extension for GridSymmetry
      CoordBase::CoordBase_Startup: Register a GH extension to store the coordinate system handles
      GROUP hwloc_startup: hwloc startup group
        hwloc::hwloc_version: Output hwloc version
      SystemTopology::ST_system_topology: Output and/or modify system topology and hardware locality
      PUGH::Driver_Startup: Startup routine
      PUGH::PUGH_RegisterPUGHP2LRoutines: Register Physical to Logical process mapping routines
      PUGH::PUGH_RegisterPUGHTopologyRoutines: Register topology generation routines routines
      IOUtil::IOUtil_Startup: Startup routine
      Vectors::Vectors_Startup: Print startup message
      IOASCII::IOASCII_Startup: Startup routine

  Startup routines which need an existing grid hierarchy
    [CCTK_WRAGH]
      CartGrid3D::RegisterCartGrid3DCoords: [meta] Register coordinates for the Cartesian grid
      MemSpeed::MemSpeed_MeasureSpeed: [meta] Measure CPU, memory, cache speeds
  Parameter checking routines
    [CCTK_PARAMCHECK]
      CartGrid3D::ParamCheck_CartGrid3D: Check coordinates for CartGrid3D
      Vectors::Vectors_Test: Run correctness tests.

  Initialisation
    if (NOT (recover initial data AND recovery_mode is 'strict'))
      [CCTK_PREREGRIDINITIAL]
      Set up grid hierarchy
      [CCTK_POSTREGRIDINITIAL]
        CartGrid3D::SpatialCoordinates: Set Coordinates after regridding
      [CCTK_BASEGRID]
        CartGrid3D::SpatialSpacings: Set up ranges for spatial 3D Cartesian coordinates (on all grids)
        CartGrid3D::SpatialCoordinates: Set up spatial 3D Cartesian coordinates on the GH
        IOASCII::IOASCII_Choose1D: Choose 1D output lines
        IOASCII::IOASCII_Choose2D: Choose 2D output planes
        PUGH::PUGH_Report: Report on PUGH set up
      [CCTK_INITIAL]
      [CCTK_POSTINITIAL]
      Initialise finer grids recursively
      Restrict from finer grids
      [CCTK_POSTRESTRICTINITIAL]
      [CCTK_POSTPOSTINITIAL]
      [CCTK_POSTSTEP]
    endif
    if (recover initial data)
      [CCTK_BASEGRID]
        CartGrid3D::SpatialSpacings: Set up ranges for spatial 3D Cartesian coordinates (on all grids)
        CartGrid3D::SpatialCoordinates: Set up spatial 3D Cartesian coordinates on the GH
        IOASCII::IOASCII_Choose1D: Choose 1D output lines
        IOASCII::IOASCII_Choose2D: Choose 2D output planes
        PUGH::PUGH_Report: Report on PUGH set up
      [CCTK_RECOVER_VARIABLES]
      [CCTK_POST_RECOVER_VARIABLES]
    endif
    if (checkpoint initial data)
      [CCTK_CPINITIAL]
    endif
    if (analysis)
      [CCTK_ANALYSIS]
  endif
  Output grid variables

  do loop over timesteps
    [CCTK_PREREGRID]
    Change grid hierarchy
    [CCTK_POSTREGRID]
      CartGrid3D::SpatialCoordinates: Set Coordinates after regridding
    Rotate timelevels
    iteration = iteration+1
    t = t+dt
    [CCTK_PRESTEP]
    [CCTK_EVOL]
    Evolve finer grids recursively
    Restrict from finer grids
    [CCTK_POSTRESTRICT]
    [CCTK_POSTSTEP]
    if (checkpoint)
      [CCTK_CHECKPOINT]
    endif
    if (analysis)
      [CCTK_ANALYSIS]
    endif
    Output grid variables
    enddo

  Termination routines
    [CCTK_TERMINATE]
      PUGH::Driver_Terminate: Termination routine

  Shutdown routines
    [CCTK_SHUTDOWN]

  Routines run after changing the grid hierarchy:
    [CCTK_POSTREGRID]
      CartGrid3D::SpatialCoordinates: Set Coordinates after regridding
--------------------------------------------------------------------------------
INFO (hwloc): library version 2.10.0, API version 0x20800
INFO (SystemTopology): MPI process-to-host mapping:
This is MPI process 0 of 1
MPI hosts:
  0: runnervm3jyl0
This MPI process runs on host 0 of 1
On this host, this is MPI process 0 of 1
INFO (SystemTopology): Topology support:
Discovery support:
  discovery->pu                            : yes
CPU binding support:
  cpubind->set_thisproc_cpubind            : yes
  cpubind->get_thisproc_cpubind            : yes
  cpubind->set_proc_cpubind                : yes
  cpubind->get_proc_cpubind                : yes
  cpubind->set_thisthread_cpubind          : yes
  cpubind->get_thisthread_cpubind          : yes
  cpubind->set_thread_cpubind              : yes
  cpubind->get_thread_cpubind              : yes
  cpubind->get_thisproc_last_cpu_location  : yes
  cpubind->get_proc_last_cpu_location      : yes
  cpubind->get_thisthread_last_cpu_location: yes
Memory binding support:
  membind->set_thisproc_membind            : no
  membind->get_thisproc_membind            : no
  membind->set_proc_membind                : no
  membind->get_proc_membind                : no
  membind->set_thisthread_membind          : yes
  membind->get_thisthread_membind          : yes
  membind->set_area_membind                : yes
  membind->get_area_membind                : yes
  membind->alloc_membind                   : yes
  membind->firsttouch_membind              : yes
  membind->bind_membind                    : yes
  membind->interleave_membind              : yes
  membind->nexttouch_membind               : no
  membind->migrate_membind                 : yes
INFO (SystemTopology): Hardware objects in this node:
Machine L#0: (P#0, total=16373460KB, DMIProductName="Virtual Machine", DMIProductVersion="Hyper-V UEFI Release v4.1", DMIProductUUID=06b2e9ee-2df3-4f96-a86e-e51f3f507d18, DMIBoardVendor="Microsoft Corporation", DMIBoardName="Virtual Machine", DMIBoardVersion="Hyper-V UEFI Release v4.1", DMIBoardAssetTag=None, DMIChassisVendor="Microsoft Corporation", DMIChassisType=3, DMIChassisVersion="Hyper-V UEFI Release v4.1", DMIChassisAssetTag=7783-7084-3265-9085-8269-3286-77, DMIBIOSVendor="Microsoft Corporation", DMIBIOSVersion="Hyper-V UEFI Release v4.1", DMIBIOSDate=01/08/2026, DMISysVendor="Microsoft Corporation", Backend=Linux, LinuxCgroup=/system.slice/hosted-compute-agent.service, OSName=Linux, OSRelease=6.17.0-1015-azure, OSVersion="#15~24.04.1-Ubuntu SMP Wed May  6 22:37:49 UTC 2026", HostName=runnervm3jyl0, Architecture=x86_64, hwlocVersion=2.10.0, ProcessName=cactus_sim)
  Package L#0: (P#0, total=16373460KB, CPUVendor=AuthenticAMD, CPUFamilyNumber=25, CPUModelNumber=1, CPUModel="AMD EPYC 7763 64-Core Processor                ", CPUStepping=1)
    L3Cache L#0: (P#0, size=32768KB, linesize=64, ways=16, Inclusive=0)
      L2Cache L#0: (P#0, size=512KB, linesize=64, ways=8, Inclusive=1)
        L1dCache L#0: (P#0, size=32KB, linesize=64, ways=8, Inclusive=0)
          Core L#0: (P#0)
            PU L#0: (P#0)
            PU L#1: (P#1)
      L2Cache L#1: (P#1, size=512KB, linesize=64, ways=8, Inclusive=1)
        L1dCache L#1: (P#1, size=32KB, linesize=64, ways=8, Inclusive=0)
          Core L#1: (P#1)
            PU L#2: (P#2)
            PU L#3: (P#3)
INFO (SystemTopology): Thread CPU bindings:
  MPI process 0 on host 0 (process 0 of 1 on this host)
    OpenMP thread 0: PU set L#{0-3} P#{0-3}
    OpenMP thread 1: PU set L#{0-3} P#{0-3}
INFO (SystemTopology): Setting thread CPU bindings:
INFO (SystemTopology): Thread CPU bindings:
  MPI process 0 on host 0 (process 0 of 1 on this host)
    OpenMP thread 0: PU set L#{0} P#{0}
    OpenMP thread 1: PU set L#{2} P#{2}
INFO (SystemTopology): Extracting CPU/cache/memory properties:
  There are 2 PUs per core (aka hardware SMT threads)
  There are 1 threads per core (aka SMT threads used)
  Cache (unknown name) has type "data" depth 1
    size 32768 linesize 64 associativity 8 stride 4096, for 2 PUs
  Cache (unknown name) has type "unified" depth 2
    size 524288 linesize 64 associativity 8 stride 65536, for 2 PUs
  Cache (unknown name) has type "unified" depth 3
    size 33554432 linesize 64 associativity 16 stride 2097152, for 4 PUs
INFO (PUGH): Using physical to logical mappings: direct
INFO (PUGH): Using topology generator: automatic
INFO (Vectors): Using vector size 2 for architecture SSE2 (64-bit precision)
--------------------------------------------------------------------------------
Driver provided by PUGH
--------------------------------------------------------------------------------

INFO (PUGH): Not setting up a topology for 1 dimensions
INFO (PUGH): Not setting up a topology for 2 dimensions
INFO (PUGH): Setting up a topology for 3 dimensions
INFO (IOASCII): I/O Method 'IOASCII_1D' registered: output of 1D lines of grid functions/arrays to ASCII files
INFO (IOASCII): Periodic 1D output every 1 iterations
INFO (IOASCII): Periodic 1D output requested for 'GRID::r'
INFO (IOASCII): I/O Method 'IOASCII_2D' registered: output of 2D planes of grid functions/arrays to ASCII files
INFO (IOASCII): Periodic 2D output turned off
INFO (IOASCII): I/O Method 'IOASCII_3D' registered: output of 3D grid functions/arrays to ASCII files
INFO (IOASCII): Periodic 3D output turned off
INFO (MemSpeed): Measuring CPU, cache, memory, and communication speeds:
  Single-core measurements (using 1 MPI processes with 1 OpenMP threads each):
    CPU frequency:
      iterations=1000000... time=0.00126015 sec
      iterations=10000000... time=0.0125557 sec
      iterations=100000000... time=0.124595 sec
      iterations=900000000... time=1.12137 sec
      iterations=900000000... time=0.845107 sec
      result: 6.51556 GHz
    CPU floating point performance:
      iterations=1000000... time=0.00198884 sec
      iterations=10000000... time=0.0198386 sec
      iterations=100000000... time=0.198537 sec
      iterations=600000000... time=1.19139 sec
      result: 16.1157 Gflop/sec
    CPU integer performance:
      iterations=1000000... time=0.00156585 sec
      iterations=10000000... time=0.0155485 sec
      iterations=100000000... time=0.155589 sec
      iterations=700000000... time=1.0903 sec
      result: 10.2724 Giop/sec
    Read latency of D1 cache (for 2 PUs) (using 1*24576 bytes):
      iterations=1000... time=0.00012342 sec
      iterations=10000... time=0.0012432 sec
      iterations=100000... time=0.0124491 sec
      iterations=1000000... time=0.124667 sec
      iterations=9000000... time=1.12046 sec
      result: 1.24496 nsec
    Read latency of L2 cache (for 2 PUs) (using 1*393216 bytes):
      iterations=1000... time=0.000452954 sec
      iterations=10000... time=0.00404278 sec
      iterations=100000... time=0.0403243 sec
      iterations=1000000... time=0.404236 sec
      iterations=3000000... time=1.21073 sec
      result: 4.03576 nsec
    Read latency of L3 cache (for 4 PUs) (using 1*25165824 bytes):
      [skipped -- avoiding large-memory benchmarks]
    Read bandwidth of D1 cache (for 2 PUs) (using 1*24576 bytes):
      iterations=1... time=4.61e-07 sec
      iterations=10... time=2.815e-06 sec
      iterations=100... time=2.5989e-05 sec
      iterations=1000... time=0.000274802 sec
      iterations=10000... time=0.00248776 sec
      iterations=100000... time=0.0245438 sec
      iterations=1000000... time=0.245371 sec
      iterations=4000000... time=0.98164 sec
      iterations=8000000... time=1.96521 sec
      result: 100.044 GByte/sec
    Read bandwidth of L2 cache (for 2 PUs) (using 1*393216 bytes):
      iterations=1... time=6.061e-06 sec
      iterations=10... time=5.5193e-05 sec
      iterations=100... time=0.000558521 sec
      iterations=1000... time=0.00548505 sec
      iterations=10000... time=0.0539081 sec
      iterations=100000... time=0.528418 sec
      iterations=200000... time=1.05631 sec
      result: 74.4508 GByte/sec
    Read bandwidth of L3 cache (for 4 PUs) (using 1*25165824 bytes):
      [skipped -- avoiding large-memory benchmarks]
    Write latency of D1 cache (for 2 PUs) (using 1*24576 bytes):
      iterations=1000... time=3.476e-06 sec
      iterations=10000... time=3.3473e-05 sec
      iterations=100000... time=0.000336527 sec
      iterations=1000000... time=0.00344221 sec
      iterations=10000000... time=0.0267682 sec
      iterations=100000000... time=0.249191 sec
      iterations=400000000... time=0.997159 sec
      iterations=800000000... time=1.99323 sec
      result: 0.311443 nsec
    Write latency of L2 cache (for 2 PUs) (using 1*393216 bytes):
      iterations=1000... time=9.978e-06 sec
      iterations=10000... time=8.7864e-05 sec
      iterations=100000... time=0.000936887 sec
      iterations=1000000... time=0.00951627 sec
      iterations=10000000... time=0.0944119 sec
      iterations=100000000... time=0.933173 sec
      iterations=200000000... time=1.86928 sec
      result: 1.1683 nsec
    Write latency of L3 cache (for 4 PUs) (using 1*25165824 bytes):
      [skipped -- avoiding large-memory benchmarks]
    Write bandwidth of D1 cache (for 2 PUs) (using 1*24576 bytes):
      iterations=1... time=3.01e-07 sec
      iterations=10... time=2.805e-06 sec
      iterations=100... time=2.7672e-05 sec
      iterations=1000... time=0.000275884 sec
      iterations=10000... time=0.00279738 sec
      iterations=100000... time=0.0278586 sec
      iterations=1000000... time=0.278648 sec
      iterations=4000000... time=1.11537 sec
      result: 88.1358 GByte/sec
    Write bandwidth of L2 cache (for 2 PUs) (using 1*393216 bytes):
      iterations=1... time=6.232e-06 sec
      iterations=10... time=5.1276e-05 sec
      iterations=100... time=0.000591521 sec
      iterations=1000... time=0.00515901 sec
      iterations=10000... time=0.0505353 sec
      iterations=100000... time=0.487677 sec
      iterations=200000... time=0.968394 sec
      iterations=400000... time=1.93907 sec
      result: 81.1143 GByte/sec
    Write bandwidth of L3 cache (for 4 PUs) (using 1*25165824 bytes):
      [skipped -- avoiding large-memory benchmarks]
    Stencil code performance of D1 cache (for 2 PUs) (using 1*12^3 grid points, 1*27648 bytes):
      iterations=1... time=4.7439e-05 sec
      iterations=10... time=0.000330426 sec
      iterations=100... time=0.00317041 sec
      iterations=1000... time=0.031441 sec
      iterations=10000... time=0.310458 sec
      iterations=40000... time=1.2309 sec
      result: 0.0561542 Gupdates/sec
    Stencil code performance of L2 cache (for 2 PUs) (using 1*29^3 grid points, 1*390224 bytes):
      iterations=1... time=0.000153135 sec
      iterations=10... time=0.00156993 sec
      iterations=100... time=0.0156182 sec
      iterations=1000... time=0.157949 sec
      iterations=7000... time=1.0947 sec
      result: 0.155954 Gupdates/sec
    Stencil code performance of L3 cache (for 4 PUs) (using 1*116^3 grid points, 1*24974336 bytes):
      iterations=1... time=0.00396295 sec
      iterations=10... time=0.03934 sec
      iterations=100... time=0.373212 sec
      iterations=300... time=1.18567 sec
      result: 0.394939 Gupdates/sec
  Single-node measurements (using 1 MPI processes with 2 OpenMP threads each):
    CPU frequency:
      iterations=1000000... time=0.00130576 sec
      iterations=10000000... time=0.0124927 sec
      iterations=100000000... time=0.124707 sec
      iterations=900000000... time=1.12291 sec
      iterations=900000000... time=0.843019 sec
      result: 6.43107 GHz
    CPU floating point performance:
      iterations=1000000... time=0.00198872 sec
      iterations=10000000... time=0.0198711 sec
      iterations=100000000... time=0.198643 sec
      iterations=600000000... time=1.19206 sec
      result: 16.1065 Gflop/sec
    CPU integer performance:
      iterations=1000000... time=0.00158372 sec
      iterations=10000000... time=0.0156196 sec
      iterations=100000000... time=0.155744 sec
      iterations=700000000... time=1.09364 sec
      result: 10.241 Giop/sec
    Read latency of D1 cache (for 2 PUs) (using 2*24576 bytes):
      iterations=1000... time=0.000126245 sec
      iterations=10000... time=0.00125124 sec
      iterations=100000... time=0.0124546 sec
      iterations=1000000... time=0.124618 sec
      iterations=9000000... time=1.12107 sec
      result: 1.24563 nsec
    Read latency of L2 cache (for 2 PUs) (using 2*393216 bytes):
      iterations=1000... time=0.000480184 sec
      iterations=10000... time=0.00452714 sec
      iterations=100000... time=0.0448696 sec
      iterations=1000000... time=0.449177 sec
      iterations=2000000... time=0.897684 sec
      iterations=4000000... time=1.79941 sec
      result: 4.49853 nsec
    Read latency of L3 cache (for 4 PUs) (using 1*25165824 bytes):
      [skipped -- avoiding large-memory benchmarks]
    Read bandwidth of D1 cache (for 2 PUs) (using 2*24576 bytes):
      iterations=1... time=5.26e-07 sec
      iterations=10... time=3.366e-06 sec
      iterations=100... time=3.2455e-05 sec
      iterations=1000... time=0.000281164 sec
      iterations=10000... time=0.002538 sec
      iterations=100000... time=0.024559 sec
      iterations=1000000... time=0.245494 sec
      iterations=4000000... time=0.982279 sec
      iterations=8000000... time=1.96431 sec
      result: 100.09 GByte/sec
    Read bandwidth of L2 cache (for 2 PUs) (using 2*393216 bytes):
      iterations=1... time=9.768e-06 sec
      iterations=10... time=6.56875e-05 sec
      iterations=100... time=0.000562017 sec
      iterations=1000... time=0.00547774 sec
      iterations=10000... time=0.0530514 sec
      iterations=100000... time=0.514394 sec
      iterations=200000... time=1.02788 sec
      result: 76.5098 GByte/sec
    Read bandwidth of L3 cache (for 4 PUs) (using 1*25165824 bytes):
      [skipped -- avoiding large-memory benchmarks]
    Write latency of D1 cache (for 2 PUs) (using 2*24576 bytes):
      iterations=1000... time=3.617e-06 sec
      iterations=10000... time=3.2636e-05 sec
      iterations=100000... time=0.000300415 sec
      iterations=1000000... time=0.00249492 sec
      iterations=10000000... time=0.0249735 sec
      iterations=100000000... time=0.249084 sec
      iterations=400000000... time=0.999506 sec
      iterations=800000000... time=1.99367 sec
      result: 0.311511 nsec
    Write latency of L2 cache (for 2 PUs) (using 2*393216 bytes):
      iterations=1000... time=9.9285e-06 sec
      iterations=10000... time=8.9952e-05 sec
      iterations=100000... time=0.000914784 sec
      iterations=1000000... time=0.00904156 sec
      iterations=10000000... time=0.0905711 sec
      iterations=100000000... time=0.89849 sec
      iterations=200000000... time=1.78739 sec
      result: 1.11712 nsec
    Write latency of L3 cache (for 4 PUs) (using 1*25165824 bytes):
      [skipped -- avoiding large-memory benchmarks]
    Write bandwidth of D1 cache (for 2 PUs) (using 2*24576 bytes):
      iterations=1... time=5.20999e-07 sec
      iterations=10... time=4.078e-06 sec
      iterations=100... time=3.96285e-05 sec
      iterations=1000... time=0.000340734 sec
      iterations=10000... time=0.00291305 sec
      iterations=100000... time=0.0279875 sec
      iterations=1000000... time=0.278755 sec
      iterations=4000000... time=1.11579 sec
      result: 88.1029 GByte/sec
    Write bandwidth of L2 cache (for 2 PUs) (using 2*393216 bytes):
      iterations=1... time=1.0865e-05 sec
      iterations=10... time=6.0162e-05 sec
      iterations=100... time=0.000519828 sec
      iterations=1000... time=0.00506593 sec
      iterations=10000... time=0.0485402 sec
      iterations=100000... time=0.46905 sec
      iterations=200000... time=0.937511 sec
      iterations=400000... time=1.88166 sec
      result: 83.5892 GByte/sec
    Write bandwidth of L3 cache (for 4 PUs) (using 1*25165824 bytes):
      [skipped -- avoiding large-memory benchmarks]
    Stencil code performance of D1 cache (for 2 PUs) (using 1*12^3 grid points, 1*27648 bytes):
      iterations=1... time=1.1306e-05 sec
      iterations=10... time=8.48085e-05 sec
      iterations=100... time=0.000883546 sec
      iterations=1000... time=0.00821838 sec
      iterations=10000... time=0.082488 sec
      iterations=100000... time=0.821705 sec
      iterations=200000... time=1.63757 sec
      result: 0.211045 Gupdates/sec
    Stencil code performance of L2 cache (for 2 PUs) (using 1*29^3 grid points, 1*390224 bytes):
      iterations=1... time=3.79805e-05 sec
      iterations=10... time=0.0004189 sec
      iterations=100... time=0.00413864 sec
      iterations=1000... time=0.04185 sec
      iterations=10000... time=0.416188 sec
      iterations=30000... time=1.22445 sec
      result: 0.59755 Gupdates/sec
    Stencil code performance of L3 cache (for 4 PUs) (using 1*116^3 grid points, 1*24974336 bytes):
      iterations=1... time=0.00147078 sec
      iterations=10... time=0.0111191 sec
      iterations=100... time=0.109716 sec
      iterations=1000... time=1.10438 sec
      result: 1.41337 Gupdates/sec
INFO (Vectors): Testing vectorisation... [errors may result in segfaults]
INFO (Vectors): 375/375 tests passed 
INFO (CartGrid3D): Grid Spacings:
INFO (CartGrid3D): dx=>1.1111111e-01  dy=>1.1111111e-01  dz=>1.1111111e-01
INFO (CartGrid3D): Computational Coordinates:
INFO (CartGrid3D): x=>[-0.500, 0.500]  y=>[-0.500, 0.500]  z=>[-0.500, 0.500]
INFO (CartGrid3D): Indices of Physical Coordinates:
INFO (CartGrid3D): x=>[0,9]  y=>[0,9]  z=>[0,9]
INFO (PUGH): MPI Evolution on 1 processors
INFO (PUGH): 3-dimensional grid functions
INFO (PUGH):  10
INFO (PUGH):  1
INFO (PUGH): 10]
INFO (PUGH):   Maximum load skew: 0.000000
--------------------------------------------------------------------------------
Done.
+ echo Stopping:
Stopping:
+ date
Sat Jun  6 05:42:42 UTC 2026
+ echo Done.
Done.
  Elapsed time: 64.9 s
