/home/runner/simulations/TestJob01_temp_1/output-0000/TEST/sim/CanudaX_BSSNMoL
Preparing:
+ set -e
+ cd output-0000-active
+ echo Checking:
Checking:
+ pwd
/home/runner/simulations/TestJob01_temp_1/output-0000/TEST/sim/CanudaX_BSSNMoL/output-0000-active
+ hostname
runnervm3jd5f
+ date
Sat Jul 18 08:37:11 UTC 2026
+ echo Environment:
Environment:
+ export CACTUS_NUM_PROCS=1
+ CACTUS_NUM_PROCS=1
+ export CACTUS_NUM_THREADS=2
+ CACTUS_NUM_THREADS=2
+ export GMON_OUT_PREFIX=gmon.out
+ GMON_OUT_PREFIX=gmon.out
+ export OMP_NUM_THREADS=2
+ OMP_NUM_THREADS=2
+ env
+ sort
+ echo Starting:
Starting:
++ date +%s
+ export CACTUS_STARTTIME=1784363831
+ CACTUS_STARTTIME=1784363831
+ '[' 1 = 1 ']'
+ '[' 0 -eq 0 ']'
+ /home/runner/simulations/TestJob01_temp_1/SIMFACTORY/exe/cactus_sim -L 3 /home/runner/simulations/TestJob01_temp_1/output-0000/arrangements/CanudaX/CanudaX_BSSNMoL/test/gaugewave.par
INFO (Cactus): Increased logging level from 0 to 3
--------------------------------------------------------------------------------

       10                                  
  1   0101       ************************  
  01  1010 10      The Cactus Code V4.20.0    
 1010 1101 011      www.cactuscode.org     
  1001 100101    ************************  
    00010101                               
     100011     (c) Copyright The Authors  
      0100      GNU Licensed. No Warranty  
      0101                                 
--------------------------------------------------------------------------------

Cactus version:    4.20.0
Compile date:      Jul 18 2026 (08:34:41)
Run date:          Jul 18 2026 (08:37:12+0000)
Run host:          runnervm3jd5f.0iejxyvsmblehp13ozwseuomph.dx.internal.cloudapp.net (pid=168731)
Working directory: /home/runner/simulations/TestJob01_temp_1/output-0000/TEST/sim/CanudaX_BSSNMoL
Executable:        /home/runner/simulations/TestJob01_temp_1/SIMFACTORY/exe/cactus_sim
Parameter file:    /home/runner/simulations/TestJob01_temp_1/output-0000/arrangements/CanudaX/CanudaX_BSSNMoL/test/gaugewave.par
--------------------------------------------------------------------------------

Activating thorn Cactus...Success -> active implementation Cactus
Activation requested for 
--->ADMBaseX CanudaX_BSSNMoL CanudaX_ExactID CarpetX IOUtil ODESolvers TmunuBaseX<---
Thorn ADMBaseX requests automatic activation of Loop
Thorn CarpetX requests automatic activation of AMReX
Thorn CarpetX requests automatic activation of MPI
Thorn CarpetX requests automatic activation of yaml_cpp
Thorn CarpetX requests automatic activation of zlib
Thorn CarpetX requests automatic activation of Arith
Thorn CarpetX requests automatic activation of CarpetXRegrid
Thorn CarpetX requests automatic activation of ADIOS2
Thorn CarpetX requests automatic activation of openPMD
Thorn CarpetX requests automatic activation of Silo
Thorn ADIOS2 requests automatic activation of CMake
Thorn Arith requests automatic activation of NSIMD
Thorn MPI requests automatic activation of hwloc
Thorn openPMD requests automatic activation of HDF5
Activating thorn ADIOS2...Success -> active implementation ADIOS2
Activating thorn ADMBaseX...Success -> active implementation ADMBaseX
Activating thorn AMReX...Success -> active implementation AMReX
Activating thorn Arith...Success -> active implementation Arith
Activating thorn CanudaX_BSSNMoL...Success -> active implementation CanudaX_BSSNMoL
Activating thorn CanudaX_ExactID...Success -> active implementation CanudaX_ExactID
Activating thorn CarpetX...Success -> active implementation Driver
Activating thorn CarpetXRegrid...Success -> active implementation CarpetXRegrid
Activating thorn CMake...Success -> active implementation CMake
Activating thorn HDF5...Success -> active implementation HDF5
Activating thorn hwloc...Success -> active implementation hwloc
Activating thorn IOUtil...Success -> active implementation IO
Activating thorn Loop...Success -> active implementation Loop
Activating thorn MPI...Success -> active implementation MPI
Activating thorn NSIMD...Success -> active implementation NSIMD
Activating thorn ODESolvers...Success -> active implementation ODESolvers
Activating thorn openPMD...Success -> active implementation openPMD
Activating thorn Silo...Success -> active implementation Silo
Activating thorn TmunuBaseX...Success -> active implementation TmunuBaseX
Activating thorn yaml_cpp...Success -> active implementation yaml_cpp
Activating thorn zlib...Success -> active implementation zlib
--------------------------------------------------------------------------------
  if (recover initial data)
    Recover parameters
  endif

  Startup routines
    [CCTK_STARTUP]
      CarpetX::Driver_Startup: Start up the driver
      IOUtil::IOUtil_Startup: Startup routine
      GROUP hwloc_startup: hwloc startup group
        hwloc::hwloc_version: Output hwloc version

  Startup routines which need an existing grid hierarchy
    [CCTK_WRAGH]
      Arith::Test_smallvector: [meta] Test small vectors
      Arith::Test_spvect: [meta] Test sparse vectors
      ODESolvers::ODESolvers_InitConstants: [global] Set up dummy loop counters for schedule printout
  Parameter checking routines
    [CCTK_PARAMCHECK]
      CanudaX_BSSNMoL::CanudaX_BSSNMoL_paramcheck: Check CanudaX_BSSNMoL parameters for consistency

  Initialisation
    if (NOT (recover initial data AND recovery_mode is 'strict'))
      [CCTK_PREREGRIDINITIAL]
      Set up grid hierarchy
      [CCTK_POSTREGRIDINITIAL]
      [CCTK_BASEGRID]
        CarpetXRegrid::CarpetXRegrid_InitError: Initialize regridding error to zero
        GROUP ODESolvers_BaseGrid: Set up constants (e.g. coordinates) everywhere on the grid
      [CCTK_INITIAL]
        GROUP TmunuBaseX_SetTmunuVars: Schedule group for setting T_munu
          TmunuBaseX::TmunuBaseX_ZeroTmunu: Set T_munu to zero
          GROUP TmunuBaseX_AddToTmunu: Add to T_munu here
        GROUP ODESolvers_Initial: Set up initial conditions on interior of state vector
          GROUP ADMBaseX_InitialData: Schedule group for calculating ADM initial data
            GROUP CanudaX_ExactIDGroup: CanudaX_ExactID group for setting up initial data
              CanudaX_ExactID::CanudaX_ExactID_GaugeWave: [local] Create gauge wave initial data
          GROUP ADMBaseX_InitialGauge: Schedule group for the ADM initial gauge condition
            ADMBaseX::ADMBaseX_initial_dtlapse: Set dtlapse to zero
            ADMBaseX::ADMBaseX_initial_dtshift: Set dtshift to zero
          GROUP ADMBaseX_PostInitial: Schedule group for modifying the ADM initial data, such as e.g. adding noise
        GROUP CanudaX_BSSNMoL_InitialGroup: CanudaX_BSSNMoL: initial bin
          CanudaX_BSSNMoL::CanudaX_BSSNMoL_adm2bssn: [local] Convert initial data into BSSN variables
          CanudaX_BSSNMoL::CanudaX_BSSNMoL_gammat: [local] Set Gammat initial data
      [CCTK_POSTINITIAL]
        GROUP ODESolvers_PostStep: Apply boundary conditions to state vector, and project if necessary
          GROUP CanudaX_BSSNMoL_PostStepGroup: CanudaX_BSSNMoL: post-step operations
            CanudaX_BSSNMoL::CanudaX_BSSNMoL_impose_conf_fac_floor: Make sure conformal factor does not drop below specified value
            CanudaX_BSSNMoL::CanudaX_BSSNMoL_reset_detmetric: reset dethh = 1
            CanudaX_BSSNMoL::CanudaX_BSSNMoL_remove_trA: Remove trace of A
            CanudaX_BSSNMoL::CanudaX_BSSNMoL_sync: [global] Sync state vector
            CanudaX_BSSNMoL::CanudaX_BSSNMoL_bssn2adm: [local] Convert variables back to the ADM ones
          GROUP ADMBaseX_SetADMRHS: Set ADM RHS variables in this group
          GROUP ADMBaseX_SetADMVars: Set ADM variables in this group
          GROUP TmunuBaseX_SetTmunuVars: Schedule group for setting T_munu
            TmunuBaseX::TmunuBaseX_ZeroTmunu: Set T_munu to zero
            GROUP TmunuBaseX_AddToTmunu: Add to T_munu here
        GROUP ODESolvers_EstimateError: Estimate discretization error (for regridding)
      Initialise finer grids recursively
      Restrict from finer grids
      [CCTK_POSTRESTRICTINITIAL]
      [CCTK_POSTPOSTINITIAL]
      [CCTK_POSTSTEP]
        GROUP ODESolvers_EstimateError: Estimate discretization error (for regridding)
    endif
    if (recover initial data)
      [CCTK_BASEGRID]
        CarpetXRegrid::CarpetXRegrid_InitError: Initialize regridding error to zero
        GROUP ODESolvers_BaseGrid: Set up constants (e.g. coordinates) everywhere on the grid
      [CCTK_RECOVER_VARIABLES]
      [CCTK_POST_RECOVER_VARIABLES]
        GROUP ODESolvers_PostStep: Apply boundary conditions to state vector, and project if necessary
          GROUP CanudaX_BSSNMoL_PostStepGroup: CanudaX_BSSNMoL: post-step operations
            CanudaX_BSSNMoL::CanudaX_BSSNMoL_impose_conf_fac_floor: Make sure conformal factor does not drop below specified value
            CanudaX_BSSNMoL::CanudaX_BSSNMoL_reset_detmetric: reset dethh = 1
            CanudaX_BSSNMoL::CanudaX_BSSNMoL_remove_trA: Remove trace of A
            CanudaX_BSSNMoL::CanudaX_BSSNMoL_sync: [global] Sync state vector
            CanudaX_BSSNMoL::CanudaX_BSSNMoL_bssn2adm: [local] Convert variables back to the ADM ones
          GROUP ADMBaseX_SetADMRHS: Set ADM RHS variables in this group
          GROUP ADMBaseX_SetADMVars: Set ADM variables in this group
          GROUP TmunuBaseX_SetTmunuVars: Schedule group for setting T_munu
            TmunuBaseX::TmunuBaseX_ZeroTmunu: Set T_munu to zero
            GROUP TmunuBaseX_AddToTmunu: Add to T_munu here
        GROUP ODESolvers_EstimateError: Estimate discretization error (for regridding)
    endif
    if (checkpoint initial data)
      [CCTK_CPINITIAL]
        CarpetX::CarpetX_CheckpointInitial: [meta] Checkpoint initial conditions
    endif
    if (analysis)
      [CCTK_ANALYSIS]
        CanudaX_BSSNMoL::CanudaX_BSSNMoL_bssn_constraints: Compute constraints
        GROUP ODESolvers_Analysis: Calculate analysis quantities everywhere
  endif
  Output grid variables

  do loop over timesteps
    [CCTK_PREREGRID]
    Change grid hierarchy
    [CCTK_POSTREGRID]
      GROUP ODESolvers_PostStep: Apply boundary conditions to state vector, and project if necessary
        GROUP CanudaX_BSSNMoL_PostStepGroup: CanudaX_BSSNMoL: post-step operations
          CanudaX_BSSNMoL::CanudaX_BSSNMoL_impose_conf_fac_floor: Make sure conformal factor does not drop below specified value
          CanudaX_BSSNMoL::CanudaX_BSSNMoL_reset_detmetric: reset dethh = 1
          CanudaX_BSSNMoL::CanudaX_BSSNMoL_remove_trA: Remove trace of A
          CanudaX_BSSNMoL::CanudaX_BSSNMoL_sync: [global] Sync state vector
          CanudaX_BSSNMoL::CanudaX_BSSNMoL_bssn2adm: [local] Convert variables back to the ADM ones
        GROUP ADMBaseX_SetADMRHS: Set ADM RHS variables in this group
        GROUP ADMBaseX_SetADMVars: Set ADM variables in this group
        GROUP TmunuBaseX_SetTmunuVars: Schedule group for setting T_munu
          TmunuBaseX::TmunuBaseX_ZeroTmunu: Set T_munu to zero
          GROUP TmunuBaseX_AddToTmunu: Add to T_munu here
    Rotate timelevels
    iteration = iteration+1
    t = t+dt
    [CCTK_PRESTEP]
    [CCTK_EVOL]
      ODESolvers::ODESolvers_Solve: [level] Solve ODEs
      while (ODESolvers::do_substeps)
        GROUP ODESolvers_CalledBySolve: Groups internally scheduled by ODESolvers_Solve
          GROUP ODESolvers_RHS: Evaluate the RHS for of state vector everywhere on the grid
            GROUP CanudaX_BSSNMoL_RHSGroup: CanudaX_BSSNMoL: calculate BSSN RHS
              CanudaX_BSSNMoL::CanudaX_BSSNMoL_calc_bssn_rhs: MoL RHS calculation
              CanudaX_BSSNMoL::CanudaX_BSSNMoL_apply_boundary_conditions: Apply radiative boundary conditions 
          GROUP ODESolvers_PostStep: Apply boundary conditions to state vector, and project if necessary
            GROUP CanudaX_BSSNMoL_PostStepGroup: CanudaX_BSSNMoL: post-step operations
              CanudaX_BSSNMoL::CanudaX_BSSNMoL_impose_conf_fac_floor: Make sure conformal factor does not drop below specified value
              CanudaX_BSSNMoL::CanudaX_BSSNMoL_reset_detmetric: reset dethh = 1
              CanudaX_BSSNMoL::CanudaX_BSSNMoL_remove_trA: Remove trace of A
              CanudaX_BSSNMoL::CanudaX_BSSNMoL_sync: [global] Sync state vector
              CanudaX_BSSNMoL::CanudaX_BSSNMoL_bssn2adm: [local] Convert variables back to the ADM ones
            GROUP ADMBaseX_SetADMRHS: Set ADM RHS variables in this group
            GROUP ADMBaseX_SetADMVars: Set ADM variables in this group
            GROUP TmunuBaseX_SetTmunuVars: Schedule group for setting T_munu
              TmunuBaseX::TmunuBaseX_ZeroTmunu: Set T_munu to zero
              GROUP TmunuBaseX_AddToTmunu: Add to T_munu here
      end while
    Evolve finer grids recursively
    Restrict from finer grids
    [CCTK_POSTRESTRICT]
      GROUP ODESolvers_PostStep: Apply boundary conditions to state vector, and project if necessary
        GROUP CanudaX_BSSNMoL_PostStepGroup: CanudaX_BSSNMoL: post-step operations
          CanudaX_BSSNMoL::CanudaX_BSSNMoL_impose_conf_fac_floor: Make sure conformal factor does not drop below specified value
          CanudaX_BSSNMoL::CanudaX_BSSNMoL_reset_detmetric: reset dethh = 1
          CanudaX_BSSNMoL::CanudaX_BSSNMoL_remove_trA: Remove trace of A
          CanudaX_BSSNMoL::CanudaX_BSSNMoL_sync: [global] Sync state vector
          CanudaX_BSSNMoL::CanudaX_BSSNMoL_bssn2adm: [local] Convert variables back to the ADM ones
        GROUP ADMBaseX_SetADMRHS: Set ADM RHS variables in this group
        GROUP ADMBaseX_SetADMVars: Set ADM variables in this group
        GROUP TmunuBaseX_SetTmunuVars: Schedule group for setting T_munu
          TmunuBaseX::TmunuBaseX_ZeroTmunu: Set T_munu to zero
          GROUP TmunuBaseX_AddToTmunu: Add to T_munu here
    [CCTK_POSTSTEP]
      GROUP ODESolvers_EstimateError: Estimate discretization error (for regridding)
    if (checkpoint)
      [CCTK_CHECKPOINT]
      CarpetX::CarpetX_Checkpoint: [meta] Checkpoint
    endif
    if (analysis)
      [CCTK_ANALYSIS]
      CanudaX_BSSNMoL::CanudaX_BSSNMoL_bssn_constraints: Compute constraints
      GROUP ODESolvers_Analysis: Calculate analysis quantities everywhere
    endif
    Output grid variables
    enddo

  Termination routines
    [CCTK_TERMINATE]
      CarpetX::CarpetX_CheckpointTerminate: [meta] Checkpoint before terminating

  Shutdown routines
    [CCTK_SHUTDOWN]
      CarpetX::Driver_Shutdown: [meta] Shut down the driver

  Routines run after changing the grid hierarchy:
    [CCTK_POSTREGRID]
      GROUP ODESolvers_PostStep: Apply boundary conditions to state vector, and project if necessary
        GROUP CanudaX_BSSNMoL_PostStepGroup: CanudaX_BSSNMoL: post-step operations
          CanudaX_BSSNMoL::CanudaX_BSSNMoL_impose_conf_fac_floor: Make sure conformal factor does not drop below specified value
          CanudaX_BSSNMoL::CanudaX_BSSNMoL_reset_detmetric: reset dethh = 1
          CanudaX_BSSNMoL::CanudaX_BSSNMoL_remove_trA: Remove trace of A
          CanudaX_BSSNMoL::CanudaX_BSSNMoL_sync: [global] Sync state vector
          CanudaX_BSSNMoL::CanudaX_BSSNMoL_bssn2adm: [local] Convert variables back to the ADM ones
        GROUP ADMBaseX_SetADMRHS: Set ADM RHS variables in this group
        GROUP ADMBaseX_SetADMVars: Set ADM variables in this group
        GROUP TmunuBaseX_SetTmunuVars: Schedule group for setting T_munu
          TmunuBaseX::TmunuBaseX_ZeroTmunu: Set T_munu to zero
          GROUP TmunuBaseX_AddToTmunu: Add to T_munu here
--------------------------------------------------------------------------------
INFO (hwloc): library version 2.10.0, API version 0x20800
--------------------------------------------------------------------------------

  [34m  ▕▏  [34m  ▕▏  [34m  ▕▏  [34m  ▕▏  [34m  ▕▏  [34m  ▕▏  [34m  ▕▏  [34m  ▕▏  [34m  ▕▏  [39m  
  [34m──██──[34m──██──[34m──██──[34m──██──[34m──██──[34m──██──[34m──██──[34m──██──[34m──██──[39m  
  [34m  ▕▏  [34m  ▕▏  [34m  ▕▏  [34m  ▕▏  [34m  ▕▏  [34m  ▕▏  [34m  ▕▏  [34m  ▕▏  [34m  ▕▏  [39m  
  [34m  ▕▏  [32m██████[34m  ▕▏  [34m  ▕▏  [32m██████[34m  ▕▏  [34m  ▕▏  [32m██████[34m  ▕▏  [39m  
  [34m──██──[32m██████[34m──██──[34m──██──[32m██████[34m──██──[34m──██──[32m██████[34m──██──[39m  
  [34m  ▕▏  [32m██████[34m  ▕▏  [34m  ▕▏  [32m██████[34m  ▕▏  [34m  ▕▏  [32m██████[34m  ▕▏  [39m  
  [34m  ▕▏  [34m  ▕▏  [34m  ▕▏  [34m  ▕▏  [34m  ▕▏  [34m  ▕▏  [34m  ▕▏  [34m  ▕▏  [34m  ▕▏  [39m  
  [34m──██──[34m──██──[34m──██──[34m──██──[34m──██──[34m──██──[34m──██──[34m──██──[34m──██──[39m  
  [34m  ▕▏  [34m  ▕▏  [34m  ▕▏  [34m  ▕▏  [34m  ▕▏  [34m  ▕▏  [34m  ▕▏  [34m  ▕▏  [34m  ▕▏  [39m  
  [34m  ▕▏  [34m  ▕▏  [34m  ▕▏  [31m██████[31m██████[31m██████[34m  ▕▏  [34m  ▕▏  [34m  ▕▏  [39m  
  [34m──██──[34m──██──[34m──██──[31m██████[31m██████[31m██████[34m──██──[34m──██──[34m──██──[39m  
  [34m  ▕▏  [34m  ▕▏  [34m  ▕▏  [31m██████[31m██████[31m██████[34m  ▕▏  [34m  ▕▏  [34m  ▕▏  [39m  
  [34m  ▕▏  [32m██████[34m  ▕▏  [31m██████[31m██████[31m██████[34m  ▕▏  [32m██████[34m  ▕▏  [39m  
  [34m──██──[32m██████[34m──██──[31m██████[31m██████[31m██████[34m──██──[32m██████[34m──██──[39m  
  [34m  ▕▏  [32m██████[34m  ▕▏  [31m██████[31m██████[31m██████[34m  ▕▏  [32m██████[34m  ▕▏  [39m  
  [34m  ▕▏  [34m  ▕▏  [34m  ▕▏  [31m██████[31m██████[31m██████[34m  ▕▏  [34m  ▕▏  [34m  ▕▏  [39m  
  [34m──██──[34m──██──[34m──██──[31m██████[31m██████[31m██████[34m──██──[34m──██──[34m──██──[39m  
  [34m  ▕▏  [34m  ▕▏  [34m  ▕▏  [31m██████[31m██████[31m██████[34m  ▕▏  [34m  ▕▏  [34m  ▕▏  [39m  
  [34m  ▕▏  [34m  ▕▏  [34m  ▕▏  [34m  ▕▏  [34m  ▕▏  [34m  ▕▏  [34m  ▕▏  [34m  ▕▏  [34m  ▕▏  [39m  
  [34m──██──[34m──██──[34m──██──[34m──██──[34m──██──[34m──██──[34m──██──[34m──██──[34m──██──[39m  
  [34m  ▕▏  [34m  ▕▏  [34m  ▕▏  [34m  ▕▏  [34m  ▕▏  [34m  ▕▏  [34m  ▕▏  [34m  ▕▏  [34m  ▕▏  [39m  
  [34m  ▕▏  [32m██████[34m  ▕▏  [34m  ▕▏  [32m██████[34m  ▕▏  [34m  ▕▏  [32m██████[34m  ▕▏  [39m  
  [34m──██──[32m██████[34m──██──[34m──██──[32m██████[34m──██──[34m──██──[32m██████[34m──██──[39m  
  [34m  ▕▏  [32m██████[34m  ▕▏  [34m  ▕▏  [32m██████[34m  ▕▏  [34m  ▕▏  [32m██████[34m  ▕▏  [39m  
  [34m  ▕▏  [34m  ▕▏  [34m  ▕▏  [34m  ▕▏  [34m  ▕▏  [34m  ▕▏  [34m  ▕▏  [34m  ▕▏  [34m  ▕▏  [39m  
  [34m──██──[34m──██──[34m──██──[34m──██──[34m──██──[34m──██──[34m──██──[34m──██──[34m──██──[39m  
  [34m  ▕▏  [34m  ▕▏  [34m  ▕▏  [34m  ▕▏  [34m  ▕▏  [34m  ▕▏  [34m  ▕▏  [34m  ▕▏  [34m  ▕▏  [39m  

AMR driver provided by CarpetX,
using AMReX 25.11 (MPI, OpenMP, no accelerators, debug)
--------------------------------------------------------------------------------

Initializing AMReX (25.11)...
MPI initialized with 1 MPI processes
MPI initialized with thread support level 2
OMP initialized with 2 OMP threads
AMReX (25.11) initialized
INFO (CarpetX): 
Symmetries:
  lower x: periodic
  lower y: periodic
  lower z: periodic
  upper x: periodic
  upper y: periodic
  upper z: periodic
Default boundaries:
  lower x: symmetry_boundary
  lower y: symmetry_boundary
  lower z: symmetry_boundary
  upper x: symmetry_boundary
  upper y: symmetry_boundary
  upper z: symmetry_boundary
INFO (Arith): Test_smallvector
INFO (Arith): Test_spvect
INFO (CarpetX): Setting initial values for max_grid_size values for all levels
INFO (CarpetX): Setting up initial conditions...
INFO (CarpetX): Iteration: 0   time: 0   delta_time: 0.00390625
INFO (CarpetX): Patch 0:
INFO (CarpetX):   Grid extent:
INFO (CarpetX):     gsh=[71,15,15]
INFO (CarpetX):     blocking_factor=[8,8,8]
INFO (CarpetX):     max_grid_size=[10000000,10000000,10000000]
INFO (CarpetX):     max_tile_size=[1024000,16,32]
INFO (CarpetX):   Domain extent:
INFO (CarpetX):     xmin=[-0.5,-0.0625,-0.0625]
INFO (CarpetX):     xmax=[0.5,0.0625,0.0625]
INFO (CarpetX):     base dx=[0.015625,0.015625,0.015625]
INFO (CarpetX): Initializing level 0...
INFO (CanudaX_ExactID): Begin Gauge Wave initial data
INFO (CanudaX_ExactID): === End gauge wave initial data ===
INFO (CarpetX): Regridding...
INFO (CarpetX):   level 0: 1 boxes, 4096 cells (100%)
INFO (CarpetX): Initialized 1 levels
INFO (CarpetX): OutputGH: iteration 0, time 0.000000, run time 1 s
INFO (CarpetX): OutputGH done.
INFO (CarpetX): Starting evolution...
INFO (ODESolvers): ODE integrator is RK4
INFO (CarpetX): OutputGH: iteration 1, time 0.003906, run time 1 s
INFO (CarpetX): OutputGH done.
INFO (CarpetX): Simulation time: 0.00390625   Iterations per second: 24.1174   Simulation time per second: 0.0942086
INFO (CarpetX): Grid cells: 4096   Grid cell updates per second: 98784.8
INFO (CarpetX): Performance:
INFO (CarpetX):   total evolution time:            0.0414639 sec
INFO (CarpetX):   total evolution compute time:    0.041455 sec
INFO (CarpetX):   total evolution output time:     8.82149e-06 sec
INFO (CarpetX):   total iterations:                1
INFO (CarpetX):   total cells updated:             4096
INFO (CarpetX):   average iterations per second: 24.1174
INFO (CarpetX):   average cell updates per second: 98784.8
INFO (CarpetX): OutputGH: iteration 2, time 0.007812, run time 1 s
INFO (CarpetX): OutputGH done.
INFO (CarpetX): Simulation time: 0.0078125   Iterations per second: 24.7835   Simulation time per second: 0.0968104
INFO (CarpetX): Grid cells: 4096   Grid cell updates per second: 101513
INFO (CarpetX): Performance:
INFO (CarpetX):   total evolution time:            0.080699 sec
INFO (CarpetX):   total evolution compute time:    0.0806801 sec
INFO (CarpetX):   total evolution output time:     1.88351e-05 sec
INFO (CarpetX):   total iterations:                2
INFO (CarpetX):   total cells updated:             8192
INFO (CarpetX):   average iterations per second: 24.7835
INFO (CarpetX):   average cell updates per second: 101513
INFO (CarpetX): OutputGH: iteration 3, time 0.011719, run time 1 s
INFO (CarpetX): OutputGH done.
INFO (CarpetX): Simulation time: 0.0117188   Iterations per second: 24.9352   Simulation time per second: 0.097403
INFO (CarpetX): Grid cells: 4096   Grid cell updates per second: 102134
INFO (CarpetX): Performance:
INFO (CarpetX):   total evolution time:            0.120312 sec
INFO (CarpetX):   total evolution compute time:    0.120285 sec
INFO (CarpetX):   total evolution output time:     2.69413e-05 sec
INFO (CarpetX):   total iterations:                3
INFO (CarpetX):   total cells updated:             12288
INFO (CarpetX):   average iterations per second: 24.9352
INFO (CarpetX):   average cell updates per second: 102134
INFO (CarpetX): OutputGH: iteration 4, time 0.015625, run time 1 s
INFO (CarpetX): OutputGH done.
INFO (CarpetX): Simulation time: 0.015625   Iterations per second: 25.0161   Simulation time per second: 0.0977192
INFO (CarpetX): Grid cells: 4096   Grid cell updates per second: 102466
INFO (CarpetX): Performance:
INFO (CarpetX):   total evolution time:            0.159897 sec
INFO (CarpetX):   total evolution compute time:    0.159861 sec
INFO (CarpetX):   total evolution output time:     3.60012e-05 sec
INFO (CarpetX):   total iterations:                4
INFO (CarpetX):   total cells updated:             16384
INFO (CarpetX):   average iterations per second: 25.0161
INFO (CarpetX):   average cell updates per second: 102466
INFO (CarpetX): OutputGH: iteration 5, time 0.019531, run time 1 s
INFO (CarpetX): OutputGH done.
INFO (CarpetX): Simulation time: 0.0195312   Iterations per second: 25.0736   Simulation time per second: 0.0979438
INFO (CarpetX): Grid cells: 4096   Grid cell updates per second: 102702
INFO (CarpetX): Performance:
INFO (CarpetX):   total evolution time:            0.199413 sec
INFO (CarpetX):   total evolution compute time:    0.199368 sec
INFO (CarpetX):   total evolution output time:     4.50611e-05 sec
INFO (CarpetX):   total iterations:                5
INFO (CarpetX):   total cells updated:             20480
INFO (CarpetX):   average iterations per second: 25.0736
INFO (CarpetX):   average cell updates per second: 102702
INFO (CarpetX): OutputGH: iteration 6, time 0.023438, run time 1 s
INFO (CarpetX): OutputGH done.
INFO (CarpetX): Simulation time: 0.0234375   Iterations per second: 25.1227   Simulation time per second: 0.0981355
INFO (CarpetX): Grid cells: 4096   Grid cell updates per second: 102903
INFO (CarpetX): Performance:
INFO (CarpetX):   total evolution time:            0.238828 sec
INFO (CarpetX):   total evolution compute time:    0.238773 sec
INFO (CarpetX):   total evolution output time:     5.50747e-05 sec
INFO (CarpetX):   total iterations:                6
INFO (CarpetX):   total cells updated:             24576
INFO (CarpetX):   average iterations per second: 25.1227
INFO (CarpetX):   average cell updates per second: 102903
INFO (CarpetX): OutputGH: iteration 7, time 0.027344, run time 1 s
INFO (CarpetX): OutputGH done.
INFO (CarpetX): Simulation time: 0.0273438   Iterations per second: 25.1696   Simulation time per second: 0.0983188
INFO (CarpetX): Grid cells: 4096   Grid cell updates per second: 103095
INFO (CarpetX): Performance:
INFO (CarpetX):   total evolution time:            0.278113 sec
INFO (CarpetX):   total evolution compute time:    0.278049 sec
INFO (CarpetX):   total evolution output time:     6.38962e-05 sec
INFO (CarpetX):   total iterations:                7
INFO (CarpetX):   total cells updated:             28672
INFO (CarpetX):   average iterations per second: 25.1696
INFO (CarpetX):   average cell updates per second: 103095
INFO (CarpetX): OutputGH: iteration 8, time 0.031250, run time 1 s
INFO (CarpetX): OutputGH done.
INFO (CarpetX): Simulation time: 0.03125   Iterations per second: 25.2037   Simulation time per second: 0.0984519
INFO (CarpetX): Grid cells: 4096   Grid cell updates per second: 103234
INFO (CarpetX): Performance:
INFO (CarpetX):   total evolution time:            0.317414 sec
INFO (CarpetX):   total evolution compute time:    0.31734 sec
INFO (CarpetX):   total evolution output time:     7.36713e-05 sec
INFO (CarpetX):   total iterations:                8
INFO (CarpetX):   total cells updated:             32768
INFO (CarpetX):   average iterations per second: 25.2037
INFO (CarpetX):   average cell updates per second: 103234
INFO (CarpetX): OutputGH: iteration 9, time 0.035156, run time 1 s
INFO (CarpetX): OutputGH done.
INFO (CarpetX): Simulation time: 0.0351562   Iterations per second: 25.2183   Simulation time per second: 0.0985089
INFO (CarpetX): Grid cells: 4096   Grid cell updates per second: 103294
INFO (CarpetX): Performance:
INFO (CarpetX):   total evolution time:            0.356884 sec
INFO (CarpetX):   total evolution compute time:    0.356801 sec
INFO (CarpetX):   total evolution output time:     8.27312e-05 sec
INFO (CarpetX):   total iterations:                9
INFO (CarpetX):   total cells updated:             36864
INFO (CarpetX):   average iterations per second: 25.2183
INFO (CarpetX):   average cell updates per second: 103294
INFO (CarpetX): OutputGH: iteration 10, time 0.039062, run time 1 s
INFO (CarpetX): OutputGH done.
INFO (CarpetX): Simulation time: 0.0390625   Iterations per second: 25.2336   Simulation time per second: 0.0985688
INFO (CarpetX): Grid cells: 4096   Grid cell updates per second: 103357
INFO (CarpetX): Performance:
INFO (CarpetX):   total evolution time:            0.396297 sec
INFO (CarpetX):   total evolution compute time:    0.396203 sec
INFO (CarpetX):   total evolution output time:     9.36985e-05 sec
INFO (CarpetX):   total iterations:                10
INFO (CarpetX):   total cells updated:             40960
INFO (CarpetX):   average iterations per second: 25.2336
INFO (CarpetX):   average cell updates per second: 103357
INFO (CarpetX): OutputGH: iteration 11, time 0.042969, run time 2 s
INFO (CarpetX): OutputGH done.
INFO (CarpetX): Simulation time: 0.0429688   Iterations per second: 25.2434   Simulation time per second: 0.098607
INFO (CarpetX): Grid cells: 4096   Grid cell updates per second: 103397
INFO (CarpetX): Performance:
INFO (CarpetX):   total evolution time:            0.435773 sec
INFO (CarpetX):   total evolution compute time:    0.435669 sec
INFO (CarpetX):   total evolution output time:     0.000103474 sec
INFO (CarpetX):   total iterations:                11
INFO (CarpetX):   total cells updated:             45056
INFO (CarpetX):   average iterations per second: 25.2425
INFO (CarpetX):   average cell updates per second: 103393
INFO (CarpetX): OutputGH: iteration 12, time 0.046875, run time 2 s
INFO (CarpetX): OutputGH done.
INFO (CarpetX): Simulation time: 0.046875   Iterations per second: 25.2306   Simulation time per second: 0.0985569
INFO (CarpetX): Grid cells: 4096   Grid cell updates per second: 103344
INFO (CarpetX): Performance:
INFO (CarpetX):   total evolution time:            0.475589 sec
INFO (CarpetX):   total evolution compute time:    0.475474 sec
INFO (CarpetX):   total evolution output time:     0.000114441 sec
INFO (CarpetX):   total iterations:                12
INFO (CarpetX):   total cells updated:             49152
INFO (CarpetX):   average iterations per second: 25.2319
INFO (CarpetX):   average cell updates per second: 103350
INFO (CarpetX): OutputGH: iteration 13, time 0.050781, run time 2 s
INFO (CarpetX): OutputGH done.
INFO (CarpetX): Simulation time: 0.0507812   Iterations per second: 25.2385   Simulation time per second: 0.0985881
INFO (CarpetX): Grid cells: 4096   Grid cell updates per second: 103377
INFO (CarpetX): Performance:
INFO (CarpetX):   total evolution time:            0.515098 sec
INFO (CarpetX):   total evolution compute time:    0.514973 sec
INFO (CarpetX):   total evolution output time:     0.000124454 sec
INFO (CarpetX):   total iterations:                13
INFO (CarpetX):   total cells updated:             53248
INFO (CarpetX):   average iterations per second: 25.2379
INFO (CarpetX):   average cell updates per second: 103375
INFO (CarpetX): OutputGH: iteration 14, time 0.054688, run time 2 s
INFO (CarpetX): OutputGH done.
INFO (CarpetX): Simulation time: 0.0546875   Iterations per second: 25.2326   Simulation time per second: 0.0985647
INFO (CarpetX): Grid cells: 4096   Grid cell updates per second: 103353
INFO (CarpetX): Performance:
INFO (CarpetX):   total evolution time:            0.554814 sec
INFO (CarpetX):   total evolution compute time:    0.55468 sec
INFO (CarpetX):   total evolution output time:     0.00013423 sec
INFO (CarpetX):   total iterations:                14
INFO (CarpetX):   total cells updated:             57344
INFO (CarpetX):   average iterations per second: 25.2337
INFO (CarpetX):   average cell updates per second: 103357
INFO (CarpetX): OutputGH: iteration 15, time 0.058594, run time 2 s
INFO (CarpetX): OutputGH done.
INFO (CarpetX): Simulation time: 0.0585938   Iterations per second: 25.2468   Simulation time per second: 0.0986202
INFO (CarpetX): Grid cells: 4096   Grid cell updates per second: 103411
INFO (CarpetX): Performance:
INFO (CarpetX):   total evolution time:            0.594222 sec
INFO (CarpetX):   total evolution compute time:    0.594079 sec
INFO (CarpetX):   total evolution output time:     0.00014329 sec
INFO (CarpetX):   total iterations:                15
INFO (CarpetX):   total cells updated:             61440
INFO (CarpetX):   average iterations per second: 25.2431
INFO (CarpetX):   average cell updates per second: 103396
INFO (CarpetX): OutputGH: iteration 16, time 0.062500, run time 2 s
INFO (CarpetX): OutputGH done.
INFO (CarpetX): Simulation time: 0.0625   Iterations per second: 25.2412   Simulation time per second: 0.0985986
INFO (CarpetX): Grid cells: 4096   Grid cell updates per second: 103388
INFO (CarpetX): Performance:
INFO (CarpetX):   total evolution time:            0.633918 sec
INFO (CarpetX):   total evolution compute time:    0.633764 sec
INFO (CarpetX):   total evolution output time:     0.000154257 sec
INFO (CarpetX):   total iterations:                16
INFO (CarpetX):   total cells updated:             65536
INFO (CarpetX):   average iterations per second: 25.2399
INFO (CarpetX):   average cell updates per second: 103382
INFO (CarpetX): OutputGH: iteration 17, time 0.066406, run time 2 s
INFO (CarpetX): OutputGH done.
INFO (CarpetX): Simulation time: 0.0664062   Iterations per second: 25.227   Simulation time per second: 0.0985428
INFO (CarpetX): Grid cells: 4096   Grid cell updates per second: 103330
INFO (CarpetX): Performance:
INFO (CarpetX):   total evolution time:            0.67376 sec
INFO (CarpetX):   total evolution compute time:    0.673595 sec
INFO (CarpetX):   total evolution output time:     0.000165224 sec
INFO (CarpetX):   total iterations:                17
INFO (CarpetX):   total cells updated:             69632
INFO (CarpetX):   average iterations per second: 25.2315
INFO (CarpetX):   average cell updates per second: 103348
INFO (CarpetX): OutputGH: iteration 18, time 0.070312, run time 2 s
INFO (CarpetX): OutputGH done.
INFO (CarpetX): Simulation time: 0.0703125   Iterations per second: 25.2545   Simulation time per second: 0.0986506
INFO (CarpetX): Grid cells: 4096   Grid cell updates per second: 103443
INFO (CarpetX): Performance:
INFO (CarpetX):   total evolution time:            0.712967 sec
INFO (CarpetX):   total evolution compute time:    0.712792 sec
INFO (CarpetX):   total evolution output time:     0.000175238 sec
INFO (CarpetX):   total iterations:                18
INFO (CarpetX):   total cells updated:             73728
INFO (CarpetX):   average iterations per second: 25.2466
INFO (CarpetX):   average cell updates per second: 103410
INFO (CarpetX): OutputGH: iteration 19, time 0.074219, run time 2 s
INFO (CarpetX): OutputGH done.
INFO (CarpetX): Simulation time: 0.0742188   Iterations per second: 25.1825   Simulation time per second: 0.0983693
INFO (CarpetX): Grid cells: 4096   Grid cell updates per second: 103148
INFO (CarpetX): Performance:
INFO (CarpetX):   total evolution time:            0.753696 sec
INFO (CarpetX):   total evolution compute time:    0.75351 sec
INFO (CarpetX):   total evolution output time:     0.000186205 sec
INFO (CarpetX):   total iterations:                19
INFO (CarpetX):   total cells updated:             77824
INFO (CarpetX):   average iterations per second: 25.2091
INFO (CarpetX):   average cell updates per second: 103256
INFO (CarpetX): OutputGH: iteration 20, time 0.078125, run time 2 s
INFO (CarpetX): OutputGH done.
INFO (CarpetX): Simulation time: 0.078125   Iterations per second: 25.2104   Simulation time per second: 0.0984782
INFO (CarpetX): Grid cells: 4096   Grid cell updates per second: 103262
INFO (CarpetX): Performance:
INFO (CarpetX):   total evolution time:            0.792967 sec
INFO (CarpetX):   total evolution compute time:    0.792771 sec
INFO (CarpetX):   total evolution output time:     0.000196218 sec
INFO (CarpetX):   total iterations:                20
INFO (CarpetX):   total cells updated:             81920
INFO (CarpetX):   average iterations per second: 25.2217
INFO (CarpetX):   average cell updates per second: 103308
INFO (CarpetX): OutputGH: iteration 21, time 0.082031, run time 2 s
INFO (CarpetX): OutputGH done.
INFO (CarpetX): Simulation time: 0.0820312   Iterations per second: 25.2252   Simulation time per second: 0.0985361
INFO (CarpetX): Grid cells: 4096   Grid cell updates per second: 103323
INFO (CarpetX): Performance:
INFO (CarpetX):   total evolution time:            0.8324 sec
INFO (CarpetX):   total evolution compute time:    0.832195 sec
INFO (CarpetX):   total evolution output time:     0.000205278 sec
INFO (CarpetX):   total iterations:                21
INFO (CarpetX):   total cells updated:             86016
INFO (CarpetX):   average iterations per second: 25.2283
INFO (CarpetX):   average cell updates per second: 103335
INFO (CarpetX): OutputGH: iteration 22, time 0.085938, run time 2 s
INFO (CarpetX): OutputGH done.
INFO (CarpetX): Simulation time: 0.0859375   Iterations per second: 25.2231   Simulation time per second: 0.0985277
INFO (CarpetX): Grid cells: 4096   Grid cell updates per second: 103314
INFO (CarpetX): Performance:
INFO (CarpetX):   total evolution time:            0.872077 sec
INFO (CarpetX):   total evolution compute time:    0.871862 sec
INFO (CarpetX):   total evolution output time:     0.000214338 sec
INFO (CarpetX):   total iterations:                22
INFO (CarpetX):   total cells updated:             90112
INFO (CarpetX):   average iterations per second: 25.2271
INFO (CarpetX):   average cell updates per second: 103330
INFO (CarpetX): OutputGH: iteration 23, time 0.089844, run time 2 s
INFO (CarpetX): OutputGH done.
INFO (CarpetX): Simulation time: 0.0898438   Iterations per second: 25.222   Simulation time per second: 0.0985235
INFO (CarpetX): Grid cells: 4096   Grid cell updates per second: 103309
INFO (CarpetX): Performance:
INFO (CarpetX):   total evolution time:            0.91174 sec
INFO (CarpetX):   total evolution compute time:    0.911515 sec
INFO (CarpetX):   total evolution output time:     0.000224352 sec
INFO (CarpetX):   total iterations:                23
INFO (CarpetX):   total cells updated:             94208
INFO (CarpetX):   average iterations per second: 25.2265
INFO (CarpetX):   average cell updates per second: 103328
INFO (CarpetX): OutputGH: iteration 24, time 0.093750, run time 2 s
INFO (CarpetX): OutputGH done.
INFO (CarpetX): Simulation time: 0.09375   Iterations per second: 25.2174   Simulation time per second: 0.0985054
INFO (CarpetX): Grid cells: 4096   Grid cell updates per second: 103290
INFO (CarpetX): Performance:
INFO (CarpetX):   total evolution time:            0.951461 sec
INFO (CarpetX):   total evolution compute time:    0.951227 sec
INFO (CarpetX):   total evolution output time:     0.000233412 sec
INFO (CarpetX):   total iterations:                24
INFO (CarpetX):   total cells updated:             98304
INFO (CarpetX):   average iterations per second: 25.2244
INFO (CarpetX):   average cell updates per second: 103319
INFO (CarpetX): OutputGH: iteration 25, time 0.097656, run time 2 s
INFO (CarpetX): OutputGH done.
INFO (CarpetX): Simulation time: 0.0976562   Iterations per second: 25.2292   Simulation time per second: 0.0985514
INFO (CarpetX): Grid cells: 4096   Grid cell updates per second: 103339
INFO (CarpetX): Performance:
INFO (CarpetX):   total evolution time:            0.990931 sec
INFO (CarpetX):   total evolution compute time:    0.990688 sec
INFO (CarpetX):   total evolution output time:     0.000242233 sec
INFO (CarpetX):   total iterations:                25
INFO (CarpetX):   total cells updated:             102400
INFO (CarpetX):   average iterations per second: 25.2288
INFO (CarpetX):   average cell updates per second: 103337
INFO (CarpetX): OutputGH: iteration 26, time 0.101562, run time 2 s
INFO (CarpetX): OutputGH done.
INFO (CarpetX): Simulation time: 0.101562   Iterations per second: 25.2338   Simulation time per second: 0.0985695
INFO (CarpetX): Grid cells: 4096   Grid cell updates per second: 103358
INFO (CarpetX): Performance:
INFO (CarpetX):   total evolution time:            1.03049 sec
INFO (CarpetX):   total evolution compute time:    1.03024 sec
INFO (CarpetX):   total evolution output time:     0.000251055 sec
INFO (CarpetX):   total iterations:                26
INFO (CarpetX):   total cells updated:             106496
INFO (CarpetX):   average iterations per second: 25.2306
INFO (CarpetX):   average cell updates per second: 103345
INFO (CarpetX): OutputGH: iteration 27, time 0.105469, run time 2 s
INFO (CarpetX): OutputGH done.
INFO (CarpetX): Simulation time: 0.105469   Iterations per second: 25.2424   Simulation time per second: 0.0986032
INFO (CarpetX): Grid cells: 4096   Grid cell updates per second: 103393
INFO (CarpetX): Performance:
INFO (CarpetX):   total evolution time:            1.06999 sec
INFO (CarpetX):   total evolution compute time:    1.06973 sec
INFO (CarpetX):   total evolution output time:     0.000261068 sec
INFO (CarpetX):   total iterations:                27
INFO (CarpetX):   total cells updated:             110592
INFO (CarpetX):   average iterations per second: 25.2339
INFO (CarpetX):   average cell updates per second: 103358
INFO (CarpetX): OutputGH: iteration 28, time 0.109375, run time 2 s
INFO (CarpetX): OutputGH done.
INFO (CarpetX): Simulation time: 0.109375   Iterations per second: 25.2464   Simulation time per second: 0.0986189
INFO (CarpetX): Grid cells: 4096   Grid cell updates per second: 103409
INFO (CarpetX): Performance:
INFO (CarpetX):   total evolution time:            1.10954 sec
INFO (CarpetX):   total evolution compute time:    1.10927 sec
INFO (CarpetX):   total evolution output time:     0.000271082 sec
INFO (CarpetX):   total iterations:                28
INFO (CarpetX):   total cells updated:             114688
INFO (CarpetX):   average iterations per second: 25.2357
INFO (CarpetX):   average cell updates per second: 103365
INFO (CarpetX): OutputGH: iteration 29, time 0.113281, run time 2 s
INFO (CarpetX): OutputGH done.
INFO (CarpetX): Simulation time: 0.113281   Iterations per second: 25.2379   Simulation time per second: 0.0985857
INFO (CarpetX): Grid cells: 4096   Grid cell updates per second: 103375
INFO (CarpetX): Performance:
INFO (CarpetX):   total evolution time:            1.14928 sec
INFO (CarpetX):   total evolution compute time:    1.149 sec
INFO (CarpetX):   total evolution output time:     0.000281096 sec
INFO (CarpetX):   total iterations:                29
INFO (CarpetX):   total cells updated:             118784
INFO (CarpetX):   average iterations per second: 25.2331
INFO (CarpetX):   average cell updates per second: 103355
INFO (CarpetX): OutputGH: iteration 30, time 0.117188, run time 2 s
INFO (CarpetX): OutputGH done.
INFO (CarpetX): Simulation time: 0.117188   Iterations per second: 25.2295   Simulation time per second: 0.0985526
INFO (CarpetX): Grid cells: 4096   Grid cell updates per second: 103340
INFO (CarpetX): Performance:
INFO (CarpetX):   total evolution time:            1.18904 sec
INFO (CarpetX):   total evolution compute time:    1.18875 sec
INFO (CarpetX):   total evolution output time:     0.000291109 sec
INFO (CarpetX):   total iterations:                30
INFO (CarpetX):   total cells updated:             122880
INFO (CarpetX):   average iterations per second: 25.2304
INFO (CarpetX):   average cell updates per second: 103344
INFO (CarpetX): OutputGH: iteration 31, time 0.121094, run time 2 s
INFO (CarpetX): OutputGH done.
INFO (CarpetX): Simulation time: 0.121094   Iterations per second: 25.1922   Simulation time per second: 0.0984069
INFO (CarpetX): Grid cells: 4096   Grid cell updates per second: 103187
INFO (CarpetX): Performance:
INFO (CarpetX):   total evolution time:            1.22926 sec
INFO (CarpetX):   total evolution compute time:    1.22896 sec
INFO (CarpetX):   total evolution output time:     0.000301123 sec
INFO (CarpetX):   total iterations:                31
INFO (CarpetX):   total cells updated:             126976
INFO (CarpetX):   average iterations per second: 25.2184
INFO (CarpetX):   average cell updates per second: 103294
INFO (CarpetX): OutputGH: iteration 32, time 0.125000, run time 2 s
INFO (CarpetX): OutputGH done.
INFO (CarpetX): Simulation time: 0.125   Iterations per second: 25.1655   Simulation time per second: 0.0983028
INFO (CarpetX): Grid cells: 4096   Grid cell updates per second: 103078
INFO (CarpetX): Performance:
INFO (CarpetX):   total evolution time:            1.26938 sec
INFO (CarpetX):   total evolution compute time:    1.26907 sec
INFO (CarpetX):   total evolution output time:     0.000310898 sec
INFO (CarpetX):   total iterations:                32
INFO (CarpetX):   total cells updated:             131072
INFO (CarpetX):   average iterations per second: 25.2092
INFO (CarpetX):   average cell updates per second: 103257
INFO (CarpetX): OutputGH: iteration 33, time 0.128906, run time 2 s
INFO (CarpetX): OutputGH done.
INFO (CarpetX): Simulation time: 0.128906   Iterations per second: 25.2002   Simulation time per second: 0.0984383
INFO (CarpetX): Grid cells: 4096   Grid cell updates per second: 103220
INFO (CarpetX): Performance:
INFO (CarpetX):   total evolution time:            1.30857 sec
INFO (CarpetX):   total evolution compute time:    1.30825 sec
INFO (CarpetX):   total evolution output time:     0.000319719 sec
INFO (CarpetX):   total iterations:                33
INFO (CarpetX):   total cells updated:             135168
INFO (CarpetX):   average iterations per second: 25.2184
INFO (CarpetX):   average cell updates per second: 103295
INFO (CarpetX): OutputGH: iteration 34, time 0.132812, run time 2 s
INFO (CarpetX): OutputGH done.
INFO (CarpetX): Simulation time: 0.132812   Iterations per second: 25.236   Simulation time per second: 0.0985782
INFO (CarpetX): Grid cells: 4096   Grid cell updates per second: 103367
INFO (CarpetX): Performance:
INFO (CarpetX):   total evolution time:            1.34769 sec
INFO (CarpetX):   total evolution compute time:    1.34736 sec
INFO (CarpetX):   total evolution output time:     0.000329733 sec
INFO (CarpetX):   total iterations:                34
INFO (CarpetX):   total cells updated:             139264
INFO (CarpetX):   average iterations per second: 25.2284
INFO (CarpetX):   average cell updates per second: 103336
INFO (CarpetX): OutputGH: iteration 35, time 0.136719, run time 2 s
INFO (CarpetX): OutputGH done.
INFO (CarpetX): Simulation time: 0.136719   Iterations per second: 25.2673   Simulation time per second: 0.0987005
INFO (CarpetX): Grid cells: 4096   Grid cell updates per second: 103495
INFO (CarpetX): Performance:
INFO (CarpetX):   total evolution time:            1.38682 sec
INFO (CarpetX):   total evolution compute time:    1.38648 sec
INFO (CarpetX):   total evolution output time:     0.000338793 sec
INFO (CarpetX):   total iterations:                35
INFO (CarpetX):   total cells updated:             143360
INFO (CarpetX):   average iterations per second: 25.2376
INFO (CarpetX):   average cell updates per second: 103373
INFO (CarpetX): OutputGH: iteration 36, time 0.140625, run time 3 s
INFO (CarpetX): OutputGH done.
INFO (CarpetX): Simulation time: 0.140625   Iterations per second: 25.2623   Simulation time per second: 0.0986808
INFO (CarpetX): Grid cells: 4096   Grid cell updates per second: 103474
INFO (CarpetX): Performance:
INFO (CarpetX):   total evolution time:            1.42648 sec
INFO (CarpetX):   total evolution compute time:    1.42613 sec
INFO (CarpetX):   total evolution output time:     0.00034976 sec
INFO (CarpetX):   total iterations:                36
INFO (CarpetX):   total cells updated:             147456
INFO (CarpetX):   average iterations per second: 25.237
INFO (CarpetX):   average cell updates per second: 103371
INFO (CarpetX): OutputGH: iteration 37, time 0.144531, run time 3 s
INFO (CarpetX): OutputGH done.
INFO (CarpetX): Simulation time: 0.144531   Iterations per second: 25.2505   Simulation time per second: 0.0986346
INFO (CarpetX): Grid cells: 4096   Grid cell updates per second: 103426
INFO (CarpetX): Performance:
INFO (CarpetX):   total evolution time:            1.46625 sec
INFO (CarpetX):   total evolution compute time:    1.46589 sec
INFO (CarpetX):   total evolution output time:     0.000359774 sec
INFO (CarpetX):   total iterations:                37
INFO (CarpetX):   total cells updated:             151552
INFO (CarpetX):   average iterations per second: 25.2345
INFO (CarpetX):   average cell updates per second: 103360
INFO (CarpetX): OutputGH: iteration 38, time 0.148438, run time 3 s
INFO (CarpetX): OutputGH done.
INFO (CarpetX): Simulation time: 0.148438   Iterations per second: 25.2517   Simulation time per second: 0.0986394
INFO (CarpetX): Grid cells: 4096   Grid cell updates per second: 103431
INFO (CarpetX): Performance:
INFO (CarpetX):   total evolution time:            1.50583 sec
INFO (CarpetX):   total evolution compute time:    1.50546 sec
INFO (CarpetX):   total evolution output time:     0.000368834 sec
INFO (CarpetX):   total iterations:                38
INFO (CarpetX):   total cells updated:             155648
INFO (CarpetX):   average iterations per second: 25.2352
INFO (CarpetX):   average cell updates per second: 103363
INFO (CarpetX): OutputGH: iteration 39, time 0.152344, run time 3 s
INFO (CarpetX): OutputGH done.
INFO (CarpetX): Simulation time: 0.152344   Iterations per second: 25.2435   Simulation time per second: 0.0986074
INFO (CarpetX): Grid cells: 4096   Grid cell updates per second: 103397
INFO (CarpetX): Performance:
INFO (CarpetX):   total evolution time:            1.54556 sec
INFO (CarpetX):   total evolution compute time:    1.54518 sec
INFO (CarpetX):   total evolution output time:     0.000378847 sec
INFO (CarpetX):   total iterations:                39
INFO (CarpetX):   total cells updated:             159744
INFO (CarpetX):   average iterations per second: 25.2335
INFO (CarpetX):   average cell updates per second: 103357
INFO (CarpetX): OutputGH: iteration 40, time 0.156250, run time 3 s
INFO (CarpetX): OutputGH done.
INFO (CarpetX): Simulation time: 0.15625   Iterations per second: 25.2327   Simulation time per second: 0.0985651
INFO (CarpetX): Grid cells: 4096   Grid cell updates per second: 103353
INFO (CarpetX): Performance:
INFO (CarpetX):   total evolution time:            1.58535 sec
INFO (CarpetX):   total evolution compute time:    1.58496 sec
INFO (CarpetX):   total evolution output time:     0.000387907 sec
INFO (CarpetX):   total iterations:                40
INFO (CarpetX):   total cells updated:             163840
INFO (CarpetX):   average iterations per second: 25.2311
INFO (CarpetX):   average cell updates per second: 103347
INFO (CarpetX): OutputGH: iteration 41, time 0.160156, run time 3 s
INFO (CarpetX): OutputGH done.
INFO (CarpetX): Simulation time: 0.160156   Iterations per second: 25.2303   Simulation time per second: 0.098556
INFO (CarpetX): Grid cells: 4096   Grid cell updates per second: 103343
INFO (CarpetX): Performance:
INFO (CarpetX):   total evolution time:            1.62501 sec
INFO (CarpetX):   total evolution compute time:    1.62462 sec
INFO (CarpetX):   total evolution output time:     0.000396967 sec
INFO (CarpetX):   total iterations:                41
INFO (CarpetX):   total cells updated:             167936
INFO (CarpetX):   average iterations per second: 25.2306
INFO (CarpetX):   average cell updates per second: 103344
INFO (CarpetX): OutputGH: iteration 42, time 0.164062, run time 3 s
INFO (CarpetX): OutputGH done.
INFO (CarpetX): Simulation time: 0.164062   Iterations per second: 25.2351   Simulation time per second: 0.0985746
INFO (CarpetX): Grid cells: 4096   Grid cell updates per second: 103363
INFO (CarpetX): Performance:
INFO (CarpetX):   total evolution time:            1.66457 sec
INFO (CarpetX):   total evolution compute time:    1.66417 sec
INFO (CarpetX):   total evolution output time:     0.000407934 sec
INFO (CarpetX):   total iterations:                42
INFO (CarpetX):   total cells updated:             172032
INFO (CarpetX):   average iterations per second: 25.2317
INFO (CarpetX):   average cell updates per second: 103349
INFO (CarpetX): OutputGH: iteration 43, time 0.167969, run time 3 s
INFO (CarpetX): OutputGH done.
INFO (CarpetX): Simulation time: 0.167969   Iterations per second: 25.2243   Simulation time per second: 0.0985324
INFO (CarpetX): Grid cells: 4096   Grid cell updates per second: 103319
INFO (CarpetX): Performance:
INFO (CarpetX):   total evolution time:            1.70437 sec
INFO (CarpetX):   total evolution compute time:    1.70395 sec
INFO (CarpetX):   total evolution output time:     0.000416994 sec
INFO (CarpetX):   total iterations:                43
INFO (CarpetX):   total cells updated:             176128
INFO (CarpetX):   average iterations per second: 25.2292
INFO (CarpetX):   average cell updates per second: 103339
INFO (CarpetX): OutputGH: iteration 44, time 0.171875, run time 3 s
INFO (CarpetX): OutputGH done.
INFO (CarpetX): Simulation time: 0.171875   Iterations per second: 25.2246   Simulation time per second: 0.0985337
INFO (CarpetX): Grid cells: 4096   Grid cell updates per second: 103320
INFO (CarpetX): Performance:
INFO (CarpetX):   total evolution time:            1.74401 sec
INFO (CarpetX):   total evolution compute time:    1.74358 sec
INFO (CarpetX):   total evolution output time:     0.000427008 sec
INFO (CarpetX):   total iterations:                44
INFO (CarpetX):   total cells updated:             180224
INFO (CarpetX):   average iterations per second: 25.2292
INFO (CarpetX):   average cell updates per second: 103339
INFO (CarpetX): OutputGH: iteration 45, time 0.175781, run time 3 s
INFO (CarpetX): OutputGH done.
INFO (CarpetX): Simulation time: 0.175781   Iterations per second: 25.2087   Simulation time per second: 0.0984713
INFO (CarpetX): Grid cells: 4096   Grid cell updates per second: 103255
INFO (CarpetX): Performance:
INFO (CarpetX):   total evolution time:            1.78391 sec
INFO (CarpetX):   total evolution compute time:    1.78347 sec
INFO (CarpetX):   total evolution output time:     0.000437021 sec
INFO (CarpetX):   total iterations:                45
INFO (CarpetX):   total cells updated:             184320
INFO (CarpetX):   average iterations per second: 25.2256
INFO (CarpetX):   average cell updates per second: 103324
INFO (CarpetX): OutputGH: iteration 46, time 0.179688, run time 3 s
INFO (CarpetX): OutputGH done.
INFO (CarpetX): Simulation time: 0.179688   Iterations per second: 25.199   Simulation time per second: 0.0984335
INFO (CarpetX): Grid cells: 4096   Grid cell updates per second: 103215
INFO (CarpetX): Performance:
INFO (CarpetX):   total evolution time:            1.82373 sec
INFO (CarpetX):   total evolution compute time:    1.82328 sec
INFO (CarpetX):   total evolution output time:     0.000447035 sec
INFO (CarpetX):   total iterations:                46
INFO (CarpetX):   total cells updated:             188416
INFO (CarpetX):   average iterations per second: 25.2231
INFO (CarpetX):   average cell updates per second: 103314
INFO (CarpetX): OutputGH: iteration 47, time 0.183594, run time 3 s
INFO (CarpetX): OutputGH done.
INFO (CarpetX): Simulation time: 0.183594   Iterations per second: 25.2082   Simulation time per second: 0.0984695
INFO (CarpetX): Grid cells: 4096   Grid cell updates per second: 103253
INFO (CarpetX): Performance:
INFO (CarpetX):   total evolution time:            1.86327 sec
INFO (CarpetX):   total evolution compute time:    1.86281 sec
INFO (CarpetX):   total evolution output time:     0.000455141 sec
INFO (CarpetX):   total iterations:                47
INFO (CarpetX):   total cells updated:             192512
INFO (CarpetX):   average iterations per second: 25.2245
INFO (CarpetX):   average cell updates per second: 103320
INFO (CarpetX): OutputGH: iteration 48, time 0.187500, run time 3 s
INFO (CarpetX): OutputGH done.
INFO (CarpetX): Simulation time: 0.1875   Iterations per second: 25.2048   Simulation time per second: 0.0984561
INFO (CarpetX): Grid cells: 4096   Grid cell updates per second: 103239
INFO (CarpetX): Performance:
INFO (CarpetX):   total evolution time:            1.90299 sec
INFO (CarpetX):   total evolution compute time:    1.90252 sec
INFO (CarpetX):   total evolution output time:     0.000465155 sec
INFO (CarpetX):   total iterations:                48
INFO (CarpetX):   total cells updated:             196608
INFO (CarpetX):   average iterations per second: 25.2235
INFO (CarpetX):   average cell updates per second: 103315
INFO (CarpetX): OutputGH: iteration 49, time 0.191406, run time 3 s
INFO (CarpetX): OutputGH done.
INFO (CarpetX): Simulation time: 0.191406   Iterations per second: 25.1921   Simulation time per second: 0.0984068
INFO (CarpetX): Grid cells: 4096   Grid cell updates per second: 103187
INFO (CarpetX): Performance:
INFO (CarpetX):   total evolution time:            1.94286 sec
INFO (CarpetX):   total evolution compute time:    1.94239 sec
INFO (CarpetX):   total evolution output time:     0.000474215 sec
INFO (CarpetX):   total iterations:                49
INFO (CarpetX):   total cells updated:             200704
INFO (CarpetX):   average iterations per second: 25.2205
INFO (CarpetX):   average cell updates per second: 103303
INFO (CarpetX): OutputGH: iteration 50, time 0.195312, run time 3 s
INFO (CarpetX): OutputGH done.
INFO (CarpetX): Simulation time: 0.195312   Iterations per second: 25.1741   Simulation time per second: 0.0983364
INFO (CarpetX): Grid cells: 4096   Grid cell updates per second: 103113
INFO (CarpetX): Performance:
INFO (CarpetX):   total evolution time:            1.98284 sec
INFO (CarpetX):   total evolution compute time:    1.98236 sec
INFO (CarpetX):   total evolution output time:     0.000485182 sec
INFO (CarpetX):   total iterations:                50
INFO (CarpetX):   total cells updated:             204800
INFO (CarpetX):   average iterations per second: 25.2163
INFO (CarpetX):   average cell updates per second: 103286
INFO (CarpetX): OutputGH: iteration 51, time 0.199219, run time 3 s
INFO (CarpetX): OutputGH done.
INFO (CarpetX): Simulation time: 0.199219   Iterations per second: 25.1884   Simulation time per second: 0.0983922
INFO (CarpetX): Grid cells: 4096   Grid cell updates per second: 103172
INFO (CarpetX): Performance:
INFO (CarpetX):   total evolution time:            2.02234 sec
INFO (CarpetX):   total evolution compute time:    2.02184 sec
INFO (CarpetX):   total evolution output time:     0.000502348 sec
INFO (CarpetX):   total iterations:                51
INFO (CarpetX):   total cells updated:             208896
INFO (CarpetX):   average iterations per second: 25.2183
INFO (CarpetX):   average cell updates per second: 103294
INFO (CarpetX): OutputGH: iteration 52, time 0.203125, run time 3 s
INFO (CarpetX): OutputGH done.
INFO (CarpetX): Simulation time: 0.203125   Iterations per second: 25.2019   Simulation time per second: 0.0984449
INFO (CarpetX): Grid cells: 4096   Grid cell updates per second: 103227
INFO (CarpetX): Performance:
INFO (CarpetX):   total evolution time:            2.06183 sec
INFO (CarpetX):   total evolution compute time:    2.06132 sec
INFO (CarpetX):   total evolution output time:     0.000512362 sec
INFO (CarpetX):   total iterations:                52
INFO (CarpetX):   total cells updated:             212992
INFO (CarpetX):   average iterations per second: 25.2203
INFO (CarpetX):   average cell updates per second: 103302
INFO (CarpetX): OutputGH: iteration 53, time 0.207031, run time 3 s
INFO (CarpetX): OutputGH done.
INFO (CarpetX): Simulation time: 0.207031   Iterations per second: 25.19   Simulation time per second: 0.0983985
INFO (CarpetX): Grid cells: 4096   Grid cell updates per second: 103178
INFO (CarpetX): Performance:
INFO (CarpetX):   total evolution time:            2.1017 sec
INFO (CarpetX):   total evolution compute time:    2.10117 sec
INFO (CarpetX):   total evolution output time:     0.000521421 sec
INFO (CarpetX):   total iterations:                53
INFO (CarpetX):   total cells updated:             217088
INFO (CarpetX):   average iterations per second: 25.2177
INFO (CarpetX):   average cell updates per second: 103292
INFO (CarpetX): OutputGH: iteration 54, time 0.210938, run time 3 s
INFO (CarpetX): OutputGH done.
INFO (CarpetX): Simulation time: 0.210938   Iterations per second: 25.1829   Simulation time per second: 0.0983707
INFO (CarpetX): Grid cells: 4096   Grid cell updates per second: 103149
INFO (CarpetX): Performance:
INFO (CarpetX):   total evolution time:            2.14151 sec
INFO (CarpetX):   total evolution compute time:    2.14097 sec
INFO (CarpetX):   total evolution output time:     0.000531197 sec
INFO (CarpetX):   total iterations:                54
INFO (CarpetX):   total cells updated:             221184
INFO (CarpetX):   average iterations per second: 25.2159
INFO (CarpetX):   average cell updates per second: 103284
INFO (CarpetX): OutputGH: iteration 55, time 0.214844, run time 3 s
INFO (CarpetX): OutputGH done.
INFO (CarpetX): Simulation time: 0.214844   Iterations per second: 25.1946   Simulation time per second: 0.0984165
INFO (CarpetX): Grid cells: 4096   Grid cell updates per second: 103197
INFO (CarpetX): Performance:
INFO (CarpetX):   total evolution time:            2.18103 sec
INFO (CarpetX):   total evolution compute time:    2.18049 sec
INFO (CarpetX):   total evolution output time:     0.00054121 sec
INFO (CarpetX):   total iterations:                55
INFO (CarpetX):   total cells updated:             225280
INFO (CarpetX):   average iterations per second: 25.2174
INFO (CarpetX):   average cell updates per second: 103291
INFO (CarpetX): OutputGH: iteration 56, time 0.218750, run time 3 s
INFO (CarpetX): OutputGH done.
INFO (CarpetX): Simulation time: 0.21875   Iterations per second: 25.21   Simulation time per second: 0.0984767
INFO (CarpetX): Grid cells: 4096   Grid cell updates per second: 103260
INFO (CarpetX): Performance:
INFO (CarpetX):   total evolution time:            2.22048 sec
INFO (CarpetX):   total evolution compute time:    2.21993 sec
INFO (CarpetX):   total evolution output time:     0.000551224 sec
INFO (CarpetX):   total iterations:                56
INFO (CarpetX):   total cells updated:             229376
INFO (CarpetX):   average iterations per second: 25.2198
INFO (CarpetX):   average cell updates per second: 103300
INFO (CarpetX): OutputGH: iteration 57, time 0.222656, run time 3 s
INFO (CarpetX): OutputGH done.
INFO (CarpetX): Simulation time: 0.222656   Iterations per second: 25.1909   Simulation time per second: 0.098402
INFO (CarpetX): Grid cells: 4096   Grid cell updates per second: 103182
INFO (CarpetX): Performance:
INFO (CarpetX):   total evolution time:            2.26045 sec
INFO (CarpetX):   total evolution compute time:    2.25989 sec
INFO (CarpetX):   total evolution output time:     0.000561237 sec
INFO (CarpetX):   total iterations:                57
INFO (CarpetX):   total cells updated:             233472
INFO (CarpetX):   average iterations per second: 25.2163
INFO (CarpetX):   average cell updates per second: 103286
INFO (CarpetX): OutputGH: iteration 58, time 0.226562, run time 3 s
INFO (CarpetX): OutputGH done.
INFO (CarpetX): Simulation time: 0.226562   Iterations per second: 25.1575   Simulation time per second: 0.0982715
INFO (CarpetX): Grid cells: 4096   Grid cell updates per second: 103045
INFO (CarpetX): Performance:
INFO (CarpetX):   total evolution time:            2.30067 sec
INFO (CarpetX):   total evolution compute time:    2.3001 sec
INFO (CarpetX):   total evolution output time:     0.000570297 sec
INFO (CarpetX):   total iterations:                58
INFO (CarpetX):   total cells updated:             237568
INFO (CarpetX):   average iterations per second: 25.21
INFO (CarpetX):   average cell updates per second: 103260
INFO (CarpetX): OutputGH: iteration 59, time 0.230469, run time 3 s
INFO (CarpetX): OutputGH done.
INFO (CarpetX): Simulation time: 0.230469   Iterations per second: 25.1368   Simulation time per second: 0.0981906
INFO (CarpetX): Grid cells: 4096   Grid cell updates per second: 102960
INFO (CarpetX): Performance:
INFO (CarpetX):   total evolution time:            2.34075 sec
INFO (CarpetX):   total evolution compute time:    2.34017 sec
INFO (CarpetX):   total evolution output time:     0.000579119 sec
INFO (CarpetX):   total iterations:                59
INFO (CarpetX):   total cells updated:             241664
INFO (CarpetX):   average iterations per second: 25.2056
INFO (CarpetX):   average cell updates per second: 103242
INFO (CarpetX): OutputGH: iteration 60, time 0.234375, run time 3 s
INFO (CarpetX): OutputGH done.
INFO (CarpetX): Simulation time: 0.234375   Iterations per second: 25.1321   Simulation time per second: 0.0981721
INFO (CarpetX): Grid cells: 4096   Grid cell updates per second: 102941
INFO (CarpetX): Performance:
INFO (CarpetX):   total evolution time:            2.3806 sec
INFO (CarpetX):   total evolution compute time:    2.38001 sec
INFO (CarpetX):   total evolution output time:     0.000590324 sec
INFO (CarpetX):   total iterations:                60
INFO (CarpetX):   total cells updated:             245760
INFO (CarpetX):   average iterations per second: 25.2037
INFO (CarpetX):   average cell updates per second: 103234
INFO (CarpetX): OutputGH: iteration 61, time 0.238281, run time 4 s
INFO (CarpetX): OutputGH done.
INFO (CarpetX): Simulation time: 0.238281   Iterations per second: 25.1541   Simulation time per second: 0.098258
INFO (CarpetX): Grid cells: 4096   Grid cell updates per second: 103031
INFO (CarpetX): Performance:
INFO (CarpetX):   total evolution time:            2.42005 sec
INFO (CarpetX):   total evolution compute time:    2.41945 sec
INFO (CarpetX):   total evolution output time:     0.000599384 sec
INFO (CarpetX):   total iterations:                61
INFO (CarpetX):   total cells updated:             249856
INFO (CarpetX):   average iterations per second: 25.2061
INFO (CarpetX):   average cell updates per second: 103244
INFO (CarpetX): OutputGH: iteration 62, time 0.242188, run time 4 s
INFO (CarpetX): OutputGH done.
INFO (CarpetX): Simulation time: 0.242188   Iterations per second: 25.151   Simulation time per second: 0.0982462
INFO (CarpetX): Grid cells: 4096   Grid cell updates per second: 103019
INFO (CarpetX): Performance:
INFO (CarpetX):   total evolution time:            2.45985 sec
INFO (CarpetX):   total evolution compute time:    2.45924 sec
INFO (CarpetX):   total evolution output time:     0.000609398 sec
INFO (CarpetX):   total iterations:                62
INFO (CarpetX):   total cells updated:             253952
INFO (CarpetX):   average iterations per second: 25.2048
INFO (CarpetX):   average cell updates per second: 103239
INFO (CarpetX): OutputGH: iteration 63, time 0.246094, run time 4 s
INFO (CarpetX): OutputGH done.
INFO (CarpetX): Simulation time: 0.246094   Iterations per second: 25.1672   Simulation time per second: 0.0983094
INFO (CarpetX): Grid cells: 4096   Grid cell updates per second: 103085
INFO (CarpetX): Performance:
INFO (CarpetX):   total evolution time:            2.49935 sec
INFO (CarpetX):   total evolution compute time:    2.49873 sec
INFO (CarpetX):   total evolution output time:     0.000619411 sec
INFO (CarpetX):   total iterations:                63
INFO (CarpetX):   total cells updated:             258048
INFO (CarpetX):   average iterations per second: 25.2065
INFO (CarpetX):   average cell updates per second: 103246
INFO (CarpetX): OutputGH: iteration 64, time 0.250000, run time 4 s
INFO (CarpetX): OutputGH done.
INFO (CarpetX): Simulation time: 0.25   Iterations per second: 14.1541   Simulation time per second: 0.0552894
INFO (CarpetX): Grid cells: 4096   Grid cell updates per second: 57975.2
INFO (CarpetX): Performance:
INFO (CarpetX):   total evolution time:            2.84825 sec
INFO (CarpetX):   total evolution compute time:    2.54271 sec
INFO (CarpetX):   total evolution output time:     0.305544 sec
INFO (CarpetX):   total iterations:                64
INFO (CarpetX):   total cells updated:             262144
INFO (CarpetX):   average iterations per second: 22.4699
INFO (CarpetX):   average cell updates per second: 92036.7
INFO (CarpetX): Shutting down...
AMReX (25.11) finalized
--------------------------------------------------------------------------------
Done.
+ echo Stopping:
Stopping:
+ date
Sat Jul 18 08:37:15 UTC 2026
+ echo Done.
Done.
  Elapsed time: 3.8 s
