/home/runner/simulations/TestJob01_temp_2/output-0000/TEST/sim/CanudaX_BSSNMoL
Preparing:
+ set -e
+ cd output-0000-active
+ echo Checking:
Checking:
+ pwd
/home/runner/simulations/TestJob01_temp_2/output-0000/TEST/sim/CanudaX_BSSNMoL/output-0000-active
+ hostname
runnervmvrwv9
+ date
Tue Aug 11 06:48:38 UTC 2026
+ echo Environment:
Environment:
+ export CACTUS_NUM_PROCS=2
+ CACTUS_NUM_PROCS=2
+ export CACTUS_NUM_THREADS=1
+ CACTUS_NUM_THREADS=1
+ export GMON_OUT_PREFIX=gmon.out
+ GMON_OUT_PREFIX=gmon.out
+ export OMP_NUM_THREADS=1
+ OMP_NUM_THREADS=1
+ env
+ sort
+ echo Starting:
Starting:
++ date +%s
+ export CACTUS_STARTTIME=1786430918
+ CACTUS_STARTTIME=1786430918
+ '[' 2 = 1 ']'
+ mpirun -np 2 /home/runner/simulations/TestJob01_temp_2/SIMFACTORY/exe/cactus_sim -L 3 /home/runner/simulations/TestJob01_temp_2/output-0000/arrangements/CanudaX/CanudaX_BSSNMoL/test/gaugewave.par
INFO (Cactus): Increased logging level from 0 to 3
--------------------------------------------------------------------------------

       10                                  
  1   0101       ************************  
  01  1010 10      The Cactus Code V4.20.0    
 1010 1101 011      www.cactuscode.org     
  1001 100101    ************************  
    00010101                               
     100011     (c) Copyright The Authors  
      0100      GNU Licensed. No Warranty  
      0101                                 
--------------------------------------------------------------------------------

Cactus version:    4.20.0
Compile date:      Aug 11 2026 (06:22:13)
Run date:          Aug 11 2026 (06:48:39+0000)
Run host:          runnervmvrwv9.2teta1ngcx3e5onlpkheve315a.bx.internal.cloudapp.net (pid=180771)
Working directory: /home/runner/simulations/TestJob01_temp_2/output-0000/TEST/sim/CanudaX_BSSNMoL
Executable:        /home/runner/simulations/TestJob01_temp_2/SIMFACTORY/exe/cactus_sim
Parameter file:    /home/runner/simulations/TestJob01_temp_2/output-0000/arrangements/CanudaX/CanudaX_BSSNMoL/test/gaugewave.par
--------------------------------------------------------------------------------

Activating thorn Cactus...Success -> active implementation Cactus
Activation requested for 
--->ADMBaseX CanudaX_BSSNMoL CanudaX_ExactID CarpetX IOUtil ODESolvers TmunuBaseX<---
Thorn ADMBaseX requests automatic activation of Loop
Thorn CarpetX requests automatic activation of AMReX
Thorn CarpetX requests automatic activation of MPI
Thorn CarpetX requests automatic activation of yaml_cpp
Thorn CarpetX requests automatic activation of zlib
Thorn CarpetX requests automatic activation of Arith
Thorn CarpetX requests automatic activation of CarpetXRegrid
Thorn CarpetX requests automatic activation of ADIOS2
Thorn CarpetX requests automatic activation of openPMD
Thorn CarpetX requests automatic activation of Silo
Thorn ADIOS2 requests automatic activation of CMake
Thorn Arith requests automatic activation of NSIMD
Thorn MPI requests automatic activation of hwloc
Thorn openPMD requests automatic activation of HDF5
Activating thorn ADIOS2...Success -> active implementation ADIOS2
Activating thorn ADMBaseX...Success -> active implementation ADMBaseX
Activating thorn AMReX...Success -> active implementation AMReX
Activating thorn Arith...Success -> active implementation Arith
Activating thorn CanudaX_BSSNMoL...Success -> active implementation CanudaX_BSSNMoL
Activating thorn CanudaX_ExactID...Success -> active implementation CanudaX_ExactID
Activating thorn CarpetX...Success -> active implementation Driver
Activating thorn CarpetXRegrid...Success -> active implementation CarpetXRegrid
Activating thorn CMake...Success -> active implementation CMake
Activating thorn HDF5...Success -> active implementation HDF5
Activating thorn hwloc...Success -> active implementation hwloc
Activating thorn IOUtil...Success -> active implementation IO
Activating thorn Loop...Success -> active implementation Loop
Activating thorn MPI...Success -> active implementation MPI
Activating thorn NSIMD...Success -> active implementation NSIMD
Activating thorn ODESolvers...Success -> active implementation ODESolvers
Activating thorn openPMD...Success -> active implementation openPMD
Activating thorn Silo...Success -> active implementation Silo
Activating thorn TmunuBaseX...Success -> active implementation TmunuBaseX
Activating thorn yaml_cpp...Success -> active implementation yaml_cpp
Activating thorn zlib...Success -> active implementation zlib
--------------------------------------------------------------------------------
  if (recover initial data)
    Recover parameters
  endif

  Startup routines
    [CCTK_STARTUP]
      CarpetX::Driver_Startup: Start up the driver
      IOUtil::IOUtil_Startup: Startup routine
      GROUP hwloc_startup: hwloc startup group
        hwloc::hwloc_version: Output hwloc version

  Startup routines which need an existing grid hierarchy
    [CCTK_WRAGH]
      Arith::Test_smallvector: [meta] Test small vectors
      Arith::Test_spvect: [meta] Test sparse vectors
      ODESolvers::ODESolvers_InitConstants: [global] Set up dummy loop counters for schedule printout
  Parameter checking routines
    [CCTK_PARAMCHECK]
      CanudaX_BSSNMoL::CanudaX_BSSNMoL_paramcheck: Check CanudaX_BSSNMoL parameters for consistency

  Initialisation
    if (NOT (recover initial data AND recovery_mode is 'strict'))
      [CCTK_PREREGRIDINITIAL]
      Set up grid hierarchy
      [CCTK_POSTREGRIDINITIAL]
      [CCTK_BASEGRID]
        CarpetXRegrid::CarpetXRegrid_InitError: Initialize regridding error to zero
        GROUP ODESolvers_BaseGrid: Set up constants (e.g. coordinates) everywhere on the grid
      [CCTK_INITIAL]
        GROUP TmunuBaseX_SetTmunuVars: Schedule group for setting T_munu
          TmunuBaseX::TmunuBaseX_ZeroTmunu: Set T_munu to zero
          GROUP TmunuBaseX_AddToTmunu: Add to T_munu here
        GROUP ODESolvers_Initial: Set up initial conditions on interior of state vector
          GROUP ADMBaseX_InitialData: Schedule group for calculating ADM initial data
            GROUP CanudaX_ExactIDGroup: CanudaX_ExactID group for setting up initial data
              CanudaX_ExactID::CanudaX_ExactID_GaugeWave: [local] Create gauge wave initial data
          GROUP ADMBaseX_InitialGauge: Schedule group for the ADM initial gauge condition
            ADMBaseX::ADMBaseX_initial_dtlapse: Set dtlapse to zero
            ADMBaseX::ADMBaseX_initial_dtshift: Set dtshift to zero
          GROUP ADMBaseX_PostInitial: Schedule group for modifying the ADM initial data, such as e.g. adding noise
        GROUP CanudaX_BSSNMoL_InitialGroup: CanudaX_BSSNMoL: initial bin
          CanudaX_BSSNMoL::CanudaX_BSSNMoL_adm2bssn: [local] Convert initial data into BSSN variables
          CanudaX_BSSNMoL::CanudaX_BSSNMoL_gammat: [local] Set Gammat initial data
      [CCTK_POSTINITIAL]
        GROUP ODESolvers_PostStep: Apply boundary conditions to state vector, and project if necessary
          GROUP CanudaX_BSSNMoL_PostStepGroup: CanudaX_BSSNMoL: post-step operations
            CanudaX_BSSNMoL::CanudaX_BSSNMoL_impose_conf_fac_floor: Make sure conformal factor does not drop below specified value
            CanudaX_BSSNMoL::CanudaX_BSSNMoL_reset_detmetric: reset dethh = 1
            CanudaX_BSSNMoL::CanudaX_BSSNMoL_remove_trA: Remove trace of A
            CanudaX_BSSNMoL::CanudaX_BSSNMoL_sync: [global] Sync state vector
            CanudaX_BSSNMoL::CanudaX_BSSNMoL_bssn2adm: [local] Convert variables back to the ADM ones
          GROUP ADMBaseX_SetADMRHS: Set ADM RHS variables in this group
          GROUP ADMBaseX_SetADMVars: Set ADM variables in this group
          GROUP TmunuBaseX_SetTmunuVars: Schedule group for setting T_munu
            TmunuBaseX::TmunuBaseX_ZeroTmunu: Set T_munu to zero
            GROUP TmunuBaseX_AddToTmunu: Add to T_munu here
        GROUP ODESolvers_EstimateError: Estimate discretization error (for regridding)
      Initialise finer grids recursively
      Restrict from finer grids
      [CCTK_POSTRESTRICTINITIAL]
      [CCTK_POSTPOSTINITIAL]
      [CCTK_POSTSTEP]
        GROUP ODESolvers_EstimateError: Estimate discretization error (for regridding)
    endif
    if (recover initial data)
      [CCTK_BASEGRID]
        CarpetXRegrid::CarpetXRegrid_InitError: Initialize regridding error to zero
        GROUP ODESolvers_BaseGrid: Set up constants (e.g. coordinates) everywhere on the grid
      [CCTK_RECOVER_VARIABLES]
      [CCTK_POST_RECOVER_VARIABLES]
        GROUP ODESolvers_PostStep: Apply boundary conditions to state vector, and project if necessary
          GROUP CanudaX_BSSNMoL_PostStepGroup: CanudaX_BSSNMoL: post-step operations
            CanudaX_BSSNMoL::CanudaX_BSSNMoL_impose_conf_fac_floor: Make sure conformal factor does not drop below specified value
            CanudaX_BSSNMoL::CanudaX_BSSNMoL_reset_detmetric: reset dethh = 1
            CanudaX_BSSNMoL::CanudaX_BSSNMoL_remove_trA: Remove trace of A
            CanudaX_BSSNMoL::CanudaX_BSSNMoL_sync: [global] Sync state vector
            CanudaX_BSSNMoL::CanudaX_BSSNMoL_bssn2adm: [local] Convert variables back to the ADM ones
          GROUP ADMBaseX_SetADMRHS: Set ADM RHS variables in this group
          GROUP ADMBaseX_SetADMVars: Set ADM variables in this group
          GROUP TmunuBaseX_SetTmunuVars: Schedule group for setting T_munu
            TmunuBaseX::TmunuBaseX_ZeroTmunu: Set T_munu to zero
            GROUP TmunuBaseX_AddToTmunu: Add to T_munu here
        GROUP ODESolvers_EstimateError: Estimate discretization error (for regridding)
    endif
    if (checkpoint initial data)
      [CCTK_CPINITIAL]
        CarpetX::CarpetX_CheckpointInitial: [meta] Checkpoint initial conditions
    endif
    if (analysis)
      [CCTK_ANALYSIS]
        CanudaX_BSSNMoL::CanudaX_BSSNMoL_bssn_constraints: Compute constraints
        GROUP ODESolvers_Analysis: Calculate analysis quantities everywhere
  endif
  Output grid variables

  do loop over timesteps
    [CCTK_PREREGRID]
    Change grid hierarchy
    [CCTK_POSTREGRID]
      GROUP ODESolvers_PostStep: Apply boundary conditions to state vector, and project if necessary
        GROUP CanudaX_BSSNMoL_PostStepGroup: CanudaX_BSSNMoL: post-step operations
          CanudaX_BSSNMoL::CanudaX_BSSNMoL_impose_conf_fac_floor: Make sure conformal factor does not drop below specified value
          CanudaX_BSSNMoL::CanudaX_BSSNMoL_reset_detmetric: reset dethh = 1
          CanudaX_BSSNMoL::CanudaX_BSSNMoL_remove_trA: Remove trace of A
          CanudaX_BSSNMoL::CanudaX_BSSNMoL_sync: [global] Sync state vector
          CanudaX_BSSNMoL::CanudaX_BSSNMoL_bssn2adm: [local] Convert variables back to the ADM ones
        GROUP ADMBaseX_SetADMRHS: Set ADM RHS variables in this group
        GROUP ADMBaseX_SetADMVars: Set ADM variables in this group
        GROUP TmunuBaseX_SetTmunuVars: Schedule group for setting T_munu
          TmunuBaseX::TmunuBaseX_ZeroTmunu: Set T_munu to zero
          GROUP TmunuBaseX_AddToTmunu: Add to T_munu here
    Rotate timelevels
    iteration = iteration+1
    t = t+dt
    [CCTK_PRESTEP]
    [CCTK_EVOL]
      ODESolvers::ODESolvers_Solve: [level] Solve ODEs
      while (ODESolvers::do_substeps)
        GROUP ODESolvers_CalledBySolve: Groups internally scheduled by ODESolvers_Solve
          GROUP ODESolvers_RHS: Evaluate the RHS for of state vector everywhere on the grid
            GROUP CanudaX_BSSNMoL_RHSGroup: CanudaX_BSSNMoL: calculate BSSN RHS
              CanudaX_BSSNMoL::CanudaX_BSSNMoL_calc_bssn_rhs: MoL RHS calculation
              CanudaX_BSSNMoL::CanudaX_BSSNMoL_apply_boundary_conditions: Apply radiative boundary conditions 
          GROUP ODESolvers_PostStep: Apply boundary conditions to state vector, and project if necessary
            GROUP CanudaX_BSSNMoL_PostStepGroup: CanudaX_BSSNMoL: post-step operations
              CanudaX_BSSNMoL::CanudaX_BSSNMoL_impose_conf_fac_floor: Make sure conformal factor does not drop below specified value
              CanudaX_BSSNMoL::CanudaX_BSSNMoL_reset_detmetric: reset dethh = 1
              CanudaX_BSSNMoL::CanudaX_BSSNMoL_remove_trA: Remove trace of A
              CanudaX_BSSNMoL::CanudaX_BSSNMoL_sync: [global] Sync state vector
              CanudaX_BSSNMoL::CanudaX_BSSNMoL_bssn2adm: [local] Convert variables back to the ADM ones
            GROUP ADMBaseX_SetADMRHS: Set ADM RHS variables in this group
            GROUP ADMBaseX_SetADMVars: Set ADM variables in this group
            GROUP TmunuBaseX_SetTmunuVars: Schedule group for setting T_munu
              TmunuBaseX::TmunuBaseX_ZeroTmunu: Set T_munu to zero
              GROUP TmunuBaseX_AddToTmunu: Add to T_munu here
      end while
    Evolve finer grids recursively
    Restrict from finer grids
    [CCTK_POSTRESTRICT]
      GROUP ODESolvers_PostStep: Apply boundary conditions to state vector, and project if necessary
        GROUP CanudaX_BSSNMoL_PostStepGroup: CanudaX_BSSNMoL: post-step operations
          CanudaX_BSSNMoL::CanudaX_BSSNMoL_impose_conf_fac_floor: Make sure conformal factor does not drop below specified value
          CanudaX_BSSNMoL::CanudaX_BSSNMoL_reset_detmetric: reset dethh = 1
          CanudaX_BSSNMoL::CanudaX_BSSNMoL_remove_trA: Remove trace of A
          CanudaX_BSSNMoL::CanudaX_BSSNMoL_sync: [global] Sync state vector
          CanudaX_BSSNMoL::CanudaX_BSSNMoL_bssn2adm: [local] Convert variables back to the ADM ones
        GROUP ADMBaseX_SetADMRHS: Set ADM RHS variables in this group
        GROUP ADMBaseX_SetADMVars: Set ADM variables in this group
        GROUP TmunuBaseX_SetTmunuVars: Schedule group for setting T_munu
          TmunuBaseX::TmunuBaseX_ZeroTmunu: Set T_munu to zero
          GROUP TmunuBaseX_AddToTmunu: Add to T_munu here
    [CCTK_POSTSTEP]
      GROUP ODESolvers_EstimateError: Estimate discretization error (for regridding)
    if (checkpoint)
      [CCTK_CHECKPOINT]
      CarpetX::CarpetX_Checkpoint: [meta] Checkpoint
    endif
    if (analysis)
      [CCTK_ANALYSIS]
      CanudaX_BSSNMoL::CanudaX_BSSNMoL_bssn_constraints: Compute constraints
      GROUP ODESolvers_Analysis: Calculate analysis quantities everywhere
    endif
    Output grid variables
    enddo

  Termination routines
    [CCTK_TERMINATE]
      CarpetX::CarpetX_CheckpointTerminate: [meta] Checkpoint before terminating

  Shutdown routines
    [CCTK_SHUTDOWN]
      CarpetX::Driver_Shutdown: [meta] Shut down the driver

  Routines run after changing the grid hierarchy:
    [CCTK_POSTREGRID]
      GROUP ODESolvers_PostStep: Apply boundary conditions to state vector, and project if necessary
        GROUP CanudaX_BSSNMoL_PostStepGroup: CanudaX_BSSNMoL: post-step operations
          CanudaX_BSSNMoL::CanudaX_BSSNMoL_impose_conf_fac_floor: Make sure conformal factor does not drop below specified value
          CanudaX_BSSNMoL::CanudaX_BSSNMoL_reset_detmetric: reset dethh = 1
          CanudaX_BSSNMoL::CanudaX_BSSNMoL_remove_trA: Remove trace of A
          CanudaX_BSSNMoL::CanudaX_BSSNMoL_sync: [global] Sync state vector
          CanudaX_BSSNMoL::CanudaX_BSSNMoL_bssn2adm: [local] Convert variables back to the ADM ones
        GROUP ADMBaseX_SetADMRHS: Set ADM RHS variables in this group
        GROUP ADMBaseX_SetADMVars: Set ADM variables in this group
        GROUP TmunuBaseX_SetTmunuVars: Schedule group for setting T_munu
          TmunuBaseX::TmunuBaseX_ZeroTmunu: Set T_munu to zero
          GROUP TmunuBaseX_AddToTmunu: Add to T_munu here
--------------------------------------------------------------------------------
INFO (hwloc): library version 2.10.0, API version 0x20800
--------------------------------------------------------------------------------

  [34m  ▕▏  [34m  ▕▏  [34m  ▕▏  [34m  ▕▏  [34m  ▕▏  [34m  ▕▏  [34m  ▕▏  [34m  ▕▏  [34m  ▕▏  [39m  
  [34m──██──[34m──██──[34m──██──[34m──██──[34m──██──[34m──██──[34m──██──[34m──██──[34m──██──[39m  
  [34m  ▕▏  [34m  ▕▏  [34m  ▕▏  [34m  ▕▏  [34m  ▕▏  [34m  ▕▏  [34m  ▕▏  [34m  ▕▏  [34m  ▕▏  [39m  
  [34m  ▕▏  [32m██████[34m  ▕▏  [34m  ▕▏  [32m██████[34m  ▕▏  [34m  ▕▏  [32m██████[34m  ▕▏  [39m  
  [34m──██──[32m██████[34m──██──[34m──██──[32m██████[34m──██──[34m──██──[32m██████[34m──██──[39m  
  [34m  ▕▏  [32m██████[34m  ▕▏  [34m  ▕▏  [32m██████[34m  ▕▏  [34m  ▕▏  [32m██████[34m  ▕▏  [39m  
  [34m  ▕▏  [34m  ▕▏  [34m  ▕▏  [34m  ▕▏  [34m  ▕▏  [34m  ▕▏  [34m  ▕▏  [34m  ▕▏  [34m  ▕▏  [39m  
  [34m──██──[34m──██──[34m──██──[34m──██──[34m──██──[34m──██──[34m──██──[34m──██──[34m──██──[39m  
  [34m  ▕▏  [34m  ▕▏  [34m  ▕▏  [34m  ▕▏  [34m  ▕▏  [34m  ▕▏  [34m  ▕▏  [34m  ▕▏  [34m  ▕▏  [39m  
  [34m  ▕▏  [34m  ▕▏  [34m  ▕▏  [31m██████[31m██████[31m██████[34m  ▕▏  [34m  ▕▏  [34m  ▕▏  [39m  
  [34m──██──[34m──██──[34m──██──[31m██████[31m██████[31m██████[34m──██──[34m──██──[34m──██──[39m  
  [34m  ▕▏  [34m  ▕▏  [34m  ▕▏  [31m██████[31m██████[31m██████[34m  ▕▏  [34m  ▕▏  [34m  ▕▏  [39m  
  [34m  ▕▏  [32m██████[34m  ▕▏  [31m██████[31m██████[31m██████[34m  ▕▏  [32m██████[34m  ▕▏  [39m  
  [34m──██──[32m██████[34m──██──[31m██████[31m██████[31m██████[34m──██──[32m██████[34m──██──[39m  
  [34m  ▕▏  [32m██████[34m  ▕▏  [31m██████[31m██████[31m██████[34m  ▕▏  [32m██████[34m  ▕▏  [39m  
  [34m  ▕▏  [34m  ▕▏  [34m  ▕▏  [31m██████[31m██████[31m██████[34m  ▕▏  [34m  ▕▏  [34m  ▕▏  [39m  
  [34m──██──[34m──██──[34m──██──[31m██████[31m██████[31m██████[34m──██──[34m──██──[34m──██──[39m  
  [34m  ▕▏  [34m  ▕▏  [34m  ▕▏  [31m██████[31m██████[31m██████[34m  ▕▏  [34m  ▕▏  [34m  ▕▏  [39m  
  [34m  ▕▏  [34m  ▕▏  [34m  ▕▏  [34m  ▕▏  [34m  ▕▏  [34m  ▕▏  [34m  ▕▏  [34m  ▕▏  [34m  ▕▏  [39m  
  [34m──██──[34m──██──[34m──██──[34m──██──[34m──██──[34m──██──[34m──██──[34m──██──[34m──██──[39m  
  [34m  ▕▏  [34m  ▕▏  [34m  ▕▏  [34m  ▕▏  [34m  ▕▏  [34m  ▕▏  [34m  ▕▏  [34m  ▕▏  [34m  ▕▏  [39m  
  [34m  ▕▏  [32m██████[34m  ▕▏  [34m  ▕▏  [32m██████[34m  ▕▏  [34m  ▕▏  [32m██████[34m  ▕▏  [39m  
  [34m──██──[32m██████[34m──██──[34m──██──[32m██████[34m──██──[34m──██──[32m██████[34m──██──[39m  
  [34m  ▕▏  [32m██████[34m  ▕▏  [34m  ▕▏  [32m██████[34m  ▕▏  [34m  ▕▏  [32m██████[34m  ▕▏  [39m  
  [34m  ▕▏  [34m  ▕▏  [34m  ▕▏  [34m  ▕▏  [34m  ▕▏  [34m  ▕▏  [34m  ▕▏  [34m  ▕▏  [34m  ▕▏  [39m  
  [34m──██──[34m──██──[34m──██──[34m──██──[34m──██──[34m──██──[34m──██──[34m──██──[34m──██──[39m  
  [34m  ▕▏  [34m  ▕▏  [34m  ▕▏  [34m  ▕▏  [34m  ▕▏  [34m  ▕▏  [34m  ▕▏  [34m  ▕▏  [34m  ▕▏  [39m  

AMR driver provided by CarpetX,
using AMReX 25.11 (MPI, OpenMP, no accelerators, debug)
--------------------------------------------------------------------------------

Initializing AMReX (25.11)...
MPI initialized with 2 MPI processes
MPI initialized with thread support level 2
OMP initialized with 1 OMP threads
AMReX (25.11) initialized
INFO (CarpetX): 
Symmetries:
  lower x: periodic
  lower y: periodic
  lower z: periodic
  upper x: periodic
  upper y: periodic
  upper z: periodic
Default boundaries:
  lower x: symmetry_boundary
  lower y: symmetry_boundary
  lower z: symmetry_boundary
  upper x: symmetry_boundary
  upper y: symmetry_boundary
  upper z: symmetry_boundary
INFO (Arith): Test_smallvector
INFO (Arith): Test_spvect
INFO (CarpetX): Setting initial values for max_grid_size values for all levels
INFO (CarpetX): Setting up initial conditions...
INFO (CarpetX): Iteration: 0   time: 0   delta_time: 0.00390625
INFO (CarpetX): Patch 0:
INFO (CarpetX):   Grid extent:
INFO (CarpetX):     gsh=[71,15,15]
INFO (CarpetX):     blocking_factor=[8,8,8]
INFO (CarpetX):     max_grid_size=[10000000,10000000,10000000]
INFO (CarpetX):     max_tile_size=[1024000,16,32]
INFO (CarpetX):   Domain extent:
INFO (CarpetX):     xmin=[-0.5,-0.0625,-0.0625]
INFO (CarpetX):     xmax=[0.5,0.0625,0.0625]
INFO (CarpetX):     base dx=[0.015625,0.015625,0.015625]
INFO (CarpetX): Initializing level 0...
INFO (CanudaX_ExactID): Begin Gauge Wave initial data
INFO (CanudaX_ExactID): === End gauge wave initial data ===
INFO (CarpetX): Regridding...
INFO (CarpetX):   level 0: 2 boxes, 4096 cells (100%)
INFO (CarpetX): Initialized 1 levels
INFO (CarpetX): OutputGH: iteration 0, time 0.000000, run time 1 s
INFO (CarpetX): OutputGH done.
INFO (CarpetX): Starting evolution...
INFO (ODESolvers): ODE integrator is RK4
INFO (CarpetX): OutputGH: iteration 1, time 0.003906, run time 1 s
INFO (CarpetX): OutputGH done.
INFO (CarpetX): Simulation time: 0.00390625   Iterations per second: 29.1283   Simulation time per second: 0.113783
INFO (CarpetX): Grid cells: 4096   Grid cell updates per second: 119310
INFO (CarpetX): Performance:
INFO (CarpetX):   total evolution time:            0.0343308 sec
INFO (CarpetX):   total evolution compute time:    0.0343039 sec
INFO (CarpetX):   total evolution output time:     2.69413e-05 sec
INFO (CarpetX):   total iterations:                1
INFO (CarpetX):   total cells updated:             4096
INFO (CarpetX):   average iterations per second: 29.1283
INFO (CarpetX):   average cell updates per second: 119310
INFO (CarpetX): OutputGH: iteration 2, time 0.007812, run time 1 s
INFO (CarpetX): OutputGH done.
INFO (CarpetX): Simulation time: 0.0078125   Iterations per second: 30.3928   Simulation time per second: 0.118722
INFO (CarpetX): Grid cells: 4096   Grid cell updates per second: 124489
INFO (CarpetX): Performance:
INFO (CarpetX):   total evolution time:            0.065805 sec
INFO (CarpetX):   total evolution compute time:    0.0657511 sec
INFO (CarpetX):   total evolution output time:     5.38826e-05 sec
INFO (CarpetX):   total iterations:                2
INFO (CarpetX):   total cells updated:             8192
INFO (CarpetX):   average iterations per second: 30.3928
INFO (CarpetX):   average cell updates per second: 124489
INFO (CarpetX): OutputGH: iteration 3, time 0.011719, run time 1 s
INFO (CarpetX): OutputGH done.
INFO (CarpetX): Simulation time: 0.0117188   Iterations per second: 30.8154   Simulation time per second: 0.120373
INFO (CarpetX): Grid cells: 4096   Grid cell updates per second: 126220
INFO (CarpetX): Performance:
INFO (CarpetX):   total evolution time:            0.0973539 sec
INFO (CarpetX):   total evolution compute time:    0.097271 sec
INFO (CarpetX):   total evolution output time:     8.29697e-05 sec
INFO (CarpetX):   total iterations:                3
INFO (CarpetX):   total cells updated:             12288
INFO (CarpetX):   average iterations per second: 30.8154
INFO (CarpetX):   average cell updates per second: 126220
INFO (CarpetX): OutputGH: iteration 4, time 0.015625, run time 1 s
INFO (CarpetX): OutputGH done.
INFO (CarpetX): Simulation time: 0.015625   Iterations per second: 31.0405   Simulation time per second: 0.121252
INFO (CarpetX): Grid cells: 4096   Grid cell updates per second: 127142
INFO (CarpetX): Performance:
INFO (CarpetX):   total evolution time:            0.128864 sec
INFO (CarpetX):   total evolution compute time:    0.128754 sec
INFO (CarpetX):   total evolution output time:     0.000110149 sec
INFO (CarpetX):   total iterations:                4
INFO (CarpetX):   total cells updated:             16384
INFO (CarpetX):   average iterations per second: 31.0405
INFO (CarpetX):   average cell updates per second: 127142
INFO (CarpetX): OutputGH: iteration 5, time 0.019531, run time 1 s
INFO (CarpetX): OutputGH done.
INFO (CarpetX): Simulation time: 0.0195312   Iterations per second: 31.1439   Simulation time per second: 0.121656
INFO (CarpetX): Grid cells: 4096   Grid cell updates per second: 127565
INFO (CarpetX): Performance:
INFO (CarpetX):   total evolution time:            0.160545 sec
INFO (CarpetX):   total evolution compute time:    0.160402 sec
INFO (CarpetX):   total evolution output time:     0.000143051 sec
INFO (CarpetX):   total iterations:                5
INFO (CarpetX):   total cells updated:             20480
INFO (CarpetX):   average iterations per second: 31.1439
INFO (CarpetX):   average cell updates per second: 127565
INFO (CarpetX): OutputGH: iteration 6, time 0.023438, run time 1 s
INFO (CarpetX): OutputGH done.
INFO (CarpetX): Simulation time: 0.0234375   Iterations per second: 31.2311   Simulation time per second: 0.121997
INFO (CarpetX): Grid cells: 4096   Grid cell updates per second: 127923
INFO (CarpetX): Performance:
INFO (CarpetX):   total evolution time:            0.192116 sec
INFO (CarpetX):   total evolution compute time:    0.191947 sec
INFO (CarpetX):   total evolution output time:     0.000169039 sec
INFO (CarpetX):   total iterations:                6
INFO (CarpetX):   total cells updated:             24576
INFO (CarpetX):   average iterations per second: 31.2311
INFO (CarpetX):   average cell updates per second: 127923
INFO (CarpetX): OutputGH: iteration 7, time 0.027344, run time 1 s
INFO (CarpetX): OutputGH done.
INFO (CarpetX): Simulation time: 0.0273438   Iterations per second: 31.2811   Simulation time per second: 0.122192
INFO (CarpetX): Grid cells: 4096   Grid cell updates per second: 128128
INFO (CarpetX): Performance:
INFO (CarpetX):   total evolution time:            0.223777 sec
INFO (CarpetX):   total evolution compute time:    0.223573 sec
INFO (CarpetX):   total evolution output time:     0.000204086 sec
INFO (CarpetX):   total iterations:                7
INFO (CarpetX):   total cells updated:             28672
INFO (CarpetX):   average iterations per second: 31.2811
INFO (CarpetX):   average cell updates per second: 128128
INFO (CarpetX): OutputGH: iteration 8, time 0.031250, run time 1 s
INFO (CarpetX): OutputGH done.
INFO (CarpetX): Simulation time: 0.03125   Iterations per second: 31.3413   Simulation time per second: 0.122427
INFO (CarpetX): Grid cells: 4096   Grid cell updates per second: 128374
INFO (CarpetX): Performance:
INFO (CarpetX):   total evolution time:            0.255254 sec
INFO (CarpetX):   total evolution compute time:    0.255018 sec
INFO (CarpetX):   total evolution output time:     0.000236273 sec
INFO (CarpetX):   total iterations:                8
INFO (CarpetX):   total cells updated:             32768
INFO (CarpetX):   average iterations per second: 31.3413
INFO (CarpetX):   average cell updates per second: 128374
INFO (CarpetX): OutputGH: iteration 9, time 0.035156, run time 1 s
INFO (CarpetX): OutputGH done.
INFO (CarpetX): Simulation time: 0.0351562   Iterations per second: 31.3882   Simulation time per second: 0.12261
INFO (CarpetX): Grid cells: 4096   Grid cell updates per second: 128566
INFO (CarpetX): Performance:
INFO (CarpetX):   total evolution time:            0.286732 sec
INFO (CarpetX):   total evolution compute time:    0.286467 sec
INFO (CarpetX):   total evolution output time:     0.00026536 sec
INFO (CarpetX):   total iterations:                9
INFO (CarpetX):   total cells updated:             36864
INFO (CarpetX):   average iterations per second: 31.3882
INFO (CarpetX):   average cell updates per second: 128566
INFO (CarpetX): OutputGH: iteration 10, time 0.039062, run time 1 s
INFO (CarpetX): OutputGH done.
INFO (CarpetX): Simulation time: 0.0390625   Iterations per second: 31.4151   Simulation time per second: 0.122715
INFO (CarpetX): Grid cells: 4096   Grid cell updates per second: 128676
INFO (CarpetX): Performance:
INFO (CarpetX):   total evolution time:            0.318318 sec
INFO (CarpetX):   total evolution compute time:    0.318009 sec
INFO (CarpetX):   total evolution output time:     0.000309229 sec
INFO (CarpetX):   total iterations:                10
INFO (CarpetX):   total cells updated:             40960
INFO (CarpetX):   average iterations per second: 31.4151
INFO (CarpetX):   average cell updates per second: 128676
INFO (CarpetX): OutputGH: iteration 11, time 0.042969, run time 2 s
INFO (CarpetX): OutputGH done.
INFO (CarpetX): Simulation time: 0.0429688   Iterations per second: 31.4319   Simulation time per second: 0.122781
INFO (CarpetX): Grid cells: 4096   Grid cell updates per second: 128745
INFO (CarpetX): Performance:
INFO (CarpetX):   total evolution time:            0.34998 sec
INFO (CarpetX):   total evolution compute time:    0.349642 sec
INFO (CarpetX):   total evolution output time:     0.000338316 sec
INFO (CarpetX):   total iterations:                11
INFO (CarpetX):   total cells updated:             45056
INFO (CarpetX):   average iterations per second: 31.4303
INFO (CarpetX):   average cell updates per second: 128739
INFO (CarpetX): OutputGH: iteration 12, time 0.046875, run time 2 s
INFO (CarpetX): OutputGH done.
INFO (CarpetX): Simulation time: 0.046875   Iterations per second: 31.4492   Simulation time per second: 0.122849
INFO (CarpetX): Grid cells: 4096   Grid cell updates per second: 128816
INFO (CarpetX): Performance:
INFO (CarpetX):   total evolution time:            0.381619 sec
INFO (CarpetX):   total evolution compute time:    0.381257 sec
INFO (CarpetX):   total evolution output time:     0.000362396 sec
INFO (CarpetX):   total iterations:                12
INFO (CarpetX):   total cells updated:             49152
INFO (CarpetX):   average iterations per second: 31.4449
INFO (CarpetX):   average cell updates per second: 128798
INFO (CarpetX): OutputGH: iteration 13, time 0.050781, run time 2 s
INFO (CarpetX): OutputGH done.
INFO (CarpetX): Simulation time: 0.0507812   Iterations per second: 31.4846   Simulation time per second: 0.122987
INFO (CarpetX): Grid cells: 4096   Grid cell updates per second: 128961
INFO (CarpetX): Performance:
INFO (CarpetX):   total evolution time:            0.413059 sec
INFO (CarpetX):   total evolution compute time:    0.412675 sec
INFO (CarpetX):   total evolution output time:     0.000384569 sec
INFO (CarpetX):   total iterations:                13
INFO (CarpetX):   total cells updated:             53248
INFO (CarpetX):   average iterations per second: 31.4725
INFO (CarpetX):   average cell updates per second: 128911
INFO (CarpetX): OutputGH: iteration 14, time 0.054688, run time 2 s
INFO (CarpetX): OutputGH done.
INFO (CarpetX): Simulation time: 0.0546875   Iterations per second: 31.5383   Simulation time per second: 0.123196
INFO (CarpetX): Grid cells: 4096   Grid cell updates per second: 129181
INFO (CarpetX): Performance:
INFO (CarpetX):   total evolution time:            0.444281 sec
INFO (CarpetX):   total evolution compute time:    0.44387 sec
INFO (CarpetX):   total evolution output time:     0.000410557 sec
INFO (CarpetX):   total iterations:                14
INFO (CarpetX):   total cells updated:             57344
INFO (CarpetX):   average iterations per second: 31.5116
INFO (CarpetX):   average cell updates per second: 129072
INFO (CarpetX): OutputGH: iteration 15, time 0.058594, run time 2 s
INFO (CarpetX): OutputGH done.
INFO (CarpetX): Simulation time: 0.0585938   Iterations per second: 31.5703   Simulation time per second: 0.123321
INFO (CarpetX): Grid cells: 4096   Grid cell updates per second: 129312
INFO (CarpetX): Performance:
INFO (CarpetX):   total evolution time:            0.475667 sec
INFO (CarpetX):   total evolution compute time:    0.475227 sec
INFO (CarpetX):   total evolution output time:     0.000439405 sec
INFO (CarpetX):   total iterations:                15
INFO (CarpetX):   total cells updated:             61440
INFO (CarpetX):   average iterations per second: 31.5347
INFO (CarpetX):   average cell updates per second: 129166
INFO (CarpetX): OutputGH: iteration 16, time 0.062500, run time 2 s
INFO (CarpetX): OutputGH done.
INFO (CarpetX): Simulation time: 0.0625   Iterations per second: 31.6102   Simulation time per second: 0.123478
INFO (CarpetX): Grid cells: 4096   Grid cell updates per second: 129476
INFO (CarpetX): Performance:
INFO (CarpetX):   total evolution time:            0.506942 sec
INFO (CarpetX):   total evolution compute time:    0.50648 sec
INFO (CarpetX):   total evolution output time:     0.000461578 sec
INFO (CarpetX):   total iterations:                16
INFO (CarpetX):   total cells updated:             65536
INFO (CarpetX):   average iterations per second: 31.5618
INFO (CarpetX):   average cell updates per second: 129277
INFO (CarpetX): OutputGH: iteration 17, time 0.066406, run time 2 s
INFO (CarpetX): OutputGH done.
INFO (CarpetX): Simulation time: 0.0664062   Iterations per second: 31.6432   Simulation time per second: 0.123606
INFO (CarpetX): Grid cells: 4096   Grid cell updates per second: 129610
INFO (CarpetX): Performance:
INFO (CarpetX):   total evolution time:            0.538248 sec
INFO (CarpetX):   total evolution compute time:    0.537757 sec
INFO (CarpetX):   total evolution output time:     0.000490427 sec
INFO (CarpetX):   total iterations:                17
INFO (CarpetX):   total cells updated:             69632
INFO (CarpetX):   average iterations per second: 31.584
INFO (CarpetX):   average cell updates per second: 129368
INFO (CarpetX): OutputGH: iteration 18, time 0.070312, run time 2 s
INFO (CarpetX): OutputGH done.
INFO (CarpetX): Simulation time: 0.0703125   Iterations per second: 31.6696   Simulation time per second: 0.123709
INFO (CarpetX): Grid cells: 4096   Grid cell updates per second: 129719
INFO (CarpetX): Performance:
INFO (CarpetX):   total evolution time:            0.569587 sec
INFO (CarpetX):   total evolution compute time:    0.569071 sec
INFO (CarpetX):   total evolution output time:     0.000515461 sec
INFO (CarpetX):   total iterations:                18
INFO (CarpetX):   total cells updated:             73728
INFO (CarpetX):   average iterations per second: 31.6019
INFO (CarpetX):   average cell updates per second: 129441
INFO (CarpetX): OutputGH: iteration 19, time 0.074219, run time 2 s
INFO (CarpetX): OutputGH done.
INFO (CarpetX): Simulation time: 0.0742188   Iterations per second: 31.6757   Simulation time per second: 0.123733
INFO (CarpetX): Grid cells: 4096   Grid cell updates per second: 129744
INFO (CarpetX): Performance:
INFO (CarpetX):   total evolution time:            0.601101 sec
INFO (CarpetX):   total evolution compute time:    0.600564 sec
INFO (CarpetX):   total evolution output time:     0.000537634 sec
INFO (CarpetX):   total iterations:                19
INFO (CarpetX):   total cells updated:             77824
INFO (CarpetX):   average iterations per second: 31.6086
INFO (CarpetX):   average cell updates per second: 129469
INFO (CarpetX): OutputGH: iteration 20, time 0.078125, run time 2 s
INFO (CarpetX): OutputGH done.
INFO (CarpetX): Simulation time: 0.078125   Iterations per second: 31.6782   Simulation time per second: 0.123743
INFO (CarpetX): Grid cells: 4096   Grid cell updates per second: 129754
INFO (CarpetX): Performance:
INFO (CarpetX):   total evolution time:            0.632646 sec
INFO (CarpetX):   total evolution compute time:    0.632066 sec
INFO (CarpetX):   total evolution output time:     0.000580788 sec
INFO (CarpetX):   total iterations:                20
INFO (CarpetX):   total cells updated:             81920
INFO (CarpetX):   average iterations per second: 31.6132
INFO (CarpetX):   average cell updates per second: 129488
INFO (CarpetX): OutputGH: iteration 21, time 0.082031, run time 2 s
INFO (CarpetX): OutputGH done.
INFO (CarpetX): Simulation time: 0.0820312   Iterations per second: 31.6897   Simulation time per second: 0.123788
INFO (CarpetX): Grid cells: 4096   Grid cell updates per second: 129801
INFO (CarpetX): Performance:
INFO (CarpetX):   total evolution time:            0.664099 sec
INFO (CarpetX):   total evolution compute time:    0.663491 sec
INFO (CarpetX):   total evolution output time:     0.000608683 sec
INFO (CarpetX):   total iterations:                21
INFO (CarpetX):   total cells updated:             86016
INFO (CarpetX):   average iterations per second: 31.6218
INFO (CarpetX):   average cell updates per second: 129523
INFO (CarpetX): OutputGH: iteration 22, time 0.085938, run time 2 s
INFO (CarpetX): OutputGH done.
INFO (CarpetX): Simulation time: 0.0859375   Iterations per second: 31.7045   Simulation time per second: 0.123846
INFO (CarpetX): Grid cells: 4096   Grid cell updates per second: 129861
INFO (CarpetX): Performance:
INFO (CarpetX):   total evolution time:            0.695508 sec
INFO (CarpetX):   total evolution compute time:    0.694854 sec
INFO (CarpetX):   total evolution output time:     0.000654697 sec
INFO (CarpetX):   total iterations:                22
INFO (CarpetX):   total cells updated:             90112
INFO (CarpetX):   average iterations per second: 31.6315
INFO (CarpetX):   average cell updates per second: 129563
INFO (CarpetX): OutputGH: iteration 23, time 0.089844, run time 2 s
INFO (CarpetX): OutputGH done.
INFO (CarpetX): Simulation time: 0.0898438   Iterations per second: 31.6951   Simulation time per second: 0.123809
INFO (CarpetX): Grid cells: 4096   Grid cell updates per second: 129823
INFO (CarpetX): Performance:
INFO (CarpetX):   total evolution time:            0.727143 sec
INFO (CarpetX):   total evolution compute time:    0.726464 sec
INFO (CarpetX):   total evolution output time:     0.000678539 sec
INFO (CarpetX):   total iterations:                23
INFO (CarpetX):   total cells updated:             94208
INFO (CarpetX):   average iterations per second: 31.6307
INFO (CarpetX):   average cell updates per second: 129559
INFO (CarpetX): OutputGH: iteration 24, time 0.093750, run time 2 s
INFO (CarpetX): OutputGH done.
INFO (CarpetX): Simulation time: 0.09375   Iterations per second: 31.712   Simulation time per second: 0.123875
INFO (CarpetX): Grid cells: 4096   Grid cell updates per second: 129892
INFO (CarpetX): Performance:
INFO (CarpetX):   total evolution time:            0.758526 sec
INFO (CarpetX):   total evolution compute time:    0.757824 sec
INFO (CarpetX):   total evolution output time:     0.000701427 sec
INFO (CarpetX):   total iterations:                24
INFO (CarpetX):   total cells updated:             98304
INFO (CarpetX):   average iterations per second: 31.6403
INFO (CarpetX):   average cell updates per second: 129599
INFO (CarpetX): OutputGH: iteration 25, time 0.097656, run time 2 s
INFO (CarpetX): OutputGH done.
INFO (CarpetX): Simulation time: 0.0976562   Iterations per second: 31.7207   Simulation time per second: 0.123909
INFO (CarpetX): Grid cells: 4096   Grid cell updates per second: 129928
INFO (CarpetX): Performance:
INFO (CarpetX):   total evolution time:            0.789973 sec
INFO (CarpetX):   total evolution compute time:    0.789243 sec
INFO (CarpetX):   total evolution output time:     0.000729322 sec
INFO (CarpetX):   total iterations:                25
INFO (CarpetX):   total cells updated:             102400
INFO (CarpetX):   average iterations per second: 31.6467
INFO (CarpetX):   average cell updates per second: 129625
INFO (CarpetX): OutputGH: iteration 26, time 0.101562, run time 2 s
INFO (CarpetX): OutputGH done.
INFO (CarpetX): Simulation time: 0.101562   Iterations per second: 31.71   Simulation time per second: 0.123867
INFO (CarpetX): Grid cells: 4096   Grid cell updates per second: 129884
INFO (CarpetX): Performance:
INFO (CarpetX):   total evolution time:            0.821604 sec
INFO (CarpetX):   total evolution compute time:    0.820851 sec
INFO (CarpetX):   total evolution output time:     0.000753403 sec
INFO (CarpetX):   total iterations:                26
INFO (CarpetX):   total cells updated:             106496
INFO (CarpetX):   average iterations per second: 31.6454
INFO (CarpetX):   average cell updates per second: 129620
INFO (CarpetX): OutputGH: iteration 27, time 0.105469, run time 2 s
INFO (CarpetX): OutputGH done.
INFO (CarpetX): Simulation time: 0.105469   Iterations per second: 31.7203   Simulation time per second: 0.123907
INFO (CarpetX): Grid cells: 4096   Grid cell updates per second: 129926
INFO (CarpetX): Performance:
INFO (CarpetX):   total evolution time:            0.853038 sec
INFO (CarpetX):   total evolution compute time:    0.852257 sec
INFO (CarpetX):   total evolution output time:     0.000780344 sec
INFO (CarpetX):   total iterations:                27
INFO (CarpetX):   total cells updated:             110592
INFO (CarpetX):   average iterations per second: 31.6516
INFO (CarpetX):   average cell updates per second: 129645
INFO (CarpetX): OutputGH: iteration 28, time 0.109375, run time 2 s
INFO (CarpetX): OutputGH done.
INFO (CarpetX): Simulation time: 0.109375   Iterations per second: 31.4568   Simulation time per second: 0.122878
INFO (CarpetX): Grid cells: 4096   Grid cell updates per second: 128847
INFO (CarpetX): Performance:
INFO (CarpetX):   total evolution time:            0.887204 sec
INFO (CarpetX):   total evolution compute time:    0.886392 sec
INFO (CarpetX):   total evolution output time:     0.000811338 sec
INFO (CarpetX):   total iterations:                28
INFO (CarpetX):   total cells updated:             114688
INFO (CarpetX):   average iterations per second: 31.5598
INFO (CarpetX):   average cell updates per second: 129269
INFO (CarpetX): OutputGH: iteration 29, time 0.113281, run time 2 s
INFO (CarpetX): OutputGH done.
INFO (CarpetX): Simulation time: 0.113281   Iterations per second: 31.5057   Simulation time per second: 0.123069
INFO (CarpetX): Grid cells: 4096   Grid cell updates per second: 129048
INFO (CarpetX): Performance:
INFO (CarpetX):   total evolution time:            0.9185 sec
INFO (CarpetX):   total evolution compute time:    0.917667 sec
INFO (CarpetX):   total evolution output time:     0.000832319 sec
INFO (CarpetX):   total iterations:                29
INFO (CarpetX):   total cells updated:             118784
INFO (CarpetX):   average iterations per second: 31.5732
INFO (CarpetX):   average cell updates per second: 129324
INFO (CarpetX): OutputGH: iteration 30, time 0.117188, run time 2 s
INFO (CarpetX): OutputGH done.
INFO (CarpetX): Simulation time: 0.117188   Iterations per second: 31.5552   Simulation time per second: 0.123262
INFO (CarpetX): Grid cells: 4096   Grid cell updates per second: 129250
INFO (CarpetX): Performance:
INFO (CarpetX):   total evolution time:            0.949743 sec
INFO (CarpetX):   total evolution compute time:    0.948884 sec
INFO (CarpetX):   total evolution output time:     0.000859261 sec
INFO (CarpetX):   total iterations:                30
INFO (CarpetX):   total cells updated:             122880
INFO (CarpetX):   average iterations per second: 31.5875
INFO (CarpetX):   average cell updates per second: 129382
INFO (CarpetX): OutputGH: iteration 31, time 0.121094, run time 2 s
INFO (CarpetX): OutputGH done.
INFO (CarpetX): Simulation time: 0.121094   Iterations per second: 31.5587   Simulation time per second: 0.123276
INFO (CarpetX): Grid cells: 4096   Grid cell updates per second: 129265
INFO (CarpetX): Performance:
INFO (CarpetX):   total evolution time:            0.981398 sec
INFO (CarpetX):   total evolution compute time:    0.980515 sec
INFO (CarpetX):   total evolution output time:     0.000882387 sec
INFO (CarpetX):   total iterations:                31
INFO (CarpetX):   total cells updated:             126976
INFO (CarpetX):   average iterations per second: 31.5876
INFO (CarpetX):   average cell updates per second: 129383
INFO (CarpetX): OutputGH: iteration 32, time 0.125000, run time 2 s
INFO (CarpetX): OutputGH done.
INFO (CarpetX): Simulation time: 0.125   Iterations per second: 31.5301   Simulation time per second: 0.123164
INFO (CarpetX): Grid cells: 4096   Grid cell updates per second: 129147
INFO (CarpetX): Performance:
INFO (CarpetX):   total evolution time:            1.01337 sec
INFO (CarpetX):   total evolution compute time:    1.01247 sec
INFO (CarpetX):   total evolution output time:     0.000907421 sec
INFO (CarpetX):   total iterations:                32
INFO (CarpetX):   total cells updated:             131072
INFO (CarpetX):   average iterations per second: 31.5777
INFO (CarpetX):   average cell updates per second: 129342
INFO (CarpetX): OutputGH: iteration 33, time 0.128906, run time 2 s
INFO (CarpetX): OutputGH done.
INFO (CarpetX): Simulation time: 0.128906   Iterations per second: 31.5601   Simulation time per second: 0.123282
INFO (CarpetX): Grid cells: 4096   Grid cell updates per second: 129270
INFO (CarpetX): Performance:
INFO (CarpetX):   total evolution time:            1.04479 sec
INFO (CarpetX):   total evolution compute time:    1.04384 sec
INFO (CarpetX):   total evolution output time:     0.000948429 sec
INFO (CarpetX):   total iterations:                33
INFO (CarpetX):   total cells updated:             135168
INFO (CarpetX):   average iterations per second: 31.5854
INFO (CarpetX):   average cell updates per second: 129374
INFO (CarpetX): OutputGH: iteration 34, time 0.132812, run time 2 s
INFO (CarpetX): OutputGH done.
INFO (CarpetX): Simulation time: 0.132812   Iterations per second: 31.5779   Simulation time per second: 0.123351
INFO (CarpetX): Grid cells: 4096   Grid cell updates per second: 129343
INFO (CarpetX): Performance:
INFO (CarpetX):   total evolution time:            1.07629 sec
INFO (CarpetX):   total evolution compute time:    1.07531 sec
INFO (CarpetX):   total evolution output time:     0.000982523 sec
INFO (CarpetX):   total iterations:                34
INFO (CarpetX):   total cells updated:             139264
INFO (CarpetX):   average iterations per second: 31.5899
INFO (CarpetX):   average cell updates per second: 129392
INFO (CarpetX): OutputGH: iteration 35, time 0.136719, run time 2 s
INFO (CarpetX): OutputGH done.
INFO (CarpetX): Simulation time: 0.136719   Iterations per second: 31.5757   Simulation time per second: 0.123342
INFO (CarpetX): Grid cells: 4096   Grid cell updates per second: 129334
INFO (CarpetX): Performance:
INFO (CarpetX):   total evolution time:            1.10798 sec
INFO (CarpetX):   total evolution compute time:    1.10697 sec
INFO (CarpetX):   total evolution output time:     0.00101161 sec
INFO (CarpetX):   total iterations:                35
INFO (CarpetX):   total cells updated:             143360
INFO (CarpetX):   average iterations per second: 31.5889
INFO (CarpetX):   average cell updates per second: 129388
INFO (CarpetX): OutputGH: iteration 36, time 0.140625, run time 2 s
INFO (CarpetX): OutputGH done.
INFO (CarpetX): Simulation time: 0.140625   Iterations per second: 31.5681   Simulation time per second: 0.123313
INFO (CarpetX): Grid cells: 4096   Grid cell updates per second: 129303
INFO (CarpetX): Performance:
INFO (CarpetX):   total evolution time:            1.13973 sec
INFO (CarpetX):   total evolution compute time:    1.13868 sec
INFO (CarpetX):   total evolution output time:     0.00104666 sec
INFO (CarpetX):   total iterations:                36
INFO (CarpetX):   total cells updated:             147456
INFO (CarpetX):   average iterations per second: 31.5864
INFO (CarpetX):   average cell updates per second: 129378
INFO (CarpetX): OutputGH: iteration 37, time 0.144531, run time 2 s
INFO (CarpetX): OutputGH done.
INFO (CarpetX): Simulation time: 0.144531   Iterations per second: 31.5636   Simulation time per second: 0.123295
INFO (CarpetX): Grid cells: 4096   Grid cell updates per second: 129285
INFO (CarpetX): Performance:
INFO (CarpetX):   total evolution time:            1.17145 sec
INFO (CarpetX):   total evolution compute time:    1.17037 sec
INFO (CarpetX):   total evolution output time:     0.00107765 sec
INFO (CarpetX):   total iterations:                37
INFO (CarpetX):   total cells updated:             151552
INFO (CarpetX):   average iterations per second: 31.5847
INFO (CarpetX):   average cell updates per second: 129371
INFO (CarpetX): OutputGH: iteration 38, time 0.148438, run time 2 s
INFO (CarpetX): OutputGH done.
INFO (CarpetX): Simulation time: 0.148438   Iterations per second: 31.582   Simulation time per second: 0.123367
INFO (CarpetX): Grid cells: 4096   Grid cell updates per second: 129360
INFO (CarpetX): Performance:
INFO (CarpetX):   total evolution time:            1.20295 sec
INFO (CarpetX):   total evolution compute time:    1.20184 sec
INFO (CarpetX):   total evolution output time:     0.00110865 sec
INFO (CarpetX):   total iterations:                38
INFO (CarpetX):   total cells updated:             155648
INFO (CarpetX):   average iterations per second: 31.589
INFO (CarpetX):   average cell updates per second: 129389
INFO (CarpetX): OutputGH: iteration 39, time 0.152344, run time 2 s
INFO (CarpetX): OutputGH done.
INFO (CarpetX): Simulation time: 0.152344   Iterations per second: 31.6069   Simulation time per second: 0.123464
INFO (CarpetX): Grid cells: 4096   Grid cell updates per second: 129462
INFO (CarpetX): Performance:
INFO (CarpetX):   total evolution time:            1.23436 sec
INFO (CarpetX):   total evolution compute time:    1.23321 sec
INFO (CarpetX):   total evolution output time:     0.00115466 sec
INFO (CarpetX):   total iterations:                39
INFO (CarpetX):   total cells updated:             159744
INFO (CarpetX):   average iterations per second: 31.5952
INFO (CarpetX):   average cell updates per second: 129414
INFO (CarpetX): OutputGH: iteration 40, time 0.156250, run time 2 s
INFO (CarpetX): OutputGH done.
INFO (CarpetX): Simulation time: 0.15625   Iterations per second: 31.644   Simulation time per second: 0.123609
INFO (CarpetX): Grid cells: 4096   Grid cell updates per second: 129614
INFO (CarpetX): Performance:
INFO (CarpetX):   total evolution time:            1.26563 sec
INFO (CarpetX):   total evolution compute time:    1.26445 sec
INFO (CarpetX):   total evolution output time:     0.0011785 sec
INFO (CarpetX):   total iterations:                40
INFO (CarpetX):   total cells updated:             163840
INFO (CarpetX):   average iterations per second: 31.6048
INFO (CarpetX):   average cell updates per second: 129453
INFO (CarpetX): OutputGH: iteration 41, time 0.160156, run time 2 s
INFO (CarpetX): OutputGH done.
INFO (CarpetX): Simulation time: 0.160156   Iterations per second: 31.6418   Simulation time per second: 0.123601
INFO (CarpetX): Grid cells: 4096   Grid cell updates per second: 129605
INFO (CarpetX): Performance:
INFO (CarpetX):   total evolution time:            1.29726 sec
INFO (CarpetX):   total evolution compute time:    1.29605 sec
INFO (CarpetX):   total evolution output time:     0.00120735 sec
INFO (CarpetX):   total iterations:                41
INFO (CarpetX):   total cells updated:             167936
INFO (CarpetX):   average iterations per second: 31.6052
INFO (CarpetX):   average cell updates per second: 129455
INFO (CarpetX): OutputGH: iteration 42, time 0.164062, run time 2 s
INFO (CarpetX): OutputGH done.
INFO (CarpetX): Simulation time: 0.164062   Iterations per second: 31.648   Simulation time per second: 0.123625
INFO (CarpetX): Grid cells: 4096   Grid cell updates per second: 129630
INFO (CarpetX): Performance:
INFO (CarpetX):   total evolution time:            1.3288 sec
INFO (CarpetX):   total evolution compute time:    1.32755 sec
INFO (CarpetX):   total evolution output time:     0.00124335 sec
INFO (CarpetX):   total iterations:                42
INFO (CarpetX):   total cells updated:             172032
INFO (CarpetX):   average iterations per second: 31.6075
INFO (CarpetX):   average cell updates per second: 129464
INFO (CarpetX): OutputGH: iteration 43, time 0.167969, run time 3 s
INFO (CarpetX): OutputGH done.
INFO (CarpetX): Simulation time: 0.167969   Iterations per second: 31.6398   Simulation time per second: 0.123593
INFO (CarpetX): Grid cells: 4096   Grid cell updates per second: 129597
INFO (CarpetX): Performance:
INFO (CarpetX):   total evolution time:            1.36048 sec
INFO (CarpetX):   total evolution compute time:    1.3592 sec
INFO (CarpetX):   total evolution output time:     0.0012722 sec
INFO (CarpetX):   total iterations:                43
INFO (CarpetX):   total cells updated:             176128
INFO (CarpetX):   average iterations per second: 31.6066
INFO (CarpetX):   average cell updates per second: 129461
INFO (CarpetX): OutputGH: iteration 44, time 0.171875, run time 3 s
INFO (CarpetX): OutputGH done.
INFO (CarpetX): Simulation time: 0.171875   Iterations per second: 31.6226   Simulation time per second: 0.123526
INFO (CarpetX): Grid cells: 4096   Grid cell updates per second: 129526
INFO (CarpetX): Performance:
INFO (CarpetX):   total evolution time:            1.39225 sec
INFO (CarpetX):   total evolution compute time:    1.39095 sec
INFO (CarpetX):   total evolution output time:     0.0013063 sec
INFO (CarpetX):   total iterations:                44
INFO (CarpetX):   total cells updated:             180224
INFO (CarpetX):   average iterations per second: 31.6034
INFO (CarpetX):   average cell updates per second: 129448
INFO (CarpetX): OutputGH: iteration 45, time 0.175781, run time 3 s
INFO (CarpetX): OutputGH done.
INFO (CarpetX): Simulation time: 0.175781   Iterations per second: 31.6147   Simulation time per second: 0.123495
INFO (CarpetX): Grid cells: 4096   Grid cell updates per second: 129494
INFO (CarpetX): Performance:
INFO (CarpetX):   total evolution time:            1.42396 sec
INFO (CarpetX):   total evolution compute time:    1.4226 sec
INFO (CarpetX):   total evolution output time:     0.00135541 sec
INFO (CarpetX):   total iterations:                45
INFO (CarpetX):   total cells updated:             184320
INFO (CarpetX):   average iterations per second: 31.6021
INFO (CarpetX):   average cell updates per second: 129442
INFO (CarpetX): OutputGH: iteration 46, time 0.179688, run time 3 s
INFO (CarpetX): OutputGH done.
INFO (CarpetX): Simulation time: 0.179688   Iterations per second: 31.6123   Simulation time per second: 0.123486
INFO (CarpetX): Grid cells: 4096   Grid cell updates per second: 129484
INFO (CarpetX): Performance:
INFO (CarpetX):   total evolution time:            1.45561 sec
INFO (CarpetX):   total evolution compute time:    1.45422 sec
INFO (CarpetX):   total evolution output time:     0.0013864 sec
INFO (CarpetX):   total iterations:                46
INFO (CarpetX):   total cells updated:             188416
INFO (CarpetX):   average iterations per second: 31.6018
INFO (CarpetX):   average cell updates per second: 129441
INFO (CarpetX): OutputGH: iteration 47, time 0.183594, run time 3 s
INFO (CarpetX): OutputGH done.
INFO (CarpetX): Simulation time: 0.183594   Iterations per second: 31.6084   Simulation time per second: 0.12347
INFO (CarpetX): Grid cells: 4096   Grid cell updates per second: 129468
INFO (CarpetX): Performance:
INFO (CarpetX):   total evolution time:            1.48728 sec
INFO (CarpetX):   total evolution compute time:    1.48586 sec
INFO (CarpetX):   total evolution output time:     0.0014205 sec
INFO (CarpetX):   total iterations:                47
INFO (CarpetX):   total cells updated:             192512
INFO (CarpetX):   average iterations per second: 31.6012
INFO (CarpetX):   average cell updates per second: 129439
INFO (CarpetX): OutputGH: iteration 48, time 0.187500, run time 3 s
INFO (CarpetX): OutputGH done.
INFO (CarpetX): Simulation time: 0.1875   Iterations per second: 31.6177   Simulation time per second: 0.123507
INFO (CarpetX): Grid cells: 4096   Grid cell updates per second: 129506
INFO (CarpetX): Performance:
INFO (CarpetX):   total evolution time:            1.51883 sec
INFO (CarpetX):   total evolution compute time:    1.51738 sec
INFO (CarpetX):   total evolution output time:     0.00144839 sec
INFO (CarpetX):   total iterations:                48
INFO (CarpetX):   total cells updated:             196608
INFO (CarpetX):   average iterations per second: 31.6033
INFO (CarpetX):   average cell updates per second: 129447
INFO (CarpetX): OutputGH: iteration 49, time 0.191406, run time 3 s
INFO (CarpetX): OutputGH done.
INFO (CarpetX): Simulation time: 0.191406   Iterations per second: 31.6215   Simulation time per second: 0.123522
INFO (CarpetX): Grid cells: 4096   Grid cell updates per second: 129522
INFO (CarpetX): Performance:
INFO (CarpetX):   total evolution time:            1.55042 sec
INFO (CarpetX):   total evolution compute time:    1.54894 sec
INFO (CarpetX):   total evolution output time:     0.00147653 sec
INFO (CarpetX):   total iterations:                49
INFO (CarpetX):   total cells updated:             200704
INFO (CarpetX):   average iterations per second: 31.6044
INFO (CarpetX):   average cell updates per second: 129452
INFO (CarpetX): OutputGH: iteration 50, time 0.195312, run time 3 s
INFO (CarpetX): OutputGH done.
INFO (CarpetX): Simulation time: 0.195312   Iterations per second: 31.6358   Simulation time per second: 0.123577
INFO (CarpetX): Grid cells: 4096   Grid cell updates per second: 129580
INFO (CarpetX): Performance:
INFO (CarpetX):   total evolution time:            1.5819 sec
INFO (CarpetX):   total evolution compute time:    1.58039 sec
INFO (CarpetX):   total evolution output time:     0.00150657 sec
INFO (CarpetX):   total iterations:                50
INFO (CarpetX):   total cells updated:             204800
INFO (CarpetX):   average iterations per second: 31.6076
INFO (CarpetX):   average cell updates per second: 129465
INFO (CarpetX): OutputGH: iteration 51, time 0.199219, run time 3 s
INFO (CarpetX): OutputGH done.
INFO (CarpetX): Simulation time: 0.199219   Iterations per second: 31.6445   Simulation time per second: 0.123611
INFO (CarpetX): Grid cells: 4096   Grid cell updates per second: 129616
INFO (CarpetX): Performance:
INFO (CarpetX):   total evolution time:            1.61342 sec
INFO (CarpetX):   total evolution compute time:    1.61189 sec
INFO (CarpetX):   total evolution output time:     0.00153255 sec
INFO (CarpetX):   total iterations:                51
INFO (CarpetX):   total cells updated:             208896
INFO (CarpetX):   average iterations per second: 31.6099
INFO (CarpetX):   average cell updates per second: 129474
INFO (CarpetX): OutputGH: iteration 52, time 0.203125, run time 3 s
INFO (CarpetX): OutputGH done.
INFO (CarpetX): Simulation time: 0.203125   Iterations per second: 31.6298   Simulation time per second: 0.123554
INFO (CarpetX): Grid cells: 4096   Grid cell updates per second: 129556
INFO (CarpetX): Performance:
INFO (CarpetX):   total evolution time:            1.64517 sec
INFO (CarpetX):   total evolution compute time:    1.6436 sec
INFO (CarpetX):   total evolution output time:     0.00156856 sec
INFO (CarpetX):   total iterations:                52
INFO (CarpetX):   total cells updated:             212992
INFO (CarpetX):   average iterations per second: 31.6077
INFO (CarpetX):   average cell updates per second: 129465
INFO (CarpetX): OutputGH: iteration 53, time 0.207031, run time 3 s
INFO (CarpetX): OutputGH done.
INFO (CarpetX): Simulation time: 0.207031   Iterations per second: 31.6326   Simulation time per second: 0.123565
INFO (CarpetX): Grid cells: 4096   Grid cell updates per second: 129567
INFO (CarpetX): Performance:
INFO (CarpetX):   total evolution time:            1.67676 sec
INFO (CarpetX):   total evolution compute time:    1.67516 sec
INFO (CarpetX):   total evolution output time:     0.00159764 sec
INFO (CarpetX):   total iterations:                53
INFO (CarpetX):   total cells updated:             217088
INFO (CarpetX):   average iterations per second: 31.6086
INFO (CarpetX):   average cell updates per second: 129469
INFO (CarpetX): OutputGH: iteration 54, time 0.210938, run time 3 s
INFO (CarpetX): OutputGH done.
INFO (CarpetX): Simulation time: 0.210938   Iterations per second: 31.6108   Simulation time per second: 0.12348
INFO (CarpetX): Grid cells: 4096   Grid cell updates per second: 129478
INFO (CarpetX): Performance:
INFO (CarpetX):   total evolution time:            1.70859 sec
INFO (CarpetX):   total evolution compute time:    1.70696 sec
INFO (CarpetX):   total evolution output time:     0.0016315 sec
INFO (CarpetX):   total iterations:                54
INFO (CarpetX):   total cells updated:             221184
INFO (CarpetX):   average iterations per second: 31.605
INFO (CarpetX):   average cell updates per second: 129454
INFO (CarpetX): OutputGH: iteration 55, time 0.214844, run time 3 s
INFO (CarpetX): OutputGH done.
INFO (CarpetX): Simulation time: 0.214844   Iterations per second: 31.6138   Simulation time per second: 0.123492
INFO (CarpetX): Grid cells: 4096   Grid cell updates per second: 129490
INFO (CarpetX): Performance:
INFO (CarpetX):   total evolution time:            1.74019 sec
INFO (CarpetX):   total evolution compute time:    1.73853 sec
INFO (CarpetX):   total evolution output time:     0.00166249 sec
INFO (CarpetX):   total iterations:                55
INFO (CarpetX):   total cells updated:             225280
INFO (CarpetX):   average iterations per second: 31.6057
INFO (CarpetX):   average cell updates per second: 129457
INFO (CarpetX): OutputGH: iteration 56, time 0.218750, run time 3 s
INFO (CarpetX): OutputGH done.
INFO (CarpetX): Simulation time: 0.21875   Iterations per second: 31.6119   Simulation time per second: 0.123484
INFO (CarpetX): Grid cells: 4096   Grid cell updates per second: 129482
INFO (CarpetX): Performance:
INFO (CarpetX):   total evolution time:            1.77184 sec
INFO (CarpetX):   total evolution compute time:    1.77015 sec
INFO (CarpetX):   total evolution output time:     0.00169253 sec
INFO (CarpetX):   total iterations:                56
INFO (CarpetX):   total cells updated:             229376
INFO (CarpetX):   average iterations per second: 31.6055
INFO (CarpetX):   average cell updates per second: 129456
INFO (CarpetX): OutputGH: iteration 57, time 0.222656, run time 3 s
INFO (CarpetX): OutputGH done.
INFO (CarpetX): Simulation time: 0.222656   Iterations per second: 31.6022   Simulation time per second: 0.123446
INFO (CarpetX): Grid cells: 4096   Grid cell updates per second: 129442
INFO (CarpetX): Performance:
INFO (CarpetX):   total evolution time:            1.80357 sec
INFO (CarpetX):   total evolution compute time:    1.80185 sec
INFO (CarpetX):   total evolution output time:     0.00172257 sec
INFO (CarpetX):   total iterations:                57
INFO (CarpetX):   total cells updated:             233472
INFO (CarpetX):   average iterations per second: 31.6039
INFO (CarpetX):   average cell updates per second: 129450
INFO (CarpetX): OutputGH: iteration 58, time 0.226562, run time 3 s
INFO (CarpetX): OutputGH done.
INFO (CarpetX): Simulation time: 0.226562   Iterations per second: 31.5821   Simulation time per second: 0.123367
INFO (CarpetX): Grid cells: 4096   Grid cell updates per second: 129360
INFO (CarpetX): Performance:
INFO (CarpetX):   total evolution time:            1.83542 sec
INFO (CarpetX):   total evolution compute time:    1.83366 sec
INFO (CarpetX):   total evolution output time:     0.00175762 sec
INFO (CarpetX):   total iterations:                58
INFO (CarpetX):   total cells updated:             237568
INFO (CarpetX):   average iterations per second: 31.6004
INFO (CarpetX):   average cell updates per second: 129435
INFO (CarpetX): OutputGH: iteration 59, time 0.230469, run time 3 s
INFO (CarpetX): OutputGH done.
INFO (CarpetX): Simulation time: 0.230469   Iterations per second: 31.5765   Simulation time per second: 0.123346
INFO (CarpetX): Grid cells: 4096   Grid cell updates per second: 129337
INFO (CarpetX): Performance:
INFO (CarpetX):   total evolution time:            1.86714 sec
INFO (CarpetX):   total evolution compute time:    1.86535 sec
INFO (CarpetX):   total evolution output time:     0.00179148 sec
INFO (CarpetX):   total iterations:                59
INFO (CarpetX):   total cells updated:             241664
INFO (CarpetX):   average iterations per second: 31.5992
INFO (CarpetX):   average cell updates per second: 129430
INFO (CarpetX): OutputGH: iteration 60, time 0.234375, run time 3 s
INFO (CarpetX): OutputGH done.
INFO (CarpetX): Simulation time: 0.234375   Iterations per second: 31.5801   Simulation time per second: 0.12336
INFO (CarpetX): Grid cells: 4096   Grid cell updates per second: 129352
INFO (CarpetX): Performance:
INFO (CarpetX):   total evolution time:            1.89877 sec
INFO (CarpetX):   total evolution compute time:    1.89695 sec
INFO (CarpetX):   total evolution output time:     0.00182152 sec
INFO (CarpetX):   total iterations:                60
INFO (CarpetX):   total cells updated:             245760
INFO (CarpetX):   average iterations per second: 31.5994
INFO (CarpetX):   average cell updates per second: 129431
INFO (CarpetX): OutputGH: iteration 61, time 0.238281, run time 3 s
INFO (CarpetX): OutputGH done.
INFO (CarpetX): Simulation time: 0.238281   Iterations per second: 31.5885   Simulation time per second: 0.123393
INFO (CarpetX): Grid cells: 4096   Grid cell updates per second: 129386
INFO (CarpetX): Performance:
INFO (CarpetX):   total evolution time:            1.93035 sec
INFO (CarpetX):   total evolution compute time:    1.9285 sec
INFO (CarpetX):   total evolution output time:     0.00185537 sec
INFO (CarpetX):   total iterations:                61
INFO (CarpetX):   total cells updated:             249856
INFO (CarpetX):   average iterations per second: 31.6004
INFO (CarpetX):   average cell updates per second: 129435
INFO (CarpetX): OutputGH: iteration 62, time 0.242188, run time 3 s
INFO (CarpetX): OutputGH done.
INFO (CarpetX): Simulation time: 0.242188   Iterations per second: 31.5886   Simulation time per second: 0.123393
INFO (CarpetX): Grid cells: 4096   Grid cell updates per second: 129387
INFO (CarpetX): Performance:
INFO (CarpetX):   total evolution time:            1.96201 sec
INFO (CarpetX):   total evolution compute time:    1.96012 sec
INFO (CarpetX):   total evolution output time:     0.00189018 sec
INFO (CarpetX):   total iterations:                62
INFO (CarpetX):   total cells updated:             253952
INFO (CarpetX):   average iterations per second: 31.6003
INFO (CarpetX):   average cell updates per second: 129435
INFO (CarpetX): OutputGH: iteration 63, time 0.246094, run time 3 s
INFO (CarpetX): OutputGH done.
INFO (CarpetX): Simulation time: 0.246094   Iterations per second: 31.5935   Simulation time per second: 0.123412
INFO (CarpetX): Grid cells: 4096   Grid cell updates per second: 129407
INFO (CarpetX): Performance:
INFO (CarpetX):   total evolution time:            1.99362 sec
INFO (CarpetX):   total evolution compute time:    1.99169 sec
INFO (CarpetX):   total evolution output time:     0.00192404 sec
INFO (CarpetX):   total iterations:                63
INFO (CarpetX):   total cells updated:             258048
INFO (CarpetX):   average iterations per second: 31.6009
INFO (CarpetX):   average cell updates per second: 129437
INFO (CarpetX): OutputGH: iteration 64, time 0.250000, run time 3 s
INFO (CarpetX): OutputGH done.
INFO (CarpetX): Simulation time: 0.25   Iterations per second: 13.1144   Simulation time per second: 0.0512283
INFO (CarpetX): Grid cells: 4096   Grid cell updates per second: 53716.8
INFO (CarpetX): Performance:
INFO (CarpetX):   total evolution time:            2.47127 sec
INFO (CarpetX):   total evolution compute time:    2.02652 sec
INFO (CarpetX):   total evolution output time:     0.444742 sec
INFO (CarpetX):   total iterations:                64
INFO (CarpetX):   total cells updated:             262144
INFO (CarpetX):   average iterations per second: 25.8977
INFO (CarpetX):   average cell updates per second: 106077
INFO (CarpetX): Shutting down...
AMReX (25.11) finalized
--------------------------------------------------------------------------------
Done.
+ echo Stopping:
Stopping:
+ date
Tue Aug 11 06:48:42 UTC 2026
+ echo Done.
Done.
  Elapsed time: 3.8 s
