/home/runner/simulations/TestJob01_temp_2/output-0000/TEST/sim/CanudaX_BSSNMoL
Preparing:
+ set -e
+ cd output-0000-active
+ echo Checking:
Checking:
+ pwd
/home/runner/simulations/TestJob01_temp_2/output-0000/TEST/sim/CanudaX_BSSNMoL/output-0000-active
+ hostname
runnervmlun5p
+ date
Fri Sep 18 17:39:45 UTC 2026
+ echo Environment:
Environment:
+ export CACTUS_NUM_PROCS=2
+ CACTUS_NUM_PROCS=2
+ export CACTUS_NUM_THREADS=1
+ CACTUS_NUM_THREADS=1
+ export GMON_OUT_PREFIX=gmon.out
+ GMON_OUT_PREFIX=gmon.out
+ export OMP_NUM_THREADS=1
+ OMP_NUM_THREADS=1
+ env
+ sort
+ echo Starting:
Starting:
++ date +%s
+ export CACTUS_STARTTIME=1789753185
+ CACTUS_STARTTIME=1789753185
+ '[' 2 = 1 ']'
+ mpirun -np 2 /home/runner/simulations/TestJob01_temp_2/SIMFACTORY/exe/cactus_sim -L 3 /home/runner/simulations/TestJob01_temp_2/output-0000/arrangements/CanudaX/CanudaX_BSSNMoL/test/gaugewave.par
INFO (Cactus): Increased logging level from 0 to 3
--------------------------------------------------------------------------------

       10                                  
  1   0101       ************************  
  01  1010 10      The Cactus Code V4.20.0    
 1010 1101 011      www.cactuscode.org     
  1001 100101    ************************  
    00010101                               
     100011     (c) Copyright The Authors  
      0100      GNU Licensed. No Warranty  
      0101                                 
--------------------------------------------------------------------------------

Cactus version:    4.20.0
Compile date:      Sep 18 2026 (17:17:06)
Run date:          Sep 18 2026 (17:39:46+0000)
Run host:          runnervmlun5p.y4bsw0ouv5iebbr4funvx4sq3a.bx.internal.cloudapp.net (pid=176944)
Working directory: /home/runner/simulations/TestJob01_temp_2/output-0000/TEST/sim/CanudaX_BSSNMoL
Executable:        /home/runner/simulations/TestJob01_temp_2/SIMFACTORY/exe/cactus_sim
Parameter file:    /home/runner/simulations/TestJob01_temp_2/output-0000/arrangements/CanudaX/CanudaX_BSSNMoL/test/gaugewave.par
--------------------------------------------------------------------------------

Activating thorn Cactus...Success -> active implementation Cactus
Activation requested for 
--->ADMBaseX CanudaX_BSSNMoL CanudaX_ExactID CarpetX IOUtil ODESolvers TmunuBaseX<---
Thorn ADMBaseX requests automatic activation of Loop
Thorn CarpetX requests automatic activation of AMReX
Thorn CarpetX requests automatic activation of MPI
Thorn CarpetX requests automatic activation of yaml_cpp
Thorn CarpetX requests automatic activation of zlib
Thorn CarpetX requests automatic activation of Arith
Thorn CarpetX requests automatic activation of CarpetXRegrid
Thorn CarpetX requests automatic activation of ADIOS2
Thorn CarpetX requests automatic activation of openPMD
Thorn CarpetX requests automatic activation of Silo
Thorn ADIOS2 requests automatic activation of CMake
Thorn Arith requests automatic activation of NSIMD
Thorn MPI requests automatic activation of hwloc
Thorn openPMD requests automatic activation of HDF5
Activating thorn ADIOS2...Success -> active implementation ADIOS2
Activating thorn ADMBaseX...Success -> active implementation ADMBaseX
Activating thorn AMReX...Success -> active implementation AMReX
Activating thorn Arith...Success -> active implementation Arith
Activating thorn CanudaX_BSSNMoL...Success -> active implementation CanudaX_BSSNMoL
Activating thorn CanudaX_ExactID...Success -> active implementation CanudaX_ExactID
Activating thorn CarpetX...Success -> active implementation Driver
Activating thorn CarpetXRegrid...Success -> active implementation CarpetXRegrid
Activating thorn CMake...Success -> active implementation CMake
Activating thorn HDF5...Success -> active implementation HDF5
Activating thorn hwloc...Success -> active implementation hwloc
Activating thorn IOUtil...Success -> active implementation IO
Activating thorn Loop...Success -> active implementation Loop
Activating thorn MPI...Success -> active implementation MPI
Activating thorn NSIMD...Success -> active implementation NSIMD
Activating thorn ODESolvers...Success -> active implementation ODESolvers
Activating thorn openPMD...Success -> active implementation openPMD
Activating thorn Silo...Success -> active implementation Silo
Activating thorn TmunuBaseX...Success -> active implementation TmunuBaseX
Activating thorn yaml_cpp...Success -> active implementation yaml_cpp
Activating thorn zlib...Success -> active implementation zlib
--------------------------------------------------------------------------------
  if (recover initial data)
    Recover parameters
  endif

  Startup routines
    [CCTK_STARTUP]
      CarpetX::Driver_Startup: Start up the driver
      IOUtil::IOUtil_Startup: Startup routine
      GROUP hwloc_startup: hwloc startup group
        hwloc::hwloc_version: Output hwloc version

  Startup routines which need an existing grid hierarchy
    [CCTK_WRAGH]
      Arith::Test_cplx: [meta] Test complex numbers
      Arith::Test_smallvector: [meta] Test small vectors
      Arith::Test_spvect: [meta] Test sparse vectors
      ODESolvers::ODESolvers_InitConstants: [global] Set up dummy loop counters for schedule printout
  Parameter checking routines
    [CCTK_PARAMCHECK]
      CanudaX_BSSNMoL::CanudaX_BSSNMoL_paramcheck: Check CanudaX_BSSNMoL parameters for consistency

  Initialisation
    if (NOT (recover initial data AND recovery_mode is 'strict'))
      [CCTK_PREREGRIDINITIAL]
      Set up grid hierarchy
      [CCTK_POSTREGRIDINITIAL]
      [CCTK_BASEGRID]
        CarpetXRegrid::CarpetXRegrid_InitError: Initialize regridding error to zero
        GROUP ODESolvers_BaseGrid: Set up constants (e.g. coordinates) everywhere on the grid
      [CCTK_INITIAL]
        GROUP TmunuBaseX_SetTmunuVars: Schedule group for setting T_munu
          TmunuBaseX::TmunuBaseX_ZeroTmunu: Set T_munu to zero
          GROUP TmunuBaseX_AddToTmunu: Add to T_munu here
        GROUP ODESolvers_Initial: Set up initial conditions on interior of state vector
          GROUP ADMBaseX_InitialData: Schedule group for calculating ADM initial data
            GROUP CanudaX_ExactIDGroup: CanudaX_ExactID group for setting up initial data
              CanudaX_ExactID::CanudaX_ExactID_GaugeWave: [local] Create gauge wave initial data
          GROUP ADMBaseX_InitialGauge: Schedule group for the ADM initial gauge condition
            ADMBaseX::ADMBaseX_initial_dtlapse: Set dtlapse to zero
            ADMBaseX::ADMBaseX_initial_dtshift: Set dtshift to zero
          GROUP ADMBaseX_PostInitial: Schedule group for modifying the ADM initial data, such as e.g. adding noise
        GROUP CanudaX_BSSNMoL_InitialGroup: CanudaX_BSSNMoL: initial bin
          CanudaX_BSSNMoL::CanudaX_BSSNMoL_adm2bssn: [local] Convert initial data into BSSN variables
          CanudaX_BSSNMoL::CanudaX_BSSNMoL_gammat: [local] Set Gammat initial data
      [CCTK_POSTINITIAL]
        GROUP ODESolvers_PostStep: Apply boundary conditions to state vector, and project if necessary
          GROUP CanudaX_BSSNMoL_PostStepGroup: CanudaX_BSSNMoL: post-step operations
            CanudaX_BSSNMoL::CanudaX_BSSNMoL_impose_conf_fac_floor: Make sure conformal factor does not drop below specified value
            CanudaX_BSSNMoL::CanudaX_BSSNMoL_reset_detmetric: reset dethh = 1
            CanudaX_BSSNMoL::CanudaX_BSSNMoL_remove_trA: Remove trace of A
            CanudaX_BSSNMoL::CanudaX_BSSNMoL_sync: [global] Sync state vector
            CanudaX_BSSNMoL::CanudaX_BSSNMoL_bssn2adm: [local] Convert variables back to the ADM ones
          GROUP ADMBaseX_SetADMRHS: Set ADM RHS variables in this group
          GROUP ADMBaseX_SetADMVars: Set ADM variables in this group
          GROUP TmunuBaseX_SetTmunuVars: Schedule group for setting T_munu
            TmunuBaseX::TmunuBaseX_ZeroTmunu: Set T_munu to zero
            GROUP TmunuBaseX_AddToTmunu: Add to T_munu here
        GROUP ODESolvers_EstimateError: Estimate discretization error (for regridding)
      Initialise finer grids recursively
      Restrict from finer grids
      [CCTK_POSTRESTRICTINITIAL]
      [CCTK_POSTPOSTINITIAL]
      [CCTK_POSTSTEP]
        GROUP ODESolvers_EstimateError: Estimate discretization error (for regridding)
    endif
    if (recover initial data)
      [CCTK_BASEGRID]
        CarpetXRegrid::CarpetXRegrid_InitError: Initialize regridding error to zero
        GROUP ODESolvers_BaseGrid: Set up constants (e.g. coordinates) everywhere on the grid
      [CCTK_RECOVER_VARIABLES]
      [CCTK_POST_RECOVER_VARIABLES]
        GROUP ODESolvers_PostStep: Apply boundary conditions to state vector, and project if necessary
          GROUP CanudaX_BSSNMoL_PostStepGroup: CanudaX_BSSNMoL: post-step operations
            CanudaX_BSSNMoL::CanudaX_BSSNMoL_impose_conf_fac_floor: Make sure conformal factor does not drop below specified value
            CanudaX_BSSNMoL::CanudaX_BSSNMoL_reset_detmetric: reset dethh = 1
            CanudaX_BSSNMoL::CanudaX_BSSNMoL_remove_trA: Remove trace of A
            CanudaX_BSSNMoL::CanudaX_BSSNMoL_sync: [global] Sync state vector
            CanudaX_BSSNMoL::CanudaX_BSSNMoL_bssn2adm: [local] Convert variables back to the ADM ones
          GROUP ADMBaseX_SetADMRHS: Set ADM RHS variables in this group
          GROUP ADMBaseX_SetADMVars: Set ADM variables in this group
          GROUP TmunuBaseX_SetTmunuVars: Schedule group for setting T_munu
            TmunuBaseX::TmunuBaseX_ZeroTmunu: Set T_munu to zero
            GROUP TmunuBaseX_AddToTmunu: Add to T_munu here
        GROUP ODESolvers_EstimateError: Estimate discretization error (for regridding)
    endif
    if (checkpoint initial data)
      [CCTK_CPINITIAL]
        CarpetX::CarpetX_CheckpointInitial: [meta] Checkpoint initial conditions
    endif
    if (analysis)
      [CCTK_ANALYSIS]
        CanudaX_BSSNMoL::CanudaX_BSSNMoL_bssn_constraints: Compute constraints
        GROUP ODESolvers_Analysis: Calculate analysis quantities everywhere
  endif
  Output grid variables

  do loop over timesteps
    [CCTK_PREREGRID]
    Change grid hierarchy
    [CCTK_POSTREGRID]
      GROUP ODESolvers_PostStep: Apply boundary conditions to state vector, and project if necessary
        GROUP CanudaX_BSSNMoL_PostStepGroup: CanudaX_BSSNMoL: post-step operations
          CanudaX_BSSNMoL::CanudaX_BSSNMoL_impose_conf_fac_floor: Make sure conformal factor does not drop below specified value
          CanudaX_BSSNMoL::CanudaX_BSSNMoL_reset_detmetric: reset dethh = 1
          CanudaX_BSSNMoL::CanudaX_BSSNMoL_remove_trA: Remove trace of A
          CanudaX_BSSNMoL::CanudaX_BSSNMoL_sync: [global] Sync state vector
          CanudaX_BSSNMoL::CanudaX_BSSNMoL_bssn2adm: [local] Convert variables back to the ADM ones
        GROUP ADMBaseX_SetADMRHS: Set ADM RHS variables in this group
        GROUP ADMBaseX_SetADMVars: Set ADM variables in this group
        GROUP TmunuBaseX_SetTmunuVars: Schedule group for setting T_munu
          TmunuBaseX::TmunuBaseX_ZeroTmunu: Set T_munu to zero
          GROUP TmunuBaseX_AddToTmunu: Add to T_munu here
    Rotate timelevels
    iteration = iteration+1
    t = t+dt
    [CCTK_PRESTEP]
    [CCTK_EVOL]
      ODESolvers::ODESolvers_Solve: [level] Solve ODEs
      while (ODESolvers::do_substeps)
        GROUP ODESolvers_CalledBySolve: Groups internally scheduled by ODESolvers_Solve
          GROUP ODESolvers_RHS: Evaluate the RHS for of state vector everywhere on the grid
            GROUP CanudaX_BSSNMoL_RHSGroup: CanudaX_BSSNMoL: calculate BSSN RHS
              CanudaX_BSSNMoL::CanudaX_BSSNMoL_calc_bssn_rhs: MoL RHS calculation
              CanudaX_BSSNMoL::CanudaX_BSSNMoL_apply_boundary_conditions: Apply radiative boundary conditions 
          GROUP ODESolvers_PostStep: Apply boundary conditions to state vector, and project if necessary
            GROUP CanudaX_BSSNMoL_PostStepGroup: CanudaX_BSSNMoL: post-step operations
              CanudaX_BSSNMoL::CanudaX_BSSNMoL_impose_conf_fac_floor: Make sure conformal factor does not drop below specified value
              CanudaX_BSSNMoL::CanudaX_BSSNMoL_reset_detmetric: reset dethh = 1
              CanudaX_BSSNMoL::CanudaX_BSSNMoL_remove_trA: Remove trace of A
              CanudaX_BSSNMoL::CanudaX_BSSNMoL_sync: [global] Sync state vector
              CanudaX_BSSNMoL::CanudaX_BSSNMoL_bssn2adm: [local] Convert variables back to the ADM ones
            GROUP ADMBaseX_SetADMRHS: Set ADM RHS variables in this group
            GROUP ADMBaseX_SetADMVars: Set ADM variables in this group
            GROUP TmunuBaseX_SetTmunuVars: Schedule group for setting T_munu
              TmunuBaseX::TmunuBaseX_ZeroTmunu: Set T_munu to zero
              GROUP TmunuBaseX_AddToTmunu: Add to T_munu here
      end while
    Evolve finer grids recursively
    Restrict from finer grids
    [CCTK_POSTRESTRICT]
      GROUP ODESolvers_PostStep: Apply boundary conditions to state vector, and project if necessary
        GROUP CanudaX_BSSNMoL_PostStepGroup: CanudaX_BSSNMoL: post-step operations
          CanudaX_BSSNMoL::CanudaX_BSSNMoL_impose_conf_fac_floor: Make sure conformal factor does not drop below specified value
          CanudaX_BSSNMoL::CanudaX_BSSNMoL_reset_detmetric: reset dethh = 1
          CanudaX_BSSNMoL::CanudaX_BSSNMoL_remove_trA: Remove trace of A
          CanudaX_BSSNMoL::CanudaX_BSSNMoL_sync: [global] Sync state vector
          CanudaX_BSSNMoL::CanudaX_BSSNMoL_bssn2adm: [local] Convert variables back to the ADM ones
        GROUP ADMBaseX_SetADMRHS: Set ADM RHS variables in this group
        GROUP ADMBaseX_SetADMVars: Set ADM variables in this group
        GROUP TmunuBaseX_SetTmunuVars: Schedule group for setting T_munu
          TmunuBaseX::TmunuBaseX_ZeroTmunu: Set T_munu to zero
          GROUP TmunuBaseX_AddToTmunu: Add to T_munu here
    [CCTK_POSTSTEP]
      GROUP ODESolvers_EstimateError: Estimate discretization error (for regridding)
    if (checkpoint)
      [CCTK_CHECKPOINT]
      CarpetX::CarpetX_Checkpoint: [meta] Checkpoint
    endif
    if (analysis)
      [CCTK_ANALYSIS]
      CanudaX_BSSNMoL::CanudaX_BSSNMoL_bssn_constraints: Compute constraints
      GROUP ODESolvers_Analysis: Calculate analysis quantities everywhere
    endif
    Output grid variables
    enddo

  Termination routines
    [CCTK_TERMINATE]
      CarpetX::CarpetX_CheckpointTerminate: [meta] Checkpoint before terminating

  Shutdown routines
    [CCTK_SHUTDOWN]
      CarpetX::Driver_Shutdown: [meta] Shut down the driver

  Routines run after changing the grid hierarchy:
    [CCTK_POSTREGRID]
      GROUP ODESolvers_PostStep: Apply boundary conditions to state vector, and project if necessary
        GROUP CanudaX_BSSNMoL_PostStepGroup: CanudaX_BSSNMoL: post-step operations
          CanudaX_BSSNMoL::CanudaX_BSSNMoL_impose_conf_fac_floor: Make sure conformal factor does not drop below specified value
          CanudaX_BSSNMoL::CanudaX_BSSNMoL_reset_detmetric: reset dethh = 1
          CanudaX_BSSNMoL::CanudaX_BSSNMoL_remove_trA: Remove trace of A
          CanudaX_BSSNMoL::CanudaX_BSSNMoL_sync: [global] Sync state vector
          CanudaX_BSSNMoL::CanudaX_BSSNMoL_bssn2adm: [local] Convert variables back to the ADM ones
        GROUP ADMBaseX_SetADMRHS: Set ADM RHS variables in this group
        GROUP ADMBaseX_SetADMVars: Set ADM variables in this group
        GROUP TmunuBaseX_SetTmunuVars: Schedule group for setting T_munu
          TmunuBaseX::TmunuBaseX_ZeroTmunu: Set T_munu to zero
          GROUP TmunuBaseX_AddToTmunu: Add to T_munu here
--------------------------------------------------------------------------------
INFO (hwloc): library version 2.10.0, API version 0x20800
--------------------------------------------------------------------------------

  [34m  ▕▏  [34m  ▕▏  [34m  ▕▏  [34m  ▕▏  [34m  ▕▏  [34m  ▕▏  [34m  ▕▏  [34m  ▕▏  [34m  ▕▏  [39m  
  [34m──██──[34m──██──[34m──██──[34m──██──[34m──██──[34m──██──[34m──██──[34m──██──[34m──██──[39m  
  [34m  ▕▏  [34m  ▕▏  [34m  ▕▏  [34m  ▕▏  [34m  ▕▏  [34m  ▕▏  [34m  ▕▏  [34m  ▕▏  [34m  ▕▏  [39m  
  [34m  ▕▏  [32m██████[34m  ▕▏  [34m  ▕▏  [32m██████[34m  ▕▏  [34m  ▕▏  [32m██████[34m  ▕▏  [39m  
  [34m──██──[32m██████[34m──██──[34m──██──[32m██████[34m──██──[34m──██──[32m██████[34m──██──[39m  
  [34m  ▕▏  [32m██████[34m  ▕▏  [34m  ▕▏  [32m██████[34m  ▕▏  [34m  ▕▏  [32m██████[34m  ▕▏  [39m  
  [34m  ▕▏  [34m  ▕▏  [34m  ▕▏  [34m  ▕▏  [34m  ▕▏  [34m  ▕▏  [34m  ▕▏  [34m  ▕▏  [34m  ▕▏  [39m  
  [34m──██──[34m──██──[34m──██──[34m──██──[34m──██──[34m──██──[34m──██──[34m──██──[34m──██──[39m  
  [34m  ▕▏  [34m  ▕▏  [34m  ▕▏  [34m  ▕▏  [34m  ▕▏  [34m  ▕▏  [34m  ▕▏  [34m  ▕▏  [34m  ▕▏  [39m  
  [34m  ▕▏  [34m  ▕▏  [34m  ▕▏  [31m██████[31m██████[31m██████[34m  ▕▏  [34m  ▕▏  [34m  ▕▏  [39m  
  [34m──██──[34m──██──[34m──██──[31m██████[31m██████[31m██████[34m──██──[34m──██──[34m──██──[39m  
  [34m  ▕▏  [34m  ▕▏  [34m  ▕▏  [31m██████[31m██████[31m██████[34m  ▕▏  [34m  ▕▏  [34m  ▕▏  [39m  
  [34m  ▕▏  [32m██████[34m  ▕▏  [31m██████[31m██████[31m██████[34m  ▕▏  [32m██████[34m  ▕▏  [39m  
  [34m──██──[32m██████[34m──██──[31m██████[31m██████[31m██████[34m──██──[32m██████[34m──██──[39m  
  [34m  ▕▏  [32m██████[34m  ▕▏  [31m██████[31m██████[31m██████[34m  ▕▏  [32m██████[34m  ▕▏  [39m  
  [34m  ▕▏  [34m  ▕▏  [34m  ▕▏  [31m██████[31m██████[31m██████[34m  ▕▏  [34m  ▕▏  [34m  ▕▏  [39m  
  [34m──██──[34m──██──[34m──██──[31m██████[31m██████[31m██████[34m──██──[34m──██──[34m──██──[39m  
  [34m  ▕▏  [34m  ▕▏  [34m  ▕▏  [31m██████[31m██████[31m██████[34m  ▕▏  [34m  ▕▏  [34m  ▕▏  [39m  
  [34m  ▕▏  [34m  ▕▏  [34m  ▕▏  [34m  ▕▏  [34m  ▕▏  [34m  ▕▏  [34m  ▕▏  [34m  ▕▏  [34m  ▕▏  [39m  
  [34m──██──[34m──██──[34m──██──[34m──██──[34m──██──[34m──██──[34m──██──[34m──██──[34m──██──[39m  
  [34m  ▕▏  [34m  ▕▏  [34m  ▕▏  [34m  ▕▏  [34m  ▕▏  [34m  ▕▏  [34m  ▕▏  [34m  ▕▏  [34m  ▕▏  [39m  
  [34m  ▕▏  [32m██████[34m  ▕▏  [34m  ▕▏  [32m██████[34m  ▕▏  [34m  ▕▏  [32m██████[34m  ▕▏  [39m  
  [34m──██──[32m██████[34m──██──[34m──██──[32m██████[34m──██──[34m──██──[32m██████[34m──██──[39m  
  [34m  ▕▏  [32m██████[34m  ▕▏  [34m  ▕▏  [32m██████[34m  ▕▏  [34m  ▕▏  [32m██████[34m  ▕▏  [39m  
  [34m  ▕▏  [34m  ▕▏  [34m  ▕▏  [34m  ▕▏  [34m  ▕▏  [34m  ▕▏  [34m  ▕▏  [34m  ▕▏  [34m  ▕▏  [39m  
  [34m──██──[34m──██──[34m──██──[34m──██──[34m──██──[34m──██──[34m──██──[34m──██──[34m──██──[39m  
  [34m  ▕▏  [34m  ▕▏  [34m  ▕▏  [34m  ▕▏  [34m  ▕▏  [34m  ▕▏  [34m  ▕▏  [34m  ▕▏  [34m  ▕▏  [39m  

AMR driver provided by CarpetX,
using AMReX 25.11 (MPI, OpenMP, no accelerators, debug)
--------------------------------------------------------------------------------

Initializing AMReX (25.11)...
MPI initialized with 2 MPI processes
MPI initialized with thread support level 2
OMP initialized with 1 OMP threads
AMReX (25.11) initialized
INFO (CarpetX): 
Symmetries:
  lower x: periodic
  lower y: periodic
  lower z: periodic
  upper x: periodic
  upper y: periodic
  upper z: periodic
Default boundaries:
  lower x: symmetry_boundary
  lower y: symmetry_boundary
  lower z: symmetry_boundary
  upper x: symmetry_boundary
  upper y: symmetry_boundary
  upper z: symmetry_boundary
INFO (Arith): Test_cplx
INFO (Arith): Test_smallvector
INFO (Arith): Test_spvect
INFO (CarpetX): Setting initial values for max_grid_size values for all levels
INFO (CarpetX): Setting up initial conditions...
INFO (CarpetX): Iteration: 0   time: 0   delta_time: 0.00390625
INFO (CarpetX): Patch 0:
INFO (CarpetX):   Grid extent:
INFO (CarpetX):     gsh=[71,15,15]
INFO (CarpetX):     blocking_factor=[8,8,8]
INFO (CarpetX):     max_grid_size=[10000000,10000000,10000000]
INFO (CarpetX):     max_tile_size=[1024000,16,32]
INFO (CarpetX):   Domain extent:
INFO (CarpetX):     xmin=[-0.5,-0.0625,-0.0625]
INFO (CarpetX):     xmax=[0.5,0.0625,0.0625]
INFO (CarpetX):     base dx=[0.015625,0.015625,0.015625]
INFO (CarpetX): Initializing level 0...
INFO (CanudaX_ExactID): Begin Gauge Wave initial data
INFO (CanudaX_ExactID): === End gauge wave initial data ===
INFO (CarpetX): Regridding...
INFO (CarpetX):   level 0: 2 boxes, 4096 cells (100%)
INFO (CarpetX): Initialized 1 levels
INFO (CarpetX): OutputGH: iteration 0, time 0.000000, run time 1 s
INFO (CarpetX): OutputGH done.
INFO (CarpetX): Starting evolution...
INFO (ODESolvers): ODE integrator is RK4
INFO (CarpetX): OutputGH: iteration 1, time 0.003906, run time 2 s
INFO (CarpetX): OutputGH done.
INFO (CarpetX): Simulation time: 0.00390625   Iterations per second: 33.636   Simulation time per second: 0.13139
INFO (CarpetX): Grid cells: 4096   Grid cell updates per second: 137773
INFO (CarpetX): Performance:
INFO (CarpetX):   total evolution time:            0.0297301 sec
INFO (CarpetX):   total evolution compute time:    0.0297129 sec
INFO (CarpetX):   total evolution output time:     1.71661e-05 sec
INFO (CarpetX):   total iterations:                1
INFO (CarpetX):   total cells updated:             4096
INFO (CarpetX):   average iterations per second: 33.636
INFO (CarpetX):   average cell updates per second: 137773
INFO (CarpetX): OutputGH: iteration 2, time 0.007812, run time 2 s
INFO (CarpetX): OutputGH done.
INFO (CarpetX): Simulation time: 0.0078125   Iterations per second: 34.9565   Simulation time per second: 0.136549
INFO (CarpetX): Grid cells: 4096   Grid cell updates per second: 143182
INFO (CarpetX): Performance:
INFO (CarpetX):   total evolution time:            0.057214 sec
INFO (CarpetX):   total evolution compute time:    0.0571809 sec
INFO (CarpetX):   total evolution output time:     3.31402e-05 sec
INFO (CarpetX):   total iterations:                2
INFO (CarpetX):   total cells updated:             8192
INFO (CarpetX):   average iterations per second: 34.9565
INFO (CarpetX):   average cell updates per second: 143182
INFO (CarpetX): OutputGH: iteration 3, time 0.011719, run time 2 s
INFO (CarpetX): OutputGH done.
INFO (CarpetX): Simulation time: 0.0117188   Iterations per second: 35.4656   Simulation time per second: 0.138538
INFO (CarpetX): Grid cells: 4096   Grid cell updates per second: 145267
INFO (CarpetX): Performance:
INFO (CarpetX):   total evolution time:            0.084589 sec
INFO (CarpetX):   total evolution compute time:    0.0845337 sec
INFO (CarpetX):   total evolution output time:     5.53131e-05 sec
INFO (CarpetX):   total iterations:                3
INFO (CarpetX):   total cells updated:             12288
INFO (CarpetX):   average iterations per second: 35.4656
INFO (CarpetX):   average cell updates per second: 145267
INFO (CarpetX): OutputGH: iteration 4, time 0.015625, run time 2 s
INFO (CarpetX): OutputGH done.
INFO (CarpetX): Simulation time: 0.015625   Iterations per second: 35.7156   Simulation time per second: 0.139514
INFO (CarpetX): Grid cells: 4096   Grid cell updates per second: 146291
INFO (CarpetX): Performance:
INFO (CarpetX):   total evolution time:            0.111996 sec
INFO (CarpetX):   total evolution compute time:    0.111925 sec
INFO (CarpetX):   total evolution output time:     7.12872e-05 sec
INFO (CarpetX):   total iterations:                4
INFO (CarpetX):   total cells updated:             16384
INFO (CarpetX):   average iterations per second: 35.7156
INFO (CarpetX):   average cell updates per second: 146291
INFO (CarpetX): OutputGH: iteration 5, time 0.019531, run time 2 s
INFO (CarpetX): OutputGH done.
INFO (CarpetX): Simulation time: 0.0195312   Iterations per second: 35.8876   Simulation time per second: 0.140186
INFO (CarpetX): Grid cells: 4096   Grid cell updates per second: 146996
INFO (CarpetX): Performance:
INFO (CarpetX):   total evolution time:            0.139324 sec
INFO (CarpetX):   total evolution compute time:    0.139232 sec
INFO (CarpetX):   total evolution output time:     9.2268e-05 sec
INFO (CarpetX):   total iterations:                5
INFO (CarpetX):   total cells updated:             20480
INFO (CarpetX):   average iterations per second: 35.8876
INFO (CarpetX):   average cell updates per second: 146996
INFO (CarpetX): OutputGH: iteration 6, time 0.023438, run time 2 s
INFO (CarpetX): OutputGH done.
INFO (CarpetX): Simulation time: 0.0234375   Iterations per second: 35.9906   Simulation time per second: 0.140588
INFO (CarpetX): Grid cells: 4096   Grid cell updates per second: 147418
INFO (CarpetX): Performance:
INFO (CarpetX):   total evolution time:            0.16671 sec
INFO (CarpetX):   total evolution compute time:    0.166602 sec
INFO (CarpetX):   total evolution output time:     0.000108242 sec
INFO (CarpetX):   total iterations:                6
INFO (CarpetX):   total cells updated:             24576
INFO (CarpetX):   average iterations per second: 35.9906
INFO (CarpetX):   average cell updates per second: 147418
INFO (CarpetX): OutputGH: iteration 7, time 0.027344, run time 2 s
INFO (CarpetX): OutputGH done.
INFO (CarpetX): Simulation time: 0.0273438   Iterations per second: 35.7716   Simulation time per second: 0.139733
INFO (CarpetX): Grid cells: 4096   Grid cell updates per second: 146520
INFO (CarpetX): Performance:
INFO (CarpetX):   total evolution time:            0.195686 sec
INFO (CarpetX):   total evolution compute time:    0.19555 sec
INFO (CarpetX):   total evolution output time:     0.000136137 sec
INFO (CarpetX):   total iterations:                7
INFO (CarpetX):   total cells updated:             28672
INFO (CarpetX):   average iterations per second: 35.7716
INFO (CarpetX):   average cell updates per second: 146520
INFO (CarpetX): OutputGH: iteration 8, time 0.031250, run time 2 s
INFO (CarpetX): OutputGH done.
INFO (CarpetX): Simulation time: 0.03125   Iterations per second: 35.8176   Simulation time per second: 0.139912
INFO (CarpetX): Grid cells: 4096   Grid cell updates per second: 146709
INFO (CarpetX): Performance:
INFO (CarpetX):   total evolution time:            0.223354 sec
INFO (CarpetX):   total evolution compute time:    0.223202 sec
INFO (CarpetX):   total evolution output time:     0.000152111 sec
INFO (CarpetX):   total iterations:                8
INFO (CarpetX):   total cells updated:             32768
INFO (CarpetX):   average iterations per second: 35.8176
INFO (CarpetX):   average cell updates per second: 146709
INFO (CarpetX): OutputGH: iteration 9, time 0.035156, run time 2 s
INFO (CarpetX): OutputGH done.
INFO (CarpetX): Simulation time: 0.0351562   Iterations per second: 35.9012   Simulation time per second: 0.140239
INFO (CarpetX): Grid cells: 4096   Grid cell updates per second: 147051
INFO (CarpetX): Performance:
INFO (CarpetX):   total evolution time:            0.250688 sec
INFO (CarpetX):   total evolution compute time:    0.250517 sec
INFO (CarpetX):   total evolution output time:     0.000170946 sec
INFO (CarpetX):   total iterations:                9
INFO (CarpetX):   total cells updated:             36864
INFO (CarpetX):   average iterations per second: 35.9012
INFO (CarpetX):   average cell updates per second: 147051
INFO (CarpetX): OutputGH: iteration 10, time 0.039062, run time 2 s
INFO (CarpetX): OutputGH done.
INFO (CarpetX): Simulation time: 0.0390625   Iterations per second: 35.8229   Simulation time per second: 0.139933
INFO (CarpetX): Grid cells: 4096   Grid cell updates per second: 146731
INFO (CarpetX): Performance:
INFO (CarpetX):   total evolution time:            0.279151 sec
INFO (CarpetX):   total evolution compute time:    0.278963 sec
INFO (CarpetX):   total evolution output time:     0.000187874 sec
INFO (CarpetX):   total iterations:                10
INFO (CarpetX):   total cells updated:             40960
INFO (CarpetX):   average iterations per second: 35.8229
INFO (CarpetX):   average cell updates per second: 146731
INFO (CarpetX): OutputGH: iteration 11, time 0.042969, run time 2 s
INFO (CarpetX): OutputGH done.
INFO (CarpetX): Simulation time: 0.0429688   Iterations per second: 35.8824   Simulation time per second: 0.140166
INFO (CarpetX): Grid cells: 4096   Grid cell updates per second: 146974
INFO (CarpetX): Performance:
INFO (CarpetX):   total evolution time:            0.306603 sec
INFO (CarpetX):   total evolution compute time:    0.306398 sec
INFO (CarpetX):   total evolution output time:     0.000204802 sec
INFO (CarpetX):   total iterations:                11
INFO (CarpetX):   total cells updated:             45056
INFO (CarpetX):   average iterations per second: 35.877
INFO (CarpetX):   average cell updates per second: 146952
INFO (CarpetX): OutputGH: iteration 12, time 0.046875, run time 2 s
INFO (CarpetX): OutputGH done.
INFO (CarpetX): Simulation time: 0.046875   Iterations per second: 35.9556   Simulation time per second: 0.140451
INFO (CarpetX): Grid cells: 4096   Grid cell updates per second: 147274
INFO (CarpetX): Performance:
INFO (CarpetX):   total evolution time:            0.333905 sec
INFO (CarpetX):   total evolution compute time:    0.333678 sec
INFO (CarpetX):   total evolution output time:     0.000226736 sec
INFO (CarpetX):   total iterations:                12
INFO (CarpetX):   total cells updated:             49152
INFO (CarpetX):   average iterations per second: 35.9384
INFO (CarpetX):   average cell updates per second: 147204
INFO (CarpetX): OutputGH: iteration 13, time 0.050781, run time 2 s
INFO (CarpetX): OutputGH done.
INFO (CarpetX): Simulation time: 0.0507812   Iterations per second: 36.0074   Simulation time per second: 0.140654
INFO (CarpetX): Grid cells: 4096   Grid cell updates per second: 147486
INFO (CarpetX): Performance:
INFO (CarpetX):   total evolution time:            0.361317 sec
INFO (CarpetX):   total evolution compute time:    0.361073 sec
INFO (CarpetX):   total evolution output time:     0.000243664 sec
INFO (CarpetX):   total iterations:                13
INFO (CarpetX):   total cells updated:             53248
INFO (CarpetX):   average iterations per second: 35.9795
INFO (CarpetX):   average cell updates per second: 147372
INFO (CarpetX): OutputGH: iteration 14, time 0.054688, run time 2 s
INFO (CarpetX): OutputGH done.
INFO (CarpetX): Simulation time: 0.0546875   Iterations per second: 36.0548   Simulation time per second: 0.140839
INFO (CarpetX): Grid cells: 4096   Grid cell updates per second: 147680
INFO (CarpetX): Performance:
INFO (CarpetX):   total evolution time:            0.388724 sec
INFO (CarpetX):   total evolution compute time:    0.38846 sec
INFO (CarpetX):   total evolution output time:     0.000263453 sec
INFO (CarpetX):   total iterations:                14
INFO (CarpetX):   total cells updated:             57344
INFO (CarpetX):   average iterations per second: 36.0153
INFO (CarpetX):   average cell updates per second: 147519
INFO (CarpetX): OutputGH: iteration 15, time 0.058594, run time 2 s
INFO (CarpetX): OutputGH done.
INFO (CarpetX): Simulation time: 0.0585938   Iterations per second: 36.1082   Simulation time per second: 0.141048
INFO (CarpetX): Grid cells: 4096   Grid cell updates per second: 147899
INFO (CarpetX): Performance:
INFO (CarpetX):   total evolution time:            0.416049 sec
INFO (CarpetX):   total evolution compute time:    0.415768 sec
INFO (CarpetX):   total evolution output time:     0.000280619 sec
INFO (CarpetX):   total iterations:                15
INFO (CarpetX):   total cells updated:             61440
INFO (CarpetX):   average iterations per second: 36.0535
INFO (CarpetX):   average cell updates per second: 147675
INFO (CarpetX): OutputGH: iteration 16, time 0.062500, run time 2 s
INFO (CarpetX): OutputGH done.
INFO (CarpetX): Simulation time: 0.0625   Iterations per second: 36.1324   Simulation time per second: 0.141142
INFO (CarpetX): Grid cells: 4096   Grid cell updates per second: 147999
INFO (CarpetX): Performance:
INFO (CarpetX):   total evolution time:            0.443558 sec
INFO (CarpetX):   total evolution compute time:    0.443257 sec
INFO (CarpetX):   total evolution output time:     0.000300646 sec
INFO (CarpetX):   total iterations:                16
INFO (CarpetX):   total cells updated:             65536
INFO (CarpetX):   average iterations per second: 36.072
INFO (CarpetX):   average cell updates per second: 147751
INFO (CarpetX): OutputGH: iteration 17, time 0.066406, run time 2 s
INFO (CarpetX): OutputGH done.
INFO (CarpetX): Simulation time: 0.0664062   Iterations per second: 36.1633   Simulation time per second: 0.141263
INFO (CarpetX): Grid cells: 4096   Grid cell updates per second: 148125
INFO (CarpetX): Performance:
INFO (CarpetX):   total evolution time:            0.470998 sec
INFO (CarpetX):   total evolution compute time:    0.470677 sec
INFO (CarpetX):   total evolution output time:     0.000320673 sec
INFO (CarpetX):   total iterations:                17
INFO (CarpetX):   total cells updated:             69632
INFO (CarpetX):   average iterations per second: 36.0936
INFO (CarpetX):   average cell updates per second: 147839
INFO (CarpetX): OutputGH: iteration 18, time 0.070312, run time 2 s
INFO (CarpetX): OutputGH done.
INFO (CarpetX): Simulation time: 0.0703125   Iterations per second: 36.201   Simulation time per second: 0.14141
INFO (CarpetX): Grid cells: 4096   Grid cell updates per second: 148279
INFO (CarpetX): Performance:
INFO (CarpetX):   total evolution time:            0.498362 sec
INFO (CarpetX):   total evolution compute time:    0.498025 sec
INFO (CarpetX):   total evolution output time:     0.000336885 sec
INFO (CarpetX):   total iterations:                18
INFO (CarpetX):   total cells updated:             73728
INFO (CarpetX):   average iterations per second: 36.1183
INFO (CarpetX):   average cell updates per second: 147941
INFO (CarpetX): OutputGH: iteration 19, time 0.074219, run time 2 s
INFO (CarpetX): OutputGH done.
INFO (CarpetX): Simulation time: 0.0742188   Iterations per second: 36.2358   Simulation time per second: 0.141546
INFO (CarpetX): Grid cells: 4096   Grid cell updates per second: 148422
INFO (CarpetX): Performance:
INFO (CarpetX):   total evolution time:            0.52572 sec
INFO (CarpetX):   total evolution compute time:    0.525367 sec
INFO (CarpetX):   total evolution output time:     0.000352859 sec
INFO (CarpetX):   total iterations:                19
INFO (CarpetX):   total cells updated:             77824
INFO (CarpetX):   average iterations per second: 36.1409
INFO (CarpetX):   average cell updates per second: 148033
INFO (CarpetX): OutputGH: iteration 20, time 0.078125, run time 2 s
INFO (CarpetX): OutputGH done.
INFO (CarpetX): Simulation time: 0.078125   Iterations per second: 36.2628   Simulation time per second: 0.141652
INFO (CarpetX): Grid cells: 4096   Grid cell updates per second: 148532
INFO (CarpetX): Performance:
INFO (CarpetX):   total evolution time:            0.553112 sec
INFO (CarpetX):   total evolution compute time:    0.552742 sec
INFO (CarpetX):   total evolution output time:     0.000370026 sec
INFO (CarpetX):   total iterations:                20
INFO (CarpetX):   total cells updated:             81920
INFO (CarpetX):   average iterations per second: 36.1591
INFO (CarpetX):   average cell updates per second: 148107
INFO (CarpetX): OutputGH: iteration 21, time 0.082031, run time 2 s
INFO (CarpetX): OutputGH done.
INFO (CarpetX): Simulation time: 0.0820312   Iterations per second: 36.2733   Simulation time per second: 0.141692
INFO (CarpetX): Grid cells: 4096   Grid cell updates per second: 148575
INFO (CarpetX): Performance:
INFO (CarpetX):   total evolution time:            0.580609 sec
INFO (CarpetX):   total evolution compute time:    0.580215 sec
INFO (CarpetX):   total evolution output time:     0.000394106 sec
INFO (CarpetX):   total iterations:                21
INFO (CarpetX):   total cells updated:             86016
INFO (CarpetX):   average iterations per second: 36.1689
INFO (CarpetX):   average cell updates per second: 148148
INFO (CarpetX): OutputGH: iteration 22, time 0.085938, run time 2 s
INFO (CarpetX): OutputGH done.
INFO (CarpetX): Simulation time: 0.0859375   Iterations per second: 36.301   Simulation time per second: 0.141801
INFO (CarpetX): Grid cells: 4096   Grid cell updates per second: 148689
INFO (CarpetX): Performance:
INFO (CarpetX):   total evolution time:            0.607967 sec
INFO (CarpetX):   total evolution compute time:    0.607555 sec
INFO (CarpetX):   total evolution output time:     0.000411987 sec
INFO (CarpetX):   total iterations:                22
INFO (CarpetX):   total cells updated:             90112
INFO (CarpetX):   average iterations per second: 36.1862
INFO (CarpetX):   average cell updates per second: 148219
INFO (CarpetX): OutputGH: iteration 23, time 0.089844, run time 2 s
INFO (CarpetX): OutputGH done.
INFO (CarpetX): Simulation time: 0.0898438   Iterations per second: 36.3188   Simulation time per second: 0.141871
INFO (CarpetX): Grid cells: 4096   Grid cell updates per second: 148762
INFO (CarpetX): Performance:
INFO (CarpetX):   total evolution time:            0.635379 sec
INFO (CarpetX):   total evolution compute time:    0.634945 sec
INFO (CarpetX):   total evolution output time:     0.000433922 sec
INFO (CarpetX):   total iterations:                23
INFO (CarpetX):   total cells updated:             94208
INFO (CarpetX):   average iterations per second: 36.1989
INFO (CarpetX):   average cell updates per second: 148271
INFO (CarpetX): OutputGH: iteration 24, time 0.093750, run time 2 s
INFO (CarpetX): OutputGH done.
INFO (CarpetX): Simulation time: 0.09375   Iterations per second: 36.3344   Simulation time per second: 0.141931
INFO (CarpetX): Grid cells: 4096   Grid cell updates per second: 148826
INFO (CarpetX): Performance:
INFO (CarpetX):   total evolution time:            0.662795 sec
INFO (CarpetX):   total evolution compute time:    0.662345 sec
INFO (CarpetX):   total evolution output time:     0.000449896 sec
INFO (CarpetX):   total iterations:                24
INFO (CarpetX):   total cells updated:             98304
INFO (CarpetX):   average iterations per second: 36.2103
INFO (CarpetX):   average cell updates per second: 148317
INFO (CarpetX): OutputGH: iteration 25, time 0.097656, run time 2 s
INFO (CarpetX): OutputGH done.
INFO (CarpetX): Simulation time: 0.0976562   Iterations per second: 36.3389   Simulation time per second: 0.141949
INFO (CarpetX): Grid cells: 4096   Grid cell updates per second: 148844
INFO (CarpetX): Performance:
INFO (CarpetX):   total evolution time:            0.690283 sec
INFO (CarpetX):   total evolution compute time:    0.689815 sec
INFO (CarpetX):   total evolution output time:     0.000467777 sec
INFO (CarpetX):   total iterations:                25
INFO (CarpetX):   total cells updated:             102400
INFO (CarpetX):   average iterations per second: 36.2171
INFO (CarpetX):   average cell updates per second: 148345
INFO (CarpetX): OutputGH: iteration 26, time 0.101562, run time 2 s
INFO (CarpetX): OutputGH done.
INFO (CarpetX): Simulation time: 0.101562   Iterations per second: 36.3598   Simulation time per second: 0.14203
INFO (CarpetX): Grid cells: 4096   Grid cell updates per second: 148930
INFO (CarpetX): Performance:
INFO (CarpetX):   total evolution time:            0.717643 sec
INFO (CarpetX):   total evolution compute time:    0.717156 sec
INFO (CarpetX):   total evolution output time:     0.000487804 sec
INFO (CarpetX):   total iterations:                26
INFO (CarpetX):   total cells updated:             106496
INFO (CarpetX):   average iterations per second: 36.2297
INFO (CarpetX):   average cell updates per second: 148397
INFO (CarpetX): OutputGH: iteration 27, time 0.105469, run time 2 s
INFO (CarpetX): OutputGH done.
INFO (CarpetX): Simulation time: 0.105469   Iterations per second: 36.3672   Simulation time per second: 0.142059
INFO (CarpetX): Grid cells: 4096   Grid cell updates per second: 148960
INFO (CarpetX): Performance:
INFO (CarpetX):   total evolution time:            0.74509 sec
INFO (CarpetX):   total evolution compute time:    0.744588 sec
INFO (CarpetX):   total evolution output time:     0.000502586 sec
INFO (CarpetX):   total iterations:                27
INFO (CarpetX):   total cells updated:             110592
INFO (CarpetX):   average iterations per second: 36.2372
INFO (CarpetX):   average cell updates per second: 148428
INFO (CarpetX): OutputGH: iteration 28, time 0.109375, run time 2 s
INFO (CarpetX): OutputGH done.
INFO (CarpetX): Simulation time: 0.109375   Iterations per second: 36.3535   Simulation time per second: 0.142006
INFO (CarpetX): Grid cells: 4096   Grid cell updates per second: 148904
INFO (CarpetX): Performance:
INFO (CarpetX):   total evolution time:            0.772691 sec
INFO (CarpetX):   total evolution compute time:    0.772166 sec
INFO (CarpetX):   total evolution output time:     0.000525713 sec
INFO (CarpetX):   total iterations:                28
INFO (CarpetX):   total cells updated:             114688
INFO (CarpetX):   average iterations per second: 36.237
INFO (CarpetX):   average cell updates per second: 148427
INFO (CarpetX): OutputGH: iteration 29, time 0.113281, run time 2 s
INFO (CarpetX): OutputGH done.
INFO (CarpetX): Simulation time: 0.113281   Iterations per second: 36.3529   Simulation time per second: 0.142004
INFO (CarpetX): Grid cells: 4096   Grid cell updates per second: 148902
INFO (CarpetX): Performance:
INFO (CarpetX):   total evolution time:            0.800203 sec
INFO (CarpetX):   total evolution compute time:    0.799659 sec
INFO (CarpetX):   total evolution output time:     0.000543833 sec
INFO (CarpetX):   total iterations:                29
INFO (CarpetX):   total cells updated:             118784
INFO (CarpetX):   average iterations per second: 36.2408
INFO (CarpetX):   average cell updates per second: 148442
INFO (CarpetX): OutputGH: iteration 30, time 0.117188, run time 2 s
INFO (CarpetX): OutputGH done.
INFO (CarpetX): Simulation time: 0.117188   Iterations per second: 36.3497   Simulation time per second: 0.141991
INFO (CarpetX): Grid cells: 4096   Grid cell updates per second: 148889
INFO (CarpetX): Performance:
INFO (CarpetX):   total evolution time:            0.827735 sec
INFO (CarpetX):   total evolution compute time:    0.82717 sec
INFO (CarpetX):   total evolution output time:     0.000565767 sec
INFO (CarpetX):   total iterations:                30
INFO (CarpetX):   total cells updated:             122880
INFO (CarpetX):   average iterations per second: 36.2435
INFO (CarpetX):   average cell updates per second: 148453
INFO (CarpetX): OutputGH: iteration 31, time 0.121094, run time 3 s
INFO (CarpetX): OutputGH done.
INFO (CarpetX): Simulation time: 0.121094   Iterations per second: 36.3596   Simulation time per second: 0.14203
INFO (CarpetX): Grid cells: 4096   Grid cell updates per second: 148929
INFO (CarpetX): Performance:
INFO (CarpetX):   total evolution time:            0.855171 sec
INFO (CarpetX):   total evolution compute time:    0.854585 sec
INFO (CarpetX):   total evolution output time:     0.000586748 sec
INFO (CarpetX):   total iterations:                31
INFO (CarpetX):   total cells updated:             126976
INFO (CarpetX):   average iterations per second: 36.25
INFO (CarpetX):   average cell updates per second: 148480
INFO (CarpetX): OutputGH: iteration 32, time 0.125000, run time 3 s
INFO (CarpetX): OutputGH done.
INFO (CarpetX): Simulation time: 0.125   Iterations per second: 36.3524   Simulation time per second: 0.142002
INFO (CarpetX): Grid cells: 4096   Grid cell updates per second: 148900
INFO (CarpetX): Performance:
INFO (CarpetX):   total evolution time:            0.882729 sec
INFO (CarpetX):   total evolution compute time:    0.882126 sec
INFO (CarpetX):   total evolution output time:     0.000602722 sec
INFO (CarpetX):   total iterations:                32
INFO (CarpetX):   total cells updated:             131072
INFO (CarpetX):   average iterations per second: 36.2512
INFO (CarpetX):   average cell updates per second: 148485
INFO (CarpetX): OutputGH: iteration 33, time 0.128906, run time 3 s
INFO (CarpetX): OutputGH done.
INFO (CarpetX): Simulation time: 0.128906   Iterations per second: 36.3372   Simulation time per second: 0.141942
INFO (CarpetX): Grid cells: 4096   Grid cell updates per second: 148837
INFO (CarpetX): Performance:
INFO (CarpetX):   total evolution time:            0.910353 sec
INFO (CarpetX):   total evolution compute time:    0.909719 sec
INFO (CarpetX):   total evolution output time:     0.000633717 sec
INFO (CarpetX):   total iterations:                33
INFO (CarpetX):   total cells updated:             135168
INFO (CarpetX):   average iterations per second: 36.2497
INFO (CarpetX):   average cell updates per second: 148479
INFO (CarpetX): OutputGH: iteration 34, time 0.132812, run time 3 s
INFO (CarpetX): OutputGH done.
INFO (CarpetX): Simulation time: 0.132812   Iterations per second: 36.3426   Simulation time per second: 0.141963
INFO (CarpetX): Grid cells: 4096   Grid cell updates per second: 148859
INFO (CarpetX): Performance:
INFO (CarpetX):   total evolution time:            0.937832 sec
INFO (CarpetX):   total evolution compute time:    0.937176 sec
INFO (CarpetX):   total evolution output time:     0.00065589 sec
INFO (CarpetX):   total iterations:                34
INFO (CarpetX):   total cells updated:             139264
INFO (CarpetX):   average iterations per second: 36.2538
INFO (CarpetX):   average cell updates per second: 148496
INFO (CarpetX): OutputGH: iteration 35, time 0.136719, run time 3 s
INFO (CarpetX): OutputGH done.
INFO (CarpetX): Simulation time: 0.136719   Iterations per second: 36.374   Simulation time per second: 0.142086
INFO (CarpetX): Grid cells: 4096   Grid cell updates per second: 148988
INFO (CarpetX): Performance:
INFO (CarpetX):   total evolution time:            0.96511 sec
INFO (CarpetX):   total evolution compute time:    0.964437 sec
INFO (CarpetX):   total evolution output time:     0.000672817 sec
INFO (CarpetX):   total iterations:                35
INFO (CarpetX):   total cells updated:             143360
INFO (CarpetX):   average iterations per second: 36.2653
INFO (CarpetX):   average cell updates per second: 148543
INFO (CarpetX): OutputGH: iteration 36, time 0.140625, run time 3 s
INFO (CarpetX): OutputGH done.
INFO (CarpetX): Simulation time: 0.140625   Iterations per second: 36.3997   Simulation time per second: 0.142186
INFO (CarpetX): Grid cells: 4096   Grid cell updates per second: 149093
INFO (CarpetX): Performance:
INFO (CarpetX):   total evolution time:            0.992408 sec
INFO (CarpetX):   total evolution compute time:    0.991717 sec
INFO (CarpetX):   total evolution output time:     0.000690699 sec
INFO (CarpetX):   total iterations:                36
INFO (CarpetX):   total cells updated:             147456
INFO (CarpetX):   average iterations per second: 36.2754
INFO (CarpetX):   average cell updates per second: 148584
INFO (CarpetX): OutputGH: iteration 37, time 0.144531, run time 3 s
INFO (CarpetX): OutputGH done.
INFO (CarpetX): Simulation time: 0.144531   Iterations per second: 36.4165   Simulation time per second: 0.142252
INFO (CarpetX): Grid cells: 4096   Grid cell updates per second: 149162
INFO (CarpetX): Performance:
INFO (CarpetX):   total evolution time:            1.01975 sec
INFO (CarpetX):   total evolution compute time:    1.01904 sec
INFO (CarpetX):   total evolution output time:     0.000711918 sec
INFO (CarpetX):   total iterations:                37
INFO (CarpetX):   total cells updated:             151552
INFO (CarpetX):   average iterations per second: 36.2833
INFO (CarpetX):   average cell updates per second: 148616
INFO (CarpetX): OutputGH: iteration 38, time 0.148438, run time 3 s
INFO (CarpetX): OutputGH done.
INFO (CarpetX): Simulation time: 0.148438   Iterations per second: 36.4348   Simulation time per second: 0.142323
INFO (CarpetX): Grid cells: 4096   Grid cell updates per second: 149237
INFO (CarpetX): Performance:
INFO (CarpetX):   total evolution time:            1.04708 sec
INFO (CarpetX):   total evolution compute time:    1.04635 sec
INFO (CarpetX):   total evolution output time:     0.000730991 sec
INFO (CarpetX):   total iterations:                38
INFO (CarpetX):   total cells updated:             155648
INFO (CarpetX):   average iterations per second: 36.2915
INFO (CarpetX):   average cell updates per second: 148650
INFO (CarpetX): OutputGH: iteration 39, time 0.152344, run time 3 s
INFO (CarpetX): OutputGH done.
INFO (CarpetX): Simulation time: 0.152344   Iterations per second: 36.4465   Simulation time per second: 0.142369
INFO (CarpetX): Grid cells: 4096   Grid cell updates per second: 149285
INFO (CarpetX): Performance:
INFO (CarpetX):   total evolution time:            1.07443 sec
INFO (CarpetX):   total evolution compute time:    1.07368 sec
INFO (CarpetX):   total evolution output time:     0.00075388 sec
INFO (CarpetX):   total iterations:                39
INFO (CarpetX):   total cells updated:             159744
INFO (CarpetX):   average iterations per second: 36.2982
INFO (CarpetX):   average cell updates per second: 148677
INFO (CarpetX): OutputGH: iteration 40, time 0.156250, run time 3 s
INFO (CarpetX): OutputGH done.
INFO (CarpetX): Simulation time: 0.15625   Iterations per second: 36.4515   Simulation time per second: 0.142389
INFO (CarpetX): Grid cells: 4096   Grid cell updates per second: 149305
INFO (CarpetX): Performance:
INFO (CarpetX):   total evolution time:            1.10183 sec
INFO (CarpetX):   total evolution compute time:    1.10106 sec
INFO (CarpetX):   total evolution output time:     0.000775814 sec
INFO (CarpetX):   total iterations:                40
INFO (CarpetX):   total cells updated:             163840
INFO (CarpetX):   average iterations per second: 36.3031
INFO (CarpetX):   average cell updates per second: 148698
INFO (CarpetX): OutputGH: iteration 41, time 0.160156, run time 3 s
INFO (CarpetX): OutputGH done.
INFO (CarpetX): Simulation time: 0.160156   Iterations per second: 36.465   Simulation time per second: 0.142442
INFO (CarpetX): Grid cells: 4096   Grid cell updates per second: 149361
INFO (CarpetX): Performance:
INFO (CarpetX):   total evolution time:            1.12917 sec
INFO (CarpetX):   total evolution compute time:    1.12837 sec
INFO (CarpetX):   total evolution output time:     0.000792742 sec
INFO (CarpetX):   total iterations:                41
INFO (CarpetX):   total cells updated:             167936
INFO (CarpetX):   average iterations per second: 36.31
INFO (CarpetX):   average cell updates per second: 148726
INFO (CarpetX): OutputGH: iteration 42, time 0.164062, run time 3 s
INFO (CarpetX): OutputGH done.
INFO (CarpetX): Simulation time: 0.164062   Iterations per second: 36.4612   Simulation time per second: 0.142427
INFO (CarpetX): Grid cells: 4096   Grid cell updates per second: 149345
INFO (CarpetX): Performance:
INFO (CarpetX):   total evolution time:            1.15662 sec
INFO (CarpetX):   total evolution compute time:    1.1558 sec
INFO (CarpetX):   total evolution output time:     0.000814676 sec
INFO (CarpetX):   total iterations:                42
INFO (CarpetX):   total cells updated:             172032
INFO (CarpetX):   average iterations per second: 36.3128
INFO (CarpetX):   average cell updates per second: 148737
INFO (CarpetX): OutputGH: iteration 43, time 0.167969, run time 3 s
INFO (CarpetX): OutputGH done.
INFO (CarpetX): Simulation time: 0.167969   Iterations per second: 36.4544   Simulation time per second: 0.1424
INFO (CarpetX): Grid cells: 4096   Grid cell updates per second: 149317
INFO (CarpetX): Performance:
INFO (CarpetX):   total evolution time:            1.1841 sec
INFO (CarpetX):   total evolution compute time:    1.18327 sec
INFO (CarpetX):   total evolution output time:     0.000829697 sec
INFO (CarpetX):   total iterations:                43
INFO (CarpetX):   total cells updated:             176128
INFO (CarpetX):   average iterations per second: 36.3146
INFO (CarpetX):   average cell updates per second: 148745
INFO (CarpetX): OutputGH: iteration 44, time 0.171875, run time 3 s
INFO (CarpetX): OutputGH done.
INFO (CarpetX): Simulation time: 0.171875   Iterations per second: 36.4282   Simulation time per second: 0.142298
INFO (CarpetX): Grid cells: 4096   Grid cell updates per second: 149210
INFO (CarpetX): Performance:
INFO (CarpetX):   total evolution time:            1.21172 sec
INFO (CarpetX):   total evolution compute time:    1.21088 sec
INFO (CarpetX):   total evolution output time:     0.000849724 sec
INFO (CarpetX):   total iterations:                44
INFO (CarpetX):   total cells updated:             180224
INFO (CarpetX):   average iterations per second: 36.3119
INFO (CarpetX):   average cell updates per second: 148733
INFO (CarpetX): OutputGH: iteration 45, time 0.175781, run time 3 s
INFO (CarpetX): OutputGH done.
INFO (CarpetX): Simulation time: 0.175781   Iterations per second: 36.423   Simulation time per second: 0.142277
INFO (CarpetX): Grid cells: 4096   Grid cell updates per second: 149189
INFO (CarpetX): Performance:
INFO (CarpetX):   total evolution time:            1.23922 sec
INFO (CarpetX):   total evolution compute time:    1.23835 sec
INFO (CarpetX):   total evolution output time:     0.000869751 sec
INFO (CarpetX):   total iterations:                45
INFO (CarpetX):   total cells updated:             184320
INFO (CarpetX):   average iterations per second: 36.3133
INFO (CarpetX):   average cell updates per second: 148739
INFO (CarpetX): OutputGH: iteration 46, time 0.179688, run time 3 s
INFO (CarpetX): OutputGH done.
INFO (CarpetX): Simulation time: 0.179688   Iterations per second: 36.4256   Simulation time per second: 0.142287
INFO (CarpetX): Grid cells: 4096   Grid cell updates per second: 149199
INFO (CarpetX): Performance:
INFO (CarpetX):   total evolution time:            1.26665 sec
INFO (CarpetX):   total evolution compute time:    1.26577 sec
INFO (CarpetX):   total evolution output time:     0.000885725 sec
INFO (CarpetX):   total iterations:                46
INFO (CarpetX):   total cells updated:             188416
INFO (CarpetX):   average iterations per second: 36.3162
INFO (CarpetX):   average cell updates per second: 148751
INFO (CarpetX): OutputGH: iteration 47, time 0.183594, run time 3 s
INFO (CarpetX): OutputGH done.
INFO (CarpetX): Simulation time: 0.183594   Iterations per second: 36.4273   Simulation time per second: 0.142294
INFO (CarpetX): Grid cells: 4096   Grid cell updates per second: 149206
INFO (CarpetX): Performance:
INFO (CarpetX):   total evolution time:            1.29409 sec
INFO (CarpetX):   total evolution compute time:    1.29318 sec
INFO (CarpetX):   total evolution output time:     0.00090766 sec
INFO (CarpetX):   total iterations:                47
INFO (CarpetX):   total cells updated:             192512
INFO (CarpetX):   average iterations per second: 36.3189
INFO (CarpetX):   average cell updates per second: 148762
INFO (CarpetX): OutputGH: iteration 48, time 0.187500, run time 3 s
INFO (CarpetX): OutputGH done.
INFO (CarpetX): Simulation time: 0.1875   Iterations per second: 36.4305   Simulation time per second: 0.142307
INFO (CarpetX): Grid cells: 4096   Grid cell updates per second: 149219
INFO (CarpetX): Performance:
INFO (CarpetX):   total evolution time:            1.32152 sec
INFO (CarpetX):   total evolution compute time:    1.3206 sec
INFO (CarpetX):   total evolution output time:     0.000923872 sec
INFO (CarpetX):   total iterations:                48
INFO (CarpetX):   total cells updated:             196608
INFO (CarpetX):   average iterations per second: 36.3218
INFO (CarpetX):   average cell updates per second: 148774
INFO (CarpetX): OutputGH: iteration 49, time 0.191406, run time 3 s
INFO (CarpetX): OutputGH done.
INFO (CarpetX): Simulation time: 0.191406   Iterations per second: 36.4341   Simulation time per second: 0.142321
INFO (CarpetX): Grid cells: 4096   Grid cell updates per second: 149234
INFO (CarpetX): Performance:
INFO (CarpetX):   total evolution time:            1.34894 sec
INFO (CarpetX):   total evolution compute time:    1.348 sec
INFO (CarpetX):   total evolution output time:     0.000938892 sec
INFO (CarpetX):   total iterations:                49
INFO (CarpetX):   total cells updated:             200704
INFO (CarpetX):   average iterations per second: 36.3248
INFO (CarpetX):   average cell updates per second: 148786
INFO (CarpetX): OutputGH: iteration 50, time 0.195312, run time 3 s
INFO (CarpetX): OutputGH done.
INFO (CarpetX): Simulation time: 0.195312   Iterations per second: 36.4421   Simulation time per second: 0.142352
INFO (CarpetX): Grid cells: 4096   Grid cell updates per second: 149267
INFO (CarpetX): Performance:
INFO (CarpetX):   total evolution time:            1.37633 sec
INFO (CarpetX):   total evolution compute time:    1.37537 sec
INFO (CarpetX):   total evolution output time:     0.000954866 sec
INFO (CarpetX):   total iterations:                50
INFO (CarpetX):   total cells updated:             204800
INFO (CarpetX):   average iterations per second: 36.3286
INFO (CarpetX):   average cell updates per second: 148802
INFO (CarpetX): OutputGH: iteration 51, time 0.199219, run time 3 s
INFO (CarpetX): OutputGH done.
INFO (CarpetX): Simulation time: 0.199219   Iterations per second: 36.456   Simulation time per second: 0.142406
INFO (CarpetX): Grid cells: 4096   Grid cell updates per second: 149324
INFO (CarpetX): Performance:
INFO (CarpetX):   total evolution time:            1.40366 sec
INFO (CarpetX):   total evolution compute time:    1.40269 sec
INFO (CarpetX):   total evolution output time:     0.000975847 sec
INFO (CarpetX):   total iterations:                51
INFO (CarpetX):   total cells updated:             208896
INFO (CarpetX):   average iterations per second: 36.3335
INFO (CarpetX):   average cell updates per second: 148822
INFO (CarpetX): OutputGH: iteration 52, time 0.203125, run time 3 s
INFO (CarpetX): OutputGH done.
INFO (CarpetX): Simulation time: 0.203125   Iterations per second: 36.4224   Simulation time per second: 0.142275
INFO (CarpetX): Grid cells: 4096   Grid cell updates per second: 149186
INFO (CarpetX): Performance:
INFO (CarpetX):   total evolution time:            1.43135 sec
INFO (CarpetX):   total evolution compute time:    1.43035 sec
INFO (CarpetX):   total evolution output time:     0.00100183 sec
INFO (CarpetX):   total iterations:                52
INFO (CarpetX):   total cells updated:             212992
INFO (CarpetX):   average iterations per second: 36.3294
INFO (CarpetX):   average cell updates per second: 148805
INFO (CarpetX): OutputGH: iteration 53, time 0.207031, run time 3 s
INFO (CarpetX): OutputGH done.
INFO (CarpetX): Simulation time: 0.207031   Iterations per second: 36.3902   Simulation time per second: 0.142149
INFO (CarpetX): Grid cells: 4096   Grid cell updates per second: 149054
INFO (CarpetX): Performance:
INFO (CarpetX):   total evolution time:            1.45905 sec
INFO (CarpetX):   total evolution compute time:    1.45802 sec
INFO (CarpetX):   total evolution output time:     0.00102282 sec
INFO (CarpetX):   total iterations:                53
INFO (CarpetX):   total cells updated:             217088
INFO (CarpetX):   average iterations per second: 36.3251
INFO (CarpetX):   average cell updates per second: 148788
INFO (CarpetX): OutputGH: iteration 54, time 0.210938, run time 3 s
INFO (CarpetX): OutputGH done.
INFO (CarpetX): Simulation time: 0.210938   Iterations per second: 36.3676   Simulation time per second: 0.142061
INFO (CarpetX): Grid cells: 4096   Grid cell updates per second: 148962
INFO (CarpetX): Performance:
INFO (CarpetX):   total evolution time:            1.4867 sec
INFO (CarpetX):   total evolution compute time:    1.48565 sec
INFO (CarpetX):   total evolution output time:     0.0010488 sec
INFO (CarpetX):   total iterations:                54
INFO (CarpetX):   total cells updated:             221184
INFO (CarpetX):   average iterations per second: 36.3221
INFO (CarpetX):   average cell updates per second: 148775
INFO (CarpetX): OutputGH: iteration 55, time 0.214844, run time 3 s
INFO (CarpetX): OutputGH done.
INFO (CarpetX): Simulation time: 0.214844   Iterations per second: 36.3571   Simulation time per second: 0.14202
INFO (CarpetX): Grid cells: 4096   Grid cell updates per second: 148919
INFO (CarpetX): Performance:
INFO (CarpetX):   total evolution time:            1.51427 sec
INFO (CarpetX):   total evolution compute time:    1.5132 sec
INFO (CarpetX):   total evolution output time:     0.00107384 sec
INFO (CarpetX):   total iterations:                55
INFO (CarpetX):   total cells updated:             225280
INFO (CarpetX):   average iterations per second: 36.3211
INFO (CarpetX):   average cell updates per second: 148771
INFO (CarpetX): OutputGH: iteration 56, time 0.218750, run time 3 s
INFO (CarpetX): OutputGH done.
INFO (CarpetX): Simulation time: 0.21875   Iterations per second: 36.3673   Simulation time per second: 0.14206
INFO (CarpetX): Grid cells: 4096   Grid cell updates per second: 148961
INFO (CarpetX): Performance:
INFO (CarpetX):   total evolution time:            1.5417 sec
INFO (CarpetX):   total evolution compute time:    1.54061 sec
INFO (CarpetX):   total evolution output time:     0.00108981 sec
INFO (CarpetX):   total iterations:                56
INFO (CarpetX):   total cells updated:             229376
INFO (CarpetX):   average iterations per second: 36.3235
INFO (CarpetX):   average cell updates per second: 148781
INFO (CarpetX): OutputGH: iteration 57, time 0.222656, run time 3 s
INFO (CarpetX): OutputGH done.
INFO (CarpetX): Simulation time: 0.222656   Iterations per second: 36.3929   Simulation time per second: 0.14216
INFO (CarpetX): Grid cells: 4096   Grid cell updates per second: 149065
INFO (CarpetX): Performance:
INFO (CarpetX):   total evolution time:            1.569 sec
INFO (CarpetX):   total evolution compute time:    1.5679 sec
INFO (CarpetX):   total evolution output time:     0.00110483 sec
INFO (CarpetX):   total iterations:                57
INFO (CarpetX):   total cells updated:             233472
INFO (CarpetX):   average iterations per second: 36.3288
INFO (CarpetX):   average cell updates per second: 148803
INFO (CarpetX): OutputGH: iteration 58, time 0.226562, run time 3 s
INFO (CarpetX): OutputGH done.
INFO (CarpetX): Simulation time: 0.226562   Iterations per second: 36.3832   Simulation time per second: 0.142122
INFO (CarpetX): Grid cells: 4096   Grid cell updates per second: 149026
INFO (CarpetX): Performance:
INFO (CarpetX):   total evolution time:            1.59656 sec
INFO (CarpetX):   total evolution compute time:    1.59543 sec
INFO (CarpetX):   total evolution output time:     0.00112796 sec
INFO (CarpetX):   total iterations:                58
INFO (CarpetX):   total cells updated:             237568
INFO (CarpetX):   average iterations per second: 36.3282
INFO (CarpetX):   average cell updates per second: 148800
INFO (CarpetX): OutputGH: iteration 59, time 0.230469, run time 3 s
INFO (CarpetX): OutputGH done.
INFO (CarpetX): Simulation time: 0.230469   Iterations per second: 36.399   Simulation time per second: 0.142184
INFO (CarpetX): Grid cells: 4096   Grid cell updates per second: 149090
INFO (CarpetX): Performance:
INFO (CarpetX):   total evolution time:            1.62392 sec
INFO (CarpetX):   total evolution compute time:    1.62278 sec
INFO (CarpetX):   total evolution output time:     0.00114489 sec
INFO (CarpetX):   total iterations:                59
INFO (CarpetX):   total cells updated:             241664
INFO (CarpetX):   average iterations per second: 36.3318
INFO (CarpetX):   average cell updates per second: 148815
INFO (CarpetX): OutputGH: iteration 60, time 0.234375, run time 3 s
INFO (CarpetX): OutputGH done.
INFO (CarpetX): Simulation time: 0.234375   Iterations per second: 36.4189   Simulation time per second: 0.142261
INFO (CarpetX): Grid cells: 4096   Grid cell updates per second: 149172
INFO (CarpetX): Performance:
INFO (CarpetX):   total evolution time:            1.65124 sec
INFO (CarpetX):   total evolution compute time:    1.65008 sec
INFO (CarpetX):   total evolution output time:     0.00116491 sec
INFO (CarpetX):   total iterations:                60
INFO (CarpetX):   total cells updated:             245760
INFO (CarpetX):   average iterations per second: 36.3362
INFO (CarpetX):   average cell updates per second: 148833
INFO (CarpetX): OutputGH: iteration 61, time 0.238281, run time 3 s
INFO (CarpetX): OutputGH done.
INFO (CarpetX): Simulation time: 0.238281   Iterations per second: 36.4199   Simulation time per second: 0.142265
INFO (CarpetX): Grid cells: 4096   Grid cell updates per second: 149176
INFO (CarpetX): Performance:
INFO (CarpetX):   total evolution time:            1.6787 sec
INFO (CarpetX):   total evolution compute time:    1.67752 sec
INFO (CarpetX):   total evolution output time:     0.00117993 sec
INFO (CarpetX):   total iterations:                61
INFO (CarpetX):   total cells updated:             249856
INFO (CarpetX):   average iterations per second: 36.3377
INFO (CarpetX):   average cell updates per second: 148839
INFO (CarpetX): OutputGH: iteration 62, time 0.242188, run time 3 s
INFO (CarpetX): OutputGH done.
INFO (CarpetX): Simulation time: 0.242188   Iterations per second: 36.4412   Simulation time per second: 0.142348
INFO (CarpetX): Grid cells: 4096   Grid cell updates per second: 149263
INFO (CarpetX): Performance:
INFO (CarpetX):   total evolution time:            1.70599 sec
INFO (CarpetX):   total evolution compute time:    1.7048 sec
INFO (CarpetX):   total evolution output time:     0.00119591 sec
INFO (CarpetX):   total iterations:                62
INFO (CarpetX):   total cells updated:             253952
INFO (CarpetX):   average iterations per second: 36.3425
INFO (CarpetX):   average cell updates per second: 148859
INFO (CarpetX): OutputGH: iteration 63, time 0.246094, run time 3 s
INFO (CarpetX): OutputGH done.
INFO (CarpetX): Simulation time: 0.246094   Iterations per second: 36.4507   Simulation time per second: 0.142385
INFO (CarpetX): Grid cells: 4096   Grid cell updates per second: 149302
INFO (CarpetX): Performance:
INFO (CarpetX):   total evolution time:            1.73336 sec
INFO (CarpetX):   total evolution compute time:    1.73215 sec
INFO (CarpetX):   total evolution output time:     0.00121593 sec
INFO (CarpetX):   total iterations:                63
INFO (CarpetX):   total cells updated:             258048
INFO (CarpetX):   average iterations per second: 36.3455
INFO (CarpetX):   average cell updates per second: 148871
INFO (CarpetX): OutputGH: iteration 64, time 0.250000, run time 3 s
INFO (CarpetX): OutputGH done.
INFO (CarpetX): Simulation time: 0.25   Iterations per second: 11.4631   Simulation time per second: 0.0447776
INFO (CarpetX): Grid cells: 4096   Grid cell updates per second: 46952.8
INFO (CarpetX): Performance:
INFO (CarpetX):   total evolution time:            2.35882 sec
INFO (CarpetX):   total evolution compute time:    1.76245 sec
INFO (CarpetX):   total evolution output time:     0.596373 sec
INFO (CarpetX):   total iterations:                64
INFO (CarpetX):   total cells updated:             262144
INFO (CarpetX):   average iterations per second: 27.1322
INFO (CarpetX):   average cell updates per second: 111134
INFO (CarpetX): Shutting down...
AMReX (25.11) finalized
--------------------------------------------------------------------------------
Done.
+ echo Stopping:
Stopping:
+ date
Fri Sep 18 17:39:49 UTC 2026
+ echo Done.
Done.
  Elapsed time: 3.7 s
