/home/runner/simulations/TestJob01_temp_1/output-0000/TEST/sim/CanudaX_BSSNMoL
Preparing:
+ set -e
+ cd output-0000-active
+ echo Checking:
Checking:
+ pwd
/home/runner/simulations/TestJob01_temp_1/output-0000/TEST/sim/CanudaX_BSSNMoL/output-0000-active
+ hostname
runnervm1li68
+ date
Sat Jun 13 01:52:50 UTC 2026
+ echo Environment:
Environment:
+ export CACTUS_NUM_PROCS=1
+ CACTUS_NUM_PROCS=1
+ export CACTUS_NUM_THREADS=2
+ CACTUS_NUM_THREADS=2
+ export GMON_OUT_PREFIX=gmon.out
+ GMON_OUT_PREFIX=gmon.out
+ export OMP_NUM_THREADS=2
+ OMP_NUM_THREADS=2
+ env
+ sort
+ echo Starting:
Starting:
++ date +%s
+ export CACTUS_STARTTIME=1781315570
+ CACTUS_STARTTIME=1781315570
+ '[' 1 = 1 ']'
+ '[' 0 -eq 0 ']'
+ /home/runner/simulations/TestJob01_temp_1/SIMFACTORY/exe/cactus_sim -L 3 /home/runner/simulations/TestJob01_temp_1/output-0000/arrangements/CanudaX/CanudaX_BSSNMoL/test/gaugewave.par
INFO (Cactus): Increased logging level from 0 to 3
--------------------------------------------------------------------------------

       10                                  
  1   0101       ************************  
  01  1010 10      The Cactus Code V4.20.0    
 1010 1101 011      www.cactuscode.org     
  1001 100101    ************************  
    00010101                               
     100011     (c) Copyright The Authors  
      0100      GNU Licensed. No Warranty  
      0101                                 
--------------------------------------------------------------------------------

Cactus version:    4.20.0
Compile date:      Jun 13 2026 (01:50:01)
Run date:          Jun 13 2026 (01:52:51+0000)
Run host:          runnervm1li68.abrabpfcngqevmtptynlx2t34f.dx.internal.cloudapp.net (pid=173345)
Working directory: /home/runner/simulations/TestJob01_temp_1/output-0000/TEST/sim/CanudaX_BSSNMoL
Executable:        /home/runner/simulations/TestJob01_temp_1/SIMFACTORY/exe/cactus_sim
Parameter file:    /home/runner/simulations/TestJob01_temp_1/output-0000/arrangements/CanudaX/CanudaX_BSSNMoL/test/gaugewave.par
--------------------------------------------------------------------------------

Activating thorn Cactus...Success -> active implementation Cactus
Activation requested for 
--->ADMBaseX CanudaX_BSSNMoL CanudaX_ExactID CarpetX IOUtil ODESolvers TmunuBaseX<---
Thorn ADMBaseX requests automatic activation of Loop
Thorn CarpetX requests automatic activation of AMReX
Thorn CarpetX requests automatic activation of MPI
Thorn CarpetX requests automatic activation of yaml_cpp
Thorn CarpetX requests automatic activation of zlib
Thorn CarpetX requests automatic activation of Arith
Thorn CarpetX requests automatic activation of CarpetXRegrid
Thorn CarpetX requests automatic activation of ADIOS2
Thorn CarpetX requests automatic activation of openPMD
Thorn CarpetX requests automatic activation of Silo
Thorn ADIOS2 requests automatic activation of CMake
Thorn Arith requests automatic activation of NSIMD
Thorn MPI requests automatic activation of hwloc
Thorn openPMD requests automatic activation of HDF5
Activating thorn ADIOS2...Success -> active implementation ADIOS2
Activating thorn ADMBaseX...Success -> active implementation ADMBaseX
Activating thorn AMReX...Success -> active implementation AMReX
Activating thorn Arith...Success -> active implementation Arith
Activating thorn CanudaX_BSSNMoL...Success -> active implementation CanudaX_BSSNMoL
Activating thorn CanudaX_ExactID...Success -> active implementation CanudaX_ExactID
Activating thorn CarpetX...Success -> active implementation Driver
Activating thorn CarpetXRegrid...Success -> active implementation CarpetXRegrid
Activating thorn CMake...Success -> active implementation CMake
Activating thorn HDF5...Success -> active implementation HDF5
Activating thorn hwloc...Success -> active implementation hwloc
Activating thorn IOUtil...Success -> active implementation IO
Activating thorn Loop...Success -> active implementation Loop
Activating thorn MPI...Success -> active implementation MPI
Activating thorn NSIMD...Success -> active implementation NSIMD
Activating thorn ODESolvers...Success -> active implementation ODESolvers
Activating thorn openPMD...Success -> active implementation openPMD
Activating thorn Silo...Success -> active implementation Silo
Activating thorn TmunuBaseX...Success -> active implementation TmunuBaseX
Activating thorn yaml_cpp...Success -> active implementation yaml_cpp
Activating thorn zlib...Success -> active implementation zlib
--------------------------------------------------------------------------------
  if (recover initial data)
    Recover parameters
  endif

  Startup routines
    [CCTK_STARTUP]
      CarpetX::Driver_Startup: Start up the driver
      IOUtil::IOUtil_Startup: Startup routine
      GROUP hwloc_startup: hwloc startup group
        hwloc::hwloc_version: Output hwloc version

  Startup routines which need an existing grid hierarchy
    [CCTK_WRAGH]
      Arith::Test_smallvector: [meta] Test small vectors
      Arith::Test_spvect: [meta] Test sparse vectors
      ODESolvers::ODESolvers_InitConstants: [global] Set up dummy loop counters for schedule printout
  Parameter checking routines
    [CCTK_PARAMCHECK]
      CanudaX_BSSNMoL::CanudaX_BSSNMoL_paramcheck: Check CanudaX_BSSNMoL parameters for consistency

  Initialisation
    if (NOT (recover initial data AND recovery_mode is 'strict'))
      [CCTK_PREREGRIDINITIAL]
      Set up grid hierarchy
      [CCTK_POSTREGRIDINITIAL]
      [CCTK_BASEGRID]
        CarpetXRegrid::CarpetXRegrid_InitError: Initialize regridding error to zero
        GROUP ODESolvers_BaseGrid: Set up constants (e.g. coordinates) everywhere on the grid
      [CCTK_INITIAL]
        GROUP TmunuBaseX_SetTmunuVars: Schedule group for setting T_munu
          TmunuBaseX::TmunuBaseX_ZeroTmunu: Set T_munu to zero
          GROUP TmunuBaseX_AddToTmunu: Add to T_munu here
        GROUP ODESolvers_Initial: Set up initial conditions on interior of state vector
          GROUP ADMBaseX_InitialData: Schedule group for calculating ADM initial data
            GROUP CanudaX_ExactIDGroup: CanudaX_ExactID group for setting up initial data
              CanudaX_ExactID::CanudaX_ExactID_GaugeWave: [local] Create gauge wave initial data
          GROUP ADMBaseX_InitialGauge: Schedule group for the ADM initial gauge condition
            ADMBaseX::ADMBaseX_initial_dtlapse: Set dtlapse to zero
            ADMBaseX::ADMBaseX_initial_dtshift: Set dtshift to zero
          GROUP ADMBaseX_PostInitial: Schedule group for modifying the ADM initial data, such as e.g. adding noise
        GROUP CanudaX_BSSNMoL_InitialGroup: CanudaX_BSSNMoL: initial bin
          CanudaX_BSSNMoL::CanudaX_BSSNMoL_adm2bssn: [local] Convert initial data into BSSN variables
          CanudaX_BSSNMoL::CanudaX_BSSNMoL_gammat: [local] Set Gammat initial data
      [CCTK_POSTINITIAL]
        GROUP ODESolvers_PostStep: Apply boundary conditions to state vector, and project if necessary
          GROUP CanudaX_BSSNMoL_PostStepGroup: CanudaX_BSSNMoL: post-step operations
            CanudaX_BSSNMoL::CanudaX_BSSNMoL_impose_conf_fac_floor: Make sure conformal factor does not drop below specified value
            CanudaX_BSSNMoL::CanudaX_BSSNMoL_reset_detmetric: reset dethh = 1
            CanudaX_BSSNMoL::CanudaX_BSSNMoL_remove_trA: Remove trace of A
            CanudaX_BSSNMoL::CanudaX_BSSNMoL_sync: [global] Sync state vector
            CanudaX_BSSNMoL::CanudaX_BSSNMoL_bssn2adm: [local] Convert variables back to the ADM ones
          GROUP ADMBaseX_SetADMRHS: Set ADM RHS variables in this group
          GROUP ADMBaseX_SetADMVars: Set ADM variables in this group
          GROUP TmunuBaseX_SetTmunuVars: Schedule group for setting T_munu
            TmunuBaseX::TmunuBaseX_ZeroTmunu: Set T_munu to zero
            GROUP TmunuBaseX_AddToTmunu: Add to T_munu here
        GROUP ODESolvers_EstimateError: Estimate discretization error (for regridding)
      Initialise finer grids recursively
      Restrict from finer grids
      [CCTK_POSTRESTRICTINITIAL]
      [CCTK_POSTPOSTINITIAL]
      [CCTK_POSTSTEP]
        GROUP ODESolvers_EstimateError: Estimate discretization error (for regridding)
    endif
    if (recover initial data)
      [CCTK_BASEGRID]
        CarpetXRegrid::CarpetXRegrid_InitError: Initialize regridding error to zero
        GROUP ODESolvers_BaseGrid: Set up constants (e.g. coordinates) everywhere on the grid
      [CCTK_RECOVER_VARIABLES]
      [CCTK_POST_RECOVER_VARIABLES]
        GROUP ODESolvers_PostStep: Apply boundary conditions to state vector, and project if necessary
          GROUP CanudaX_BSSNMoL_PostStepGroup: CanudaX_BSSNMoL: post-step operations
            CanudaX_BSSNMoL::CanudaX_BSSNMoL_impose_conf_fac_floor: Make sure conformal factor does not drop below specified value
            CanudaX_BSSNMoL::CanudaX_BSSNMoL_reset_detmetric: reset dethh = 1
            CanudaX_BSSNMoL::CanudaX_BSSNMoL_remove_trA: Remove trace of A
            CanudaX_BSSNMoL::CanudaX_BSSNMoL_sync: [global] Sync state vector
            CanudaX_BSSNMoL::CanudaX_BSSNMoL_bssn2adm: [local] Convert variables back to the ADM ones
          GROUP ADMBaseX_SetADMRHS: Set ADM RHS variables in this group
          GROUP ADMBaseX_SetADMVars: Set ADM variables in this group
          GROUP TmunuBaseX_SetTmunuVars: Schedule group for setting T_munu
            TmunuBaseX::TmunuBaseX_ZeroTmunu: Set T_munu to zero
            GROUP TmunuBaseX_AddToTmunu: Add to T_munu here
        GROUP ODESolvers_EstimateError: Estimate discretization error (for regridding)
    endif
    if (checkpoint initial data)
      [CCTK_CPINITIAL]
        CarpetX::CarpetX_CheckpointInitial: [meta] Checkpoint initial conditions
    endif
    if (analysis)
      [CCTK_ANALYSIS]
        CanudaX_BSSNMoL::CanudaX_BSSNMoL_bssn_constraints: Compute constraints
        GROUP ODESolvers_Analysis: Calculate analysis quantities everywhere
  endif
  Output grid variables

  do loop over timesteps
    [CCTK_PREREGRID]
    Change grid hierarchy
    [CCTK_POSTREGRID]
      GROUP ODESolvers_PostStep: Apply boundary conditions to state vector, and project if necessary
        GROUP CanudaX_BSSNMoL_PostStepGroup: CanudaX_BSSNMoL: post-step operations
          CanudaX_BSSNMoL::CanudaX_BSSNMoL_impose_conf_fac_floor: Make sure conformal factor does not drop below specified value
          CanudaX_BSSNMoL::CanudaX_BSSNMoL_reset_detmetric: reset dethh = 1
          CanudaX_BSSNMoL::CanudaX_BSSNMoL_remove_trA: Remove trace of A
          CanudaX_BSSNMoL::CanudaX_BSSNMoL_sync: [global] Sync state vector
          CanudaX_BSSNMoL::CanudaX_BSSNMoL_bssn2adm: [local] Convert variables back to the ADM ones
        GROUP ADMBaseX_SetADMRHS: Set ADM RHS variables in this group
        GROUP ADMBaseX_SetADMVars: Set ADM variables in this group
        GROUP TmunuBaseX_SetTmunuVars: Schedule group for setting T_munu
          TmunuBaseX::TmunuBaseX_ZeroTmunu: Set T_munu to zero
          GROUP TmunuBaseX_AddToTmunu: Add to T_munu here
    Rotate timelevels
    iteration = iteration+1
    t = t+dt
    [CCTK_PRESTEP]
    [CCTK_EVOL]
      ODESolvers::ODESolvers_Solve: [level] Solve ODEs
      while (ODESolvers::do_substeps)
        GROUP ODESolvers_CalledBySolve: Groups internally scheduled by ODESolvers_Solve
          GROUP ODESolvers_RHS: Evaluate the RHS for of state vector everywhere on the grid
            GROUP CanudaX_BSSNMoL_RHSGroup: CanudaX_BSSNMoL: calculate BSSN RHS
              CanudaX_BSSNMoL::CanudaX_BSSNMoL_calc_bssn_rhs: MoL RHS calculation
              CanudaX_BSSNMoL::CanudaX_BSSNMoL_apply_boundary_conditions: Apply radiative boundary conditions 
          GROUP ODESolvers_PostStep: Apply boundary conditions to state vector, and project if necessary
            GROUP CanudaX_BSSNMoL_PostStepGroup: CanudaX_BSSNMoL: post-step operations
              CanudaX_BSSNMoL::CanudaX_BSSNMoL_impose_conf_fac_floor: Make sure conformal factor does not drop below specified value
              CanudaX_BSSNMoL::CanudaX_BSSNMoL_reset_detmetric: reset dethh = 1
              CanudaX_BSSNMoL::CanudaX_BSSNMoL_remove_trA: Remove trace of A
              CanudaX_BSSNMoL::CanudaX_BSSNMoL_sync: [global] Sync state vector
              CanudaX_BSSNMoL::CanudaX_BSSNMoL_bssn2adm: [local] Convert variables back to the ADM ones
            GROUP ADMBaseX_SetADMRHS: Set ADM RHS variables in this group
            GROUP ADMBaseX_SetADMVars: Set ADM variables in this group
            GROUP TmunuBaseX_SetTmunuVars: Schedule group for setting T_munu
              TmunuBaseX::TmunuBaseX_ZeroTmunu: Set T_munu to zero
              GROUP TmunuBaseX_AddToTmunu: Add to T_munu here
      end while
    Evolve finer grids recursively
    Restrict from finer grids
    [CCTK_POSTRESTRICT]
      GROUP ODESolvers_PostStep: Apply boundary conditions to state vector, and project if necessary
        GROUP CanudaX_BSSNMoL_PostStepGroup: CanudaX_BSSNMoL: post-step operations
          CanudaX_BSSNMoL::CanudaX_BSSNMoL_impose_conf_fac_floor: Make sure conformal factor does not drop below specified value
          CanudaX_BSSNMoL::CanudaX_BSSNMoL_reset_detmetric: reset dethh = 1
          CanudaX_BSSNMoL::CanudaX_BSSNMoL_remove_trA: Remove trace of A
          CanudaX_BSSNMoL::CanudaX_BSSNMoL_sync: [global] Sync state vector
          CanudaX_BSSNMoL::CanudaX_BSSNMoL_bssn2adm: [local] Convert variables back to the ADM ones
        GROUP ADMBaseX_SetADMRHS: Set ADM RHS variables in this group
        GROUP ADMBaseX_SetADMVars: Set ADM variables in this group
        GROUP TmunuBaseX_SetTmunuVars: Schedule group for setting T_munu
          TmunuBaseX::TmunuBaseX_ZeroTmunu: Set T_munu to zero
          GROUP TmunuBaseX_AddToTmunu: Add to T_munu here
    [CCTK_POSTSTEP]
      GROUP ODESolvers_EstimateError: Estimate discretization error (for regridding)
    if (checkpoint)
      [CCTK_CHECKPOINT]
      CarpetX::CarpetX_Checkpoint: [meta] Checkpoint
    endif
    if (analysis)
      [CCTK_ANALYSIS]
      CanudaX_BSSNMoL::CanudaX_BSSNMoL_bssn_constraints: Compute constraints
      GROUP ODESolvers_Analysis: Calculate analysis quantities everywhere
    endif
    Output grid variables
    enddo

  Termination routines
    [CCTK_TERMINATE]
      CarpetX::CarpetX_CheckpointTerminate: [meta] Checkpoint before terminating

  Shutdown routines
    [CCTK_SHUTDOWN]
      CarpetX::Driver_Shutdown: [meta] Shut down the driver

  Routines run after changing the grid hierarchy:
    [CCTK_POSTREGRID]
      GROUP ODESolvers_PostStep: Apply boundary conditions to state vector, and project if necessary
        GROUP CanudaX_BSSNMoL_PostStepGroup: CanudaX_BSSNMoL: post-step operations
          CanudaX_BSSNMoL::CanudaX_BSSNMoL_impose_conf_fac_floor: Make sure conformal factor does not drop below specified value
          CanudaX_BSSNMoL::CanudaX_BSSNMoL_reset_detmetric: reset dethh = 1
          CanudaX_BSSNMoL::CanudaX_BSSNMoL_remove_trA: Remove trace of A
          CanudaX_BSSNMoL::CanudaX_BSSNMoL_sync: [global] Sync state vector
          CanudaX_BSSNMoL::CanudaX_BSSNMoL_bssn2adm: [local] Convert variables back to the ADM ones
        GROUP ADMBaseX_SetADMRHS: Set ADM RHS variables in this group
        GROUP ADMBaseX_SetADMVars: Set ADM variables in this group
        GROUP TmunuBaseX_SetTmunuVars: Schedule group for setting T_munu
          TmunuBaseX::TmunuBaseX_ZeroTmunu: Set T_munu to zero
          GROUP TmunuBaseX_AddToTmunu: Add to T_munu here
--------------------------------------------------------------------------------
INFO (hwloc): library version 2.10.0, API version 0x20800
--------------------------------------------------------------------------------

  [34m  ▕▏  [34m  ▕▏  [34m  ▕▏  [34m  ▕▏  [34m  ▕▏  [34m  ▕▏  [34m  ▕▏  [34m  ▕▏  [34m  ▕▏  [39m  
  [34m──██──[34m──██──[34m──██──[34m──██──[34m──██──[34m──██──[34m──██──[34m──██──[34m──██──[39m  
  [34m  ▕▏  [34m  ▕▏  [34m  ▕▏  [34m  ▕▏  [34m  ▕▏  [34m  ▕▏  [34m  ▕▏  [34m  ▕▏  [34m  ▕▏  [39m  
  [34m  ▕▏  [32m██████[34m  ▕▏  [34m  ▕▏  [32m██████[34m  ▕▏  [34m  ▕▏  [32m██████[34m  ▕▏  [39m  
  [34m──██──[32m██████[34m──██──[34m──██──[32m██████[34m──██──[34m──██──[32m██████[34m──██──[39m  
  [34m  ▕▏  [32m██████[34m  ▕▏  [34m  ▕▏  [32m██████[34m  ▕▏  [34m  ▕▏  [32m██████[34m  ▕▏  [39m  
  [34m  ▕▏  [34m  ▕▏  [34m  ▕▏  [34m  ▕▏  [34m  ▕▏  [34m  ▕▏  [34m  ▕▏  [34m  ▕▏  [34m  ▕▏  [39m  
  [34m──██──[34m──██──[34m──██──[34m──██──[34m──██──[34m──██──[34m──██──[34m──██──[34m──██──[39m  
  [34m  ▕▏  [34m  ▕▏  [34m  ▕▏  [34m  ▕▏  [34m  ▕▏  [34m  ▕▏  [34m  ▕▏  [34m  ▕▏  [34m  ▕▏  [39m  
  [34m  ▕▏  [34m  ▕▏  [34m  ▕▏  [31m██████[31m██████[31m██████[34m  ▕▏  [34m  ▕▏  [34m  ▕▏  [39m  
  [34m──██──[34m──██──[34m──██──[31m██████[31m██████[31m██████[34m──██──[34m──██──[34m──██──[39m  
  [34m  ▕▏  [34m  ▕▏  [34m  ▕▏  [31m██████[31m██████[31m██████[34m  ▕▏  [34m  ▕▏  [34m  ▕▏  [39m  
  [34m  ▕▏  [32m██████[34m  ▕▏  [31m██████[31m██████[31m██████[34m  ▕▏  [32m██████[34m  ▕▏  [39m  
  [34m──██──[32m██████[34m──██──[31m██████[31m██████[31m██████[34m──██──[32m██████[34m──██──[39m  
  [34m  ▕▏  [32m██████[34m  ▕▏  [31m██████[31m██████[31m██████[34m  ▕▏  [32m██████[34m  ▕▏  [39m  
  [34m  ▕▏  [34m  ▕▏  [34m  ▕▏  [31m██████[31m██████[31m██████[34m  ▕▏  [34m  ▕▏  [34m  ▕▏  [39m  
  [34m──██──[34m──██──[34m──██──[31m██████[31m██████[31m██████[34m──██──[34m──██──[34m──██──[39m  
  [34m  ▕▏  [34m  ▕▏  [34m  ▕▏  [31m██████[31m██████[31m██████[34m  ▕▏  [34m  ▕▏  [34m  ▕▏  [39m  
  [34m  ▕▏  [34m  ▕▏  [34m  ▕▏  [34m  ▕▏  [34m  ▕▏  [34m  ▕▏  [34m  ▕▏  [34m  ▕▏  [34m  ▕▏  [39m  
  [34m──██──[34m──██──[34m──██──[34m──██──[34m──██──[34m──██──[34m──██──[34m──██──[34m──██──[39m  
  [34m  ▕▏  [34m  ▕▏  [34m  ▕▏  [34m  ▕▏  [34m  ▕▏  [34m  ▕▏  [34m  ▕▏  [34m  ▕▏  [34m  ▕▏  [39m  
  [34m  ▕▏  [32m██████[34m  ▕▏  [34m  ▕▏  [32m██████[34m  ▕▏  [34m  ▕▏  [32m██████[34m  ▕▏  [39m  
  [34m──██──[32m██████[34m──██──[34m──██──[32m██████[34m──██──[34m──██──[32m██████[34m──██──[39m  
  [34m  ▕▏  [32m██████[34m  ▕▏  [34m  ▕▏  [32m██████[34m  ▕▏  [34m  ▕▏  [32m██████[34m  ▕▏  [39m  
  [34m  ▕▏  [34m  ▕▏  [34m  ▕▏  [34m  ▕▏  [34m  ▕▏  [34m  ▕▏  [34m  ▕▏  [34m  ▕▏  [34m  ▕▏  [39m  
  [34m──██──[34m──██──[34m──██──[34m──██──[34m──██──[34m──██──[34m──██──[34m──██──[34m──██──[39m  
  [34m  ▕▏  [34m  ▕▏  [34m  ▕▏  [34m  ▕▏  [34m  ▕▏  [34m  ▕▏  [34m  ▕▏  [34m  ▕▏  [34m  ▕▏  [39m  

AMR driver provided by CarpetX,
using AMReX 25.11 (MPI, OpenMP, no accelerators, debug)
--------------------------------------------------------------------------------

Initializing AMReX (25.11)...
MPI initialized with 1 MPI processes
MPI initialized with thread support level 2
OMP initialized with 2 OMP threads
AMReX (25.11) initialized
INFO (CarpetX): 
Symmetries:
  lower x: periodic
  lower y: periodic
  lower z: periodic
  upper x: periodic
  upper y: periodic
  upper z: periodic
Default boundaries:
  lower x: symmetry_boundary
  lower y: symmetry_boundary
  lower z: symmetry_boundary
  upper x: symmetry_boundary
  upper y: symmetry_boundary
  upper z: symmetry_boundary
INFO (Arith): Test_smallvector
INFO (Arith): Test_spvect
INFO (CarpetX): Setting initial values for max_grid_size values for all levels
INFO (CarpetX): Setting up initial conditions...
INFO (CarpetX): Iteration: 0   time: 0   delta_time: 0.00390625
INFO (CarpetX): Patch 0:
INFO (CarpetX):   Grid extent:
INFO (CarpetX):     gsh=[71,15,15]
INFO (CarpetX):     blocking_factor=[8,8,8]
INFO (CarpetX):     max_grid_size=[10000000,10000000,10000000]
INFO (CarpetX):     max_tile_size=[1024000,16,32]
INFO (CarpetX):   Domain extent:
INFO (CarpetX):     xmin=[-0.5,-0.0625,-0.0625]
INFO (CarpetX):     xmax=[0.5,0.0625,0.0625]
INFO (CarpetX):     base dx=[0.015625,0.015625,0.015625]
INFO (CarpetX): Initializing level 0...
INFO (CanudaX_ExactID): Begin Gauge Wave initial data
INFO (CanudaX_ExactID): === End gauge wave initial data ===
INFO (CarpetX): Regridding...
INFO (CarpetX):   level 0: 1 boxes, 4096 cells (100%)
INFO (CarpetX): Initialized 1 levels
INFO (CarpetX): OutputGH: iteration 0, time 0.000000, run time 1 s
INFO (CarpetX): OutputGH done.
INFO (CarpetX): Starting evolution...
INFO (ODESolvers): ODE integrator is RK4
INFO (CarpetX): OutputGH: iteration 1, time 0.003906, run time 2 s
INFO (CarpetX): OutputGH done.
INFO (CarpetX): Simulation time: 0.00390625   Iterations per second: 14.5821   Simulation time per second: 0.0569615
INFO (CarpetX): Grid cells: 4096   Grid cell updates per second: 59728.4
INFO (CarpetX): Performance:
INFO (CarpetX):   total evolution time:            0.0685771 sec
INFO (CarpetX):   total evolution compute time:    0.068568 sec
INFO (CarpetX):   total evolution output time:     9.05991e-06 sec
INFO (CarpetX):   total iterations:                1
INFO (CarpetX):   total cells updated:             4096
INFO (CarpetX):   average iterations per second: 14.5821
INFO (CarpetX):   average cell updates per second: 59728.4
INFO (CarpetX): OutputGH: iteration 2, time 0.007812, run time 2 s
INFO (CarpetX): OutputGH done.
INFO (CarpetX): Simulation time: 0.0078125   Iterations per second: 14.8647   Simulation time per second: 0.0580652
INFO (CarpetX): Grid cells: 4096   Grid cell updates per second: 60885.8
INFO (CarpetX): Performance:
INFO (CarpetX):   total evolution time:            0.134547 sec
INFO (CarpetX):   total evolution compute time:    0.134528 sec
INFO (CarpetX):   total evolution output time:     1.90735e-05 sec
INFO (CarpetX):   total iterations:                2
INFO (CarpetX):   total cells updated:             8192
INFO (CarpetX):   average iterations per second: 14.8647
INFO (CarpetX):   average cell updates per second: 60885.8
INFO (CarpetX): OutputGH: iteration 3, time 0.011719, run time 2 s
INFO (CarpetX): OutputGH done.
INFO (CarpetX): Simulation time: 0.0117188   Iterations per second: 14.9878   Simulation time per second: 0.0585463
INFO (CarpetX): Grid cells: 4096   Grid cell updates per second: 61390.2
INFO (CarpetX): Performance:
INFO (CarpetX):   total evolution time:            0.200162 sec
INFO (CarpetX):   total evolution compute time:    0.200134 sec
INFO (CarpetX):   total evolution output time:     2.7895e-05 sec
INFO (CarpetX):   total iterations:                3
INFO (CarpetX):   total cells updated:             12288
INFO (CarpetX):   average iterations per second: 14.9878
INFO (CarpetX):   average cell updates per second: 61390.2
INFO (CarpetX): OutputGH: iteration 4, time 0.015625, run time 2 s
INFO (CarpetX): OutputGH done.
INFO (CarpetX): Simulation time: 0.015625   Iterations per second: 15.039   Simulation time per second: 0.0587463
INFO (CarpetX): Grid cells: 4096   Grid cell updates per second: 61599.9
INFO (CarpetX): Performance:
INFO (CarpetX):   total evolution time:            0.265974 sec
INFO (CarpetX):   total evolution compute time:    0.265937 sec
INFO (CarpetX):   total evolution output time:     3.69549e-05 sec
INFO (CarpetX):   total iterations:                4
INFO (CarpetX):   total cells updated:             16384
INFO (CarpetX):   average iterations per second: 15.039
INFO (CarpetX):   average cell updates per second: 61599.9
INFO (CarpetX): OutputGH: iteration 5, time 0.019531, run time 2 s
INFO (CarpetX): OutputGH done.
INFO (CarpetX): Simulation time: 0.0195312   Iterations per second: 15.0861   Simulation time per second: 0.05893
INFO (CarpetX): Grid cells: 4096   Grid cell updates per second: 61792.6
INFO (CarpetX): Performance:
INFO (CarpetX):   total evolution time:            0.331431 sec
INFO (CarpetX):   total evolution compute time:    0.331385 sec
INFO (CarpetX):   total evolution output time:     4.60148e-05 sec
INFO (CarpetX):   total iterations:                5
INFO (CarpetX):   total cells updated:             20480
INFO (CarpetX):   average iterations per second: 15.0861
INFO (CarpetX):   average cell updates per second: 61792.6
INFO (CarpetX): OutputGH: iteration 6, time 0.023438, run time 2 s
INFO (CarpetX): OutputGH done.
INFO (CarpetX): Simulation time: 0.0234375   Iterations per second: 15.105   Simulation time per second: 0.0590038
INFO (CarpetX): Grid cells: 4096   Grid cell updates per second: 61870
INFO (CarpetX): Performance:
INFO (CarpetX):   total evolution time:            0.39722 sec
INFO (CarpetX):   total evolution compute time:    0.397164 sec
INFO (CarpetX):   total evolution output time:     5.60284e-05 sec
INFO (CarpetX):   total iterations:                6
INFO (CarpetX):   total cells updated:             24576
INFO (CarpetX):   average iterations per second: 15.105
INFO (CarpetX):   average cell updates per second: 61870
INFO (CarpetX): OutputGH: iteration 7, time 0.027344, run time 2 s
INFO (CarpetX): OutputGH done.
INFO (CarpetX): Simulation time: 0.0273438   Iterations per second: 15.0709   Simulation time per second: 0.0588707
INFO (CarpetX): Grid cells: 4096   Grid cell updates per second: 61730.4
INFO (CarpetX): Performance:
INFO (CarpetX):   total evolution time:            0.464471 sec
INFO (CarpetX):   total evolution compute time:    0.464405 sec
INFO (CarpetX):   total evolution output time:     6.60419e-05 sec
INFO (CarpetX):   total iterations:                7
INFO (CarpetX):   total cells updated:             28672
INFO (CarpetX):   average iterations per second: 15.0709
INFO (CarpetX):   average cell updates per second: 61730.4
INFO (CarpetX): OutputGH: iteration 8, time 0.031250, run time 2 s
INFO (CarpetX): OutputGH done.
INFO (CarpetX): Simulation time: 0.03125   Iterations per second: 15.0954   Simulation time per second: 0.0589665
INFO (CarpetX): Grid cells: 4096   Grid cell updates per second: 61830.8
INFO (CarpetX): Performance:
INFO (CarpetX):   total evolution time:            0.529962 sec
INFO (CarpetX):   total evolution compute time:    0.529887 sec
INFO (CarpetX):   total evolution output time:     7.51019e-05 sec
INFO (CarpetX):   total iterations:                8
INFO (CarpetX):   total cells updated:             32768
INFO (CarpetX):   average iterations per second: 15.0954
INFO (CarpetX):   average cell updates per second: 61830.8
INFO (CarpetX): OutputGH: iteration 9, time 0.035156, run time 2 s
INFO (CarpetX): OutputGH done.
INFO (CarpetX): Simulation time: 0.0351562   Iterations per second: 15.1136   Simulation time per second: 0.0590373
INFO (CarpetX): Grid cells: 4096   Grid cell updates per second: 61905.1
INFO (CarpetX): Performance:
INFO (CarpetX):   total evolution time:            0.595492 sec
INFO (CarpetX):   total evolution compute time:    0.595407 sec
INFO (CarpetX):   total evolution output time:     8.51154e-05 sec
INFO (CarpetX):   total iterations:                9
INFO (CarpetX):   total cells updated:             36864
INFO (CarpetX):   average iterations per second: 15.1136
INFO (CarpetX):   average cell updates per second: 61905.1
INFO (CarpetX): OutputGH: iteration 10, time 0.039062, run time 2 s
INFO (CarpetX): OutputGH done.
INFO (CarpetX): Simulation time: 0.0390625   Iterations per second: 15.1267   Simulation time per second: 0.0590887
INFO (CarpetX): Grid cells: 4096   Grid cell updates per second: 61959
INFO (CarpetX): Performance:
INFO (CarpetX):   total evolution time:            0.661082 sec
INFO (CarpetX):   total evolution compute time:    0.660987 sec
INFO (CarpetX):   total evolution output time:     9.5129e-05 sec
INFO (CarpetX):   total iterations:                10
INFO (CarpetX):   total cells updated:             40960
INFO (CarpetX):   average iterations per second: 15.1267
INFO (CarpetX):   average cell updates per second: 61959
INFO (CarpetX): OutputGH: iteration 11, time 0.042969, run time 2 s
INFO (CarpetX): OutputGH done.
INFO (CarpetX): Simulation time: 0.0429688   Iterations per second: 15.1342   Simulation time per second: 0.0591181
INFO (CarpetX): Grid cells: 4096   Grid cell updates per second: 61989.8
INFO (CarpetX): Performance:
INFO (CarpetX):   total evolution time:            0.726862 sec
INFO (CarpetX):   total evolution compute time:    0.726757 sec
INFO (CarpetX):   total evolution output time:     0.000105143 sec
INFO (CarpetX):   total iterations:                11
INFO (CarpetX):   total cells updated:             45056
INFO (CarpetX):   average iterations per second: 15.1335
INFO (CarpetX):   average cell updates per second: 61987
INFO (CarpetX): OutputGH: iteration 12, time 0.046875, run time 2 s
INFO (CarpetX): OutputGH done.
INFO (CarpetX): Simulation time: 0.046875   Iterations per second: 15.1386   Simulation time per second: 0.059135
INFO (CarpetX): Grid cells: 4096   Grid cell updates per second: 62007.6
INFO (CarpetX): Performance:
INFO (CarpetX):   total evolution time:            0.792748 sec
INFO (CarpetX):   total evolution compute time:    0.792634 sec
INFO (CarpetX):   total evolution output time:     0.000114202 sec
INFO (CarpetX):   total iterations:                12
INFO (CarpetX):   total cells updated:             49152
INFO (CarpetX):   average iterations per second: 15.1372
INFO (CarpetX):   average cell updates per second: 62002.1
INFO (CarpetX): OutputGH: iteration 13, time 0.050781, run time 2 s
INFO (CarpetX): OutputGH done.
INFO (CarpetX): Simulation time: 0.0507812   Iterations per second: 15.1451   Simulation time per second: 0.0591607
INFO (CarpetX): Grid cells: 4096   Grid cell updates per second: 62034.5
INFO (CarpetX): Performance:
INFO (CarpetX):   total evolution time:            0.858518 sec
INFO (CarpetX):   total evolution compute time:    0.858395 sec
INFO (CarpetX):   total evolution output time:     0.000123262 sec
INFO (CarpetX):   total iterations:                13
INFO (CarpetX):   total cells updated:             53248
INFO (CarpetX):   average iterations per second: 15.1424
INFO (CarpetX):   average cell updates per second: 62023.2
INFO (CarpetX): OutputGH: iteration 14, time 0.054688, run time 2 s
INFO (CarpetX): OutputGH done.
INFO (CarpetX): Simulation time: 0.0546875   Iterations per second: 15.1529   Simulation time per second: 0.059191
INFO (CarpetX): Grid cells: 4096   Grid cell updates per second: 62066.3
INFO (CarpetX): Performance:
INFO (CarpetX):   total evolution time:            0.924208 sec
INFO (CarpetX):   total evolution compute time:    0.924074 sec
INFO (CarpetX):   total evolution output time:     0.000133276 sec
INFO (CarpetX):   total iterations:                14
INFO (CarpetX):   total cells updated:             57344
INFO (CarpetX):   average iterations per second: 15.1481
INFO (CarpetX):   average cell updates per second: 62046.7
INFO (CarpetX): OutputGH: iteration 15, time 0.058594, run time 3 s
INFO (CarpetX): OutputGH done.
INFO (CarpetX): Simulation time: 0.0585938   Iterations per second: 15.1593   Simulation time per second: 0.0592161
INFO (CarpetX): Grid cells: 4096   Grid cell updates per second: 62092.6
INFO (CarpetX): Performance:
INFO (CarpetX):   total evolution time:            0.989922 sec
INFO (CarpetX):   total evolution compute time:    0.98978 sec
INFO (CarpetX):   total evolution output time:     0.000141144 sec
INFO (CarpetX):   total iterations:                15
INFO (CarpetX):   total cells updated:             61440
INFO (CarpetX):   average iterations per second: 15.1527
INFO (CarpetX):   average cell updates per second: 62065.5
INFO (CarpetX): OutputGH: iteration 16, time 0.062500, run time 3 s
INFO (CarpetX): OutputGH done.
INFO (CarpetX): Simulation time: 0.0625   Iterations per second: 15.1587   Simulation time per second: 0.0592135
INFO (CarpetX): Grid cells: 4096   Grid cell updates per second: 62089.9
INFO (CarpetX): Performance:
INFO (CarpetX):   total evolution time:            1.05592 sec
INFO (CarpetX):   total evolution compute time:    1.05577 sec
INFO (CarpetX):   total evolution output time:     0.000149012 sec
INFO (CarpetX):   total iterations:                16
INFO (CarpetX):   total cells updated:             65536
INFO (CarpetX):   average iterations per second: 15.1527
INFO (CarpetX):   average cell updates per second: 62065.5
INFO (CarpetX): OutputGH: iteration 17, time 0.066406, run time 3 s
INFO (CarpetX): OutputGH done.
INFO (CarpetX): Simulation time: 0.0664062   Iterations per second: 15.1611   Simulation time per second: 0.0592231
INFO (CarpetX): Grid cells: 4096   Grid cell updates per second: 62100
INFO (CarpetX): Performance:
INFO (CarpetX):   total evolution time:            1.12178 sec
INFO (CarpetX):   total evolution compute time:    1.12162 sec
INFO (CarpetX):   total evolution output time:     0.000159025 sec
INFO (CarpetX):   total iterations:                17
INFO (CarpetX):   total cells updated:             69632
INFO (CarpetX):   average iterations per second: 15.1545
INFO (CarpetX):   average cell updates per second: 62072.9
INFO (CarpetX): OutputGH: iteration 18, time 0.070312, run time 3 s
INFO (CarpetX): OutputGH done.
INFO (CarpetX): Simulation time: 0.0703125   Iterations per second: 15.1616   Simulation time per second: 0.0592249
INFO (CarpetX): Grid cells: 4096   Grid cell updates per second: 62101.8
INFO (CarpetX): Performance:
INFO (CarpetX):   total evolution time:            1.18772 sec
INFO (CarpetX):   total evolution compute time:    1.18755 sec
INFO (CarpetX):   total evolution output time:     0.000168085 sec
INFO (CarpetX):   total iterations:                18
INFO (CarpetX):   total cells updated:             73728
INFO (CarpetX):   average iterations per second: 15.1551
INFO (CarpetX):   average cell updates per second: 62075.4
INFO (CarpetX): OutputGH: iteration 19, time 0.074219, run time 3 s
INFO (CarpetX): OutputGH done.
INFO (CarpetX): Simulation time: 0.0742188   Iterations per second: 15.1647   Simulation time per second: 0.0592373
INFO (CarpetX): Grid cells: 4096   Grid cell updates per second: 62114.8
INFO (CarpetX): Performance:
INFO (CarpetX):   total evolution time:            1.25354 sec
INFO (CarpetX):   total evolution compute time:    1.25336 sec
INFO (CarpetX):   total evolution output time:     0.000176907 sec
INFO (CarpetX):   total iterations:                19
INFO (CarpetX):   total cells updated:             77824
INFO (CarpetX):   average iterations per second: 15.1571
INFO (CarpetX):   average cell updates per second: 62083.6
INFO (CarpetX): OutputGH: iteration 20, time 0.078125, run time 3 s
INFO (CarpetX): OutputGH done.
INFO (CarpetX): Simulation time: 0.078125   Iterations per second: 15.169   Simulation time per second: 0.059254
INFO (CarpetX): Grid cells: 4096   Grid cell updates per second: 62132.3
INFO (CarpetX): Performance:
INFO (CarpetX):   total evolution time:            1.31929 sec
INFO (CarpetX):   total evolution compute time:    1.3191 sec
INFO (CarpetX):   total evolution output time:     0.00018692 sec
INFO (CarpetX):   total iterations:                20
INFO (CarpetX):   total cells updated:             81920
INFO (CarpetX):   average iterations per second: 15.1597
INFO (CarpetX):   average cell updates per second: 62093.9
INFO (CarpetX): OutputGH: iteration 21, time 0.082031, run time 3 s
INFO (CarpetX): OutputGH done.
INFO (CarpetX): Simulation time: 0.0820312   Iterations per second: 15.1718   Simulation time per second: 0.059265
INFO (CarpetX): Grid cells: 4096   Grid cell updates per second: 62143.8
INFO (CarpetX): Performance:
INFO (CarpetX):   total evolution time:            1.38509 sec
INFO (CarpetX):   total evolution compute time:    1.3849 sec
INFO (CarpetX):   total evolution output time:     0.000195026 sec
INFO (CarpetX):   total iterations:                21
INFO (CarpetX):   total cells updated:             86016
INFO (CarpetX):   average iterations per second: 15.1614
INFO (CarpetX):   average cell updates per second: 62101.2
INFO (CarpetX): OutputGH: iteration 22, time 0.085938, run time 3 s
INFO (CarpetX): OutputGH done.
INFO (CarpetX): Simulation time: 0.0859375   Iterations per second: 15.1753   Simulation time per second: 0.0592784
INFO (CarpetX): Grid cells: 4096   Grid cell updates per second: 62157.9
INFO (CarpetX): Performance:
INFO (CarpetX):   total evolution time:            1.45086 sec
INFO (CarpetX):   total evolution compute time:    1.45065 sec
INFO (CarpetX):   total evolution output time:     0.000203848 sec
INFO (CarpetX):   total iterations:                22
INFO (CarpetX):   total cells updated:             90112
INFO (CarpetX):   average iterations per second: 15.1635
INFO (CarpetX):   average cell updates per second: 62109.6
INFO (CarpetX): OutputGH: iteration 23, time 0.089844, run time 3 s
INFO (CarpetX): OutputGH done.
INFO (CarpetX): Simulation time: 0.0898438   Iterations per second: 15.1745   Simulation time per second: 0.0592755
INFO (CarpetX): Grid cells: 4096   Grid cell updates per second: 62154.9
INFO (CarpetX): Performance:
INFO (CarpetX):   total evolution time:            1.51678 sec
INFO (CarpetX):   total evolution compute time:    1.51657 sec
INFO (CarpetX):   total evolution output time:     0.000212669 sec
INFO (CarpetX):   total iterations:                23
INFO (CarpetX):   total cells updated:             94208
INFO (CarpetX):   average iterations per second: 15.1637
INFO (CarpetX):   average cell updates per second: 62110.3
INFO (CarpetX): OutputGH: iteration 24, time 0.093750, run time 3 s
INFO (CarpetX): OutputGH done.
INFO (CarpetX): Simulation time: 0.09375   Iterations per second: 15.1771   Simulation time per second: 0.0592857
INFO (CarpetX): Grid cells: 4096   Grid cell updates per second: 62165.5
INFO (CarpetX): Performance:
INFO (CarpetX):   total evolution time:            1.58257 sec
INFO (CarpetX):   total evolution compute time:    1.58235 sec
INFO (CarpetX):   total evolution output time:     0.000222683 sec
INFO (CarpetX):   total iterations:                24
INFO (CarpetX):   total cells updated:             98304
INFO (CarpetX):   average iterations per second: 15.1652
INFO (CarpetX):   average cell updates per second: 62116.6
INFO (CarpetX): OutputGH: iteration 25, time 0.097656, run time 3 s
INFO (CarpetX): OutputGH done.
INFO (CarpetX): Simulation time: 0.0976562   Iterations per second: 15.1808   Simulation time per second: 0.0593001
INFO (CarpetX): Grid cells: 4096   Grid cell updates per second: 62180.7
INFO (CarpetX): Performance:
INFO (CarpetX):   total evolution time:            1.6483 sec
INFO (CarpetX):   total evolution compute time:    1.64807 sec
INFO (CarpetX):   total evolution output time:     0.000232697 sec
INFO (CarpetX):   total iterations:                25
INFO (CarpetX):   total cells updated:             102400
INFO (CarpetX):   average iterations per second: 15.1671
INFO (CarpetX):   average cell updates per second: 62124.6
INFO (CarpetX): OutputGH: iteration 26, time 0.101562, run time 3 s
INFO (CarpetX): OutputGH done.
INFO (CarpetX): Simulation time: 0.101562   Iterations per second: 15.1736   Simulation time per second: 0.059272
INFO (CarpetX): Grid cells: 4096   Grid cell updates per second: 62151.2
INFO (CarpetX): Performance:
INFO (CarpetX):   total evolution time:            1.71448 sec
INFO (CarpetX):   total evolution compute time:    1.71424 sec
INFO (CarpetX):   total evolution output time:     0.00024271 sec
INFO (CarpetX):   total iterations:                26
INFO (CarpetX):   total cells updated:             106496
INFO (CarpetX):   average iterations per second: 15.1649
INFO (CarpetX):   average cell updates per second: 62115.5
INFO (CarpetX): OutputGH: iteration 27, time 0.105469, run time 3 s
INFO (CarpetX): OutputGH done.
INFO (CarpetX): Simulation time: 0.105469   Iterations per second: 15.1794   Simulation time per second: 0.0592947
INFO (CarpetX): Grid cells: 4096   Grid cell updates per second: 62175
INFO (CarpetX): Performance:
INFO (CarpetX):   total evolution time:            1.78014 sec
INFO (CarpetX):   total evolution compute time:    1.77988 sec
INFO (CarpetX):   total evolution output time:     0.00025177 sec
INFO (CarpetX):   total iterations:                27
INFO (CarpetX):   total cells updated:             110592
INFO (CarpetX):   average iterations per second: 15.1674
INFO (CarpetX):   average cell updates per second: 62125.6
INFO (CarpetX): OutputGH: iteration 28, time 0.109375, run time 3 s
INFO (CarpetX): OutputGH done.
INFO (CarpetX): Simulation time: 0.109375   Iterations per second: 15.174   Simulation time per second: 0.0592733
INFO (CarpetX): Grid cells: 4096   Grid cell updates per second: 62152.5
INFO (CarpetX): Performance:
INFO (CarpetX):   total evolution time:            1.84625 sec
INFO (CarpetX):   total evolution compute time:    1.84599 sec
INFO (CarpetX):   total evolution output time:     0.00026083 sec
INFO (CarpetX):   total iterations:                28
INFO (CarpetX):   total cells updated:             114688
INFO (CarpetX):   average iterations per second: 15.1659
INFO (CarpetX):   average cell updates per second: 62119.3
INFO (CarpetX): OutputGH: iteration 29, time 0.113281, run time 3 s
INFO (CarpetX): OutputGH done.
INFO (CarpetX): Simulation time: 0.113281   Iterations per second: 15.1707   Simulation time per second: 0.0592605
INFO (CarpetX): Grid cells: 4096   Grid cell updates per second: 62139.1
INFO (CarpetX): Performance:
INFO (CarpetX):   total evolution time:            1.9123 sec
INFO (CarpetX):   total evolution compute time:    1.91203 sec
INFO (CarpetX):   total evolution output time:     0.000269651 sec
INFO (CarpetX):   total iterations:                29
INFO (CarpetX):   total cells updated:             118784
INFO (CarpetX):   average iterations per second: 15.165
INFO (CarpetX):   average cell updates per second: 62115.9
INFO (CarpetX): OutputGH: iteration 30, time 0.117188, run time 3 s
INFO (CarpetX): OutputGH done.
INFO (CarpetX): Simulation time: 0.117188   Iterations per second: 15.1667   Simulation time per second: 0.0592449
INFO (CarpetX): Grid cells: 4096   Grid cell updates per second: 62122.8
INFO (CarpetX): Performance:
INFO (CarpetX):   total evolution time:            1.97839 sec
INFO (CarpetX):   total evolution compute time:    1.97811 sec
INFO (CarpetX):   total evolution output time:     0.000278711 sec
INFO (CarpetX):   total iterations:                30
INFO (CarpetX):   total cells updated:             122880
INFO (CarpetX):   average iterations per second: 15.1639
INFO (CarpetX):   average cell updates per second: 62111.2
INFO (CarpetX): OutputGH: iteration 31, time 0.121094, run time 4 s
INFO (CarpetX): OutputGH done.
INFO (CarpetX): Simulation time: 0.121094   Iterations per second: 15.1597   Simulation time per second: 0.0592176
INFO (CarpetX): Grid cells: 4096   Grid cell updates per second: 62094.1
INFO (CarpetX): Performance:
INFO (CarpetX):   total evolution time:            2.04463 sec
INFO (CarpetX):   total evolution compute time:    2.04434 sec
INFO (CarpetX):   total evolution output time:     0.000287533 sec
INFO (CarpetX):   total iterations:                31
INFO (CarpetX):   total cells updated:             126976
INFO (CarpetX):   average iterations per second: 15.1617
INFO (CarpetX):   average cell updates per second: 62102.3
INFO (CarpetX): OutputGH: iteration 32, time 0.125000, run time 4 s
INFO (CarpetX): OutputGH done.
INFO (CarpetX): Simulation time: 0.125   Iterations per second: 15.1552   Simulation time per second: 0.0591999
INFO (CarpetX): Grid cells: 4096   Grid cell updates per second: 62075.6
INFO (CarpetX): Performance:
INFO (CarpetX):   total evolution time:            2.11079 sec
INFO (CarpetX):   total evolution compute time:    2.11049 sec
INFO (CarpetX):   total evolution output time:     0.000296593 sec
INFO (CarpetX):   total iterations:                32
INFO (CarpetX):   total cells updated:             131072
INFO (CarpetX):   average iterations per second: 15.1602
INFO (CarpetX):   average cell updates per second: 62096.3
INFO (CarpetX): OutputGH: iteration 33, time 0.128906, run time 4 s
INFO (CarpetX): OutputGH done.
INFO (CarpetX): Simulation time: 0.128906   Iterations per second: 15.1551   Simulation time per second: 0.0591995
INFO (CarpetX): Grid cells: 4096   Grid cell updates per second: 62075.2
INFO (CarpetX): Performance:
INFO (CarpetX):   total evolution time:            2.17677 sec
INFO (CarpetX):   total evolution compute time:    2.17647 sec
INFO (CarpetX):   total evolution output time:     0.000306606 sec
INFO (CarpetX):   total iterations:                33
INFO (CarpetX):   total cells updated:             135168
INFO (CarpetX):   average iterations per second: 15.16
INFO (CarpetX):   average cell updates per second: 62095.5
INFO (CarpetX): OutputGH: iteration 34, time 0.132812, run time 4 s
INFO (CarpetX): OutputGH done.
INFO (CarpetX): Simulation time: 0.132812   Iterations per second: 15.1501   Simulation time per second: 0.05918
INFO (CarpetX): Grid cells: 4096   Grid cell updates per second: 62054.8
INFO (CarpetX): Performance:
INFO (CarpetX):   total evolution time:            2.24298 sec
INFO (CarpetX):   total evolution compute time:    2.24266 sec
INFO (CarpetX):   total evolution output time:     0.000315666 sec
INFO (CarpetX):   total iterations:                34
INFO (CarpetX):   total cells updated:             139264
INFO (CarpetX):   average iterations per second: 15.1584
INFO (CarpetX):   average cell updates per second: 62088.9
INFO (CarpetX): OutputGH: iteration 35, time 0.136719, run time 4 s
INFO (CarpetX): OutputGH done.
INFO (CarpetX): Simulation time: 0.136719   Iterations per second: 15.1484   Simulation time per second: 0.0591735
INFO (CarpetX): Grid cells: 4096   Grid cell updates per second: 62047.9
INFO (CarpetX): Performance:
INFO (CarpetX):   total evolution time:            2.30906 sec
INFO (CarpetX):   total evolution compute time:    2.30873 sec
INFO (CarpetX):   total evolution output time:     0.000324726 sec
INFO (CarpetX):   total iterations:                35
INFO (CarpetX):   total cells updated:             143360
INFO (CarpetX):   average iterations per second: 15.1577
INFO (CarpetX):   average cell updates per second: 62086
INFO (CarpetX): OutputGH: iteration 36, time 0.140625, run time 4 s
INFO (CarpetX): OutputGH done.
INFO (CarpetX): Simulation time: 0.140625   Iterations per second: 15.1519   Simulation time per second: 0.0591873
INFO (CarpetX): Grid cells: 4096   Grid cell updates per second: 62062.4
INFO (CarpetX): Performance:
INFO (CarpetX):   total evolution time:            2.37492 sec
INFO (CarpetX):   total evolution compute time:    2.37458 sec
INFO (CarpetX):   total evolution output time:     0.000332832 sec
INFO (CarpetX):   total iterations:                36
INFO (CarpetX):   total cells updated:             147456
INFO (CarpetX):   average iterations per second: 15.1584
INFO (CarpetX):   average cell updates per second: 62088.9
INFO (CarpetX): OutputGH: iteration 37, time 0.144531, run time 4 s
INFO (CarpetX): OutputGH done.
INFO (CarpetX): Simulation time: 0.144531   Iterations per second: 15.1488   Simulation time per second: 0.0591748
INFO (CarpetX): Grid cells: 4096   Grid cell updates per second: 62049.3
INFO (CarpetX): Performance:
INFO (CarpetX):   total evolution time:            2.44105 sec
INFO (CarpetX):   total evolution compute time:    2.44071 sec
INFO (CarpetX):   total evolution output time:     0.000341654 sec
INFO (CarpetX):   total iterations:                37
INFO (CarpetX):   total cells updated:             151552
INFO (CarpetX):   average iterations per second: 15.1574
INFO (CarpetX):   average cell updates per second: 62084.7
INFO (CarpetX): OutputGH: iteration 38, time 0.148438, run time 4 s
INFO (CarpetX): OutputGH done.
INFO (CarpetX): Simulation time: 0.148438   Iterations per second: 15.1503   Simulation time per second: 0.059181
INFO (CarpetX): Grid cells: 4096   Grid cell updates per second: 62055.8
INFO (CarpetX): Performance:
INFO (CarpetX):   total evolution time:            2.507 sec
INFO (CarpetX):   total evolution compute time:    2.50665 sec
INFO (CarpetX):   total evolution output time:     0.000350475 sec
INFO (CarpetX):   total iterations:                38
INFO (CarpetX):   total cells updated:             155648
INFO (CarpetX):   average iterations per second: 15.1576
INFO (CarpetX):   average cell updates per second: 62085.5
INFO (CarpetX): OutputGH: iteration 39, time 0.152344, run time 4 s
INFO (CarpetX): OutputGH done.
INFO (CarpetX): Simulation time: 0.152344   Iterations per second: 15.155   Simulation time per second: 0.0591991
INFO (CarpetX): Grid cells: 4096   Grid cell updates per second: 62074.7
INFO (CarpetX): Performance:
INFO (CarpetX):   total evolution time:            2.5728 sec
INFO (CarpetX):   total evolution compute time:    2.57244 sec
INFO (CarpetX):   total evolution output time:     0.000359535 sec
INFO (CarpetX):   total iterations:                39
INFO (CarpetX):   total cells updated:             159744
INFO (CarpetX):   average iterations per second: 15.1586
INFO (CarpetX):   average cell updates per second: 62089.6
INFO (CarpetX): OutputGH: iteration 40, time 0.156250, run time 4 s
INFO (CarpetX): OutputGH done.
INFO (CarpetX): Simulation time: 0.15625   Iterations per second: 15.1604   Simulation time per second: 0.0592204
INFO (CarpetX): Grid cells: 4096   Grid cell updates per second: 62097.1
INFO (CarpetX): Performance:
INFO (CarpetX):   total evolution time:            2.63855 sec
INFO (CarpetX):   total evolution compute time:    2.63818 sec
INFO (CarpetX):   total evolution output time:     0.000368595 sec
INFO (CarpetX):   total iterations:                40
INFO (CarpetX):   total cells updated:             163840
INFO (CarpetX):   average iterations per second: 15.1599
INFO (CarpetX):   average cell updates per second: 62094.8
INFO (CarpetX): OutputGH: iteration 41, time 0.160156, run time 4 s
INFO (CarpetX): OutputGH done.
INFO (CarpetX): Simulation time: 0.160156   Iterations per second: 15.1639   Simulation time per second: 0.0592342
INFO (CarpetX): Grid cells: 4096   Grid cell updates per second: 62111.5
INFO (CarpetX): Performance:
INFO (CarpetX):   total evolution time:            2.70435 sec
INFO (CarpetX):   total evolution compute time:    2.70398 sec
INFO (CarpetX):   total evolution output time:     0.000376701 sec
INFO (CarpetX):   total iterations:                41
INFO (CarpetX):   total cells updated:             167936
INFO (CarpetX):   average iterations per second: 15.1607
INFO (CarpetX):   average cell updates per second: 62098.4
INFO (CarpetX): OutputGH: iteration 42, time 0.164062, run time 4 s
INFO (CarpetX): OutputGH done.
INFO (CarpetX): Simulation time: 0.164062   Iterations per second: 15.1685   Simulation time per second: 0.0592519
INFO (CarpetX): Grid cells: 4096   Grid cell updates per second: 62130.1
INFO (CarpetX): Performance:
INFO (CarpetX):   total evolution time:            2.7701 sec
INFO (CarpetX):   total evolution compute time:    2.76972 sec
INFO (CarpetX):   total evolution output time:     0.000386715 sec
INFO (CarpetX):   total iterations:                42
INFO (CarpetX):   total cells updated:             172032
INFO (CarpetX):   average iterations per second: 15.1619
INFO (CarpetX):   average cell updates per second: 62103.1
INFO (CarpetX): OutputGH: iteration 43, time 0.167969, run time 4 s
INFO (CarpetX): OutputGH done.
INFO (CarpetX): Simulation time: 0.167969   Iterations per second: 15.1729   Simulation time per second: 0.059269
INFO (CarpetX): Grid cells: 4096   Grid cell updates per second: 62148
INFO (CarpetX): Performance:
INFO (CarpetX):   total evolution time:            2.83584 sec
INFO (CarpetX):   total evolution compute time:    2.83544 sec
INFO (CarpetX):   total evolution output time:     0.000395775 sec
INFO (CarpetX):   total iterations:                43
INFO (CarpetX):   total cells updated:             176128
INFO (CarpetX):   average iterations per second: 15.1631
INFO (CarpetX):   average cell updates per second: 62107.9
INFO (CarpetX): OutputGH: iteration 44, time 0.171875, run time 4 s
INFO (CarpetX): OutputGH done.
INFO (CarpetX): Simulation time: 0.171875   Iterations per second: 15.173   Simulation time per second: 0.0592697
INFO (CarpetX): Grid cells: 4096   Grid cell updates per second: 62148.8
INFO (CarpetX): Performance:
INFO (CarpetX):   total evolution time:            2.90174 sec
INFO (CarpetX):   total evolution compute time:    2.90133 sec
INFO (CarpetX):   total evolution output time:     0.000404835 sec
INFO (CarpetX):   total iterations:                44
INFO (CarpetX):   total cells updated:             180224
INFO (CarpetX):   average iterations per second: 15.1633
INFO (CarpetX):   average cell updates per second: 62109
INFO (CarpetX): OutputGH: iteration 45, time 0.175781, run time 4 s
INFO (CarpetX): OutputGH done.
INFO (CarpetX): Simulation time: 0.175781   Iterations per second: 15.173   Simulation time per second: 0.0592694
INFO (CarpetX): Grid cells: 4096   Grid cell updates per second: 62148.4
INFO (CarpetX): Performance:
INFO (CarpetX):   total evolution time:            2.96765 sec
INFO (CarpetX):   total evolution compute time:    2.96724 sec
INFO (CarpetX):   total evolution output time:     0.000413895 sec
INFO (CarpetX):   total iterations:                45
INFO (CarpetX):   total cells updated:             184320
INFO (CarpetX):   average iterations per second: 15.1635
INFO (CarpetX):   average cell updates per second: 62109.8
INFO (CarpetX): OutputGH: iteration 46, time 0.179688, run time 5 s
INFO (CarpetX): OutputGH done.
INFO (CarpetX): Simulation time: 0.179688   Iterations per second: 15.1718   Simulation time per second: 0.0592648
INFO (CarpetX): Grid cells: 4096   Grid cell updates per second: 62143.7
INFO (CarpetX): Performance:
INFO (CarpetX):   total evolution time:            3.03361 sec
INFO (CarpetX):   total evolution compute time:    3.03318 sec
INFO (CarpetX):   total evolution output time:     0.000423908 sec
INFO (CarpetX):   total iterations:                46
INFO (CarpetX):   total cells updated:             188416
INFO (CarpetX):   average iterations per second: 15.1635
INFO (CarpetX):   average cell updates per second: 62109.6
INFO (CarpetX): OutputGH: iteration 47, time 0.183594, run time 5 s
INFO (CarpetX): OutputGH done.
INFO (CarpetX): Simulation time: 0.183594   Iterations per second: 15.0744   Simulation time per second: 0.0588843
INFO (CarpetX): Grid cells: 4096   Grid cell updates per second: 61744.7
INFO (CarpetX): Performance:
INFO (CarpetX):   total evolution time:            3.10378 sec
INFO (CarpetX):   total evolution compute time:    3.10334 sec
INFO (CarpetX):   total evolution output time:     0.000436068 sec
INFO (CarpetX):   total iterations:                47
INFO (CarpetX):   total cells updated:             192512
INFO (CarpetX):   average iterations per second: 15.1428
INFO (CarpetX):   average cell updates per second: 62025.1
INFO (CarpetX): OutputGH: iteration 48, time 0.187500, run time 5 s
INFO (CarpetX): OutputGH done.
INFO (CarpetX): Simulation time: 0.1875   Iterations per second: 15.0855   Simulation time per second: 0.0589277
INFO (CarpetX): Grid cells: 4096   Grid cell updates per second: 61790.2
INFO (CarpetX): Performance:
INFO (CarpetX):   total evolution time:            3.16963 sec
INFO (CarpetX):   total evolution compute time:    3.16918 sec
INFO (CarpetX):   total evolution output time:     0.000443935 sec
INFO (CarpetX):   total iterations:                48
INFO (CarpetX):   total cells updated:             196608
INFO (CarpetX):   average iterations per second: 15.1437
INFO (CarpetX):   average cell updates per second: 62028.8
INFO (CarpetX): OutputGH: iteration 49, time 0.191406, run time 5 s
INFO (CarpetX): OutputGH done.
INFO (CarpetX): Simulation time: 0.191406   Iterations per second: 15.0952   Simulation time per second: 0.0589657
INFO (CarpetX): Grid cells: 4096   Grid cell updates per second: 61830
INFO (CarpetX): Performance:
INFO (CarpetX):   total evolution time:            3.23549 sec
INFO (CarpetX):   total evolution compute time:    3.23502 sec
INFO (CarpetX):   total evolution output time:     0.00046587 sec
INFO (CarpetX):   total iterations:                49
INFO (CarpetX):   total cells updated:             200704
INFO (CarpetX):   average iterations per second: 15.1445
INFO (CarpetX):   average cell updates per second: 62032.1
INFO (CarpetX): OutputGH: iteration 50, time 0.195312, run time 5 s
INFO (CarpetX): OutputGH done.
INFO (CarpetX): Simulation time: 0.195312   Iterations per second: 15.1054   Simulation time per second: 0.0590055
INFO (CarpetX): Grid cells: 4096   Grid cell updates per second: 61871.8
INFO (CarpetX): Performance:
INFO (CarpetX):   total evolution time:            3.30129 sec
INFO (CarpetX):   total evolution compute time:    3.30081 sec
INFO (CarpetX):   total evolution output time:     0.00047493 sec
INFO (CarpetX):   total iterations:                50
INFO (CarpetX):   total cells updated:             204800
INFO (CarpetX):   average iterations per second: 15.1456
INFO (CarpetX):   average cell updates per second: 62036.4
INFO (CarpetX): OutputGH: iteration 51, time 0.199219, run time 5 s
INFO (CarpetX): OutputGH done.
INFO (CarpetX): Simulation time: 0.199219   Iterations per second: 15.1115   Simulation time per second: 0.0590294
INFO (CarpetX): Grid cells: 4096   Grid cell updates per second: 61896.8
INFO (CarpetX): Performance:
INFO (CarpetX):   total evolution time:            3.36722 sec
INFO (CarpetX):   total evolution compute time:    3.36674 sec
INFO (CarpetX):   total evolution output time:     0.00048399 sec
INFO (CarpetX):   total iterations:                51
INFO (CarpetX):   total cells updated:             208896
INFO (CarpetX):   average iterations per second: 15.146
INFO (CarpetX):   average cell updates per second: 62038.1
INFO (CarpetX): OutputGH: iteration 52, time 0.203125, run time 5 s
INFO (CarpetX): OutputGH done.
INFO (CarpetX): Simulation time: 0.203125   Iterations per second: 15.1196   Simulation time per second: 0.0590611
INFO (CarpetX): Grid cells: 4096   Grid cell updates per second: 61930.1
INFO (CarpetX): Performance:
INFO (CarpetX):   total evolution time:            3.43304 sec
INFO (CarpetX):   total evolution compute time:    3.43255 sec
INFO (CarpetX):   total evolution output time:     0.00049305 sec
INFO (CarpetX):   total iterations:                52
INFO (CarpetX):   total cells updated:             212992
INFO (CarpetX):   average iterations per second: 15.1469
INFO (CarpetX):   average cell updates per second: 62041.8
INFO (CarpetX): OutputGH: iteration 53, time 0.207031, run time 5 s
INFO (CarpetX): OutputGH done.
INFO (CarpetX): Simulation time: 0.207031   Iterations per second: 15.129   Simulation time per second: 0.0590976
INFO (CarpetX): Grid cells: 4096   Grid cell updates per second: 61968.3
INFO (CarpetX): Performance:
INFO (CarpetX):   total evolution time:            3.49877 sec
INFO (CarpetX):   total evolution compute time:    3.49827 sec
INFO (CarpetX):   total evolution output time:     0.000501871 sec
INFO (CarpetX):   total iterations:                53
INFO (CarpetX):   total cells updated:             217088
INFO (CarpetX):   average iterations per second: 15.1482
INFO (CarpetX):   average cell updates per second: 62046.9
INFO (CarpetX): OutputGH: iteration 54, time 0.210938, run time 5 s
INFO (CarpetX): OutputGH done.
INFO (CarpetX): Simulation time: 0.210938   Iterations per second: 15.1319   Simulation time per second: 0.0591088
INFO (CarpetX): Grid cells: 4096   Grid cell updates per second: 61980.1
INFO (CarpetX): Performance:
INFO (CarpetX):   total evolution time:            3.56474 sec
INFO (CarpetX):   total evolution compute time:    3.56423 sec
INFO (CarpetX):   total evolution output time:     0.000510931 sec
INFO (CarpetX):   total iterations:                54
INFO (CarpetX):   total cells updated:             221184
INFO (CarpetX):   average iterations per second: 15.1484
INFO (CarpetX):   average cell updates per second: 62047.7
INFO (CarpetX): OutputGH: iteration 55, time 0.214844, run time 5 s
INFO (CarpetX): OutputGH done.
INFO (CarpetX): Simulation time: 0.214844   Iterations per second: 15.1361   Simulation time per second: 0.0591253
INFO (CarpetX): Grid cells: 4096   Grid cell updates per second: 61997.4
INFO (CarpetX): Performance:
INFO (CarpetX):   total evolution time:            3.63064 sec
INFO (CarpetX):   total evolution compute time:    3.63012 sec
INFO (CarpetX):   total evolution output time:     0.000519991 sec
INFO (CarpetX):   total iterations:                55
INFO (CarpetX):   total cells updated:             225280
INFO (CarpetX):   average iterations per second: 15.1488
INFO (CarpetX):   average cell updates per second: 62049.6
INFO (CarpetX): OutputGH: iteration 56, time 0.218750, run time 5 s
INFO (CarpetX): OutputGH done.
INFO (CarpetX): Simulation time: 0.21875   Iterations per second: 15.1273   Simulation time per second: 0.0590908
INFO (CarpetX): Grid cells: 4096   Grid cell updates per second: 61961.2
INFO (CarpetX): Performance:
INFO (CarpetX):   total evolution time:            3.6971 sec
INFO (CarpetX):   total evolution compute time:    3.69657 sec
INFO (CarpetX):   total evolution output time:     0.000528097 sec
INFO (CarpetX):   total iterations:                56
INFO (CarpetX):   total cells updated:             229376
INFO (CarpetX):   average iterations per second: 15.147
INFO (CarpetX):   average cell updates per second: 62042.2
INFO (CarpetX): OutputGH: iteration 57, time 0.222656, run time 5 s
INFO (CarpetX): OutputGH done.
INFO (CarpetX): Simulation time: 0.222656   Iterations per second: 15.121   Simulation time per second: 0.0590664
INFO (CarpetX): Grid cells: 4096   Grid cell updates per second: 61935.6
INFO (CarpetX): Performance:
INFO (CarpetX):   total evolution time:            3.76348 sec
INFO (CarpetX):   total evolution compute time:    3.76294 sec
INFO (CarpetX):   total evolution output time:     0.000536919 sec
INFO (CarpetX):   total iterations:                57
INFO (CarpetX):   total cells updated:             233472
INFO (CarpetX):   average iterations per second: 15.1456
INFO (CarpetX):   average cell updates per second: 62036.3
INFO (CarpetX): OutputGH: iteration 58, time 0.226562, run time 5 s
INFO (CarpetX): OutputGH done.
INFO (CarpetX): Simulation time: 0.226562   Iterations per second: 15.1339   Simulation time per second: 0.0591167
INFO (CarpetX): Grid cells: 4096   Grid cell updates per second: 61988.3
INFO (CarpetX): Performance:
INFO (CarpetX):   total evolution time:            3.82905 sec
INFO (CarpetX):   total evolution compute time:    3.8285 sec
INFO (CarpetX):   total evolution output time:     0.000545979 sec
INFO (CarpetX):   total iterations:                58
INFO (CarpetX):   total cells updated:             237568
INFO (CarpetX):   average iterations per second: 15.1474
INFO (CarpetX):   average cell updates per second: 62043.6
INFO (CarpetX): OutputGH: iteration 59, time 0.230469, run time 5 s
INFO (CarpetX): OutputGH done.
INFO (CarpetX): Simulation time: 0.230469   Iterations per second: 15.1445   Simulation time per second: 0.0591582
INFO (CarpetX): Grid cells: 4096   Grid cell updates per second: 62031.9
INFO (CarpetX): Performance:
INFO (CarpetX):   total evolution time:            3.89466 sec
INFO (CarpetX):   total evolution compute time:    3.89411 sec
INFO (CarpetX):   total evolution output time:     0.000555038 sec
INFO (CarpetX):   total iterations:                59
INFO (CarpetX):   total cells updated:             241664
INFO (CarpetX):   average iterations per second: 15.1489
INFO (CarpetX):   average cell updates per second: 62050.1
INFO (CarpetX): OutputGH: iteration 60, time 0.234375, run time 5 s
INFO (CarpetX): OutputGH done.
INFO (CarpetX): Simulation time: 0.234375   Iterations per second: 15.1296   Simulation time per second: 0.0591002
INFO (CarpetX): Grid cells: 4096   Grid cell updates per second: 61971
INFO (CarpetX): Performance:
INFO (CarpetX):   total evolution time:            3.96134 sec
INFO (CarpetX):   total evolution compute time:    3.96077 sec
INFO (CarpetX):   total evolution output time:     0.000567198 sec
INFO (CarpetX):   total iterations:                60
INFO (CarpetX):   total cells updated:             245760
INFO (CarpetX):   average iterations per second: 15.1464
INFO (CarpetX):   average cell updates per second: 62039.6
INFO (CarpetX): OutputGH: iteration 61, time 0.238281, run time 6 s
INFO (CarpetX): OutputGH done.
INFO (CarpetX): Simulation time: 0.238281   Iterations per second: 15.0677   Simulation time per second: 0.0588583
INFO (CarpetX): Grid cells: 4096   Grid cell updates per second: 61717.4
INFO (CarpetX): Performance:
INFO (CarpetX):   total evolution time:            4.03015 sec
INFO (CarpetX):   total evolution compute time:    4.02958 sec
INFO (CarpetX):   total evolution output time:     0.000576258 sec
INFO (CarpetX):   total iterations:                61
INFO (CarpetX):   total cells updated:             249856
INFO (CarpetX):   average iterations per second: 15.1359
INFO (CarpetX):   average cell updates per second: 61996.7
INFO (CarpetX): OutputGH: iteration 62, time 0.242188, run time 6 s
INFO (CarpetX): OutputGH done.
INFO (CarpetX): Simulation time: 0.242188   Iterations per second: 15.0706   Simulation time per second: 0.0588695
INFO (CarpetX): Grid cells: 4096   Grid cell updates per second: 61729.1
INFO (CarpetX): Performance:
INFO (CarpetX):   total evolution time:            4.09639 sec
INFO (CarpetX):   total evolution compute time:    4.09581 sec
INFO (CarpetX):   total evolution output time:     0.000585318 sec
INFO (CarpetX):   total iterations:                62
INFO (CarpetX):   total cells updated:             253952
INFO (CarpetX):   average iterations per second: 15.1353
INFO (CarpetX):   average cell updates per second: 61994.1
INFO (CarpetX): OutputGH: iteration 63, time 0.246094, run time 6 s
INFO (CarpetX): OutputGH done.
INFO (CarpetX): Simulation time: 0.246094   Iterations per second: 15.0727   Simulation time per second: 0.0588778
INFO (CarpetX): Grid cells: 4096   Grid cell updates per second: 61737.8
INFO (CarpetX): Performance:
INFO (CarpetX):   total evolution time:            4.16265 sec
INFO (CarpetX):   total evolution compute time:    4.16206 sec
INFO (CarpetX):   total evolution output time:     0.000594139 sec
INFO (CarpetX):   total iterations:                63
INFO (CarpetX):   total cells updated:             258048
INFO (CarpetX):   average iterations per second: 15.1346
INFO (CarpetX):   average cell updates per second: 61991.2
INFO (CarpetX): OutputGH: iteration 64, time 0.250000, run time 6 s
INFO (CarpetX): OutputGH done.
INFO (CarpetX): Simulation time: 0.25   Iterations per second: 8.21274   Simulation time per second: 0.032081
INFO (CarpetX): Grid cells: 4096   Grid cell updates per second: 33639.4
INFO (CarpetX): Performance:
INFO (CarpetX):   total evolution time:            4.78317 sec
INFO (CarpetX):   total evolution compute time:    4.23326 sec
INFO (CarpetX):   total evolution output time:     0.549908 sec
INFO (CarpetX):   total iterations:                64
INFO (CarpetX):   total cells updated:             262144
INFO (CarpetX):   average iterations per second: 13.3803
INFO (CarpetX):   average cell updates per second: 54805.5
INFO (CarpetX): Shutting down...
AMReX (25.11) finalized
--------------------------------------------------------------------------------
Done.
+ echo Stopping:
Stopping:
+ date
Sat Jun 13 01:52:56 UTC 2026
+ echo Done.
Done.
  Elapsed time: 6.1 s
