/home/runner/simulations/TestJob01_temp_1/output-0000/TEST/sim/CanudaX_BSSNMoL
Preparing:
+ set -e
+ cd output-0000-active
+ echo Checking:
Checking:
+ pwd
/home/runner/simulations/TestJob01_temp_1/output-0000/TEST/sim/CanudaX_BSSNMoL/output-0000-active
+ hostname
runnervmvrwv9
+ date
Mon Jul 27 23:40:01 UTC 2026
+ echo Environment:
Environment:
+ export CACTUS_NUM_PROCS=1
+ CACTUS_NUM_PROCS=1
+ export CACTUS_NUM_THREADS=2
+ CACTUS_NUM_THREADS=2
+ export GMON_OUT_PREFIX=gmon.out
+ GMON_OUT_PREFIX=gmon.out
+ export OMP_NUM_THREADS=2
+ OMP_NUM_THREADS=2
+ env
+ sort
+ echo Starting:
Starting:
++ date +%s
+ export CACTUS_STARTTIME=1785195601
+ CACTUS_STARTTIME=1785195601
+ '[' 1 = 1 ']'
+ '[' 0 -eq 0 ']'
+ /home/runner/simulations/TestJob01_temp_1/SIMFACTORY/exe/cactus_sim -L 3 /home/runner/simulations/TestJob01_temp_1/output-0000/arrangements/CanudaX/CanudaX_BSSNMoL/test/gaugewave.par
INFO (Cactus): Increased logging level from 0 to 3
--------------------------------------------------------------------------------

       10                                  
  1   0101       ************************  
  01  1010 10      The Cactus Code V4.20.0    
 1010 1101 011      www.cactuscode.org     
  1001 100101    ************************  
    00010101                               
     100011     (c) Copyright The Authors  
      0100      GNU Licensed. No Warranty  
      0101                                 
--------------------------------------------------------------------------------

Cactus version:    4.20.0
Compile date:      Jul 27 2026 (23:37:02)
Run date:          Jul 27 2026 (23:40:01+0000)
Run host:          runnervmvrwv9.1c5fwzodld1edfr115mfuvh5ec.ex.internal.cloudapp.net (pid=169039)
Working directory: /home/runner/simulations/TestJob01_temp_1/output-0000/TEST/sim/CanudaX_BSSNMoL
Executable:        /home/runner/simulations/TestJob01_temp_1/SIMFACTORY/exe/cactus_sim
Parameter file:    /home/runner/simulations/TestJob01_temp_1/output-0000/arrangements/CanudaX/CanudaX_BSSNMoL/test/gaugewave.par
--------------------------------------------------------------------------------

Activating thorn Cactus...Success -> active implementation Cactus
Activation requested for 
--->ADMBaseX CanudaX_BSSNMoL CanudaX_ExactID CarpetX IOUtil ODESolvers TmunuBaseX<---
Thorn ADMBaseX requests automatic activation of Loop
Thorn CarpetX requests automatic activation of AMReX
Thorn CarpetX requests automatic activation of MPI
Thorn CarpetX requests automatic activation of yaml_cpp
Thorn CarpetX requests automatic activation of zlib
Thorn CarpetX requests automatic activation of Arith
Thorn CarpetX requests automatic activation of CarpetXRegrid
Thorn CarpetX requests automatic activation of ADIOS2
Thorn CarpetX requests automatic activation of openPMD
Thorn CarpetX requests automatic activation of Silo
Thorn ADIOS2 requests automatic activation of CMake
Thorn Arith requests automatic activation of NSIMD
Thorn MPI requests automatic activation of hwloc
Thorn openPMD requests automatic activation of HDF5
Activating thorn ADIOS2...Success -> active implementation ADIOS2
Activating thorn ADMBaseX...Success -> active implementation ADMBaseX
Activating thorn AMReX...Success -> active implementation AMReX
Activating thorn Arith...Success -> active implementation Arith
Activating thorn CanudaX_BSSNMoL...Success -> active implementation CanudaX_BSSNMoL
Activating thorn CanudaX_ExactID...Success -> active implementation CanudaX_ExactID
Activating thorn CarpetX...Success -> active implementation Driver
Activating thorn CarpetXRegrid...Success -> active implementation CarpetXRegrid
Activating thorn CMake...Success -> active implementation CMake
Activating thorn HDF5...Success -> active implementation HDF5
Activating thorn hwloc...Success -> active implementation hwloc
Activating thorn IOUtil...Success -> active implementation IO
Activating thorn Loop...Success -> active implementation Loop
Activating thorn MPI...Success -> active implementation MPI
Activating thorn NSIMD...Success -> active implementation NSIMD
Activating thorn ODESolvers...Success -> active implementation ODESolvers
Activating thorn openPMD...Success -> active implementation openPMD
Activating thorn Silo...Success -> active implementation Silo
Activating thorn TmunuBaseX...Success -> active implementation TmunuBaseX
Activating thorn yaml_cpp...Success -> active implementation yaml_cpp
Activating thorn zlib...Success -> active implementation zlib
--------------------------------------------------------------------------------
  if (recover initial data)
    Recover parameters
  endif

  Startup routines
    [CCTK_STARTUP]
      CarpetX::Driver_Startup: Start up the driver
      IOUtil::IOUtil_Startup: Startup routine
      GROUP hwloc_startup: hwloc startup group
        hwloc::hwloc_version: Output hwloc version

  Startup routines which need an existing grid hierarchy
    [CCTK_WRAGH]
      Arith::Test_smallvector: [meta] Test small vectors
      Arith::Test_spvect: [meta] Test sparse vectors
      ODESolvers::ODESolvers_InitConstants: [global] Set up dummy loop counters for schedule printout
  Parameter checking routines
    [CCTK_PARAMCHECK]
      CanudaX_BSSNMoL::CanudaX_BSSNMoL_paramcheck: Check CanudaX_BSSNMoL parameters for consistency

  Initialisation
    if (NOT (recover initial data AND recovery_mode is 'strict'))
      [CCTK_PREREGRIDINITIAL]
      Set up grid hierarchy
      [CCTK_POSTREGRIDINITIAL]
      [CCTK_BASEGRID]
        CarpetXRegrid::CarpetXRegrid_InitError: Initialize regridding error to zero
        GROUP ODESolvers_BaseGrid: Set up constants (e.g. coordinates) everywhere on the grid
      [CCTK_INITIAL]
        GROUP TmunuBaseX_SetTmunuVars: Schedule group for setting T_munu
          TmunuBaseX::TmunuBaseX_ZeroTmunu: Set T_munu to zero
          GROUP TmunuBaseX_AddToTmunu: Add to T_munu here
        GROUP ODESolvers_Initial: Set up initial conditions on interior of state vector
          GROUP ADMBaseX_InitialData: Schedule group for calculating ADM initial data
            GROUP CanudaX_ExactIDGroup: CanudaX_ExactID group for setting up initial data
              CanudaX_ExactID::CanudaX_ExactID_GaugeWave: [local] Create gauge wave initial data
          GROUP ADMBaseX_InitialGauge: Schedule group for the ADM initial gauge condition
            ADMBaseX::ADMBaseX_initial_dtlapse: Set dtlapse to zero
            ADMBaseX::ADMBaseX_initial_dtshift: Set dtshift to zero
          GROUP ADMBaseX_PostInitial: Schedule group for modifying the ADM initial data, such as e.g. adding noise
        GROUP CanudaX_BSSNMoL_InitialGroup: CanudaX_BSSNMoL: initial bin
          CanudaX_BSSNMoL::CanudaX_BSSNMoL_adm2bssn: [local] Convert initial data into BSSN variables
          CanudaX_BSSNMoL::CanudaX_BSSNMoL_gammat: [local] Set Gammat initial data
      [CCTK_POSTINITIAL]
        GROUP ODESolvers_PostStep: Apply boundary conditions to state vector, and project if necessary
          GROUP CanudaX_BSSNMoL_PostStepGroup: CanudaX_BSSNMoL: post-step operations
            CanudaX_BSSNMoL::CanudaX_BSSNMoL_impose_conf_fac_floor: Make sure conformal factor does not drop below specified value
            CanudaX_BSSNMoL::CanudaX_BSSNMoL_reset_detmetric: reset dethh = 1
            CanudaX_BSSNMoL::CanudaX_BSSNMoL_remove_trA: Remove trace of A
            CanudaX_BSSNMoL::CanudaX_BSSNMoL_sync: [global] Sync state vector
            CanudaX_BSSNMoL::CanudaX_BSSNMoL_bssn2adm: [local] Convert variables back to the ADM ones
          GROUP ADMBaseX_SetADMRHS: Set ADM RHS variables in this group
          GROUP ADMBaseX_SetADMVars: Set ADM variables in this group
          GROUP TmunuBaseX_SetTmunuVars: Schedule group for setting T_munu
            TmunuBaseX::TmunuBaseX_ZeroTmunu: Set T_munu to zero
            GROUP TmunuBaseX_AddToTmunu: Add to T_munu here
        GROUP ODESolvers_EstimateError: Estimate discretization error (for regridding)
      Initialise finer grids recursively
      Restrict from finer grids
      [CCTK_POSTRESTRICTINITIAL]
      [CCTK_POSTPOSTINITIAL]
      [CCTK_POSTSTEP]
        GROUP ODESolvers_EstimateError: Estimate discretization error (for regridding)
    endif
    if (recover initial data)
      [CCTK_BASEGRID]
        CarpetXRegrid::CarpetXRegrid_InitError: Initialize regridding error to zero
        GROUP ODESolvers_BaseGrid: Set up constants (e.g. coordinates) everywhere on the grid
      [CCTK_RECOVER_VARIABLES]
      [CCTK_POST_RECOVER_VARIABLES]
        GROUP ODESolvers_PostStep: Apply boundary conditions to state vector, and project if necessary
          GROUP CanudaX_BSSNMoL_PostStepGroup: CanudaX_BSSNMoL: post-step operations
            CanudaX_BSSNMoL::CanudaX_BSSNMoL_impose_conf_fac_floor: Make sure conformal factor does not drop below specified value
            CanudaX_BSSNMoL::CanudaX_BSSNMoL_reset_detmetric: reset dethh = 1
            CanudaX_BSSNMoL::CanudaX_BSSNMoL_remove_trA: Remove trace of A
            CanudaX_BSSNMoL::CanudaX_BSSNMoL_sync: [global] Sync state vector
            CanudaX_BSSNMoL::CanudaX_BSSNMoL_bssn2adm: [local] Convert variables back to the ADM ones
          GROUP ADMBaseX_SetADMRHS: Set ADM RHS variables in this group
          GROUP ADMBaseX_SetADMVars: Set ADM variables in this group
          GROUP TmunuBaseX_SetTmunuVars: Schedule group for setting T_munu
            TmunuBaseX::TmunuBaseX_ZeroTmunu: Set T_munu to zero
            GROUP TmunuBaseX_AddToTmunu: Add to T_munu here
        GROUP ODESolvers_EstimateError: Estimate discretization error (for regridding)
    endif
    if (checkpoint initial data)
      [CCTK_CPINITIAL]
        CarpetX::CarpetX_CheckpointInitial: [meta] Checkpoint initial conditions
    endif
    if (analysis)
      [CCTK_ANALYSIS]
        CanudaX_BSSNMoL::CanudaX_BSSNMoL_bssn_constraints: Compute constraints
        GROUP ODESolvers_Analysis: Calculate analysis quantities everywhere
  endif
  Output grid variables

  do loop over timesteps
    [CCTK_PREREGRID]
    Change grid hierarchy
    [CCTK_POSTREGRID]
      GROUP ODESolvers_PostStep: Apply boundary conditions to state vector, and project if necessary
        GROUP CanudaX_BSSNMoL_PostStepGroup: CanudaX_BSSNMoL: post-step operations
          CanudaX_BSSNMoL::CanudaX_BSSNMoL_impose_conf_fac_floor: Make sure conformal factor does not drop below specified value
          CanudaX_BSSNMoL::CanudaX_BSSNMoL_reset_detmetric: reset dethh = 1
          CanudaX_BSSNMoL::CanudaX_BSSNMoL_remove_trA: Remove trace of A
          CanudaX_BSSNMoL::CanudaX_BSSNMoL_sync: [global] Sync state vector
          CanudaX_BSSNMoL::CanudaX_BSSNMoL_bssn2adm: [local] Convert variables back to the ADM ones
        GROUP ADMBaseX_SetADMRHS: Set ADM RHS variables in this group
        GROUP ADMBaseX_SetADMVars: Set ADM variables in this group
        GROUP TmunuBaseX_SetTmunuVars: Schedule group for setting T_munu
          TmunuBaseX::TmunuBaseX_ZeroTmunu: Set T_munu to zero
          GROUP TmunuBaseX_AddToTmunu: Add to T_munu here
    Rotate timelevels
    iteration = iteration+1
    t = t+dt
    [CCTK_PRESTEP]
    [CCTK_EVOL]
      ODESolvers::ODESolvers_Solve: [level] Solve ODEs
      while (ODESolvers::do_substeps)
        GROUP ODESolvers_CalledBySolve: Groups internally scheduled by ODESolvers_Solve
          GROUP ODESolvers_RHS: Evaluate the RHS for of state vector everywhere on the grid
            GROUP CanudaX_BSSNMoL_RHSGroup: CanudaX_BSSNMoL: calculate BSSN RHS
              CanudaX_BSSNMoL::CanudaX_BSSNMoL_calc_bssn_rhs: MoL RHS calculation
              CanudaX_BSSNMoL::CanudaX_BSSNMoL_apply_boundary_conditions: Apply radiative boundary conditions 
          GROUP ODESolvers_PostStep: Apply boundary conditions to state vector, and project if necessary
            GROUP CanudaX_BSSNMoL_PostStepGroup: CanudaX_BSSNMoL: post-step operations
              CanudaX_BSSNMoL::CanudaX_BSSNMoL_impose_conf_fac_floor: Make sure conformal factor does not drop below specified value
              CanudaX_BSSNMoL::CanudaX_BSSNMoL_reset_detmetric: reset dethh = 1
              CanudaX_BSSNMoL::CanudaX_BSSNMoL_remove_trA: Remove trace of A
              CanudaX_BSSNMoL::CanudaX_BSSNMoL_sync: [global] Sync state vector
              CanudaX_BSSNMoL::CanudaX_BSSNMoL_bssn2adm: [local] Convert variables back to the ADM ones
            GROUP ADMBaseX_SetADMRHS: Set ADM RHS variables in this group
            GROUP ADMBaseX_SetADMVars: Set ADM variables in this group
            GROUP TmunuBaseX_SetTmunuVars: Schedule group for setting T_munu
              TmunuBaseX::TmunuBaseX_ZeroTmunu: Set T_munu to zero
              GROUP TmunuBaseX_AddToTmunu: Add to T_munu here
      end while
    Evolve finer grids recursively
    Restrict from finer grids
    [CCTK_POSTRESTRICT]
      GROUP ODESolvers_PostStep: Apply boundary conditions to state vector, and project if necessary
        GROUP CanudaX_BSSNMoL_PostStepGroup: CanudaX_BSSNMoL: post-step operations
          CanudaX_BSSNMoL::CanudaX_BSSNMoL_impose_conf_fac_floor: Make sure conformal factor does not drop below specified value
          CanudaX_BSSNMoL::CanudaX_BSSNMoL_reset_detmetric: reset dethh = 1
          CanudaX_BSSNMoL::CanudaX_BSSNMoL_remove_trA: Remove trace of A
          CanudaX_BSSNMoL::CanudaX_BSSNMoL_sync: [global] Sync state vector
          CanudaX_BSSNMoL::CanudaX_BSSNMoL_bssn2adm: [local] Convert variables back to the ADM ones
        GROUP ADMBaseX_SetADMRHS: Set ADM RHS variables in this group
        GROUP ADMBaseX_SetADMVars: Set ADM variables in this group
        GROUP TmunuBaseX_SetTmunuVars: Schedule group for setting T_munu
          TmunuBaseX::TmunuBaseX_ZeroTmunu: Set T_munu to zero
          GROUP TmunuBaseX_AddToTmunu: Add to T_munu here
    [CCTK_POSTSTEP]
      GROUP ODESolvers_EstimateError: Estimate discretization error (for regridding)
    if (checkpoint)
      [CCTK_CHECKPOINT]
      CarpetX::CarpetX_Checkpoint: [meta] Checkpoint
    endif
    if (analysis)
      [CCTK_ANALYSIS]
      CanudaX_BSSNMoL::CanudaX_BSSNMoL_bssn_constraints: Compute constraints
      GROUP ODESolvers_Analysis: Calculate analysis quantities everywhere
    endif
    Output grid variables
    enddo

  Termination routines
    [CCTK_TERMINATE]
      CarpetX::CarpetX_CheckpointTerminate: [meta] Checkpoint before terminating

  Shutdown routines
    [CCTK_SHUTDOWN]
      CarpetX::Driver_Shutdown: [meta] Shut down the driver

  Routines run after changing the grid hierarchy:
    [CCTK_POSTREGRID]
      GROUP ODESolvers_PostStep: Apply boundary conditions to state vector, and project if necessary
        GROUP CanudaX_BSSNMoL_PostStepGroup: CanudaX_BSSNMoL: post-step operations
          CanudaX_BSSNMoL::CanudaX_BSSNMoL_impose_conf_fac_floor: Make sure conformal factor does not drop below specified value
          CanudaX_BSSNMoL::CanudaX_BSSNMoL_reset_detmetric: reset dethh = 1
          CanudaX_BSSNMoL::CanudaX_BSSNMoL_remove_trA: Remove trace of A
          CanudaX_BSSNMoL::CanudaX_BSSNMoL_sync: [global] Sync state vector
          CanudaX_BSSNMoL::CanudaX_BSSNMoL_bssn2adm: [local] Convert variables back to the ADM ones
        GROUP ADMBaseX_SetADMRHS: Set ADM RHS variables in this group
        GROUP ADMBaseX_SetADMVars: Set ADM variables in this group
        GROUP TmunuBaseX_SetTmunuVars: Schedule group for setting T_munu
          TmunuBaseX::TmunuBaseX_ZeroTmunu: Set T_munu to zero
          GROUP TmunuBaseX_AddToTmunu: Add to T_munu here
--------------------------------------------------------------------------------
INFO (hwloc): library version 2.10.0, API version 0x20800
--------------------------------------------------------------------------------

  [34m  ▕▏  [34m  ▕▏  [34m  ▕▏  [34m  ▕▏  [34m  ▕▏  [34m  ▕▏  [34m  ▕▏  [34m  ▕▏  [34m  ▕▏  [39m  
  [34m──██──[34m──██──[34m──██──[34m──██──[34m──██──[34m──██──[34m──██──[34m──██──[34m──██──[39m  
  [34m  ▕▏  [34m  ▕▏  [34m  ▕▏  [34m  ▕▏  [34m  ▕▏  [34m  ▕▏  [34m  ▕▏  [34m  ▕▏  [34m  ▕▏  [39m  
  [34m  ▕▏  [32m██████[34m  ▕▏  [34m  ▕▏  [32m██████[34m  ▕▏  [34m  ▕▏  [32m██████[34m  ▕▏  [39m  
  [34m──██──[32m██████[34m──██──[34m──██──[32m██████[34m──██──[34m──██──[32m██████[34m──██──[39m  
  [34m  ▕▏  [32m██████[34m  ▕▏  [34m  ▕▏  [32m██████[34m  ▕▏  [34m  ▕▏  [32m██████[34m  ▕▏  [39m  
  [34m  ▕▏  [34m  ▕▏  [34m  ▕▏  [34m  ▕▏  [34m  ▕▏  [34m  ▕▏  [34m  ▕▏  [34m  ▕▏  [34m  ▕▏  [39m  
  [34m──██──[34m──██──[34m──██──[34m──██──[34m──██──[34m──██──[34m──██──[34m──██──[34m──██──[39m  
  [34m  ▕▏  [34m  ▕▏  [34m  ▕▏  [34m  ▕▏  [34m  ▕▏  [34m  ▕▏  [34m  ▕▏  [34m  ▕▏  [34m  ▕▏  [39m  
  [34m  ▕▏  [34m  ▕▏  [34m  ▕▏  [31m██████[31m██████[31m██████[34m  ▕▏  [34m  ▕▏  [34m  ▕▏  [39m  
  [34m──██──[34m──██──[34m──██──[31m██████[31m██████[31m██████[34m──██──[34m──██──[34m──██──[39m  
  [34m  ▕▏  [34m  ▕▏  [34m  ▕▏  [31m██████[31m██████[31m██████[34m  ▕▏  [34m  ▕▏  [34m  ▕▏  [39m  
  [34m  ▕▏  [32m██████[34m  ▕▏  [31m██████[31m██████[31m██████[34m  ▕▏  [32m██████[34m  ▕▏  [39m  
  [34m──██──[32m██████[34m──██──[31m██████[31m██████[31m██████[34m──██──[32m██████[34m──██──[39m  
  [34m  ▕▏  [32m██████[34m  ▕▏  [31m██████[31m██████[31m██████[34m  ▕▏  [32m██████[34m  ▕▏  [39m  
  [34m  ▕▏  [34m  ▕▏  [34m  ▕▏  [31m██████[31m██████[31m██████[34m  ▕▏  [34m  ▕▏  [34m  ▕▏  [39m  
  [34m──██──[34m──██──[34m──██──[31m██████[31m██████[31m██████[34m──██──[34m──██──[34m──██──[39m  
  [34m  ▕▏  [34m  ▕▏  [34m  ▕▏  [31m██████[31m██████[31m██████[34m  ▕▏  [34m  ▕▏  [34m  ▕▏  [39m  
  [34m  ▕▏  [34m  ▕▏  [34m  ▕▏  [34m  ▕▏  [34m  ▕▏  [34m  ▕▏  [34m  ▕▏  [34m  ▕▏  [34m  ▕▏  [39m  
  [34m──██──[34m──██──[34m──██──[34m──██──[34m──██──[34m──██──[34m──██──[34m──██──[34m──██──[39m  
  [34m  ▕▏  [34m  ▕▏  [34m  ▕▏  [34m  ▕▏  [34m  ▕▏  [34m  ▕▏  [34m  ▕▏  [34m  ▕▏  [34m  ▕▏  [39m  
  [34m  ▕▏  [32m██████[34m  ▕▏  [34m  ▕▏  [32m██████[34m  ▕▏  [34m  ▕▏  [32m██████[34m  ▕▏  [39m  
  [34m──██──[32m██████[34m──██──[34m──██──[32m██████[34m──██──[34m──██──[32m██████[34m──██──[39m  
  [34m  ▕▏  [32m██████[34m  ▕▏  [34m  ▕▏  [32m██████[34m  ▕▏  [34m  ▕▏  [32m██████[34m  ▕▏  [39m  
  [34m  ▕▏  [34m  ▕▏  [34m  ▕▏  [34m  ▕▏  [34m  ▕▏  [34m  ▕▏  [34m  ▕▏  [34m  ▕▏  [34m  ▕▏  [39m  
  [34m──██──[34m──██──[34m──██──[34m──██──[34m──██──[34m──██──[34m──██──[34m──██──[34m──██──[39m  
  [34m  ▕▏  [34m  ▕▏  [34m  ▕▏  [34m  ▕▏  [34m  ▕▏  [34m  ▕▏  [34m  ▕▏  [34m  ▕▏  [34m  ▕▏  [39m  

AMR driver provided by CarpetX,
using AMReX 25.11 (MPI, OpenMP, no accelerators, debug)
--------------------------------------------------------------------------------

Initializing AMReX (25.11)...
MPI initialized with 1 MPI processes
MPI initialized with thread support level 2
OMP initialized with 2 OMP threads
AMReX (25.11) initialized
INFO (CarpetX): 
Symmetries:
  lower x: periodic
  lower y: periodic
  lower z: periodic
  upper x: periodic
  upper y: periodic
  upper z: periodic
Default boundaries:
  lower x: symmetry_boundary
  lower y: symmetry_boundary
  lower z: symmetry_boundary
  upper x: symmetry_boundary
  upper y: symmetry_boundary
  upper z: symmetry_boundary
INFO (Arith): Test_smallvector
INFO (Arith): Test_spvect
INFO (CarpetX): Setting initial values for max_grid_size values for all levels
INFO (CarpetX): Setting up initial conditions...
INFO (CarpetX): Iteration: 0   time: 0   delta_time: 0.00390625
INFO (CarpetX): Patch 0:
INFO (CarpetX):   Grid extent:
INFO (CarpetX):     gsh=[71,15,15]
INFO (CarpetX):     blocking_factor=[8,8,8]
INFO (CarpetX):     max_grid_size=[10000000,10000000,10000000]
INFO (CarpetX):     max_tile_size=[1024000,16,32]
INFO (CarpetX):   Domain extent:
INFO (CarpetX):     xmin=[-0.5,-0.0625,-0.0625]
INFO (CarpetX):     xmax=[0.5,0.0625,0.0625]
INFO (CarpetX):     base dx=[0.015625,0.015625,0.015625]
INFO (CarpetX): Initializing level 0...
INFO (CanudaX_ExactID): Begin Gauge Wave initial data
INFO (CanudaX_ExactID): === End gauge wave initial data ===
INFO (CarpetX): Regridding...
INFO (CarpetX):   level 0: 1 boxes, 4096 cells (100%)
INFO (CarpetX): Initialized 1 levels
INFO (CarpetX): OutputGH: iteration 0, time 0.000000, run time 0 s
INFO (CarpetX): OutputGH done.
INFO (CarpetX): Starting evolution...
INFO (ODESolvers): ODE integrator is RK4
INFO (CarpetX): OutputGH: iteration 1, time 0.003906, run time 1 s
INFO (CarpetX): OutputGH done.
INFO (CarpetX): Simulation time: 0.00390625   Iterations per second: 19.3281   Simulation time per second: 0.0755006
INFO (CarpetX): Grid cells: 4096   Grid cell updates per second: 79168.1
INFO (CarpetX): Performance:
INFO (CarpetX):   total evolution time:            0.051738 sec
INFO (CarpetX):   total evolution compute time:    0.051729 sec
INFO (CarpetX):   total evolution output time:     9.05991e-06 sec
INFO (CarpetX):   total iterations:                1
INFO (CarpetX):   total cells updated:             4096
INFO (CarpetX):   average iterations per second: 19.3281
INFO (CarpetX):   average cell updates per second: 79168.1
INFO (CarpetX): OutputGH: iteration 2, time 0.007812, run time 1 s
INFO (CarpetX): OutputGH done.
INFO (CarpetX): Simulation time: 0.0078125   Iterations per second: 19.8301   Simulation time per second: 0.0774611
INFO (CarpetX): Grid cells: 4096   Grid cell updates per second: 81223.9
INFO (CarpetX): Performance:
INFO (CarpetX):   total evolution time:            0.100857 sec
INFO (CarpetX):   total evolution compute time:    0.100839 sec
INFO (CarpetX):   total evolution output time:     1.81198e-05 sec
INFO (CarpetX):   total iterations:                2
INFO (CarpetX):   total cells updated:             8192
INFO (CarpetX):   average iterations per second: 19.8301
INFO (CarpetX):   average cell updates per second: 81223.9
INFO (CarpetX): OutputGH: iteration 3, time 0.011719, run time 1 s
INFO (CarpetX): OutputGH done.
INFO (CarpetX): Simulation time: 0.0117188   Iterations per second: 20.0176   Simulation time per second: 0.0781938
INFO (CarpetX): Grid cells: 4096   Grid cell updates per second: 81992.1
INFO (CarpetX): Performance:
INFO (CarpetX):   total evolution time:            0.149868 sec
INFO (CarpetX):   total evolution compute time:    0.14984 sec
INFO (CarpetX):   total evolution output time:     2.81334e-05 sec
INFO (CarpetX):   total iterations:                3
INFO (CarpetX):   total cells updated:             12288
INFO (CarpetX):   average iterations per second: 20.0176
INFO (CarpetX):   average cell updates per second: 81992.1
INFO (CarpetX): OutputGH: iteration 4, time 0.015625, run time 1 s
INFO (CarpetX): OutputGH done.
INFO (CarpetX): Simulation time: 0.015625   Iterations per second: 20.105   Simulation time per second: 0.0785353
INFO (CarpetX): Grid cells: 4096   Grid cell updates per second: 82350.3
INFO (CarpetX): Performance:
INFO (CarpetX):   total evolution time:            0.198955 sec
INFO (CarpetX):   total evolution compute time:    0.198916 sec
INFO (CarpetX):   total evolution output time:     3.91006e-05 sec
INFO (CarpetX):   total iterations:                4
INFO (CarpetX):   total cells updated:             16384
INFO (CarpetX):   average iterations per second: 20.105
INFO (CarpetX):   average cell updates per second: 82350.3
INFO (CarpetX): OutputGH: iteration 5, time 0.019531, run time 1 s
INFO (CarpetX): OutputGH done.
INFO (CarpetX): Simulation time: 0.0195312   Iterations per second: 20.1662   Simulation time per second: 0.0787741
INFO (CarpetX): Grid cells: 4096   Grid cell updates per second: 82600.6
INFO (CarpetX): Performance:
INFO (CarpetX):   total evolution time:            0.24794 sec
INFO (CarpetX):   total evolution compute time:    0.247892 sec
INFO (CarpetX):   total evolution output time:     4.81606e-05 sec
INFO (CarpetX):   total iterations:                5
INFO (CarpetX):   total cells updated:             20480
INFO (CarpetX):   average iterations per second: 20.1662
INFO (CarpetX):   average cell updates per second: 82600.6
INFO (CarpetX): OutputGH: iteration 6, time 0.023438, run time 1 s
INFO (CarpetX): OutputGH done.
INFO (CarpetX): Simulation time: 0.0234375   Iterations per second: 20.0069   Simulation time per second: 0.0781518
INFO (CarpetX): Grid cells: 4096   Grid cell updates per second: 81948.1
INFO (CarpetX): Performance:
INFO (CarpetX):   total evolution time:            0.299897 sec
INFO (CarpetX):   total evolution compute time:    0.299839 sec
INFO (CarpetX):   total evolution output time:     5.81741e-05 sec
INFO (CarpetX):   total iterations:                6
INFO (CarpetX):   total cells updated:             24576
INFO (CarpetX):   average iterations per second: 20.0069
INFO (CarpetX):   average cell updates per second: 81948.1
INFO (CarpetX): OutputGH: iteration 7, time 0.027344, run time 1 s
INFO (CarpetX): OutputGH done.
INFO (CarpetX): Simulation time: 0.0273438   Iterations per second: 20.059   Simulation time per second: 0.0783556
INFO (CarpetX): Grid cells: 4096   Grid cell updates per second: 82161.8
INFO (CarpetX): Performance:
INFO (CarpetX):   total evolution time:            0.34897 sec
INFO (CarpetX):   total evolution compute time:    0.348902 sec
INFO (CarpetX):   total evolution output time:     6.81877e-05 sec
INFO (CarpetX):   total iterations:                7
INFO (CarpetX):   total cells updated:             28672
INFO (CarpetX):   average iterations per second: 20.059
INFO (CarpetX):   average cell updates per second: 82161.8
INFO (CarpetX): OutputGH: iteration 8, time 0.031250, run time 1 s
INFO (CarpetX): OutputGH done.
INFO (CarpetX): Simulation time: 0.03125   Iterations per second: 20.1052   Simulation time per second: 0.0785359
INFO (CarpetX): Grid cells: 4096   Grid cell updates per second: 82350.9
INFO (CarpetX): Performance:
INFO (CarpetX):   total evolution time:            0.397907 sec
INFO (CarpetX):   total evolution compute time:    0.39783 sec
INFO (CarpetX):   total evolution output time:     7.72476e-05 sec
INFO (CarpetX):   total iterations:                8
INFO (CarpetX):   total cells updated:             32768
INFO (CarpetX):   average iterations per second: 20.1052
INFO (CarpetX):   average cell updates per second: 82350.9
INFO (CarpetX): OutputGH: iteration 9, time 0.035156, run time 1 s
INFO (CarpetX): OutputGH done.
INFO (CarpetX): Simulation time: 0.0351562   Iterations per second: 20.1349   Simulation time per second: 0.0786521
INFO (CarpetX): Grid cells: 4096   Grid cell updates per second: 82472.7
INFO (CarpetX): Performance:
INFO (CarpetX):   total evolution time:            0.446984 sec
INFO (CarpetX):   total evolution compute time:    0.446882 sec
INFO (CarpetX):   total evolution output time:     0.000102282 sec
INFO (CarpetX):   total iterations:                9
INFO (CarpetX):   total cells updated:             36864
INFO (CarpetX):   average iterations per second: 20.1349
INFO (CarpetX):   average cell updates per second: 82472.7
INFO (CarpetX): OutputGH: iteration 10, time 0.039062, run time 1 s
INFO (CarpetX): OutputGH done.
INFO (CarpetX): Simulation time: 0.0390625   Iterations per second: 20.1637   Simulation time per second: 0.0787643
INFO (CarpetX): Grid cells: 4096   Grid cell updates per second: 82590.3
INFO (CarpetX): Performance:
INFO (CarpetX):   total evolution time:            0.495942 sec
INFO (CarpetX):   total evolution compute time:    0.495819 sec
INFO (CarpetX):   total evolution output time:     0.000123262 sec
INFO (CarpetX):   total iterations:                10
INFO (CarpetX):   total cells updated:             40960
INFO (CarpetX):   average iterations per second: 20.1637
INFO (CarpetX):   average cell updates per second: 82590.3
INFO (CarpetX): OutputGH: iteration 11, time 0.042969, run time 1 s
INFO (CarpetX): OutputGH done.
INFO (CarpetX): Simulation time: 0.0429688   Iterations per second: 20.1825   Simulation time per second: 0.0788381
INFO (CarpetX): Grid cells: 4096   Grid cell updates per second: 82667.7
INFO (CarpetX): Performance:
INFO (CarpetX):   total evolution time:            0.545072 sec
INFO (CarpetX):   total evolution compute time:    0.544938 sec
INFO (CarpetX):   total evolution output time:     0.00013423 sec
INFO (CarpetX):   total iterations:                11
INFO (CarpetX):   total cells updated:             45056
INFO (CarpetX):   average iterations per second: 20.1808
INFO (CarpetX):   average cell updates per second: 82660.7
INFO (CarpetX): OutputGH: iteration 12, time 0.046875, run time 1 s
INFO (CarpetX): OutputGH done.
INFO (CarpetX): Simulation time: 0.046875   Iterations per second: 20.2   Simulation time per second: 0.0789062
INFO (CarpetX): Grid cells: 4096   Grid cell updates per second: 82739.1
INFO (CarpetX): Performance:
INFO (CarpetX):   total evolution time:            0.594192 sec
INFO (CarpetX):   total evolution compute time:    0.594049 sec
INFO (CarpetX):   total evolution output time:     0.00014329 sec
INFO (CarpetX):   total iterations:                12
INFO (CarpetX):   total cells updated:             49152
INFO (CarpetX):   average iterations per second: 20.1955
INFO (CarpetX):   average cell updates per second: 82720.7
INFO (CarpetX): OutputGH: iteration 13, time 0.050781, run time 1 s
INFO (CarpetX): OutputGH done.
INFO (CarpetX): Simulation time: 0.0507812   Iterations per second: 20.2202   Simulation time per second: 0.0789853
INFO (CarpetX): Grid cells: 4096   Grid cell updates per second: 82822.1
INFO (CarpetX): Performance:
INFO (CarpetX):   total evolution time:            0.643201 sec
INFO (CarpetX):   total evolution compute time:    0.643049 sec
INFO (CarpetX):   total evolution output time:     0.000152349 sec
INFO (CarpetX):   total iterations:                13
INFO (CarpetX):   total cells updated:             53248
INFO (CarpetX):   average iterations per second: 20.2114
INFO (CarpetX):   average cell updates per second: 82785.9
INFO (CarpetX): OutputGH: iteration 14, time 0.054688, run time 2 s
INFO (CarpetX): OutputGH done.
INFO (CarpetX): Simulation time: 0.0546875   Iterations per second: 20.2354   Simulation time per second: 0.0790444
INFO (CarpetX): Grid cells: 4096   Grid cell updates per second: 82884
INFO (CarpetX): Performance:
INFO (CarpetX):   total evolution time:            0.692287 sec
INFO (CarpetX):   total evolution compute time:    0.692124 sec
INFO (CarpetX):   total evolution output time:     0.000163317 sec
INFO (CarpetX):   total iterations:                14
INFO (CarpetX):   total cells updated:             57344
INFO (CarpetX):   average iterations per second: 20.2228
INFO (CarpetX):   average cell updates per second: 82832.7
INFO (CarpetX): OutputGH: iteration 15, time 0.058594, run time 2 s
INFO (CarpetX): OutputGH done.
INFO (CarpetX): Simulation time: 0.0585938   Iterations per second: 20.2551   Simulation time per second: 0.0791214
INFO (CarpetX): Grid cells: 4096   Grid cell updates per second: 82964.8
INFO (CarpetX): Performance:
INFO (CarpetX):   total evolution time:            0.741224 sec
INFO (CarpetX):   total evolution compute time:    0.741052 sec
INFO (CarpetX):   total evolution output time:     0.000172377 sec
INFO (CarpetX):   total iterations:                15
INFO (CarpetX):   total cells updated:             61440
INFO (CarpetX):   average iterations per second: 20.2368
INFO (CarpetX):   average cell updates per second: 82889.9
INFO (CarpetX): OutputGH: iteration 16, time 0.062500, run time 2 s
INFO (CarpetX): OutputGH done.
INFO (CarpetX): Simulation time: 0.0625   Iterations per second: 20.2645   Simulation time per second: 0.0791582
INFO (CarpetX): Grid cells: 4096   Grid cell updates per second: 83003.3
INFO (CarpetX): Performance:
INFO (CarpetX):   total evolution time:            0.790365 sec
INFO (CarpetX):   total evolution compute time:    0.790183 sec
INFO (CarpetX):   total evolution output time:     0.00018239 sec
INFO (CarpetX):   total iterations:                16
INFO (CarpetX):   total cells updated:             65536
INFO (CarpetX):   average iterations per second: 20.2438
INFO (CarpetX):   average cell updates per second: 82918.6
INFO (CarpetX): OutputGH: iteration 17, time 0.066406, run time 2 s
INFO (CarpetX): OutputGH done.
INFO (CarpetX): Simulation time: 0.0664062   Iterations per second: 20.2856   Simulation time per second: 0.0792406
INFO (CarpetX): Grid cells: 4096   Grid cell updates per second: 83089.8
INFO (CarpetX): Performance:
INFO (CarpetX):   total evolution time:            0.839199 sec
INFO (CarpetX):   total evolution compute time:    0.839009 sec
INFO (CarpetX):   total evolution output time:     0.000190496 sec
INFO (CarpetX):   total iterations:                17
INFO (CarpetX):   total cells updated:             69632
INFO (CarpetX):   average iterations per second: 20.2574
INFO (CarpetX):   average cell updates per second: 82974.4
INFO (CarpetX): OutputGH: iteration 18, time 0.070312, run time 2 s
INFO (CarpetX): OutputGH done.
INFO (CarpetX): Simulation time: 0.0703125   Iterations per second: 20.3068   Simulation time per second: 0.0793235
INFO (CarpetX): Grid cells: 4096   Grid cell updates per second: 83176.7
INFO (CarpetX): Performance:
INFO (CarpetX):   total evolution time:            0.88798 sec
INFO (CarpetX):   total evolution compute time:    0.887782 sec
INFO (CarpetX):   total evolution output time:     0.000198364 sec
INFO (CarpetX):   total iterations:                18
INFO (CarpetX):   total cells updated:             73728
INFO (CarpetX):   average iterations per second: 20.2707
INFO (CarpetX):   average cell updates per second: 83028.9
INFO (CarpetX): OutputGH: iteration 19, time 0.074219, run time 2 s
INFO (CarpetX): OutputGH done.
INFO (CarpetX): Simulation time: 0.0742188   Iterations per second: 20.3204   Simulation time per second: 0.0793765
INFO (CarpetX): Grid cells: 4096   Grid cell updates per second: 83232.3
INFO (CarpetX): Performance:
INFO (CarpetX):   total evolution time:            0.936896 sec
INFO (CarpetX):   total evolution compute time:    0.936689 sec
INFO (CarpetX):   total evolution output time:     0.000207186 sec
INFO (CarpetX):   total iterations:                19
INFO (CarpetX):   total cells updated:             77824
INFO (CarpetX):   average iterations per second: 20.2797
INFO (CarpetX):   average cell updates per second: 83065.8
INFO (CarpetX): OutputGH: iteration 20, time 0.078125, run time 2 s
INFO (CarpetX): OutputGH done.
INFO (CarpetX): Simulation time: 0.078125   Iterations per second: 20.3272   Simulation time per second: 0.079403
INFO (CarpetX): Grid cells: 4096   Grid cell updates per second: 83260.1
INFO (CarpetX): Performance:
INFO (CarpetX):   total evolution time:            0.985943 sec
INFO (CarpetX):   total evolution compute time:    0.985727 sec
INFO (CarpetX):   total evolution output time:     0.000216246 sec
INFO (CarpetX):   total iterations:                20
INFO (CarpetX):   total cells updated:             81920
INFO (CarpetX):   average iterations per second: 20.2851
INFO (CarpetX):   average cell updates per second: 83088
INFO (CarpetX): OutputGH: iteration 21, time 0.082031, run time 2 s
INFO (CarpetX): OutputGH done.
INFO (CarpetX): Simulation time: 0.0820312   Iterations per second: 20.3348   Simulation time per second: 0.0794326
INFO (CarpetX): Grid cells: 4096   Grid cell updates per second: 83291.1
INFO (CarpetX): Performance:
INFO (CarpetX):   total evolution time:            1.03496 sec
INFO (CarpetX):   total evolution compute time:    1.03473 sec
INFO (CarpetX):   total evolution output time:     0.000226259 sec
INFO (CarpetX):   total iterations:                21
INFO (CarpetX):   total cells updated:             86016
INFO (CarpetX):   average iterations per second: 20.2907
INFO (CarpetX):   average cell updates per second: 83110.9
INFO (CarpetX): OutputGH: iteration 22, time 0.085938, run time 2 s
INFO (CarpetX): OutputGH done.
INFO (CarpetX): Simulation time: 0.0859375   Iterations per second: 20.3343   Simulation time per second: 0.079431
INFO (CarpetX): Grid cells: 4096   Grid cell updates per second: 83289.4
INFO (CarpetX): Performance:
INFO (CarpetX):   total evolution time:            1.08414 sec
INFO (CarpetX):   total evolution compute time:    1.08391 sec
INFO (CarpetX):   total evolution output time:     0.000235319 sec
INFO (CarpetX):   total iterations:                22
INFO (CarpetX):   total cells updated:             90112
INFO (CarpetX):   average iterations per second: 20.2925
INFO (CarpetX):   average cell updates per second: 83118.3
INFO (CarpetX): OutputGH: iteration 23, time 0.089844, run time 2 s
INFO (CarpetX): OutputGH done.
INFO (CarpetX): Simulation time: 0.0898438   Iterations per second: 20.3438   Simulation time per second: 0.079468
INFO (CarpetX): Grid cells: 4096   Grid cell updates per second: 83328.2
INFO (CarpetX): Performance:
INFO (CarpetX):   total evolution time:            1.13309 sec
INFO (CarpetX):   total evolution compute time:    1.13285 sec
INFO (CarpetX):   total evolution output time:     0.000245333 sec
INFO (CarpetX):   total iterations:                23
INFO (CarpetX):   total cells updated:             94208
INFO (CarpetX):   average iterations per second: 20.2985
INFO (CarpetX):   average cell updates per second: 83142.5
INFO (CarpetX): OutputGH: iteration 24, time 0.093750, run time 2 s
INFO (CarpetX): OutputGH done.
INFO (CarpetX): Simulation time: 0.09375   Iterations per second: 20.3472   Simulation time per second: 0.0794813
INFO (CarpetX): Grid cells: 4096   Grid cell updates per second: 83342.1
INFO (CarpetX): Performance:
INFO (CarpetX):   total evolution time:            1.18216 sec
INFO (CarpetX):   total evolution compute time:    1.18191 sec
INFO (CarpetX):   total evolution output time:     0.000254393 sec
INFO (CarpetX):   total iterations:                24
INFO (CarpetX):   total cells updated:             98304
INFO (CarpetX):   average iterations per second: 20.3018
INFO (CarpetX):   average cell updates per second: 83156
INFO (CarpetX): OutputGH: iteration 25, time 0.097656, run time 2 s
INFO (CarpetX): OutputGH done.
INFO (CarpetX): Simulation time: 0.0976562   Iterations per second: 20.3511   Simulation time per second: 0.0794966
INFO (CarpetX): Grid cells: 4096   Grid cell updates per second: 83358.2
INFO (CarpetX): Performance:
INFO (CarpetX):   total evolution time:            1.23122 sec
INFO (CarpetX):   total evolution compute time:    1.23095 sec
INFO (CarpetX):   total evolution output time:     0.000264406 sec
INFO (CarpetX):   total iterations:                25
INFO (CarpetX):   total cells updated:             102400
INFO (CarpetX):   average iterations per second: 20.3051
INFO (CarpetX):   average cell updates per second: 83169.8
INFO (CarpetX): OutputGH: iteration 26, time 0.101562, run time 2 s
INFO (CarpetX): OutputGH done.
INFO (CarpetX): Simulation time: 0.101562   Iterations per second: 20.3585   Simulation time per second: 0.0795253
INFO (CarpetX): Grid cells: 4096   Grid cell updates per second: 83388.3
INFO (CarpetX): Performance:
INFO (CarpetX):   total evolution time:            1.28018 sec
INFO (CarpetX):   total evolution compute time:    1.2799 sec
INFO (CarpetX):   total evolution output time:     0.000274181 sec
INFO (CarpetX):   total iterations:                26
INFO (CarpetX):   total cells updated:             106496
INFO (CarpetX):   average iterations per second: 20.3097
INFO (CarpetX):   average cell updates per second: 83188.6
INFO (CarpetX): OutputGH: iteration 27, time 0.105469, run time 2 s
INFO (CarpetX): OutputGH done.
INFO (CarpetX): Simulation time: 0.105469   Iterations per second: 20.3608   Simulation time per second: 0.0795343
INFO (CarpetX): Grid cells: 4096   Grid cell updates per second: 83397.7
INFO (CarpetX): Performance:
INFO (CarpetX):   total evolution time:            1.32924 sec
INFO (CarpetX):   total evolution compute time:    1.32896 sec
INFO (CarpetX):   total evolution output time:     0.000283241 sec
INFO (CarpetX):   total iterations:                27
INFO (CarpetX):   total cells updated:             110592
INFO (CarpetX):   average iterations per second: 20.3124
INFO (CarpetX):   average cell updates per second: 83199.4
INFO (CarpetX): OutputGH: iteration 28, time 0.109375, run time 2 s
INFO (CarpetX): OutputGH done.
INFO (CarpetX): Simulation time: 0.109375   Iterations per second: 20.3724   Simulation time per second: 0.0795797
INFO (CarpetX): Grid cells: 4096   Grid cell updates per second: 83445.3
INFO (CarpetX): Performance:
INFO (CarpetX):   total evolution time:            1.37807 sec
INFO (CarpetX):   total evolution compute time:    1.37778 sec
INFO (CarpetX):   total evolution output time:     0.000293255 sec
INFO (CarpetX):   total iterations:                28
INFO (CarpetX):   total cells updated:             114688
INFO (CarpetX):   average iterations per second: 20.3182
INFO (CarpetX):   average cell updates per second: 83223.4
INFO (CarpetX): OutputGH: iteration 29, time 0.113281, run time 2 s
INFO (CarpetX): OutputGH done.
INFO (CarpetX): Simulation time: 0.113281   Iterations per second: 20.3768   Simulation time per second: 0.0795969
INFO (CarpetX): Grid cells: 4096   Grid cell updates per second: 83463.4
INFO (CarpetX): Performance:
INFO (CarpetX):   total evolution time:            1.42705 sec
INFO (CarpetX):   total evolution compute time:    1.42675 sec
INFO (CarpetX):   total evolution output time:     0.000301361 sec
INFO (CarpetX):   total iterations:                29
INFO (CarpetX):   total cells updated:             118784
INFO (CarpetX):   average iterations per second: 20.3216
INFO (CarpetX):   average cell updates per second: 83237.2
INFO (CarpetX): OutputGH: iteration 30, time 0.117188, run time 2 s
INFO (CarpetX): OutputGH done.
INFO (CarpetX): Simulation time: 0.117188   Iterations per second: 20.3797   Simulation time per second: 0.0796081
INFO (CarpetX): Grid cells: 4096   Grid cell updates per second: 83475.2
INFO (CarpetX): Performance:
INFO (CarpetX):   total evolution time:            1.47606 sec
INFO (CarpetX):   total evolution compute time:    1.47575 sec
INFO (CarpetX):   total evolution output time:     0.000310183 sec
INFO (CarpetX):   total iterations:                30
INFO (CarpetX):   total cells updated:             122880
INFO (CarpetX):   average iterations per second: 20.3244
INFO (CarpetX):   average cell updates per second: 83248.7
INFO (CarpetX): OutputGH: iteration 31, time 0.121094, run time 2 s
INFO (CarpetX): OutputGH done.
INFO (CarpetX): Simulation time: 0.121094   Iterations per second: 20.3848   Simulation time per second: 0.079628
INFO (CarpetX): Grid cells: 4096   Grid cell updates per second: 83496
INFO (CarpetX): Performance:
INFO (CarpetX):   total evolution time:            1.52501 sec
INFO (CarpetX):   total evolution compute time:    1.52469 sec
INFO (CarpetX):   total evolution output time:     0.000319242 sec
INFO (CarpetX):   total iterations:                31
INFO (CarpetX):   total cells updated:             126976
INFO (CarpetX):   average iterations per second: 20.3278
INFO (CarpetX):   average cell updates per second: 83262.6
INFO (CarpetX): OutputGH: iteration 32, time 0.125000, run time 2 s
INFO (CarpetX): OutputGH done.
INFO (CarpetX): Simulation time: 0.125   Iterations per second: 20.3286   Simulation time per second: 0.0794085
INFO (CarpetX): Grid cells: 4096   Grid cell updates per second: 83265.9
INFO (CarpetX): Performance:
INFO (CarpetX):   total evolution time:            1.57542 sec
INFO (CarpetX):   total evolution compute time:    1.57509 sec
INFO (CarpetX):   total evolution output time:     0.000328302 sec
INFO (CarpetX):   total iterations:                32
INFO (CarpetX):   total cells updated:             131072
INFO (CarpetX):   average iterations per second: 20.3121
INFO (CarpetX):   average cell updates per second: 83198.2
INFO (CarpetX): OutputGH: iteration 33, time 0.128906, run time 2 s
INFO (CarpetX): OutputGH done.
INFO (CarpetX): Simulation time: 0.128906   Iterations per second: 20.3303   Simulation time per second: 0.0794153
INFO (CarpetX): Grid cells: 4096   Grid cell updates per second: 83273
INFO (CarpetX): Performance:
INFO (CarpetX):   total evolution time:            1.62457 sec
INFO (CarpetX):   total evolution compute time:    1.62423 sec
INFO (CarpetX):   total evolution output time:     0.000337362 sec
INFO (CarpetX):   total iterations:                33
INFO (CarpetX):   total cells updated:             135168
INFO (CarpetX):   average iterations per second: 20.3131
INFO (CarpetX):   average cell updates per second: 83202.4
INFO (CarpetX): OutputGH: iteration 34, time 0.132812, run time 2 s
INFO (CarpetX): OutputGH done.
INFO (CarpetX): Simulation time: 0.132812   Iterations per second: 20.3375   Simulation time per second: 0.0794435
INFO (CarpetX): Grid cells: 4096   Grid cell updates per second: 83302.6
INFO (CarpetX): Performance:
INFO (CarpetX):   total evolution time:            1.67358 sec
INFO (CarpetX):   total evolution compute time:    1.67323 sec
INFO (CarpetX):   total evolution output time:     0.000346422 sec
INFO (CarpetX):   total iterations:                34
INFO (CarpetX):   total cells updated:             139264
INFO (CarpetX):   average iterations per second: 20.3157
INFO (CarpetX):   average cell updates per second: 83213.2
INFO (CarpetX): OutputGH: iteration 35, time 0.136719, run time 3 s
INFO (CarpetX): OutputGH done.
INFO (CarpetX): Simulation time: 0.136719   Iterations per second: 20.3445   Simulation time per second: 0.0794709
INFO (CarpetX): Grid cells: 4096   Grid cell updates per second: 83331.2
INFO (CarpetX): Performance:
INFO (CarpetX):   total evolution time:            1.72258 sec
INFO (CarpetX):   total evolution compute time:    1.72223 sec
INFO (CarpetX):   total evolution output time:     0.000355482 sec
INFO (CarpetX):   total iterations:                35
INFO (CarpetX):   total cells updated:             143360
INFO (CarpetX):   average iterations per second: 20.3183
INFO (CarpetX):   average cell updates per second: 83223.9
INFO (CarpetX): OutputGH: iteration 36, time 0.140625, run time 3 s
INFO (CarpetX): OutputGH done.
INFO (CarpetX): Simulation time: 0.140625   Iterations per second: 20.3522   Simulation time per second: 0.0795006
INFO (CarpetX): Grid cells: 4096   Grid cell updates per second: 83362.5
INFO (CarpetX): Performance:
INFO (CarpetX):   total evolution time:            1.77155 sec
INFO (CarpetX):   total evolution compute time:    1.77119 sec
INFO (CarpetX):   total evolution output time:     0.000365496 sec
INFO (CarpetX):   total iterations:                36
INFO (CarpetX):   total cells updated:             147456
INFO (CarpetX):   average iterations per second: 20.3212
INFO (CarpetX):   average cell updates per second: 83235.5
INFO (CarpetX): OutputGH: iteration 37, time 0.144531, run time 3 s
INFO (CarpetX): OutputGH done.
INFO (CarpetX): Simulation time: 0.144531   Iterations per second: 20.3627   Simulation time per second: 0.0795417
INFO (CarpetX): Grid cells: 4096   Grid cell updates per second: 83405.5
INFO (CarpetX): Performance:
INFO (CarpetX):   total evolution time:            1.82043 sec
INFO (CarpetX):   total evolution compute time:    1.82006 sec
INFO (CarpetX):   total evolution output time:     0.000375509 sec
INFO (CarpetX):   total iterations:                37
INFO (CarpetX):   total cells updated:             151552
INFO (CarpetX):   average iterations per second: 20.3248
INFO (CarpetX):   average cell updates per second: 83250.6
INFO (CarpetX): OutputGH: iteration 38, time 0.148438, run time 3 s
INFO (CarpetX): OutputGH done.
INFO (CarpetX): Simulation time: 0.148438   Iterations per second: 20.3669   Simulation time per second: 0.079558
INFO (CarpetX): Grid cells: 4096   Grid cell updates per second: 83422.6
INFO (CarpetX): Performance:
INFO (CarpetX):   total evolution time:            1.86944 sec
INFO (CarpetX):   total evolution compute time:    1.86906 sec
INFO (CarpetX):   total evolution output time:     0.000384569 sec
INFO (CarpetX):   total iterations:                38
INFO (CarpetX):   total cells updated:             155648
INFO (CarpetX):   average iterations per second: 20.3269
INFO (CarpetX):   average cell updates per second: 83259.1
INFO (CarpetX): OutputGH: iteration 39, time 0.152344, run time 3 s
INFO (CarpetX): OutputGH done.
INFO (CarpetX): Simulation time: 0.152344   Iterations per second: 20.3721   Simulation time per second: 0.0795783
INFO (CarpetX): Grid cells: 4096   Grid cell updates per second: 83443.9
INFO (CarpetX): Performance:
INFO (CarpetX):   total evolution time:            1.91841 sec
INFO (CarpetX):   total evolution compute time:    1.91802 sec
INFO (CarpetX):   total evolution output time:     0.000393629 sec
INFO (CarpetX):   total iterations:                39
INFO (CarpetX):   total cells updated:             159744
INFO (CarpetX):   average iterations per second: 20.3293
INFO (CarpetX):   average cell updates per second: 83268.7
INFO (CarpetX): OutputGH: iteration 40, time 0.156250, run time 3 s
INFO (CarpetX): OutputGH done.
INFO (CarpetX): Simulation time: 0.15625   Iterations per second: 20.3784   Simulation time per second: 0.0796031
INFO (CarpetX): Grid cells: 4096   Grid cell updates per second: 83469.9
INFO (CarpetX): Performance:
INFO (CarpetX):   total evolution time:            1.96735 sec
INFO (CarpetX):   total evolution compute time:    1.96695 sec
INFO (CarpetX):   total evolution output time:     0.000402451 sec
INFO (CarpetX):   total iterations:                40
INFO (CarpetX):   total cells updated:             163840
INFO (CarpetX):   average iterations per second: 20.3319
INFO (CarpetX):   average cell updates per second: 83279.6
INFO (CarpetX): OutputGH: iteration 41, time 0.160156, run time 3 s
INFO (CarpetX): OutputGH done.
INFO (CarpetX): Simulation time: 0.160156   Iterations per second: 20.3813   Simulation time per second: 0.0796146
INFO (CarpetX): Grid cells: 4096   Grid cell updates per second: 83481.9
INFO (CarpetX): Performance:
INFO (CarpetX):   total evolution time:            2.01635 sec
INFO (CarpetX):   total evolution compute time:    2.01594 sec
INFO (CarpetX):   total evolution output time:     0.000412464 sec
INFO (CarpetX):   total iterations:                41
INFO (CarpetX):   total cells updated:             167936
INFO (CarpetX):   average iterations per second: 20.3338
INFO (CarpetX):   average cell updates per second: 83287.1
INFO (CarpetX): OutputGH: iteration 42, time 0.164062, run time 3 s
INFO (CarpetX): OutputGH done.
INFO (CarpetX): Simulation time: 0.164062   Iterations per second: 20.3827   Simulation time per second: 0.07962
INFO (CarpetX): Grid cells: 4096   Grid cell updates per second: 83487.6
INFO (CarpetX): Performance:
INFO (CarpetX):   total evolution time:            2.06538 sec
INFO (CarpetX):   total evolution compute time:    2.06496 sec
INFO (CarpetX):   total evolution output time:     0.000421524 sec
INFO (CarpetX):   total iterations:                42
INFO (CarpetX):   total cells updated:             172032
INFO (CarpetX):   average iterations per second: 20.3352
INFO (CarpetX):   average cell updates per second: 83293.1
INFO (CarpetX): OutputGH: iteration 43, time 0.167969, run time 3 s
INFO (CarpetX): OutputGH done.
INFO (CarpetX): Simulation time: 0.167969   Iterations per second: 20.3692   Simulation time per second: 0.0795671
INFO (CarpetX): Grid cells: 4096   Grid cell updates per second: 83432.2
INFO (CarpetX): Performance:
INFO (CarpetX):   total evolution time:            2.11477 sec
INFO (CarpetX):   total evolution compute time:    2.11434 sec
INFO (CarpetX):   total evolution output time:     0.000430584 sec
INFO (CarpetX):   total iterations:                43
INFO (CarpetX):   total cells updated:             176128
INFO (CarpetX):   average iterations per second: 20.3332
INFO (CarpetX):   average cell updates per second: 83284.8
INFO (CarpetX): OutputGH: iteration 44, time 0.171875, run time 3 s
INFO (CarpetX): OutputGH done.
INFO (CarpetX): Simulation time: 0.171875   Iterations per second: 20.3745   Simulation time per second: 0.0795878
INFO (CarpetX): Grid cells: 4096   Grid cell updates per second: 83453.9
INFO (CarpetX): Performance:
INFO (CarpetX):   total evolution time:            2.16373 sec
INFO (CarpetX):   total evolution compute time:    2.16329 sec
INFO (CarpetX):   total evolution output time:     0.000439644 sec
INFO (CarpetX):   total iterations:                44
INFO (CarpetX):   total cells updated:             180224
INFO (CarpetX):   average iterations per second: 20.3352
INFO (CarpetX):   average cell updates per second: 83293
INFO (CarpetX): OutputGH: iteration 45, time 0.175781, run time 3 s
INFO (CarpetX): OutputGH done.
INFO (CarpetX): Simulation time: 0.175781   Iterations per second: 20.3752   Simulation time per second: 0.0795907
INFO (CarpetX): Grid cells: 4096   Grid cell updates per second: 83456.9
INFO (CarpetX): Performance:
INFO (CarpetX):   total evolution time:            2.2128 sec
INFO (CarpetX):   total evolution compute time:    2.21235 sec
INFO (CarpetX):   total evolution output time:     0.000449657 sec
INFO (CarpetX):   total iterations:                45
INFO (CarpetX):   total cells updated:             184320
INFO (CarpetX):   average iterations per second: 20.3362
INFO (CarpetX):   average cell updates per second: 83297.3
INFO (CarpetX): OutputGH: iteration 46, time 0.179688, run time 3 s
INFO (CarpetX): OutputGH done.
INFO (CarpetX): Simulation time: 0.179688   Iterations per second: 20.3746   Simulation time per second: 0.0795882
INFO (CarpetX): Grid cells: 4096   Grid cell updates per second: 83454.2
INFO (CarpetX): Performance:
INFO (CarpetX):   total evolution time:            2.26189 sec
INFO (CarpetX):   total evolution compute time:    2.26143 sec
INFO (CarpetX):   total evolution output time:     0.000458717 sec
INFO (CarpetX):   total iterations:                46
INFO (CarpetX):   total cells updated:             188416
INFO (CarpetX):   average iterations per second: 20.337
INFO (CarpetX):   average cell updates per second: 83300.2
INFO (CarpetX): OutputGH: iteration 47, time 0.183594, run time 3 s
INFO (CarpetX): OutputGH done.
INFO (CarpetX): Simulation time: 0.183594   Iterations per second: 20.3787   Simulation time per second: 0.0796044
INFO (CarpetX): Grid cells: 4096   Grid cell updates per second: 83471.2
INFO (CarpetX): Performance:
INFO (CarpetX):   total evolution time:            2.31087 sec
INFO (CarpetX):   total evolution compute time:    2.3104 sec
INFO (CarpetX):   total evolution output time:     0.000468731 sec
INFO (CarpetX):   total iterations:                47
INFO (CarpetX):   total cells updated:             192512
INFO (CarpetX):   average iterations per second: 20.3386
INFO (CarpetX):   average cell updates per second: 83307
INFO (CarpetX): OutputGH: iteration 48, time 0.187500, run time 3 s
INFO (CarpetX): OutputGH done.
INFO (CarpetX): Simulation time: 0.1875   Iterations per second: 20.383   Simulation time per second: 0.0796211
INFO (CarpetX): Grid cells: 4096   Grid cell updates per second: 83488.7
INFO (CarpetX): Performance:
INFO (CarpetX):   total evolution time:            2.35984 sec
INFO (CarpetX):   total evolution compute time:    2.35936 sec
INFO (CarpetX):   total evolution output time:     0.000478745 sec
INFO (CarpetX):   total iterations:                48
INFO (CarpetX):   total cells updated:             196608
INFO (CarpetX):   average iterations per second: 20.3404
INFO (CarpetX):   average cell updates per second: 83314.1
INFO (CarpetX): OutputGH: iteration 49, time 0.191406, run time 3 s
INFO (CarpetX): OutputGH done.
INFO (CarpetX): Simulation time: 0.191406   Iterations per second: 20.3906   Simulation time per second: 0.0796509
INFO (CarpetX): Grid cells: 4096   Grid cell updates per second: 83520
INFO (CarpetX): Performance:
INFO (CarpetX):   total evolution time:            2.40872 sec
INFO (CarpetX):   total evolution compute time:    2.40822 sec
INFO (CarpetX):   total evolution output time:     0.000501633 sec
INFO (CarpetX):   total iterations:                49
INFO (CarpetX):   total cells updated:             200704
INFO (CarpetX):   average iterations per second: 20.3428
INFO (CarpetX):   average cell updates per second: 83324
INFO (CarpetX): OutputGH: iteration 50, time 0.195312, run time 3 s
INFO (CarpetX): OutputGH done.
INFO (CarpetX): Simulation time: 0.195312   Iterations per second: 20.3861   Simulation time per second: 0.079633
INFO (CarpetX): Grid cells: 4096   Grid cell updates per second: 83501.3
INFO (CarpetX): Performance:
INFO (CarpetX):   total evolution time:            2.45787 sec
INFO (CarpetX):   total evolution compute time:    2.45736 sec
INFO (CarpetX):   total evolution output time:     0.000511646 sec
INFO (CarpetX):   total iterations:                50
INFO (CarpetX):   total cells updated:             204800
INFO (CarpetX):   average iterations per second: 20.3428
INFO (CarpetX):   average cell updates per second: 83324.2
INFO (CarpetX): OutputGH: iteration 51, time 0.199219, run time 3 s
INFO (CarpetX): OutputGH done.
INFO (CarpetX): Simulation time: 0.199219   Iterations per second: 20.3895   Simulation time per second: 0.0796465
INFO (CarpetX): Grid cells: 4096   Grid cell updates per second: 83515.4
INFO (CarpetX): Performance:
INFO (CarpetX):   total evolution time:            2.50684 sec
INFO (CarpetX):   total evolution compute time:    2.50632 sec
INFO (CarpetX):   total evolution output time:     0.000519514 sec
INFO (CarpetX):   total iterations:                51
INFO (CarpetX):   total cells updated:             208896
INFO (CarpetX):   average iterations per second: 20.3443
INFO (CarpetX):   average cell updates per second: 83330.4
INFO (CarpetX): OutputGH: iteration 52, time 0.203125, run time 3 s
INFO (CarpetX): OutputGH done.
INFO (CarpetX): Simulation time: 0.203125   Iterations per second: 20.395   Simulation time per second: 0.0796679
INFO (CarpetX): Grid cells: 4096   Grid cell updates per second: 83537.9
INFO (CarpetX): Performance:
INFO (CarpetX):   total evolution time:            2.55575 sec
INFO (CarpetX):   total evolution compute time:    2.55522 sec
INFO (CarpetX):   total evolution output time:     0.000529528 sec
INFO (CarpetX):   total iterations:                52
INFO (CarpetX):   total cells updated:             212992
INFO (CarpetX):   average iterations per second: 20.3463
INFO (CarpetX):   average cell updates per second: 83338.3
INFO (CarpetX): OutputGH: iteration 53, time 0.207031, run time 3 s
INFO (CarpetX): OutputGH done.
INFO (CarpetX): Simulation time: 0.207031   Iterations per second: 20.3977   Simulation time per second: 0.0796784
INFO (CarpetX): Grid cells: 4096   Grid cell updates per second: 83548.9
INFO (CarpetX): Performance:
INFO (CarpetX):   total evolution time:            2.60472 sec
INFO (CarpetX):   total evolution compute time:    2.60418 sec
INFO (CarpetX):   total evolution output time:     0.000537634 sec
INFO (CarpetX):   total iterations:                53
INFO (CarpetX):   total cells updated:             217088
INFO (CarpetX):   average iterations per second: 20.3477
INFO (CarpetX):   average cell updates per second: 83344.1
INFO (CarpetX): OutputGH: iteration 54, time 0.210938, run time 3 s
INFO (CarpetX): OutputGH done.
INFO (CarpetX): Simulation time: 0.210938   Iterations per second: 20.3945   Simulation time per second: 0.0796661
INFO (CarpetX): Grid cells: 4096   Grid cell updates per second: 83536
INFO (CarpetX): Performance:
INFO (CarpetX):   total evolution time:            2.65382 sec
INFO (CarpetX):   total evolution compute time:    2.65327 sec
INFO (CarpetX):   total evolution output time:     0.000547647 sec
INFO (CarpetX):   total iterations:                54
INFO (CarpetX):   total cells updated:             221184
INFO (CarpetX):   average iterations per second: 20.348
INFO (CarpetX):   average cell updates per second: 83345.5
INFO (CarpetX): OutputGH: iteration 55, time 0.214844, run time 4 s
INFO (CarpetX): OutputGH done.
INFO (CarpetX): Simulation time: 0.214844   Iterations per second: 20.3914   Simulation time per second: 0.079654
INFO (CarpetX): Grid cells: 4096   Grid cell updates per second: 83523.3
INFO (CarpetX): Performance:
INFO (CarpetX):   total evolution time:            2.70293 sec
INFO (CarpetX):   total evolution compute time:    2.70237 sec
INFO (CarpetX):   total evolution output time:     0.000556707 sec
INFO (CarpetX):   total iterations:                55
INFO (CarpetX):   total cells updated:             225280
INFO (CarpetX):   average iterations per second: 20.3483
INFO (CarpetX):   average cell updates per second: 83346.6
INFO (CarpetX): OutputGH: iteration 56, time 0.218750, run time 4 s
INFO (CarpetX): OutputGH done.
INFO (CarpetX): Simulation time: 0.21875   Iterations per second: 20.3915   Simulation time per second: 0.0796542
INFO (CarpetX): Grid cells: 4096   Grid cell updates per second: 83523.5
INFO (CarpetX): Performance:
INFO (CarpetX):   total evolution time:            2.75197 sec
INFO (CarpetX):   total evolution compute time:    2.7514 sec
INFO (CarpetX):   total evolution output time:     0.000564575 sec
INFO (CarpetX):   total iterations:                56
INFO (CarpetX):   total cells updated:             229376
INFO (CarpetX):   average iterations per second: 20.3491
INFO (CarpetX):   average cell updates per second: 83349.8
INFO (CarpetX): OutputGH: iteration 57, time 0.222656, run time 4 s
INFO (CarpetX): OutputGH done.
INFO (CarpetX): Simulation time: 0.222656   Iterations per second: 20.3948   Simulation time per second: 0.0796671
INFO (CarpetX): Grid cells: 4096   Grid cell updates per second: 83537
INFO (CarpetX): Performance:
INFO (CarpetX):   total evolution time:            2.80093 sec
INFO (CarpetX):   total evolution compute time:    2.80035 sec
INFO (CarpetX):   total evolution output time:     0.000574589 sec
INFO (CarpetX):   total iterations:                57
INFO (CarpetX):   total cells updated:             233472
INFO (CarpetX):   average iterations per second: 20.3504
INFO (CarpetX):   average cell updates per second: 83355.2
INFO (CarpetX): OutputGH: iteration 58, time 0.226562, run time 4 s
INFO (CarpetX): OutputGH done.
INFO (CarpetX): Simulation time: 0.226562   Iterations per second: 20.3987   Simulation time per second: 0.0796825
INFO (CarpetX): Grid cells: 4096   Grid cell updates per second: 83553.2
INFO (CarpetX): Performance:
INFO (CarpetX):   total evolution time:            2.84987 sec
INFO (CarpetX):   total evolution compute time:    2.84928 sec
INFO (CarpetX):   total evolution output time:     0.000582695 sec
INFO (CarpetX):   total iterations:                58
INFO (CarpetX):   total cells updated:             237568
INFO (CarpetX):   average iterations per second: 20.3518
INFO (CarpetX):   average cell updates per second: 83361.1
INFO (CarpetX): OutputGH: iteration 59, time 0.230469, run time 4 s
INFO (CarpetX): OutputGH done.
INFO (CarpetX): Simulation time: 0.230469   Iterations per second: 20.3995   Simulation time per second: 0.0796854
INFO (CarpetX): Grid cells: 4096   Grid cell updates per second: 83556.2
INFO (CarpetX): Performance:
INFO (CarpetX):   total evolution time:            2.89887 sec
INFO (CarpetX):   total evolution compute time:    2.89828 sec
INFO (CarpetX):   total evolution output time:     0.000591755 sec
INFO (CarpetX):   total iterations:                59
INFO (CarpetX):   total cells updated:             241664
INFO (CarpetX):   average iterations per second: 20.3528
INFO (CarpetX):   average cell updates per second: 83364.9
INFO (CarpetX): OutputGH: iteration 60, time 0.234375, run time 4 s
INFO (CarpetX): OutputGH done.
INFO (CarpetX): Simulation time: 0.234375   Iterations per second: 20.4021   Simulation time per second: 0.0796956
INFO (CarpetX): Grid cells: 4096   Grid cell updates per second: 83566.9
INFO (CarpetX): Performance:
INFO (CarpetX):   total evolution time:            2.94783 sec
INFO (CarpetX):   total evolution compute time:    2.94723 sec
INFO (CarpetX):   total evolution output time:     0.000600815 sec
INFO (CarpetX):   total iterations:                60
INFO (CarpetX):   total cells updated:             245760
INFO (CarpetX):   average iterations per second: 20.354
INFO (CarpetX):   average cell updates per second: 83369.8
INFO (CarpetX): OutputGH: iteration 61, time 0.238281, run time 4 s
INFO (CarpetX): OutputGH done.
INFO (CarpetX): Simulation time: 0.238281   Iterations per second: 20.3992   Simulation time per second: 0.0796844
INFO (CarpetX): Grid cells: 4096   Grid cell updates per second: 83555.1
INFO (CarpetX): Performance:
INFO (CarpetX):   total evolution time:            2.99691 sec
INFO (CarpetX):   total evolution compute time:    2.9963 sec
INFO (CarpetX):   total evolution output time:     0.000610828 sec
INFO (CarpetX):   total iterations:                61
INFO (CarpetX):   total cells updated:             249856
INFO (CarpetX):   average iterations per second: 20.3543
INFO (CarpetX):   average cell updates per second: 83371.1
INFO (CarpetX): OutputGH: iteration 62, time 0.242188, run time 4 s
INFO (CarpetX): OutputGH done.
INFO (CarpetX): Simulation time: 0.242188   Iterations per second: 20.404   Simulation time per second: 0.079703
INFO (CarpetX): Grid cells: 4096   Grid cell updates per second: 83574.6
INFO (CarpetX): Performance:
INFO (CarpetX):   total evolution time:            3.04582 sec
INFO (CarpetX):   total evolution compute time:    3.0452 sec
INFO (CarpetX):   total evolution output time:     0.000619888 sec
INFO (CarpetX):   total iterations:                62
INFO (CarpetX):   total cells updated:             253952
INFO (CarpetX):   average iterations per second: 20.3558
INFO (CarpetX):   average cell updates per second: 83377.2
INFO (CarpetX): OutputGH: iteration 63, time 0.246094, run time 4 s
INFO (CarpetX): OutputGH done.
INFO (CarpetX): Simulation time: 0.246094   Iterations per second: 20.3969   Simulation time per second: 0.0796755
INFO (CarpetX): Grid cells: 4096   Grid cell updates per second: 83545.9
INFO (CarpetX): Performance:
INFO (CarpetX):   total evolution time:            3.095 sec
INFO (CarpetX):   total evolution compute time:    3.09437 sec
INFO (CarpetX):   total evolution output time:     0.000629902 sec
INFO (CarpetX):   total iterations:                63
INFO (CarpetX):   total cells updated:             258048
INFO (CarpetX):   average iterations per second: 20.3554
INFO (CarpetX):   average cell updates per second: 83375.8
INFO (CarpetX): OutputGH: iteration 64, time 0.250000, run time 4 s
INFO (CarpetX): OutputGH done.
INFO (CarpetX): Simulation time: 0.25   Iterations per second: 11.1767   Simulation time per second: 0.0436591
INFO (CarpetX): Grid cells: 4096   Grid cell updates per second: 45779.9
INFO (CarpetX): Performance:
INFO (CarpetX):   total evolution time:            3.54847 sec
INFO (CarpetX):   total evolution compute time:    3.14883 sec
INFO (CarpetX):   total evolution output time:     0.399644 sec
INFO (CarpetX):   total iterations:                64
INFO (CarpetX):   total cells updated:             262144
INFO (CarpetX):   average iterations per second: 18.0359
INFO (CarpetX):   average cell updates per second: 73875.2
INFO (CarpetX): Shutting down...
AMReX (25.11) finalized
--------------------------------------------------------------------------------
Done.
+ echo Stopping:
Stopping:
+ date
Mon Jul 27 23:40:05 UTC 2026
+ echo Done.
Done.
  Elapsed time: 4.7 s
