/home/runner/simulations/TestJob01_temp_2/output-0000/TEST/sim/CanudaX_BSSNMoL
Preparing:
+ set -e
+ cd output-0000-active
+ echo Checking:
Checking:
+ pwd
/home/runner/simulations/TestJob01_temp_2/output-0000/TEST/sim/CanudaX_BSSNMoL/output-0000-active
+ hostname
runnervm8df0l
+ date
Fri Oct  2 19:25:43 UTC 2026
+ echo Environment:
Environment:
+ export CACTUS_NUM_PROCS=2
+ CACTUS_NUM_PROCS=2
+ export CACTUS_NUM_THREADS=1
+ CACTUS_NUM_THREADS=1
+ export GMON_OUT_PREFIX=gmon.out
+ GMON_OUT_PREFIX=gmon.out
+ export OMP_NUM_THREADS=1
+ OMP_NUM_THREADS=1
+ env
+ sort
+ echo Starting:
Starting:
++ date +%s
+ export CACTUS_STARTTIME=1790969143
+ CACTUS_STARTTIME=1790969143
+ '[' 2 = 1 ']'
+ mpirun -np 2 /home/runner/simulations/TestJob01_temp_2/SIMFACTORY/exe/cactus_sim -L 3 /home/runner/simulations/TestJob01_temp_2/output-0000/arrangements/CanudaX/CanudaX_BSSNMoL/test/gaugewave.par
INFO (Cactus): Increased logging level from 0 to 3
--------------------------------------------------------------------------------

       10                                  
  1   0101       ************************  
  01  1010 10      The Cactus Code V4.20.0    
 1010 1101 011      www.cactuscode.org     
  1001 100101    ************************  
    00010101                               
     100011     (c) Copyright The Authors  
      0100      GNU Licensed. No Warranty  
      0101                                 
--------------------------------------------------------------------------------

Cactus version:    4.20.0
Compile date:      Oct 02 2026 (19:02:08)
Run date:          Oct 02 2026 (19:25:44+0000)
Run host:          runnervm8df0l.hakj0x4ovlqujonwstpgis5huc.xx.internal.cloudapp.net (pid=176555)
Working directory: /home/runner/simulations/TestJob01_temp_2/output-0000/TEST/sim/CanudaX_BSSNMoL
Executable:        /home/runner/simulations/TestJob01_temp_2/SIMFACTORY/exe/cactus_sim
Parameter file:    /home/runner/simulations/TestJob01_temp_2/output-0000/arrangements/CanudaX/CanudaX_BSSNMoL/test/gaugewave.par
--------------------------------------------------------------------------------

Activating thorn Cactus...Success -> active implementation Cactus
Activation requested for 
--->ADMBaseX CanudaX_BSSNMoL CanudaX_ExactID CarpetX IOUtil ODESolvers TmunuBaseX<---
Thorn ADMBaseX requests automatic activation of Loop
Thorn CarpetX requests automatic activation of AMReX
Thorn CarpetX requests automatic activation of MPI
Thorn CarpetX requests automatic activation of yaml_cpp
Thorn CarpetX requests automatic activation of zlib
Thorn CarpetX requests automatic activation of Arith
Thorn CarpetX requests automatic activation of CarpetXRegrid
Thorn CarpetX requests automatic activation of ADIOS2
Thorn CarpetX requests automatic activation of openPMD
Thorn CarpetX requests automatic activation of Silo
Thorn ADIOS2 requests automatic activation of CMake
Thorn Arith requests automatic activation of NSIMD
Thorn MPI requests automatic activation of hwloc
Thorn openPMD requests automatic activation of HDF5
Activating thorn ADIOS2...Success -> active implementation ADIOS2
Activating thorn ADMBaseX...Success -> active implementation ADMBaseX
Activating thorn AMReX...Success -> active implementation AMReX
Activating thorn Arith...Success -> active implementation Arith
Activating thorn CanudaX_BSSNMoL...Success -> active implementation CanudaX_BSSNMoL
Activating thorn CanudaX_ExactID...Success -> active implementation CanudaX_ExactID
Activating thorn CarpetX...Success -> active implementation Driver
Activating thorn CarpetXRegrid...Success -> active implementation CarpetXRegrid
Activating thorn CMake...Success -> active implementation CMake
Activating thorn HDF5...Success -> active implementation HDF5
Activating thorn hwloc...Success -> active implementation hwloc
Activating thorn IOUtil...Success -> active implementation IO
Activating thorn Loop...Success -> active implementation Loop
Activating thorn MPI...Success -> active implementation MPI
Activating thorn NSIMD...Success -> active implementation NSIMD
Activating thorn ODESolvers...Success -> active implementation ODESolvers
Activating thorn openPMD...Success -> active implementation openPMD
Activating thorn Silo...Success -> active implementation Silo
Activating thorn TmunuBaseX...Success -> active implementation TmunuBaseX
Activating thorn yaml_cpp...Success -> active implementation yaml_cpp
Activating thorn zlib...Success -> active implementation zlib
--------------------------------------------------------------------------------
  if (recover initial data)
    Recover parameters
  endif

  Startup routines
    [CCTK_STARTUP]
      CarpetX::Driver_Startup: Start up the driver
      IOUtil::IOUtil_Startup: Startup routine
      GROUP hwloc_startup: hwloc startup group
        hwloc::hwloc_version: Output hwloc version

  Startup routines which need an existing grid hierarchy
    [CCTK_WRAGH]
      Arith::Test_cplx: [meta] Test complex numbers
      Arith::Test_smallvector: [meta] Test small vectors
      Arith::Test_spvect: [meta] Test sparse vectors
      ODESolvers::ODESolvers_InitConstants: [global] Set up dummy loop counters for schedule printout
  Parameter checking routines
    [CCTK_PARAMCHECK]
      CanudaX_BSSNMoL::CanudaX_BSSNMoL_paramcheck: Check CanudaX_BSSNMoL parameters for consistency

  Initialisation
    if (NOT (recover initial data AND recovery_mode is 'strict'))
      [CCTK_PREREGRIDINITIAL]
      Set up grid hierarchy
      [CCTK_POSTREGRIDINITIAL]
      [CCTK_BASEGRID]
        CarpetXRegrid::CarpetXRegrid_InitError: Initialize regridding error to zero
        GROUP ODESolvers_BaseGrid: Set up constants (e.g. coordinates) everywhere on the grid
      [CCTK_INITIAL]
        GROUP TmunuBaseX_SetTmunuVars: Schedule group for setting T_munu
          TmunuBaseX::TmunuBaseX_ZeroTmunu: Set T_munu to zero
          GROUP TmunuBaseX_AddToTmunu: Add to T_munu here
        GROUP ODESolvers_Initial: Set up initial conditions on interior of state vector
          GROUP ADMBaseX_InitialData: Schedule group for calculating ADM initial data
            GROUP CanudaX_ExactIDGroup: CanudaX_ExactID group for setting up initial data
              CanudaX_ExactID::CanudaX_ExactID_GaugeWave: [local] Create gauge wave initial data
          GROUP ADMBaseX_InitialGauge: Schedule group for the ADM initial gauge condition
            ADMBaseX::ADMBaseX_initial_dtlapse: Set dtlapse to zero
            ADMBaseX::ADMBaseX_initial_dtshift: Set dtshift to zero
          GROUP ADMBaseX_PostInitial: Schedule group for modifying the ADM initial data, such as e.g. adding noise
        GROUP CanudaX_BSSNMoL_InitialGroup: CanudaX_BSSNMoL: initial bin
          CanudaX_BSSNMoL::CanudaX_BSSNMoL_adm2bssn: [local] Convert initial data into BSSN variables
          CanudaX_BSSNMoL::CanudaX_BSSNMoL_gammat: [local] Set Gammat initial data
      [CCTK_POSTINITIAL]
        GROUP ODESolvers_PostStep: Apply boundary conditions to state vector, and project if necessary
          GROUP CanudaX_BSSNMoL_PostStepGroup: CanudaX_BSSNMoL: post-step operations
            CanudaX_BSSNMoL::CanudaX_BSSNMoL_impose_conf_fac_floor: Make sure conformal factor does not drop below specified value
            CanudaX_BSSNMoL::CanudaX_BSSNMoL_reset_detmetric: reset dethh = 1
            CanudaX_BSSNMoL::CanudaX_BSSNMoL_remove_trA: Remove trace of A
            CanudaX_BSSNMoL::CanudaX_BSSNMoL_sync: [global] Sync state vector
            CanudaX_BSSNMoL::CanudaX_BSSNMoL_bssn2adm: [local] Convert variables back to the ADM ones
          GROUP ADMBaseX_SetADMRHS: Set ADM RHS variables in this group
          GROUP ADMBaseX_SetADMVars: Set ADM variables in this group
          GROUP TmunuBaseX_SetTmunuVars: Schedule group for setting T_munu
            TmunuBaseX::TmunuBaseX_ZeroTmunu: Set T_munu to zero
            GROUP TmunuBaseX_AddToTmunu: Add to T_munu here
        GROUP ODESolvers_EstimateError: Estimate discretization error (for regridding)
      Initialise finer grids recursively
      Restrict from finer grids
      [CCTK_POSTRESTRICTINITIAL]
      [CCTK_POSTPOSTINITIAL]
      [CCTK_POSTSTEP]
        GROUP ODESolvers_EstimateError: Estimate discretization error (for regridding)
    endif
    if (recover initial data)
      [CCTK_BASEGRID]
        CarpetXRegrid::CarpetXRegrid_InitError: Initialize regridding error to zero
        GROUP ODESolvers_BaseGrid: Set up constants (e.g. coordinates) everywhere on the grid
      [CCTK_RECOVER_VARIABLES]
      [CCTK_POST_RECOVER_VARIABLES]
        GROUP ODESolvers_PostStep: Apply boundary conditions to state vector, and project if necessary
          GROUP CanudaX_BSSNMoL_PostStepGroup: CanudaX_BSSNMoL: post-step operations
            CanudaX_BSSNMoL::CanudaX_BSSNMoL_impose_conf_fac_floor: Make sure conformal factor does not drop below specified value
            CanudaX_BSSNMoL::CanudaX_BSSNMoL_reset_detmetric: reset dethh = 1
            CanudaX_BSSNMoL::CanudaX_BSSNMoL_remove_trA: Remove trace of A
            CanudaX_BSSNMoL::CanudaX_BSSNMoL_sync: [global] Sync state vector
            CanudaX_BSSNMoL::CanudaX_BSSNMoL_bssn2adm: [local] Convert variables back to the ADM ones
          GROUP ADMBaseX_SetADMRHS: Set ADM RHS variables in this group
          GROUP ADMBaseX_SetADMVars: Set ADM variables in this group
          GROUP TmunuBaseX_SetTmunuVars: Schedule group for setting T_munu
            TmunuBaseX::TmunuBaseX_ZeroTmunu: Set T_munu to zero
            GROUP TmunuBaseX_AddToTmunu: Add to T_munu here
        GROUP ODESolvers_EstimateError: Estimate discretization error (for regridding)
    endif
    if (checkpoint initial data)
      [CCTK_CPINITIAL]
        CarpetX::CarpetX_CheckpointInitial: [meta] Checkpoint initial conditions
    endif
    if (analysis)
      [CCTK_ANALYSIS]
        CanudaX_BSSNMoL::CanudaX_BSSNMoL_bssn_constraints: Compute constraints
        GROUP ODESolvers_Analysis: Calculate analysis quantities everywhere
  endif
  Output grid variables

  do loop over timesteps
    [CCTK_PREREGRID]
    Change grid hierarchy
    [CCTK_POSTREGRID]
      GROUP ODESolvers_PostStep: Apply boundary conditions to state vector, and project if necessary
        GROUP CanudaX_BSSNMoL_PostStepGroup: CanudaX_BSSNMoL: post-step operations
          CanudaX_BSSNMoL::CanudaX_BSSNMoL_impose_conf_fac_floor: Make sure conformal factor does not drop below specified value
          CanudaX_BSSNMoL::CanudaX_BSSNMoL_reset_detmetric: reset dethh = 1
          CanudaX_BSSNMoL::CanudaX_BSSNMoL_remove_trA: Remove trace of A
          CanudaX_BSSNMoL::CanudaX_BSSNMoL_sync: [global] Sync state vector
          CanudaX_BSSNMoL::CanudaX_BSSNMoL_bssn2adm: [local] Convert variables back to the ADM ones
        GROUP ADMBaseX_SetADMRHS: Set ADM RHS variables in this group
        GROUP ADMBaseX_SetADMVars: Set ADM variables in this group
        GROUP TmunuBaseX_SetTmunuVars: Schedule group for setting T_munu
          TmunuBaseX::TmunuBaseX_ZeroTmunu: Set T_munu to zero
          GROUP TmunuBaseX_AddToTmunu: Add to T_munu here
    Rotate timelevels
    iteration = iteration+1
    t = t+dt
    [CCTK_PRESTEP]
    [CCTK_EVOL]
      ODESolvers::ODESolvers_Solve: [level] Solve ODEs
      while (ODESolvers::do_substeps)
        GROUP ODESolvers_CalledBySolve: Groups internally scheduled by ODESolvers_Solve
          GROUP ODESolvers_RHS: Evaluate the RHS for of state vector everywhere on the grid
            GROUP CanudaX_BSSNMoL_RHSGroup: CanudaX_BSSNMoL: calculate BSSN RHS
              CanudaX_BSSNMoL::CanudaX_BSSNMoL_calc_bssn_rhs: MoL RHS calculation
              CanudaX_BSSNMoL::CanudaX_BSSNMoL_apply_boundary_conditions: Apply radiative boundary conditions 
          GROUP ODESolvers_PostStep: Apply boundary conditions to state vector, and project if necessary
            GROUP CanudaX_BSSNMoL_PostStepGroup: CanudaX_BSSNMoL: post-step operations
              CanudaX_BSSNMoL::CanudaX_BSSNMoL_impose_conf_fac_floor: Make sure conformal factor does not drop below specified value
              CanudaX_BSSNMoL::CanudaX_BSSNMoL_reset_detmetric: reset dethh = 1
              CanudaX_BSSNMoL::CanudaX_BSSNMoL_remove_trA: Remove trace of A
              CanudaX_BSSNMoL::CanudaX_BSSNMoL_sync: [global] Sync state vector
              CanudaX_BSSNMoL::CanudaX_BSSNMoL_bssn2adm: [local] Convert variables back to the ADM ones
            GROUP ADMBaseX_SetADMRHS: Set ADM RHS variables in this group
            GROUP ADMBaseX_SetADMVars: Set ADM variables in this group
            GROUP TmunuBaseX_SetTmunuVars: Schedule group for setting T_munu
              TmunuBaseX::TmunuBaseX_ZeroTmunu: Set T_munu to zero
              GROUP TmunuBaseX_AddToTmunu: Add to T_munu here
      end while
    Evolve finer grids recursively
    Restrict from finer grids
    [CCTK_POSTRESTRICT]
      GROUP ODESolvers_PostStep: Apply boundary conditions to state vector, and project if necessary
        GROUP CanudaX_BSSNMoL_PostStepGroup: CanudaX_BSSNMoL: post-step operations
          CanudaX_BSSNMoL::CanudaX_BSSNMoL_impose_conf_fac_floor: Make sure conformal factor does not drop below specified value
          CanudaX_BSSNMoL::CanudaX_BSSNMoL_reset_detmetric: reset dethh = 1
          CanudaX_BSSNMoL::CanudaX_BSSNMoL_remove_trA: Remove trace of A
          CanudaX_BSSNMoL::CanudaX_BSSNMoL_sync: [global] Sync state vector
          CanudaX_BSSNMoL::CanudaX_BSSNMoL_bssn2adm: [local] Convert variables back to the ADM ones
        GROUP ADMBaseX_SetADMRHS: Set ADM RHS variables in this group
        GROUP ADMBaseX_SetADMVars: Set ADM variables in this group
        GROUP TmunuBaseX_SetTmunuVars: Schedule group for setting T_munu
          TmunuBaseX::TmunuBaseX_ZeroTmunu: Set T_munu to zero
          GROUP TmunuBaseX_AddToTmunu: Add to T_munu here
    [CCTK_POSTSTEP]
      GROUP ODESolvers_EstimateError: Estimate discretization error (for regridding)
    if (checkpoint)
      [CCTK_CHECKPOINT]
      CarpetX::CarpetX_Checkpoint: [meta] Checkpoint
    endif
    if (analysis)
      [CCTK_ANALYSIS]
      CanudaX_BSSNMoL::CanudaX_BSSNMoL_bssn_constraints: Compute constraints
      GROUP ODESolvers_Analysis: Calculate analysis quantities everywhere
    endif
    Output grid variables
    enddo

  Termination routines
    [CCTK_TERMINATE]
      CarpetX::CarpetX_CheckpointTerminate: [meta] Checkpoint before terminating

  Shutdown routines
    [CCTK_SHUTDOWN]
      CarpetX::Driver_Shutdown: [meta] Shut down the driver

  Routines run after changing the grid hierarchy:
    [CCTK_POSTREGRID]
      GROUP ODESolvers_PostStep: Apply boundary conditions to state vector, and project if necessary
        GROUP CanudaX_BSSNMoL_PostStepGroup: CanudaX_BSSNMoL: post-step operations
          CanudaX_BSSNMoL::CanudaX_BSSNMoL_impose_conf_fac_floor: Make sure conformal factor does not drop below specified value
          CanudaX_BSSNMoL::CanudaX_BSSNMoL_reset_detmetric: reset dethh = 1
          CanudaX_BSSNMoL::CanudaX_BSSNMoL_remove_trA: Remove trace of A
          CanudaX_BSSNMoL::CanudaX_BSSNMoL_sync: [global] Sync state vector
          CanudaX_BSSNMoL::CanudaX_BSSNMoL_bssn2adm: [local] Convert variables back to the ADM ones
        GROUP ADMBaseX_SetADMRHS: Set ADM RHS variables in this group
        GROUP ADMBaseX_SetADMVars: Set ADM variables in this group
        GROUP TmunuBaseX_SetTmunuVars: Schedule group for setting T_munu
          TmunuBaseX::TmunuBaseX_ZeroTmunu: Set T_munu to zero
          GROUP TmunuBaseX_AddToTmunu: Add to T_munu here
--------------------------------------------------------------------------------
INFO (hwloc): library version 2.10.0, API version 0x20800
--------------------------------------------------------------------------------

  [34m  ▕▏  [34m  ▕▏  [34m  ▕▏  [34m  ▕▏  [34m  ▕▏  [34m  ▕▏  [34m  ▕▏  [34m  ▕▏  [34m  ▕▏  [39m  
  [34m──██──[34m──██──[34m──██──[34m──██──[34m──██──[34m──██──[34m──██──[34m──██──[34m──██──[39m  
  [34m  ▕▏  [34m  ▕▏  [34m  ▕▏  [34m  ▕▏  [34m  ▕▏  [34m  ▕▏  [34m  ▕▏  [34m  ▕▏  [34m  ▕▏  [39m  
  [34m  ▕▏  [32m██████[34m  ▕▏  [34m  ▕▏  [32m██████[34m  ▕▏  [34m  ▕▏  [32m██████[34m  ▕▏  [39m  
  [34m──██──[32m██████[34m──██──[34m──██──[32m██████[34m──██──[34m──██──[32m██████[34m──██──[39m  
  [34m  ▕▏  [32m██████[34m  ▕▏  [34m  ▕▏  [32m██████[34m  ▕▏  [34m  ▕▏  [32m██████[34m  ▕▏  [39m  
  [34m  ▕▏  [34m  ▕▏  [34m  ▕▏  [34m  ▕▏  [34m  ▕▏  [34m  ▕▏  [34m  ▕▏  [34m  ▕▏  [34m  ▕▏  [39m  
  [34m──██──[34m──██──[34m──██──[34m──██──[34m──██──[34m──██──[34m──██──[34m──██──[34m──██──[39m  
  [34m  ▕▏  [34m  ▕▏  [34m  ▕▏  [34m  ▕▏  [34m  ▕▏  [34m  ▕▏  [34m  ▕▏  [34m  ▕▏  [34m  ▕▏  [39m  
  [34m  ▕▏  [34m  ▕▏  [34m  ▕▏  [31m██████[31m██████[31m██████[34m  ▕▏  [34m  ▕▏  [34m  ▕▏  [39m  
  [34m──██──[34m──██──[34m──██──[31m██████[31m██████[31m██████[34m──██──[34m──██──[34m──██──[39m  
  [34m  ▕▏  [34m  ▕▏  [34m  ▕▏  [31m██████[31m██████[31m██████[34m  ▕▏  [34m  ▕▏  [34m  ▕▏  [39m  
  [34m  ▕▏  [32m██████[34m  ▕▏  [31m██████[31m██████[31m██████[34m  ▕▏  [32m██████[34m  ▕▏  [39m  
  [34m──██──[32m██████[34m──██──[31m██████[31m██████[31m██████[34m──██──[32m██████[34m──██──[39m  
  [34m  ▕▏  [32m██████[34m  ▕▏  [31m██████[31m██████[31m██████[34m  ▕▏  [32m██████[34m  ▕▏  [39m  
  [34m  ▕▏  [34m  ▕▏  [34m  ▕▏  [31m██████[31m██████[31m██████[34m  ▕▏  [34m  ▕▏  [34m  ▕▏  [39m  
  [34m──██──[34m──██──[34m──██──[31m██████[31m██████[31m██████[34m──██──[34m──██──[34m──██──[39m  
  [34m  ▕▏  [34m  ▕▏  [34m  ▕▏  [31m██████[31m██████[31m██████[34m  ▕▏  [34m  ▕▏  [34m  ▕▏  [39m  
  [34m  ▕▏  [34m  ▕▏  [34m  ▕▏  [34m  ▕▏  [34m  ▕▏  [34m  ▕▏  [34m  ▕▏  [34m  ▕▏  [34m  ▕▏  [39m  
  [34m──██──[34m──██──[34m──██──[34m──██──[34m──██──[34m──██──[34m──██──[34m──██──[34m──██──[39m  
  [34m  ▕▏  [34m  ▕▏  [34m  ▕▏  [34m  ▕▏  [34m  ▕▏  [34m  ▕▏  [34m  ▕▏  [34m  ▕▏  [34m  ▕▏  [39m  
  [34m  ▕▏  [32m██████[34m  ▕▏  [34m  ▕▏  [32m██████[34m  ▕▏  [34m  ▕▏  [32m██████[34m  ▕▏  [39m  
  [34m──██──[32m██████[34m──██──[34m──██──[32m██████[34m──██──[34m──██──[32m██████[34m──██──[39m  
  [34m  ▕▏  [32m██████[34m  ▕▏  [34m  ▕▏  [32m██████[34m  ▕▏  [34m  ▕▏  [32m██████[34m  ▕▏  [39m  
  [34m  ▕▏  [34m  ▕▏  [34m  ▕▏  [34m  ▕▏  [34m  ▕▏  [34m  ▕▏  [34m  ▕▏  [34m  ▕▏  [34m  ▕▏  [39m  
  [34m──██──[34m──██──[34m──██──[34m──██──[34m──██──[34m──██──[34m──██──[34m──██──[34m──██──[39m  
  [34m  ▕▏  [34m  ▕▏  [34m  ▕▏  [34m  ▕▏  [34m  ▕▏  [34m  ▕▏  [34m  ▕▏  [34m  ▕▏  [34m  ▕▏  [39m  

AMR driver provided by CarpetX,
using AMReX 25.11 (MPI, OpenMP, no accelerators, debug)
--------------------------------------------------------------------------------

Initializing AMReX (25.11)...
MPI initialized with 2 MPI processes
MPI initialized with thread support level 2
OMP initialized with 1 OMP threads
AMReX (25.11) initialized
INFO (CarpetX): 
Symmetries:
  lower x: periodic
  lower y: periodic
  lower z: periodic
  upper x: periodic
  upper y: periodic
  upper z: periodic
Default boundaries:
  lower x: symmetry_boundary
  lower y: symmetry_boundary
  lower z: symmetry_boundary
  upper x: symmetry_boundary
  upper y: symmetry_boundary
  upper z: symmetry_boundary
INFO (Arith): Test_cplx
INFO (Arith): Test_smallvector
INFO (Arith): Test_spvect
INFO (CarpetX): Setting initial values for max_grid_size values for all levels
INFO (CarpetX): Setting up initial conditions...
INFO (CarpetX): Iteration: 0   time: 0   delta_time: 0.00390625
INFO (CarpetX): Patch 0:
INFO (CarpetX):   Grid extent:
INFO (CarpetX):     gsh=[71,15,15]
INFO (CarpetX):     blocking_factor=[8,8,8]
INFO (CarpetX):     max_grid_size=[10000000,10000000,10000000]
INFO (CarpetX):     max_tile_size=[1024000,16,32]
INFO (CarpetX):   Domain extent:
INFO (CarpetX):     xmin=[-0.5,-0.0625,-0.0625]
INFO (CarpetX):     xmax=[0.5,0.0625,0.0625]
INFO (CarpetX):     base dx=[0.015625,0.015625,0.015625]
INFO (CarpetX): Initializing level 0...
INFO (CanudaX_ExactID): Begin Gauge Wave initial data
INFO (CanudaX_ExactID): === End gauge wave initial data ===
INFO (CarpetX): Regridding...
INFO (CarpetX):   level 0: 2 boxes, 4096 cells (100%)
INFO (CarpetX): Initialized 1 levels
INFO (CarpetX): OutputGH: iteration 0, time 0.000000, run time 1 s
INFO (CarpetX): OutputGH done.
INFO (CarpetX): Starting evolution...
INFO (ODESolvers): ODE integrator is RK4
INFO (CarpetX): OutputGH: iteration 1, time 0.003906, run time 1 s
INFO (CarpetX): OutputGH done.
INFO (CarpetX): Simulation time: 0.00390625   Iterations per second: 33.0284   Simulation time per second: 0.129017
INFO (CarpetX): Grid cells: 4096   Grid cell updates per second: 135284
INFO (CarpetX): Performance:
INFO (CarpetX):   total evolution time:            0.030277 sec
INFO (CarpetX):   total evolution compute time:    0.030251 sec
INFO (CarpetX):   total evolution output time:     2.59876e-05 sec
INFO (CarpetX):   total iterations:                1
INFO (CarpetX):   total cells updated:             4096
INFO (CarpetX):   average iterations per second: 33.0284
INFO (CarpetX):   average cell updates per second: 135284
INFO (CarpetX): OutputGH: iteration 2, time 0.007812, run time 1 s
INFO (CarpetX): OutputGH done.
INFO (CarpetX): Simulation time: 0.0078125   Iterations per second: 34.5996   Simulation time per second: 0.135155
INFO (CarpetX): Grid cells: 4096   Grid cell updates per second: 141720
INFO (CarpetX): Performance:
INFO (CarpetX):   total evolution time:            0.0578041 sec
INFO (CarpetX):   total evolution compute time:    0.0577381 sec
INFO (CarpetX):   total evolution output time:     6.60419e-05 sec
INFO (CarpetX):   total iterations:                2
INFO (CarpetX):   total cells updated:             8192
INFO (CarpetX):   average iterations per second: 34.5996
INFO (CarpetX):   average cell updates per second: 141720
INFO (CarpetX): OutputGH: iteration 3, time 0.011719, run time 1 s
INFO (CarpetX): OutputGH done.
INFO (CarpetX): Simulation time: 0.0117188   Iterations per second: 35.068   Simulation time per second: 0.136984
INFO (CarpetX): Grid cells: 4096   Grid cell updates per second: 143638
INFO (CarpetX): Performance:
INFO (CarpetX):   total evolution time:            0.0855482 sec
INFO (CarpetX):   total evolution compute time:    0.0854502 sec
INFO (CarpetX):   total evolution output time:     9.799e-05 sec
INFO (CarpetX):   total iterations:                3
INFO (CarpetX):   total cells updated:             12288
INFO (CarpetX):   average iterations per second: 35.068
INFO (CarpetX):   average cell updates per second: 143638
INFO (CarpetX): OutputGH: iteration 4, time 0.015625, run time 1 s
INFO (CarpetX): OutputGH done.
INFO (CarpetX): Simulation time: 0.015625   Iterations per second: 35.35   Simulation time per second: 0.138086
INFO (CarpetX): Grid cells: 4096   Grid cell updates per second: 144794
INFO (CarpetX): Performance:
INFO (CarpetX):   total evolution time:            0.113154 sec
INFO (CarpetX):   total evolution compute time:    0.113022 sec
INFO (CarpetX):   total evolution output time:     0.000132084 sec
INFO (CarpetX):   total iterations:                4
INFO (CarpetX):   total cells updated:             16384
INFO (CarpetX):   average iterations per second: 35.35
INFO (CarpetX):   average cell updates per second: 144794
INFO (CarpetX): OutputGH: iteration 5, time 0.019531, run time 1 s
INFO (CarpetX): OutputGH done.
INFO (CarpetX): Simulation time: 0.0195312   Iterations per second: 35.5378   Simulation time per second: 0.13882
INFO (CarpetX): Grid cells: 4096   Grid cell updates per second: 145563
INFO (CarpetX): Performance:
INFO (CarpetX):   total evolution time:            0.140695 sec
INFO (CarpetX):   total evolution compute time:    0.140532 sec
INFO (CarpetX):   total evolution output time:     0.000163078 sec
INFO (CarpetX):   total iterations:                5
INFO (CarpetX):   total cells updated:             20480
INFO (CarpetX):   average iterations per second: 35.5378
INFO (CarpetX):   average cell updates per second: 145563
INFO (CarpetX): OutputGH: iteration 6, time 0.023438, run time 1 s
INFO (CarpetX): OutputGH done.
INFO (CarpetX): Simulation time: 0.0234375   Iterations per second: 35.6544   Simulation time per second: 0.139275
INFO (CarpetX): Grid cells: 4096   Grid cell updates per second: 146041
INFO (CarpetX): Performance:
INFO (CarpetX):   total evolution time:            0.168282 sec
INFO (CarpetX):   total evolution compute time:    0.168077 sec
INFO (CarpetX):   total evolution output time:     0.00020504 sec
INFO (CarpetX):   total iterations:                6
INFO (CarpetX):   total cells updated:             24576
INFO (CarpetX):   average iterations per second: 35.6544
INFO (CarpetX):   average cell updates per second: 146041
INFO (CarpetX): OutputGH: iteration 7, time 0.027344, run time 1 s
INFO (CarpetX): OutputGH done.
INFO (CarpetX): Simulation time: 0.0273438   Iterations per second: 35.7382   Simulation time per second: 0.139602
INFO (CarpetX): Grid cells: 4096   Grid cell updates per second: 146384
INFO (CarpetX): Performance:
INFO (CarpetX):   total evolution time:            0.195869 sec
INFO (CarpetX):   total evolution compute time:    0.195632 sec
INFO (CarpetX):   total evolution output time:     0.000236988 sec
INFO (CarpetX):   total iterations:                7
INFO (CarpetX):   total cells updated:             28672
INFO (CarpetX):   average iterations per second: 35.7382
INFO (CarpetX):   average cell updates per second: 146384
INFO (CarpetX): OutputGH: iteration 8, time 0.031250, run time 1 s
INFO (CarpetX): OutputGH done.
INFO (CarpetX): Simulation time: 0.03125   Iterations per second: 35.8033   Simulation time per second: 0.139857
INFO (CarpetX): Grid cells: 4096   Grid cell updates per second: 146651
INFO (CarpetX): Performance:
INFO (CarpetX):   total evolution time:            0.223443 sec
INFO (CarpetX):   total evolution compute time:    0.223176 sec
INFO (CarpetX):   total evolution output time:     0.000267029 sec
INFO (CarpetX):   total iterations:                8
INFO (CarpetX):   total cells updated:             32768
INFO (CarpetX):   average iterations per second: 35.8033
INFO (CarpetX):   average cell updates per second: 146651
INFO (CarpetX): OutputGH: iteration 9, time 0.035156, run time 1 s
INFO (CarpetX): OutputGH done.
INFO (CarpetX): Simulation time: 0.0351562   Iterations per second: 35.8264   Simulation time per second: 0.139947
INFO (CarpetX): Grid cells: 4096   Grid cell updates per second: 146745
INFO (CarpetX): Performance:
INFO (CarpetX):   total evolution time:            0.251212 sec
INFO (CarpetX):   total evolution compute time:    0.25091 sec
INFO (CarpetX):   total evolution output time:     0.000302076 sec
INFO (CarpetX):   total iterations:                9
INFO (CarpetX):   total cells updated:             36864
INFO (CarpetX):   average iterations per second: 35.8264
INFO (CarpetX):   average cell updates per second: 146745
INFO (CarpetX): OutputGH: iteration 10, time 0.039062, run time 1 s
INFO (CarpetX): OutputGH done.
INFO (CarpetX): Simulation time: 0.0390625   Iterations per second: 35.86   Simulation time per second: 0.140078
INFO (CarpetX): Grid cells: 4096   Grid cell updates per second: 146882
INFO (CarpetX): Performance:
INFO (CarpetX):   total evolution time:            0.278862 sec
INFO (CarpetX):   total evolution compute time:    0.278527 sec
INFO (CarpetX):   total evolution output time:     0.000335217 sec
INFO (CarpetX):   total iterations:                10
INFO (CarpetX):   total cells updated:             40960
INFO (CarpetX):   average iterations per second: 35.86
INFO (CarpetX):   average cell updates per second: 146882
INFO (CarpetX): OutputGH: iteration 11, time 0.042969, run time 1 s
INFO (CarpetX): OutputGH done.
INFO (CarpetX): Simulation time: 0.0429688   Iterations per second: 35.8942   Simulation time per second: 0.140212
INFO (CarpetX): Grid cells: 4096   Grid cell updates per second: 147023
INFO (CarpetX): Performance:
INFO (CarpetX):   total evolution time:            0.306483 sec
INFO (CarpetX):   total evolution compute time:    0.306113 sec
INFO (CarpetX):   total evolution output time:     0.000369072 sec
INFO (CarpetX):   total iterations:                11
INFO (CarpetX):   total cells updated:             45056
INFO (CarpetX):   average iterations per second: 35.8911
INFO (CarpetX):   average cell updates per second: 147010
INFO (CarpetX): OutputGH: iteration 12, time 0.046875, run time 1 s
INFO (CarpetX): OutputGH done.
INFO (CarpetX): Simulation time: 0.046875   Iterations per second: 35.8929   Simulation time per second: 0.140207
INFO (CarpetX): Grid cells: 4096   Grid cell updates per second: 147017
INFO (CarpetX): Performance:
INFO (CarpetX):   total evolution time:            0.334352 sec
INFO (CarpetX):   total evolution compute time:    0.333954 sec
INFO (CarpetX):   total evolution output time:     0.000398159 sec
INFO (CarpetX):   total iterations:                12
INFO (CarpetX):   total cells updated:             49152
INFO (CarpetX):   average iterations per second: 35.8903
INFO (CarpetX):   average cell updates per second: 147007
INFO (CarpetX): OutputGH: iteration 13, time 0.050781, run time 2 s
INFO (CarpetX): OutputGH done.
INFO (CarpetX): Simulation time: 0.0507812   Iterations per second: 35.9087   Simulation time per second: 0.140268
INFO (CarpetX): Grid cells: 4096   Grid cell updates per second: 147082
INFO (CarpetX): Performance:
INFO (CarpetX):   total evolution time:            0.362091 sec
INFO (CarpetX):   total evolution compute time:    0.36166 sec
INFO (CarpetX):   total evolution output time:     0.000431061 sec
INFO (CarpetX):   total iterations:                13
INFO (CarpetX):   total cells updated:             53248
INFO (CarpetX):   average iterations per second: 35.9026
INFO (CarpetX):   average cell updates per second: 147057
INFO (CarpetX): OutputGH: iteration 14, time 0.054688, run time 2 s
INFO (CarpetX): OutputGH done.
INFO (CarpetX): Simulation time: 0.0546875   Iterations per second: 35.9176   Simulation time per second: 0.140303
INFO (CarpetX): Grid cells: 4096   Grid cell updates per second: 147119
INFO (CarpetX): Performance:
INFO (CarpetX):   total evolution time:            0.38987 sec
INFO (CarpetX):   total evolution compute time:    0.389406 sec
INFO (CarpetX):   total evolution output time:     0.000463963 sec
INFO (CarpetX):   total iterations:                14
INFO (CarpetX):   total cells updated:             57344
INFO (CarpetX):   average iterations per second: 35.9094
INFO (CarpetX):   average cell updates per second: 147085
INFO (CarpetX): OutputGH: iteration 15, time 0.058594, run time 2 s
INFO (CarpetX): OutputGH done.
INFO (CarpetX): Simulation time: 0.0585938   Iterations per second: 35.9257   Simulation time per second: 0.140335
INFO (CarpetX): Grid cells: 4096   Grid cell updates per second: 147152
INFO (CarpetX): Performance:
INFO (CarpetX):   total evolution time:            0.417649 sec
INFO (CarpetX):   total evolution compute time:    0.41715 sec
INFO (CarpetX):   total evolution output time:     0.00049901 sec
INFO (CarpetX):   total iterations:                15
INFO (CarpetX):   total cells updated:             61440
INFO (CarpetX):   average iterations per second: 35.9153
INFO (CarpetX):   average cell updates per second: 147109
INFO (CarpetX): OutputGH: iteration 16, time 0.062500, run time 2 s
INFO (CarpetX): OutputGH done.
INFO (CarpetX): Simulation time: 0.0625   Iterations per second: 35.9678   Simulation time per second: 0.140499
INFO (CarpetX): Grid cells: 4096   Grid cell updates per second: 147324
INFO (CarpetX): Performance:
INFO (CarpetX):   total evolution time:            0.445158 sec
INFO (CarpetX):   total evolution compute time:    0.444631 sec
INFO (CarpetX):   total evolution output time:     0.000527143 sec
INFO (CarpetX):   total iterations:                16
INFO (CarpetX):   total cells updated:             65536
INFO (CarpetX):   average iterations per second: 35.9423
INFO (CarpetX):   average cell updates per second: 147220
INFO (CarpetX): OutputGH: iteration 17, time 0.066406, run time 2 s
INFO (CarpetX): OutputGH done.
INFO (CarpetX): Simulation time: 0.0664062   Iterations per second: 36.0105   Simulation time per second: 0.140666
INFO (CarpetX): Grid cells: 4096   Grid cell updates per second: 147499
INFO (CarpetX): Performance:
INFO (CarpetX):   total evolution time:            0.472631 sec
INFO (CarpetX):   total evolution compute time:    0.472071 sec
INFO (CarpetX):   total evolution output time:     0.000560045 sec
INFO (CarpetX):   total iterations:                17
INFO (CarpetX):   total cells updated:             69632
INFO (CarpetX):   average iterations per second: 35.9689
INFO (CarpetX):   average cell updates per second: 147329
INFO (CarpetX): OutputGH: iteration 18, time 0.070312, run time 2 s
INFO (CarpetX): OutputGH done.
INFO (CarpetX): Simulation time: 0.0703125   Iterations per second: 36.0303   Simulation time per second: 0.140744
INFO (CarpetX): Grid cells: 4096   Grid cell updates per second: 147580
INFO (CarpetX): Performance:
INFO (CarpetX):   total evolution time:            0.500248 sec
INFO (CarpetX):   total evolution compute time:    0.499659 sec
INFO (CarpetX):   total evolution output time:     0.000589132 sec
INFO (CarpetX):   total iterations:                18
INFO (CarpetX):   total cells updated:             73728
INFO (CarpetX):   average iterations per second: 35.9822
INFO (CarpetX):   average cell updates per second: 147383
INFO (CarpetX): OutputGH: iteration 19, time 0.074219, run time 2 s
INFO (CarpetX): OutputGH done.
INFO (CarpetX): Simulation time: 0.0742188   Iterations per second: 36.056   Simulation time per second: 0.140844
INFO (CarpetX): Grid cells: 4096   Grid cell updates per second: 147685
INFO (CarpetX): Performance:
INFO (CarpetX):   total evolution time:            0.527805 sec
INFO (CarpetX):   total evolution compute time:    0.527187 sec
INFO (CarpetX):   total evolution output time:     0.000617981 sec
INFO (CarpetX):   total iterations:                19
INFO (CarpetX):   total cells updated:             77824
INFO (CarpetX):   average iterations per second: 35.9982
INFO (CarpetX):   average cell updates per second: 147449
INFO (CarpetX): OutputGH: iteration 20, time 0.078125, run time 2 s
INFO (CarpetX): OutputGH done.
INFO (CarpetX): Simulation time: 0.078125   Iterations per second: 36.074   Simulation time per second: 0.140914
INFO (CarpetX): Grid cells: 4096   Grid cell updates per second: 147759
INFO (CarpetX): Performance:
INFO (CarpetX):   total evolution time:            0.555401 sec
INFO (CarpetX):   total evolution compute time:    0.554749 sec
INFO (CarpetX):   total evolution output time:     0.000651121 sec
INFO (CarpetX):   total iterations:                20
INFO (CarpetX):   total cells updated:             81920
INFO (CarpetX):   average iterations per second: 36.01
INFO (CarpetX):   average cell updates per second: 147497
INFO (CarpetX): OutputGH: iteration 21, time 0.082031, run time 2 s
INFO (CarpetX): OutputGH done.
INFO (CarpetX): Simulation time: 0.0820312   Iterations per second: 36.0854   Simulation time per second: 0.140959
INFO (CarpetX): Grid cells: 4096   Grid cell updates per second: 147806
INFO (CarpetX): Performance:
INFO (CarpetX):   total evolution time:            0.583034 sec
INFO (CarpetX):   total evolution compute time:    0.582355 sec
INFO (CarpetX):   total evolution output time:     0.000679016 sec
INFO (CarpetX):   total iterations:                21
INFO (CarpetX):   total cells updated:             86016
INFO (CarpetX):   average iterations per second: 36.0185
INFO (CarpetX):   average cell updates per second: 147532
INFO (CarpetX): OutputGH: iteration 22, time 0.085938, run time 2 s
INFO (CarpetX): OutputGH done.
INFO (CarpetX): Simulation time: 0.0859375   Iterations per second: 36.1106   Simulation time per second: 0.141057
INFO (CarpetX): Grid cells: 4096   Grid cell updates per second: 147909
INFO (CarpetX): Performance:
INFO (CarpetX):   total evolution time:            0.610553 sec
INFO (CarpetX):   total evolution compute time:    0.609843 sec
INFO (CarpetX):   total evolution output time:     0.000710011 sec
INFO (CarpetX):   total iterations:                22
INFO (CarpetX):   total cells updated:             90112
INFO (CarpetX):   average iterations per second: 36.0329
INFO (CarpetX):   average cell updates per second: 147591
INFO (CarpetX): OutputGH: iteration 23, time 0.089844, run time 2 s
INFO (CarpetX): OutputGH done.
INFO (CarpetX): Simulation time: 0.0898438   Iterations per second: 36.1181   Simulation time per second: 0.141086
INFO (CarpetX): Grid cells: 4096   Grid cell updates per second: 147940
INFO (CarpetX): Performance:
INFO (CarpetX):   total evolution time:            0.638188 sec
INFO (CarpetX):   total evolution compute time:    0.637445 sec
INFO (CarpetX):   total evolution output time:     0.000742912 sec
INFO (CarpetX):   total iterations:                23
INFO (CarpetX):   total cells updated:             94208
INFO (CarpetX):   average iterations per second: 36.0395
INFO (CarpetX):   average cell updates per second: 147618
INFO (CarpetX): OutputGH: iteration 24, time 0.093750, run time 2 s
INFO (CarpetX): OutputGH done.
INFO (CarpetX): Simulation time: 0.09375   Iterations per second: 36.1297   Simulation time per second: 0.141132
INFO (CarpetX): Grid cells: 4096   Grid cell updates per second: 147987
INFO (CarpetX): Performance:
INFO (CarpetX):   total evolution time:            0.665786 sec
INFO (CarpetX):   total evolution compute time:    0.66501 sec
INFO (CarpetX):   total evolution output time:     0.000775814 sec
INFO (CarpetX):   total iterations:                24
INFO (CarpetX):   total cells updated:             98304
INFO (CarpetX):   average iterations per second: 36.0476
INFO (CarpetX):   average cell updates per second: 147651
INFO (CarpetX): OutputGH: iteration 25, time 0.097656, run time 2 s
INFO (CarpetX): OutputGH done.
INFO (CarpetX): Simulation time: 0.0976562   Iterations per second: 36.1411   Simulation time per second: 0.141176
INFO (CarpetX): Grid cells: 4096   Grid cell updates per second: 148034
INFO (CarpetX): Performance:
INFO (CarpetX):   total evolution time:            0.693377 sec
INFO (CarpetX):   total evolution compute time:    0.692567 sec
INFO (CarpetX):   total evolution output time:     0.000809669 sec
INFO (CarpetX):   total iterations:                25
INFO (CarpetX):   total cells updated:             102400
INFO (CarpetX):   average iterations per second: 36.0554
INFO (CarpetX):   average cell updates per second: 147683
INFO (CarpetX): OutputGH: iteration 26, time 0.101562, run time 2 s
INFO (CarpetX): OutputGH done.
INFO (CarpetX): Simulation time: 0.101562   Iterations per second: 35.927   Simulation time per second: 0.14034
INFO (CarpetX): Grid cells: 4096   Grid cell updates per second: 147157
INFO (CarpetX): Performance:
INFO (CarpetX):   total evolution time:            0.722695 sec
INFO (CarpetX):   total evolution compute time:    0.721853 sec
INFO (CarpetX):   total evolution output time:     0.000841618 sec
INFO (CarpetX):   total iterations:                26
INFO (CarpetX):   total cells updated:             106496
INFO (CarpetX):   average iterations per second: 35.9765
INFO (CarpetX):   average cell updates per second: 147360
INFO (CarpetX): OutputGH: iteration 27, time 0.105469, run time 2 s
INFO (CarpetX): OutputGH done.
INFO (CarpetX): Simulation time: 0.105469   Iterations per second: 35.9531   Simulation time per second: 0.140442
INFO (CarpetX): Grid cells: 4096   Grid cell updates per second: 147264
INFO (CarpetX): Performance:
INFO (CarpetX):   total evolution time:            0.750327 sec
INFO (CarpetX):   total evolution compute time:    0.749451 sec
INFO (CarpetX):   total evolution output time:     0.000875711 sec
INFO (CarpetX):   total iterations:                27
INFO (CarpetX):   total cells updated:             110592
INFO (CarpetX):   average iterations per second: 35.9843
INFO (CarpetX):   average cell updates per second: 147392
INFO (CarpetX): OutputGH: iteration 28, time 0.109375, run time 2 s
INFO (CarpetX): OutputGH done.
INFO (CarpetX): Simulation time: 0.109375   Iterations per second: 35.9904   Simulation time per second: 0.140588
INFO (CarpetX): Grid cells: 4096   Grid cell updates per second: 147417
INFO (CarpetX): Performance:
INFO (CarpetX):   total evolution time:            0.777853 sec
INFO (CarpetX):   total evolution compute time:    0.776943 sec
INFO (CarpetX):   total evolution output time:     0.000909805 sec
INFO (CarpetX):   total iterations:                28
INFO (CarpetX):   total cells updated:             114688
INFO (CarpetX):   average iterations per second: 35.9965
INFO (CarpetX):   average cell updates per second: 147442
INFO (CarpetX): OutputGH: iteration 29, time 0.113281, run time 2 s
INFO (CarpetX): OutputGH done.
INFO (CarpetX): Simulation time: 0.113281   Iterations per second: 35.9561   Simulation time per second: 0.140454
INFO (CarpetX): Grid cells: 4096   Grid cell updates per second: 147276
INFO (CarpetX): Performance:
INFO (CarpetX):   total evolution time:            0.805903 sec
INFO (CarpetX):   total evolution compute time:    0.804946 sec
INFO (CarpetX):   total evolution output time:     0.000957012 sec
INFO (CarpetX):   total iterations:                29
INFO (CarpetX):   total cells updated:             118784
INFO (CarpetX):   average iterations per second: 35.9845
INFO (CarpetX):   average cell updates per second: 147392
INFO (CarpetX): OutputGH: iteration 30, time 0.117188, run time 2 s
INFO (CarpetX): OutputGH done.
INFO (CarpetX): Simulation time: 0.117188   Iterations per second: 35.9983   Simulation time per second: 0.140618
INFO (CarpetX): Grid cells: 4096   Grid cell updates per second: 147449
INFO (CarpetX): Performance:
INFO (CarpetX):   total evolution time:            0.833389 sec
INFO (CarpetX):   total evolution compute time:    0.832398 sec
INFO (CarpetX):   total evolution output time:     0.000991106 sec
INFO (CarpetX):   total iterations:                30
INFO (CarpetX):   total cells updated:             122880
INFO (CarpetX):   average iterations per second: 35.9976
INFO (CarpetX):   average cell updates per second: 147446
INFO (CarpetX): OutputGH: iteration 31, time 0.121094, run time 2 s
INFO (CarpetX): OutputGH done.
INFO (CarpetX): Simulation time: 0.121094   Iterations per second: 36.0206   Simulation time per second: 0.140705
INFO (CarpetX): Grid cells: 4096   Grid cell updates per second: 147540
INFO (CarpetX): Performance:
INFO (CarpetX):   total evolution time:            0.860996 sec
INFO (CarpetX):   total evolution compute time:    0.859969 sec
INFO (CarpetX):   total evolution output time:     0.00102711 sec
INFO (CarpetX):   total iterations:                31
INFO (CarpetX):   total cells updated:             126976
INFO (CarpetX):   average iterations per second: 36.0048
INFO (CarpetX):   average cell updates per second: 147476
INFO (CarpetX): OutputGH: iteration 32, time 0.125000, run time 2 s
INFO (CarpetX): OutputGH done.
INFO (CarpetX): Simulation time: 0.125   Iterations per second: 36.0546   Simulation time per second: 0.140838
INFO (CarpetX): Grid cells: 4096   Grid cell updates per second: 147680
INFO (CarpetX): Performance:
INFO (CarpetX):   total evolution time:            0.888496 sec
INFO (CarpetX):   total evolution compute time:    0.887435 sec
INFO (CarpetX):   total evolution output time:     0.0010612 sec
INFO (CarpetX):   total iterations:                32
INFO (CarpetX):   total cells updated:             131072
INFO (CarpetX):   average iterations per second: 36.0159
INFO (CarpetX):   average cell updates per second: 147521
INFO (CarpetX): OutputGH: iteration 33, time 0.128906, run time 2 s
INFO (CarpetX): OutputGH done.
INFO (CarpetX): Simulation time: 0.128906   Iterations per second: 36.0879   Simulation time per second: 0.140968
INFO (CarpetX): Grid cells: 4096   Grid cell updates per second: 147816
INFO (CarpetX): Performance:
INFO (CarpetX):   total evolution time:            0.915976 sec
INFO (CarpetX):   total evolution compute time:    0.914883 sec
INFO (CarpetX):   total evolution output time:     0.00109339 sec
INFO (CarpetX):   total iterations:                33
INFO (CarpetX):   total cells updated:             135168
INFO (CarpetX):   average iterations per second: 36.0271
INFO (CarpetX):   average cell updates per second: 147567
INFO (CarpetX): OutputGH: iteration 34, time 0.132812, run time 2 s
INFO (CarpetX): OutputGH done.
INFO (CarpetX): Simulation time: 0.132812   Iterations per second: 36.1236   Simulation time per second: 0.141108
INFO (CarpetX): Grid cells: 4096   Grid cell updates per second: 147962
INFO (CarpetX): Performance:
INFO (CarpetX):   total evolution time:            0.943412 sec
INFO (CarpetX):   total evolution compute time:    0.942286 sec
INFO (CarpetX):   total evolution output time:     0.00112653 sec
INFO (CarpetX):   total iterations:                34
INFO (CarpetX):   total cells updated:             139264
INFO (CarpetX):   average iterations per second: 36.0394
INFO (CarpetX):   average cell updates per second: 147617
INFO (CarpetX): OutputGH: iteration 35, time 0.136719, run time 2 s
INFO (CarpetX): OutputGH done.
INFO (CarpetX): Simulation time: 0.136719   Iterations per second: 36.1516   Simulation time per second: 0.141217
INFO (CarpetX): Grid cells: 4096   Grid cell updates per second: 148077
INFO (CarpetX): Performance:
INFO (CarpetX):   total evolution time:            0.97088 sec
INFO (CarpetX):   total evolution compute time:    0.969722 sec
INFO (CarpetX):   total evolution output time:     0.00115848 sec
INFO (CarpetX):   total iterations:                35
INFO (CarpetX):   total cells updated:             143360
INFO (CarpetX):   average iterations per second: 36.0498
INFO (CarpetX):   average cell updates per second: 147660
INFO (CarpetX): OutputGH: iteration 36, time 0.140625, run time 2 s
INFO (CarpetX): OutputGH done.
INFO (CarpetX): Simulation time: 0.140625   Iterations per second: 36.1602   Simulation time per second: 0.141251
INFO (CarpetX): Grid cells: 4096   Grid cell updates per second: 148112
INFO (CarpetX): Performance:
INFO (CarpetX):   total evolution time:            0.998476 sec
INFO (CarpetX):   total evolution compute time:    0.997291 sec
INFO (CarpetX):   total evolution output time:     0.00118542 sec
INFO (CarpetX):   total iterations:                36
INFO (CarpetX):   total cells updated:             147456
INFO (CarpetX):   average iterations per second: 36.0549
INFO (CarpetX):   average cell updates per second: 147681
INFO (CarpetX): OutputGH: iteration 37, time 0.144531, run time 2 s
INFO (CarpetX): OutputGH done.
INFO (CarpetX): Simulation time: 0.144531   Iterations per second: 36.165   Simulation time per second: 0.141269
INFO (CarpetX): Grid cells: 4096   Grid cell updates per second: 148132
INFO (CarpetX): Performance:
INFO (CarpetX):   total evolution time:            1.02609 sec
INFO (CarpetX):   total evolution compute time:    1.02488 sec
INFO (CarpetX):   total evolution output time:     0.00121832 sec
INFO (CarpetX):   total iterations:                37
INFO (CarpetX):   total cells updated:             151552
INFO (CarpetX):   average iterations per second: 36.0591
INFO (CarpetX):   average cell updates per second: 147698
INFO (CarpetX): OutputGH: iteration 38, time 0.148438, run time 2 s
INFO (CarpetX): OutputGH done.
INFO (CarpetX): Simulation time: 0.148438   Iterations per second: 36.1659   Simulation time per second: 0.141273
INFO (CarpetX): Grid cells: 4096   Grid cell updates per second: 148135
INFO (CarpetX): Performance:
INFO (CarpetX):   total evolution time:            1.05374 sec
INFO (CarpetX):   total evolution compute time:    1.05249 sec
INFO (CarpetX):   total evolution output time:     0.00124621 sec
INFO (CarpetX):   total iterations:                38
INFO (CarpetX):   total cells updated:             155648
INFO (CarpetX):   average iterations per second: 36.0621
INFO (CarpetX):   average cell updates per second: 147710
INFO (CarpetX): OutputGH: iteration 39, time 0.152344, run time 2 s
INFO (CarpetX): OutputGH done.
INFO (CarpetX): Simulation time: 0.152344   Iterations per second: 36.1485   Simulation time per second: 0.141205
INFO (CarpetX): Grid cells: 4096   Grid cell updates per second: 148064
INFO (CarpetX): Performance:
INFO (CarpetX):   total evolution time:            1.08152 sec
INFO (CarpetX):   total evolution compute time:    1.08024 sec
INFO (CarpetX):   total evolution output time:     0.00128031 sec
INFO (CarpetX):   total iterations:                39
INFO (CarpetX):   total cells updated:             159744
INFO (CarpetX):   average iterations per second: 36.0603
INFO (CarpetX):   average cell updates per second: 147703
INFO (CarpetX): OutputGH: iteration 40, time 0.156250, run time 2 s
INFO (CarpetX): OutputGH done.
INFO (CarpetX): Simulation time: 0.15625   Iterations per second: 36.1602   Simulation time per second: 0.141251
INFO (CarpetX): Grid cells: 4096   Grid cell updates per second: 148112
INFO (CarpetX): Performance:
INFO (CarpetX):   total evolution time:            1.1091 sec
INFO (CarpetX):   total evolution compute time:    1.10778 sec
INFO (CarpetX):   total evolution output time:     0.00131512 sec
INFO (CarpetX):   total iterations:                40
INFO (CarpetX):   total cells updated:             163840
INFO (CarpetX):   average iterations per second: 36.0654
INFO (CarpetX):   average cell updates per second: 147724
INFO (CarpetX): OutputGH: iteration 41, time 0.160156, run time 2 s
INFO (CarpetX): OutputGH done.
INFO (CarpetX): Simulation time: 0.160156   Iterations per second: 36.173   Simulation time per second: 0.141301
INFO (CarpetX): Grid cells: 4096   Grid cell updates per second: 148165
INFO (CarpetX): Performance:
INFO (CarpetX):   total evolution time:            1.13665 sec
INFO (CarpetX):   total evolution compute time:    1.13531 sec
INFO (CarpetX):   total evolution output time:     0.00134325 sec
INFO (CarpetX):   total iterations:                41
INFO (CarpetX):   total cells updated:             167936
INFO (CarpetX):   average iterations per second: 36.0708
INFO (CarpetX):   average cell updates per second: 147746
INFO (CarpetX): OutputGH: iteration 42, time 0.164062, run time 2 s
INFO (CarpetX): OutputGH done.
INFO (CarpetX): Simulation time: 0.164062   Iterations per second: 36.1794   Simulation time per second: 0.141326
INFO (CarpetX): Grid cells: 4096   Grid cell updates per second: 148191
INFO (CarpetX): Performance:
INFO (CarpetX):   total evolution time:            1.16425 sec
INFO (CarpetX):   total evolution compute time:    1.16288 sec
INFO (CarpetX):   total evolution output time:     0.00137234 sec
INFO (CarpetX):   total iterations:                42
INFO (CarpetX):   total cells updated:             172032
INFO (CarpetX):   average iterations per second: 36.0748
INFO (CarpetX):   average cell updates per second: 147762
INFO (CarpetX): OutputGH: iteration 43, time 0.167969, run time 2 s
INFO (CarpetX): OutputGH done.
INFO (CarpetX): Simulation time: 0.167969   Iterations per second: 36.2001   Simulation time per second: 0.141407
INFO (CarpetX): Grid cells: 4096   Grid cell updates per second: 148276
INFO (CarpetX): Performance:
INFO (CarpetX):   total evolution time:            1.19173 sec
INFO (CarpetX):   total evolution compute time:    1.19033 sec
INFO (CarpetX):   total evolution output time:     0.00140238 sec
INFO (CarpetX):   total iterations:                43
INFO (CarpetX):   total cells updated:             176128
INFO (CarpetX):   average iterations per second: 36.082
INFO (CarpetX):   average cell updates per second: 147792
INFO (CarpetX): OutputGH: iteration 44, time 0.171875, run time 2 s
INFO (CarpetX): OutputGH done.
INFO (CarpetX): Simulation time: 0.171875   Iterations per second: 36.2076   Simulation time per second: 0.141436
INFO (CarpetX): Grid cells: 4096   Grid cell updates per second: 148306
INFO (CarpetX): Performance:
INFO (CarpetX):   total evolution time:            1.2193 sec
INFO (CarpetX):   total evolution compute time:    1.21787 sec
INFO (CarpetX):   total evolution output time:     0.00142837 sec
INFO (CarpetX):   total iterations:                44
INFO (CarpetX):   total cells updated:             180224
INFO (CarpetX):   average iterations per second: 36.0864
INFO (CarpetX):   average cell updates per second: 147810
INFO (CarpetX): OutputGH: iteration 45, time 0.175781, run time 2 s
INFO (CarpetX): OutputGH done.
INFO (CarpetX): Simulation time: 0.175781   Iterations per second: 36.2184   Simulation time per second: 0.141478
INFO (CarpetX): Grid cells: 4096   Grid cell updates per second: 148351
INFO (CarpetX): Performance:
INFO (CarpetX):   total evolution time:            1.24683 sec
INFO (CarpetX):   total evolution compute time:    1.24537 sec
INFO (CarpetX):   total evolution output time:     0.00146031 sec
INFO (CarpetX):   total iterations:                45
INFO (CarpetX):   total cells updated:             184320
INFO (CarpetX):   average iterations per second: 36.0914
INFO (CarpetX):   average cell updates per second: 147831
INFO (CarpetX): OutputGH: iteration 46, time 0.179688, run time 2 s
INFO (CarpetX): OutputGH done.
INFO (CarpetX): Simulation time: 0.179688   Iterations per second: 36.1924   Simulation time per second: 0.141377
INFO (CarpetX): Grid cells: 4096   Grid cell updates per second: 148244
INFO (CarpetX): Performance:
INFO (CarpetX):   total evolution time:            1.27464 sec
INFO (CarpetX):   total evolution compute time:    1.27315 sec
INFO (CarpetX):   total evolution output time:     0.00149345 sec
INFO (CarpetX):   total iterations:                46
INFO (CarpetX):   total cells updated:             188416
INFO (CarpetX):   average iterations per second: 36.0886
INFO (CarpetX):   average cell updates per second: 147819
INFO (CarpetX): OutputGH: iteration 47, time 0.183594, run time 2 s
INFO (CarpetX): OutputGH done.
INFO (CarpetX): Simulation time: 0.183594   Iterations per second: 36.1795   Simulation time per second: 0.141326
INFO (CarpetX): Grid cells: 4096   Grid cell updates per second: 148191
INFO (CarpetX): Performance:
INFO (CarpetX):   total evolution time:            1.30237 sec
INFO (CarpetX):   total evolution compute time:    1.30084 sec
INFO (CarpetX):   total evolution output time:     0.00152659 sec
INFO (CarpetX):   total iterations:                47
INFO (CarpetX):   total cells updated:             192512
INFO (CarpetX):   average iterations per second: 36.088
INFO (CarpetX):   average cell updates per second: 147817
INFO (CarpetX): OutputGH: iteration 48, time 0.187500, run time 2 s
INFO (CarpetX): OutputGH done.
INFO (CarpetX): Simulation time: 0.1875   Iterations per second: 36.1822   Simulation time per second: 0.141337
INFO (CarpetX): Grid cells: 4096   Grid cell updates per second: 148202
INFO (CarpetX): Performance:
INFO (CarpetX):   total evolution time:            1.32999 sec
INFO (CarpetX):   total evolution compute time:    1.32843 sec
INFO (CarpetX):   total evolution output time:     0.00155854 sec
INFO (CarpetX):   total iterations:                48
INFO (CarpetX):   total cells updated:             196608
INFO (CarpetX):   average iterations per second: 36.0905
INFO (CarpetX):   average cell updates per second: 147827
INFO (CarpetX): OutputGH: iteration 49, time 0.191406, run time 3 s
INFO (CarpetX): OutputGH done.
INFO (CarpetX): Simulation time: 0.191406   Iterations per second: 36.1838   Simulation time per second: 0.141343
INFO (CarpetX): Grid cells: 4096   Grid cell updates per second: 148209
INFO (CarpetX): Performance:
INFO (CarpetX):   total evolution time:            1.35762 sec
INFO (CarpetX):   total evolution compute time:    1.35602 sec
INFO (CarpetX):   total evolution output time:     0.00159359 sec
INFO (CarpetX):   total iterations:                49
INFO (CarpetX):   total cells updated:             200704
INFO (CarpetX):   average iterations per second: 36.0927
INFO (CarpetX):   average cell updates per second: 147836
INFO (CarpetX): OutputGH: iteration 50, time 0.195312, run time 3 s
INFO (CarpetX): OutputGH done.
INFO (CarpetX): Simulation time: 0.195312   Iterations per second: 36.1964   Simulation time per second: 0.141392
INFO (CarpetX): Grid cells: 4096   Grid cell updates per second: 148261
INFO (CarpetX): Performance:
INFO (CarpetX):   total evolution time:            1.38516 sec
INFO (CarpetX):   total evolution compute time:    1.38353 sec
INFO (CarpetX):   total evolution output time:     0.00162649 sec
INFO (CarpetX):   total iterations:                50
INFO (CarpetX):   total cells updated:             204800
INFO (CarpetX):   average iterations per second: 36.097
INFO (CarpetX):   average cell updates per second: 147853
INFO (CarpetX): OutputGH: iteration 51, time 0.199219, run time 3 s
INFO (CarpetX): OutputGH done.
INFO (CarpetX): Simulation time: 0.199219   Iterations per second: 36.1873   Simulation time per second: 0.141356
INFO (CarpetX): Grid cells: 4096   Grid cell updates per second: 148223
INFO (CarpetX): Performance:
INFO (CarpetX):   total evolution time:            1.41285 sec
INFO (CarpetX):   total evolution compute time:    1.41119 sec
INFO (CarpetX):   total evolution output time:     0.00166035 sec
INFO (CarpetX):   total iterations:                51
INFO (CarpetX):   total cells updated:             208896
INFO (CarpetX):   average iterations per second: 36.0972
INFO (CarpetX):   average cell updates per second: 147854
INFO (CarpetX): OutputGH: iteration 52, time 0.203125, run time 3 s
INFO (CarpetX): OutputGH done.
INFO (CarpetX): Simulation time: 0.203125   Iterations per second: 36.2   Simulation time per second: 0.141406
INFO (CarpetX): Grid cells: 4096   Grid cell updates per second: 148275
INFO (CarpetX): Performance:
INFO (CarpetX):   total evolution time:            1.44039 sec
INFO (CarpetX):   total evolution compute time:    1.4387 sec
INFO (CarpetX):   total evolution output time:     0.0016892 sec
INFO (CarpetX):   total iterations:                52
INFO (CarpetX):   total cells updated:             212992
INFO (CarpetX):   average iterations per second: 36.1013
INFO (CarpetX):   average cell updates per second: 147871
INFO (CarpetX): OutputGH: iteration 53, time 0.207031, run time 3 s
INFO (CarpetX): OutputGH done.
INFO (CarpetX): Simulation time: 0.207031   Iterations per second: 36.2083   Simulation time per second: 0.141439
INFO (CarpetX): Grid cells: 4096   Grid cell updates per second: 148309
INFO (CarpetX): Performance:
INFO (CarpetX):   total evolution time:            1.46795 sec
INFO (CarpetX):   total evolution compute time:    1.46623 sec
INFO (CarpetX):   total evolution output time:     0.00172019 sec
INFO (CarpetX):   total iterations:                53
INFO (CarpetX):   total cells updated:             217088
INFO (CarpetX):   average iterations per second: 36.1047
INFO (CarpetX):   average cell updates per second: 147885
INFO (CarpetX): OutputGH: iteration 54, time 0.210938, run time 3 s
INFO (CarpetX): OutputGH done.
INFO (CarpetX): Simulation time: 0.210938   Iterations per second: 36.1941   Simulation time per second: 0.141383
INFO (CarpetX): Grid cells: 4096   Grid cell updates per second: 148251
INFO (CarpetX): Performance:
INFO (CarpetX):   total evolution time:            1.49568 sec
INFO (CarpetX):   total evolution compute time:    1.49392 sec
INFO (CarpetX):   total evolution output time:     0.00175524 sec
INFO (CarpetX):   total iterations:                54
INFO (CarpetX):   total cells updated:             221184
INFO (CarpetX):   average iterations per second: 36.104
INFO (CarpetX):   average cell updates per second: 147882
INFO (CarpetX): OutputGH: iteration 55, time 0.214844, run time 3 s
INFO (CarpetX): OutputGH done.
INFO (CarpetX): Simulation time: 0.214844   Iterations per second: 36.1754   Simulation time per second: 0.14131
INFO (CarpetX): Grid cells: 4096   Grid cell updates per second: 148174
INFO (CarpetX): Performance:
INFO (CarpetX):   total evolution time:            1.52345 sec
INFO (CarpetX):   total evolution compute time:    1.52166 sec
INFO (CarpetX):   total evolution output time:     0.00179029 sec
INFO (CarpetX):   total iterations:                55
INFO (CarpetX):   total cells updated:             225280
INFO (CarpetX):   average iterations per second: 36.1023
INFO (CarpetX):   average cell updates per second: 147875
INFO (CarpetX): OutputGH: iteration 56, time 0.218750, run time 3 s
INFO (CarpetX): OutputGH done.
INFO (CarpetX): Simulation time: 0.21875   Iterations per second: 36.177   Simulation time per second: 0.141316
INFO (CarpetX): Grid cells: 4096   Grid cell updates per second: 148181
INFO (CarpetX): Performance:
INFO (CarpetX):   total evolution time:            1.55108 sec
INFO (CarpetX):   total evolution compute time:    1.54926 sec
INFO (CarpetX):   total evolution output time:     0.00182414 sec
INFO (CarpetX):   total iterations:                56
INFO (CarpetX):   total cells updated:             229376
INFO (CarpetX):   average iterations per second: 36.1039
INFO (CarpetX):   average cell updates per second: 147881
INFO (CarpetX): OutputGH: iteration 57, time 0.222656, run time 3 s
INFO (CarpetX): OutputGH done.
INFO (CarpetX): Simulation time: 0.222656   Iterations per second: 36.1861   Simulation time per second: 0.141352
INFO (CarpetX): Grid cells: 4096   Grid cell updates per second: 148218
INFO (CarpetX): Performance:
INFO (CarpetX):   total evolution time:            1.57865 sec
INFO (CarpetX):   total evolution compute time:    1.5768 sec
INFO (CarpetX):   total evolution output time:     0.00185609 sec
INFO (CarpetX):   total iterations:                57
INFO (CarpetX):   total cells updated:             233472
INFO (CarpetX):   average iterations per second: 36.1068
INFO (CarpetX):   average cell updates per second: 147893
INFO (CarpetX): OutputGH: iteration 58, time 0.226562, run time 3 s
INFO (CarpetX): OutputGH done.
INFO (CarpetX): Simulation time: 0.226562   Iterations per second: 36.1913   Simulation time per second: 0.141372
INFO (CarpetX): Grid cells: 4096   Grid cell updates per second: 148240
INFO (CarpetX): Performance:
INFO (CarpetX):   total evolution time:            1.60625 sec
INFO (CarpetX):   total evolution compute time:    1.60436 sec
INFO (CarpetX):   total evolution output time:     0.00188923 sec
INFO (CarpetX):   total iterations:                58
INFO (CarpetX):   total cells updated:             237568
INFO (CarpetX):   average iterations per second: 36.109
INFO (CarpetX):   average cell updates per second: 147903
INFO (CarpetX): OutputGH: iteration 59, time 0.230469, run time 3 s
INFO (CarpetX): OutputGH done.
INFO (CarpetX): Simulation time: 0.230469   Iterations per second: 36.2045   Simulation time per second: 0.141424
INFO (CarpetX): Grid cells: 4096   Grid cell updates per second: 148294
INFO (CarpetX): Performance:
INFO (CarpetX):   total evolution time:            1.63378 sec
INFO (CarpetX):   total evolution compute time:    1.63186 sec
INFO (CarpetX):   total evolution output time:     0.00192022 sec
INFO (CarpetX):   total iterations:                59
INFO (CarpetX):   total cells updated:             241664
INFO (CarpetX):   average iterations per second: 36.1126
INFO (CarpetX):   average cell updates per second: 147917
INFO (CarpetX): OutputGH: iteration 60, time 0.234375, run time 3 s
INFO (CarpetX): OutputGH done.
INFO (CarpetX): Simulation time: 0.234375   Iterations per second: 36.2142   Simulation time per second: 0.141462
INFO (CarpetX): Grid cells: 4096   Grid cell updates per second: 148334
INFO (CarpetX): Performance:
INFO (CarpetX):   total evolution time:            1.66132 sec
INFO (CarpetX):   total evolution compute time:    1.65937 sec
INFO (CarpetX):   total evolution output time:     0.00195312 sec
INFO (CarpetX):   total iterations:                60
INFO (CarpetX):   total cells updated:             245760
INFO (CarpetX):   average iterations per second: 36.1158
INFO (CarpetX):   average cell updates per second: 147930
INFO (CarpetX): OutputGH: iteration 61, time 0.238281, run time 3 s
INFO (CarpetX): OutputGH done.
INFO (CarpetX): Simulation time: 0.238281   Iterations per second: 36.2009   Simulation time per second: 0.14141
INFO (CarpetX): Grid cells: 4096   Grid cell updates per second: 148279
INFO (CarpetX): Performance:
INFO (CarpetX):   total evolution time:            1.68904 sec
INFO (CarpetX):   total evolution compute time:    1.68705 sec
INFO (CarpetX):   total evolution output time:     0.00198603 sec
INFO (CarpetX):   total iterations:                61
INFO (CarpetX):   total cells updated:             249856
INFO (CarpetX):   average iterations per second: 36.1152
INFO (CarpetX):   average cell updates per second: 147928
INFO (CarpetX): OutputGH: iteration 62, time 0.242188, run time 3 s
INFO (CarpetX): OutputGH done.
INFO (CarpetX): Simulation time: 0.242188   Iterations per second: 36.1806   Simulation time per second: 0.14133
INFO (CarpetX): Grid cells: 4096   Grid cell updates per second: 148196
INFO (CarpetX): Performance:
INFO (CarpetX):   total evolution time:            1.71682 sec
INFO (CarpetX):   total evolution compute time:    1.7148 sec
INFO (CarpetX):   total evolution output time:     0.00202107 sec
INFO (CarpetX):   total iterations:                62
INFO (CarpetX):   total cells updated:             253952
INFO (CarpetX):   average iterations per second: 36.1133
INFO (CarpetX):   average cell updates per second: 147920
INFO (CarpetX): OutputGH: iteration 63, time 0.246094, run time 3 s
INFO (CarpetX): OutputGH done.
INFO (CarpetX): Simulation time: 0.246094   Iterations per second: 36.1672   Simulation time per second: 0.141278
INFO (CarpetX): Grid cells: 4096   Grid cell updates per second: 148141
INFO (CarpetX): Performance:
INFO (CarpetX):   total evolution time:            1.74456 sec
INFO (CarpetX):   total evolution compute time:    1.74251 sec
INFO (CarpetX):   total evolution output time:     0.00205016 sec
INFO (CarpetX):   total iterations:                63
INFO (CarpetX):   total cells updated:             258048
INFO (CarpetX):   average iterations per second: 36.1123
INFO (CarpetX):   average cell updates per second: 147916
INFO (CarpetX): OutputGH: iteration 64, time 0.250000, run time 3 s
INFO (CarpetX): OutputGH done.
INFO (CarpetX): Simulation time: 0.25   Iterations per second: 15.1902   Simulation time per second: 0.0593366
INFO (CarpetX): Grid cells: 4096   Grid cell updates per second: 62219
INFO (CarpetX): Performance:
INFO (CarpetX):   total evolution time:            2.15404 sec
INFO (CarpetX):   total evolution compute time:    1.77294 sec
INFO (CarpetX):   total evolution output time:     0.381096 sec
INFO (CarpetX):   total iterations:                64
INFO (CarpetX):   total cells updated:             262144
INFO (CarpetX):   average iterations per second: 29.7117
INFO (CarpetX):   average cell updates per second: 121699
INFO (CarpetX): Shutting down...
AMReX (25.11) finalized
--------------------------------------------------------------------------------
Done.
+ echo Stopping:
Stopping:
+ date
Fri Oct  2 19:25:46 UTC 2026
+ echo Done.
Done.
  Elapsed time: 3.3 s
