/home/runner/simulations/TestJob01_temp_1/output-0000/TEST/sim/MemSpeed
Preparing:
+ set -e
+ cd output-0000-active
+ echo Checking:
Checking:
+ pwd
/home/runner/simulations/TestJob01_temp_1/output-0000/TEST/sim/MemSpeed/output-0000-active
+ hostname
runnervmgx7h7
+ date
Mon Aug 31 02:05:57 UTC 2026
+ echo Environment:
Environment:
+ export CACTUS_NUM_PROCS=1
+ CACTUS_NUM_PROCS=1
+ export CACTUS_NUM_THREADS=2
+ CACTUS_NUM_THREADS=2
+ export GMON_OUT_PREFIX=gmon.out
+ GMON_OUT_PREFIX=gmon.out
+ export OMP_NUM_THREADS=2
+ OMP_NUM_THREADS=2
+ env
+ sort
+ echo Starting:
Starting:
++ date +%s
+ export CACTUS_STARTTIME=1788141957
+ CACTUS_STARTTIME=1788141957
+ '[' 1 = 1 ']'
+ '[' 0 -eq 0 ']'
+ /home/runner/simulations/TestJob01_temp_1/SIMFACTORY/exe/cactus_sim -L 3 /home/runner/simulations/TestJob01_temp_1/output-0000/arrangements/CactusUtils/MemSpeed/test/memspeed.par
INFO (Cactus): Increased logging level from 0 to 3
--------------------------------------------------------------------------------

       10                                  
  1   0101       ************************  
  01  1010 10      The Cactus Code V4.20.0    
 1010 1101 011      www.cactuscode.org     
  1001 100101    ************************  
    00010101                               
     100011     (c) Copyright The Authors  
      0100      GNU Licensed. No Warranty  
      0101                                 
--------------------------------------------------------------------------------

Cactus version:    4.20.0
Compile date:      Aug 31 2026 (01:54:18)
Run date:          Aug 31 2026 (02:05:58+0000)
Run host:          runnervmgx7h7.0y4ggixqpiae5jt5tzqp2bomxe.ex.internal.cloudapp.net (pid=171828)
Working directory: /home/runner/simulations/TestJob01_temp_1/output-0000/TEST/sim/MemSpeed
Executable:        /home/runner/simulations/TestJob01_temp_1/SIMFACTORY/exe/cactus_sim
Parameter file:    /home/runner/simulations/TestJob01_temp_1/output-0000/arrangements/CactusUtils/MemSpeed/test/memspeed.par
--------------------------------------------------------------------------------

Activating thorn Cactus...Success -> active implementation Cactus
Activation requested for 
--->hwloc MemSpeed SystemTopology CartGrid3D CoordBase IOASCII IOUtil PUGH PUGHSlab<---
Thorn hwloc requests automatic activation of zlib
Thorn MemSpeed requests automatic activation of Vectors
Thorn MemSpeed requests automatic activation of MPI
Activating thorn CartGrid3D...Success -> active implementation grid
Activating thorn CoordBase...Success -> active implementation CoordBase
Activating thorn hwloc...Success -> active implementation hwloc
Activating thorn IOASCII...Success -> active implementation IOASCII
Activating thorn IOUtil...Success -> active implementation IO
Activating thorn MemSpeed...Success -> active implementation MemSpeed
Activating thorn MPI...Success -> active implementation MPI
Activating thorn PUGH...Success -> active implementation Driver
Activating thorn PUGHSlab...Success -> active implementation Hyperslab
Activating thorn SystemTopology...Success -> active implementation SystemTopology
Activating thorn Vectors...Success -> active implementation Vectors
Activating thorn zlib...Success -> active implementation zlib
--------------------------------------------------------------------------------
  if (recover initial data)
    Recover parameters
  endif

  Startup routines
    [CCTK_STARTUP]
      CartGrid3D::SymmetryStartup: Register GH Extension for GridSymmetry
      CoordBase::CoordBase_Startup: Register a GH extension to store the coordinate system handles
      GROUP hwloc_startup: hwloc startup group
        hwloc::hwloc_version: Output hwloc version
      SystemTopology::ST_system_topology: Output and/or modify system topology and hardware locality
      PUGH::Driver_Startup: Startup routine
      PUGH::PUGH_RegisterPUGHP2LRoutines: Register Physical to Logical process mapping routines
      PUGH::PUGH_RegisterPUGHTopologyRoutines: Register topology generation routines routines
      IOUtil::IOUtil_Startup: Startup routine
      Vectors::Vectors_Startup: Print startup message
      IOASCII::IOASCII_Startup: Startup routine

  Startup routines which need an existing grid hierarchy
    [CCTK_WRAGH]
      CartGrid3D::RegisterCartGrid3DCoords: [meta] Register coordinates for the Cartesian grid
      MemSpeed::MemSpeed_MeasureSpeed: [meta] Measure CPU, memory, cache speeds
  Parameter checking routines
    [CCTK_PARAMCHECK]
      CartGrid3D::ParamCheck_CartGrid3D: Check coordinates for CartGrid3D
      Vectors::Vectors_Test: Run correctness tests.

  Initialisation
    if (NOT (recover initial data AND recovery_mode is 'strict'))
      [CCTK_PREREGRIDINITIAL]
      Set up grid hierarchy
      [CCTK_POSTREGRIDINITIAL]
        CartGrid3D::SpatialCoordinates: Set Coordinates after regridding
      [CCTK_BASEGRID]
        CartGrid3D::SpatialSpacings: Set up ranges for spatial 3D Cartesian coordinates (on all grids)
        CartGrid3D::SpatialCoordinates: Set up spatial 3D Cartesian coordinates on the GH
        IOASCII::IOASCII_Choose1D: Choose 1D output lines
        IOASCII::IOASCII_Choose2D: Choose 2D output planes
        PUGH::PUGH_Report: Report on PUGH set up
      [CCTK_INITIAL]
      [CCTK_POSTINITIAL]
      Initialise finer grids recursively
      Restrict from finer grids
      [CCTK_POSTRESTRICTINITIAL]
      [CCTK_POSTPOSTINITIAL]
      [CCTK_POSTSTEP]
    endif
    if (recover initial data)
      [CCTK_BASEGRID]
        CartGrid3D::SpatialSpacings: Set up ranges for spatial 3D Cartesian coordinates (on all grids)
        CartGrid3D::SpatialCoordinates: Set up spatial 3D Cartesian coordinates on the GH
        IOASCII::IOASCII_Choose1D: Choose 1D output lines
        IOASCII::IOASCII_Choose2D: Choose 2D output planes
        PUGH::PUGH_Report: Report on PUGH set up
      [CCTK_RECOVER_VARIABLES]
      [CCTK_POST_RECOVER_VARIABLES]
    endif
    if (checkpoint initial data)
      [CCTK_CPINITIAL]
    endif
    if (analysis)
      [CCTK_ANALYSIS]
  endif
  Output grid variables

  do loop over timesteps
    [CCTK_PREREGRID]
    Change grid hierarchy
    [CCTK_POSTREGRID]
      CartGrid3D::SpatialCoordinates: Set Coordinates after regridding
    Rotate timelevels
    iteration = iteration+1
    t = t+dt
    [CCTK_PRESTEP]
    [CCTK_EVOL]
    Evolve finer grids recursively
    Restrict from finer grids
    [CCTK_POSTRESTRICT]
    [CCTK_POSTSTEP]
    if (checkpoint)
      [CCTK_CHECKPOINT]
    endif
    if (analysis)
      [CCTK_ANALYSIS]
    endif
    Output grid variables
    enddo

  Termination routines
    [CCTK_TERMINATE]
      PUGH::Driver_Terminate: Termination routine

  Shutdown routines
    [CCTK_SHUTDOWN]

  Routines run after changing the grid hierarchy:
    [CCTK_POSTREGRID]
      CartGrid3D::SpatialCoordinates: Set Coordinates after regridding
--------------------------------------------------------------------------------
INFO (hwloc): library version 2.10.0, API version 0x20800
INFO (SystemTopology): MPI process-to-host mapping:
This is MPI process 0 of 1
MPI hosts:
  0: runnervmgx7h7
This MPI process runs on host 0 of 1
On this host, this is MPI process 0 of 1
INFO (SystemTopology): Topology support:
Discovery support:
  discovery->pu                            : yes
CPU binding support:
  cpubind->set_thisproc_cpubind            : yes
  cpubind->get_thisproc_cpubind            : yes
  cpubind->set_proc_cpubind                : yes
  cpubind->get_proc_cpubind                : yes
  cpubind->set_thisthread_cpubind          : yes
  cpubind->get_thisthread_cpubind          : yes
  cpubind->set_thread_cpubind              : yes
  cpubind->get_thread_cpubind              : yes
  cpubind->get_thisproc_last_cpu_location  : yes
  cpubind->get_proc_last_cpu_location      : yes
  cpubind->get_thisthread_last_cpu_location: yes
Memory binding support:
  membind->set_thisproc_membind            : no
  membind->get_thisproc_membind            : no
  membind->set_proc_membind                : no
  membind->get_proc_membind                : no
  membind->set_thisthread_membind          : yes
  membind->get_thisthread_membind          : yes
  membind->set_area_membind                : yes
  membind->get_area_membind                : yes
  membind->alloc_membind                   : yes
  membind->firsttouch_membind              : yes
  membind->bind_membind                    : yes
  membind->interleave_membind              : yes
  membind->nexttouch_membind               : no
  membind->migrate_membind                 : yes
INFO (SystemTopology): Hardware objects in this node:
Machine L#0: (P#0, total=16373452KB, DMIProductName="Virtual Machine", DMIProductVersion="Hyper-V UEFI Release v4.1", DMIProductUUID=4b9059bc-de23-4ad2-9114-8e3dc4687538, DMIBoardVendor="Microsoft Corporation", DMIBoardName="Virtual Machine", DMIBoardVersion="Hyper-V UEFI Release v4.1", DMIBoardAssetTag=None, DMIChassisVendor="Microsoft Corporation", DMIChassisType=3, DMIChassisVersion="Hyper-V UEFI Release v4.1", DMIChassisAssetTag=7783-7084-3265-9085-8269-3286-77, DMIBIOSVendor="Microsoft Corporation", DMIBIOSVersion="Hyper-V UEFI Release v4.1", DMIBIOSDate=01/08/2026, DMISysVendor="Microsoft Corporation", Backend=Linux, LinuxCgroup=/system.slice/hosted-compute-agent.service, OSName=Linux, OSRelease=6.17.0-1022-azure, OSVersion="#22-Ubuntu SMP Mon Jul 27 17:24:03 UTC 2026", HostName=runnervmgx7h7, Architecture=x86_64, hwlocVersion=2.10.0, ProcessName=cactus_sim)
  Package L#0: (P#0, total=16373452KB, CPUVendor=AuthenticAMD, CPUFamilyNumber=25, CPUModelNumber=1, CPUModel="AMD EPYC 7763 64-Core Processor                ", CPUStepping=1)
    L3Cache L#0: (P#0, size=32768KB, linesize=64, ways=16, Inclusive=0)
      L2Cache L#0: (P#0, size=512KB, linesize=64, ways=8, Inclusive=1)
        L1dCache L#0: (P#0, size=32KB, linesize=64, ways=8, Inclusive=0)
          Core L#0: (P#0)
            PU L#0: (P#0)
            PU L#1: (P#1)
      L2Cache L#1: (P#1, size=512KB, linesize=64, ways=8, Inclusive=1)
        L1dCache L#1: (P#1, size=32KB, linesize=64, ways=8, Inclusive=0)
          Core L#1: (P#1)
            PU L#2: (P#2)
            PU L#3: (P#3)
INFO (SystemTopology): Thread CPU bindings:
  MPI process 0 on host 0 (process 0 of 1 on this host)
    OpenMP thread 0: PU set L#{0-3} P#{0-3}
    OpenMP thread 1: PU set L#{0-3} P#{0-3}
INFO (SystemTopology): Setting thread CPU bindings:
INFO (SystemTopology): Thread CPU bindings:
  MPI process 0 on host 0 (process 0 of 1 on this host)
    OpenMP thread 0: PU set L#{0} P#{0}
    OpenMP thread 1: PU set L#{2} P#{2}
INFO (SystemTopology): Extracting CPU/cache/memory properties:
  There are 2 PUs per core (aka hardware SMT threads)
  There are 1 threads per core (aka SMT threads used)
  Cache (unknown name) has type "data" depth 1
    size 32768 linesize 64 associativity 8 stride 4096, for 2 PUs
  Cache (unknown name) has type "unified" depth 2
    size 524288 linesize 64 associativity 8 stride 65536, for 2 PUs
  Cache (unknown name) has type "unified" depth 3
    size 33554432 linesize 64 associativity 16 stride 2097152, for 4 PUs
INFO (PUGH): Using physical to logical mappings: direct
INFO (PUGH): Using topology generator: automatic
INFO (Vectors): Using vector size 2 for architecture SSE2 (64-bit precision)
--------------------------------------------------------------------------------
Driver provided by PUGH
--------------------------------------------------------------------------------

INFO (PUGH): Not setting up a topology for 1 dimensions
INFO (PUGH): Not setting up a topology for 2 dimensions
INFO (PUGH): Setting up a topology for 3 dimensions
INFO (IOASCII): I/O Method 'IOASCII_1D' registered: output of 1D lines of grid functions/arrays to ASCII files
INFO (IOASCII): Periodic 1D output every 1 iterations
INFO (IOASCII): Periodic 1D output requested for 'GRID::r'
INFO (IOASCII): I/O Method 'IOASCII_2D' registered: output of 2D planes of grid functions/arrays to ASCII files
INFO (IOASCII): Periodic 2D output turned off
INFO (IOASCII): I/O Method 'IOASCII_3D' registered: output of 3D grid functions/arrays to ASCII files
INFO (IOASCII): Periodic 3D output turned off
INFO (MemSpeed): Measuring CPU, cache, memory, and communication speeds:
  Single-core measurements (using 1 MPI processes with 1 OpenMP threads each):
    CPU frequency:
      iterations=1000000... time=0.00126833 sec
      iterations=10000000... time=0.0125877 sec
      iterations=100000000... time=0.124762 sec
      iterations=900000000... time=1.12157 sec
      iterations=900000000... time=0.84101 sec
      result: 6.41572 GHz
    CPU floating point performance:
      iterations=1000000... time=0.00199282 sec
      iterations=10000000... time=0.0198523 sec
      iterations=100000000... time=0.198582 sec
      iterations=600000000... time=1.19123 sec
      result: 16.1178 Gflop/sec
    CPU integer performance:
      iterations=1000000... time=0.00158559 sec
      iterations=10000000... time=0.0155828 sec
      iterations=100000000... time=0.155676 sec
      iterations=700000000... time=1.0911 sec
      result: 10.2649 Giop/sec
    Read latency of D1 cache (for 2 PUs) (using 1*24576 bytes):
      iterations=1000... time=0.000125755 sec
      iterations=10000... time=0.00125529 sec
      iterations=100000... time=0.0124457 sec
      iterations=1000000... time=0.124453 sec
      iterations=9000000... time=1.12094 sec
      result: 1.24549 nsec
    Read latency of L2 cache (for 2 PUs) (using 1*393216 bytes):
      iterations=1000... time=0.000637392 sec
      iterations=10000... time=0.00566563 sec
      iterations=100000... time=0.0572629 sec
      iterations=1000000... time=0.577918 sec
      iterations=2000000... time=1.15433 sec
      result: 5.77163 nsec
    Read latency of L3 cache (for 4 PUs) (using 1*25165824 bytes):
      [skipped -- avoiding large-memory benchmarks]
    Read bandwidth of D1 cache (for 2 PUs) (using 1*24576 bytes):
      iterations=1... time=5.82e-07 sec
      iterations=10... time=2.955e-06 sec
      iterations=100... time=2.8804e-05 sec
      iterations=1000... time=0.000253434 sec
      iterations=10000... time=0.00248912 sec
      iterations=100000... time=0.0245802 sec
      iterations=1000000... time=0.24537 sec
      iterations=4000000... time=0.981454 sec
      iterations=8000000... time=1.9628 sec
      result: 100.167 GByte/sec
    Read bandwidth of L2 cache (for 2 PUs) (using 1*393216 bytes):
      iterations=1... time=6.903e-06 sec
      iterations=10... time=7.2656e-05 sec
      iterations=100... time=0.000528018 sec
      iterations=1000... time=0.00519878 sec
      iterations=10000... time=0.0513852 sec
      iterations=100000... time=0.505616 sec
      iterations=200000... time=1.01081 sec
      result: 77.8023 GByte/sec
    Read bandwidth of L3 cache (for 4 PUs) (using 1*25165824 bytes):
      [skipped -- avoiding large-memory benchmarks]
    Write latency of D1 cache (for 2 PUs) (using 1*24576 bytes):
      iterations=1000... time=2.545e-06 sec
      iterations=10000... time=2.4756e-05 sec
      iterations=100000... time=0.000246721 sec
      iterations=1000000... time=0.00249247 sec
      iterations=10000000... time=0.0249064 sec
      iterations=100000000... time=0.248998 sec
      iterations=400000000... time=0.996741 sec
      iterations=800000000... time=1.9927 sec
      result: 0.311359 nsec
    Write latency of L2 cache (for 2 PUs) (using 1*393216 bytes):
      iterations=1000... time=9.017e-06 sec
      iterations=10000... time=9.9566e-05 sec
      iterations=100000... time=0.000891529 sec
      iterations=1000000... time=0.00931978 sec
      iterations=10000000... time=0.0925066 sec
      iterations=100000000... time=0.924858 sec
      iterations=200000000... time=1.85382 sec
      result: 1.15863 nsec
    Write latency of L3 cache (for 4 PUs) (using 1*25165824 bytes):
      [skipped -- avoiding large-memory benchmarks]
    Write bandwidth of D1 cache (for 2 PUs) (using 1*24576 bytes):
      iterations=1... time=3.21001e-07 sec
      iterations=10... time=2.815e-06 sec
      iterations=100... time=2.7662e-05 sec
      iterations=1000... time=0.000290183 sec
      iterations=10000... time=0.00291291 sec
      iterations=100000... time=0.0283816 sec
      iterations=1000000... time=0.27882 sec
      iterations=4000000... time=1.11564 sec
      result: 88.1145 GByte/sec
    Write bandwidth of L2 cache (for 2 PUs) (using 1*393216 bytes):
      iterations=1... time=5.821e-06 sec
      iterations=10... time=4.5105e-05 sec
      iterations=100... time=0.000475139 sec
      iterations=1000... time=0.00458645 sec
      iterations=10000... time=0.0456947 sec
      iterations=100000... time=0.455643 sec
      iterations=200000... time=0.90907 sec
      iterations=400000... time=1.82101 sec
      result: 86.373 GByte/sec
    Write bandwidth of L3 cache (for 4 PUs) (using 1*25165824 bytes):
      [skipped -- avoiding large-memory benchmarks]
    Stencil code performance of D1 cache (for 2 PUs) (using 1*12^3 grid points, 1*27648 bytes):
      iterations=1... time=4.0957e-05 sec
      iterations=10... time=0.000330188 sec
      iterations=100... time=0.0031092 sec
      iterations=1000... time=0.0303777 sec
      iterations=10000... time=0.305468 sec
      iterations=40000... time=1.25312 sec
      result: 0.0551582 Gupdates/sec
    Stencil code performance of L2 cache (for 2 PUs) (using 1*29^3 grid points, 1*390224 bytes):
      iterations=1... time=0.000151693 sec
      iterations=10... time=0.00149956 sec
      iterations=100... time=0.0153078 sec
      iterations=1000... time=0.154588 sec
      iterations=7000... time=1.06425 sec
      result: 0.160416 Gupdates/sec
    Stencil code performance of L3 cache (for 4 PUs) (using 1*116^3 grid points, 1*24974336 bytes):
      iterations=1... time=0.00419167 sec
      iterations=10... time=0.0392866 sec
      iterations=100... time=0.392053 sec
      iterations=300... time=1.17985 sec
      result: 0.396888 Gupdates/sec
  Single-node measurements (using 1 MPI processes with 2 OpenMP threads each):
    CPU frequency:
      iterations=1000000... time=0.00128288 sec
      iterations=10000000... time=0.0124843 sec
      iterations=100000000... time=0.124741 sec
      iterations=900000000... time=1.12288 sec
      iterations=900000000... time=0.841883 sec
      result: 6.40571 GHz
    CPU floating point performance:
      iterations=1000000... time=0.00198809 sec
      iterations=10000000... time=0.0198603 sec
      iterations=100000000... time=0.198635 sec
      iterations=600000000... time=1.19143 sec
      result: 16.1151 Gflop/sec
    CPU integer performance:
      iterations=1000000... time=0.0015659 sec
      iterations=10000000... time=0.0155611 sec
      iterations=100000000... time=0.155706 sec
      iterations=700000000... time=1.09145 sec
      result: 10.2616 Giop/sec
    Read latency of D1 cache (for 2 PUs) (using 2*24576 bytes):
      iterations=1000... time=0.000124903 sec
      iterations=10000... time=0.00124589 sec
      iterations=100000... time=0.0124511 sec
      iterations=1000000... time=0.124499 sec
      iterations=9000000... time=1.12127 sec
      result: 1.24586 nsec
    Read latency of L2 cache (for 2 PUs) (using 2*393216 bytes):
      iterations=1000... time=0.000501213 sec
      iterations=10000... time=0.00454805 sec
      iterations=100000... time=0.0453202 sec
      iterations=1000000... time=0.448106 sec
      iterations=2000000... time=0.89691 sec
      iterations=4000000... time=1.79062 sec
      result: 4.47654 nsec
    Read latency of L3 cache (for 4 PUs) (using 1*25165824 bytes):
      [skipped -- avoiding large-memory benchmarks]
    Read bandwidth of D1 cache (for 2 PUs) (using 2*24576 bytes):
      iterations=1... time=4.36e-07 sec
      iterations=10... time=2.835e-06 sec
      iterations=100... time=2.59235e-05 sec
      iterations=1000... time=0.000246943 sec
      iterations=10000... time=0.00245784 sec
      iterations=100000... time=0.0244969 sec
      iterations=1000000... time=0.245495 sec
      iterations=4000000... time=0.981901 sec
      iterations=8000000... time=1.96381 sec
      result: 100.115 GByte/sec
    Read bandwidth of L2 cache (for 2 PUs) (using 2*393216 bytes):
      iterations=1... time=7.1735e-06 sec
      iterations=10... time=6.61835e-05 sec
      iterations=100... time=0.000519197 sec
      iterations=1000... time=0.00512884 sec
      iterations=10000... time=0.0497505 sec
      iterations=100000... time=0.489251 sec
      iterations=200000... time=0.982475 sec
      iterations=400000... time=1.97413 sec
      result: 79.6736 GByte/sec
    Read bandwidth of L3 cache (for 4 PUs) (using 1*25165824 bytes):
      [skipped -- avoiding large-memory benchmarks]
    Write latency of D1 cache (for 2 PUs) (using 2*24576 bytes):
      iterations=1000... time=3.331e-06 sec
      iterations=10000... time=3.08535e-05 sec
      iterations=100000... time=0.000281863 sec
      iterations=1000000... time=0.00259058 sec
      iterations=10000000... time=0.0249476 sec
      iterations=100000000... time=0.249357 sec
      iterations=400000000... time=0.996697 sec
      iterations=800000000... time=1.99285 sec
      result: 0.311383 nsec
    Write latency of L2 cache (for 2 PUs) (using 2*393216 bytes):
      iterations=1000... time=9.578e-06 sec
      iterations=10000... time=9.00585e-05 sec
      iterations=100000... time=0.000907093 sec
      iterations=1000000... time=0.00892508 sec
      iterations=10000000... time=0.0901133 sec
      iterations=100000000... time=0.893129 sec
      iterations=200000000... time=1.78749 sec
      result: 1.11718 nsec
    Write latency of L3 cache (for 4 PUs) (using 1*25165824 bytes):
      [skipped -- avoiding large-memory benchmarks]
    Write bandwidth of D1 cache (for 2 PUs) (using 2*24576 bytes):
      iterations=1... time=4.855e-07 sec
      iterations=10... time=4.0425e-06 sec
      iterations=100... time=4.4348e-05 sec
      iterations=1000... time=0.000332262 sec
      iterations=10000... time=0.00283217 sec
      iterations=100000... time=0.0278838 sec
      iterations=1000000... time=0.279141 sec
      iterations=4000000... time=1.11514 sec
      result: 88.1542 GByte/sec
    Write bandwidth of L2 cache (for 2 PUs) (using 2*393216 bytes):
      iterations=1... time=9.283e-06 sec
      iterations=10... time=5.36705e-05 sec
      iterations=100... time=0.000496239 sec
      iterations=1000... time=0.00506028 sec
      iterations=10000... time=0.0474211 sec
      iterations=100000... time=0.455848 sec
      iterations=200000... time=0.912158 sec
      iterations=400000... time=1.83075 sec
      result: 85.9138 GByte/sec
    Write bandwidth of L3 cache (for 4 PUs) (using 1*25165824 bytes):
      [skipped -- avoiding large-memory benchmarks]
    Stencil code performance of D1 cache (for 2 PUs) (using 1*12^3 grid points, 1*27648 bytes):
      iterations=1... time=1.073e-05 sec
      iterations=10... time=9.52085e-05 sec
      iterations=100... time=0.000810662 sec
      iterations=1000... time=0.00821654 sec
      iterations=10000... time=0.0829044 sec
      iterations=100000... time=0.82867 sec
      iterations=200000... time=1.63089 sec
      result: 0.211909 Gupdates/sec
    Stencil code performance of L2 cache (for 2 PUs) (using 1*29^3 grid points, 1*390224 bytes):
      iterations=1... time=4.04655e-05 sec
      iterations=10... time=0.000347731 sec
      iterations=100... time=0.00350009 sec
      iterations=1000... time=0.0344118 sec
      iterations=10000... time=0.351581 sec
      iterations=30000... time=1.16277 sec
      result: 0.629245 Gupdates/sec
    Stencil code performance of L3 cache (for 4 PUs) (using 1*116^3 grid points, 1*24974336 bytes):
      iterations=1... time=0.00142134 sec
      iterations=10... time=0.0105283 sec
      iterations=100... time=0.10707 sec
      iterations=1000... time=1.06053 sec
      result: 1.4718 Gupdates/sec
INFO (Vectors): Testing vectorisation... [errors may result in segfaults]
INFO (Vectors): 375/375 tests passed 
INFO (CartGrid3D): Grid Spacings:
INFO (CartGrid3D): dx=>1.1111111e-01  dy=>1.1111111e-01  dz=>1.1111111e-01
INFO (CartGrid3D): Computational Coordinates:
INFO (CartGrid3D): x=>[-0.500, 0.500]  y=>[-0.500, 0.500]  z=>[-0.500, 0.500]
INFO (CartGrid3D): Indices of Physical Coordinates:
INFO (CartGrid3D): x=>[0,9]  y=>[0,9]  z=>[0,9]
INFO (PUGH): MPI Evolution on 1 processors
INFO (PUGH): 3-dimensional grid functions
INFO (PUGH):  10
INFO (PUGH):  1
INFO (PUGH): 10]
INFO (PUGH):   Maximum load skew: 0.000000
--------------------------------------------------------------------------------
Done.
+ echo Stopping:
Stopping:
+ date
Mon Aug 31 02:07:03 UTC 2026
+ echo Done.
Done.
  Elapsed time: 66.0 s
