/home/runner/simulations/TestJob01_temp_2/output-0000/TEST/sim/CanudaX_BSSNMoL
Preparing:
+ set -e
+ cd output-0000-active
+ echo Checking:
Checking:
+ pwd
/home/runner/simulations/TestJob01_temp_2/output-0000/TEST/sim/CanudaX_BSSNMoL/output-0000-active
+ hostname
runnervmlun5p
+ date
Tue Sep 15 06:31:16 UTC 2026
+ echo Environment:
Environment:
+ export CACTUS_NUM_PROCS=2
+ CACTUS_NUM_PROCS=2
+ export CACTUS_NUM_THREADS=1
+ CACTUS_NUM_THREADS=1
+ export GMON_OUT_PREFIX=gmon.out
+ GMON_OUT_PREFIX=gmon.out
+ export OMP_NUM_THREADS=1
+ OMP_NUM_THREADS=1
+ env
+ sort
+ echo Starting:
Starting:
++ date +%s
+ export CACTUS_STARTTIME=1789453876
+ CACTUS_STARTTIME=1789453876
+ '[' 2 = 1 ']'
+ mpirun -np 2 /home/runner/simulations/TestJob01_temp_2/SIMFACTORY/exe/cactus_sim -L 3 /home/runner/simulations/TestJob01_temp_2/output-0000/arrangements/CanudaX/CanudaX_BSSNMoL/test/gaugewave.par
INFO (Cactus): Increased logging level from 0 to 3
--------------------------------------------------------------------------------

       10                                  
  1   0101       ************************  
  01  1010 10      The Cactus Code V4.20.0    
 1010 1101 011      www.cactuscode.org     
  1001 100101    ************************  
    00010101                               
     100011     (c) Copyright The Authors  
      0100      GNU Licensed. No Warranty  
      0101                                 
--------------------------------------------------------------------------------

Cactus version:    4.20.0
Compile date:      Sep 15 2026 (06:10:36)
Run date:          Sep 15 2026 (06:31:17+0000)
Run host:          runnervmlun5p.f1ixmop0vftuff1qa1wv2b5m1d.ex.internal.cloudapp.net (pid=176223)
Working directory: /home/runner/simulations/TestJob01_temp_2/output-0000/TEST/sim/CanudaX_BSSNMoL
Executable:        /home/runner/simulations/TestJob01_temp_2/SIMFACTORY/exe/cactus_sim
Parameter file:    /home/runner/simulations/TestJob01_temp_2/output-0000/arrangements/CanudaX/CanudaX_BSSNMoL/test/gaugewave.par
--------------------------------------------------------------------------------

Activating thorn Cactus...Success -> active implementation Cactus
Activation requested for 
--->ADMBaseX CanudaX_BSSNMoL CanudaX_ExactID CarpetX IOUtil ODESolvers TmunuBaseX<---
Thorn ADMBaseX requests automatic activation of Loop
Thorn CarpetX requests automatic activation of AMReX
Thorn CarpetX requests automatic activation of MPI
Thorn CarpetX requests automatic activation of yaml_cpp
Thorn CarpetX requests automatic activation of zlib
Thorn CarpetX requests automatic activation of Arith
Thorn CarpetX requests automatic activation of CarpetXRegrid
Thorn CarpetX requests automatic activation of ADIOS2
Thorn CarpetX requests automatic activation of openPMD
Thorn CarpetX requests automatic activation of Silo
Thorn ADIOS2 requests automatic activation of CMake
Thorn Arith requests automatic activation of NSIMD
Thorn MPI requests automatic activation of hwloc
Thorn openPMD requests automatic activation of HDF5
Activating thorn ADIOS2...Success -> active implementation ADIOS2
Activating thorn ADMBaseX...Success -> active implementation ADMBaseX
Activating thorn AMReX...Success -> active implementation AMReX
Activating thorn Arith...Success -> active implementation Arith
Activating thorn CanudaX_BSSNMoL...Success -> active implementation CanudaX_BSSNMoL
Activating thorn CanudaX_ExactID...Success -> active implementation CanudaX_ExactID
Activating thorn CarpetX...Success -> active implementation Driver
Activating thorn CarpetXRegrid...Success -> active implementation CarpetXRegrid
Activating thorn CMake...Success -> active implementation CMake
Activating thorn HDF5...Success -> active implementation HDF5
Activating thorn hwloc...Success -> active implementation hwloc
Activating thorn IOUtil...Success -> active implementation IO
Activating thorn Loop...Success -> active implementation Loop
Activating thorn MPI...Success -> active implementation MPI
Activating thorn NSIMD...Success -> active implementation NSIMD
Activating thorn ODESolvers...Success -> active implementation ODESolvers
Activating thorn openPMD...Success -> active implementation openPMD
Activating thorn Silo...Success -> active implementation Silo
Activating thorn TmunuBaseX...Success -> active implementation TmunuBaseX
Activating thorn yaml_cpp...Success -> active implementation yaml_cpp
Activating thorn zlib...Success -> active implementation zlib
--------------------------------------------------------------------------------
  if (recover initial data)
    Recover parameters
  endif

  Startup routines
    [CCTK_STARTUP]
      CarpetX::Driver_Startup: Start up the driver
      IOUtil::IOUtil_Startup: Startup routine
      GROUP hwloc_startup: hwloc startup group
        hwloc::hwloc_version: Output hwloc version

  Startup routines which need an existing grid hierarchy
    [CCTK_WRAGH]
      Arith::Test_cplx: [meta] Test complex numbers
      Arith::Test_smallvector: [meta] Test small vectors
      Arith::Test_spvect: [meta] Test sparse vectors
      ODESolvers::ODESolvers_InitConstants: [global] Set up dummy loop counters for schedule printout
  Parameter checking routines
    [CCTK_PARAMCHECK]
      CanudaX_BSSNMoL::CanudaX_BSSNMoL_paramcheck: Check CanudaX_BSSNMoL parameters for consistency

  Initialisation
    if (NOT (recover initial data AND recovery_mode is 'strict'))
      [CCTK_PREREGRIDINITIAL]
      Set up grid hierarchy
      [CCTK_POSTREGRIDINITIAL]
      [CCTK_BASEGRID]
        CarpetXRegrid::CarpetXRegrid_InitError: Initialize regridding error to zero
        GROUP ODESolvers_BaseGrid: Set up constants (e.g. coordinates) everywhere on the grid
      [CCTK_INITIAL]
        GROUP TmunuBaseX_SetTmunuVars: Schedule group for setting T_munu
          TmunuBaseX::TmunuBaseX_ZeroTmunu: Set T_munu to zero
          GROUP TmunuBaseX_AddToTmunu: Add to T_munu here
        GROUP ODESolvers_Initial: Set up initial conditions on interior of state vector
          GROUP ADMBaseX_InitialData: Schedule group for calculating ADM initial data
            GROUP CanudaX_ExactIDGroup: CanudaX_ExactID group for setting up initial data
              CanudaX_ExactID::CanudaX_ExactID_GaugeWave: [local] Create gauge wave initial data
          GROUP ADMBaseX_InitialGauge: Schedule group for the ADM initial gauge condition
            ADMBaseX::ADMBaseX_initial_dtlapse: Set dtlapse to zero
            ADMBaseX::ADMBaseX_initial_dtshift: Set dtshift to zero
          GROUP ADMBaseX_PostInitial: Schedule group for modifying the ADM initial data, such as e.g. adding noise
        GROUP CanudaX_BSSNMoL_InitialGroup: CanudaX_BSSNMoL: initial bin
          CanudaX_BSSNMoL::CanudaX_BSSNMoL_adm2bssn: [local] Convert initial data into BSSN variables
          CanudaX_BSSNMoL::CanudaX_BSSNMoL_gammat: [local] Set Gammat initial data
      [CCTK_POSTINITIAL]
        GROUP ODESolvers_PostStep: Apply boundary conditions to state vector, and project if necessary
          GROUP CanudaX_BSSNMoL_PostStepGroup: CanudaX_BSSNMoL: post-step operations
            CanudaX_BSSNMoL::CanudaX_BSSNMoL_impose_conf_fac_floor: Make sure conformal factor does not drop below specified value
            CanudaX_BSSNMoL::CanudaX_BSSNMoL_reset_detmetric: reset dethh = 1
            CanudaX_BSSNMoL::CanudaX_BSSNMoL_remove_trA: Remove trace of A
            CanudaX_BSSNMoL::CanudaX_BSSNMoL_sync: [global] Sync state vector
            CanudaX_BSSNMoL::CanudaX_BSSNMoL_bssn2adm: [local] Convert variables back to the ADM ones
          GROUP ADMBaseX_SetADMRHS: Set ADM RHS variables in this group
          GROUP ADMBaseX_SetADMVars: Set ADM variables in this group
          GROUP TmunuBaseX_SetTmunuVars: Schedule group for setting T_munu
            TmunuBaseX::TmunuBaseX_ZeroTmunu: Set T_munu to zero
            GROUP TmunuBaseX_AddToTmunu: Add to T_munu here
        GROUP ODESolvers_EstimateError: Estimate discretization error (for regridding)
      Initialise finer grids recursively
      Restrict from finer grids
      [CCTK_POSTRESTRICTINITIAL]
      [CCTK_POSTPOSTINITIAL]
      [CCTK_POSTSTEP]
        GROUP ODESolvers_EstimateError: Estimate discretization error (for regridding)
    endif
    if (recover initial data)
      [CCTK_BASEGRID]
        CarpetXRegrid::CarpetXRegrid_InitError: Initialize regridding error to zero
        GROUP ODESolvers_BaseGrid: Set up constants (e.g. coordinates) everywhere on the grid
      [CCTK_RECOVER_VARIABLES]
      [CCTK_POST_RECOVER_VARIABLES]
        GROUP ODESolvers_PostStep: Apply boundary conditions to state vector, and project if necessary
          GROUP CanudaX_BSSNMoL_PostStepGroup: CanudaX_BSSNMoL: post-step operations
            CanudaX_BSSNMoL::CanudaX_BSSNMoL_impose_conf_fac_floor: Make sure conformal factor does not drop below specified value
            CanudaX_BSSNMoL::CanudaX_BSSNMoL_reset_detmetric: reset dethh = 1
            CanudaX_BSSNMoL::CanudaX_BSSNMoL_remove_trA: Remove trace of A
            CanudaX_BSSNMoL::CanudaX_BSSNMoL_sync: [global] Sync state vector
            CanudaX_BSSNMoL::CanudaX_BSSNMoL_bssn2adm: [local] Convert variables back to the ADM ones
          GROUP ADMBaseX_SetADMRHS: Set ADM RHS variables in this group
          GROUP ADMBaseX_SetADMVars: Set ADM variables in this group
          GROUP TmunuBaseX_SetTmunuVars: Schedule group for setting T_munu
            TmunuBaseX::TmunuBaseX_ZeroTmunu: Set T_munu to zero
            GROUP TmunuBaseX_AddToTmunu: Add to T_munu here
        GROUP ODESolvers_EstimateError: Estimate discretization error (for regridding)
    endif
    if (checkpoint initial data)
      [CCTK_CPINITIAL]
        CarpetX::CarpetX_CheckpointInitial: [meta] Checkpoint initial conditions
    endif
    if (analysis)
      [CCTK_ANALYSIS]
        CanudaX_BSSNMoL::CanudaX_BSSNMoL_bssn_constraints: Compute constraints
        GROUP ODESolvers_Analysis: Calculate analysis quantities everywhere
  endif
  Output grid variables

  do loop over timesteps
    [CCTK_PREREGRID]
    Change grid hierarchy
    [CCTK_POSTREGRID]
      GROUP ODESolvers_PostStep: Apply boundary conditions to state vector, and project if necessary
        GROUP CanudaX_BSSNMoL_PostStepGroup: CanudaX_BSSNMoL: post-step operations
          CanudaX_BSSNMoL::CanudaX_BSSNMoL_impose_conf_fac_floor: Make sure conformal factor does not drop below specified value
          CanudaX_BSSNMoL::CanudaX_BSSNMoL_reset_detmetric: reset dethh = 1
          CanudaX_BSSNMoL::CanudaX_BSSNMoL_remove_trA: Remove trace of A
          CanudaX_BSSNMoL::CanudaX_BSSNMoL_sync: [global] Sync state vector
          CanudaX_BSSNMoL::CanudaX_BSSNMoL_bssn2adm: [local] Convert variables back to the ADM ones
        GROUP ADMBaseX_SetADMRHS: Set ADM RHS variables in this group
        GROUP ADMBaseX_SetADMVars: Set ADM variables in this group
        GROUP TmunuBaseX_SetTmunuVars: Schedule group for setting T_munu
          TmunuBaseX::TmunuBaseX_ZeroTmunu: Set T_munu to zero
          GROUP TmunuBaseX_AddToTmunu: Add to T_munu here
    Rotate timelevels
    iteration = iteration+1
    t = t+dt
    [CCTK_PRESTEP]
    [CCTK_EVOL]
      ODESolvers::ODESolvers_Solve: [level] Solve ODEs
      while (ODESolvers::do_substeps)
        GROUP ODESolvers_CalledBySolve: Groups internally scheduled by ODESolvers_Solve
          GROUP ODESolvers_RHS: Evaluate the RHS for of state vector everywhere on the grid
            GROUP CanudaX_BSSNMoL_RHSGroup: CanudaX_BSSNMoL: calculate BSSN RHS
              CanudaX_BSSNMoL::CanudaX_BSSNMoL_calc_bssn_rhs: MoL RHS calculation
              CanudaX_BSSNMoL::CanudaX_BSSNMoL_apply_boundary_conditions: Apply radiative boundary conditions 
          GROUP ODESolvers_PostStep: Apply boundary conditions to state vector, and project if necessary
            GROUP CanudaX_BSSNMoL_PostStepGroup: CanudaX_BSSNMoL: post-step operations
              CanudaX_BSSNMoL::CanudaX_BSSNMoL_impose_conf_fac_floor: Make sure conformal factor does not drop below specified value
              CanudaX_BSSNMoL::CanudaX_BSSNMoL_reset_detmetric: reset dethh = 1
              CanudaX_BSSNMoL::CanudaX_BSSNMoL_remove_trA: Remove trace of A
              CanudaX_BSSNMoL::CanudaX_BSSNMoL_sync: [global] Sync state vector
              CanudaX_BSSNMoL::CanudaX_BSSNMoL_bssn2adm: [local] Convert variables back to the ADM ones
            GROUP ADMBaseX_SetADMRHS: Set ADM RHS variables in this group
            GROUP ADMBaseX_SetADMVars: Set ADM variables in this group
            GROUP TmunuBaseX_SetTmunuVars: Schedule group for setting T_munu
              TmunuBaseX::TmunuBaseX_ZeroTmunu: Set T_munu to zero
              GROUP TmunuBaseX_AddToTmunu: Add to T_munu here
      end while
    Evolve finer grids recursively
    Restrict from finer grids
    [CCTK_POSTRESTRICT]
      GROUP ODESolvers_PostStep: Apply boundary conditions to state vector, and project if necessary
        GROUP CanudaX_BSSNMoL_PostStepGroup: CanudaX_BSSNMoL: post-step operations
          CanudaX_BSSNMoL::CanudaX_BSSNMoL_impose_conf_fac_floor: Make sure conformal factor does not drop below specified value
          CanudaX_BSSNMoL::CanudaX_BSSNMoL_reset_detmetric: reset dethh = 1
          CanudaX_BSSNMoL::CanudaX_BSSNMoL_remove_trA: Remove trace of A
          CanudaX_BSSNMoL::CanudaX_BSSNMoL_sync: [global] Sync state vector
          CanudaX_BSSNMoL::CanudaX_BSSNMoL_bssn2adm: [local] Convert variables back to the ADM ones
        GROUP ADMBaseX_SetADMRHS: Set ADM RHS variables in this group
        GROUP ADMBaseX_SetADMVars: Set ADM variables in this group
        GROUP TmunuBaseX_SetTmunuVars: Schedule group for setting T_munu
          TmunuBaseX::TmunuBaseX_ZeroTmunu: Set T_munu to zero
          GROUP TmunuBaseX_AddToTmunu: Add to T_munu here
    [CCTK_POSTSTEP]
      GROUP ODESolvers_EstimateError: Estimate discretization error (for regridding)
    if (checkpoint)
      [CCTK_CHECKPOINT]
      CarpetX::CarpetX_Checkpoint: [meta] Checkpoint
    endif
    if (analysis)
      [CCTK_ANALYSIS]
      CanudaX_BSSNMoL::CanudaX_BSSNMoL_bssn_constraints: Compute constraints
      GROUP ODESolvers_Analysis: Calculate analysis quantities everywhere
    endif
    Output grid variables
    enddo

  Termination routines
    [CCTK_TERMINATE]
      CarpetX::CarpetX_CheckpointTerminate: [meta] Checkpoint before terminating

  Shutdown routines
    [CCTK_SHUTDOWN]
      CarpetX::Driver_Shutdown: [meta] Shut down the driver

  Routines run after changing the grid hierarchy:
    [CCTK_POSTREGRID]
      GROUP ODESolvers_PostStep: Apply boundary conditions to state vector, and project if necessary
        GROUP CanudaX_BSSNMoL_PostStepGroup: CanudaX_BSSNMoL: post-step operations
          CanudaX_BSSNMoL::CanudaX_BSSNMoL_impose_conf_fac_floor: Make sure conformal factor does not drop below specified value
          CanudaX_BSSNMoL::CanudaX_BSSNMoL_reset_detmetric: reset dethh = 1
          CanudaX_BSSNMoL::CanudaX_BSSNMoL_remove_trA: Remove trace of A
          CanudaX_BSSNMoL::CanudaX_BSSNMoL_sync: [global] Sync state vector
          CanudaX_BSSNMoL::CanudaX_BSSNMoL_bssn2adm: [local] Convert variables back to the ADM ones
        GROUP ADMBaseX_SetADMRHS: Set ADM RHS variables in this group
        GROUP ADMBaseX_SetADMVars: Set ADM variables in this group
        GROUP TmunuBaseX_SetTmunuVars: Schedule group for setting T_munu
          TmunuBaseX::TmunuBaseX_ZeroTmunu: Set T_munu to zero
          GROUP TmunuBaseX_AddToTmunu: Add to T_munu here
--------------------------------------------------------------------------------
INFO (hwloc): library version 2.10.0, API version 0x20800
--------------------------------------------------------------------------------

  [34m  ▕▏  [34m  ▕▏  [34m  ▕▏  [34m  ▕▏  [34m  ▕▏  [34m  ▕▏  [34m  ▕▏  [34m  ▕▏  [34m  ▕▏  [39m  
  [34m──██──[34m──██──[34m──██──[34m──██──[34m──██──[34m──██──[34m──██──[34m──██──[34m──██──[39m  
  [34m  ▕▏  [34m  ▕▏  [34m  ▕▏  [34m  ▕▏  [34m  ▕▏  [34m  ▕▏  [34m  ▕▏  [34m  ▕▏  [34m  ▕▏  [39m  
  [34m  ▕▏  [32m██████[34m  ▕▏  [34m  ▕▏  [32m██████[34m  ▕▏  [34m  ▕▏  [32m██████[34m  ▕▏  [39m  
  [34m──██──[32m██████[34m──██──[34m──██──[32m██████[34m──██──[34m──██──[32m██████[34m──██──[39m  
  [34m  ▕▏  [32m██████[34m  ▕▏  [34m  ▕▏  [32m██████[34m  ▕▏  [34m  ▕▏  [32m██████[34m  ▕▏  [39m  
  [34m  ▕▏  [34m  ▕▏  [34m  ▕▏  [34m  ▕▏  [34m  ▕▏  [34m  ▕▏  [34m  ▕▏  [34m  ▕▏  [34m  ▕▏  [39m  
  [34m──██──[34m──██──[34m──██──[34m──██──[34m──██──[34m──██──[34m──██──[34m──██──[34m──██──[39m  
  [34m  ▕▏  [34m  ▕▏  [34m  ▕▏  [34m  ▕▏  [34m  ▕▏  [34m  ▕▏  [34m  ▕▏  [34m  ▕▏  [34m  ▕▏  [39m  
  [34m  ▕▏  [34m  ▕▏  [34m  ▕▏  [31m██████[31m██████[31m██████[34m  ▕▏  [34m  ▕▏  [34m  ▕▏  [39m  
  [34m──██──[34m──██──[34m──██──[31m██████[31m██████[31m██████[34m──██──[34m──██──[34m──██──[39m  
  [34m  ▕▏  [34m  ▕▏  [34m  ▕▏  [31m██████[31m██████[31m██████[34m  ▕▏  [34m  ▕▏  [34m  ▕▏  [39m  
  [34m  ▕▏  [32m██████[34m  ▕▏  [31m██████[31m██████[31m██████[34m  ▕▏  [32m██████[34m  ▕▏  [39m  
  [34m──██──[32m██████[34m──██──[31m██████[31m██████[31m██████[34m──██──[32m██████[34m──██──[39m  
  [34m  ▕▏  [32m██████[34m  ▕▏  [31m██████[31m██████[31m██████[34m  ▕▏  [32m██████[34m  ▕▏  [39m  
  [34m  ▕▏  [34m  ▕▏  [34m  ▕▏  [31m██████[31m██████[31m██████[34m  ▕▏  [34m  ▕▏  [34m  ▕▏  [39m  
  [34m──██──[34m──██──[34m──██──[31m██████[31m██████[31m██████[34m──██──[34m──██──[34m──██──[39m  
  [34m  ▕▏  [34m  ▕▏  [34m  ▕▏  [31m██████[31m██████[31m██████[34m  ▕▏  [34m  ▕▏  [34m  ▕▏  [39m  
  [34m  ▕▏  [34m  ▕▏  [34m  ▕▏  [34m  ▕▏  [34m  ▕▏  [34m  ▕▏  [34m  ▕▏  [34m  ▕▏  [34m  ▕▏  [39m  
  [34m──██──[34m──██──[34m──██──[34m──██──[34m──██──[34m──██──[34m──██──[34m──██──[34m──██──[39m  
  [34m  ▕▏  [34m  ▕▏  [34m  ▕▏  [34m  ▕▏  [34m  ▕▏  [34m  ▕▏  [34m  ▕▏  [34m  ▕▏  [34m  ▕▏  [39m  
  [34m  ▕▏  [32m██████[34m  ▕▏  [34m  ▕▏  [32m██████[34m  ▕▏  [34m  ▕▏  [32m██████[34m  ▕▏  [39m  
  [34m──██──[32m██████[34m──██──[34m──██──[32m██████[34m──██──[34m──██──[32m██████[34m──██──[39m  
  [34m  ▕▏  [32m██████[34m  ▕▏  [34m  ▕▏  [32m██████[34m  ▕▏  [34m  ▕▏  [32m██████[34m  ▕▏  [39m  
  [34m  ▕▏  [34m  ▕▏  [34m  ▕▏  [34m  ▕▏  [34m  ▕▏  [34m  ▕▏  [34m  ▕▏  [34m  ▕▏  [34m  ▕▏  [39m  
  [34m──██──[34m──██──[34m──██──[34m──██──[34m──██──[34m──██──[34m──██──[34m──██──[34m──██──[39m  
  [34m  ▕▏  [34m  ▕▏  [34m  ▕▏  [34m  ▕▏  [34m  ▕▏  [34m  ▕▏  [34m  ▕▏  [34m  ▕▏  [34m  ▕▏  [39m  

AMR driver provided by CarpetX,
using AMReX 25.11 (MPI, OpenMP, no accelerators, debug)
--------------------------------------------------------------------------------

Initializing AMReX (25.11)...
MPI initialized with 2 MPI processes
MPI initialized with thread support level 2
OMP initialized with 1 OMP threads
AMReX (25.11) initialized
INFO (CarpetX): 
Symmetries:
  lower x: periodic
  lower y: periodic
  lower z: periodic
  upper x: periodic
  upper y: periodic
  upper z: periodic
Default boundaries:
  lower x: symmetry_boundary
  lower y: symmetry_boundary
  lower z: symmetry_boundary
  upper x: symmetry_boundary
  upper y: symmetry_boundary
  upper z: symmetry_boundary
INFO (Arith): Test_cplx
INFO (Arith): Test_smallvector
INFO (Arith): Test_spvect
INFO (CarpetX): Setting initial values for max_grid_size values for all levels
INFO (CarpetX): Setting up initial conditions...
INFO (CarpetX): Iteration: 0   time: 0   delta_time: 0.00390625
INFO (CarpetX): Patch 0:
INFO (CarpetX):   Grid extent:
INFO (CarpetX):     gsh=[71,15,15]
INFO (CarpetX):     blocking_factor=[8,8,8]
INFO (CarpetX):     max_grid_size=[10000000,10000000,10000000]
INFO (CarpetX):     max_tile_size=[1024000,16,32]
INFO (CarpetX):   Domain extent:
INFO (CarpetX):     xmin=[-0.5,-0.0625,-0.0625]
INFO (CarpetX):     xmax=[0.5,0.0625,0.0625]
INFO (CarpetX):     base dx=[0.015625,0.015625,0.015625]
INFO (CarpetX): Initializing level 0...
INFO (CanudaX_ExactID): Begin Gauge Wave initial data
INFO (CanudaX_ExactID): === End gauge wave initial data ===
INFO (CarpetX): Regridding...
INFO (CarpetX):   level 0: 2 boxes, 4096 cells (100%)
INFO (CarpetX): Initialized 1 levels
INFO (CarpetX): OutputGH: iteration 0, time 0.000000, run time 1 s
INFO (CarpetX): OutputGH done.
INFO (CarpetX): Starting evolution...
INFO (ODESolvers): ODE integrator is RK4
INFO (CarpetX): OutputGH: iteration 1, time 0.003906, run time 1 s
INFO (CarpetX): OutputGH done.
INFO (CarpetX): Simulation time: 0.00390625   Iterations per second: 36.9454   Simulation time per second: 0.144318
INFO (CarpetX): Grid cells: 4096   Grid cell updates per second: 151328
INFO (CarpetX): Performance:
INFO (CarpetX):   total evolution time:            0.0270669 sec
INFO (CarpetX):   total evolution compute time:    0.027046 sec
INFO (CarpetX):   total evolution output time:     2.09808e-05 sec
INFO (CarpetX):   total iterations:                1
INFO (CarpetX):   total cells updated:             4096
INFO (CarpetX):   average iterations per second: 36.9454
INFO (CarpetX):   average cell updates per second: 151328
INFO (CarpetX): OutputGH: iteration 2, time 0.007812, run time 1 s
INFO (CarpetX): OutputGH done.
INFO (CarpetX): Simulation time: 0.0078125   Iterations per second: 38.8743   Simulation time per second: 0.151853
INFO (CarpetX): Grid cells: 4096   Grid cell updates per second: 159229
INFO (CarpetX): Performance:
INFO (CarpetX):   total evolution time:            0.0514479 sec
INFO (CarpetX):   total evolution compute time:    0.0514069 sec
INFO (CarpetX):   total evolution output time:     4.1008e-05 sec
INFO (CarpetX):   total iterations:                2
INFO (CarpetX):   total cells updated:             8192
INFO (CarpetX):   average iterations per second: 38.8743
INFO (CarpetX):   average cell updates per second: 159229
INFO (CarpetX): OutputGH: iteration 3, time 0.011719, run time 1 s
INFO (CarpetX): OutputGH done.
INFO (CarpetX): Simulation time: 0.0117188   Iterations per second: 39.6119   Simulation time per second: 0.154734
INFO (CarpetX): Grid cells: 4096   Grid cell updates per second: 162250
INFO (CarpetX): Performance:
INFO (CarpetX):   total evolution time:            0.0757349 sec
INFO (CarpetX):   total evolution compute time:    0.075676 sec
INFO (CarpetX):   total evolution output time:     5.88894e-05 sec
INFO (CarpetX):   total iterations:                3
INFO (CarpetX):   total cells updated:             12288
INFO (CarpetX):   average iterations per second: 39.6119
INFO (CarpetX):   average cell updates per second: 162250
INFO (CarpetX): OutputGH: iteration 4, time 0.015625, run time 1 s
INFO (CarpetX): OutputGH done.
INFO (CarpetX): Simulation time: 0.015625   Iterations per second: 39.9374   Simulation time per second: 0.156005
INFO (CarpetX): Grid cells: 4096   Grid cell updates per second: 163584
INFO (CarpetX): Performance:
INFO (CarpetX):   total evolution time:            0.100157 sec
INFO (CarpetX):   total evolution compute time:    0.100078 sec
INFO (CarpetX):   total evolution output time:     7.86781e-05 sec
INFO (CarpetX):   total iterations:                4
INFO (CarpetX):   total cells updated:             16384
INFO (CarpetX):   average iterations per second: 39.9374
INFO (CarpetX):   average cell updates per second: 163584
INFO (CarpetX): OutputGH: iteration 5, time 0.019531, run time 1 s
INFO (CarpetX): OutputGH done.
INFO (CarpetX): Simulation time: 0.0195312   Iterations per second: 40.1581   Simulation time per second: 0.156868
INFO (CarpetX): Grid cells: 4096   Grid cell updates per second: 164488
INFO (CarpetX): Performance:
INFO (CarpetX):   total evolution time:            0.124508 sec
INFO (CarpetX):   total evolution compute time:    0.124412 sec
INFO (CarpetX):   total evolution output time:     9.56059e-05 sec
INFO (CarpetX):   total iterations:                5
INFO (CarpetX):   total cells updated:             20480
INFO (CarpetX):   average iterations per second: 40.1581
INFO (CarpetX):   average cell updates per second: 164488
INFO (CarpetX): OutputGH: iteration 6, time 0.023438, run time 1 s
INFO (CarpetX): OutputGH done.
INFO (CarpetX): Simulation time: 0.0234375   Iterations per second: 40.293   Simulation time per second: 0.157395
INFO (CarpetX): Grid cells: 4096   Grid cell updates per second: 165040
INFO (CarpetX): Performance:
INFO (CarpetX):   total evolution time:            0.148909 sec
INFO (CarpetX):   total evolution compute time:    0.148794 sec
INFO (CarpetX):   total evolution output time:     0.000114679 sec
INFO (CarpetX):   total iterations:                6
INFO (CarpetX):   total cells updated:             24576
INFO (CarpetX):   average iterations per second: 40.293
INFO (CarpetX):   average cell updates per second: 165040
INFO (CarpetX): OutputGH: iteration 7, time 0.027344, run time 1 s
INFO (CarpetX): OutputGH done.
INFO (CarpetX): Simulation time: 0.0273438   Iterations per second: 40.4147   Simulation time per second: 0.15787
INFO (CarpetX): Grid cells: 4096   Grid cell updates per second: 165539
INFO (CarpetX): Performance:
INFO (CarpetX):   total evolution time:            0.173204 sec
INFO (CarpetX):   total evolution compute time:    0.173071 sec
INFO (CarpetX):   total evolution output time:     0.000132799 sec
INFO (CarpetX):   total iterations:                7
INFO (CarpetX):   total cells updated:             28672
INFO (CarpetX):   average iterations per second: 40.4147
INFO (CarpetX):   average cell updates per second: 165539
INFO (CarpetX): OutputGH: iteration 8, time 0.031250, run time 1 s
INFO (CarpetX): OutputGH done.
INFO (CarpetX): Simulation time: 0.03125   Iterations per second: 40.5387   Simulation time per second: 0.158354
INFO (CarpetX): Grid cells: 4096   Grid cell updates per second: 166047
INFO (CarpetX): Performance:
INFO (CarpetX):   total evolution time:            0.197342 sec
INFO (CarpetX):   total evolution compute time:    0.197192 sec
INFO (CarpetX):   total evolution output time:     0.000149727 sec
INFO (CarpetX):   total iterations:                8
INFO (CarpetX):   total cells updated:             32768
INFO (CarpetX):   average iterations per second: 40.5387
INFO (CarpetX):   average cell updates per second: 166047
INFO (CarpetX): OutputGH: iteration 9, time 0.035156, run time 1 s
INFO (CarpetX): OutputGH done.
INFO (CarpetX): Simulation time: 0.0351562   Iterations per second: 40.6014   Simulation time per second: 0.158599
INFO (CarpetX): Grid cells: 4096   Grid cell updates per second: 166303
INFO (CarpetX): Performance:
INFO (CarpetX):   total evolution time:            0.221667 sec
INFO (CarpetX):   total evolution compute time:    0.221498 sec
INFO (CarpetX):   total evolution output time:     0.0001688 sec
INFO (CarpetX):   total iterations:                9
INFO (CarpetX):   total cells updated:             36864
INFO (CarpetX):   average iterations per second: 40.6014
INFO (CarpetX):   average cell updates per second: 166303
INFO (CarpetX): OutputGH: iteration 10, time 0.039062, run time 1 s
INFO (CarpetX): OutputGH done.
INFO (CarpetX): Simulation time: 0.0390625   Iterations per second: 40.664   Simulation time per second: 0.158844
INFO (CarpetX): Grid cells: 4096   Grid cell updates per second: 166560
INFO (CarpetX): Performance:
INFO (CarpetX):   total evolution time:            0.245918 sec
INFO (CarpetX):   total evolution compute time:    0.245732 sec
INFO (CarpetX):   total evolution output time:     0.000185728 sec
INFO (CarpetX):   total iterations:                10
INFO (CarpetX):   total cells updated:             40960
INFO (CarpetX):   average iterations per second: 40.664
INFO (CarpetX):   average cell updates per second: 166560
INFO (CarpetX): OutputGH: iteration 11, time 0.042969, run time 1 s
INFO (CarpetX): OutputGH done.
INFO (CarpetX): Simulation time: 0.0429688   Iterations per second: 40.6212   Simulation time per second: 0.158676
INFO (CarpetX): Grid cells: 4096   Grid cell updates per second: 166384
INFO (CarpetX): Performance:
INFO (CarpetX):   total evolution time:            0.270769 sec
INFO (CarpetX):   total evolution compute time:    0.270564 sec
INFO (CarpetX):   total evolution output time:     0.000204802 sec
INFO (CarpetX):   total iterations:                11
INFO (CarpetX):   total cells updated:             45056
INFO (CarpetX):   average iterations per second: 40.6251
INFO (CarpetX):   average cell updates per second: 166400
INFO (CarpetX): OutputGH: iteration 12, time 0.046875, run time 1 s
INFO (CarpetX): OutputGH done.
INFO (CarpetX): Simulation time: 0.046875   Iterations per second: 40.6745   Simulation time per second: 0.158885
INFO (CarpetX): Grid cells: 4096   Grid cell updates per second: 166603
INFO (CarpetX): Performance:
INFO (CarpetX):   total evolution time:            0.295064 sec
INFO (CarpetX):   total evolution compute time:    0.294844 sec
INFO (CarpetX):   total evolution output time:     0.000219822 sec
INFO (CarpetX):   total iterations:                12
INFO (CarpetX):   total cells updated:             49152
INFO (CarpetX):   average iterations per second: 40.6691
INFO (CarpetX):   average cell updates per second: 166581
INFO (CarpetX): OutputGH: iteration 13, time 0.050781, run time 1 s
INFO (CarpetX): OutputGH done.
INFO (CarpetX): Simulation time: 0.0507812   Iterations per second: 40.7171   Simulation time per second: 0.159051
INFO (CarpetX): Grid cells: 4096   Grid cell updates per second: 166777
INFO (CarpetX): Performance:
INFO (CarpetX):   total evolution time:            0.319392 sec
INFO (CarpetX):   total evolution compute time:    0.319139 sec
INFO (CarpetX):   total evolution output time:     0.000252962 sec
INFO (CarpetX):   total iterations:                13
INFO (CarpetX):   total cells updated:             53248
INFO (CarpetX):   average iterations per second: 40.7023
INFO (CarpetX):   average cell updates per second: 166717
INFO (CarpetX): OutputGH: iteration 14, time 0.054688, run time 1 s
INFO (CarpetX): OutputGH done.
INFO (CarpetX): Simulation time: 0.0546875   Iterations per second: 40.7227   Simulation time per second: 0.159073
INFO (CarpetX): Grid cells: 4096   Grid cell updates per second: 166800
INFO (CarpetX): Performance:
INFO (CarpetX):   total evolution time:            0.343918 sec
INFO (CarpetX):   total evolution compute time:    0.343643 sec
INFO (CarpetX):   total evolution output time:     0.000274897 sec
INFO (CarpetX):   total iterations:                14
INFO (CarpetX):   total cells updated:             57344
INFO (CarpetX):   average iterations per second: 40.7074
INFO (CarpetX):   average cell updates per second: 166737
INFO (CarpetX): OutputGH: iteration 15, time 0.058594, run time 1 s
INFO (CarpetX): OutputGH done.
INFO (CarpetX): Simulation time: 0.0585938   Iterations per second: 40.767   Simulation time per second: 0.159246
INFO (CarpetX): Grid cells: 4096   Grid cell updates per second: 166982
INFO (CarpetX): Performance:
INFO (CarpetX):   total evolution time:            0.368207 sec
INFO (CarpetX):   total evolution compute time:    0.367909 sec
INFO (CarpetX):   total evolution output time:     0.000298023 sec
INFO (CarpetX):   total iterations:                15
INFO (CarpetX):   total cells updated:             61440
INFO (CarpetX):   average iterations per second: 40.7379
INFO (CarpetX):   average cell updates per second: 166863
INFO (CarpetX): OutputGH: iteration 16, time 0.062500, run time 2 s
INFO (CarpetX): OutputGH done.
INFO (CarpetX): Simulation time: 0.0625   Iterations per second: 40.8034   Simulation time per second: 0.159388
INFO (CarpetX): Grid cells: 4096   Grid cell updates per second: 167131
INFO (CarpetX): Performance:
INFO (CarpetX):   total evolution time:            0.392518 sec
INFO (CarpetX):   total evolution compute time:    0.392204 sec
INFO (CarpetX):   total evolution output time:     0.000313997 sec
INFO (CarpetX):   total iterations:                16
INFO (CarpetX):   total cells updated:             65536
INFO (CarpetX):   average iterations per second: 40.7625
INFO (CarpetX):   average cell updates per second: 166963
INFO (CarpetX): OutputGH: iteration 17, time 0.066406, run time 2 s
INFO (CarpetX): OutputGH done.
INFO (CarpetX): Simulation time: 0.0664062   Iterations per second: 40.8397   Simulation time per second: 0.15953
INFO (CarpetX): Grid cells: 4096   Grid cell updates per second: 167279
INFO (CarpetX): Performance:
INFO (CarpetX):   total evolution time:            0.416808 sec
INFO (CarpetX):   total evolution compute time:    0.416475 sec
INFO (CarpetX):   total evolution output time:     0.000333071 sec
INFO (CarpetX):   total iterations:                17
INFO (CarpetX):   total cells updated:             69632
INFO (CarpetX):   average iterations per second: 40.7862
INFO (CarpetX):   average cell updates per second: 167060
INFO (CarpetX): OutputGH: iteration 18, time 0.070312, run time 2 s
INFO (CarpetX): OutputGH done.
INFO (CarpetX): Simulation time: 0.0703125   Iterations per second: 40.8791   Simulation time per second: 0.159684
INFO (CarpetX): Grid cells: 4096   Grid cell updates per second: 167441
INFO (CarpetX): Performance:
INFO (CarpetX):   total evolution time:            0.441058 sec
INFO (CarpetX):   total evolution compute time:    0.440711 sec
INFO (CarpetX):   total evolution output time:     0.000347137 sec
INFO (CarpetX):   total iterations:                18
INFO (CarpetX):   total cells updated:             73728
INFO (CarpetX):   average iterations per second: 40.8109
INFO (CarpetX):   average cell updates per second: 167162
INFO (CarpetX): OutputGH: iteration 19, time 0.074219, run time 2 s
INFO (CarpetX): OutputGH done.
INFO (CarpetX): Simulation time: 0.0742188   Iterations per second: 40.9101   Simulation time per second: 0.159805
INFO (CarpetX): Grid cells: 4096   Grid cell updates per second: 167568
INFO (CarpetX): Performance:
INFO (CarpetX):   total evolution time:            0.465335 sec
INFO (CarpetX):   total evolution compute time:    0.46497 sec
INFO (CarpetX):   total evolution output time:     0.000365019 sec
INFO (CarpetX):   total iterations:                19
INFO (CarpetX):   total cells updated:             77824
INFO (CarpetX):   average iterations per second: 40.8308
INFO (CarpetX):   average cell updates per second: 167243
INFO (CarpetX): OutputGH: iteration 20, time 0.078125, run time 2 s
INFO (CarpetX): OutputGH done.
INFO (CarpetX): Simulation time: 0.078125   Iterations per second: 40.5193   Simulation time per second: 0.158279
INFO (CarpetX): Grid cells: 4096   Grid cell updates per second: 165967
INFO (CarpetX): Performance:
INFO (CarpetX):   total evolution time:            0.492136 sec
INFO (CarpetX):   total evolution compute time:    0.491733 sec
INFO (CarpetX):   total evolution output time:     0.000402927 sec
INFO (CarpetX):   total iterations:                20
INFO (CarpetX):   total cells updated:             81920
INFO (CarpetX):   average iterations per second: 40.6392
INFO (CarpetX):   average cell updates per second: 166458
INFO (CarpetX): OutputGH: iteration 21, time 0.082031, run time 2 s
INFO (CarpetX): OutputGH done.
INFO (CarpetX): Simulation time: 0.0820312   Iterations per second: 40.5874   Simulation time per second: 0.158544
INFO (CarpetX): Grid cells: 4096   Grid cell updates per second: 166246
INFO (CarpetX): Performance:
INFO (CarpetX):   total evolution time:            0.516402 sec
INFO (CarpetX):   total evolution compute time:    0.515979 sec
INFO (CarpetX):   total evolution output time:     0.000422955 sec
INFO (CarpetX):   total iterations:                21
INFO (CarpetX):   total cells updated:             86016
INFO (CarpetX):   average iterations per second: 40.666
INFO (CarpetX):   average cell updates per second: 166568
INFO (CarpetX): OutputGH: iteration 22, time 0.085938, run time 2 s
INFO (CarpetX): OutputGH done.
INFO (CarpetX): Simulation time: 0.0859375   Iterations per second: 40.6451   Simulation time per second: 0.15877
INFO (CarpetX): Grid cells: 4096   Grid cell updates per second: 166483
INFO (CarpetX): Performance:
INFO (CarpetX):   total evolution time:            0.54069 sec
INFO (CarpetX):   total evolution compute time:    0.540248 sec
INFO (CarpetX):   total evolution output time:     0.000442028 sec
INFO (CarpetX):   total iterations:                22
INFO (CarpetX):   total cells updated:             90112
INFO (CarpetX):   average iterations per second: 40.6887
INFO (CarpetX):   average cell updates per second: 166661
INFO (CarpetX): OutputGH: iteration 23, time 0.089844, run time 2 s
INFO (CarpetX): OutputGH done.
INFO (CarpetX): Simulation time: 0.0898438   Iterations per second: 40.6653   Simulation time per second: 0.158849
INFO (CarpetX): Grid cells: 4096   Grid cell updates per second: 166565
INFO (CarpetX): Performance:
INFO (CarpetX):   total evolution time:            0.565171 sec
INFO (CarpetX):   total evolution compute time:    0.564709 sec
INFO (CarpetX):   total evolution output time:     0.000462055 sec
INFO (CarpetX):   total iterations:                23
INFO (CarpetX):   total cells updated:             94208
INFO (CarpetX):   average iterations per second: 40.6956
INFO (CarpetX):   average cell updates per second: 166689
INFO (CarpetX): OutputGH: iteration 24, time 0.093750, run time 2 s
INFO (CarpetX): OutputGH done.
INFO (CarpetX): Simulation time: 0.09375   Iterations per second: 40.721   Simulation time per second: 0.159066
INFO (CarpetX): Grid cells: 4096   Grid cell updates per second: 166793
INFO (CarpetX): Performance:
INFO (CarpetX):   total evolution time:            0.589426 sec
INFO (CarpetX):   total evolution compute time:    0.588945 sec
INFO (CarpetX):   total evolution output time:     0.000481129 sec
INFO (CarpetX):   total iterations:                24
INFO (CarpetX):   total cells updated:             98304
INFO (CarpetX):   average iterations per second: 40.7176
INFO (CarpetX):   average cell updates per second: 166779
INFO (CarpetX): OutputGH: iteration 25, time 0.097656, run time 2 s
INFO (CarpetX): OutputGH done.
INFO (CarpetX): Simulation time: 0.0976562   Iterations per second: 40.7895   Simulation time per second: 0.159334
INFO (CarpetX): Grid cells: 4096   Grid cell updates per second: 167074
INFO (CarpetX): Performance:
INFO (CarpetX):   total evolution time:            0.613571 sec
INFO (CarpetX):   total evolution compute time:    0.613072 sec
INFO (CarpetX):   total evolution output time:     0.000499249 sec
INFO (CarpetX):   total iterations:                25
INFO (CarpetX):   total cells updated:             102400
INFO (CarpetX):   average iterations per second: 40.7451
INFO (CarpetX):   average cell updates per second: 166892
INFO (CarpetX): OutputGH: iteration 26, time 0.101562, run time 2 s
INFO (CarpetX): OutputGH done.
INFO (CarpetX): Simulation time: 0.101562   Iterations per second: 40.8454   Simulation time per second: 0.159553
INFO (CarpetX): Grid cells: 4096   Grid cell updates per second: 167303
INFO (CarpetX): Performance:
INFO (CarpetX):   total evolution time:            0.637751 sec
INFO (CarpetX):   total evolution compute time:    0.637233 sec
INFO (CarpetX):   total evolution output time:     0.000518322 sec
INFO (CarpetX):   total iterations:                26
INFO (CarpetX):   total cells updated:             106496
INFO (CarpetX):   average iterations per second: 40.7682
INFO (CarpetX):   average cell updates per second: 166987
INFO (CarpetX): OutputGH: iteration 27, time 0.105469, run time 2 s
INFO (CarpetX): OutputGH done.
INFO (CarpetX): Simulation time: 0.105469   Iterations per second: 40.8798   Simulation time per second: 0.159687
INFO (CarpetX): Grid cells: 4096   Grid cell updates per second: 167444
INFO (CarpetX): Performance:
INFO (CarpetX):   total evolution time:            0.662028 sec
INFO (CarpetX):   total evolution compute time:    0.661493 sec
INFO (CarpetX):   total evolution output time:     0.00053525 sec
INFO (CarpetX):   total iterations:                27
INFO (CarpetX):   total cells updated:             110592
INFO (CarpetX):   average iterations per second: 40.7838
INFO (CarpetX):   average cell updates per second: 167050
INFO (CarpetX): OutputGH: iteration 28, time 0.109375, run time 2 s
INFO (CarpetX): OutputGH done.
INFO (CarpetX): Simulation time: 0.109375   Iterations per second: 40.9271   Simulation time per second: 0.159872
INFO (CarpetX): Grid cells: 4096   Grid cell updates per second: 167637
INFO (CarpetX): Performance:
INFO (CarpetX):   total evolution time:            0.686207 sec
INFO (CarpetX):   total evolution compute time:    0.685656 sec
INFO (CarpetX):   total evolution output time:     0.000551224 sec
INFO (CarpetX):   total iterations:                28
INFO (CarpetX):   total cells updated:             114688
INFO (CarpetX):   average iterations per second: 40.804
INFO (CarpetX):   average cell updates per second: 167133
INFO (CarpetX): OutputGH: iteration 29, time 0.113281, run time 2 s
INFO (CarpetX): OutputGH done.
INFO (CarpetX): Simulation time: 0.113281   Iterations per second: 40.9509   Simulation time per second: 0.159964
INFO (CarpetX): Grid cells: 4096   Grid cell updates per second: 167735
INFO (CarpetX): Performance:
INFO (CarpetX):   total evolution time:            0.710499 sec
INFO (CarpetX):   total evolution compute time:    0.709932 sec
INFO (CarpetX):   total evolution output time:     0.000567198 sec
INFO (CarpetX):   total iterations:                29
INFO (CarpetX):   total cells updated:             118784
INFO (CarpetX):   average iterations per second: 40.8164
INFO (CarpetX):   average cell updates per second: 167184
INFO (CarpetX): OutputGH: iteration 30, time 0.117188, run time 2 s
INFO (CarpetX): OutputGH done.
INFO (CarpetX): Simulation time: 0.117188   Iterations per second: 40.9971   Simulation time per second: 0.160145
INFO (CarpetX): Grid cells: 4096   Grid cell updates per second: 167924
INFO (CarpetX): Performance:
INFO (CarpetX):   total evolution time:            0.734643 sec
INFO (CarpetX):   total evolution compute time:    0.73406 sec
INFO (CarpetX):   total evolution output time:     0.00058341 sec
INFO (CarpetX):   total iterations:                30
INFO (CarpetX):   total cells updated:             122880
INFO (CarpetX):   average iterations per second: 40.8361
INFO (CarpetX):   average cell updates per second: 167265
INFO (CarpetX): OutputGH: iteration 31, time 0.121094, run time 2 s
INFO (CarpetX): OutputGH done.
INFO (CarpetX): Simulation time: 0.121094   Iterations per second: 41.0262   Simulation time per second: 0.160259
INFO (CarpetX): Grid cells: 4096   Grid cell updates per second: 168043
INFO (CarpetX): Performance:
INFO (CarpetX):   total evolution time:            0.758862 sec
INFO (CarpetX):   total evolution compute time:    0.758261 sec
INFO (CarpetX):   total evolution output time:     0.00060153 sec
INFO (CarpetX):   total iterations:                31
INFO (CarpetX):   total cells updated:             126976
INFO (CarpetX):   average iterations per second: 40.8506
INFO (CarpetX):   average cell updates per second: 167324
INFO (CarpetX): OutputGH: iteration 32, time 0.125000, run time 2 s
INFO (CarpetX): OutputGH done.
INFO (CarpetX): Simulation time: 0.125   Iterations per second: 41.0156   Simulation time per second: 0.160217
INFO (CarpetX): Grid cells: 4096   Grid cell updates per second: 168000
INFO (CarpetX): Performance:
INFO (CarpetX):   total evolution time:            0.7833 sec
INFO (CarpetX):   total evolution compute time:    0.782681 sec
INFO (CarpetX):   total evolution output time:     0.00061965 sec
INFO (CarpetX):   total iterations:                32
INFO (CarpetX):   total cells updated:             131072
INFO (CarpetX):   average iterations per second: 40.8528
INFO (CarpetX):   average cell updates per second: 167333
INFO (CarpetX): OutputGH: iteration 33, time 0.128906, run time 2 s
INFO (CarpetX): OutputGH done.
INFO (CarpetX): Simulation time: 0.128906   Iterations per second: 41.0518   Simulation time per second: 0.160358
INFO (CarpetX): Grid cells: 4096   Grid cell updates per second: 168148
INFO (CarpetX): Performance:
INFO (CarpetX):   total evolution time:            0.807466 sec
INFO (CarpetX):   total evolution compute time:    0.806829 sec
INFO (CarpetX):   total evolution output time:     0.000637531 sec
INFO (CarpetX):   total iterations:                33
INFO (CarpetX):   total cells updated:             135168
INFO (CarpetX):   average iterations per second: 40.8686
INFO (CarpetX):   average cell updates per second: 167398
INFO (CarpetX): OutputGH: iteration 34, time 0.132812, run time 2 s
INFO (CarpetX): OutputGH done.
INFO (CarpetX): Simulation time: 0.132812   Iterations per second: 41.0652   Simulation time per second: 0.160411
INFO (CarpetX): Grid cells: 4096   Grid cell updates per second: 168203
INFO (CarpetX): Performance:
INFO (CarpetX):   total evolution time:            0.831746 sec
INFO (CarpetX):   total evolution compute time:    0.831089 sec
INFO (CarpetX):   total evolution output time:     0.000656605 sec
INFO (CarpetX):   total iterations:                34
INFO (CarpetX):   total cells updated:             139264
INFO (CarpetX):   average iterations per second: 40.8779
INFO (CarpetX):   average cell updates per second: 167436
INFO (CarpetX): OutputGH: iteration 35, time 0.136719, run time 2 s
INFO (CarpetX): OutputGH done.
INFO (CarpetX): Simulation time: 0.136719   Iterations per second: 41.0994   Simulation time per second: 0.160544
INFO (CarpetX): Grid cells: 4096   Grid cell updates per second: 168343
INFO (CarpetX): Performance:
INFO (CarpetX):   total evolution time:            0.855895 sec
INFO (CarpetX):   total evolution compute time:    0.855218 sec
INFO (CarpetX):   total evolution output time:     0.000676632 sec
INFO (CarpetX):   total iterations:                35
INFO (CarpetX):   total cells updated:             143360
INFO (CarpetX):   average iterations per second: 40.8929
INFO (CarpetX):   average cell updates per second: 167497
INFO (CarpetX): OutputGH: iteration 36, time 0.140625, run time 2 s
INFO (CarpetX): OutputGH done.
INFO (CarpetX): Simulation time: 0.140625   Iterations per second: 41.1079   Simulation time per second: 0.160578
INFO (CarpetX): Grid cells: 4096   Grid cell updates per second: 168378
INFO (CarpetX): Performance:
INFO (CarpetX):   total evolution time:            0.880176 sec
INFO (CarpetX):   total evolution compute time:    0.879481 sec
INFO (CarpetX):   total evolution output time:     0.000695467 sec
INFO (CarpetX):   total iterations:                36
INFO (CarpetX):   total cells updated:             147456
INFO (CarpetX):   average iterations per second: 40.9009
INFO (CarpetX):   average cell updates per second: 167530
INFO (CarpetX): OutputGH: iteration 37, time 0.144531, run time 2 s
INFO (CarpetX): OutputGH done.
INFO (CarpetX): Simulation time: 0.144531   Iterations per second: 41.0973   Simulation time per second: 0.160536
INFO (CarpetX): Grid cells: 4096   Grid cell updates per second: 168334
INFO (CarpetX): Performance:
INFO (CarpetX):   total evolution time:            0.904565 sec
INFO (CarpetX):   total evolution compute time:    0.90384 sec
INFO (CarpetX):   total evolution output time:     0.000725269 sec
INFO (CarpetX):   total iterations:                37
INFO (CarpetX):   total cells updated:             151552
INFO (CarpetX):   average iterations per second: 40.9036
INFO (CarpetX):   average cell updates per second: 167541
INFO (CarpetX): OutputGH: iteration 38, time 0.148438, run time 2 s
INFO (CarpetX): OutputGH done.
INFO (CarpetX): Simulation time: 0.148438   Iterations per second: 41.11   Simulation time per second: 0.160586
INFO (CarpetX): Grid cells: 4096   Grid cell updates per second: 168387
INFO (CarpetX): Performance:
INFO (CarpetX):   total evolution time:            0.928822 sec
INFO (CarpetX):   total evolution compute time:    0.928076 sec
INFO (CarpetX):   total evolution output time:     0.00074625 sec
INFO (CarpetX):   total iterations:                38
INFO (CarpetX):   total cells updated:             155648
INFO (CarpetX):   average iterations per second: 40.912
INFO (CarpetX):   average cell updates per second: 167576
INFO (CarpetX): OutputGH: iteration 39, time 0.152344, run time 2 s
INFO (CarpetX): OutputGH done.
INFO (CarpetX): Simulation time: 0.152344   Iterations per second: 41.11   Simulation time per second: 0.160586
INFO (CarpetX): Grid cells: 4096   Grid cell updates per second: 168387
INFO (CarpetX): Performance:
INFO (CarpetX):   total evolution time:            0.953147 sec
INFO (CarpetX):   total evolution compute time:    0.952382 sec
INFO (CarpetX):   total evolution output time:     0.000765324 sec
INFO (CarpetX):   total iterations:                39
INFO (CarpetX):   total cells updated:             159744
INFO (CarpetX):   average iterations per second: 40.9171
INFO (CarpetX):   average cell updates per second: 167596
INFO (CarpetX): OutputGH: iteration 40, time 0.156250, run time 2 s
INFO (CarpetX): OutputGH done.
INFO (CarpetX): Simulation time: 0.15625   Iterations per second: 41.1334   Simulation time per second: 0.160677
INFO (CarpetX): Grid cells: 4096   Grid cell updates per second: 168482
INFO (CarpetX): Performance:
INFO (CarpetX):   total evolution time:            0.977334 sec
INFO (CarpetX):   total evolution compute time:    0.976551 sec
INFO (CarpetX):   total evolution output time:     0.000783443 sec
INFO (CarpetX):   total iterations:                40
INFO (CarpetX):   total cells updated:             163840
INFO (CarpetX):   average iterations per second: 40.9277
INFO (CarpetX):   average cell updates per second: 167640
INFO (CarpetX): OutputGH: iteration 41, time 0.160156, run time 2 s
INFO (CarpetX): OutputGH done.
INFO (CarpetX): Simulation time: 0.160156   Iterations per second: 41.1412   Simulation time per second: 0.160708
INFO (CarpetX): Grid cells: 4096   Grid cell updates per second: 168514
INFO (CarpetX): Performance:
INFO (CarpetX):   total evolution time:            1.0016 sec
INFO (CarpetX):   total evolution compute time:    1.0008 sec
INFO (CarpetX):   total evolution output time:     0.000803471 sec
INFO (CarpetX):   total iterations:                41
INFO (CarpetX):   total cells updated:             167936
INFO (CarpetX):   average iterations per second: 40.9345
INFO (CarpetX):   average cell updates per second: 167668
INFO (CarpetX): OutputGH: iteration 42, time 0.164062, run time 2 s
INFO (CarpetX): OutputGH done.
INFO (CarpetX): Simulation time: 0.164062   Iterations per second: 41.1411   Simulation time per second: 0.160707
INFO (CarpetX): Grid cells: 4096   Grid cell updates per second: 168514
INFO (CarpetX): Performance:
INFO (CarpetX):   total evolution time:            1.02591 sec
INFO (CarpetX):   total evolution compute time:    1.02508 sec
INFO (CarpetX):   total evolution output time:     0.000824451 sec
INFO (CarpetX):   total iterations:                42
INFO (CarpetX):   total cells updated:             172032
INFO (CarpetX):   average iterations per second: 40.9394
INFO (CarpetX):   average cell updates per second: 167688
INFO (CarpetX): OutputGH: iteration 43, time 0.167969, run time 2 s
INFO (CarpetX): OutputGH done.
INFO (CarpetX): Simulation time: 0.167969   Iterations per second: 41.1402   Simulation time per second: 0.160704
INFO (CarpetX): Grid cells: 4096   Grid cell updates per second: 168510
INFO (CarpetX): Performance:
INFO (CarpetX):   total evolution time:            1.05022 sec
INFO (CarpetX):   total evolution compute time:    1.04937 sec
INFO (CarpetX):   total evolution output time:     0.00084734 sec
INFO (CarpetX):   total iterations:                43
INFO (CarpetX):   total cells updated:             176128
INFO (CarpetX):   average iterations per second: 40.9439
INFO (CarpetX):   average cell updates per second: 167706
INFO (CarpetX): OutputGH: iteration 44, time 0.171875, run time 2 s
INFO (CarpetX): OutputGH done.
INFO (CarpetX): Simulation time: 0.171875   Iterations per second: 41.1283   Simulation time per second: 0.160658
INFO (CarpetX): Grid cells: 4096   Grid cell updates per second: 168462
INFO (CarpetX): Performance:
INFO (CarpetX):   total evolution time:            1.0746 sec
INFO (CarpetX):   total evolution compute time:    1.07373 sec
INFO (CarpetX):   total evolution output time:     0.000866413 sec
INFO (CarpetX):   total iterations:                44
INFO (CarpetX):   total cells updated:             180224
INFO (CarpetX):   average iterations per second: 40.9457
INFO (CarpetX):   average cell updates per second: 167713
INFO (CarpetX): OutputGH: iteration 45, time 0.175781, run time 2 s
INFO (CarpetX): OutputGH done.
INFO (CarpetX): Simulation time: 0.175781   Iterations per second: 41.0829   Simulation time per second: 0.16048
INFO (CarpetX): Grid cells: 4096   Grid cell updates per second: 168275
INFO (CarpetX): Performance:
INFO (CarpetX):   total evolution time:            1.09918 sec
INFO (CarpetX):   total evolution compute time:    1.09829 sec
INFO (CarpetX):   total evolution output time:     0.00088644 sec
INFO (CarpetX):   total iterations:                45
INFO (CarpetX):   total cells updated:             184320
INFO (CarpetX):   average iterations per second: 40.9397
INFO (CarpetX):   average cell updates per second: 167689
INFO (CarpetX): OutputGH: iteration 46, time 0.179688, run time 2 s
INFO (CarpetX): OutputGH done.
INFO (CarpetX): Simulation time: 0.179688   Iterations per second: 41.0594   Simulation time per second: 0.160388
INFO (CarpetX): Grid cells: 4096   Grid cell updates per second: 168179
INFO (CarpetX): Performance:
INFO (CarpetX):   total evolution time:            1.12366 sec
INFO (CarpetX):   total evolution compute time:    1.12275 sec
INFO (CarpetX):   total evolution output time:     0.000909567 sec
INFO (CarpetX):   total iterations:                46
INFO (CarpetX):   total cells updated:             188416
INFO (CarpetX):   average iterations per second: 40.9377
INFO (CarpetX):   average cell updates per second: 167681
INFO (CarpetX): OutputGH: iteration 47, time 0.183594, run time 2 s
INFO (CarpetX): OutputGH done.
INFO (CarpetX): Simulation time: 0.183594   Iterations per second: 41.0758   Simulation time per second: 0.160452
INFO (CarpetX): Grid cells: 4096   Grid cell updates per second: 168246
INFO (CarpetX): Performance:
INFO (CarpetX):   total evolution time:            1.14792 sec
INFO (CarpetX):   total evolution compute time:    1.14699 sec
INFO (CarpetX):   total evolution output time:     0.000931501 sec
INFO (CarpetX):   total iterations:                47
INFO (CarpetX):   total cells updated:             192512
INFO (CarpetX):   average iterations per second: 40.9437
INFO (CarpetX):   average cell updates per second: 167706
INFO (CarpetX): OutputGH: iteration 48, time 0.187500, run time 2 s
INFO (CarpetX): OutputGH done.
INFO (CarpetX): Simulation time: 0.1875   Iterations per second: 41.0706   Simulation time per second: 0.160432
INFO (CarpetX): Grid cells: 4096   Grid cell updates per second: 168225
INFO (CarpetX): Performance:
INFO (CarpetX):   total evolution time:            1.17229 sec
INFO (CarpetX):   total evolution compute time:    1.17134 sec
INFO (CarpetX):   total evolution output time:     0.000953674 sec
INFO (CarpetX):   total iterations:                48
INFO (CarpetX):   total cells updated:             196608
INFO (CarpetX):   average iterations per second: 40.9454
INFO (CarpetX):   average cell updates per second: 167712
INFO (CarpetX): OutputGH: iteration 49, time 0.191406, run time 2 s
INFO (CarpetX): OutputGH done.
INFO (CarpetX): Simulation time: 0.191406   Iterations per second: 40.9839   Simulation time per second: 0.160094
INFO (CarpetX): Grid cells: 4096   Grid cell updates per second: 167870
INFO (CarpetX): Performance:
INFO (CarpetX):   total evolution time:            1.19716 sec
INFO (CarpetX):   total evolution compute time:    1.19618 sec
INFO (CarpetX):   total evolution output time:     0.000971556 sec
INFO (CarpetX):   total iterations:                49
INFO (CarpetX):   total cells updated:             200704
INFO (CarpetX):   average iterations per second: 40.9304
INFO (CarpetX):   average cell updates per second: 167651
INFO (CarpetX): OutputGH: iteration 50, time 0.195312, run time 2 s
INFO (CarpetX): OutputGH done.
INFO (CarpetX): Simulation time: 0.195312   Iterations per second: 40.9964   Simulation time per second: 0.160142
INFO (CarpetX): Grid cells: 4096   Grid cell updates per second: 167921
INFO (CarpetX): Performance:
INFO (CarpetX):   total evolution time:            1.22148 sec
INFO (CarpetX):   total evolution compute time:    1.22049 sec
INFO (CarpetX):   total evolution output time:     0.000994444 sec
INFO (CarpetX):   total iterations:                50
INFO (CarpetX):   total cells updated:             204800
INFO (CarpetX):   average iterations per second: 40.9339
INFO (CarpetX):   average cell updates per second: 167665
INFO (CarpetX): OutputGH: iteration 51, time 0.199219, run time 2 s
INFO (CarpetX): OutputGH done.
INFO (CarpetX): Simulation time: 0.199219   Iterations per second: 40.999   Simulation time per second: 0.160152
INFO (CarpetX): Grid cells: 4096   Grid cell updates per second: 167932
INFO (CarpetX): Performance:
INFO (CarpetX):   total evolution time:            1.24586 sec
INFO (CarpetX):   total evolution compute time:    1.24484 sec
INFO (CarpetX):   total evolution output time:     0.00101829 sec
INFO (CarpetX):   total iterations:                51
INFO (CarpetX):   total cells updated:             208896
INFO (CarpetX):   average iterations per second: 40.9356
INFO (CarpetX):   average cell updates per second: 167672
INFO (CarpetX): OutputGH: iteration 52, time 0.203125, run time 2 s
INFO (CarpetX): OutputGH done.
INFO (CarpetX): Simulation time: 0.203125   Iterations per second: 40.9934   Simulation time per second: 0.16013
INFO (CarpetX): Grid cells: 4096   Grid cell updates per second: 167909
INFO (CarpetX): Performance:
INFO (CarpetX):   total evolution time:            1.27028 sec
INFO (CarpetX):   total evolution compute time:    1.26924 sec
INFO (CarpetX):   total evolution output time:     0.00104117 sec
INFO (CarpetX):   total iterations:                52
INFO (CarpetX):   total cells updated:             212992
INFO (CarpetX):   average iterations per second: 40.9358
INFO (CarpetX):   average cell updates per second: 167673
INFO (CarpetX): OutputGH: iteration 53, time 0.207031, run time 2 s
INFO (CarpetX): OutputGH done.
INFO (CarpetX): Simulation time: 0.207031   Iterations per second: 40.9911   Simulation time per second: 0.160121
INFO (CarpetX): Grid cells: 4096   Grid cell updates per second: 167899
INFO (CarpetX): Performance:
INFO (CarpetX):   total evolution time:            1.29469 sec
INFO (CarpetX):   total evolution compute time:    1.29362 sec
INFO (CarpetX):   total evolution output time:     0.00106716 sec
INFO (CarpetX):   total iterations:                53
INFO (CarpetX):   total cells updated:             217088
INFO (CarpetX):   average iterations per second: 40.9364
INFO (CarpetX):   average cell updates per second: 167676
INFO (CarpetX): OutputGH: iteration 54, time 0.210938, run time 2 s
INFO (CarpetX): OutputGH done.
INFO (CarpetX): Simulation time: 0.210938   Iterations per second: 40.9999   Simulation time per second: 0.160156
INFO (CarpetX): Grid cells: 4096   Grid cell updates per second: 167936
INFO (CarpetX): Performance:
INFO (CarpetX):   total evolution time:            1.31903 sec
INFO (CarpetX):   total evolution compute time:    1.31794 sec
INFO (CarpetX):   total evolution output time:     0.0010891 sec
INFO (CarpetX):   total iterations:                54
INFO (CarpetX):   total cells updated:             221184
INFO (CarpetX):   average iterations per second: 40.9391
INFO (CarpetX):   average cell updates per second: 167686
INFO (CarpetX): OutputGH: iteration 55, time 0.214844, run time 2 s
INFO (CarpetX): OutputGH done.
INFO (CarpetX): Simulation time: 0.214844   Iterations per second: 41.0097   Simulation time per second: 0.160194
INFO (CarpetX): Grid cells: 4096   Grid cell updates per second: 167976
INFO (CarpetX): Performance:
INFO (CarpetX):   total evolution time:            1.34337 sec
INFO (CarpetX):   total evolution compute time:    1.34225 sec
INFO (CarpetX):   total evolution output time:     0.00111198 sec
INFO (CarpetX):   total iterations:                55
INFO (CarpetX):   total cells updated:             225280
INFO (CarpetX):   average iterations per second: 40.942
INFO (CarpetX):   average cell updates per second: 167698
INFO (CarpetX): OutputGH: iteration 56, time 0.218750, run time 2 s
INFO (CarpetX): OutputGH done.
INFO (CarpetX): Simulation time: 0.21875   Iterations per second: 41.0171   Simulation time per second: 0.160223
INFO (CarpetX): Grid cells: 4096   Grid cell updates per second: 168006
INFO (CarpetX): Performance:
INFO (CarpetX):   total evolution time:            1.36771 sec
INFO (CarpetX):   total evolution compute time:    1.36657 sec
INFO (CarpetX):   total evolution output time:     0.00113177 sec
INFO (CarpetX):   total iterations:                56
INFO (CarpetX):   total cells updated:             229376
INFO (CarpetX):   average iterations per second: 40.9445
INFO (CarpetX):   average cell updates per second: 167709
INFO (CarpetX): OutputGH: iteration 57, time 0.222656, run time 3 s
INFO (CarpetX): OutputGH done.
INFO (CarpetX): Simulation time: 0.222656   Iterations per second: 41.0088   Simulation time per second: 0.160191
INFO (CarpetX): Grid cells: 4096   Grid cell updates per second: 167972
INFO (CarpetX): Performance:
INFO (CarpetX):   total evolution time:            1.39214 sec
INFO (CarpetX):   total evolution compute time:    1.39098 sec
INFO (CarpetX):   total evolution output time:     0.00115275 sec
INFO (CarpetX):   total iterations:                57
INFO (CarpetX):   total cells updated:             233472
INFO (CarpetX):   average iterations per second: 40.9443
INFO (CarpetX):   average cell updates per second: 167708
INFO (CarpetX): OutputGH: iteration 58, time 0.226562, run time 3 s
INFO (CarpetX): OutputGH done.
INFO (CarpetX): Simulation time: 0.226562   Iterations per second: 41.0229   Simulation time per second: 0.160246
INFO (CarpetX): Grid cells: 4096   Grid cell updates per second: 168030
INFO (CarpetX): Performance:
INFO (CarpetX):   total evolution time:            1.41644 sec
INFO (CarpetX):   total evolution compute time:    1.41527 sec
INFO (CarpetX):   total evolution output time:     0.00116992 sec
INFO (CarpetX):   total iterations:                58
INFO (CarpetX):   total cells updated:             237568
INFO (CarpetX):   average iterations per second: 40.9478
INFO (CarpetX):   average cell updates per second: 167722
INFO (CarpetX): OutputGH: iteration 59, time 0.230469, run time 3 s
INFO (CarpetX): OutputGH done.
INFO (CarpetX): Simulation time: 0.230469   Iterations per second: 41.0316   Simulation time per second: 0.16028
INFO (CarpetX): Grid cells: 4096   Grid cell updates per second: 168065
INFO (CarpetX): Performance:
INFO (CarpetX):   total evolution time:            1.44076 sec
INFO (CarpetX):   total evolution compute time:    1.43956 sec
INFO (CarpetX):   total evolution output time:     0.00119996 sec
INFO (CarpetX):   total iterations:                59
INFO (CarpetX):   total cells updated:             241664
INFO (CarpetX):   average iterations per second: 40.9506
INFO (CarpetX):   average cell updates per second: 167734
INFO (CarpetX): OutputGH: iteration 60, time 0.234375, run time 3 s
INFO (CarpetX): OutputGH done.
INFO (CarpetX): Simulation time: 0.234375   Iterations per second: 41.0305   Simulation time per second: 0.160276
INFO (CarpetX): Grid cells: 4096   Grid cell updates per second: 168061
INFO (CarpetX): Performance:
INFO (CarpetX):   total evolution time:            1.46514 sec
INFO (CarpetX):   total evolution compute time:    1.46392 sec
INFO (CarpetX):   total evolution output time:     0.00121999 sec
INFO (CarpetX):   total iterations:                60
INFO (CarpetX):   total cells updated:             245760
INFO (CarpetX):   average iterations per second: 40.9517
INFO (CarpetX):   average cell updates per second: 167738
INFO (CarpetX): OutputGH: iteration 61, time 0.238281, run time 3 s
INFO (CarpetX): OutputGH done.
INFO (CarpetX): Simulation time: 0.238281   Iterations per second: 41.0206   Simulation time per second: 0.160237
INFO (CarpetX): Grid cells: 4096   Grid cell updates per second: 168020
INFO (CarpetX): Performance:
INFO (CarpetX):   total evolution time:            1.48957 sec
INFO (CarpetX):   total evolution compute time:    1.48833 sec
INFO (CarpetX):   total evolution output time:     0.00124407 sec
INFO (CarpetX):   total iterations:                61
INFO (CarpetX):   total cells updated:             249856
INFO (CarpetX):   average iterations per second: 40.9514
INFO (CarpetX):   average cell updates per second: 167737
INFO (CarpetX): OutputGH: iteration 62, time 0.242188, run time 3 s
INFO (CarpetX): OutputGH done.
INFO (CarpetX): Simulation time: 0.242188   Iterations per second: 41.0242   Simulation time per second: 0.160251
INFO (CarpetX): Grid cells: 4096   Grid cell updates per second: 168035
INFO (CarpetX): Performance:
INFO (CarpetX):   total evolution time:            1.51393 sec
INFO (CarpetX):   total evolution compute time:    1.51266 sec
INFO (CarpetX):   total evolution output time:     0.00126529 sec
INFO (CarpetX):   total iterations:                62
INFO (CarpetX):   total cells updated:             253952
INFO (CarpetX):   average iterations per second: 40.9531
INFO (CarpetX):   average cell updates per second: 167744
INFO (CarpetX): OutputGH: iteration 63, time 0.246094, run time 3 s
INFO (CarpetX): OutputGH done.
INFO (CarpetX): Simulation time: 0.246094   Iterations per second: 41.0224   Simulation time per second: 0.160244
INFO (CarpetX): Grid cells: 4096   Grid cell updates per second: 168028
INFO (CarpetX): Performance:
INFO (CarpetX):   total evolution time:            1.53831 sec
INFO (CarpetX):   total evolution compute time:    1.53702 sec
INFO (CarpetX):   total evolution output time:     0.00128937 sec
INFO (CarpetX):   total iterations:                63
INFO (CarpetX):   total cells updated:             258048
INFO (CarpetX):   average iterations per second: 40.954
INFO (CarpetX):   average cell updates per second: 167747
INFO (CarpetX): OutputGH: iteration 64, time 0.250000, run time 3 s
INFO (CarpetX): OutputGH done.
INFO (CarpetX): Simulation time: 0.25   Iterations per second: 17.4539   Simulation time per second: 0.0681792
INFO (CarpetX): Grid cells: 4096   Grid cell updates per second: 71491
INFO (CarpetX): Performance:
INFO (CarpetX):   total evolution time:            1.89186 sec
INFO (CarpetX):   total evolution compute time:    1.56377 sec
INFO (CarpetX):   total evolution output time:     0.328092 sec
INFO (CarpetX):   total iterations:                64
INFO (CarpetX):   total cells updated:             262144
INFO (CarpetX):   average iterations per second: 33.8291
INFO (CarpetX):   average cell updates per second: 138564
INFO (CarpetX): Shutting down...
AMReX (25.11) finalized
--------------------------------------------------------------------------------
Done.
+ echo Stopping:
Stopping:
+ date
Tue Sep 15 06:31:19 UTC 2026
+ echo Done.
Done.
  Elapsed time: 2.9 s
