/home/runner/simulations/TestJob01_temp_1/output-0000/TEST/sim/CanudaX_BSSNMoL
Preparing:
+ set -e
+ cd output-0000-active
+ echo Checking:
Checking:
+ pwd
/home/runner/simulations/TestJob01_temp_1/output-0000/TEST/sim/CanudaX_BSSNMoL/output-0000-active
+ hostname
runnervmgx7h7
+ date
Tue Sep  1 06:06:33 UTC 2026
+ echo Environment:
Environment:
+ export CACTUS_NUM_PROCS=1
+ CACTUS_NUM_PROCS=1
+ export CACTUS_NUM_THREADS=2
+ CACTUS_NUM_THREADS=2
+ export GMON_OUT_PREFIX=gmon.out
+ GMON_OUT_PREFIX=gmon.out
+ export OMP_NUM_THREADS=2
+ OMP_NUM_THREADS=2
+ env
+ sort
+ echo Starting:
Starting:
++ date +%s
+ export CACTUS_STARTTIME=1788242793
+ CACTUS_STARTTIME=1788242793
+ '[' 1 = 1 ']'
+ '[' 0 -eq 0 ']'
+ /home/runner/simulations/TestJob01_temp_1/SIMFACTORY/exe/cactus_sim -L 3 /home/runner/simulations/TestJob01_temp_1/output-0000/arrangements/CanudaX/CanudaX_BSSNMoL/test/gaugewave.par
INFO (Cactus): Increased logging level from 0 to 3
--------------------------------------------------------------------------------

       10                                  
  1   0101       ************************  
  01  1010 10      The Cactus Code V4.20.0    
 1010 1101 011      www.cactuscode.org     
  1001 100101    ************************  
    00010101                               
     100011     (c) Copyright The Authors  
      0100      GNU Licensed. No Warranty  
      0101                                 
--------------------------------------------------------------------------------

Cactus version:    4.20.0
Compile date:      Sep 01 2026 (06:03:36)
Run date:          Sep 01 2026 (06:06:34+0000)
Run host:          runnervmgx7h7.4n51afomptxufco1pqravcjt4g.yx.internal.cloudapp.net (pid=169202)
Working directory: /home/runner/simulations/TestJob01_temp_1/output-0000/TEST/sim/CanudaX_BSSNMoL
Executable:        /home/runner/simulations/TestJob01_temp_1/SIMFACTORY/exe/cactus_sim
Parameter file:    /home/runner/simulations/TestJob01_temp_1/output-0000/arrangements/CanudaX/CanudaX_BSSNMoL/test/gaugewave.par
--------------------------------------------------------------------------------

Activating thorn Cactus...Success -> active implementation Cactus
Activation requested for 
--->ADMBaseX CanudaX_BSSNMoL CanudaX_ExactID CarpetX IOUtil ODESolvers TmunuBaseX<---
Thorn ADMBaseX requests automatic activation of Loop
Thorn CarpetX requests automatic activation of AMReX
Thorn CarpetX requests automatic activation of MPI
Thorn CarpetX requests automatic activation of yaml_cpp
Thorn CarpetX requests automatic activation of zlib
Thorn CarpetX requests automatic activation of Arith
Thorn CarpetX requests automatic activation of CarpetXRegrid
Thorn CarpetX requests automatic activation of ADIOS2
Thorn CarpetX requests automatic activation of openPMD
Thorn CarpetX requests automatic activation of Silo
Thorn ADIOS2 requests automatic activation of CMake
Thorn Arith requests automatic activation of NSIMD
Thorn MPI requests automatic activation of hwloc
Thorn openPMD requests automatic activation of HDF5
Activating thorn ADIOS2...Success -> active implementation ADIOS2
Activating thorn ADMBaseX...Success -> active implementation ADMBaseX
Activating thorn AMReX...Success -> active implementation AMReX
Activating thorn Arith...Success -> active implementation Arith
Activating thorn CanudaX_BSSNMoL...Success -> active implementation CanudaX_BSSNMoL
Activating thorn CanudaX_ExactID...Success -> active implementation CanudaX_ExactID
Activating thorn CarpetX...Success -> active implementation Driver
Activating thorn CarpetXRegrid...Success -> active implementation CarpetXRegrid
Activating thorn CMake...Success -> active implementation CMake
Activating thorn HDF5...Success -> active implementation HDF5
Activating thorn hwloc...Success -> active implementation hwloc
Activating thorn IOUtil...Success -> active implementation IO
Activating thorn Loop...Success -> active implementation Loop
Activating thorn MPI...Success -> active implementation MPI
Activating thorn NSIMD...Success -> active implementation NSIMD
Activating thorn ODESolvers...Success -> active implementation ODESolvers
Activating thorn openPMD...Success -> active implementation openPMD
Activating thorn Silo...Success -> active implementation Silo
Activating thorn TmunuBaseX...Success -> active implementation TmunuBaseX
Activating thorn yaml_cpp...Success -> active implementation yaml_cpp
Activating thorn zlib...Success -> active implementation zlib
--------------------------------------------------------------------------------
  if (recover initial data)
    Recover parameters
  endif

  Startup routines
    [CCTK_STARTUP]
      CarpetX::Driver_Startup: Start up the driver
      IOUtil::IOUtil_Startup: Startup routine
      GROUP hwloc_startup: hwloc startup group
        hwloc::hwloc_version: Output hwloc version

  Startup routines which need an existing grid hierarchy
    [CCTK_WRAGH]
      Arith::Test_smallvector: [meta] Test small vectors
      Arith::Test_spvect: [meta] Test sparse vectors
      ODESolvers::ODESolvers_InitConstants: [global] Set up dummy loop counters for schedule printout
  Parameter checking routines
    [CCTK_PARAMCHECK]
      CanudaX_BSSNMoL::CanudaX_BSSNMoL_paramcheck: Check CanudaX_BSSNMoL parameters for consistency

  Initialisation
    if (NOT (recover initial data AND recovery_mode is 'strict'))
      [CCTK_PREREGRIDINITIAL]
      Set up grid hierarchy
      [CCTK_POSTREGRIDINITIAL]
      [CCTK_BASEGRID]
        CarpetXRegrid::CarpetXRegrid_InitError: Initialize regridding error to zero
        GROUP ODESolvers_BaseGrid: Set up constants (e.g. coordinates) everywhere on the grid
      [CCTK_INITIAL]
        GROUP TmunuBaseX_SetTmunuVars: Schedule group for setting T_munu
          TmunuBaseX::TmunuBaseX_ZeroTmunu: Set T_munu to zero
          GROUP TmunuBaseX_AddToTmunu: Add to T_munu here
        GROUP ODESolvers_Initial: Set up initial conditions on interior of state vector
          GROUP ADMBaseX_InitialData: Schedule group for calculating ADM initial data
            GROUP CanudaX_ExactIDGroup: CanudaX_ExactID group for setting up initial data
              CanudaX_ExactID::CanudaX_ExactID_GaugeWave: [local] Create gauge wave initial data
          GROUP ADMBaseX_InitialGauge: Schedule group for the ADM initial gauge condition
            ADMBaseX::ADMBaseX_initial_dtlapse: Set dtlapse to zero
            ADMBaseX::ADMBaseX_initial_dtshift: Set dtshift to zero
          GROUP ADMBaseX_PostInitial: Schedule group for modifying the ADM initial data, such as e.g. adding noise
        GROUP CanudaX_BSSNMoL_InitialGroup: CanudaX_BSSNMoL: initial bin
          CanudaX_BSSNMoL::CanudaX_BSSNMoL_adm2bssn: [local] Convert initial data into BSSN variables
          CanudaX_BSSNMoL::CanudaX_BSSNMoL_gammat: [local] Set Gammat initial data
      [CCTK_POSTINITIAL]
        GROUP ODESolvers_PostStep: Apply boundary conditions to state vector, and project if necessary
          GROUP CanudaX_BSSNMoL_PostStepGroup: CanudaX_BSSNMoL: post-step operations
            CanudaX_BSSNMoL::CanudaX_BSSNMoL_impose_conf_fac_floor: Make sure conformal factor does not drop below specified value
            CanudaX_BSSNMoL::CanudaX_BSSNMoL_reset_detmetric: reset dethh = 1
            CanudaX_BSSNMoL::CanudaX_BSSNMoL_remove_trA: Remove trace of A
            CanudaX_BSSNMoL::CanudaX_BSSNMoL_sync: [global] Sync state vector
            CanudaX_BSSNMoL::CanudaX_BSSNMoL_bssn2adm: [local] Convert variables back to the ADM ones
          GROUP ADMBaseX_SetADMRHS: Set ADM RHS variables in this group
          GROUP ADMBaseX_SetADMVars: Set ADM variables in this group
          GROUP TmunuBaseX_SetTmunuVars: Schedule group for setting T_munu
            TmunuBaseX::TmunuBaseX_ZeroTmunu: Set T_munu to zero
            GROUP TmunuBaseX_AddToTmunu: Add to T_munu here
        GROUP ODESolvers_EstimateError: Estimate discretization error (for regridding)
      Initialise finer grids recursively
      Restrict from finer grids
      [CCTK_POSTRESTRICTINITIAL]
      [CCTK_POSTPOSTINITIAL]
      [CCTK_POSTSTEP]
        GROUP ODESolvers_EstimateError: Estimate discretization error (for regridding)
    endif
    if (recover initial data)
      [CCTK_BASEGRID]
        CarpetXRegrid::CarpetXRegrid_InitError: Initialize regridding error to zero
        GROUP ODESolvers_BaseGrid: Set up constants (e.g. coordinates) everywhere on the grid
      [CCTK_RECOVER_VARIABLES]
      [CCTK_POST_RECOVER_VARIABLES]
        GROUP ODESolvers_PostStep: Apply boundary conditions to state vector, and project if necessary
          GROUP CanudaX_BSSNMoL_PostStepGroup: CanudaX_BSSNMoL: post-step operations
            CanudaX_BSSNMoL::CanudaX_BSSNMoL_impose_conf_fac_floor: Make sure conformal factor does not drop below specified value
            CanudaX_BSSNMoL::CanudaX_BSSNMoL_reset_detmetric: reset dethh = 1
            CanudaX_BSSNMoL::CanudaX_BSSNMoL_remove_trA: Remove trace of A
            CanudaX_BSSNMoL::CanudaX_BSSNMoL_sync: [global] Sync state vector
            CanudaX_BSSNMoL::CanudaX_BSSNMoL_bssn2adm: [local] Convert variables back to the ADM ones
          GROUP ADMBaseX_SetADMRHS: Set ADM RHS variables in this group
          GROUP ADMBaseX_SetADMVars: Set ADM variables in this group
          GROUP TmunuBaseX_SetTmunuVars: Schedule group for setting T_munu
            TmunuBaseX::TmunuBaseX_ZeroTmunu: Set T_munu to zero
            GROUP TmunuBaseX_AddToTmunu: Add to T_munu here
        GROUP ODESolvers_EstimateError: Estimate discretization error (for regridding)
    endif
    if (checkpoint initial data)
      [CCTK_CPINITIAL]
        CarpetX::CarpetX_CheckpointInitial: [meta] Checkpoint initial conditions
    endif
    if (analysis)
      [CCTK_ANALYSIS]
        CanudaX_BSSNMoL::CanudaX_BSSNMoL_bssn_constraints: Compute constraints
        GROUP ODESolvers_Analysis: Calculate analysis quantities everywhere
  endif
  Output grid variables

  do loop over timesteps
    [CCTK_PREREGRID]
    Change grid hierarchy
    [CCTK_POSTREGRID]
      GROUP ODESolvers_PostStep: Apply boundary conditions to state vector, and project if necessary
        GROUP CanudaX_BSSNMoL_PostStepGroup: CanudaX_BSSNMoL: post-step operations
          CanudaX_BSSNMoL::CanudaX_BSSNMoL_impose_conf_fac_floor: Make sure conformal factor does not drop below specified value
          CanudaX_BSSNMoL::CanudaX_BSSNMoL_reset_detmetric: reset dethh = 1
          CanudaX_BSSNMoL::CanudaX_BSSNMoL_remove_trA: Remove trace of A
          CanudaX_BSSNMoL::CanudaX_BSSNMoL_sync: [global] Sync state vector
          CanudaX_BSSNMoL::CanudaX_BSSNMoL_bssn2adm: [local] Convert variables back to the ADM ones
        GROUP ADMBaseX_SetADMRHS: Set ADM RHS variables in this group
        GROUP ADMBaseX_SetADMVars: Set ADM variables in this group
        GROUP TmunuBaseX_SetTmunuVars: Schedule group for setting T_munu
          TmunuBaseX::TmunuBaseX_ZeroTmunu: Set T_munu to zero
          GROUP TmunuBaseX_AddToTmunu: Add to T_munu here
    Rotate timelevels
    iteration = iteration+1
    t = t+dt
    [CCTK_PRESTEP]
    [CCTK_EVOL]
      ODESolvers::ODESolvers_Solve: [level] Solve ODEs
      while (ODESolvers::do_substeps)
        GROUP ODESolvers_CalledBySolve: Groups internally scheduled by ODESolvers_Solve
          GROUP ODESolvers_RHS: Evaluate the RHS for of state vector everywhere on the grid
            GROUP CanudaX_BSSNMoL_RHSGroup: CanudaX_BSSNMoL: calculate BSSN RHS
              CanudaX_BSSNMoL::CanudaX_BSSNMoL_calc_bssn_rhs: MoL RHS calculation
              CanudaX_BSSNMoL::CanudaX_BSSNMoL_apply_boundary_conditions: Apply radiative boundary conditions 
          GROUP ODESolvers_PostStep: Apply boundary conditions to state vector, and project if necessary
            GROUP CanudaX_BSSNMoL_PostStepGroup: CanudaX_BSSNMoL: post-step operations
              CanudaX_BSSNMoL::CanudaX_BSSNMoL_impose_conf_fac_floor: Make sure conformal factor does not drop below specified value
              CanudaX_BSSNMoL::CanudaX_BSSNMoL_reset_detmetric: reset dethh = 1
              CanudaX_BSSNMoL::CanudaX_BSSNMoL_remove_trA: Remove trace of A
              CanudaX_BSSNMoL::CanudaX_BSSNMoL_sync: [global] Sync state vector
              CanudaX_BSSNMoL::CanudaX_BSSNMoL_bssn2adm: [local] Convert variables back to the ADM ones
            GROUP ADMBaseX_SetADMRHS: Set ADM RHS variables in this group
            GROUP ADMBaseX_SetADMVars: Set ADM variables in this group
            GROUP TmunuBaseX_SetTmunuVars: Schedule group for setting T_munu
              TmunuBaseX::TmunuBaseX_ZeroTmunu: Set T_munu to zero
              GROUP TmunuBaseX_AddToTmunu: Add to T_munu here
      end while
    Evolve finer grids recursively
    Restrict from finer grids
    [CCTK_POSTRESTRICT]
      GROUP ODESolvers_PostStep: Apply boundary conditions to state vector, and project if necessary
        GROUP CanudaX_BSSNMoL_PostStepGroup: CanudaX_BSSNMoL: post-step operations
          CanudaX_BSSNMoL::CanudaX_BSSNMoL_impose_conf_fac_floor: Make sure conformal factor does not drop below specified value
          CanudaX_BSSNMoL::CanudaX_BSSNMoL_reset_detmetric: reset dethh = 1
          CanudaX_BSSNMoL::CanudaX_BSSNMoL_remove_trA: Remove trace of A
          CanudaX_BSSNMoL::CanudaX_BSSNMoL_sync: [global] Sync state vector
          CanudaX_BSSNMoL::CanudaX_BSSNMoL_bssn2adm: [local] Convert variables back to the ADM ones
        GROUP ADMBaseX_SetADMRHS: Set ADM RHS variables in this group
        GROUP ADMBaseX_SetADMVars: Set ADM variables in this group
        GROUP TmunuBaseX_SetTmunuVars: Schedule group for setting T_munu
          TmunuBaseX::TmunuBaseX_ZeroTmunu: Set T_munu to zero
          GROUP TmunuBaseX_AddToTmunu: Add to T_munu here
    [CCTK_POSTSTEP]
      GROUP ODESolvers_EstimateError: Estimate discretization error (for regridding)
    if (checkpoint)
      [CCTK_CHECKPOINT]
      CarpetX::CarpetX_Checkpoint: [meta] Checkpoint
    endif
    if (analysis)
      [CCTK_ANALYSIS]
      CanudaX_BSSNMoL::CanudaX_BSSNMoL_bssn_constraints: Compute constraints
      GROUP ODESolvers_Analysis: Calculate analysis quantities everywhere
    endif
    Output grid variables
    enddo

  Termination routines
    [CCTK_TERMINATE]
      CarpetX::CarpetX_CheckpointTerminate: [meta] Checkpoint before terminating

  Shutdown routines
    [CCTK_SHUTDOWN]
      CarpetX::Driver_Shutdown: [meta] Shut down the driver

  Routines run after changing the grid hierarchy:
    [CCTK_POSTREGRID]
      GROUP ODESolvers_PostStep: Apply boundary conditions to state vector, and project if necessary
        GROUP CanudaX_BSSNMoL_PostStepGroup: CanudaX_BSSNMoL: post-step operations
          CanudaX_BSSNMoL::CanudaX_BSSNMoL_impose_conf_fac_floor: Make sure conformal factor does not drop below specified value
          CanudaX_BSSNMoL::CanudaX_BSSNMoL_reset_detmetric: reset dethh = 1
          CanudaX_BSSNMoL::CanudaX_BSSNMoL_remove_trA: Remove trace of A
          CanudaX_BSSNMoL::CanudaX_BSSNMoL_sync: [global] Sync state vector
          CanudaX_BSSNMoL::CanudaX_BSSNMoL_bssn2adm: [local] Convert variables back to the ADM ones
        GROUP ADMBaseX_SetADMRHS: Set ADM RHS variables in this group
        GROUP ADMBaseX_SetADMVars: Set ADM variables in this group
        GROUP TmunuBaseX_SetTmunuVars: Schedule group for setting T_munu
          TmunuBaseX::TmunuBaseX_ZeroTmunu: Set T_munu to zero
          GROUP TmunuBaseX_AddToTmunu: Add to T_munu here
--------------------------------------------------------------------------------
INFO (hwloc): library version 2.10.0, API version 0x20800
--------------------------------------------------------------------------------

  [34m  ▕▏  [34m  ▕▏  [34m  ▕▏  [34m  ▕▏  [34m  ▕▏  [34m  ▕▏  [34m  ▕▏  [34m  ▕▏  [34m  ▕▏  [39m  
  [34m──██──[34m──██──[34m──██──[34m──██──[34m──██──[34m──██──[34m──██──[34m──██──[34m──██──[39m  
  [34m  ▕▏  [34m  ▕▏  [34m  ▕▏  [34m  ▕▏  [34m  ▕▏  [34m  ▕▏  [34m  ▕▏  [34m  ▕▏  [34m  ▕▏  [39m  
  [34m  ▕▏  [32m██████[34m  ▕▏  [34m  ▕▏  [32m██████[34m  ▕▏  [34m  ▕▏  [32m██████[34m  ▕▏  [39m  
  [34m──██──[32m██████[34m──██──[34m──██──[32m██████[34m──██──[34m──██──[32m██████[34m──██──[39m  
  [34m  ▕▏  [32m██████[34m  ▕▏  [34m  ▕▏  [32m██████[34m  ▕▏  [34m  ▕▏  [32m██████[34m  ▕▏  [39m  
  [34m  ▕▏  [34m  ▕▏  [34m  ▕▏  [34m  ▕▏  [34m  ▕▏  [34m  ▕▏  [34m  ▕▏  [34m  ▕▏  [34m  ▕▏  [39m  
  [34m──██──[34m──██──[34m──██──[34m──██──[34m──██──[34m──██──[34m──██──[34m──██──[34m──██──[39m  
  [34m  ▕▏  [34m  ▕▏  [34m  ▕▏  [34m  ▕▏  [34m  ▕▏  [34m  ▕▏  [34m  ▕▏  [34m  ▕▏  [34m  ▕▏  [39m  
  [34m  ▕▏  [34m  ▕▏  [34m  ▕▏  [31m██████[31m██████[31m██████[34m  ▕▏  [34m  ▕▏  [34m  ▕▏  [39m  
  [34m──██──[34m──██──[34m──██──[31m██████[31m██████[31m██████[34m──██──[34m──██──[34m──██──[39m  
  [34m  ▕▏  [34m  ▕▏  [34m  ▕▏  [31m██████[31m██████[31m██████[34m  ▕▏  [34m  ▕▏  [34m  ▕▏  [39m  
  [34m  ▕▏  [32m██████[34m  ▕▏  [31m██████[31m██████[31m██████[34m  ▕▏  [32m██████[34m  ▕▏  [39m  
  [34m──██──[32m██████[34m──██──[31m██████[31m██████[31m██████[34m──██──[32m██████[34m──██──[39m  
  [34m  ▕▏  [32m██████[34m  ▕▏  [31m██████[31m██████[31m██████[34m  ▕▏  [32m██████[34m  ▕▏  [39m  
  [34m  ▕▏  [34m  ▕▏  [34m  ▕▏  [31m██████[31m██████[31m██████[34m  ▕▏  [34m  ▕▏  [34m  ▕▏  [39m  
  [34m──██──[34m──██──[34m──██──[31m██████[31m██████[31m██████[34m──██──[34m──██──[34m──██──[39m  
  [34m  ▕▏  [34m  ▕▏  [34m  ▕▏  [31m██████[31m██████[31m██████[34m  ▕▏  [34m  ▕▏  [34m  ▕▏  [39m  
  [34m  ▕▏  [34m  ▕▏  [34m  ▕▏  [34m  ▕▏  [34m  ▕▏  [34m  ▕▏  [34m  ▕▏  [34m  ▕▏  [34m  ▕▏  [39m  
  [34m──██──[34m──██──[34m──██──[34m──██──[34m──██──[34m──██──[34m──██──[34m──██──[34m──██──[39m  
  [34m  ▕▏  [34m  ▕▏  [34m  ▕▏  [34m  ▕▏  [34m  ▕▏  [34m  ▕▏  [34m  ▕▏  [34m  ▕▏  [34m  ▕▏  [39m  
  [34m  ▕▏  [32m██████[34m  ▕▏  [34m  ▕▏  [32m██████[34m  ▕▏  [34m  ▕▏  [32m██████[34m  ▕▏  [39m  
  [34m──██──[32m██████[34m──██──[34m──██──[32m██████[34m──██──[34m──██──[32m██████[34m──██──[39m  
  [34m  ▕▏  [32m██████[34m  ▕▏  [34m  ▕▏  [32m██████[34m  ▕▏  [34m  ▕▏  [32m██████[34m  ▕▏  [39m  
  [34m  ▕▏  [34m  ▕▏  [34m  ▕▏  [34m  ▕▏  [34m  ▕▏  [34m  ▕▏  [34m  ▕▏  [34m  ▕▏  [34m  ▕▏  [39m  
  [34m──██──[34m──██──[34m──██──[34m──██──[34m──██──[34m──██──[34m──██──[34m──██──[34m──██──[39m  
  [34m  ▕▏  [34m  ▕▏  [34m  ▕▏  [34m  ▕▏  [34m  ▕▏  [34m  ▕▏  [34m  ▕▏  [34m  ▕▏  [34m  ▕▏  [39m  

AMR driver provided by CarpetX,
using AMReX 25.11 (MPI, OpenMP, no accelerators, debug)
--------------------------------------------------------------------------------

Initializing AMReX (25.11)...
MPI initialized with 1 MPI processes
MPI initialized with thread support level 2
OMP initialized with 2 OMP threads
AMReX (25.11) initialized
INFO (CarpetX): 
Symmetries:
  lower x: periodic
  lower y: periodic
  lower z: periodic
  upper x: periodic
  upper y: periodic
  upper z: periodic
Default boundaries:
  lower x: symmetry_boundary
  lower y: symmetry_boundary
  lower z: symmetry_boundary
  upper x: symmetry_boundary
  upper y: symmetry_boundary
  upper z: symmetry_boundary
INFO (Arith): Test_smallvector
INFO (Arith): Test_spvect
INFO (CarpetX): Setting initial values for max_grid_size values for all levels
INFO (CarpetX): Setting up initial conditions...
INFO (CarpetX): Iteration: 0   time: 0   delta_time: 0.00390625
INFO (CarpetX): Patch 0:
INFO (CarpetX):   Grid extent:
INFO (CarpetX):     gsh=[71,15,15]
INFO (CarpetX):     blocking_factor=[8,8,8]
INFO (CarpetX):     max_grid_size=[10000000,10000000,10000000]
INFO (CarpetX):     max_tile_size=[1024000,16,32]
INFO (CarpetX):   Domain extent:
INFO (CarpetX):     xmin=[-0.5,-0.0625,-0.0625]
INFO (CarpetX):     xmax=[0.5,0.0625,0.0625]
INFO (CarpetX):     base dx=[0.015625,0.015625,0.015625]
INFO (CarpetX): Initializing level 0...
INFO (CanudaX_ExactID): Begin Gauge Wave initial data
INFO (CanudaX_ExactID): === End gauge wave initial data ===
INFO (CarpetX): Regridding...
INFO (CarpetX):   level 0: 1 boxes, 4096 cells (100%)
INFO (CarpetX): Initialized 1 levels
INFO (CarpetX): OutputGH: iteration 0, time 0.000000, run time 1 s
INFO (CarpetX): OutputGH done.
INFO (CarpetX): Starting evolution...
INFO (ODESolvers): ODE integrator is RK4
INFO (CarpetX): OutputGH: iteration 1, time 0.003906, run time 1 s
INFO (CarpetX): OutputGH done.
INFO (CarpetX): Simulation time: 0.00390625   Iterations per second: 18.7674   Simulation time per second: 0.0733101
INFO (CarpetX): Grid cells: 4096   Grid cell updates per second: 76871.2
INFO (CarpetX): Performance:
INFO (CarpetX):   total evolution time:            0.0532839 sec
INFO (CarpetX):   total evolution compute time:    0.0532761 sec
INFO (CarpetX):   total evolution output time:     7.86781e-06 sec
INFO (CarpetX):   total iterations:                1
INFO (CarpetX):   total cells updated:             4096
INFO (CarpetX):   average iterations per second: 18.7674
INFO (CarpetX):   average cell updates per second: 76871.2
INFO (CarpetX): OutputGH: iteration 2, time 0.007812, run time 1 s
INFO (CarpetX): OutputGH done.
INFO (CarpetX): Simulation time: 0.0078125   Iterations per second: 19.2615   Simulation time per second: 0.0752403
INFO (CarpetX): Grid cells: 4096   Grid cell updates per second: 78895.2
INFO (CarpetX): Performance:
INFO (CarpetX):   total evolution time:            0.103834 sec
INFO (CarpetX):   total evolution compute time:    0.103818 sec
INFO (CarpetX):   total evolution output time:     1.5974e-05 sec
INFO (CarpetX):   total iterations:                2
INFO (CarpetX):   total cells updated:             8192
INFO (CarpetX):   average iterations per second: 19.2615
INFO (CarpetX):   average cell updates per second: 78895.2
INFO (CarpetX): OutputGH: iteration 3, time 0.011719, run time 1 s
INFO (CarpetX): OutputGH done.
INFO (CarpetX): Simulation time: 0.0117188   Iterations per second: 19.4268   Simulation time per second: 0.0758859
INFO (CarpetX): Grid cells: 4096   Grid cell updates per second: 79572.2
INFO (CarpetX): Performance:
INFO (CarpetX):   total evolution time:            0.154426 sec
INFO (CarpetX):   total evolution compute time:    0.154401 sec
INFO (CarpetX):   total evolution output time:     2.5034e-05 sec
INFO (CarpetX):   total iterations:                3
INFO (CarpetX):   total cells updated:             12288
INFO (CarpetX):   average iterations per second: 19.4268
INFO (CarpetX):   average cell updates per second: 79572.2
INFO (CarpetX): OutputGH: iteration 4, time 0.015625, run time 1 s
INFO (CarpetX): OutputGH done.
INFO (CarpetX): Simulation time: 0.015625   Iterations per second: 19.4985   Simulation time per second: 0.076166
INFO (CarpetX): Grid cells: 4096   Grid cell updates per second: 79865.9
INFO (CarpetX): Performance:
INFO (CarpetX):   total evolution time:            0.205144 sec
INFO (CarpetX):   total evolution compute time:    0.20511 sec
INFO (CarpetX):   total evolution output time:     3.40939e-05 sec
INFO (CarpetX):   total iterations:                4
INFO (CarpetX):   total cells updated:             16384
INFO (CarpetX):   average iterations per second: 19.4985
INFO (CarpetX):   average cell updates per second: 79865.9
INFO (CarpetX): OutputGH: iteration 5, time 0.019531, run time 1 s
INFO (CarpetX): OutputGH done.
INFO (CarpetX): Simulation time: 0.0195312   Iterations per second: 19.5104   Simulation time per second: 0.0762124
INFO (CarpetX): Grid cells: 4096   Grid cell updates per second: 79914.5
INFO (CarpetX): Performance:
INFO (CarpetX):   total evolution time:            0.256274 sec
INFO (CarpetX):   total evolution compute time:    0.256231 sec
INFO (CarpetX):   total evolution output time:     4.29153e-05 sec
INFO (CarpetX):   total iterations:                5
INFO (CarpetX):   total cells updated:             20480
INFO (CarpetX):   average iterations per second: 19.5104
INFO (CarpetX):   average cell updates per second: 79914.5
INFO (CarpetX): OutputGH: iteration 6, time 0.023438, run time 1 s
INFO (CarpetX): OutputGH done.
INFO (CarpetX): Simulation time: 0.0234375   Iterations per second: 19.5303   Simulation time per second: 0.07629
INFO (CarpetX): Grid cells: 4096   Grid cell updates per second: 79995.9
INFO (CarpetX): Performance:
INFO (CarpetX):   total evolution time:            0.307216 sec
INFO (CarpetX):   total evolution compute time:    0.307165 sec
INFO (CarpetX):   total evolution output time:     5.07832e-05 sec
INFO (CarpetX):   total iterations:                6
INFO (CarpetX):   total cells updated:             24576
INFO (CarpetX):   average iterations per second: 19.5303
INFO (CarpetX):   average cell updates per second: 79995.9
INFO (CarpetX): OutputGH: iteration 7, time 0.027344, run time 2 s
INFO (CarpetX): OutputGH done.
INFO (CarpetX): Simulation time: 0.0273438   Iterations per second: 19.5539   Simulation time per second: 0.0763824
INFO (CarpetX): Grid cells: 4096   Grid cell updates per second: 80092.8
INFO (CarpetX): Performance:
INFO (CarpetX):   total evolution time:            0.357985 sec
INFO (CarpetX):   total evolution compute time:    0.357924 sec
INFO (CarpetX):   total evolution output time:     6.07967e-05 sec
INFO (CarpetX):   total iterations:                7
INFO (CarpetX):   total cells updated:             28672
INFO (CarpetX):   average iterations per second: 19.5539
INFO (CarpetX):   average cell updates per second: 80092.8
INFO (CarpetX): OutputGH: iteration 8, time 0.031250, run time 2 s
INFO (CarpetX): OutputGH done.
INFO (CarpetX): Simulation time: 0.03125   Iterations per second: 19.5844   Simulation time per second: 0.0765017
INFO (CarpetX): Grid cells: 4096   Grid cell updates per second: 80217.8
INFO (CarpetX): Performance:
INFO (CarpetX):   total evolution time:            0.408488 sec
INFO (CarpetX):   total evolution compute time:    0.408418 sec
INFO (CarpetX):   total evolution output time:     6.96182e-05 sec
INFO (CarpetX):   total iterations:                8
INFO (CarpetX):   total cells updated:             32768
INFO (CarpetX):   average iterations per second: 19.5844
INFO (CarpetX):   average cell updates per second: 80217.8
INFO (CarpetX): OutputGH: iteration 9, time 0.035156, run time 2 s
INFO (CarpetX): OutputGH done.
INFO (CarpetX): Simulation time: 0.0351562   Iterations per second: 19.6011   Simulation time per second: 0.0765666
INFO (CarpetX): Grid cells: 4096   Grid cell updates per second: 80285.9
INFO (CarpetX): Performance:
INFO (CarpetX):   total evolution time:            0.459159 sec
INFO (CarpetX):   total evolution compute time:    0.459081 sec
INFO (CarpetX):   total evolution output time:     7.7486e-05 sec
INFO (CarpetX):   total iterations:                9
INFO (CarpetX):   total cells updated:             36864
INFO (CarpetX):   average iterations per second: 19.6011
INFO (CarpetX):   average cell updates per second: 80285.9
INFO (CarpetX): OutputGH: iteration 10, time 0.039062, run time 2 s
INFO (CarpetX): OutputGH done.
INFO (CarpetX): Simulation time: 0.0390625   Iterations per second: 19.6205   Simulation time per second: 0.0766427
INFO (CarpetX): Grid cells: 4096   Grid cell updates per second: 80365.7
INFO (CarpetX): Performance:
INFO (CarpetX):   total evolution time:            0.50967 sec
INFO (CarpetX):   total evolution compute time:    0.50957 sec
INFO (CarpetX):   total evolution output time:     9.9659e-05 sec
INFO (CarpetX):   total iterations:                10
INFO (CarpetX):   total cells updated:             40960
INFO (CarpetX):   average iterations per second: 19.6205
INFO (CarpetX):   average cell updates per second: 80365.7
INFO (CarpetX): OutputGH: iteration 11, time 0.042969, run time 2 s
INFO (CarpetX): OutputGH done.
INFO (CarpetX): Simulation time: 0.0429688   Iterations per second: 19.6385   Simulation time per second: 0.0767127
INFO (CarpetX): Grid cells: 4096   Grid cell updates per second: 80439.1
INFO (CarpetX): Performance:
INFO (CarpetX):   total evolution time:            0.560172 sec
INFO (CarpetX):   total evolution compute time:    0.560064 sec
INFO (CarpetX):   total evolution output time:     0.000107765 sec
INFO (CarpetX):   total iterations:                11
INFO (CarpetX):   total cells updated:             45056
INFO (CarpetX):   average iterations per second: 19.6368
INFO (CarpetX):   average cell updates per second: 80432.4
INFO (CarpetX): OutputGH: iteration 12, time 0.046875, run time 2 s
INFO (CarpetX): OutputGH done.
INFO (CarpetX): Simulation time: 0.046875   Iterations per second: 19.6593   Simulation time per second: 0.076794
INFO (CarpetX): Grid cells: 4096   Grid cell updates per second: 80524.4
INFO (CarpetX): Performance:
INFO (CarpetX):   total evolution time:            0.610553 sec
INFO (CarpetX):   total evolution compute time:    0.610436 sec
INFO (CarpetX):   total evolution output time:     0.000116825 sec
INFO (CarpetX):   total iterations:                12
INFO (CarpetX):   total cells updated:             49152
INFO (CarpetX):   average iterations per second: 19.6543
INFO (CarpetX):   average cell updates per second: 80504
INFO (CarpetX): OutputGH: iteration 13, time 0.050781, run time 2 s
INFO (CarpetX): OutputGH done.
INFO (CarpetX): Simulation time: 0.0507812   Iterations per second: 19.6783   Simulation time per second: 0.0768683
INFO (CarpetX): Grid cells: 4096   Grid cell updates per second: 80602.3
INFO (CarpetX): Performance:
INFO (CarpetX):   total evolution time:            0.660928 sec
INFO (CarpetX):   total evolution compute time:    0.660804 sec
INFO (CarpetX):   total evolution output time:     0.000124693 sec
INFO (CarpetX):   total iterations:                13
INFO (CarpetX):   total cells updated:             53248
INFO (CarpetX):   average iterations per second: 19.6693
INFO (CarpetX):   average cell updates per second: 80565.5
INFO (CarpetX): OutputGH: iteration 14, time 0.054688, run time 2 s
INFO (CarpetX): OutputGH done.
INFO (CarpetX): Simulation time: 0.0546875   Iterations per second: 19.6948   Simulation time per second: 0.0769329
INFO (CarpetX): Grid cells: 4096   Grid cell updates per second: 80670
INFO (CarpetX): Performance:
INFO (CarpetX):   total evolution time:            0.711319 sec
INFO (CarpetX):   total evolution compute time:    0.711186 sec
INFO (CarpetX):   total evolution output time:     0.000132799 sec
INFO (CarpetX):   total iterations:                14
INFO (CarpetX):   total cells updated:             57344
INFO (CarpetX):   average iterations per second: 19.6817
INFO (CarpetX):   average cell updates per second: 80616.4
INFO (CarpetX): OutputGH: iteration 15, time 0.058594, run time 2 s
INFO (CarpetX): OutputGH done.
INFO (CarpetX): Simulation time: 0.0585938   Iterations per second: 19.7082   Simulation time per second: 0.0769852
INFO (CarpetX): Grid cells: 4096   Grid cell updates per second: 80724.8
INFO (CarpetX): Performance:
INFO (CarpetX):   total evolution time:            0.761749 sec
INFO (CarpetX):   total evolution compute time:    0.761609 sec
INFO (CarpetX):   total evolution output time:     0.000140667 sec
INFO (CarpetX):   total iterations:                15
INFO (CarpetX):   total cells updated:             61440
INFO (CarpetX):   average iterations per second: 19.6915
INFO (CarpetX):   average cell updates per second: 80656.5
INFO (CarpetX): OutputGH: iteration 16, time 0.062500, run time 2 s
INFO (CarpetX): OutputGH done.
INFO (CarpetX): Simulation time: 0.0625   Iterations per second: 19.7178   Simulation time per second: 0.0770228
INFO (CarpetX): Grid cells: 4096   Grid cell updates per second: 80764.3
INFO (CarpetX): Performance:
INFO (CarpetX):   total evolution time:            0.812241 sec
INFO (CarpetX):   total evolution compute time:    0.812092 sec
INFO (CarpetX):   total evolution output time:     0.000149488 sec
INFO (CarpetX):   total iterations:                16
INFO (CarpetX):   total cells updated:             65536
INFO (CarpetX):   average iterations per second: 19.6986
INFO (CarpetX):   average cell updates per second: 80685.4
INFO (CarpetX): OutputGH: iteration 17, time 0.066406, run time 2 s
INFO (CarpetX): OutputGH done.
INFO (CarpetX): Simulation time: 0.0664062   Iterations per second: 19.7206   Simulation time per second: 0.0770337
INFO (CarpetX): Grid cells: 4096   Grid cell updates per second: 80775.7
INFO (CarpetX): Performance:
INFO (CarpetX):   total evolution time:            0.862885 sec
INFO (CarpetX):   total evolution compute time:    0.862727 sec
INFO (CarpetX):   total evolution output time:     0.00015831 sec
INFO (CarpetX):   total iterations:                17
INFO (CarpetX):   total cells updated:             69632
INFO (CarpetX):   average iterations per second: 19.7013
INFO (CarpetX):   average cell updates per second: 80696.7
INFO (CarpetX): OutputGH: iteration 18, time 0.070312, run time 2 s
INFO (CarpetX): OutputGH done.
INFO (CarpetX): Simulation time: 0.0703125   Iterations per second: 19.7186   Simulation time per second: 0.0770259
INFO (CarpetX): Grid cells: 4096   Grid cell updates per second: 80767.5
INFO (CarpetX): Performance:
INFO (CarpetX):   total evolution time:            0.913645 sec
INFO (CarpetX):   total evolution compute time:    0.913478 sec
INFO (CarpetX):   total evolution output time:     0.00016737 sec
INFO (CarpetX):   total iterations:                18
INFO (CarpetX):   total cells updated:             73728
INFO (CarpetX):   average iterations per second: 19.7013
INFO (CarpetX):   average cell updates per second: 80696.5
INFO (CarpetX): OutputGH: iteration 19, time 0.074219, run time 2 s
INFO (CarpetX): OutputGH done.
INFO (CarpetX): Simulation time: 0.0742188   Iterations per second: 19.7233   Simulation time per second: 0.0770442
INFO (CarpetX): Grid cells: 4096   Grid cell updates per second: 80786.7
INFO (CarpetX): Performance:
INFO (CarpetX):   total evolution time:            0.964238 sec
INFO (CarpetX):   total evolution compute time:    0.964062 sec
INFO (CarpetX):   total evolution output time:     0.00017643 sec
INFO (CarpetX):   total iterations:                19
INFO (CarpetX):   total cells updated:             77824
INFO (CarpetX):   average iterations per second: 19.7047
INFO (CarpetX):   average cell updates per second: 80710.4
INFO (CarpetX): OutputGH: iteration 20, time 0.078125, run time 2 s
INFO (CarpetX): OutputGH done.
INFO (CarpetX): Simulation time: 0.078125   Iterations per second: 19.6591   Simulation time per second: 0.0767933
INFO (CarpetX): Grid cells: 4096   Grid cell updates per second: 80523.6
INFO (CarpetX): Performance:
INFO (CarpetX):   total evolution time:            1.0166 sec
INFO (CarpetX):   total evolution compute time:    1.01641 sec
INFO (CarpetX):   total evolution output time:     0.000184536 sec
INFO (CarpetX):   total iterations:                20
INFO (CarpetX):   total cells updated:             81920
INFO (CarpetX):   average iterations per second: 19.6735
INFO (CarpetX):   average cell updates per second: 80582.6
INFO (CarpetX): OutputGH: iteration 21, time 0.082031, run time 2 s
INFO (CarpetX): OutputGH done.
INFO (CarpetX): Simulation time: 0.0820312   Iterations per second: 19.3251   Simulation time per second: 0.0754887
INFO (CarpetX): Grid cells: 4096   Grid cell updates per second: 79155.6
INFO (CarpetX): Performance:
INFO (CarpetX):   total evolution time:            1.07625 sec
INFO (CarpetX):   total evolution compute time:    1.07606 sec
INFO (CarpetX):   total evolution output time:     0.000193357 sec
INFO (CarpetX):   total iterations:                21
INFO (CarpetX):   total cells updated:             86016
INFO (CarpetX):   average iterations per second: 19.5121
INFO (CarpetX):   average cell updates per second: 79921.6
INFO (CarpetX): OutputGH: iteration 22, time 0.085938, run time 2 s
INFO (CarpetX): OutputGH done.
INFO (CarpetX): Simulation time: 0.0859375   Iterations per second: 19.3666   Simulation time per second: 0.0756508
INFO (CarpetX): Grid cells: 4096   Grid cell updates per second: 79325.6
INFO (CarpetX): Performance:
INFO (CarpetX):   total evolution time:            1.12689 sec
INFO (CarpetX):   total evolution compute time:    1.12669 sec
INFO (CarpetX):   total evolution output time:     0.000202179 sec
INFO (CarpetX):   total iterations:                22
INFO (CarpetX):   total cells updated:             90112
INFO (CarpetX):   average iterations per second: 19.5227
INFO (CarpetX):   average cell updates per second: 79965.1
INFO (CarpetX): OutputGH: iteration 23, time 0.089844, run time 2 s
INFO (CarpetX): OutputGH done.
INFO (CarpetX): Simulation time: 0.0898438   Iterations per second: 19.4123   Simulation time per second: 0.0758294
INFO (CarpetX): Grid cells: 4096   Grid cell updates per second: 79512.9
INFO (CarpetX): Performance:
INFO (CarpetX):   total evolution time:            1.17731 sec
INFO (CarpetX):   total evolution compute time:    1.1771 sec
INFO (CarpetX):   total evolution output time:     0.000215054 sec
INFO (CarpetX):   total iterations:                23
INFO (CarpetX):   total cells updated:             94208
INFO (CarpetX):   average iterations per second: 19.5361
INFO (CarpetX):   average cell updates per second: 80019.7
INFO (CarpetX): OutputGH: iteration 24, time 0.093750, run time 2 s
INFO (CarpetX): OutputGH done.
INFO (CarpetX): Simulation time: 0.09375   Iterations per second: 19.4445   Simulation time per second: 0.075955
INFO (CarpetX): Grid cells: 4096   Grid cell updates per second: 79644.6
INFO (CarpetX): Performance:
INFO (CarpetX):   total evolution time:            1.22797 sec
INFO (CarpetX):   total evolution compute time:    1.22775 sec
INFO (CarpetX):   total evolution output time:     0.000224113 sec
INFO (CarpetX):   total iterations:                24
INFO (CarpetX):   total cells updated:             98304
INFO (CarpetX):   average iterations per second: 19.5444
INFO (CarpetX):   average cell updates per second: 80053.9
INFO (CarpetX): OutputGH: iteration 25, time 0.097656, run time 2 s
INFO (CarpetX): OutputGH done.
INFO (CarpetX): Simulation time: 0.0976562   Iterations per second: 19.4785   Simulation time per second: 0.0760881
INFO (CarpetX): Grid cells: 4096   Grid cell updates per second: 79784.1
INFO (CarpetX): Performance:
INFO (CarpetX):   total evolution time:            1.2785 sec
INFO (CarpetX):   total evolution compute time:    1.27827 sec
INFO (CarpetX):   total evolution output time:     0.000232935 sec
INFO (CarpetX):   total iterations:                25
INFO (CarpetX):   total cells updated:             102400
INFO (CarpetX):   average iterations per second: 19.5541
INFO (CarpetX):   average cell updates per second: 80093.8
INFO (CarpetX): OutputGH: iteration 26, time 0.101562, run time 2 s
INFO (CarpetX): OutputGH done.
INFO (CarpetX): Simulation time: 0.101562   Iterations per second: 19.5057   Simulation time per second: 0.0761943
INFO (CarpetX): Grid cells: 4096   Grid cell updates per second: 79895.5
INFO (CarpetX): Performance:
INFO (CarpetX):   total evolution time:            1.32912 sec
INFO (CarpetX):   total evolution compute time:    1.32888 sec
INFO (CarpetX):   total evolution output time:     0.000241756 sec
INFO (CarpetX):   total iterations:                26
INFO (CarpetX):   total cells updated:             106496
INFO (CarpetX):   average iterations per second: 19.5618
INFO (CarpetX):   average cell updates per second: 80124.9
INFO (CarpetX): OutputGH: iteration 27, time 0.105469, run time 3 s
INFO (CarpetX): OutputGH done.
INFO (CarpetX): Simulation time: 0.105469   Iterations per second: 19.5228   Simulation time per second: 0.0762611
INFO (CarpetX): Grid cells: 4096   Grid cell updates per second: 79965.5
INFO (CarpetX): Performance:
INFO (CarpetX):   total evolution time:            1.37994 sec
INFO (CarpetX):   total evolution compute time:    1.37969 sec
INFO (CarpetX):   total evolution output time:     0.000250816 sec
INFO (CarpetX):   total iterations:                27
INFO (CarpetX):   total cells updated:             110592
INFO (CarpetX):   average iterations per second: 19.566
INFO (CarpetX):   average cell updates per second: 80142.5
INFO (CarpetX): OutputGH: iteration 28, time 0.109375, run time 3 s
INFO (CarpetX): OutputGH done.
INFO (CarpetX): Simulation time: 0.109375   Iterations per second: 19.5447   Simulation time per second: 0.0763466
INFO (CarpetX): Grid cells: 4096   Grid cell updates per second: 80055.2
INFO (CarpetX): Performance:
INFO (CarpetX):   total evolution time:            1.43059 sec
INFO (CarpetX):   total evolution compute time:    1.43033 sec
INFO (CarpetX):   total evolution output time:     0.000259638 sec
INFO (CarpetX):   total iterations:                28
INFO (CarpetX):   total cells updated:             114688
INFO (CarpetX):   average iterations per second: 19.5723
INFO (CarpetX):   average cell updates per second: 80168.3
INFO (CarpetX): OutputGH: iteration 29, time 0.113281, run time 3 s
INFO (CarpetX): OutputGH done.
INFO (CarpetX): Simulation time: 0.113281   Iterations per second: 19.5606   Simulation time per second: 0.0764085
INFO (CarpetX): Grid cells: 4096   Grid cell updates per second: 80120.1
INFO (CarpetX): Performance:
INFO (CarpetX):   total evolution time:            1.48134 sec
INFO (CarpetX):   total evolution compute time:    1.48107 sec
INFO (CarpetX):   total evolution output time:     0.000268698 sec
INFO (CarpetX):   total iterations:                29
INFO (CarpetX):   total cells updated:             118784
INFO (CarpetX):   average iterations per second: 19.5769
INFO (CarpetX):   average cell updates per second: 80186.8
INFO (CarpetX): OutputGH: iteration 30, time 0.117188, run time 3 s
INFO (CarpetX): OutputGH done.
INFO (CarpetX): Simulation time: 0.117188   Iterations per second: 19.5803   Simulation time per second: 0.0764857
INFO (CarpetX): Grid cells: 4096   Grid cell updates per second: 80201.1
INFO (CarpetX): Performance:
INFO (CarpetX):   total evolution time:            1.53195 sec
INFO (CarpetX):   total evolution compute time:    1.53167 sec
INFO (CarpetX):   total evolution output time:     0.000277519 sec
INFO (CarpetX):   total iterations:                30
INFO (CarpetX):   total cells updated:             122880
INFO (CarpetX):   average iterations per second: 19.5829
INFO (CarpetX):   average cell updates per second: 80211.6
INFO (CarpetX): OutputGH: iteration 31, time 0.121094, run time 3 s
INFO (CarpetX): OutputGH done.
INFO (CarpetX): Simulation time: 0.121094   Iterations per second: 19.5969   Simulation time per second: 0.0765506
INFO (CarpetX): Grid cells: 4096   Grid cell updates per second: 80269.1
INFO (CarpetX): Performance:
INFO (CarpetX):   total evolution time:            1.58259 sec
INFO (CarpetX):   total evolution compute time:    1.5823 sec
INFO (CarpetX):   total evolution output time:     0.000286579 sec
INFO (CarpetX):   total iterations:                31
INFO (CarpetX):   total cells updated:             126976
INFO (CarpetX):   average iterations per second: 19.5882
INFO (CarpetX):   average cell updates per second: 80233.2
INFO (CarpetX): OutputGH: iteration 32, time 0.125000, run time 3 s
INFO (CarpetX): OutputGH done.
INFO (CarpetX): Simulation time: 0.125   Iterations per second: 19.6155   Simulation time per second: 0.0766231
INFO (CarpetX): Grid cells: 4096   Grid cell updates per second: 80345.2
INFO (CarpetX): Performance:
INFO (CarpetX):   total evolution time:            1.63313 sec
INFO (CarpetX):   total evolution compute time:    1.63284 sec
INFO (CarpetX):   total evolution output time:     0.000294447 sec
INFO (CarpetX):   total iterations:                32
INFO (CarpetX):   total cells updated:             131072
INFO (CarpetX):   average iterations per second: 19.5943
INFO (CarpetX):   average cell updates per second: 80258.1
INFO (CarpetX): OutputGH: iteration 33, time 0.128906, run time 3 s
INFO (CarpetX): OutputGH done.
INFO (CarpetX): Simulation time: 0.128906   Iterations per second: 19.6248   Simulation time per second: 0.0766595
INFO (CarpetX): Grid cells: 4096   Grid cell updates per second: 80383.3
INFO (CarpetX): Performance:
INFO (CarpetX):   total evolution time:            1.68387 sec
INFO (CarpetX):   total evolution compute time:    1.68357 sec
INFO (CarpetX):   total evolution output time:     0.000302553 sec
INFO (CarpetX):   total iterations:                33
INFO (CarpetX):   total cells updated:             135168
INFO (CarpetX):   average iterations per second: 19.5977
INFO (CarpetX):   average cell updates per second: 80272.2
INFO (CarpetX): OutputGH: iteration 34, time 0.132812, run time 3 s
INFO (CarpetX): OutputGH done.
INFO (CarpetX): Simulation time: 0.132812   Iterations per second: 19.6309   Simulation time per second: 0.0766832
INFO (CarpetX): Grid cells: 4096   Grid cell updates per second: 80408.2
INFO (CarpetX): Performance:
INFO (CarpetX):   total evolution time:            1.73467 sec
INFO (CarpetX):   total evolution compute time:    1.73436 sec
INFO (CarpetX):   total evolution output time:     0.000311375 sec
INFO (CarpetX):   total iterations:                34
INFO (CarpetX):   total cells updated:             139264
INFO (CarpetX):   average iterations per second: 19.6003
INFO (CarpetX):   average cell updates per second: 80282.8
INFO (CarpetX): OutputGH: iteration 35, time 0.136719, run time 3 s
INFO (CarpetX): OutputGH done.
INFO (CarpetX): Simulation time: 0.136719   Iterations per second: 19.6411   Simulation time per second: 0.0767229
INFO (CarpetX): Grid cells: 4096   Grid cell updates per second: 80449.7
INFO (CarpetX): Performance:
INFO (CarpetX):   total evolution time:            1.78535 sec
INFO (CarpetX):   total evolution compute time:    1.78502 sec
INFO (CarpetX):   total evolution output time:     0.000321388 sec
INFO (CarpetX):   total iterations:                35
INFO (CarpetX):   total cells updated:             143360
INFO (CarpetX):   average iterations per second: 19.6041
INFO (CarpetX):   average cell updates per second: 80298.2
INFO (CarpetX): OutputGH: iteration 36, time 0.140625, run time 3 s
INFO (CarpetX): OutputGH done.
INFO (CarpetX): Simulation time: 0.140625   Iterations per second: 19.6397   Simulation time per second: 0.0767177
INFO (CarpetX): Grid cells: 4096   Grid cell updates per second: 80444.4
INFO (CarpetX): Performance:
INFO (CarpetX):   total evolution time:            1.83629 sec
INFO (CarpetX):   total evolution compute time:    1.83596 sec
INFO (CarpetX):   total evolution output time:     0.000330448 sec
INFO (CarpetX):   total iterations:                36
INFO (CarpetX):   total cells updated:             147456
INFO (CarpetX):   average iterations per second: 19.6047
INFO (CarpetX):   average cell updates per second: 80300.9
INFO (CarpetX): OutputGH: iteration 37, time 0.144531, run time 3 s
INFO (CarpetX): OutputGH done.
INFO (CarpetX): Simulation time: 0.144531   Iterations per second: 19.6395   Simulation time per second: 0.0767167
INFO (CarpetX): Grid cells: 4096   Grid cell updates per second: 80443.3
INFO (CarpetX): Performance:
INFO (CarpetX):   total evolution time:            1.88722 sec
INFO (CarpetX):   total evolution compute time:    1.88688 sec
INFO (CarpetX):   total evolution output time:     0.000340462 sec
INFO (CarpetX):   total iterations:                37
INFO (CarpetX):   total cells updated:             151552
INFO (CarpetX):   average iterations per second: 19.6056
INFO (CarpetX):   average cell updates per second: 80304.5
INFO (CarpetX): OutputGH: iteration 38, time 0.148438, run time 3 s
INFO (CarpetX): OutputGH done.
INFO (CarpetX): Simulation time: 0.148438   Iterations per second: 19.627   Simulation time per second: 0.0766679
INFO (CarpetX): Grid cells: 4096   Grid cell updates per second: 80392.1
INFO (CarpetX): Performance:
INFO (CarpetX):   total evolution time:            1.93846 sec
INFO (CarpetX):   total evolution compute time:    1.93811 sec
INFO (CarpetX):   total evolution output time:     0.000349283 sec
INFO (CarpetX):   total iterations:                38
INFO (CarpetX):   total cells updated:             155648
INFO (CarpetX):   average iterations per second: 19.6032
INFO (CarpetX):   average cell updates per second: 80294.7
INFO (CarpetX): OutputGH: iteration 39, time 0.152344, run time 3 s
INFO (CarpetX): OutputGH done.
INFO (CarpetX): Simulation time: 0.152344   Iterations per second: 19.6416   Simulation time per second: 0.0767252
INFO (CarpetX): Grid cells: 4096   Grid cell updates per second: 80452.2
INFO (CarpetX): Performance:
INFO (CarpetX):   total evolution time:            1.98903 sec
INFO (CarpetX):   total evolution compute time:    1.98867 sec
INFO (CarpetX):   total evolution output time:     0.000358105 sec
INFO (CarpetX):   total iterations:                39
INFO (CarpetX):   total cells updated:             159744
INFO (CarpetX):   average iterations per second: 19.6076
INFO (CarpetX):   average cell updates per second: 80312.6
INFO (CarpetX): OutputGH: iteration 40, time 0.156250, run time 3 s
INFO (CarpetX): OutputGH done.
INFO (CarpetX): Simulation time: 0.15625   Iterations per second: 19.6512   Simulation time per second: 0.0767626
INFO (CarpetX): Grid cells: 4096   Grid cell updates per second: 80491.4
INFO (CarpetX): Performance:
INFO (CarpetX):   total evolution time:            2.03969 sec
INFO (CarpetX):   total evolution compute time:    2.03933 sec
INFO (CarpetX):   total evolution output time:     0.000367165 sec
INFO (CarpetX):   total iterations:                40
INFO (CarpetX):   total cells updated:             163840
INFO (CarpetX):   average iterations per second: 19.6108
INFO (CarpetX):   average cell updates per second: 80325.8
INFO (CarpetX): OutputGH: iteration 41, time 0.160156, run time 3 s
INFO (CarpetX): OutputGH done.
INFO (CarpetX): Simulation time: 0.160156   Iterations per second: 19.6537   Simulation time per second: 0.0767722
INFO (CarpetX): Grid cells: 4096   Grid cell updates per second: 80501.5
INFO (CarpetX): Performance:
INFO (CarpetX):   total evolution time:            2.09052 sec
INFO (CarpetX):   total evolution compute time:    2.09014 sec
INFO (CarpetX):   total evolution output time:     0.000376225 sec
INFO (CarpetX):   total iterations:                41
INFO (CarpetX):   total cells updated:             167936
INFO (CarpetX):   average iterations per second: 19.6124
INFO (CarpetX):   average cell updates per second: 80332.3
INFO (CarpetX): OutputGH: iteration 42, time 0.164062, run time 3 s
INFO (CarpetX): OutputGH done.
INFO (CarpetX): Simulation time: 0.164062   Iterations per second: 19.6622   Simulation time per second: 0.0768056
INFO (CarpetX): Grid cells: 4096   Grid cell updates per second: 80536.5
INFO (CarpetX): Performance:
INFO (CarpetX):   total evolution time:            2.14118 sec
INFO (CarpetX):   total evolution compute time:    2.14079 sec
INFO (CarpetX):   total evolution output time:     0.000384331 sec
INFO (CarpetX):   total iterations:                42
INFO (CarpetX):   total cells updated:             172032
INFO (CarpetX):   average iterations per second: 19.6154
INFO (CarpetX):   average cell updates per second: 80344.6
INFO (CarpetX): OutputGH: iteration 43, time 0.167969, run time 3 s
INFO (CarpetX): OutputGH done.
INFO (CarpetX): Simulation time: 0.167969   Iterations per second: 19.6509   Simulation time per second: 0.0767613
INFO (CarpetX): Grid cells: 4096   Grid cell updates per second: 80490.1
INFO (CarpetX): Performance:
INFO (CarpetX):   total evolution time:            2.19233 sec
INFO (CarpetX):   total evolution compute time:    2.19194 sec
INFO (CarpetX):   total evolution output time:     0.000393391 sec
INFO (CarpetX):   total iterations:                43
INFO (CarpetX):   total cells updated:             176128
INFO (CarpetX):   average iterations per second: 19.6138
INFO (CarpetX):   average cell updates per second: 80338.3
INFO (CarpetX): OutputGH: iteration 44, time 0.171875, run time 3 s
INFO (CarpetX): OutputGH done.
INFO (CarpetX): Simulation time: 0.171875   Iterations per second: 19.6616   Simulation time per second: 0.0768033
INFO (CarpetX): Grid cells: 4096   Grid cell updates per second: 80534.1
INFO (CarpetX): Performance:
INFO (CarpetX):   total evolution time:            2.24294 sec
INFO (CarpetX):   total evolution compute time:    2.24254 sec
INFO (CarpetX):   total evolution output time:     0.000402451 sec
INFO (CarpetX):   total iterations:                44
INFO (CarpetX):   total cells updated:             180224
INFO (CarpetX):   average iterations per second: 19.6171
INFO (CarpetX):   average cell updates per second: 80351.7
INFO (CarpetX): OutputGH: iteration 45, time 0.175781, run time 3 s
INFO (CarpetX): OutputGH done.
INFO (CarpetX): Simulation time: 0.175781   Iterations per second: 19.6773   Simulation time per second: 0.0768643
INFO (CarpetX): Grid cells: 4096   Grid cell updates per second: 80598
INFO (CarpetX): Performance:
INFO (CarpetX):   total evolution time:            2.2934 sec
INFO (CarpetX):   total evolution compute time:    2.29299 sec
INFO (CarpetX):   total evolution output time:     0.000409365 sec
INFO (CarpetX):   total iterations:                45
INFO (CarpetX):   total cells updated:             184320
INFO (CarpetX):   average iterations per second: 19.6216
INFO (CarpetX):   average cell updates per second: 80369.9
INFO (CarpetX): OutputGH: iteration 46, time 0.179688, run time 3 s
INFO (CarpetX): OutputGH done.
INFO (CarpetX): Simulation time: 0.179688   Iterations per second: 19.6821   Simulation time per second: 0.0768832
INFO (CarpetX): Grid cells: 4096   Grid cell updates per second: 80617.9
INFO (CarpetX): Performance:
INFO (CarpetX):   total evolution time:            2.34409 sec
INFO (CarpetX):   total evolution compute time:    2.34367 sec
INFO (CarpetX):   total evolution output time:     0.000416279 sec
INFO (CarpetX):   total iterations:                46
INFO (CarpetX):   total cells updated:             188416
INFO (CarpetX):   average iterations per second: 19.6238
INFO (CarpetX):   average cell updates per second: 80379.1
INFO (CarpetX): OutputGH: iteration 47, time 0.183594, run time 4 s
INFO (CarpetX): OutputGH done.
INFO (CarpetX): Simulation time: 0.183594   Iterations per second: 19.6799   Simulation time per second: 0.0768745
INFO (CarpetX): Grid cells: 4096   Grid cell updates per second: 80608.8
INFO (CarpetX): Performance:
INFO (CarpetX):   total evolution time:            2.39496 sec
INFO (CarpetX):   total evolution compute time:    2.39453 sec
INFO (CarpetX):   total evolution output time:     0.000424147 sec
INFO (CarpetX):   total iterations:                47
INFO (CarpetX):   total cells updated:             192512
INFO (CarpetX):   average iterations per second: 19.6246
INFO (CarpetX):   average cell updates per second: 80382.3
INFO (CarpetX): OutputGH: iteration 48, time 0.187500, run time 4 s
INFO (CarpetX): OutputGH done.
INFO (CarpetX): Simulation time: 0.1875   Iterations per second: 19.6723   Simulation time per second: 0.0768448
INFO (CarpetX): Grid cells: 4096   Grid cell updates per second: 80577.6
INFO (CarpetX): Performance:
INFO (CarpetX):   total evolution time:            2.44597 sec
INFO (CarpetX):   total evolution compute time:    2.44553 sec
INFO (CarpetX):   total evolution output time:     0.000433207 sec
INFO (CarpetX):   total iterations:                48
INFO (CarpetX):   total cells updated:             196608
INFO (CarpetX):   average iterations per second: 19.6242
INFO (CarpetX):   average cell updates per second: 80380.5
INFO (CarpetX): OutputGH: iteration 49, time 0.191406, run time 4 s
INFO (CarpetX): OutputGH done.
INFO (CarpetX): Simulation time: 0.191406   Iterations per second: 19.6773   Simulation time per second: 0.0768645
INFO (CarpetX): Grid cells: 4096   Grid cell updates per second: 80598.2
INFO (CarpetX): Performance:
INFO (CarpetX):   total evolution time:            2.49667 sec
INFO (CarpetX):   total evolution compute time:    2.49621 sec
INFO (CarpetX):   total evolution output time:     0.000458002 sec
INFO (CarpetX):   total iterations:                49
INFO (CarpetX):   total cells updated:             200704
INFO (CarpetX):   average iterations per second: 19.6262
INFO (CarpetX):   average cell updates per second: 80388.7
INFO (CarpetX): OutputGH: iteration 50, time 0.195312, run time 4 s
INFO (CarpetX): OutputGH done.
INFO (CarpetX): Simulation time: 0.195312   Iterations per second: 19.681   Simulation time per second: 0.0768788
INFO (CarpetX): Grid cells: 4096   Grid cell updates per second: 80613.3
INFO (CarpetX): Performance:
INFO (CarpetX):   total evolution time:            2.54739 sec
INFO (CarpetX):   total evolution compute time:    2.54693 sec
INFO (CarpetX):   total evolution output time:     0.000467062 sec
INFO (CarpetX):   total iterations:                50
INFO (CarpetX):   total cells updated:             204800
INFO (CarpetX):   average iterations per second: 19.6279
INFO (CarpetX):   average cell updates per second: 80395.9
INFO (CarpetX): OutputGH: iteration 51, time 0.199219, run time 4 s
INFO (CarpetX): OutputGH done.
INFO (CarpetX): Simulation time: 0.199219   Iterations per second: 19.6811   Simulation time per second: 0.0768794
INFO (CarpetX): Grid cells: 4096   Grid cell updates per second: 80613.8
INFO (CarpetX): Performance:
INFO (CarpetX):   total evolution time:            2.5982 sec
INFO (CarpetX):   total evolution compute time:    2.59772 sec
INFO (CarpetX):   total evolution output time:     0.000475883 sec
INFO (CarpetX):   total iterations:                51
INFO (CarpetX):   total cells updated:             208896
INFO (CarpetX):   average iterations per second: 19.629
INFO (CarpetX):   average cell updates per second: 80400.3
INFO (CarpetX): OutputGH: iteration 52, time 0.203125, run time 4 s
INFO (CarpetX): OutputGH done.
INFO (CarpetX): Simulation time: 0.203125   Iterations per second: 19.687   Simulation time per second: 0.0769022
INFO (CarpetX): Grid cells: 4096   Grid cell updates per second: 80637.8
INFO (CarpetX): Performance:
INFO (CarpetX):   total evolution time:            2.64886 sec
INFO (CarpetX):   total evolution compute time:    2.64838 sec
INFO (CarpetX):   total evolution output time:     0.00048399 sec
INFO (CarpetX):   total iterations:                52
INFO (CarpetX):   total cells updated:             212992
INFO (CarpetX):   average iterations per second: 19.6311
INFO (CarpetX):   average cell updates per second: 80408.9
INFO (CarpetX): OutputGH: iteration 53, time 0.207031, run time 4 s
INFO (CarpetX): OutputGH done.
INFO (CarpetX): Simulation time: 0.207031   Iterations per second: 19.6809   Simulation time per second: 0.0768785
INFO (CarpetX): Grid cells: 4096   Grid cell updates per second: 80612.9
INFO (CarpetX): Performance:
INFO (CarpetX):   total evolution time:            2.69981 sec
INFO (CarpetX):   total evolution compute time:    2.69932 sec
INFO (CarpetX):   total evolution output time:     0.00049305 sec
INFO (CarpetX):   total iterations:                53
INFO (CarpetX):   total cells updated:             217088
INFO (CarpetX):   average iterations per second: 19.631
INFO (CarpetX):   average cell updates per second: 80408.6
INFO (CarpetX): OutputGH: iteration 54, time 0.210938, run time 4 s
INFO (CarpetX): OutputGH done.
INFO (CarpetX): Simulation time: 0.210938   Iterations per second: 19.6796   Simulation time per second: 0.0768736
INFO (CarpetX): Grid cells: 4096   Grid cell updates per second: 80607.8
INFO (CarpetX): Performance:
INFO (CarpetX):   total evolution time:            2.75065 sec
INFO (CarpetX):   total evolution compute time:    2.75015 sec
INFO (CarpetX):   total evolution output time:     0.000501871 sec
INFO (CarpetX):   total iterations:                54
INFO (CarpetX):   total cells updated:             221184
INFO (CarpetX):   average iterations per second: 19.6317
INFO (CarpetX):   average cell updates per second: 80411.4
INFO (CarpetX): OutputGH: iteration 55, time 0.214844, run time 4 s
INFO (CarpetX): OutputGH done.
INFO (CarpetX): Simulation time: 0.214844   Iterations per second: 19.6834   Simulation time per second: 0.0768883
INFO (CarpetX): Grid cells: 4096   Grid cell updates per second: 80623.2
INFO (CarpetX): Performance:
INFO (CarpetX):   total evolution time:            2.80137 sec
INFO (CarpetX):   total evolution compute time:    2.80086 sec
INFO (CarpetX):   total evolution output time:     0.000510693 sec
INFO (CarpetX):   total iterations:                55
INFO (CarpetX):   total cells updated:             225280
INFO (CarpetX):   average iterations per second: 19.6332
INFO (CarpetX):   average cell updates per second: 80417.8
INFO (CarpetX): OutputGH: iteration 56, time 0.218750, run time 4 s
INFO (CarpetX): OutputGH done.
INFO (CarpetX): Simulation time: 0.21875   Iterations per second: 19.6791   Simulation time per second: 0.0768714
INFO (CarpetX): Grid cells: 4096   Grid cell updates per second: 80605.5
INFO (CarpetX): Performance:
INFO (CarpetX):   total evolution time:            2.85229 sec
INFO (CarpetX):   total evolution compute time:    2.85177 sec
INFO (CarpetX):   total evolution output time:     0.000519753 sec
INFO (CarpetX):   total iterations:                56
INFO (CarpetX):   total cells updated:             229376
INFO (CarpetX):   average iterations per second: 19.6334
INFO (CarpetX):   average cell updates per second: 80418.3
INFO (CarpetX): OutputGH: iteration 57, time 0.222656, run time 4 s
INFO (CarpetX): OutputGH done.
INFO (CarpetX): Simulation time: 0.222656   Iterations per second: 19.6812   Simulation time per second: 0.0768796
INFO (CarpetX): Grid cells: 4096   Grid cell updates per second: 80614.1
INFO (CarpetX): Performance:
INFO (CarpetX):   total evolution time:            2.90305 sec
INFO (CarpetX):   total evolution compute time:    2.90252 sec
INFO (CarpetX):   total evolution output time:     0.000528812 sec
INFO (CarpetX):   total iterations:                57
INFO (CarpetX):   total cells updated:             233472
INFO (CarpetX):   average iterations per second: 19.6345
INFO (CarpetX):   average cell updates per second: 80423.1
INFO (CarpetX): OutputGH: iteration 58, time 0.226562, run time 4 s
INFO (CarpetX): OutputGH done.
INFO (CarpetX): Simulation time: 0.226562   Iterations per second: 19.6817   Simulation time per second: 0.0768816
INFO (CarpetX): Grid cells: 4096   Grid cell updates per second: 80616.2
INFO (CarpetX): Performance:
INFO (CarpetX):   total evolution time:            2.95385 sec
INFO (CarpetX):   total evolution compute time:    2.95331 sec
INFO (CarpetX):   total evolution output time:     0.000537872 sec
INFO (CarpetX):   total iterations:                58
INFO (CarpetX):   total cells updated:             237568
INFO (CarpetX):   average iterations per second: 19.6354
INFO (CarpetX):   average cell updates per second: 80426.7
INFO (CarpetX): OutputGH: iteration 59, time 0.230469, run time 4 s
INFO (CarpetX): OutputGH done.
INFO (CarpetX): Simulation time: 0.230469   Iterations per second: 19.6952   Simulation time per second: 0.0769342
INFO (CarpetX): Grid cells: 4096   Grid cell updates per second: 80671.4
INFO (CarpetX): Performance:
INFO (CarpetX):   total evolution time:            3.00431 sec
INFO (CarpetX):   total evolution compute time:    3.00376 sec
INFO (CarpetX):   total evolution output time:     0.000546932 sec
INFO (CarpetX):   total iterations:                59
INFO (CarpetX):   total cells updated:             241664
INFO (CarpetX):   average iterations per second: 19.6385
INFO (CarpetX):   average cell updates per second: 80439.2
INFO (CarpetX): OutputGH: iteration 60, time 0.234375, run time 4 s
INFO (CarpetX): OutputGH done.
INFO (CarpetX): Simulation time: 0.234375   Iterations per second: 19.7059   Simulation time per second: 0.0769762
INFO (CarpetX): Grid cells: 4096   Grid cell updates per second: 80715.4
INFO (CarpetX): Performance:
INFO (CarpetX):   total evolution time:            3.0548 sec
INFO (CarpetX):   total evolution compute time:    3.05425 sec
INFO (CarpetX):   total evolution output time:     0.000555754 sec
INFO (CarpetX):   total iterations:                60
INFO (CarpetX):   total cells updated:             245760
INFO (CarpetX):   average iterations per second: 19.6412
INFO (CarpetX):   average cell updates per second: 80450.3
INFO (CarpetX): OutputGH: iteration 61, time 0.238281, run time 4 s
INFO (CarpetX): OutputGH done.
INFO (CarpetX): Simulation time: 0.238281   Iterations per second: 19.7147   Simulation time per second: 0.0770107
INFO (CarpetX): Grid cells: 4096   Grid cell updates per second: 80751.5
INFO (CarpetX): Performance:
INFO (CarpetX):   total evolution time:            3.10532 sec
INFO (CarpetX):   total evolution compute time:    3.10476 sec
INFO (CarpetX):   total evolution output time:     0.000564814 sec
INFO (CarpetX):   total iterations:                61
INFO (CarpetX):   total cells updated:             249856
INFO (CarpetX):   average iterations per second: 19.6437
INFO (CarpetX):   average cell updates per second: 80460.6
INFO (CarpetX): OutputGH: iteration 62, time 0.242188, run time 4 s
INFO (CarpetX): OutputGH done.
INFO (CarpetX): Simulation time: 0.242188   Iterations per second: 19.732   Simulation time per second: 0.0770782
INFO (CarpetX): Grid cells: 4096   Grid cell updates per second: 80822.3
INFO (CarpetX): Performance:
INFO (CarpetX):   total evolution time:            3.1556 sec
INFO (CarpetX):   total evolution compute time:    3.15503 sec
INFO (CarpetX):   total evolution output time:     0.000572681 sec
INFO (CarpetX):   total iterations:                62
INFO (CarpetX):   total cells updated:             253952
INFO (CarpetX):   average iterations per second: 19.6476
INFO (CarpetX):   average cell updates per second: 80476.6
INFO (CarpetX): OutputGH: iteration 63, time 0.246094, run time 4 s
INFO (CarpetX): OutputGH done.
INFO (CarpetX): Simulation time: 0.246094   Iterations per second: 19.7359   Simulation time per second: 0.0770933
INFO (CarpetX): Grid cells: 4096   Grid cell updates per second: 80838.1
INFO (CarpetX): Performance:
INFO (CarpetX):   total evolution time:            3.20618 sec
INFO (CarpetX):   total evolution compute time:    3.2056 sec
INFO (CarpetX):   total evolution output time:     0.000581741 sec
INFO (CarpetX):   total iterations:                63
INFO (CarpetX):   total cells updated:             258048
INFO (CarpetX):   average iterations per second: 19.6495
INFO (CarpetX):   average cell updates per second: 80484.5
INFO (CarpetX): OutputGH: iteration 64, time 0.250000, run time 4 s
INFO (CarpetX): OutputGH done.
INFO (CarpetX): Simulation time: 0.25   Iterations per second: 8.9487   Simulation time per second: 0.0349559
INFO (CarpetX): Grid cells: 4096   Grid cell updates per second: 36653.9
INFO (CarpetX): Performance:
INFO (CarpetX):   total evolution time:            3.86764 sec
INFO (CarpetX):   total evolution compute time:    3.26824 sec
INFO (CarpetX):   total evolution output time:     0.599401 sec
INFO (CarpetX):   total iterations:                64
INFO (CarpetX):   total cells updated:             262144
INFO (CarpetX):   average iterations per second: 16.5476
INFO (CarpetX):   average cell updates per second: 67778.8
INFO (CarpetX): Shutting down...
AMReX (25.11) finalized
--------------------------------------------------------------------------------
Done.
+ echo Stopping:
Stopping:
+ date
Tue Sep  1 06:06:38 UTC 2026
+ echo Done.
Done.
  Elapsed time: 5.2 s
