/home/runner/simulations/TestJob01_temp_2/output-0000/TEST/sim/CanudaX_BSSNMoL
Preparing:
+ set -e
+ cd output-0000-active
+ echo Checking:
Checking:
+ pwd
/home/runner/simulations/TestJob01_temp_2/output-0000/TEST/sim/CanudaX_BSSNMoL/output-0000-active
+ hostname
runnervm3jyl0
+ date
Mon Jun  8 21:09:30 UTC 2026
+ echo Environment:
Environment:
+ export CACTUS_NUM_PROCS=2
+ CACTUS_NUM_PROCS=2
+ export CACTUS_NUM_THREADS=1
+ CACTUS_NUM_THREADS=1
+ export GMON_OUT_PREFIX=gmon.out
+ GMON_OUT_PREFIX=gmon.out
+ export OMP_NUM_THREADS=1
+ OMP_NUM_THREADS=1
+ env
+ sort
+ echo Starting:
Starting:
++ date +%s
+ export CACTUS_STARTTIME=1780952970
+ CACTUS_STARTTIME=1780952970
+ '[' 2 = 1 ']'
+ mpirun -np 2 /home/runner/simulations/TestJob01_temp_2/SIMFACTORY/exe/cactus_sim -L 3 /home/runner/simulations/TestJob01_temp_2/output-0000/arrangements/CanudaX/CanudaX_BSSNMoL/test/gaugewave.par
INFO (Cactus): Increased logging level from 0 to 3
--------------------------------------------------------------------------------

       10                                  
  1   0101       ************************  
  01  1010 10      The Cactus Code V4.20.0    
 1010 1101 011      www.cactuscode.org     
  1001 100101    ************************  
    00010101                               
     100011     (c) Copyright The Authors  
      0100      GNU Licensed. No Warranty  
      0101                                 
--------------------------------------------------------------------------------

Cactus version:    4.20.0
Compile date:      Jun 08 2026 (20:46:47)
Run date:          Jun 08 2026 (21:09:31+0000)
Run host:          runnervm3jyl0.n2dx4ogtjqduzjbfskz3cy5awf.phxx.internal.cloudapp.net (pid=180468)
Working directory: /home/runner/simulations/TestJob01_temp_2/output-0000/TEST/sim/CanudaX_BSSNMoL
Executable:        /home/runner/simulations/TestJob01_temp_2/SIMFACTORY/exe/cactus_sim
Parameter file:    /home/runner/simulations/TestJob01_temp_2/output-0000/arrangements/CanudaX/CanudaX_BSSNMoL/test/gaugewave.par
--------------------------------------------------------------------------------

Activating thorn Cactus...Success -> active implementation Cactus
Activation requested for 
--->ADMBaseX CanudaX_BSSNMoL CanudaX_ExactID CarpetX IOUtil ODESolvers TmunuBaseX<---
Thorn ADMBaseX requests automatic activation of Loop
Thorn CarpetX requests automatic activation of AMReX
Thorn CarpetX requests automatic activation of MPI
Thorn CarpetX requests automatic activation of yaml_cpp
Thorn CarpetX requests automatic activation of zlib
Thorn CarpetX requests automatic activation of Arith
Thorn CarpetX requests automatic activation of CarpetXRegrid
Thorn CarpetX requests automatic activation of ADIOS2
Thorn CarpetX requests automatic activation of openPMD
Thorn CarpetX requests automatic activation of Silo
Thorn ADIOS2 requests automatic activation of CMake
Thorn Arith requests automatic activation of NSIMD
Thorn MPI requests automatic activation of hwloc
Thorn openPMD requests automatic activation of HDF5
Activating thorn ADIOS2...Success -> active implementation ADIOS2
Activating thorn ADMBaseX...Success -> active implementation ADMBaseX
Activating thorn AMReX...Success -> active implementation AMReX
Activating thorn Arith...Success -> active implementation Arith
Activating thorn CanudaX_BSSNMoL...Success -> active implementation CanudaX_BSSNMoL
Activating thorn CanudaX_ExactID...Success -> active implementation CanudaX_ExactID
Activating thorn CarpetX...Success -> active implementation Driver
Activating thorn CarpetXRegrid...Success -> active implementation CarpetXRegrid
Activating thorn CMake...Success -> active implementation CMake
Activating thorn HDF5...Success -> active implementation HDF5
Activating thorn hwloc...Success -> active implementation hwloc
Activating thorn IOUtil...Success -> active implementation IO
Activating thorn Loop...Success -> active implementation Loop
Activating thorn MPI...Success -> active implementation MPI
Activating thorn NSIMD...Success -> active implementation NSIMD
Activating thorn ODESolvers...Success -> active implementation ODESolvers
Activating thorn openPMD...Success -> active implementation openPMD
Activating thorn Silo...Success -> active implementation Silo
Activating thorn TmunuBaseX...Success -> active implementation TmunuBaseX
Activating thorn yaml_cpp...Success -> active implementation yaml_cpp
Activating thorn zlib...Success -> active implementation zlib
--------------------------------------------------------------------------------
  if (recover initial data)
    Recover parameters
  endif

  Startup routines
    [CCTK_STARTUP]
      CarpetX::Driver_Startup: Start up the driver
      IOUtil::IOUtil_Startup: Startup routine
      GROUP hwloc_startup: hwloc startup group
        hwloc::hwloc_version: Output hwloc version

  Startup routines which need an existing grid hierarchy
    [CCTK_WRAGH]
      Arith::Test_smallvector: [meta] Test small vectors
      Arith::Test_spvect: [meta] Test sparse vectors
      ODESolvers::ODESolvers_InitConstants: [global] Set up dummy loop counters for schedule printout
  Parameter checking routines
    [CCTK_PARAMCHECK]
      CanudaX_BSSNMoL::CanudaX_BSSNMoL_paramcheck: Check CanudaX_BSSNMoL parameters for consistency

  Initialisation
    if (NOT (recover initial data AND recovery_mode is 'strict'))
      [CCTK_PREREGRIDINITIAL]
      Set up grid hierarchy
      [CCTK_POSTREGRIDINITIAL]
      [CCTK_BASEGRID]
        CarpetXRegrid::CarpetXRegrid_InitError: Initialize regridding error to zero
        GROUP ODESolvers_BaseGrid: Set up constants (e.g. coordinates) everywhere on the grid
      [CCTK_INITIAL]
        GROUP TmunuBaseX_SetTmunuVars: Schedule group for setting T_munu
          TmunuBaseX::TmunuBaseX_ZeroTmunu: Set T_munu to zero
          GROUP TmunuBaseX_AddToTmunu: Add to T_munu here
        GROUP ODESolvers_Initial: Set up initial conditions on interior of state vector
          GROUP ADMBaseX_InitialData: Schedule group for calculating ADM initial data
            GROUP CanudaX_ExactIDGroup: CanudaX_ExactID group for setting up initial data
              CanudaX_ExactID::CanudaX_ExactID_GaugeWave: [local] Create gauge wave initial data
          GROUP ADMBaseX_InitialGauge: Schedule group for the ADM initial gauge condition
            ADMBaseX::ADMBaseX_initial_dtlapse: Set dtlapse to zero
            ADMBaseX::ADMBaseX_initial_dtshift: Set dtshift to zero
          GROUP ADMBaseX_PostInitial: Schedule group for modifying the ADM initial data, such as e.g. adding noise
        GROUP CanudaX_BSSNMoL_InitialGroup: CanudaX_BSSNMoL: initial bin
          CanudaX_BSSNMoL::CanudaX_BSSNMoL_adm2bssn: [local] Convert initial data into BSSN variables
          CanudaX_BSSNMoL::CanudaX_BSSNMoL_gammat: [local] Set Gammat initial data
      [CCTK_POSTINITIAL]
        GROUP ODESolvers_PostStep: Apply boundary conditions to state vector, and project if necessary
          GROUP CanudaX_BSSNMoL_PostStepGroup: CanudaX_BSSNMoL: post-step operations
            CanudaX_BSSNMoL::CanudaX_BSSNMoL_impose_conf_fac_floor: Make sure conformal factor does not drop below specified value
            CanudaX_BSSNMoL::CanudaX_BSSNMoL_reset_detmetric: reset dethh = 1
            CanudaX_BSSNMoL::CanudaX_BSSNMoL_remove_trA: Remove trace of A
            CanudaX_BSSNMoL::CanudaX_BSSNMoL_sync: [global] Sync state vector
            CanudaX_BSSNMoL::CanudaX_BSSNMoL_bssn2adm: [local] Convert variables back to the ADM ones
          GROUP ADMBaseX_SetADMRHS: Set ADM RHS variables in this group
          GROUP ADMBaseX_SetADMVars: Set ADM variables in this group
          GROUP TmunuBaseX_SetTmunuVars: Schedule group for setting T_munu
            TmunuBaseX::TmunuBaseX_ZeroTmunu: Set T_munu to zero
            GROUP TmunuBaseX_AddToTmunu: Add to T_munu here
        GROUP ODESolvers_EstimateError: Estimate discretization error (for regridding)
      Initialise finer grids recursively
      Restrict from finer grids
      [CCTK_POSTRESTRICTINITIAL]
      [CCTK_POSTPOSTINITIAL]
      [CCTK_POSTSTEP]
        GROUP ODESolvers_EstimateError: Estimate discretization error (for regridding)
    endif
    if (recover initial data)
      [CCTK_BASEGRID]
        CarpetXRegrid::CarpetXRegrid_InitError: Initialize regridding error to zero
        GROUP ODESolvers_BaseGrid: Set up constants (e.g. coordinates) everywhere on the grid
      [CCTK_RECOVER_VARIABLES]
      [CCTK_POST_RECOVER_VARIABLES]
        GROUP ODESolvers_PostStep: Apply boundary conditions to state vector, and project if necessary
          GROUP CanudaX_BSSNMoL_PostStepGroup: CanudaX_BSSNMoL: post-step operations
            CanudaX_BSSNMoL::CanudaX_BSSNMoL_impose_conf_fac_floor: Make sure conformal factor does not drop below specified value
            CanudaX_BSSNMoL::CanudaX_BSSNMoL_reset_detmetric: reset dethh = 1
            CanudaX_BSSNMoL::CanudaX_BSSNMoL_remove_trA: Remove trace of A
            CanudaX_BSSNMoL::CanudaX_BSSNMoL_sync: [global] Sync state vector
            CanudaX_BSSNMoL::CanudaX_BSSNMoL_bssn2adm: [local] Convert variables back to the ADM ones
          GROUP ADMBaseX_SetADMRHS: Set ADM RHS variables in this group
          GROUP ADMBaseX_SetADMVars: Set ADM variables in this group
          GROUP TmunuBaseX_SetTmunuVars: Schedule group for setting T_munu
            TmunuBaseX::TmunuBaseX_ZeroTmunu: Set T_munu to zero
            GROUP TmunuBaseX_AddToTmunu: Add to T_munu here
        GROUP ODESolvers_EstimateError: Estimate discretization error (for regridding)
    endif
    if (checkpoint initial data)
      [CCTK_CPINITIAL]
        CarpetX::CarpetX_CheckpointInitial: [meta] Checkpoint initial conditions
    endif
    if (analysis)
      [CCTK_ANALYSIS]
        CanudaX_BSSNMoL::CanudaX_BSSNMoL_bssn_constraints: Compute constraints
        GROUP ODESolvers_Analysis: Calculate analysis quantities everywhere
  endif
  Output grid variables

  do loop over timesteps
    [CCTK_PREREGRID]
    Change grid hierarchy
    [CCTK_POSTREGRID]
      GROUP ODESolvers_PostStep: Apply boundary conditions to state vector, and project if necessary
        GROUP CanudaX_BSSNMoL_PostStepGroup: CanudaX_BSSNMoL: post-step operations
          CanudaX_BSSNMoL::CanudaX_BSSNMoL_impose_conf_fac_floor: Make sure conformal factor does not drop below specified value
          CanudaX_BSSNMoL::CanudaX_BSSNMoL_reset_detmetric: reset dethh = 1
          CanudaX_BSSNMoL::CanudaX_BSSNMoL_remove_trA: Remove trace of A
          CanudaX_BSSNMoL::CanudaX_BSSNMoL_sync: [global] Sync state vector
          CanudaX_BSSNMoL::CanudaX_BSSNMoL_bssn2adm: [local] Convert variables back to the ADM ones
        GROUP ADMBaseX_SetADMRHS: Set ADM RHS variables in this group
        GROUP ADMBaseX_SetADMVars: Set ADM variables in this group
        GROUP TmunuBaseX_SetTmunuVars: Schedule group for setting T_munu
          TmunuBaseX::TmunuBaseX_ZeroTmunu: Set T_munu to zero
          GROUP TmunuBaseX_AddToTmunu: Add to T_munu here
    Rotate timelevels
    iteration = iteration+1
    t = t+dt
    [CCTK_PRESTEP]
    [CCTK_EVOL]
      ODESolvers::ODESolvers_Solve: [level] Solve ODEs
      while (ODESolvers::do_substeps)
        GROUP ODESolvers_CalledBySolve: Groups internally scheduled by ODESolvers_Solve
          GROUP ODESolvers_RHS: Evaluate the RHS for of state vector everywhere on the grid
            GROUP CanudaX_BSSNMoL_RHSGroup: CanudaX_BSSNMoL: calculate BSSN RHS
              CanudaX_BSSNMoL::CanudaX_BSSNMoL_calc_bssn_rhs: MoL RHS calculation
              CanudaX_BSSNMoL::CanudaX_BSSNMoL_apply_boundary_conditions: Apply radiative boundary conditions 
          GROUP ODESolvers_PostStep: Apply boundary conditions to state vector, and project if necessary
            GROUP CanudaX_BSSNMoL_PostStepGroup: CanudaX_BSSNMoL: post-step operations
              CanudaX_BSSNMoL::CanudaX_BSSNMoL_impose_conf_fac_floor: Make sure conformal factor does not drop below specified value
              CanudaX_BSSNMoL::CanudaX_BSSNMoL_reset_detmetric: reset dethh = 1
              CanudaX_BSSNMoL::CanudaX_BSSNMoL_remove_trA: Remove trace of A
              CanudaX_BSSNMoL::CanudaX_BSSNMoL_sync: [global] Sync state vector
              CanudaX_BSSNMoL::CanudaX_BSSNMoL_bssn2adm: [local] Convert variables back to the ADM ones
            GROUP ADMBaseX_SetADMRHS: Set ADM RHS variables in this group
            GROUP ADMBaseX_SetADMVars: Set ADM variables in this group
            GROUP TmunuBaseX_SetTmunuVars: Schedule group for setting T_munu
              TmunuBaseX::TmunuBaseX_ZeroTmunu: Set T_munu to zero
              GROUP TmunuBaseX_AddToTmunu: Add to T_munu here
      end while
    Evolve finer grids recursively
    Restrict from finer grids
    [CCTK_POSTRESTRICT]
      GROUP ODESolvers_PostStep: Apply boundary conditions to state vector, and project if necessary
        GROUP CanudaX_BSSNMoL_PostStepGroup: CanudaX_BSSNMoL: post-step operations
          CanudaX_BSSNMoL::CanudaX_BSSNMoL_impose_conf_fac_floor: Make sure conformal factor does not drop below specified value
          CanudaX_BSSNMoL::CanudaX_BSSNMoL_reset_detmetric: reset dethh = 1
          CanudaX_BSSNMoL::CanudaX_BSSNMoL_remove_trA: Remove trace of A
          CanudaX_BSSNMoL::CanudaX_BSSNMoL_sync: [global] Sync state vector
          CanudaX_BSSNMoL::CanudaX_BSSNMoL_bssn2adm: [local] Convert variables back to the ADM ones
        GROUP ADMBaseX_SetADMRHS: Set ADM RHS variables in this group
        GROUP ADMBaseX_SetADMVars: Set ADM variables in this group
        GROUP TmunuBaseX_SetTmunuVars: Schedule group for setting T_munu
          TmunuBaseX::TmunuBaseX_ZeroTmunu: Set T_munu to zero
          GROUP TmunuBaseX_AddToTmunu: Add to T_munu here
    [CCTK_POSTSTEP]
      GROUP ODESolvers_EstimateError: Estimate discretization error (for regridding)
    if (checkpoint)
      [CCTK_CHECKPOINT]
      CarpetX::CarpetX_Checkpoint: [meta] Checkpoint
    endif
    if (analysis)
      [CCTK_ANALYSIS]
      CanudaX_BSSNMoL::CanudaX_BSSNMoL_bssn_constraints: Compute constraints
      GROUP ODESolvers_Analysis: Calculate analysis quantities everywhere
    endif
    Output grid variables
    enddo

  Termination routines
    [CCTK_TERMINATE]
      CarpetX::CarpetX_CheckpointTerminate: [meta] Checkpoint before terminating

  Shutdown routines
    [CCTK_SHUTDOWN]
      CarpetX::Driver_Shutdown: [meta] Shut down the driver

  Routines run after changing the grid hierarchy:
    [CCTK_POSTREGRID]
      GROUP ODESolvers_PostStep: Apply boundary conditions to state vector, and project if necessary
        GROUP CanudaX_BSSNMoL_PostStepGroup: CanudaX_BSSNMoL: post-step operations
          CanudaX_BSSNMoL::CanudaX_BSSNMoL_impose_conf_fac_floor: Make sure conformal factor does not drop below specified value
          CanudaX_BSSNMoL::CanudaX_BSSNMoL_reset_detmetric: reset dethh = 1
          CanudaX_BSSNMoL::CanudaX_BSSNMoL_remove_trA: Remove trace of A
          CanudaX_BSSNMoL::CanudaX_BSSNMoL_sync: [global] Sync state vector
          CanudaX_BSSNMoL::CanudaX_BSSNMoL_bssn2adm: [local] Convert variables back to the ADM ones
        GROUP ADMBaseX_SetADMRHS: Set ADM RHS variables in this group
        GROUP ADMBaseX_SetADMVars: Set ADM variables in this group
        GROUP TmunuBaseX_SetTmunuVars: Schedule group for setting T_munu
          TmunuBaseX::TmunuBaseX_ZeroTmunu: Set T_munu to zero
          GROUP TmunuBaseX_AddToTmunu: Add to T_munu here
--------------------------------------------------------------------------------
INFO (hwloc): library version 2.10.0, API version 0x20800
--------------------------------------------------------------------------------

  [34m  ▕▏  [34m  ▕▏  [34m  ▕▏  [34m  ▕▏  [34m  ▕▏  [34m  ▕▏  [34m  ▕▏  [34m  ▕▏  [34m  ▕▏  [39m  
  [34m──██──[34m──██──[34m──██──[34m──██──[34m──██──[34m──██──[34m──██──[34m──██──[34m──██──[39m  
  [34m  ▕▏  [34m  ▕▏  [34m  ▕▏  [34m  ▕▏  [34m  ▕▏  [34m  ▕▏  [34m  ▕▏  [34m  ▕▏  [34m  ▕▏  [39m  
  [34m  ▕▏  [32m██████[34m  ▕▏  [34m  ▕▏  [32m██████[34m  ▕▏  [34m  ▕▏  [32m██████[34m  ▕▏  [39m  
  [34m──██──[32m██████[34m──██──[34m──██──[32m██████[34m──██──[34m──██──[32m██████[34m──██──[39m  
  [34m  ▕▏  [32m██████[34m  ▕▏  [34m  ▕▏  [32m██████[34m  ▕▏  [34m  ▕▏  [32m██████[34m  ▕▏  [39m  
  [34m  ▕▏  [34m  ▕▏  [34m  ▕▏  [34m  ▕▏  [34m  ▕▏  [34m  ▕▏  [34m  ▕▏  [34m  ▕▏  [34m  ▕▏  [39m  
  [34m──██──[34m──██──[34m──██──[34m──██──[34m──██──[34m──██──[34m──██──[34m──██──[34m──██──[39m  
  [34m  ▕▏  [34m  ▕▏  [34m  ▕▏  [34m  ▕▏  [34m  ▕▏  [34m  ▕▏  [34m  ▕▏  [34m  ▕▏  [34m  ▕▏  [39m  
  [34m  ▕▏  [34m  ▕▏  [34m  ▕▏  [31m██████[31m██████[31m██████[34m  ▕▏  [34m  ▕▏  [34m  ▕▏  [39m  
  [34m──██──[34m──██──[34m──██──[31m██████[31m██████[31m██████[34m──██──[34m──██──[34m──██──[39m  
  [34m  ▕▏  [34m  ▕▏  [34m  ▕▏  [31m██████[31m██████[31m██████[34m  ▕▏  [34m  ▕▏  [34m  ▕▏  [39m  
  [34m  ▕▏  [32m██████[34m  ▕▏  [31m██████[31m██████[31m██████[34m  ▕▏  [32m██████[34m  ▕▏  [39m  
  [34m──██──[32m██████[34m──██──[31m██████[31m██████[31m██████[34m──██──[32m██████[34m──██──[39m  
  [34m  ▕▏  [32m██████[34m  ▕▏  [31m██████[31m██████[31m██████[34m  ▕▏  [32m██████[34m  ▕▏  [39m  
  [34m  ▕▏  [34m  ▕▏  [34m  ▕▏  [31m██████[31m██████[31m██████[34m  ▕▏  [34m  ▕▏  [34m  ▕▏  [39m  
  [34m──██──[34m──██──[34m──██──[31m██████[31m██████[31m██████[34m──██──[34m──██──[34m──██──[39m  
  [34m  ▕▏  [34m  ▕▏  [34m  ▕▏  [31m██████[31m██████[31m██████[34m  ▕▏  [34m  ▕▏  [34m  ▕▏  [39m  
  [34m  ▕▏  [34m  ▕▏  [34m  ▕▏  [34m  ▕▏  [34m  ▕▏  [34m  ▕▏  [34m  ▕▏  [34m  ▕▏  [34m  ▕▏  [39m  
  [34m──██──[34m──██──[34m──██──[34m──██──[34m──██──[34m──██──[34m──██──[34m──██──[34m──██──[39m  
  [34m  ▕▏  [34m  ▕▏  [34m  ▕▏  [34m  ▕▏  [34m  ▕▏  [34m  ▕▏  [34m  ▕▏  [34m  ▕▏  [34m  ▕▏  [39m  
  [34m  ▕▏  [32m██████[34m  ▕▏  [34m  ▕▏  [32m██████[34m  ▕▏  [34m  ▕▏  [32m██████[34m  ▕▏  [39m  
  [34m──██──[32m██████[34m──██──[34m──██──[32m██████[34m──██──[34m──██──[32m██████[34m──██──[39m  
  [34m  ▕▏  [32m██████[34m  ▕▏  [34m  ▕▏  [32m██████[34m  ▕▏  [34m  ▕▏  [32m██████[34m  ▕▏  [39m  
  [34m  ▕▏  [34m  ▕▏  [34m  ▕▏  [34m  ▕▏  [34m  ▕▏  [34m  ▕▏  [34m  ▕▏  [34m  ▕▏  [34m  ▕▏  [39m  
  [34m──██──[34m──██──[34m──██──[34m──██──[34m──██──[34m──██──[34m──██──[34m──██──[34m──██──[39m  
  [34m  ▕▏  [34m  ▕▏  [34m  ▕▏  [34m  ▕▏  [34m  ▕▏  [34m  ▕▏  [34m  ▕▏  [34m  ▕▏  [34m  ▕▏  [39m  

AMR driver provided by CarpetX,
using AMReX 25.11 (MPI, OpenMP, no accelerators, debug)
--------------------------------------------------------------------------------

Initializing AMReX (25.11)...
MPI initialized with 2 MPI processes
MPI initialized with thread support level 2
OMP initialized with 1 OMP threads
AMReX (25.11) initialized
INFO (CarpetX): 
Symmetries:
  lower x: periodic
  lower y: periodic
  lower z: periodic
  upper x: periodic
  upper y: periodic
  upper z: periodic
Default boundaries:
  lower x: symmetry_boundary
  lower y: symmetry_boundary
  lower z: symmetry_boundary
  upper x: symmetry_boundary
  upper y: symmetry_boundary
  upper z: symmetry_boundary
INFO (Arith): Test_smallvector
INFO (Arith): Test_spvect
INFO (CarpetX): Setting initial values for max_grid_size values for all levels
INFO (CarpetX): Setting up initial conditions...
INFO (CarpetX): Iteration: 0   time: 0   delta_time: 0.00390625
INFO (CarpetX): Patch 0:
INFO (CarpetX):   Grid extent:
INFO (CarpetX):     gsh=[71,15,15]
INFO (CarpetX):     blocking_factor=[8,8,8]
INFO (CarpetX):     max_grid_size=[10000000,10000000,10000000]
INFO (CarpetX):     max_tile_size=[1024000,16,32]
INFO (CarpetX):   Domain extent:
INFO (CarpetX):     xmin=[-0.5,-0.0625,-0.0625]
INFO (CarpetX):     xmax=[0.5,0.0625,0.0625]
INFO (CarpetX):     base dx=[0.015625,0.015625,0.015625]
INFO (CarpetX): Initializing level 0...
INFO (CanudaX_ExactID): Begin Gauge Wave initial data
INFO (CanudaX_ExactID): === End gauge wave initial data ===
INFO (CarpetX): Regridding...
INFO (CarpetX):   level 0: 2 boxes, 4096 cells (100%)
INFO (CarpetX): Initialized 1 levels
INFO (CarpetX): OutputGH: iteration 0, time 0.000000, run time 1 s
INFO (CarpetX): OutputGH done.
INFO (CarpetX): Starting evolution...
INFO (ODESolvers): ODE integrator is RK4
INFO (CarpetX): OutputGH: iteration 1, time 0.003906, run time 2 s
INFO (CarpetX): OutputGH done.
INFO (CarpetX): Simulation time: 0.00390625   Iterations per second: 26.5378   Simulation time per second: 0.103663
INFO (CarpetX): Grid cells: 4096   Grid cell updates per second: 108699
INFO (CarpetX): Performance:
INFO (CarpetX):   total evolution time:            0.0376821 sec
INFO (CarpetX):   total evolution compute time:    0.037653 sec
INFO (CarpetX):   total evolution output time:     2.90871e-05 sec
INFO (CarpetX):   total iterations:                1
INFO (CarpetX):   total cells updated:             4096
INFO (CarpetX):   average iterations per second: 26.5378
INFO (CarpetX):   average cell updates per second: 108699
INFO (CarpetX): OutputGH: iteration 2, time 0.007812, run time 2 s
INFO (CarpetX): OutputGH done.
INFO (CarpetX): Simulation time: 0.0078125   Iterations per second: 27.2027   Simulation time per second: 0.106261
INFO (CarpetX): Grid cells: 4096   Grid cell updates per second: 111422
INFO (CarpetX): Performance:
INFO (CarpetX):   total evolution time:            0.0735221 sec
INFO (CarpetX):   total evolution compute time:    0.073463 sec
INFO (CarpetX):   total evolution output time:     5.91278e-05 sec
INFO (CarpetX):   total iterations:                2
INFO (CarpetX):   total cells updated:             8192
INFO (CarpetX):   average iterations per second: 27.2027
INFO (CarpetX):   average cell updates per second: 111422
INFO (CarpetX): OutputGH: iteration 3, time 0.011719, run time 2 s
INFO (CarpetX): OutputGH done.
INFO (CarpetX): Simulation time: 0.0117188   Iterations per second: 27.4692   Simulation time per second: 0.107302
INFO (CarpetX): Grid cells: 4096   Grid cell updates per second: 112514
INFO (CarpetX): Performance:
INFO (CarpetX):   total evolution time:            0.109213 sec
INFO (CarpetX):   total evolution compute time:    0.109129 sec
INFO (CarpetX):   total evolution output time:     8.41618e-05 sec
INFO (CarpetX):   total iterations:                3
INFO (CarpetX):   total cells updated:             12288
INFO (CarpetX):   average iterations per second: 27.4692
INFO (CarpetX):   average cell updates per second: 112514
INFO (CarpetX): OutputGH: iteration 4, time 0.015625, run time 2 s
INFO (CarpetX): OutputGH done.
INFO (CarpetX): Simulation time: 0.015625   Iterations per second: 27.6726   Simulation time per second: 0.108096
INFO (CarpetX): Grid cells: 4096   Grid cell updates per second: 113347
INFO (CarpetX): Performance:
INFO (CarpetX):   total evolution time:            0.144547 sec
INFO (CarpetX):   total evolution compute time:    0.144443 sec
INFO (CarpetX):   total evolution output time:     0.000104189 sec
INFO (CarpetX):   total iterations:                4
INFO (CarpetX):   total cells updated:             16384
INFO (CarpetX):   average iterations per second: 27.6726
INFO (CarpetX):   average cell updates per second: 113347
INFO (CarpetX): OutputGH: iteration 5, time 0.019531, run time 2 s
INFO (CarpetX): OutputGH done.
INFO (CarpetX): Simulation time: 0.0195312   Iterations per second: 27.7609   Simulation time per second: 0.108441
INFO (CarpetX): Grid cells: 4096   Grid cell updates per second: 113709
INFO (CarpetX): Performance:
INFO (CarpetX):   total evolution time:            0.180109 sec
INFO (CarpetX):   total evolution compute time:    0.17999 sec
INFO (CarpetX):   total evolution output time:     0.000119209 sec
INFO (CarpetX):   total iterations:                5
INFO (CarpetX):   total cells updated:             20480
INFO (CarpetX):   average iterations per second: 27.7609
INFO (CarpetX):   average cell updates per second: 113709
INFO (CarpetX): OutputGH: iteration 6, time 0.023438, run time 2 s
INFO (CarpetX): OutputGH done.
INFO (CarpetX): Simulation time: 0.0234375   Iterations per second: 27.8441   Simulation time per second: 0.108766
INFO (CarpetX): Grid cells: 4096   Grid cell updates per second: 114050
INFO (CarpetX): Performance:
INFO (CarpetX):   total evolution time:            0.215485 sec
INFO (CarpetX):   total evolution compute time:    0.215349 sec
INFO (CarpetX):   total evolution output time:     0.000136375 sec
INFO (CarpetX):   total iterations:                6
INFO (CarpetX):   total cells updated:             24576
INFO (CarpetX):   average iterations per second: 27.8441
INFO (CarpetX):   average cell updates per second: 114050
INFO (CarpetX): OutputGH: iteration 7, time 0.027344, run time 2 s
INFO (CarpetX): OutputGH done.
INFO (CarpetX): Simulation time: 0.0273438   Iterations per second: 27.9084   Simulation time per second: 0.109017
INFO (CarpetX): Grid cells: 4096   Grid cell updates per second: 114313
INFO (CarpetX): Performance:
INFO (CarpetX):   total evolution time:            0.25082 sec
INFO (CarpetX):   total evolution compute time:    0.250662 sec
INFO (CarpetX):   total evolution output time:     0.00015831 sec
INFO (CarpetX):   total iterations:                7
INFO (CarpetX):   total cells updated:             28672
INFO (CarpetX):   average iterations per second: 27.9084
INFO (CarpetX):   average cell updates per second: 114313
INFO (CarpetX): OutputGH: iteration 8, time 0.031250, run time 2 s
INFO (CarpetX): OutputGH done.
INFO (CarpetX): Simulation time: 0.03125   Iterations per second: 27.9558   Simulation time per second: 0.109202
INFO (CarpetX): Grid cells: 4096   Grid cell updates per second: 114507
INFO (CarpetX): Performance:
INFO (CarpetX):   total evolution time:            0.286166 sec
INFO (CarpetX):   total evolution compute time:    0.285989 sec
INFO (CarpetX):   total evolution output time:     0.000177383 sec
INFO (CarpetX):   total iterations:                8
INFO (CarpetX):   total cells updated:             32768
INFO (CarpetX):   average iterations per second: 27.9558
INFO (CarpetX):   average cell updates per second: 114507
INFO (CarpetX): OutputGH: iteration 9, time 0.035156, run time 2 s
INFO (CarpetX): OutputGH done.
INFO (CarpetX): Simulation time: 0.0351562   Iterations per second: 27.9782   Simulation time per second: 0.10929
INFO (CarpetX): Grid cells: 4096   Grid cell updates per second: 114599
INFO (CarpetX): Performance:
INFO (CarpetX):   total evolution time:            0.321679 sec
INFO (CarpetX):   total evolution compute time:    0.321481 sec
INFO (CarpetX):   total evolution output time:     0.000198364 sec
INFO (CarpetX):   total iterations:                9
INFO (CarpetX):   total cells updated:             36864
INFO (CarpetX):   average iterations per second: 27.9782
INFO (CarpetX):   average cell updates per second: 114599
INFO (CarpetX): OutputGH: iteration 10, time 0.039062, run time 2 s
INFO (CarpetX): OutputGH done.
INFO (CarpetX): Simulation time: 0.0390625   Iterations per second: 27.9662   Simulation time per second: 0.109243
INFO (CarpetX): Grid cells: 4096   Grid cell updates per second: 114550
INFO (CarpetX): Performance:
INFO (CarpetX):   total evolution time:            0.357574 sec
INFO (CarpetX):   total evolution compute time:    0.357352 sec
INFO (CarpetX):   total evolution output time:     0.000222206 sec
INFO (CarpetX):   total iterations:                10
INFO (CarpetX):   total cells updated:             40960
INFO (CarpetX):   average iterations per second: 27.9662
INFO (CarpetX):   average cell updates per second: 114550
INFO (CarpetX): OutputGH: iteration 11, time 0.042969, run time 2 s
INFO (CarpetX): OutputGH done.
INFO (CarpetX): Simulation time: 0.0429688   Iterations per second: 27.9976   Simulation time per second: 0.109366
INFO (CarpetX): Grid cells: 4096   Grid cell updates per second: 114678
INFO (CarpetX): Performance:
INFO (CarpetX):   total evolution time:            0.39293 sec
INFO (CarpetX):   total evolution compute time:    0.392688 sec
INFO (CarpetX):   total evolution output time:     0.000242233 sec
INFO (CarpetX):   total iterations:                11
INFO (CarpetX):   total cells updated:             45056
INFO (CarpetX):   average iterations per second: 27.9948
INFO (CarpetX):   average cell updates per second: 114667
INFO (CarpetX): OutputGH: iteration 12, time 0.046875, run time 2 s
INFO (CarpetX): OutputGH done.
INFO (CarpetX): Simulation time: 0.046875   Iterations per second: 28.0216   Simulation time per second: 0.109459
INFO (CarpetX): Grid cells: 4096   Grid cell updates per second: 114777
INFO (CarpetX): Performance:
INFO (CarpetX):   total evolution time:            0.428342 sec
INFO (CarpetX):   total evolution compute time:    0.428077 sec
INFO (CarpetX):   total evolution output time:     0.000265121 sec
INFO (CarpetX):   total iterations:                12
INFO (CarpetX):   total cells updated:             49152
INFO (CarpetX):   average iterations per second: 28.015
INFO (CarpetX):   average cell updates per second: 114749
INFO (CarpetX): OutputGH: iteration 13, time 0.050781, run time 2 s
INFO (CarpetX): OutputGH done.
INFO (CarpetX): Simulation time: 0.0507812   Iterations per second: 28.0343   Simulation time per second: 0.109509
INFO (CarpetX): Grid cells: 4096   Grid cell updates per second: 114829
INFO (CarpetX): Performance:
INFO (CarpetX):   total evolution time:            0.463867 sec
INFO (CarpetX):   total evolution compute time:    0.463583 sec
INFO (CarpetX):   total evolution output time:     0.000283957 sec
INFO (CarpetX):   total iterations:                13
INFO (CarpetX):   total cells updated:             53248
INFO (CarpetX):   average iterations per second: 28.0253
INFO (CarpetX):   average cell updates per second: 114791
INFO (CarpetX): OutputGH: iteration 14, time 0.054688, run time 2 s
INFO (CarpetX): OutputGH done.
INFO (CarpetX): Simulation time: 0.0546875   Iterations per second: 28.0663   Simulation time per second: 0.109634
INFO (CarpetX): Grid cells: 4096   Grid cell updates per second: 114960
INFO (CarpetX): Performance:
INFO (CarpetX):   total evolution time:            0.499131 sec
INFO (CarpetX):   total evolution compute time:    0.498829 sec
INFO (CarpetX):   total evolution output time:     0.000301838 sec
INFO (CarpetX):   total iterations:                14
INFO (CarpetX):   total cells updated:             57344
INFO (CarpetX):   average iterations per second: 28.0487
INFO (CarpetX):   average cell updates per second: 114888
INFO (CarpetX): OutputGH: iteration 15, time 0.058594, run time 2 s
INFO (CarpetX): OutputGH done.
INFO (CarpetX): Simulation time: 0.0585938   Iterations per second: 28.0239   Simulation time per second: 0.109468
INFO (CarpetX): Grid cells: 4096   Grid cell updates per second: 114786
INFO (CarpetX): Performance:
INFO (CarpetX):   total evolution time:            0.5353 sec
INFO (CarpetX):   total evolution compute time:    0.534982 sec
INFO (CarpetX):   total evolution output time:     0.000317812 sec
INFO (CarpetX):   total iterations:                15
INFO (CarpetX):   total cells updated:             61440
INFO (CarpetX):   average iterations per second: 28.0217
INFO (CarpetX):   average cell updates per second: 114777
INFO (CarpetX): OutputGH: iteration 16, time 0.062500, run time 2 s
INFO (CarpetX): OutputGH done.
INFO (CarpetX): Simulation time: 0.0625   Iterations per second: 28.0414   Simulation time per second: 0.109537
INFO (CarpetX): Grid cells: 4096   Grid cell updates per second: 114858
INFO (CarpetX): Performance:
INFO (CarpetX):   total evolution time:            0.570761 sec
INFO (CarpetX):   total evolution compute time:    0.570426 sec
INFO (CarpetX):   total evolution output time:     0.00033474 sec
INFO (CarpetX):   total iterations:                16
INFO (CarpetX):   total cells updated:             65536
INFO (CarpetX):   average iterations per second: 28.0327
INFO (CarpetX):   average cell updates per second: 114822
INFO (CarpetX): OutputGH: iteration 17, time 0.066406, run time 2 s
INFO (CarpetX): OutputGH done.
INFO (CarpetX): Simulation time: 0.0664062   Iterations per second: 28.0356   Simulation time per second: 0.109514
INFO (CarpetX): Grid cells: 4096   Grid cell updates per second: 114834
INFO (CarpetX): Performance:
INFO (CarpetX):   total evolution time:            0.606496 sec
INFO (CarpetX):   total evolution compute time:    0.606136 sec
INFO (CarpetX):   total evolution output time:     0.000360727 sec
INFO (CarpetX):   total iterations:                17
INFO (CarpetX):   total cells updated:             69632
INFO (CarpetX):   average iterations per second: 28.0298
INFO (CarpetX):   average cell updates per second: 114810
INFO (CarpetX): OutputGH: iteration 18, time 0.070312, run time 2 s
INFO (CarpetX): OutputGH done.
INFO (CarpetX): Simulation time: 0.0703125   Iterations per second: 27.0156   Simulation time per second: 0.10553
INFO (CarpetX): Grid cells: 4096   Grid cell updates per second: 110656
INFO (CarpetX): Performance:
INFO (CarpetX):   total evolution time:            0.655632 sec
INFO (CarpetX):   total evolution compute time:    0.655253 sec
INFO (CarpetX):   total evolution output time:     0.000379562 sec
INFO (CarpetX):   total iterations:                18
INFO (CarpetX):   total cells updated:             73728
INFO (CarpetX):   average iterations per second: 27.4544
INFO (CarpetX):   average cell updates per second: 112453
INFO (CarpetX): OutputGH: iteration 19, time 0.074219, run time 2 s
INFO (CarpetX): OutputGH done.
INFO (CarpetX): Simulation time: 0.0742188   Iterations per second: 27.0825   Simulation time per second: 0.105791
INFO (CarpetX): Grid cells: 4096   Grid cell updates per second: 110930
INFO (CarpetX): Performance:
INFO (CarpetX):   total evolution time:            0.691734 sec
INFO (CarpetX):   total evolution compute time:    0.691334 sec
INFO (CarpetX):   total evolution output time:     0.000400543 sec
INFO (CarpetX):   total iterations:                19
INFO (CarpetX):   total cells updated:             77824
INFO (CarpetX):   average iterations per second: 27.4672
INFO (CarpetX):   average cell updates per second: 112506
INFO (CarpetX): OutputGH: iteration 20, time 0.078125, run time 2 s
INFO (CarpetX): OutputGH done.
INFO (CarpetX): Simulation time: 0.078125   Iterations per second: 27.1873   Simulation time per second: 0.1062
INFO (CarpetX): Grid cells: 4096   Grid cell updates per second: 111359
INFO (CarpetX): Performance:
INFO (CarpetX):   total evolution time:            0.727235 sec
INFO (CarpetX):   total evolution compute time:    0.726814 sec
INFO (CarpetX):   total evolution output time:     0.000421524 sec
INFO (CarpetX):   total iterations:                20
INFO (CarpetX):   total cells updated:             81920
INFO (CarpetX):   average iterations per second: 27.5014
INFO (CarpetX):   average cell updates per second: 112646
INFO (CarpetX): OutputGH: iteration 21, time 0.082031, run time 2 s
INFO (CarpetX): OutputGH done.
INFO (CarpetX): Simulation time: 0.0820312   Iterations per second: 27.2798   Simulation time per second: 0.106562
INFO (CarpetX): Grid cells: 4096   Grid cell updates per second: 111738
INFO (CarpetX): Performance:
INFO (CarpetX):   total evolution time:            0.762769 sec
INFO (CarpetX):   total evolution compute time:    0.762326 sec
INFO (CarpetX):   total evolution output time:     0.000443459 sec
INFO (CarpetX):   total iterations:                21
INFO (CarpetX):   total cells updated:             86016
INFO (CarpetX):   average iterations per second: 27.5313
INFO (CarpetX):   average cell updates per second: 112768
INFO (CarpetX): OutputGH: iteration 22, time 0.085938, run time 3 s
INFO (CarpetX): OutputGH done.
INFO (CarpetX): Simulation time: 0.0859375   Iterations per second: 26.5675   Simulation time per second: 0.103779
INFO (CarpetX): Grid cells: 4096   Grid cell updates per second: 108820
INFO (CarpetX): Performance:
INFO (CarpetX):   total evolution time:            0.809255 sec
INFO (CarpetX):   total evolution compute time:    0.808787 sec
INFO (CarpetX):   total evolution output time:     0.000468254 sec
INFO (CarpetX):   total iterations:                22
INFO (CarpetX):   total cells updated:             90112
INFO (CarpetX):   average iterations per second: 27.1855
INFO (CarpetX):   average cell updates per second: 111352
INFO (CarpetX): OutputGH: iteration 23, time 0.089844, run time 3 s
INFO (CarpetX): OutputGH done.
INFO (CarpetX): Simulation time: 0.0898438   Iterations per second: 26.2733   Simulation time per second: 0.10263
INFO (CarpetX): Grid cells: 4096   Grid cell updates per second: 107616
INFO (CarpetX): Performance:
INFO (CarpetX):   total evolution time:            0.851109 sec
INFO (CarpetX):   total evolution compute time:    0.850617 sec
INFO (CarpetX):   total evolution output time:     0.000492096 sec
INFO (CarpetX):   total iterations:                23
INFO (CarpetX):   total cells updated:             94208
INFO (CarpetX):   average iterations per second: 27.0236
INFO (CarpetX):   average cell updates per second: 110688
INFO (CarpetX): OutputGH: iteration 24, time 0.093750, run time 3 s
INFO (CarpetX): OutputGH done.
INFO (CarpetX): Simulation time: 0.09375   Iterations per second: 26.4408   Simulation time per second: 0.103284
INFO (CarpetX): Grid cells: 4096   Grid cell updates per second: 108301
INFO (CarpetX): Performance:
INFO (CarpetX):   total evolution time:            0.88676 sec
INFO (CarpetX):   total evolution compute time:    0.886237 sec
INFO (CarpetX):   total evolution output time:     0.00052309 sec
INFO (CarpetX):   total iterations:                24
INFO (CarpetX):   total cells updated:             98304
INFO (CarpetX):   average iterations per second: 27.0648
INFO (CarpetX):   average cell updates per second: 110857
INFO (CarpetX): OutputGH: iteration 25, time 0.097656, run time 3 s
INFO (CarpetX): OutputGH done.
INFO (CarpetX): Simulation time: 0.0976562   Iterations per second: 26.6041   Simulation time per second: 0.103922
INFO (CarpetX): Grid cells: 4096   Grid cell updates per second: 108971
INFO (CarpetX): Performance:
INFO (CarpetX):   total evolution time:            0.922258 sec
INFO (CarpetX):   total evolution compute time:    0.921712 sec
INFO (CarpetX):   total evolution output time:     0.000545979 sec
INFO (CarpetX):   total iterations:                25
INFO (CarpetX):   total cells updated:             102400
INFO (CarpetX):   average iterations per second: 27.1074
INFO (CarpetX):   average cell updates per second: 111032
INFO (CarpetX): OutputGH: iteration 26, time 0.101562, run time 3 s
INFO (CarpetX): OutputGH done.
INFO (CarpetX): Simulation time: 0.101562   Iterations per second: 26.7561   Simulation time per second: 0.104516
INFO (CarpetX): Grid cells: 4096   Grid cell updates per second: 109593
INFO (CarpetX): Performance:
INFO (CarpetX):   total evolution time:            0.957711 sec
INFO (CarpetX):   total evolution compute time:    0.95714 sec
INFO (CarpetX):   total evolution output time:     0.000571012 sec
INFO (CarpetX):   total iterations:                26
INFO (CarpetX):   total cells updated:             106496
INFO (CarpetX):   average iterations per second: 27.1481
INFO (CarpetX):   average cell updates per second: 111198
INFO (CarpetX): OutputGH: iteration 27, time 0.105469, run time 3 s
INFO (CarpetX): OutputGH done.
INFO (CarpetX): Simulation time: 0.105469   Iterations per second: 26.8909   Simulation time per second: 0.105043
INFO (CarpetX): Grid cells: 4096   Grid cell updates per second: 110145
INFO (CarpetX): Performance:
INFO (CarpetX):   total evolution time:            0.993212 sec
INFO (CarpetX):   total evolution compute time:    0.99262 sec
INFO (CarpetX):   total evolution output time:     0.000592947 sec
INFO (CarpetX):   total iterations:                27
INFO (CarpetX):   total cells updated:             110592
INFO (CarpetX):   average iterations per second: 27.1845
INFO (CarpetX):   average cell updates per second: 111348
INFO (CarpetX): OutputGH: iteration 28, time 0.109375, run time 3 s
INFO (CarpetX): OutputGH done.
INFO (CarpetX): Simulation time: 0.109375   Iterations per second: 27.0154   Simulation time per second: 0.105529
INFO (CarpetX): Grid cells: 4096   Grid cell updates per second: 110655
INFO (CarpetX): Performance:
INFO (CarpetX):   total evolution time:            1.02869 sec
INFO (CarpetX):   total evolution compute time:    1.02807 sec
INFO (CarpetX):   total evolution output time:     0.000615835 sec
INFO (CarpetX):   total iterations:                28
INFO (CarpetX):   total cells updated:             114688
INFO (CarpetX):   average iterations per second: 27.2192
INFO (CarpetX):   average cell updates per second: 111490
INFO (CarpetX): OutputGH: iteration 29, time 0.113281, run time 3 s
INFO (CarpetX): OutputGH done.
INFO (CarpetX): Simulation time: 0.113281   Iterations per second: 27.1138   Simulation time per second: 0.105913
INFO (CarpetX): Grid cells: 4096   Grid cell updates per second: 111058
INFO (CarpetX): Performance:
INFO (CarpetX):   total evolution time:            1.06436 sec
INFO (CarpetX):   total evolution compute time:    1.06372 sec
INFO (CarpetX):   total evolution output time:     0.000640869 sec
INFO (CarpetX):   total iterations:                29
INFO (CarpetX):   total cells updated:             118784
INFO (CarpetX):   average iterations per second: 27.2465
INFO (CarpetX):   average cell updates per second: 111601
INFO (CarpetX): OutputGH: iteration 30, time 0.117188, run time 3 s
INFO (CarpetX): OutputGH done.
INFO (CarpetX): Simulation time: 0.117188   Iterations per second: 27.2191   Simulation time per second: 0.106325
INFO (CarpetX): Grid cells: 4096   Grid cell updates per second: 111489
INFO (CarpetX): Performance:
INFO (CarpetX):   total evolution time:            1.09981 sec
INFO (CarpetX):   total evolution compute time:    1.09915 sec
INFO (CarpetX):   total evolution output time:     0.000667095 sec
INFO (CarpetX):   total iterations:                30
INFO (CarpetX):   total cells updated:             122880
INFO (CarpetX):   average iterations per second: 27.2774
INFO (CarpetX):   average cell updates per second: 111728
INFO (CarpetX): OutputGH: iteration 31, time 0.121094, run time 3 s
INFO (CarpetX): OutputGH done.
INFO (CarpetX): Simulation time: 0.121094   Iterations per second: 27.3085   Simulation time per second: 0.106674
INFO (CarpetX): Grid cells: 4096   Grid cell updates per second: 111856
INFO (CarpetX): Performance:
INFO (CarpetX):   total evolution time:            1.13535 sec
INFO (CarpetX):   total evolution compute time:    1.13466 sec
INFO (CarpetX):   total evolution output time:     0.000689983 sec
INFO (CarpetX):   total iterations:                31
INFO (CarpetX):   total cells updated:             126976
INFO (CarpetX):   average iterations per second: 27.3044
INFO (CarpetX):   average cell updates per second: 111839
INFO (CarpetX): OutputGH: iteration 32, time 0.125000, run time 3 s
INFO (CarpetX): OutputGH done.
INFO (CarpetX): Simulation time: 0.125   Iterations per second: 27.3818   Simulation time per second: 0.10696
INFO (CarpetX): Grid cells: 4096   Grid cell updates per second: 112156
INFO (CarpetX): Performance:
INFO (CarpetX):   total evolution time:            1.17099 sec
INFO (CarpetX):   total evolution compute time:    1.17027 sec
INFO (CarpetX):   total evolution output time:     0.000714064 sec
INFO (CarpetX):   total iterations:                32
INFO (CarpetX):   total cells updated:             131072
INFO (CarpetX):   average iterations per second: 27.3274
INFO (CarpetX):   average cell updates per second: 111933
INFO (CarpetX): OutputGH: iteration 33, time 0.128906, run time 3 s
INFO (CarpetX): OutputGH done.
INFO (CarpetX): Simulation time: 0.128906   Iterations per second: 27.4712   Simulation time per second: 0.107309
INFO (CarpetX): Grid cells: 4096   Grid cell updates per second: 112522
INFO (CarpetX): Performance:
INFO (CarpetX):   total evolution time:            1.20632 sec
INFO (CarpetX):   total evolution compute time:    1.20558 sec
INFO (CarpetX):   total evolution output time:     0.000739098 sec
INFO (CarpetX):   total iterations:                33
INFO (CarpetX):   total cells updated:             135168
INFO (CarpetX):   average iterations per second: 27.3559
INFO (CarpetX):   average cell updates per second: 112050
INFO (CarpetX): OutputGH: iteration 34, time 0.132812, run time 3 s
INFO (CarpetX): OutputGH done.
INFO (CarpetX): Simulation time: 0.132812   Iterations per second: 27.5437   Simulation time per second: 0.107593
INFO (CarpetX): Grid cells: 4096   Grid cell updates per second: 112819
INFO (CarpetX): Performance:
INFO (CarpetX):   total evolution time:            1.24176 sec
INFO (CarpetX):   total evolution compute time:    1.24101 sec
INFO (CarpetX):   total evolution output time:     0.000752926 sec
INFO (CarpetX):   total iterations:                34
INFO (CarpetX):   total cells updated:             139264
INFO (CarpetX):   average iterations per second: 27.3804
INFO (CarpetX):   average cell updates per second: 112150
INFO (CarpetX): OutputGH: iteration 35, time 0.136719, run time 3 s
INFO (CarpetX): OutputGH done.
INFO (CarpetX): Simulation time: 0.136719   Iterations per second: 27.6192   Simulation time per second: 0.107888
INFO (CarpetX): Grid cells: 4096   Grid cell updates per second: 113128
INFO (CarpetX): Performance:
INFO (CarpetX):   total evolution time:            1.27708 sec
INFO (CarpetX):   total evolution compute time:    1.2763 sec
INFO (CarpetX):   total evolution output time:     0.000772953 sec
INFO (CarpetX):   total iterations:                35
INFO (CarpetX):   total cells updated:             143360
INFO (CarpetX):   average iterations per second: 27.4063
INFO (CarpetX):   average cell updates per second: 112256
INFO (CarpetX): OutputGH: iteration 36, time 0.140625, run time 3 s
INFO (CarpetX): OutputGH done.
INFO (CarpetX): Simulation time: 0.140625   Iterations per second: 27.6634   Simulation time per second: 0.10806
INFO (CarpetX): Grid cells: 4096   Grid cell updates per second: 113309
INFO (CarpetX): Performance:
INFO (CarpetX):   total evolution time:            1.31271 sec
INFO (CarpetX):   total evolution compute time:    1.31191 sec
INFO (CarpetX):   total evolution output time:     0.000798941 sec
INFO (CarpetX):   total iterations:                36
INFO (CarpetX):   total cells updated:             147456
INFO (CarpetX):   average iterations per second: 27.4243
INFO (CarpetX):   average cell updates per second: 112330
INFO (CarpetX): OutputGH: iteration 37, time 0.144531, run time 3 s
INFO (CarpetX): OutputGH done.
INFO (CarpetX): Simulation time: 0.144531   Iterations per second: 27.6976   Simulation time per second: 0.108194
INFO (CarpetX): Grid cells: 4096   Grid cell updates per second: 113449
INFO (CarpetX): Performance:
INFO (CarpetX):   total evolution time:            1.34841 sec
INFO (CarpetX):   total evolution compute time:    1.34758 sec
INFO (CarpetX):   total evolution output time:     0.000825882 sec
INFO (CarpetX):   total iterations:                37
INFO (CarpetX):   total cells updated:             151552
INFO (CarpetX):   average iterations per second: 27.4398
INFO (CarpetX):   average cell updates per second: 112393
INFO (CarpetX): OutputGH: iteration 38, time 0.148438, run time 3 s
INFO (CarpetX): OutputGH done.
INFO (CarpetX): Simulation time: 0.148438   Iterations per second: 27.7388   Simulation time per second: 0.108355
INFO (CarpetX): Grid cells: 4096   Grid cell updates per second: 113618
INFO (CarpetX): Performance:
INFO (CarpetX):   total evolution time:            1.38398 sec
INFO (CarpetX):   total evolution compute time:    1.38312 sec
INFO (CarpetX):   total evolution output time:     0.000852823 sec
INFO (CarpetX):   total iterations:                38
INFO (CarpetX):   total cells updated:             155648
INFO (CarpetX):   average iterations per second: 27.4571
INFO (CarpetX):   average cell updates per second: 112464
INFO (CarpetX): OutputGH: iteration 39, time 0.152344, run time 3 s
INFO (CarpetX): OutputGH done.
INFO (CarpetX): Simulation time: 0.152344   Iterations per second: 27.7841   Simulation time per second: 0.108532
INFO (CarpetX): Grid cells: 4096   Grid cell updates per second: 113804
INFO (CarpetX): Performance:
INFO (CarpetX):   total evolution time:            1.41944 sec
INFO (CarpetX):   total evolution compute time:    1.41856 sec
INFO (CarpetX):   total evolution output time:     0.000876904 sec
INFO (CarpetX):   total iterations:                39
INFO (CarpetX):   total cells updated:             159744
INFO (CarpetX):   average iterations per second: 27.4757
INFO (CarpetX):   average cell updates per second: 112540
INFO (CarpetX): OutputGH: iteration 40, time 0.156250, run time 3 s
INFO (CarpetX): OutputGH done.
INFO (CarpetX): Simulation time: 0.15625   Iterations per second: 27.8294   Simulation time per second: 0.108708
INFO (CarpetX): Grid cells: 4096   Grid cell updates per second: 113989
INFO (CarpetX): Performance:
INFO (CarpetX):   total evolution time:            1.45484 sec
INFO (CarpetX):   total evolution compute time:    1.45395 sec
INFO (CarpetX):   total evolution output time:     0.000899792 sec
INFO (CarpetX):   total iterations:                40
INFO (CarpetX):   total cells updated:             163840
INFO (CarpetX):   average iterations per second: 27.4943
INFO (CarpetX):   average cell updates per second: 112617
INFO (CarpetX): OutputGH: iteration 41, time 0.160156, run time 3 s
INFO (CarpetX): OutputGH done.
INFO (CarpetX): Simulation time: 0.160156   Iterations per second: 27.8642   Simulation time per second: 0.108845
INFO (CarpetX): Grid cells: 4096   Grid cell updates per second: 114132
INFO (CarpetX): Performance:
INFO (CarpetX):   total evolution time:            1.49033 sec
INFO (CarpetX):   total evolution compute time:    1.48941 sec
INFO (CarpetX):   total evolution output time:     0.000919819 sec
INFO (CarpetX):   total iterations:                41
INFO (CarpetX):   total cells updated:             167936
INFO (CarpetX):   average iterations per second: 27.5107
INFO (CarpetX):   average cell updates per second: 112684
INFO (CarpetX): OutputGH: iteration 42, time 0.164062, run time 3 s
INFO (CarpetX): OutputGH done.
INFO (CarpetX): Simulation time: 0.164062   Iterations per second: 27.8931   Simulation time per second: 0.108958
INFO (CarpetX): Grid cells: 4096   Grid cell updates per second: 114250
INFO (CarpetX): Performance:
INFO (CarpetX):   total evolution time:            1.52585 sec
INFO (CarpetX):   total evolution compute time:    1.5249 sec
INFO (CarpetX):   total evolution output time:     0.000943899 sec
INFO (CarpetX):   total iterations:                42
INFO (CarpetX):   total cells updated:             172032
INFO (CarpetX):   average iterations per second: 27.5257
INFO (CarpetX):   average cell updates per second: 112745
INFO (CarpetX): OutputGH: iteration 43, time 0.167969, run time 3 s
INFO (CarpetX): OutputGH done.
INFO (CarpetX): Simulation time: 0.167969   Iterations per second: 27.9129   Simulation time per second: 0.109035
INFO (CarpetX): Grid cells: 4096   Grid cell updates per second: 114331
INFO (CarpetX): Performance:
INFO (CarpetX):   total evolution time:            1.56144 sec
INFO (CarpetX):   total evolution compute time:    1.56047 sec
INFO (CarpetX):   total evolution output time:     0.000968933 sec
INFO (CarpetX):   total iterations:                43
INFO (CarpetX):   total cells updated:             176128
INFO (CarpetX):   average iterations per second: 27.5386
INFO (CarpetX):   average cell updates per second: 112798
INFO (CarpetX): OutputGH: iteration 44, time 0.171875, run time 3 s
INFO (CarpetX): OutputGH done.
INFO (CarpetX): Simulation time: 0.171875   Iterations per second: 27.9496   Simulation time per second: 0.109178
INFO (CarpetX): Grid cells: 4096   Grid cell updates per second: 114481
INFO (CarpetX): Performance:
INFO (CarpetX):   total evolution time:            1.5968 sec
INFO (CarpetX):   total evolution compute time:    1.59581 sec
INFO (CarpetX):   total evolution output time:     0.000991821 sec
INFO (CarpetX):   total iterations:                44
INFO (CarpetX):   total cells updated:             180224
INFO (CarpetX):   average iterations per second: 27.5551
INFO (CarpetX):   average cell updates per second: 112866
INFO (CarpetX): OutputGH: iteration 45, time 0.175781, run time 3 s
INFO (CarpetX): OutputGH done.
INFO (CarpetX): Simulation time: 0.175781   Iterations per second: 27.9565   Simulation time per second: 0.109205
INFO (CarpetX): Grid cells: 4096   Grid cell updates per second: 114510
INFO (CarpetX): Performance:
INFO (CarpetX):   total evolution time:            1.63249 sec
INFO (CarpetX):   total evolution compute time:    1.63148 sec
INFO (CarpetX):   total evolution output time:     0.00100899 sec
INFO (CarpetX):   total iterations:                45
INFO (CarpetX):   total cells updated:             184320
INFO (CarpetX):   average iterations per second: 27.5653
INFO (CarpetX):   average cell updates per second: 112907
INFO (CarpetX): OutputGH: iteration 46, time 0.179688, run time 3 s
INFO (CarpetX): OutputGH done.
INFO (CarpetX): Simulation time: 0.179688   Iterations per second: 27.9836   Simulation time per second: 0.109311
INFO (CarpetX): Grid cells: 4096   Grid cell updates per second: 114621
INFO (CarpetX): Performance:
INFO (CarpetX):   total evolution time:            1.66791 sec
INFO (CarpetX):   total evolution compute time:    1.66689 sec
INFO (CarpetX):   total evolution output time:     0.0010221 sec
INFO (CarpetX):   total iterations:                46
INFO (CarpetX):   total cells updated:             188416
INFO (CarpetX):   average iterations per second: 27.5794
INFO (CarpetX):   average cell updates per second: 112965
INFO (CarpetX): OutputGH: iteration 47, time 0.183594, run time 3 s
INFO (CarpetX): OutputGH done.
INFO (CarpetX): Simulation time: 0.183594   Iterations per second: 27.8638   Simulation time per second: 0.108843
INFO (CarpetX): Grid cells: 4096   Grid cell updates per second: 114130
INFO (CarpetX): Performance:
INFO (CarpetX):   total evolution time:            1.70518 sec
INFO (CarpetX):   total evolution compute time:    1.70414 sec
INFO (CarpetX):   total evolution output time:     0.00104403 sec
INFO (CarpetX):   total iterations:                47
INFO (CarpetX):   total cells updated:             192512
INFO (CarpetX):   average iterations per second: 27.563
INFO (CarpetX):   average cell updates per second: 112898
INFO (CarpetX): OutputGH: iteration 48, time 0.187500, run time 3 s
INFO (CarpetX): OutputGH done.
INFO (CarpetX): Simulation time: 0.1875   Iterations per second: 27.8946   Simulation time per second: 0.108963
INFO (CarpetX): Grid cells: 4096   Grid cell updates per second: 114256
INFO (CarpetX): Performance:
INFO (CarpetX):   total evolution time:            1.74068 sec
INFO (CarpetX):   total evolution compute time:    1.73961 sec
INFO (CarpetX):   total evolution output time:     0.00106192 sec
INFO (CarpetX):   total iterations:                48
INFO (CarpetX):   total cells updated:             196608
INFO (CarpetX):   average iterations per second: 27.5755
INFO (CarpetX):   average cell updates per second: 112949
INFO (CarpetX): OutputGH: iteration 49, time 0.191406, run time 3 s
INFO (CarpetX): OutputGH done.
INFO (CarpetX): Simulation time: 0.191406   Iterations per second: 27.9369   Simulation time per second: 0.109129
INFO (CarpetX): Grid cells: 4096   Grid cell updates per second: 114430
INFO (CarpetX): Performance:
INFO (CarpetX):   total evolution time:            1.77598 sec
INFO (CarpetX):   total evolution compute time:    1.7749 sec
INFO (CarpetX):   total evolution output time:     0.00108004 sec
INFO (CarpetX):   total iterations:                49
INFO (CarpetX):   total cells updated:             200704
INFO (CarpetX):   average iterations per second: 27.5904
INFO (CarpetX):   average cell updates per second: 113010
INFO (CarpetX): OutputGH: iteration 50, time 0.195312, run time 4 s
INFO (CarpetX): OutputGH done.
INFO (CarpetX): Simulation time: 0.195312   Iterations per second: 27.971   Simulation time per second: 0.109262
INFO (CarpetX): Grid cells: 4096   Grid cell updates per second: 114569
INFO (CarpetX): Performance:
INFO (CarpetX):   total evolution time:            1.81134 sec
INFO (CarpetX):   total evolution compute time:    1.81023 sec
INFO (CarpetX):   total evolution output time:     0.00110602 sec
INFO (CarpetX):   total iterations:                50
INFO (CarpetX):   total cells updated:             204800
INFO (CarpetX):   average iterations per second: 27.6039
INFO (CarpetX):   average cell updates per second: 113065
INFO (CarpetX): OutputGH: iteration 51, time 0.199219, run time 4 s
INFO (CarpetX): OutputGH done.
INFO (CarpetX): Simulation time: 0.199219   Iterations per second: 28.0007   Simulation time per second: 0.109378
INFO (CarpetX): Grid cells: 4096   Grid cell updates per second: 114691
INFO (CarpetX): Performance:
INFO (CarpetX):   total evolution time:            1.84671 sec
INFO (CarpetX):   total evolution compute time:    1.84558 sec
INFO (CarpetX):   total evolution output time:     0.00112987 sec
INFO (CarpetX):   total iterations:                51
INFO (CarpetX):   total cells updated:             208896
INFO (CarpetX):   average iterations per second: 27.6166
INFO (CarpetX):   average cell updates per second: 113118
INFO (CarpetX): OutputGH: iteration 52, time 0.203125, run time 4 s
INFO (CarpetX): OutputGH done.
INFO (CarpetX): Simulation time: 0.203125   Iterations per second: 27.9247   Simulation time per second: 0.109081
INFO (CarpetX): Grid cells: 4096   Grid cell updates per second: 114380
INFO (CarpetX): Performance:
INFO (CarpetX):   total evolution time:            1.8834 sec
INFO (CarpetX):   total evolution compute time:    1.88224 sec
INFO (CarpetX):   total evolution output time:     0.00115895 sec
INFO (CarpetX):   total iterations:                52
INFO (CarpetX):   total cells updated:             212992
INFO (CarpetX):   average iterations per second: 27.6097
INFO (CarpetX):   average cell updates per second: 113089
INFO (CarpetX): OutputGH: iteration 53, time 0.207031, run time 4 s
INFO (CarpetX): OutputGH done.
INFO (CarpetX): Simulation time: 0.207031   Iterations per second: 27.9518   Simulation time per second: 0.109187
INFO (CarpetX): Grid cells: 4096   Grid cell updates per second: 114491
INFO (CarpetX): Performance:
INFO (CarpetX):   total evolution time:            1.91886 sec
INFO (CarpetX):   total evolution compute time:    1.91768 sec
INFO (CarpetX):   total evolution output time:     0.00117993 sec
INFO (CarpetX):   total iterations:                53
INFO (CarpetX):   total cells updated:             217088
INFO (CarpetX):   average iterations per second: 27.6205
INFO (CarpetX):   average cell updates per second: 113134
INFO (CarpetX): OutputGH: iteration 54, time 0.210938, run time 4 s
INFO (CarpetX): OutputGH done.
INFO (CarpetX): Simulation time: 0.210938   Iterations per second: 27.9842   Simulation time per second: 0.109313
INFO (CarpetX): Grid cells: 4096   Grid cell updates per second: 114623
INFO (CarpetX): Performance:
INFO (CarpetX):   total evolution time:            1.95422 sec
INFO (CarpetX):   total evolution compute time:    1.95302 sec
INFO (CarpetX):   total evolution output time:     0.00119877 sec
INFO (CarpetX):   total iterations:                54
INFO (CarpetX):   total cells updated:             221184
INFO (CarpetX):   average iterations per second: 27.6325
INFO (CarpetX):   average cell updates per second: 113183
INFO (CarpetX): OutputGH: iteration 55, time 0.214844, run time 4 s
INFO (CarpetX): OutputGH done.
INFO (CarpetX): Simulation time: 0.214844   Iterations per second: 28.0071   Simulation time per second: 0.109403
INFO (CarpetX): Grid cells: 4096   Grid cell updates per second: 114717
INFO (CarpetX): Performance:
INFO (CarpetX):   total evolution time:            1.98967 sec
INFO (CarpetX):   total evolution compute time:    1.98844 sec
INFO (CarpetX):   total evolution output time:     0.0012207 sec
INFO (CarpetX):   total iterations:                55
INFO (CarpetX):   total cells updated:             225280
INFO (CarpetX):   average iterations per second: 27.6428
INFO (CarpetX):   average cell updates per second: 113225
INFO (CarpetX): OutputGH: iteration 56, time 0.218750, run time 4 s
INFO (CarpetX): OutputGH done.
INFO (CarpetX): Simulation time: 0.21875   Iterations per second: 28.0363   Simulation time per second: 0.109517
INFO (CarpetX): Grid cells: 4096   Grid cell updates per second: 114837
INFO (CarpetX): Performance:
INFO (CarpetX):   total evolution time:            2.025 sec
INFO (CarpetX):   total evolution compute time:    2.02375 sec
INFO (CarpetX):   total evolution output time:     0.00124574 sec
INFO (CarpetX):   total iterations:                56
INFO (CarpetX):   total cells updated:             229376
INFO (CarpetX):   average iterations per second: 27.6543
INFO (CarpetX):   average cell updates per second: 113272
INFO (CarpetX): OutputGH: iteration 57, time 0.222656, run time 4 s
INFO (CarpetX): OutputGH done.
INFO (CarpetX): Simulation time: 0.222656   Iterations per second: 28.0397   Simulation time per second: 0.10953
INFO (CarpetX): Grid cells: 4096   Grid cell updates per second: 114850
INFO (CarpetX): Performance:
INFO (CarpetX):   total evolution time:            2.06062 sec
INFO (CarpetX):   total evolution compute time:    2.05935 sec
INFO (CarpetX):   total evolution output time:     0.00126958 sec
INFO (CarpetX):   total iterations:                57
INFO (CarpetX):   total cells updated:             233472
INFO (CarpetX):   average iterations per second: 27.6615
INFO (CarpetX):   average cell updates per second: 113302
INFO (CarpetX): OutputGH: iteration 58, time 0.226562, run time 4 s
INFO (CarpetX): OutputGH done.
INFO (CarpetX): Simulation time: 0.226562   Iterations per second: 28.0569   Simulation time per second: 0.109597
INFO (CarpetX): Grid cells: 4096   Grid cell updates per second: 114921
INFO (CarpetX): Performance:
INFO (CarpetX):   total evolution time:            2.09607 sec
INFO (CarpetX):   total evolution compute time:    2.09478 sec
INFO (CarpetX):   total evolution output time:     0.00128651 sec
INFO (CarpetX):   total iterations:                58
INFO (CarpetX):   total cells updated:             237568
INFO (CarpetX):   average iterations per second: 27.6709
INFO (CarpetX):   average cell updates per second: 113340
INFO (CarpetX): OutputGH: iteration 59, time 0.230469, run time 4 s
INFO (CarpetX): OutputGH done.
INFO (CarpetX): Simulation time: 0.230469   Iterations per second: 28.0632   Simulation time per second: 0.109622
INFO (CarpetX): Grid cells: 4096   Grid cell updates per second: 114947
INFO (CarpetX): Performance:
INFO (CarpetX):   total evolution time:            2.13163 sec
INFO (CarpetX):   total evolution compute time:    2.13033 sec
INFO (CarpetX):   total evolution output time:     0.00130248 sec
INFO (CarpetX):   total iterations:                59
INFO (CarpetX):   total cells updated:             241664
INFO (CarpetX):   average iterations per second: 27.6783
INFO (CarpetX):   average cell updates per second: 113371
INFO (CarpetX): OutputGH: iteration 60, time 0.234375, run time 4 s
INFO (CarpetX): OutputGH done.
INFO (CarpetX): Simulation time: 0.234375   Iterations per second: 28.0636   Simulation time per second: 0.109623
INFO (CarpetX): Grid cells: 4096   Grid cell updates per second: 114949
INFO (CarpetX): Performance:
INFO (CarpetX):   total evolution time:            2.16726 sec
INFO (CarpetX):   total evolution compute time:    2.16593 sec
INFO (CarpetX):   total evolution output time:     0.00132442 sec
INFO (CarpetX):   total iterations:                60
INFO (CarpetX):   total cells updated:             245760
INFO (CarpetX):   average iterations per second: 27.6847
INFO (CarpetX):   average cell updates per second: 113397
INFO (CarpetX): OutputGH: iteration 61, time 0.238281, run time 4 s
INFO (CarpetX): OutputGH done.
INFO (CarpetX): Simulation time: 0.238281   Iterations per second: 28.0754   Simulation time per second: 0.109669
INFO (CarpetX): Grid cells: 4096   Grid cell updates per second: 114997
INFO (CarpetX): Performance:
INFO (CarpetX):   total evolution time:            2.20274 sec
INFO (CarpetX):   total evolution compute time:    2.2014 sec
INFO (CarpetX):   total evolution output time:     0.0013454 sec
INFO (CarpetX):   total iterations:                61
INFO (CarpetX):   total cells updated:             249856
INFO (CarpetX):   average iterations per second: 27.6927
INFO (CarpetX):   average cell updates per second: 113429
INFO (CarpetX): OutputGH: iteration 62, time 0.242188, run time 4 s
INFO (CarpetX): OutputGH done.
INFO (CarpetX): Simulation time: 0.242188   Iterations per second: 28.0893   Simulation time per second: 0.109724
INFO (CarpetX): Grid cells: 4096   Grid cell updates per second: 115054
INFO (CarpetX): Performance:
INFO (CarpetX):   total evolution time:            2.23818 sec
INFO (CarpetX):   total evolution compute time:    2.23682 sec
INFO (CarpetX):   total evolution output time:     0.00136232 sec
INFO (CarpetX):   total iterations:                62
INFO (CarpetX):   total cells updated:             253952
INFO (CarpetX):   average iterations per second: 27.701
INFO (CarpetX):   average cell updates per second: 113463
INFO (CarpetX): OutputGH: iteration 63, time 0.246094, run time 4 s
INFO (CarpetX): OutputGH done.
INFO (CarpetX): Simulation time: 0.246094   Iterations per second: 28.0969   Simulation time per second: 0.109753
INFO (CarpetX): Grid cells: 4096   Grid cell updates per second: 115085
INFO (CarpetX): Performance:
INFO (CarpetX):   total evolution time:            2.27369 sec
INFO (CarpetX):   total evolution compute time:    2.27231 sec
INFO (CarpetX):   total evolution output time:     0.00138426 sec
INFO (CarpetX):   total iterations:                63
INFO (CarpetX):   total cells updated:             258048
INFO (CarpetX):   average iterations per second: 27.7083
INFO (CarpetX):   average cell updates per second: 113493
INFO (CarpetX): OutputGH: iteration 64, time 0.250000, run time 4 s
INFO (CarpetX): OutputGH done.
INFO (CarpetX): Simulation time: 0.25   Iterations per second: 10.6219   Simulation time per second: 0.0414919
INFO (CarpetX): Grid cells: 4096   Grid cell updates per second: 43507.4
INFO (CarpetX): Performance:
INFO (CarpetX):   total evolution time:            2.89482 sec
INFO (CarpetX):   total evolution compute time:    2.3106 sec
INFO (CarpetX):   total evolution output time:     0.584218 sec
INFO (CarpetX):   total iterations:                64
INFO (CarpetX):   total cells updated:             262144
INFO (CarpetX):   average iterations per second: 22.1085
INFO (CarpetX):   average cell updates per second: 90556.3
INFO (CarpetX): Shutting down...
AMReX (25.11) finalized
--------------------------------------------------------------------------------
Done.
+ echo Stopping:
Stopping:
+ date
Mon Jun  8 21:09:35 UTC 2026
+ echo Done.
Done.
  Elapsed time: 4.2 s
