/home/runner/simulations/TestJob01_temp_2/output-0000/TEST/sim/CanudaX_BSSNMoL
Preparing:
+ set -e
+ cd output-0000-active
+ echo Checking:
Checking:
+ pwd
/home/runner/simulations/TestJob01_temp_2/output-0000/TEST/sim/CanudaX_BSSNMoL/output-0000-active
+ hostname
runnervmtr4k5
+ date
Wed Sep 23 13:31:19 UTC 2026
+ echo Environment:
Environment:
+ export CACTUS_NUM_PROCS=2
+ CACTUS_NUM_PROCS=2
+ export CACTUS_NUM_THREADS=1
+ CACTUS_NUM_THREADS=1
+ export GMON_OUT_PREFIX=gmon.out
+ GMON_OUT_PREFIX=gmon.out
+ export OMP_NUM_THREADS=1
+ OMP_NUM_THREADS=1
+ env
+ sort
+ echo Starting:
Starting:
++ date +%s
+ export CACTUS_STARTTIME=1790170279
+ CACTUS_STARTTIME=1790170279
+ '[' 2 = 1 ']'
+ mpirun -np 2 /home/runner/simulations/TestJob01_temp_2/SIMFACTORY/exe/cactus_sim -L 3 /home/runner/simulations/TestJob01_temp_2/output-0000/arrangements/CanudaX/CanudaX_BSSNMoL/test/gaugewave.par
INFO (Cactus): Increased logging level from 0 to 3
--------------------------------------------------------------------------------

       10                                  
  1   0101       ************************  
  01  1010 10      The Cactus Code V4.20.0    
 1010 1101 011      www.cactuscode.org     
  1001 100101    ************************  
    00010101                               
     100011     (c) Copyright The Authors  
      0100      GNU Licensed. No Warranty  
      0101                                 
--------------------------------------------------------------------------------

Cactus version:    4.20.0
Compile date:      Sep 23 2026 (13:08:24)
Run date:          Sep 23 2026 (13:31:19+0000)
Run host:          runnervmtr4k5.lq13sqfczlte5m0m5mu4ko3ipb.cx.internal.cloudapp.net (pid=176269)
Working directory: /home/runner/simulations/TestJob01_temp_2/output-0000/TEST/sim/CanudaX_BSSNMoL
Executable:        /home/runner/simulations/TestJob01_temp_2/SIMFACTORY/exe/cactus_sim
Parameter file:    /home/runner/simulations/TestJob01_temp_2/output-0000/arrangements/CanudaX/CanudaX_BSSNMoL/test/gaugewave.par
--------------------------------------------------------------------------------

Activating thorn Cactus...Success -> active implementation Cactus
Activation requested for 
--->ADMBaseX CanudaX_BSSNMoL CanudaX_ExactID CarpetX IOUtil ODESolvers TmunuBaseX<---
Thorn ADMBaseX requests automatic activation of Loop
Thorn CarpetX requests automatic activation of AMReX
Thorn CarpetX requests automatic activation of MPI
Thorn CarpetX requests automatic activation of yaml_cpp
Thorn CarpetX requests automatic activation of zlib
Thorn CarpetX requests automatic activation of Arith
Thorn CarpetX requests automatic activation of CarpetXRegrid
Thorn CarpetX requests automatic activation of ADIOS2
Thorn CarpetX requests automatic activation of openPMD
Thorn CarpetX requests automatic activation of Silo
Thorn ADIOS2 requests automatic activation of CMake
Thorn Arith requests automatic activation of NSIMD
Thorn MPI requests automatic activation of hwloc
Thorn openPMD requests automatic activation of HDF5
Activating thorn ADIOS2...Success -> active implementation ADIOS2
Activating thorn ADMBaseX...Success -> active implementation ADMBaseX
Activating thorn AMReX...Success -> active implementation AMReX
Activating thorn Arith...Success -> active implementation Arith
Activating thorn CanudaX_BSSNMoL...Success -> active implementation CanudaX_BSSNMoL
Activating thorn CanudaX_ExactID...Success -> active implementation CanudaX_ExactID
Activating thorn CarpetX...Success -> active implementation Driver
Activating thorn CarpetXRegrid...Success -> active implementation CarpetXRegrid
Activating thorn CMake...Success -> active implementation CMake
Activating thorn HDF5...Success -> active implementation HDF5
Activating thorn hwloc...Success -> active implementation hwloc
Activating thorn IOUtil...Success -> active implementation IO
Activating thorn Loop...Success -> active implementation Loop
Activating thorn MPI...Success -> active implementation MPI
Activating thorn NSIMD...Success -> active implementation NSIMD
Activating thorn ODESolvers...Success -> active implementation ODESolvers
Activating thorn openPMD...Success -> active implementation openPMD
Activating thorn Silo...Success -> active implementation Silo
Activating thorn TmunuBaseX...Success -> active implementation TmunuBaseX
Activating thorn yaml_cpp...Success -> active implementation yaml_cpp
Activating thorn zlib...Success -> active implementation zlib
--------------------------------------------------------------------------------
  if (recover initial data)
    Recover parameters
  endif

  Startup routines
    [CCTK_STARTUP]
      CarpetX::Driver_Startup: Start up the driver
      IOUtil::IOUtil_Startup: Startup routine
      GROUP hwloc_startup: hwloc startup group
        hwloc::hwloc_version: Output hwloc version

  Startup routines which need an existing grid hierarchy
    [CCTK_WRAGH]
      Arith::Test_cplx: [meta] Test complex numbers
      Arith::Test_smallvector: [meta] Test small vectors
      Arith::Test_spvect: [meta] Test sparse vectors
      ODESolvers::ODESolvers_InitConstants: [global] Set up dummy loop counters for schedule printout
  Parameter checking routines
    [CCTK_PARAMCHECK]
      CanudaX_BSSNMoL::CanudaX_BSSNMoL_paramcheck: Check CanudaX_BSSNMoL parameters for consistency

  Initialisation
    if (NOT (recover initial data AND recovery_mode is 'strict'))
      [CCTK_PREREGRIDINITIAL]
      Set up grid hierarchy
      [CCTK_POSTREGRIDINITIAL]
      [CCTK_BASEGRID]
        CarpetXRegrid::CarpetXRegrid_InitError: Initialize regridding error to zero
        GROUP ODESolvers_BaseGrid: Set up constants (e.g. coordinates) everywhere on the grid
      [CCTK_INITIAL]
        GROUP TmunuBaseX_SetTmunuVars: Schedule group for setting T_munu
          TmunuBaseX::TmunuBaseX_ZeroTmunu: Set T_munu to zero
          GROUP TmunuBaseX_AddToTmunu: Add to T_munu here
        GROUP ODESolvers_Initial: Set up initial conditions on interior of state vector
          GROUP ADMBaseX_InitialData: Schedule group for calculating ADM initial data
            GROUP CanudaX_ExactIDGroup: CanudaX_ExactID group for setting up initial data
              CanudaX_ExactID::CanudaX_ExactID_GaugeWave: [local] Create gauge wave initial data
          GROUP ADMBaseX_InitialGauge: Schedule group for the ADM initial gauge condition
            ADMBaseX::ADMBaseX_initial_dtlapse: Set dtlapse to zero
            ADMBaseX::ADMBaseX_initial_dtshift: Set dtshift to zero
          GROUP ADMBaseX_PostInitial: Schedule group for modifying the ADM initial data, such as e.g. adding noise
        GROUP CanudaX_BSSNMoL_InitialGroup: CanudaX_BSSNMoL: initial bin
          CanudaX_BSSNMoL::CanudaX_BSSNMoL_adm2bssn: [local] Convert initial data into BSSN variables
          CanudaX_BSSNMoL::CanudaX_BSSNMoL_gammat: [local] Set Gammat initial data
      [CCTK_POSTINITIAL]
        GROUP ODESolvers_PostStep: Apply boundary conditions to state vector, and project if necessary
          GROUP CanudaX_BSSNMoL_PostStepGroup: CanudaX_BSSNMoL: post-step operations
            CanudaX_BSSNMoL::CanudaX_BSSNMoL_impose_conf_fac_floor: Make sure conformal factor does not drop below specified value
            CanudaX_BSSNMoL::CanudaX_BSSNMoL_reset_detmetric: reset dethh = 1
            CanudaX_BSSNMoL::CanudaX_BSSNMoL_remove_trA: Remove trace of A
            CanudaX_BSSNMoL::CanudaX_BSSNMoL_sync: [global] Sync state vector
            CanudaX_BSSNMoL::CanudaX_BSSNMoL_bssn2adm: [local] Convert variables back to the ADM ones
          GROUP ADMBaseX_SetADMRHS: Set ADM RHS variables in this group
          GROUP ADMBaseX_SetADMVars: Set ADM variables in this group
          GROUP TmunuBaseX_SetTmunuVars: Schedule group for setting T_munu
            TmunuBaseX::TmunuBaseX_ZeroTmunu: Set T_munu to zero
            GROUP TmunuBaseX_AddToTmunu: Add to T_munu here
        GROUP ODESolvers_EstimateError: Estimate discretization error (for regridding)
      Initialise finer grids recursively
      Restrict from finer grids
      [CCTK_POSTRESTRICTINITIAL]
      [CCTK_POSTPOSTINITIAL]
      [CCTK_POSTSTEP]
        GROUP ODESolvers_EstimateError: Estimate discretization error (for regridding)
    endif
    if (recover initial data)
      [CCTK_BASEGRID]
        CarpetXRegrid::CarpetXRegrid_InitError: Initialize regridding error to zero
        GROUP ODESolvers_BaseGrid: Set up constants (e.g. coordinates) everywhere on the grid
      [CCTK_RECOVER_VARIABLES]
      [CCTK_POST_RECOVER_VARIABLES]
        GROUP ODESolvers_PostStep: Apply boundary conditions to state vector, and project if necessary
          GROUP CanudaX_BSSNMoL_PostStepGroup: CanudaX_BSSNMoL: post-step operations
            CanudaX_BSSNMoL::CanudaX_BSSNMoL_impose_conf_fac_floor: Make sure conformal factor does not drop below specified value
            CanudaX_BSSNMoL::CanudaX_BSSNMoL_reset_detmetric: reset dethh = 1
            CanudaX_BSSNMoL::CanudaX_BSSNMoL_remove_trA: Remove trace of A
            CanudaX_BSSNMoL::CanudaX_BSSNMoL_sync: [global] Sync state vector
            CanudaX_BSSNMoL::CanudaX_BSSNMoL_bssn2adm: [local] Convert variables back to the ADM ones
          GROUP ADMBaseX_SetADMRHS: Set ADM RHS variables in this group
          GROUP ADMBaseX_SetADMVars: Set ADM variables in this group
          GROUP TmunuBaseX_SetTmunuVars: Schedule group for setting T_munu
            TmunuBaseX::TmunuBaseX_ZeroTmunu: Set T_munu to zero
            GROUP TmunuBaseX_AddToTmunu: Add to T_munu here
        GROUP ODESolvers_EstimateError: Estimate discretization error (for regridding)
    endif
    if (checkpoint initial data)
      [CCTK_CPINITIAL]
        CarpetX::CarpetX_CheckpointInitial: [meta] Checkpoint initial conditions
    endif
    if (analysis)
      [CCTK_ANALYSIS]
        CanudaX_BSSNMoL::CanudaX_BSSNMoL_bssn_constraints: Compute constraints
        GROUP ODESolvers_Analysis: Calculate analysis quantities everywhere
  endif
  Output grid variables

  do loop over timesteps
    [CCTK_PREREGRID]
    Change grid hierarchy
    [CCTK_POSTREGRID]
      GROUP ODESolvers_PostStep: Apply boundary conditions to state vector, and project if necessary
        GROUP CanudaX_BSSNMoL_PostStepGroup: CanudaX_BSSNMoL: post-step operations
          CanudaX_BSSNMoL::CanudaX_BSSNMoL_impose_conf_fac_floor: Make sure conformal factor does not drop below specified value
          CanudaX_BSSNMoL::CanudaX_BSSNMoL_reset_detmetric: reset dethh = 1
          CanudaX_BSSNMoL::CanudaX_BSSNMoL_remove_trA: Remove trace of A
          CanudaX_BSSNMoL::CanudaX_BSSNMoL_sync: [global] Sync state vector
          CanudaX_BSSNMoL::CanudaX_BSSNMoL_bssn2adm: [local] Convert variables back to the ADM ones
        GROUP ADMBaseX_SetADMRHS: Set ADM RHS variables in this group
        GROUP ADMBaseX_SetADMVars: Set ADM variables in this group
        GROUP TmunuBaseX_SetTmunuVars: Schedule group for setting T_munu
          TmunuBaseX::TmunuBaseX_ZeroTmunu: Set T_munu to zero
          GROUP TmunuBaseX_AddToTmunu: Add to T_munu here
    Rotate timelevels
    iteration = iteration+1
    t = t+dt
    [CCTK_PRESTEP]
    [CCTK_EVOL]
      ODESolvers::ODESolvers_Solve: [level] Solve ODEs
      while (ODESolvers::do_substeps)
        GROUP ODESolvers_CalledBySolve: Groups internally scheduled by ODESolvers_Solve
          GROUP ODESolvers_RHS: Evaluate the RHS for of state vector everywhere on the grid
            GROUP CanudaX_BSSNMoL_RHSGroup: CanudaX_BSSNMoL: calculate BSSN RHS
              CanudaX_BSSNMoL::CanudaX_BSSNMoL_calc_bssn_rhs: MoL RHS calculation
              CanudaX_BSSNMoL::CanudaX_BSSNMoL_apply_boundary_conditions: Apply radiative boundary conditions 
          GROUP ODESolvers_PostStep: Apply boundary conditions to state vector, and project if necessary
            GROUP CanudaX_BSSNMoL_PostStepGroup: CanudaX_BSSNMoL: post-step operations
              CanudaX_BSSNMoL::CanudaX_BSSNMoL_impose_conf_fac_floor: Make sure conformal factor does not drop below specified value
              CanudaX_BSSNMoL::CanudaX_BSSNMoL_reset_detmetric: reset dethh = 1
              CanudaX_BSSNMoL::CanudaX_BSSNMoL_remove_trA: Remove trace of A
              CanudaX_BSSNMoL::CanudaX_BSSNMoL_sync: [global] Sync state vector
              CanudaX_BSSNMoL::CanudaX_BSSNMoL_bssn2adm: [local] Convert variables back to the ADM ones
            GROUP ADMBaseX_SetADMRHS: Set ADM RHS variables in this group
            GROUP ADMBaseX_SetADMVars: Set ADM variables in this group
            GROUP TmunuBaseX_SetTmunuVars: Schedule group for setting T_munu
              TmunuBaseX::TmunuBaseX_ZeroTmunu: Set T_munu to zero
              GROUP TmunuBaseX_AddToTmunu: Add to T_munu here
      end while
    Evolve finer grids recursively
    Restrict from finer grids
    [CCTK_POSTRESTRICT]
      GROUP ODESolvers_PostStep: Apply boundary conditions to state vector, and project if necessary
        GROUP CanudaX_BSSNMoL_PostStepGroup: CanudaX_BSSNMoL: post-step operations
          CanudaX_BSSNMoL::CanudaX_BSSNMoL_impose_conf_fac_floor: Make sure conformal factor does not drop below specified value
          CanudaX_BSSNMoL::CanudaX_BSSNMoL_reset_detmetric: reset dethh = 1
          CanudaX_BSSNMoL::CanudaX_BSSNMoL_remove_trA: Remove trace of A
          CanudaX_BSSNMoL::CanudaX_BSSNMoL_sync: [global] Sync state vector
          CanudaX_BSSNMoL::CanudaX_BSSNMoL_bssn2adm: [local] Convert variables back to the ADM ones
        GROUP ADMBaseX_SetADMRHS: Set ADM RHS variables in this group
        GROUP ADMBaseX_SetADMVars: Set ADM variables in this group
        GROUP TmunuBaseX_SetTmunuVars: Schedule group for setting T_munu
          TmunuBaseX::TmunuBaseX_ZeroTmunu: Set T_munu to zero
          GROUP TmunuBaseX_AddToTmunu: Add to T_munu here
    [CCTK_POSTSTEP]
      GROUP ODESolvers_EstimateError: Estimate discretization error (for regridding)
    if (checkpoint)
      [CCTK_CHECKPOINT]
      CarpetX::CarpetX_Checkpoint: [meta] Checkpoint
    endif
    if (analysis)
      [CCTK_ANALYSIS]
      CanudaX_BSSNMoL::CanudaX_BSSNMoL_bssn_constraints: Compute constraints
      GROUP ODESolvers_Analysis: Calculate analysis quantities everywhere
    endif
    Output grid variables
    enddo

  Termination routines
    [CCTK_TERMINATE]
      CarpetX::CarpetX_CheckpointTerminate: [meta] Checkpoint before terminating

  Shutdown routines
    [CCTK_SHUTDOWN]
      CarpetX::Driver_Shutdown: [meta] Shut down the driver

  Routines run after changing the grid hierarchy:
    [CCTK_POSTREGRID]
      GROUP ODESolvers_PostStep: Apply boundary conditions to state vector, and project if necessary
        GROUP CanudaX_BSSNMoL_PostStepGroup: CanudaX_BSSNMoL: post-step operations
          CanudaX_BSSNMoL::CanudaX_BSSNMoL_impose_conf_fac_floor: Make sure conformal factor does not drop below specified value
          CanudaX_BSSNMoL::CanudaX_BSSNMoL_reset_detmetric: reset dethh = 1
          CanudaX_BSSNMoL::CanudaX_BSSNMoL_remove_trA: Remove trace of A
          CanudaX_BSSNMoL::CanudaX_BSSNMoL_sync: [global] Sync state vector
          CanudaX_BSSNMoL::CanudaX_BSSNMoL_bssn2adm: [local] Convert variables back to the ADM ones
        GROUP ADMBaseX_SetADMRHS: Set ADM RHS variables in this group
        GROUP ADMBaseX_SetADMVars: Set ADM variables in this group
        GROUP TmunuBaseX_SetTmunuVars: Schedule group for setting T_munu
          TmunuBaseX::TmunuBaseX_ZeroTmunu: Set T_munu to zero
          GROUP TmunuBaseX_AddToTmunu: Add to T_munu here
--------------------------------------------------------------------------------
INFO (hwloc): library version 2.10.0, API version 0x20800
--------------------------------------------------------------------------------

  [34m  ▕▏  [34m  ▕▏  [34m  ▕▏  [34m  ▕▏  [34m  ▕▏  [34m  ▕▏  [34m  ▕▏  [34m  ▕▏  [34m  ▕▏  [39m  
  [34m──██──[34m──██──[34m──██──[34m──██──[34m──██──[34m──██──[34m──██──[34m──██──[34m──██──[39m  
  [34m  ▕▏  [34m  ▕▏  [34m  ▕▏  [34m  ▕▏  [34m  ▕▏  [34m  ▕▏  [34m  ▕▏  [34m  ▕▏  [34m  ▕▏  [39m  
  [34m  ▕▏  [32m██████[34m  ▕▏  [34m  ▕▏  [32m██████[34m  ▕▏  [34m  ▕▏  [32m██████[34m  ▕▏  [39m  
  [34m──██──[32m██████[34m──██──[34m──██──[32m██████[34m──██──[34m──██──[32m██████[34m──██──[39m  
  [34m  ▕▏  [32m██████[34m  ▕▏  [34m  ▕▏  [32m██████[34m  ▕▏  [34m  ▕▏  [32m██████[34m  ▕▏  [39m  
  [34m  ▕▏  [34m  ▕▏  [34m  ▕▏  [34m  ▕▏  [34m  ▕▏  [34m  ▕▏  [34m  ▕▏  [34m  ▕▏  [34m  ▕▏  [39m  
  [34m──██──[34m──██──[34m──██──[34m──██──[34m──██──[34m──██──[34m──██──[34m──██──[34m──██──[39m  
  [34m  ▕▏  [34m  ▕▏  [34m  ▕▏  [34m  ▕▏  [34m  ▕▏  [34m  ▕▏  [34m  ▕▏  [34m  ▕▏  [34m  ▕▏  [39m  
  [34m  ▕▏  [34m  ▕▏  [34m  ▕▏  [31m██████[31m██████[31m██████[34m  ▕▏  [34m  ▕▏  [34m  ▕▏  [39m  
  [34m──██──[34m──██──[34m──██──[31m██████[31m██████[31m██████[34m──██──[34m──██──[34m──██──[39m  
  [34m  ▕▏  [34m  ▕▏  [34m  ▕▏  [31m██████[31m██████[31m██████[34m  ▕▏  [34m  ▕▏  [34m  ▕▏  [39m  
  [34m  ▕▏  [32m██████[34m  ▕▏  [31m██████[31m██████[31m██████[34m  ▕▏  [32m██████[34m  ▕▏  [39m  
  [34m──██──[32m██████[34m──██──[31m██████[31m██████[31m██████[34m──██──[32m██████[34m──██──[39m  
  [34m  ▕▏  [32m██████[34m  ▕▏  [31m██████[31m██████[31m██████[34m  ▕▏  [32m██████[34m  ▕▏  [39m  
  [34m  ▕▏  [34m  ▕▏  [34m  ▕▏  [31m██████[31m██████[31m██████[34m  ▕▏  [34m  ▕▏  [34m  ▕▏  [39m  
  [34m──██──[34m──██──[34m──██──[31m██████[31m██████[31m██████[34m──██──[34m──██──[34m──██──[39m  
  [34m  ▕▏  [34m  ▕▏  [34m  ▕▏  [31m██████[31m██████[31m██████[34m  ▕▏  [34m  ▕▏  [34m  ▕▏  [39m  
  [34m  ▕▏  [34m  ▕▏  [34m  ▕▏  [34m  ▕▏  [34m  ▕▏  [34m  ▕▏  [34m  ▕▏  [34m  ▕▏  [34m  ▕▏  [39m  
  [34m──██──[34m──██──[34m──██──[34m──██──[34m──██──[34m──██──[34m──██──[34m──██──[34m──██──[39m  
  [34m  ▕▏  [34m  ▕▏  [34m  ▕▏  [34m  ▕▏  [34m  ▕▏  [34m  ▕▏  [34m  ▕▏  [34m  ▕▏  [34m  ▕▏  [39m  
  [34m  ▕▏  [32m██████[34m  ▕▏  [34m  ▕▏  [32m██████[34m  ▕▏  [34m  ▕▏  [32m██████[34m  ▕▏  [39m  
  [34m──██──[32m██████[34m──██──[34m──██──[32m██████[34m──██──[34m──██──[32m██████[34m──██──[39m  
  [34m  ▕▏  [32m██████[34m  ▕▏  [34m  ▕▏  [32m██████[34m  ▕▏  [34m  ▕▏  [32m██████[34m  ▕▏  [39m  
  [34m  ▕▏  [34m  ▕▏  [34m  ▕▏  [34m  ▕▏  [34m  ▕▏  [34m  ▕▏  [34m  ▕▏  [34m  ▕▏  [34m  ▕▏  [39m  
  [34m──██──[34m──██──[34m──██──[34m──██──[34m──██──[34m──██──[34m──██──[34m──██──[34m──██──[39m  
  [34m  ▕▏  [34m  ▕▏  [34m  ▕▏  [34m  ▕▏  [34m  ▕▏  [34m  ▕▏  [34m  ▕▏  [34m  ▕▏  [34m  ▕▏  [39m  

AMR driver provided by CarpetX,
using AMReX 25.11 (MPI, OpenMP, no accelerators, debug)
--------------------------------------------------------------------------------

Initializing AMReX (25.11)...
MPI initialized with 2 MPI processes
MPI initialized with thread support level 2
OMP initialized with 1 OMP threads
AMReX (25.11) initialized
INFO (CarpetX): 
Symmetries:
  lower x: periodic
  lower y: periodic
  lower z: periodic
  upper x: periodic
  upper y: periodic
  upper z: periodic
Default boundaries:
  lower x: symmetry_boundary
  lower y: symmetry_boundary
  lower z: symmetry_boundary
  upper x: symmetry_boundary
  upper y: symmetry_boundary
  upper z: symmetry_boundary
INFO (Arith): Test_cplx
INFO (Arith): Test_smallvector
INFO (Arith): Test_spvect
INFO (CarpetX): Setting initial values for max_grid_size values for all levels
INFO (CarpetX): Setting up initial conditions...
INFO (CarpetX): Iteration: 0   time: 0   delta_time: 0.00390625
INFO (CarpetX): Patch 0:
INFO (CarpetX):   Grid extent:
INFO (CarpetX):     gsh=[71,15,15]
INFO (CarpetX):     blocking_factor=[8,8,8]
INFO (CarpetX):     max_grid_size=[10000000,10000000,10000000]
INFO (CarpetX):     max_tile_size=[1024000,16,32]
INFO (CarpetX):   Domain extent:
INFO (CarpetX):     xmin=[-0.5,-0.0625,-0.0625]
INFO (CarpetX):     xmax=[0.5,0.0625,0.0625]
INFO (CarpetX):     base dx=[0.015625,0.015625,0.015625]
INFO (CarpetX): Initializing level 0...
INFO (CanudaX_ExactID): Begin Gauge Wave initial data
INFO (CanudaX_ExactID): === End gauge wave initial data ===
INFO (CarpetX): Regridding...
INFO (CarpetX):   level 0: 2 boxes, 4096 cells (100%)
INFO (CarpetX): Initialized 1 levels
INFO (CarpetX): OutputGH: iteration 0, time 0.000000, run time 0 s
INFO (CarpetX): OutputGH done.
INFO (CarpetX): Starting evolution...
INFO (ODESolvers): ODE integrator is RK4
INFO (CarpetX): OutputGH: iteration 1, time 0.003906, run time 1 s
INFO (CarpetX): OutputGH done.
INFO (CarpetX): Simulation time: 0.00390625   Iterations per second: 32.8031   Simulation time per second: 0.128137
INFO (CarpetX): Grid cells: 4096   Grid cell updates per second: 134362
INFO (CarpetX): Performance:
INFO (CarpetX):   total evolution time:            0.0304849 sec
INFO (CarpetX):   total evolution compute time:    0.0304639 sec
INFO (CarpetX):   total evolution output time:     2.09808e-05 sec
INFO (CarpetX):   total iterations:                1
INFO (CarpetX):   total cells updated:             4096
INFO (CarpetX):   average iterations per second: 32.8031
INFO (CarpetX):   average cell updates per second: 134362
INFO (CarpetX): OutputGH: iteration 2, time 0.007812, run time 1 s
INFO (CarpetX): OutputGH done.
INFO (CarpetX): Simulation time: 0.0078125   Iterations per second: 34.2431   Simulation time per second: 0.133762
INFO (CarpetX): Grid cells: 4096   Grid cell updates per second: 140260
INFO (CarpetX): Performance:
INFO (CarpetX):   total evolution time:            0.0584059 sec
INFO (CarpetX):   total evolution compute time:    0.0583658 sec
INFO (CarpetX):   total evolution output time:     4.00543e-05 sec
INFO (CarpetX):   total iterations:                2
INFO (CarpetX):   total cells updated:             8192
INFO (CarpetX):   average iterations per second: 34.2431
INFO (CarpetX):   average cell updates per second: 140260
INFO (CarpetX): OutputGH: iteration 3, time 0.011719, run time 1 s
INFO (CarpetX): OutputGH done.
INFO (CarpetX): Simulation time: 0.0117188   Iterations per second: 34.8355   Simulation time per second: 0.136076
INFO (CarpetX): Grid cells: 4096   Grid cell updates per second: 142686
INFO (CarpetX): Performance:
INFO (CarpetX):   total evolution time:            0.0861189 sec
INFO (CarpetX):   total evolution compute time:    0.0860579 sec
INFO (CarpetX):   total evolution output time:     6.10352e-05 sec
INFO (CarpetX):   total iterations:                3
INFO (CarpetX):   total cells updated:             12288
INFO (CarpetX):   average iterations per second: 34.8355
INFO (CarpetX):   average cell updates per second: 142686
INFO (CarpetX): OutputGH: iteration 4, time 0.015625, run time 1 s
INFO (CarpetX): OutputGH done.
INFO (CarpetX): Simulation time: 0.015625   Iterations per second: 35.1096   Simulation time per second: 0.137147
INFO (CarpetX): Grid cells: 4096   Grid cell updates per second: 143809
INFO (CarpetX): Performance:
INFO (CarpetX):   total evolution time:            0.113929 sec
INFO (CarpetX):   total evolution compute time:    0.113845 sec
INFO (CarpetX):   total evolution output time:     8.41618e-05 sec
INFO (CarpetX):   total iterations:                4
INFO (CarpetX):   total cells updated:             16384
INFO (CarpetX):   average iterations per second: 35.1096
INFO (CarpetX):   average cell updates per second: 143809
INFO (CarpetX): OutputGH: iteration 5, time 0.019531, run time 1 s
INFO (CarpetX): OutputGH done.
INFO (CarpetX): Simulation time: 0.0195312   Iterations per second: 35.2058   Simulation time per second: 0.137523
INFO (CarpetX): Grid cells: 4096   Grid cell updates per second: 144203
INFO (CarpetX): Performance:
INFO (CarpetX):   total evolution time:            0.142022 sec
INFO (CarpetX):   total evolution compute time:    0.141911 sec
INFO (CarpetX):   total evolution output time:     0.000111103 sec
INFO (CarpetX):   total iterations:                5
INFO (CarpetX):   total cells updated:             20480
INFO (CarpetX):   average iterations per second: 35.2058
INFO (CarpetX):   average cell updates per second: 144203
INFO (CarpetX): OutputGH: iteration 6, time 0.023438, run time 1 s
INFO (CarpetX): OutputGH done.
INFO (CarpetX): Simulation time: 0.0234375   Iterations per second: 35.3122   Simulation time per second: 0.137938
INFO (CarpetX): Grid cells: 4096   Grid cell updates per second: 144639
INFO (CarpetX): Performance:
INFO (CarpetX):   total evolution time:            0.169913 sec
INFO (CarpetX):   total evolution compute time:    0.169781 sec
INFO (CarpetX):   total evolution output time:     0.000132084 sec
INFO (CarpetX):   total iterations:                6
INFO (CarpetX):   total cells updated:             24576
INFO (CarpetX):   average iterations per second: 35.3122
INFO (CarpetX):   average cell updates per second: 144639
INFO (CarpetX): OutputGH: iteration 7, time 0.027344, run time 1 s
INFO (CarpetX): OutputGH done.
INFO (CarpetX): Simulation time: 0.0273438   Iterations per second: 35.3841   Simulation time per second: 0.138219
INFO (CarpetX): Grid cells: 4096   Grid cell updates per second: 144933
INFO (CarpetX): Performance:
INFO (CarpetX):   total evolution time:            0.197829 sec
INFO (CarpetX):   total evolution compute time:    0.197671 sec
INFO (CarpetX):   total evolution output time:     0.000158072 sec
INFO (CarpetX):   total iterations:                7
INFO (CarpetX):   total cells updated:             28672
INFO (CarpetX):   average iterations per second: 35.3841
INFO (CarpetX):   average cell updates per second: 144933
INFO (CarpetX): OutputGH: iteration 8, time 0.031250, run time 1 s
INFO (CarpetX): OutputGH done.
INFO (CarpetX): Simulation time: 0.03125   Iterations per second: 35.4655   Simulation time per second: 0.138537
INFO (CarpetX): Grid cells: 4096   Grid cell updates per second: 145266
INFO (CarpetX): Performance:
INFO (CarpetX):   total evolution time:            0.225572 sec
INFO (CarpetX):   total evolution compute time:    0.225394 sec
INFO (CarpetX):   total evolution output time:     0.000178099 sec
INFO (CarpetX):   total iterations:                8
INFO (CarpetX):   total cells updated:             32768
INFO (CarpetX):   average iterations per second: 35.4655
INFO (CarpetX):   average cell updates per second: 145266
INFO (CarpetX): OutputGH: iteration 9, time 0.035156, run time 1 s
INFO (CarpetX): OutputGH done.
INFO (CarpetX): Simulation time: 0.0351562   Iterations per second: 35.5284   Simulation time per second: 0.138783
INFO (CarpetX): Grid cells: 4096   Grid cell updates per second: 145524
INFO (CarpetX): Performance:
INFO (CarpetX):   total evolution time:            0.253319 sec
INFO (CarpetX):   total evolution compute time:    0.25312 sec
INFO (CarpetX):   total evolution output time:     0.000198126 sec
INFO (CarpetX):   total iterations:                9
INFO (CarpetX):   total cells updated:             36864
INFO (CarpetX):   average iterations per second: 35.5284
INFO (CarpetX):   average cell updates per second: 145524
INFO (CarpetX): OutputGH: iteration 10, time 0.039062, run time 1 s
INFO (CarpetX): OutputGH done.
INFO (CarpetX): Simulation time: 0.0390625   Iterations per second: 35.5846   Simulation time per second: 0.139002
INFO (CarpetX): Grid cells: 4096   Grid cell updates per second: 145755
INFO (CarpetX): Performance:
INFO (CarpetX):   total evolution time:            0.28102 sec
INFO (CarpetX):   total evolution compute time:    0.280798 sec
INFO (CarpetX):   total evolution output time:     0.000222206 sec
INFO (CarpetX):   total iterations:                10
INFO (CarpetX):   total cells updated:             40960
INFO (CarpetX):   average iterations per second: 35.5846
INFO (CarpetX):   average cell updates per second: 145755
INFO (CarpetX): OutputGH: iteration 11, time 0.042969, run time 1 s
INFO (CarpetX): OutputGH done.
INFO (CarpetX): Simulation time: 0.0429688   Iterations per second: 35.597   Simulation time per second: 0.139051
INFO (CarpetX): Grid cells: 4096   Grid cell updates per second: 145805
INFO (CarpetX): Performance:
INFO (CarpetX):   total evolution time:            0.309024 sec
INFO (CarpetX):   total evolution compute time:    0.308772 sec
INFO (CarpetX):   total evolution output time:     0.000252008 sec
INFO (CarpetX):   total iterations:                11
INFO (CarpetX):   total cells updated:             45056
INFO (CarpetX):   average iterations per second: 35.5959
INFO (CarpetX):   average cell updates per second: 145801
INFO (CarpetX): OutputGH: iteration 12, time 0.046875, run time 1 s
INFO (CarpetX): OutputGH done.
INFO (CarpetX): Simulation time: 0.046875   Iterations per second: 35.6234   Simulation time per second: 0.139154
INFO (CarpetX): Grid cells: 4096   Grid cell updates per second: 145914
INFO (CarpetX): Performance:
INFO (CarpetX):   total evolution time:            0.336908 sec
INFO (CarpetX):   total evolution compute time:    0.336633 sec
INFO (CarpetX):   total evolution output time:     0.000275135 sec
INFO (CarpetX):   total iterations:                12
INFO (CarpetX):   total cells updated:             49152
INFO (CarpetX):   average iterations per second: 35.618
INFO (CarpetX):   average cell updates per second: 145891
INFO (CarpetX): OutputGH: iteration 13, time 0.050781, run time 1 s
INFO (CarpetX): OutputGH done.
INFO (CarpetX): Simulation time: 0.0507812   Iterations per second: 35.6556   Simulation time per second: 0.13928
INFO (CarpetX): Grid cells: 4096   Grid cell updates per second: 146045
INFO (CarpetX): Performance:
INFO (CarpetX):   total evolution time:            0.364726 sec
INFO (CarpetX):   total evolution compute time:    0.364428 sec
INFO (CarpetX):   total evolution output time:     0.000298262 sec
INFO (CarpetX):   total iterations:                13
INFO (CarpetX):   total cells updated:             53248
INFO (CarpetX):   average iterations per second: 35.6432
INFO (CarpetX):   average cell updates per second: 145994
INFO (CarpetX): OutputGH: iteration 14, time 0.054688, run time 1 s
INFO (CarpetX): OutputGH done.
INFO (CarpetX): Simulation time: 0.0546875   Iterations per second: 35.684   Simulation time per second: 0.139391
INFO (CarpetX): Grid cells: 4096   Grid cell updates per second: 146162
INFO (CarpetX): Performance:
INFO (CarpetX):   total evolution time:            0.392549 sec
INFO (CarpetX):   total evolution compute time:    0.392222 sec
INFO (CarpetX):   total evolution output time:     0.000327349 sec
INFO (CarpetX):   total iterations:                14
INFO (CarpetX):   total cells updated:             57344
INFO (CarpetX):   average iterations per second: 35.6643
INFO (CarpetX):   average cell updates per second: 146081
INFO (CarpetX): OutputGH: iteration 15, time 0.058594, run time 1 s
INFO (CarpetX): OutputGH done.
INFO (CarpetX): Simulation time: 0.0585938   Iterations per second: 35.6795   Simulation time per second: 0.139373
INFO (CarpetX): Grid cells: 4096   Grid cell updates per second: 146143
INFO (CarpetX): Performance:
INFO (CarpetX):   total evolution time:            0.420608 sec
INFO (CarpetX):   total evolution compute time:    0.420253 sec
INFO (CarpetX):   total evolution output time:     0.000355244 sec
INFO (CarpetX):   total iterations:                15
INFO (CarpetX):   total cells updated:             61440
INFO (CarpetX):   average iterations per second: 35.6626
INFO (CarpetX):   average cell updates per second: 146074
INFO (CarpetX): OutputGH: iteration 16, time 0.062500, run time 1 s
INFO (CarpetX): OutputGH done.
INFO (CarpetX): Simulation time: 0.0625   Iterations per second: 35.6433   Simulation time per second: 0.139232
INFO (CarpetX): Grid cells: 4096   Grid cell updates per second: 145995
INFO (CarpetX): Performance:
INFO (CarpetX):   total evolution time:            0.44892 sec
INFO (CarpetX):   total evolution compute time:    0.448541 sec
INFO (CarpetX):   total evolution output time:     0.000379086 sec
INFO (CarpetX):   total iterations:                16
INFO (CarpetX):   total cells updated:             65536
INFO (CarpetX):   average iterations per second: 35.6411
INFO (CarpetX):   average cell updates per second: 145986
INFO (CarpetX): OutputGH: iteration 17, time 0.066406, run time 1 s
INFO (CarpetX): OutputGH done.
INFO (CarpetX): Simulation time: 0.0664062   Iterations per second: 35.5437   Simulation time per second: 0.138843
INFO (CarpetX): Grid cells: 4096   Grid cell updates per second: 145587
INFO (CarpetX): Performance:
INFO (CarpetX):   total evolution time:            0.477762 sec
INFO (CarpetX):   total evolution compute time:    0.477359 sec
INFO (CarpetX):   total evolution output time:     0.000403166 sec
INFO (CarpetX):   total iterations:                17
INFO (CarpetX):   total cells updated:             69632
INFO (CarpetX):   average iterations per second: 35.5826
INFO (CarpetX):   average cell updates per second: 145746
INFO (CarpetX): OutputGH: iteration 18, time 0.070312, run time 1 s
INFO (CarpetX): OutputGH done.
INFO (CarpetX): Simulation time: 0.0703125   Iterations per second: 35.5694   Simulation time per second: 0.138943
INFO (CarpetX): Grid cells: 4096   Grid cell updates per second: 145692
INFO (CarpetX): Performance:
INFO (CarpetX):   total evolution time:            0.505693 sec
INFO (CarpetX):   total evolution compute time:    0.505265 sec
INFO (CarpetX):   total evolution output time:     0.0004282 sec
INFO (CarpetX):   total iterations:                18
INFO (CarpetX):   total cells updated:             73728
INFO (CarpetX):   average iterations per second: 35.5947
INFO (CarpetX):   average cell updates per second: 145796
INFO (CarpetX): OutputGH: iteration 19, time 0.074219, run time 2 s
INFO (CarpetX): OutputGH done.
INFO (CarpetX): Simulation time: 0.0742188   Iterations per second: 35.568   Simulation time per second: 0.138938
INFO (CarpetX): Grid cells: 4096   Grid cell updates per second: 145687
INFO (CarpetX): Performance:
INFO (CarpetX):   total evolution time:            0.533818 sec
INFO (CarpetX):   total evolution compute time:    0.533366 sec
INFO (CarpetX):   total evolution output time:     0.000452042 sec
INFO (CarpetX):   total iterations:                19
INFO (CarpetX):   total cells updated:             77824
INFO (CarpetX):   average iterations per second: 35.5926
INFO (CarpetX):   average cell updates per second: 145787
INFO (CarpetX): OutputGH: iteration 20, time 0.078125, run time 2 s
INFO (CarpetX): OutputGH done.
INFO (CarpetX): Simulation time: 0.078125   Iterations per second: 35.5698   Simulation time per second: 0.138945
INFO (CarpetX): Grid cells: 4096   Grid cell updates per second: 145694
INFO (CarpetX): Performance:
INFO (CarpetX):   total evolution time:            0.561919 sec
INFO (CarpetX):   total evolution compute time:    0.561447 sec
INFO (CarpetX):   total evolution output time:     0.00047183 sec
INFO (CarpetX):   total iterations:                20
INFO (CarpetX):   total cells updated:             81920
INFO (CarpetX):   average iterations per second: 35.5923
INFO (CarpetX):   average cell updates per second: 145786
INFO (CarpetX): OutputGH: iteration 21, time 0.082031, run time 2 s
INFO (CarpetX): OutputGH done.
INFO (CarpetX): Simulation time: 0.0820312   Iterations per second: 35.5709   Simulation time per second: 0.138949
INFO (CarpetX): Grid cells: 4096   Grid cell updates per second: 145699
INFO (CarpetX): Performance:
INFO (CarpetX):   total evolution time:            0.590024 sec
INFO (CarpetX):   total evolution compute time:    0.589528 sec
INFO (CarpetX):   total evolution output time:     0.000495911 sec
INFO (CarpetX):   total iterations:                21
INFO (CarpetX):   total cells updated:             86016
INFO (CarpetX):   average iterations per second: 35.5918
INFO (CarpetX):   average cell updates per second: 145784
INFO (CarpetX): OutputGH: iteration 22, time 0.085938, run time 2 s
INFO (CarpetX): OutputGH done.
INFO (CarpetX): Simulation time: 0.0859375   Iterations per second: 35.5705   Simulation time per second: 0.138947
INFO (CarpetX): Grid cells: 4096   Grid cell updates per second: 145697
INFO (CarpetX): Performance:
INFO (CarpetX):   total evolution time:            0.61814 sec
INFO (CarpetX):   total evolution compute time:    0.61762 sec
INFO (CarpetX):   total evolution output time:     0.000519991 sec
INFO (CarpetX):   total iterations:                22
INFO (CarpetX):   total cells updated:             90112
INFO (CarpetX):   average iterations per second: 35.5906
INFO (CarpetX):   average cell updates per second: 145779
INFO (CarpetX): OutputGH: iteration 23, time 0.089844, run time 2 s
INFO (CarpetX): OutputGH done.
INFO (CarpetX): Simulation time: 0.0898438   Iterations per second: 35.5902   Simulation time per second: 0.139024
INFO (CarpetX): Grid cells: 4096   Grid cell updates per second: 145777
INFO (CarpetX): Performance:
INFO (CarpetX):   total evolution time:            0.646098 sec
INFO (CarpetX):   total evolution compute time:    0.645539 sec
INFO (CarpetX):   total evolution output time:     0.000558853 sec
INFO (CarpetX):   total iterations:                23
INFO (CarpetX):   total cells updated:             94208
INFO (CarpetX):   average iterations per second: 35.5983
INFO (CarpetX):   average cell updates per second: 145811
INFO (CarpetX): OutputGH: iteration 24, time 0.093750, run time 2 s
INFO (CarpetX): OutputGH done.
INFO (CarpetX): Simulation time: 0.09375   Iterations per second: 35.6057   Simulation time per second: 0.139085
INFO (CarpetX): Grid cells: 4096   Grid cell updates per second: 145841
INFO (CarpetX): Performance:
INFO (CarpetX):   total evolution time:            0.674073 sec
INFO (CarpetX):   total evolution compute time:    0.673488 sec
INFO (CarpetX):   total evolution output time:     0.000584841 sec
INFO (CarpetX):   total iterations:                24
INFO (CarpetX):   total cells updated:             98304
INFO (CarpetX):   average iterations per second: 35.6044
INFO (CarpetX):   average cell updates per second: 145836
INFO (CarpetX): OutputGH: iteration 25, time 0.097656, run time 2 s
INFO (CarpetX): OutputGH done.
INFO (CarpetX): Simulation time: 0.0976562   Iterations per second: 35.5977   Simulation time per second: 0.139053
INFO (CarpetX): Grid cells: 4096   Grid cell updates per second: 145808
INFO (CarpetX): Performance:
INFO (CarpetX):   total evolution time:            0.702222 sec
INFO (CarpetX):   total evolution compute time:    0.701618 sec
INFO (CarpetX):   total evolution output time:     0.000603914 sec
INFO (CarpetX):   total iterations:                25
INFO (CarpetX):   total cells updated:             102400
INFO (CarpetX):   average iterations per second: 35.6013
INFO (CarpetX):   average cell updates per second: 145823
INFO (CarpetX): OutputGH: iteration 26, time 0.101562, run time 2 s
INFO (CarpetX): OutputGH done.
INFO (CarpetX): Simulation time: 0.101562   Iterations per second: 35.6273   Simulation time per second: 0.139169
INFO (CarpetX): Grid cells: 4096   Grid cell updates per second: 145930
INFO (CarpetX): Performance:
INFO (CarpetX):   total evolution time:            0.73008 sec
INFO (CarpetX):   total evolution compute time:    0.729454 sec
INFO (CarpetX):   total evolution output time:     0.000625849 sec
INFO (CarpetX):   total iterations:                26
INFO (CarpetX):   total cells updated:             106496
INFO (CarpetX):   average iterations per second: 35.6125
INFO (CarpetX):   average cell updates per second: 145869
INFO (CarpetX): OutputGH: iteration 27, time 0.105469, run time 2 s
INFO (CarpetX): OutputGH done.
INFO (CarpetX): Simulation time: 0.105469   Iterations per second: 35.6337   Simulation time per second: 0.139194
INFO (CarpetX): Grid cells: 4096   Grid cell updates per second: 145956
INFO (CarpetX): Performance:
INFO (CarpetX):   total evolution time:            0.758098 sec
INFO (CarpetX):   total evolution compute time:    0.757448 sec
INFO (CarpetX):   total evolution output time:     0.000649929 sec
INFO (CarpetX):   total iterations:                27
INFO (CarpetX):   total cells updated:             110592
INFO (CarpetX):   average iterations per second: 35.6155
INFO (CarpetX):   average cell updates per second: 145881
INFO (CarpetX): OutputGH: iteration 28, time 0.109375, run time 2 s
INFO (CarpetX): OutputGH done.
INFO (CarpetX): Simulation time: 0.109375   Iterations per second: 35.6288   Simulation time per second: 0.139175
INFO (CarpetX): Grid cells: 4096   Grid cell updates per second: 145936
INFO (CarpetX): Performance:
INFO (CarpetX):   total evolution time:            0.7862 sec
INFO (CarpetX):   total evolution compute time:    0.785525 sec
INFO (CarpetX):   total evolution output time:     0.000674963 sec
INFO (CarpetX):   total iterations:                28
INFO (CarpetX):   total cells updated:             114688
INFO (CarpetX):   average iterations per second: 35.6144
INFO (CarpetX):   average cell updates per second: 145876
INFO (CarpetX): OutputGH: iteration 29, time 0.113281, run time 2 s
INFO (CarpetX): OutputGH done.
INFO (CarpetX): Simulation time: 0.113281   Iterations per second: 35.6266   Simulation time per second: 0.139166
INFO (CarpetX): Grid cells: 4096   Grid cell updates per second: 145926
INFO (CarpetX): Performance:
INFO (CarpetX):   total evolution time:            0.814285 sec
INFO (CarpetX):   total evolution compute time:    0.813593 sec
INFO (CarpetX):   total evolution output time:     0.000692129 sec
INFO (CarpetX):   total iterations:                29
INFO (CarpetX):   total cells updated:             118784
INFO (CarpetX):   average iterations per second: 35.6141
INFO (CarpetX):   average cell updates per second: 145875
INFO (CarpetX): OutputGH: iteration 30, time 0.117188, run time 2 s
INFO (CarpetX): OutputGH done.
INFO (CarpetX): Simulation time: 0.117188   Iterations per second: 35.6279   Simulation time per second: 0.139172
INFO (CarpetX): Grid cells: 4096   Grid cell updates per second: 145932
INFO (CarpetX): Performance:
INFO (CarpetX):   total evolution time:            0.842343 sec
INFO (CarpetX):   total evolution compute time:    0.841622 sec
INFO (CarpetX):   total evolution output time:     0.000721216 sec
INFO (CarpetX):   total iterations:                30
INFO (CarpetX):   total cells updated:             122880
INFO (CarpetX):   average iterations per second: 35.615
INFO (CarpetX):   average cell updates per second: 145879
INFO (CarpetX): OutputGH: iteration 31, time 0.121094, run time 2 s
INFO (CarpetX): OutputGH done.
INFO (CarpetX): Simulation time: 0.121094   Iterations per second: 35.6449   Simulation time per second: 0.139238
INFO (CarpetX): Grid cells: 4096   Grid cell updates per second: 146002
INFO (CarpetX): Performance:
INFO (CarpetX):   total evolution time:            0.870277 sec
INFO (CarpetX):   total evolution compute time:    0.869536 sec
INFO (CarpetX):   total evolution output time:     0.000741243 sec
INFO (CarpetX):   total iterations:                31
INFO (CarpetX):   total cells updated:             126976
INFO (CarpetX):   average iterations per second: 35.6208
INFO (CarpetX):   average cell updates per second: 145903
INFO (CarpetX): OutputGH: iteration 32, time 0.125000, run time 2 s
INFO (CarpetX): OutputGH done.
INFO (CarpetX): Simulation time: 0.125   Iterations per second: 35.6625   Simulation time per second: 0.139307
INFO (CarpetX): Grid cells: 4096   Grid cell updates per second: 146074
INFO (CarpetX): Performance:
INFO (CarpetX):   total evolution time:            0.898193 sec
INFO (CarpetX):   total evolution compute time:    0.897436 sec
INFO (CarpetX):   total evolution output time:     0.000757217 sec
INFO (CarpetX):   total iterations:                32
INFO (CarpetX):   total cells updated:             131072
INFO (CarpetX):   average iterations per second: 35.6271
INFO (CarpetX):   average cell updates per second: 145929
INFO (CarpetX): OutputGH: iteration 33, time 0.128906, run time 2 s
INFO (CarpetX): OutputGH done.
INFO (CarpetX): Simulation time: 0.128906   Iterations per second: 35.6874   Simulation time per second: 0.139404
INFO (CarpetX): Grid cells: 4096   Grid cell updates per second: 146176
INFO (CarpetX): Performance:
INFO (CarpetX):   total evolution time:            0.926038 sec
INFO (CarpetX):   total evolution compute time:    0.925261 sec
INFO (CarpetX):   total evolution output time:     0.000777245 sec
INFO (CarpetX):   total iterations:                33
INFO (CarpetX):   total cells updated:             135168
INFO (CarpetX):   average iterations per second: 35.6357
INFO (CarpetX):   average cell updates per second: 145964
INFO (CarpetX): OutputGH: iteration 34, time 0.132812, run time 2 s
INFO (CarpetX): OutputGH done.
INFO (CarpetX): Simulation time: 0.132812   Iterations per second: 35.6861   Simulation time per second: 0.139399
INFO (CarpetX): Grid cells: 4096   Grid cell updates per second: 146170
INFO (CarpetX): Performance:
INFO (CarpetX):   total evolution time:            0.954069 sec
INFO (CarpetX):   total evolution compute time:    0.953269 sec
INFO (CarpetX):   total evolution output time:     0.000800133 sec
INFO (CarpetX):   total iterations:                34
INFO (CarpetX):   total cells updated:             139264
INFO (CarpetX):   average iterations per second: 35.6368
INFO (CarpetX):   average cell updates per second: 145968
INFO (CarpetX): OutputGH: iteration 35, time 0.136719, run time 2 s
INFO (CarpetX): OutputGH done.
INFO (CarpetX): Simulation time: 0.136719   Iterations per second: 35.7113   Simulation time per second: 0.139497
INFO (CarpetX): Grid cells: 4096   Grid cell updates per second: 146273
INFO (CarpetX): Performance:
INFO (CarpetX):   total evolution time:            0.981894 sec
INFO (CarpetX):   total evolution compute time:    0.981072 sec
INFO (CarpetX):   total evolution output time:     0.000822067 sec
INFO (CarpetX):   total iterations:                35
INFO (CarpetX):   total cells updated:             143360
INFO (CarpetX):   average iterations per second: 35.6454
INFO (CarpetX):   average cell updates per second: 146004
INFO (CarpetX): OutputGH: iteration 36, time 0.140625, run time 2 s
INFO (CarpetX): OutputGH done.
INFO (CarpetX): Simulation time: 0.140625   Iterations per second: 35.7255   Simulation time per second: 0.139553
INFO (CarpetX): Grid cells: 4096   Grid cell updates per second: 146332
INFO (CarpetX): Performance:
INFO (CarpetX):   total evolution time:            1.00979 sec
INFO (CarpetX):   total evolution compute time:    1.00894 sec
INFO (CarpetX):   total evolution output time:     0.000846148 sec
INFO (CarpetX):   total iterations:                36
INFO (CarpetX):   total cells updated:             147456
INFO (CarpetX):   average iterations per second: 35.6511
INFO (CarpetX):   average cell updates per second: 146027
INFO (CarpetX): OutputGH: iteration 37, time 0.144531, run time 2 s
INFO (CarpetX): OutputGH done.
INFO (CarpetX): Simulation time: 0.144531   Iterations per second: 35.7463   Simulation time per second: 0.139634
INFO (CarpetX): Grid cells: 4096   Grid cell updates per second: 146417
INFO (CarpetX): Performance:
INFO (CarpetX):   total evolution time:            1.03761 sec
INFO (CarpetX):   total evolution compute time:    1.03675 sec
INFO (CarpetX):   total evolution output time:     0.000868082 sec
INFO (CarpetX):   total iterations:                37
INFO (CarpetX):   total cells updated:             151552
INFO (CarpetX):   average iterations per second: 35.6588
INFO (CarpetX):   average cell updates per second: 146058
INFO (CarpetX): OutputGH: iteration 38, time 0.148438, run time 2 s
INFO (CarpetX): OutputGH done.
INFO (CarpetX): Simulation time: 0.148438   Iterations per second: 35.7464   Simulation time per second: 0.139634
INFO (CarpetX): Grid cells: 4096   Grid cell updates per second: 146417
INFO (CarpetX): Performance:
INFO (CarpetX):   total evolution time:            1.06559 sec
INFO (CarpetX):   total evolution compute time:    1.0647 sec
INFO (CarpetX):   total evolution output time:     0.000891209 sec
INFO (CarpetX):   total iterations:                38
INFO (CarpetX):   total cells updated:             155648
INFO (CarpetX):   average iterations per second: 35.6611
INFO (CarpetX):   average cell updates per second: 146068
INFO (CarpetX): OutputGH: iteration 39, time 0.152344, run time 2 s
INFO (CarpetX): OutputGH done.
INFO (CarpetX): Simulation time: 0.152344   Iterations per second: 35.7109   Simulation time per second: 0.139496
INFO (CarpetX): Grid cells: 4096   Grid cell updates per second: 146272
INFO (CarpetX): Performance:
INFO (CarpetX):   total evolution time:            1.09384 sec
INFO (CarpetX):   total evolution compute time:    1.09293 sec
INFO (CarpetX):   total evolution output time:     0.000915289 sec
INFO (CarpetX):   total iterations:                39
INFO (CarpetX):   total cells updated:             159744
INFO (CarpetX):   average iterations per second: 35.6542
INFO (CarpetX):   average cell updates per second: 146040
INFO (CarpetX): OutputGH: iteration 40, time 0.156250, run time 2 s
INFO (CarpetX): OutputGH done.
INFO (CarpetX): Simulation time: 0.15625   Iterations per second: 35.6687   Simulation time per second: 0.139331
INFO (CarpetX): Grid cells: 4096   Grid cell updates per second: 146099
INFO (CarpetX): Performance:
INFO (CarpetX):   total evolution time:            1.12217 sec
INFO (CarpetX):   total evolution compute time:    1.12124 sec
INFO (CarpetX):   total evolution output time:     0.000938416 sec
INFO (CarpetX):   total iterations:                40
INFO (CarpetX):   total cells updated:             163840
INFO (CarpetX):   average iterations per second: 35.6451
INFO (CarpetX):   average cell updates per second: 146002
INFO (CarpetX): OutputGH: iteration 41, time 0.160156, run time 2 s
INFO (CarpetX): OutputGH done.
INFO (CarpetX): Simulation time: 0.160156   Iterations per second: 35.6417   Simulation time per second: 0.139225
INFO (CarpetX): Grid cells: 4096   Grid cell updates per second: 145988
INFO (CarpetX): Performance:
INFO (CarpetX):   total evolution time:            1.15042 sec
INFO (CarpetX):   total evolution compute time:    1.14945 sec
INFO (CarpetX):   total evolution output time:     0.000968456 sec
INFO (CarpetX):   total iterations:                41
INFO (CarpetX):   total cells updated:             167936
INFO (CarpetX):   average iterations per second: 35.6391
INFO (CarpetX):   average cell updates per second: 145978
INFO (CarpetX): OutputGH: iteration 42, time 0.164062, run time 2 s
INFO (CarpetX): OutputGH done.
INFO (CarpetX): Simulation time: 0.164062   Iterations per second: 35.6585   Simulation time per second: 0.139291
INFO (CarpetX): Grid cells: 4096   Grid cell updates per second: 146057
INFO (CarpetX): Performance:
INFO (CarpetX):   total evolution time:            1.17835 sec
INFO (CarpetX):   total evolution compute time:    1.17735 sec
INFO (CarpetX):   total evolution output time:     0.000996351 sec
INFO (CarpetX):   total iterations:                42
INFO (CarpetX):   total cells updated:             172032
INFO (CarpetX):   average iterations per second: 35.6431
INFO (CarpetX):   average cell updates per second: 145994
INFO (CarpetX): OutputGH: iteration 43, time 0.167969, run time 2 s
INFO (CarpetX): OutputGH done.
INFO (CarpetX): Simulation time: 0.167969   Iterations per second: 35.6904   Simulation time per second: 0.139416
INFO (CarpetX): Grid cells: 4096   Grid cell updates per second: 146188
INFO (CarpetX): Performance:
INFO (CarpetX):   total evolution time:            1.20614 sec
INFO (CarpetX):   total evolution compute time:    1.20512 sec
INFO (CarpetX):   total evolution output time:     0.00101924 sec
INFO (CarpetX):   total iterations:                43
INFO (CarpetX):   total cells updated:             176128
INFO (CarpetX):   average iterations per second: 35.6509
INFO (CarpetX):   average cell updates per second: 146026
INFO (CarpetX): OutputGH: iteration 44, time 0.171875, run time 2 s
INFO (CarpetX): OutputGH done.
INFO (CarpetX): Simulation time: 0.171875   Iterations per second: 35.729   Simulation time per second: 0.139567
INFO (CarpetX): Grid cells: 4096   Grid cell updates per second: 146346
INFO (CarpetX): Performance:
INFO (CarpetX):   total evolution time:            1.23386 sec
INFO (CarpetX):   total evolution compute time:    1.23282 sec
INFO (CarpetX):   total evolution output time:     0.00103521 sec
INFO (CarpetX):   total iterations:                44
INFO (CarpetX):   total cells updated:             180224
INFO (CarpetX):   average iterations per second: 35.6606
INFO (CarpetX):   average cell updates per second: 146066
INFO (CarpetX): OutputGH: iteration 45, time 0.175781, run time 2 s
INFO (CarpetX): OutputGH done.
INFO (CarpetX): Simulation time: 0.175781   Iterations per second: 35.7581   Simulation time per second: 0.13968
INFO (CarpetX): Grid cells: 4096   Grid cell updates per second: 146465
INFO (CarpetX): Performance:
INFO (CarpetX):   total evolution time:            1.26162 sec
INFO (CarpetX):   total evolution compute time:    1.26057 sec
INFO (CarpetX):   total evolution output time:     0.00105214 sec
INFO (CarpetX):   total iterations:                45
INFO (CarpetX):   total cells updated:             184320
INFO (CarpetX):   average iterations per second: 35.6685
INFO (CarpetX):   average cell updates per second: 146098
INFO (CarpetX): OutputGH: iteration 46, time 0.179688, run time 2 s
INFO (CarpetX): OutputGH done.
INFO (CarpetX): Simulation time: 0.179688   Iterations per second: 35.7659   Simulation time per second: 0.13971
INFO (CarpetX): Grid cells: 4096   Grid cell updates per second: 146497
INFO (CarpetX): Performance:
INFO (CarpetX):   total evolution time:            1.28952 sec
INFO (CarpetX):   total evolution compute time:    1.28845 sec
INFO (CarpetX):   total evolution output time:     0.00107622 sec
INFO (CarpetX):   total iterations:                46
INFO (CarpetX):   total cells updated:             188416
INFO (CarpetX):   average iterations per second: 35.6721
INFO (CarpetX):   average cell updates per second: 146113
INFO (CarpetX): OutputGH: iteration 47, time 0.183594, run time 2 s
INFO (CarpetX): OutputGH done.
INFO (CarpetX): Simulation time: 0.183594   Iterations per second: 35.7827   Simulation time per second: 0.139776
INFO (CarpetX): Grid cells: 4096   Grid cell updates per second: 146566
INFO (CarpetX): Performance:
INFO (CarpetX):   total evolution time:            1.31735 sec
INFO (CarpetX):   total evolution compute time:    1.31626 sec
INFO (CarpetX):   total evolution output time:     0.00109434 sec
INFO (CarpetX):   total iterations:                47
INFO (CarpetX):   total cells updated:             192512
INFO (CarpetX):   average iterations per second: 35.6777
INFO (CarpetX):   average cell updates per second: 146136
INFO (CarpetX): OutputGH: iteration 48, time 0.187500, run time 2 s
INFO (CarpetX): OutputGH done.
INFO (CarpetX): Simulation time: 0.1875   Iterations per second: 35.8144   Simulation time per second: 0.1399
INFO (CarpetX): Grid cells: 4096   Grid cell updates per second: 146696
INFO (CarpetX): Performance:
INFO (CarpetX):   total evolution time:            1.34505 sec
INFO (CarpetX):   total evolution compute time:    1.34394 sec
INFO (CarpetX):   total evolution output time:     0.00111032 sec
INFO (CarpetX):   total iterations:                48
INFO (CarpetX):   total cells updated:             196608
INFO (CarpetX):   average iterations per second: 35.6864
INFO (CarpetX):   average cell updates per second: 146172
INFO (CarpetX): OutputGH: iteration 49, time 0.191406, run time 2 s
INFO (CarpetX): OutputGH done.
INFO (CarpetX): Simulation time: 0.191406   Iterations per second: 35.8024   Simulation time per second: 0.139853
INFO (CarpetX): Grid cells: 4096   Grid cell updates per second: 146647
INFO (CarpetX): Performance:
INFO (CarpetX):   total evolution time:            1.37306 sec
INFO (CarpetX):   total evolution compute time:    1.37193 sec
INFO (CarpetX):   total evolution output time:     0.0011363 sec
INFO (CarpetX):   total iterations:                49
INFO (CarpetX):   total cells updated:             200704
INFO (CarpetX):   average iterations per second: 35.6866
INFO (CarpetX):   average cell updates per second: 146172
INFO (CarpetX): OutputGH: iteration 50, time 0.195312, run time 2 s
INFO (CarpetX): OutputGH done.
INFO (CarpetX): Simulation time: 0.195312   Iterations per second: 35.8265   Simulation time per second: 0.139947
INFO (CarpetX): Grid cells: 4096   Grid cell updates per second: 146745
INFO (CarpetX): Performance:
INFO (CarpetX):   total evolution time:            1.40081 sec
INFO (CarpetX):   total evolution compute time:    1.39965 sec
INFO (CarpetX):   total evolution output time:     0.00115347 sec
INFO (CarpetX):   total iterations:                50
INFO (CarpetX):   total cells updated:             204800
INFO (CarpetX):   average iterations per second: 35.6937
INFO (CarpetX):   average cell updates per second: 146201
INFO (CarpetX): OutputGH: iteration 51, time 0.199219, run time 2 s
INFO (CarpetX): OutputGH done.
INFO (CarpetX): Simulation time: 0.199219   Iterations per second: 35.8222   Simulation time per second: 0.13993
INFO (CarpetX): Grid cells: 4096   Grid cell updates per second: 146728
INFO (CarpetX): Performance:
INFO (CarpetX):   total evolution time:            1.42875 sec
INFO (CarpetX):   total evolution compute time:    1.42758 sec
INFO (CarpetX):   total evolution output time:     0.0011754 sec
INFO (CarpetX):   total iterations:                51
INFO (CarpetX):   total cells updated:             208896
INFO (CarpetX):   average iterations per second: 35.6954
INFO (CarpetX):   average cell updates per second: 146209
INFO (CarpetX): OutputGH: iteration 52, time 0.203125, run time 2 s
INFO (CarpetX): OutputGH done.
INFO (CarpetX): Simulation time: 0.203125   Iterations per second: 35.8   Simulation time per second: 0.139844
INFO (CarpetX): Grid cells: 4096   Grid cell updates per second: 146637
INFO (CarpetX): Performance:
INFO (CarpetX):   total evolution time:            1.45684 sec
INFO (CarpetX):   total evolution compute time:    1.45564 sec
INFO (CarpetX):   total evolution output time:     0.00120044 sec
INFO (CarpetX):   total iterations:                52
INFO (CarpetX):   total cells updated:             212992
INFO (CarpetX):   average iterations per second: 35.6936
INFO (CarpetX):   average cell updates per second: 146201
INFO (CarpetX): OutputGH: iteration 53, time 0.207031, run time 2 s
INFO (CarpetX): OutputGH done.
INFO (CarpetX): Simulation time: 0.207031   Iterations per second: 35.7601   Simulation time per second: 0.139688
INFO (CarpetX): Grid cells: 4096   Grid cell updates per second: 146474
INFO (CarpetX): Performance:
INFO (CarpetX):   total evolution time:            1.48509 sec
INFO (CarpetX):   total evolution compute time:    1.48387 sec
INFO (CarpetX):   total evolution output time:     0.00121951 sec
INFO (CarpetX):   total iterations:                53
INFO (CarpetX):   total cells updated:             217088
INFO (CarpetX):   average iterations per second: 35.6882
INFO (CarpetX):   average cell updates per second: 146179
INFO (CarpetX): OutputGH: iteration 54, time 0.210938, run time 2 s
INFO (CarpetX): OutputGH done.
INFO (CarpetX): Simulation time: 0.210938   Iterations per second: 35.7441   Simulation time per second: 0.139625
INFO (CarpetX): Grid cells: 4096   Grid cell updates per second: 146408
INFO (CarpetX): Performance:
INFO (CarpetX):   total evolution time:            1.51318 sec
INFO (CarpetX):   total evolution compute time:    1.51194 sec
INFO (CarpetX):   total evolution output time:     0.00123739 sec
INFO (CarpetX):   total iterations:                54
INFO (CarpetX):   total cells updated:             221184
INFO (CarpetX):   average iterations per second: 35.6865
INFO (CarpetX):   average cell updates per second: 146172
INFO (CarpetX): OutputGH: iteration 55, time 0.214844, run time 3 s
INFO (CarpetX): OutputGH done.
INFO (CarpetX): Simulation time: 0.214844   Iterations per second: 35.7427   Simulation time per second: 0.13962
INFO (CarpetX): Grid cells: 4096   Grid cell updates per second: 146402
INFO (CarpetX): Performance:
INFO (CarpetX):   total evolution time:            1.54116 sec
INFO (CarpetX):   total evolution compute time:    1.53991 sec
INFO (CarpetX):   total evolution output time:     0.00125837 sec
INFO (CarpetX):   total iterations:                55
INFO (CarpetX):   total cells updated:             225280
INFO (CarpetX):   average iterations per second: 35.6873
INFO (CarpetX):   average cell updates per second: 146175
INFO (CarpetX): OutputGH: iteration 56, time 0.218750, run time 3 s
INFO (CarpetX): OutputGH done.
INFO (CarpetX): Simulation time: 0.21875   Iterations per second: 35.7105   Simulation time per second: 0.139494
INFO (CarpetX): Grid cells: 4096   Grid cell updates per second: 146270
INFO (CarpetX): Performance:
INFO (CarpetX):   total evolution time:            1.56939 sec
INFO (CarpetX):   total evolution compute time:    1.56811 sec
INFO (CarpetX):   total evolution output time:     0.00128436 sec
INFO (CarpetX):   total iterations:                56
INFO (CarpetX):   total cells updated:             229376
INFO (CarpetX):   average iterations per second: 35.6826
INFO (CarpetX):   average cell updates per second: 146156
INFO (CarpetX): OutputGH: iteration 57, time 0.222656, run time 3 s
INFO (CarpetX): OutputGH done.
INFO (CarpetX): Simulation time: 0.222656   Iterations per second: 35.7036   Simulation time per second: 0.139467
INFO (CarpetX): Grid cells: 4096   Grid cell updates per second: 146242
INFO (CarpetX): Performance:
INFO (CarpetX):   total evolution time:            1.59745 sec
INFO (CarpetX):   total evolution compute time:    1.59614 sec
INFO (CarpetX):   total evolution output time:     0.00130725 sec
INFO (CarpetX):   total iterations:                57
INFO (CarpetX):   total cells updated:             233472
INFO (CarpetX):   average iterations per second: 35.6819
INFO (CarpetX):   average cell updates per second: 146153
INFO (CarpetX): OutputGH: iteration 58, time 0.226562, run time 3 s
INFO (CarpetX): OutputGH done.
INFO (CarpetX): Simulation time: 0.226562   Iterations per second: 35.677   Simulation time per second: 0.139363
INFO (CarpetX): Grid cells: 4096   Grid cell updates per second: 146133
INFO (CarpetX): Performance:
INFO (CarpetX):   total evolution time:            1.62567 sec
INFO (CarpetX):   total evolution compute time:    1.62433 sec
INFO (CarpetX):   total evolution output time:     0.00133514 sec
INFO (CarpetX):   total iterations:                58
INFO (CarpetX):   total cells updated:             237568
INFO (CarpetX):   average iterations per second: 35.6776
INFO (CarpetX):   average cell updates per second: 146136
INFO (CarpetX): OutputGH: iteration 59, time 0.230469, run time 3 s
INFO (CarpetX): OutputGH done.
INFO (CarpetX): Simulation time: 0.230469   Iterations per second: 35.6979   Simulation time per second: 0.139445
INFO (CarpetX): Grid cells: 4096   Grid cell updates per second: 146219
INFO (CarpetX): Performance:
INFO (CarpetX):   total evolution time:            1.65353 sec
INFO (CarpetX):   total evolution compute time:    1.65217 sec
INFO (CarpetX):   total evolution output time:     0.00136113 sec
INFO (CarpetX):   total iterations:                59
INFO (CarpetX):   total cells updated:             241664
INFO (CarpetX):   average iterations per second: 35.6812
INFO (CarpetX):   average cell updates per second: 146150
INFO (CarpetX): OutputGH: iteration 60, time 0.234375, run time 3 s
INFO (CarpetX): OutputGH done.
INFO (CarpetX): Simulation time: 0.234375   Iterations per second: 35.6638   Simulation time per second: 0.139312
INFO (CarpetX): Grid cells: 4096   Grid cell updates per second: 146079
INFO (CarpetX): Performance:
INFO (CarpetX):   total evolution time:            1.68181 sec
INFO (CarpetX):   total evolution compute time:    1.68043 sec
INFO (CarpetX):   total evolution output time:     0.00138617 sec
INFO (CarpetX):   total iterations:                60
INFO (CarpetX):   total cells updated:             245760
INFO (CarpetX):   average iterations per second: 35.6758
INFO (CarpetX):   average cell updates per second: 146128
INFO (CarpetX): OutputGH: iteration 61, time 0.238281, run time 3 s
INFO (CarpetX): OutputGH done.
INFO (CarpetX): Simulation time: 0.238281   Iterations per second: 35.6479   Simulation time per second: 0.13925
INFO (CarpetX): Grid cells: 4096   Grid cell updates per second: 146014
INFO (CarpetX): Performance:
INFO (CarpetX):   total evolution time:            1.70998 sec
INFO (CarpetX):   total evolution compute time:    1.70857 sec
INFO (CarpetX):   total evolution output time:     0.00141215 sec
INFO (CarpetX):   total iterations:                61
INFO (CarpetX):   total cells updated:             249856
INFO (CarpetX):   average iterations per second: 35.673
INFO (CarpetX):   average cell updates per second: 146116
INFO (CarpetX): OutputGH: iteration 62, time 0.242188, run time 3 s
INFO (CarpetX): OutputGH done.
INFO (CarpetX): Simulation time: 0.242188   Iterations per second: 35.5931   Simulation time per second: 0.139035
INFO (CarpetX): Grid cells: 4096   Grid cell updates per second: 145789
INFO (CarpetX): Performance:
INFO (CarpetX):   total evolution time:            1.73846 sec
INFO (CarpetX):   total evolution compute time:    1.73702 sec
INFO (CarpetX):   total evolution output time:     0.0014441 sec
INFO (CarpetX):   total iterations:                62
INFO (CarpetX):   total cells updated:             253952
INFO (CarpetX):   average iterations per second: 35.6637
INFO (CarpetX):   average cell updates per second: 146078
INFO (CarpetX): OutputGH: iteration 63, time 0.246094, run time 3 s
INFO (CarpetX): OutputGH done.
INFO (CarpetX): Simulation time: 0.246094   Iterations per second: 35.6312   Simulation time per second: 0.139184
INFO (CarpetX): Grid cells: 4096   Grid cell updates per second: 145945
INFO (CarpetX): Performance:
INFO (CarpetX):   total evolution time:            1.76626 sec
INFO (CarpetX):   total evolution compute time:    1.76479 sec
INFO (CarpetX):   total evolution output time:     0.00146818 sec
INFO (CarpetX):   total iterations:                63
INFO (CarpetX):   total cells updated:             258048
INFO (CarpetX):   average iterations per second: 35.6686
INFO (CarpetX):   average cell updates per second: 146099
INFO (CarpetX): OutputGH: iteration 64, time 0.250000, run time 3 s
INFO (CarpetX): OutputGH done.
INFO (CarpetX): Simulation time: 0.25   Iterations per second: 11.4712   Simulation time per second: 0.0448092
INFO (CarpetX): Grid cells: 4096   Grid cell updates per second: 46985.9
INFO (CarpetX): Performance:
INFO (CarpetX):   total evolution time:            2.38542 sec
INFO (CarpetX):   total evolution compute time:    1.7956 sec
INFO (CarpetX):   total evolution output time:     0.589817 sec
INFO (CarpetX):   total iterations:                64
INFO (CarpetX):   total cells updated:             262144
INFO (CarpetX):   average iterations per second: 26.8296
INFO (CarpetX):   average cell updates per second: 109894
INFO (CarpetX): Shutting down...
AMReX (25.11) finalized
--------------------------------------------------------------------------------
Done.
+ echo Stopping:
Stopping:
+ date
Wed Sep 23 13:31:22 UTC 2026
+ echo Done.
Done.
  Elapsed time: 3.7 s
