/home/runner/simulations/TestJob01_temp_1/output-0000/TEST/sim/CanudaX_BSSNMoL
Preparing:
+ set -e
+ cd output-0000-active
+ echo Checking:
Checking:
+ pwd
/home/runner/simulations/TestJob01_temp_1/output-0000/TEST/sim/CanudaX_BSSNMoL/output-0000-active
+ hostname
runnervmg397c
+ date
Thu May 21 18:19:24 UTC 2026
+ echo Environment:
Environment:
+ export CACTUS_NUM_PROCS=1
+ CACTUS_NUM_PROCS=1
+ export CACTUS_NUM_THREADS=2
+ CACTUS_NUM_THREADS=2
+ export GMON_OUT_PREFIX=gmon.out
+ GMON_OUT_PREFIX=gmon.out
+ export OMP_NUM_THREADS=2
+ OMP_NUM_THREADS=2
+ env
+ sort
+ echo Starting:
Starting:
++ date +%s
+ export CACTUS_STARTTIME=1779387564
+ CACTUS_STARTTIME=1779387564
+ '[' 1 = 1 ']'
+ '[' 0 -eq 0 ']'
+ /home/runner/simulations/TestJob01_temp_1/SIMFACTORY/exe/cactus_sim -L 3 /home/runner/simulations/TestJob01_temp_1/output-0000/arrangements/CanudaX/CanudaX_BSSNMoL/test/gaugewave.par
INFO (Cactus): Increased logging level from 0 to 3
--------------------------------------------------------------------------------

       10                                  
  1   0101       ************************  
  01  1010 10      The Cactus Code V4.18.0    
 1010 1101 011      www.cactuscode.org     
  1001 100101    ************************  
    00010101                               
     100011     (c) Copyright The Authors  
      0100      GNU Licensed. No Warranty  
      0101                                 
--------------------------------------------------------------------------------

Cactus version:    4.18.0
Compile date:      May 21 2026 (18:16:24)
Run date:          May 21 2026 (18:19:24+0000)
Run host:          runnervmg397c.guklbwq1g02unjtnn4f2llqnib.cx.internal.cloudapp.net (pid=168732)
Working directory: /home/runner/simulations/TestJob01_temp_1/output-0000/TEST/sim/CanudaX_BSSNMoL
Executable:        /home/runner/simulations/TestJob01_temp_1/SIMFACTORY/exe/cactus_sim
Parameter file:    /home/runner/simulations/TestJob01_temp_1/output-0000/arrangements/CanudaX/CanudaX_BSSNMoL/test/gaugewave.par
--------------------------------------------------------------------------------

Activating thorn Cactus...Success -> active implementation Cactus
Activation requested for 
--->ADMBaseX CanudaX_BSSNMoL CanudaX_ExactID CarpetX IOUtil ODESolvers TmunuBaseX<---
Thorn ADMBaseX requests automatic activation of Loop
Thorn CarpetX requests automatic activation of AMReX
Thorn CarpetX requests automatic activation of MPI
Thorn CarpetX requests automatic activation of yaml_cpp
Thorn CarpetX requests automatic activation of zlib
Thorn CarpetX requests automatic activation of Arith
Thorn CarpetX requests automatic activation of CarpetXRegrid
Thorn CarpetX requests automatic activation of ADIOS2
Thorn CarpetX requests automatic activation of openPMD
Thorn CarpetX requests automatic activation of Silo
Thorn ADIOS2 requests automatic activation of CMake
Thorn Arith requests automatic activation of NSIMD
Thorn MPI requests automatic activation of hwloc
Thorn openPMD requests automatic activation of HDF5
Activating thorn ADIOS2...Success -> active implementation ADIOS2
Activating thorn ADMBaseX...Success -> active implementation ADMBaseX
Activating thorn AMReX...Success -> active implementation AMReX
Activating thorn Arith...Success -> active implementation Arith
Activating thorn CanudaX_BSSNMoL...Success -> active implementation CanudaX_BSSNMoL
Activating thorn CanudaX_ExactID...Success -> active implementation CanudaX_ExactID
Activating thorn CarpetX...Success -> active implementation Driver
Activating thorn CarpetXRegrid...Success -> active implementation CarpetXRegrid
Activating thorn CMake...Success -> active implementation CMake
Activating thorn HDF5...Success -> active implementation HDF5
Activating thorn hwloc...Success -> active implementation hwloc
Activating thorn IOUtil...Success -> active implementation IO
Activating thorn Loop...Success -> active implementation Loop
Activating thorn MPI...Success -> active implementation MPI
Activating thorn NSIMD...Success -> active implementation NSIMD
Activating thorn ODESolvers...Success -> active implementation ODESolvers
Activating thorn openPMD...Success -> active implementation openPMD
Activating thorn Silo...Success -> active implementation Silo
Activating thorn TmunuBaseX...Success -> active implementation TmunuBaseX
Activating thorn yaml_cpp...Success -> active implementation yaml_cpp
Activating thorn zlib...Success -> active implementation zlib
--------------------------------------------------------------------------------
  if (recover initial data)
    Recover parameters
  endif

  Startup routines
    [CCTK_STARTUP]
      CarpetX::Driver_Startup: Start up the driver
      IOUtil::IOUtil_Startup: Startup routine
      GROUP hwloc_startup: hwloc startup group
        hwloc::hwloc_version: Output hwloc version

  Startup routines which need an existing grid hierarchy
    [CCTK_WRAGH]
      Arith::Test_smallvector: [meta] Test small vectors
      Arith::Test_spvect: [meta] Test sparse vectors
      ODESolvers::ODESolvers_InitConstants: [global] Set up dummy loop counters for schedule printout
  Parameter checking routines
    [CCTK_PARAMCHECK]
      CanudaX_BSSNMoL::CanudaX_BSSNMoL_paramcheck: Check CanudaX_BSSNMoL parameters for consistency

  Initialisation
    if (NOT (recover initial data AND recovery_mode is 'strict'))
      [CCTK_PREREGRIDINITIAL]
      Set up grid hierarchy
      [CCTK_POSTREGRIDINITIAL]
      [CCTK_BASEGRID]
        CarpetXRegrid::CarpetXRegrid_InitError: Initialize regridding error to zero
        GROUP ODESolvers_BaseGrid: Set up constants (e.g. coordinates) everywhere on the grid
      [CCTK_INITIAL]
        GROUP TmunuBaseX_SetTmunuVars: Schedule group for setting T_munu
          TmunuBaseX::TmunuBaseX_ZeroTmunu: Set T_munu to zero
          GROUP TmunuBaseX_AddToTmunu: Add to T_munu here
        GROUP ODESolvers_Initial: Set up initial conditions on interior of state vector
          GROUP ADMBaseX_InitialData: Schedule group for calculating ADM initial data
            GROUP CanudaX_ExactIDGroup: CanudaX_ExactID group for setting up initial data
              CanudaX_ExactID::CanudaX_ExactID_GaugeWave: [local] Create gauge wave initial data
          GROUP ADMBaseX_InitialGauge: Schedule group for the ADM initial gauge condition
            ADMBaseX::ADMBaseX_initial_dtlapse: Set dtlapse to zero
            ADMBaseX::ADMBaseX_initial_dtshift: Set dtshift to zero
          GROUP ADMBaseX_PostInitial: Schedule group for modifying the ADM initial data, such as e.g. adding noise
        GROUP CanudaX_BSSNMoL_InitialGroup: CanudaX_BSSNMoL: initial bin
          CanudaX_BSSNMoL::CanudaX_BSSNMoL_adm2bssn: [local] Convert initial data into BSSN variables
          CanudaX_BSSNMoL::CanudaX_BSSNMoL_gammat: [local] Set Gammat initial data
      [CCTK_POSTINITIAL]
        GROUP ODESolvers_PostStep: Apply boundary conditions to state vector, and project if necessary
          GROUP CanudaX_BSSNMoL_PostStepGroup: CanudaX_BSSNMoL: post-step operations
            CanudaX_BSSNMoL::CanudaX_BSSNMoL_impose_conf_fac_floor: Make sure conformal factor does not drop below specified value
            CanudaX_BSSNMoL::CanudaX_BSSNMoL_reset_detmetric: reset dethh = 1
            CanudaX_BSSNMoL::CanudaX_BSSNMoL_remove_trA: Remove trace of A
            CanudaX_BSSNMoL::CanudaX_BSSNMoL_sync: [global] Sync state vector
            CanudaX_BSSNMoL::CanudaX_BSSNMoL_bssn2adm: [local] Convert variables back to the ADM ones
          GROUP ADMBaseX_SetADMRHS: Set ADM RHS variables in this group
          GROUP ADMBaseX_SetADMVars: Set ADM variables in this group
          GROUP TmunuBaseX_SetTmunuVars: Schedule group for setting T_munu
            TmunuBaseX::TmunuBaseX_ZeroTmunu: Set T_munu to zero
            GROUP TmunuBaseX_AddToTmunu: Add to T_munu here
        GROUP ODESolvers_EstimateError: Estimate discretization error (for regridding)
      Initialise finer grids recursively
      Restrict from finer grids
      [CCTK_POSTRESTRICTINITIAL]
      [CCTK_POSTPOSTINITIAL]
      [CCTK_POSTSTEP]
        GROUP ODESolvers_EstimateError: Estimate discretization error (for regridding)
    endif
    if (recover initial data)
      [CCTK_BASEGRID]
        CarpetXRegrid::CarpetXRegrid_InitError: Initialize regridding error to zero
        GROUP ODESolvers_BaseGrid: Set up constants (e.g. coordinates) everywhere on the grid
      [CCTK_RECOVER_VARIABLES]
      [CCTK_POST_RECOVER_VARIABLES]
        GROUP ODESolvers_PostStep: Apply boundary conditions to state vector, and project if necessary
          GROUP CanudaX_BSSNMoL_PostStepGroup: CanudaX_BSSNMoL: post-step operations
            CanudaX_BSSNMoL::CanudaX_BSSNMoL_impose_conf_fac_floor: Make sure conformal factor does not drop below specified value
            CanudaX_BSSNMoL::CanudaX_BSSNMoL_reset_detmetric: reset dethh = 1
            CanudaX_BSSNMoL::CanudaX_BSSNMoL_remove_trA: Remove trace of A
            CanudaX_BSSNMoL::CanudaX_BSSNMoL_sync: [global] Sync state vector
            CanudaX_BSSNMoL::CanudaX_BSSNMoL_bssn2adm: [local] Convert variables back to the ADM ones
          GROUP ADMBaseX_SetADMRHS: Set ADM RHS variables in this group
          GROUP ADMBaseX_SetADMVars: Set ADM variables in this group
          GROUP TmunuBaseX_SetTmunuVars: Schedule group for setting T_munu
            TmunuBaseX::TmunuBaseX_ZeroTmunu: Set T_munu to zero
            GROUP TmunuBaseX_AddToTmunu: Add to T_munu here
        GROUP ODESolvers_EstimateError: Estimate discretization error (for regridding)
    endif
    if (checkpoint initial data)
      [CCTK_CPINITIAL]
        CarpetX::CarpetX_CheckpointInitial: [meta] Checkpoint initial conditions
    endif
    if (analysis)
      [CCTK_ANALYSIS]
        CanudaX_BSSNMoL::CanudaX_BSSNMoL_bssn_constraints: Compute constraints
        GROUP ODESolvers_Analysis: Calculate analysis quantities everywhere
  endif
  Output grid variables

  do loop over timesteps
    [CCTK_PREREGRID]
    Change grid hierarchy
    [CCTK_POSTREGRID]
      GROUP ODESolvers_PostStep: Apply boundary conditions to state vector, and project if necessary
        GROUP CanudaX_BSSNMoL_PostStepGroup: CanudaX_BSSNMoL: post-step operations
          CanudaX_BSSNMoL::CanudaX_BSSNMoL_impose_conf_fac_floor: Make sure conformal factor does not drop below specified value
          CanudaX_BSSNMoL::CanudaX_BSSNMoL_reset_detmetric: reset dethh = 1
          CanudaX_BSSNMoL::CanudaX_BSSNMoL_remove_trA: Remove trace of A
          CanudaX_BSSNMoL::CanudaX_BSSNMoL_sync: [global] Sync state vector
          CanudaX_BSSNMoL::CanudaX_BSSNMoL_bssn2adm: [local] Convert variables back to the ADM ones
        GROUP ADMBaseX_SetADMRHS: Set ADM RHS variables in this group
        GROUP ADMBaseX_SetADMVars: Set ADM variables in this group
        GROUP TmunuBaseX_SetTmunuVars: Schedule group for setting T_munu
          TmunuBaseX::TmunuBaseX_ZeroTmunu: Set T_munu to zero
          GROUP TmunuBaseX_AddToTmunu: Add to T_munu here
    Rotate timelevels
    iteration = iteration+1
    t = t+dt
    [CCTK_PRESTEP]
    [CCTK_EVOL]
      ODESolvers::ODESolvers_Solve: [level] Solve ODEs
      while (ODESolvers::do_substeps)
        GROUP ODESolvers_CalledBySolve: Groups internally scheduled by ODESolvers_Solve
          GROUP ODESolvers_RHS: Evaluate the RHS for of state vector everywhere on the grid
            GROUP CanudaX_BSSNMoL_RHSGroup: CanudaX_BSSNMoL: calculate BSSN RHS
              CanudaX_BSSNMoL::CanudaX_BSSNMoL_calc_bssn_rhs: MoL RHS calculation
              CanudaX_BSSNMoL::CanudaX_BSSNMoL_apply_boundary_conditions: Apply radiative boundary conditions 
          GROUP ODESolvers_PostStep: Apply boundary conditions to state vector, and project if necessary
            GROUP CanudaX_BSSNMoL_PostStepGroup: CanudaX_BSSNMoL: post-step operations
              CanudaX_BSSNMoL::CanudaX_BSSNMoL_impose_conf_fac_floor: Make sure conformal factor does not drop below specified value
              CanudaX_BSSNMoL::CanudaX_BSSNMoL_reset_detmetric: reset dethh = 1
              CanudaX_BSSNMoL::CanudaX_BSSNMoL_remove_trA: Remove trace of A
              CanudaX_BSSNMoL::CanudaX_BSSNMoL_sync: [global] Sync state vector
              CanudaX_BSSNMoL::CanudaX_BSSNMoL_bssn2adm: [local] Convert variables back to the ADM ones
            GROUP ADMBaseX_SetADMRHS: Set ADM RHS variables in this group
            GROUP ADMBaseX_SetADMVars: Set ADM variables in this group
            GROUP TmunuBaseX_SetTmunuVars: Schedule group for setting T_munu
              TmunuBaseX::TmunuBaseX_ZeroTmunu: Set T_munu to zero
              GROUP TmunuBaseX_AddToTmunu: Add to T_munu here
      end while
    Evolve finer grids recursively
    Restrict from finer grids
    [CCTK_POSTRESTRICT]
      GROUP ODESolvers_PostStep: Apply boundary conditions to state vector, and project if necessary
        GROUP CanudaX_BSSNMoL_PostStepGroup: CanudaX_BSSNMoL: post-step operations
          CanudaX_BSSNMoL::CanudaX_BSSNMoL_impose_conf_fac_floor: Make sure conformal factor does not drop below specified value
          CanudaX_BSSNMoL::CanudaX_BSSNMoL_reset_detmetric: reset dethh = 1
          CanudaX_BSSNMoL::CanudaX_BSSNMoL_remove_trA: Remove trace of A
          CanudaX_BSSNMoL::CanudaX_BSSNMoL_sync: [global] Sync state vector
          CanudaX_BSSNMoL::CanudaX_BSSNMoL_bssn2adm: [local] Convert variables back to the ADM ones
        GROUP ADMBaseX_SetADMRHS: Set ADM RHS variables in this group
        GROUP ADMBaseX_SetADMVars: Set ADM variables in this group
        GROUP TmunuBaseX_SetTmunuVars: Schedule group for setting T_munu
          TmunuBaseX::TmunuBaseX_ZeroTmunu: Set T_munu to zero
          GROUP TmunuBaseX_AddToTmunu: Add to T_munu here
    [CCTK_POSTSTEP]
      GROUP ODESolvers_EstimateError: Estimate discretization error (for regridding)
    if (checkpoint)
      [CCTK_CHECKPOINT]
      CarpetX::CarpetX_Checkpoint: [meta] Checkpoint
    endif
    if (analysis)
      [CCTK_ANALYSIS]
      CanudaX_BSSNMoL::CanudaX_BSSNMoL_bssn_constraints: Compute constraints
      GROUP ODESolvers_Analysis: Calculate analysis quantities everywhere
    endif
    Output grid variables
    enddo

  Termination routines
    [CCTK_TERMINATE]
      CarpetX::CarpetX_CheckpointTerminate: [meta] Checkpoint before terminating

  Shutdown routines
    [CCTK_SHUTDOWN]
      CarpetX::Driver_Shutdown: [meta] Shut down the driver

  Routines run after changing the grid hierarchy:
    [CCTK_POSTREGRID]
      GROUP ODESolvers_PostStep: Apply boundary conditions to state vector, and project if necessary
        GROUP CanudaX_BSSNMoL_PostStepGroup: CanudaX_BSSNMoL: post-step operations
          CanudaX_BSSNMoL::CanudaX_BSSNMoL_impose_conf_fac_floor: Make sure conformal factor does not drop below specified value
          CanudaX_BSSNMoL::CanudaX_BSSNMoL_reset_detmetric: reset dethh = 1
          CanudaX_BSSNMoL::CanudaX_BSSNMoL_remove_trA: Remove trace of A
          CanudaX_BSSNMoL::CanudaX_BSSNMoL_sync: [global] Sync state vector
          CanudaX_BSSNMoL::CanudaX_BSSNMoL_bssn2adm: [local] Convert variables back to the ADM ones
        GROUP ADMBaseX_SetADMRHS: Set ADM RHS variables in this group
        GROUP ADMBaseX_SetADMVars: Set ADM variables in this group
        GROUP TmunuBaseX_SetTmunuVars: Schedule group for setting T_munu
          TmunuBaseX::TmunuBaseX_ZeroTmunu: Set T_munu to zero
          GROUP TmunuBaseX_AddToTmunu: Add to T_munu here
--------------------------------------------------------------------------------
INFO (hwloc): library version 2.10.0, API version 0x20800
--------------------------------------------------------------------------------

  [34m  ▕▏  [34m  ▕▏  [34m  ▕▏  [34m  ▕▏  [34m  ▕▏  [34m  ▕▏  [34m  ▕▏  [34m  ▕▏  [34m  ▕▏  [39m  
  [34m──██──[34m──██──[34m──██──[34m──██──[34m──██──[34m──██──[34m──██──[34m──██──[34m──██──[39m  
  [34m  ▕▏  [34m  ▕▏  [34m  ▕▏  [34m  ▕▏  [34m  ▕▏  [34m  ▕▏  [34m  ▕▏  [34m  ▕▏  [34m  ▕▏  [39m  
  [34m  ▕▏  [32m██████[34m  ▕▏  [34m  ▕▏  [32m██████[34m  ▕▏  [34m  ▕▏  [32m██████[34m  ▕▏  [39m  
  [34m──██──[32m██████[34m──██──[34m──██──[32m██████[34m──██──[34m──██──[32m██████[34m──██──[39m  
  [34m  ▕▏  [32m██████[34m  ▕▏  [34m  ▕▏  [32m██████[34m  ▕▏  [34m  ▕▏  [32m██████[34m  ▕▏  [39m  
  [34m  ▕▏  [34m  ▕▏  [34m  ▕▏  [34m  ▕▏  [34m  ▕▏  [34m  ▕▏  [34m  ▕▏  [34m  ▕▏  [34m  ▕▏  [39m  
  [34m──██──[34m──██──[34m──██──[34m──██──[34m──██──[34m──██──[34m──██──[34m──██──[34m──██──[39m  
  [34m  ▕▏  [34m  ▕▏  [34m  ▕▏  [34m  ▕▏  [34m  ▕▏  [34m  ▕▏  [34m  ▕▏  [34m  ▕▏  [34m  ▕▏  [39m  
  [34m  ▕▏  [34m  ▕▏  [34m  ▕▏  [31m██████[31m██████[31m██████[34m  ▕▏  [34m  ▕▏  [34m  ▕▏  [39m  
  [34m──██──[34m──██──[34m──██──[31m██████[31m██████[31m██████[34m──██──[34m──██──[34m──██──[39m  
  [34m  ▕▏  [34m  ▕▏  [34m  ▕▏  [31m██████[31m██████[31m██████[34m  ▕▏  [34m  ▕▏  [34m  ▕▏  [39m  
  [34m  ▕▏  [32m██████[34m  ▕▏  [31m██████[31m██████[31m██████[34m  ▕▏  [32m██████[34m  ▕▏  [39m  
  [34m──██──[32m██████[34m──██──[31m██████[31m██████[31m██████[34m──██──[32m██████[34m──██──[39m  
  [34m  ▕▏  [32m██████[34m  ▕▏  [31m██████[31m██████[31m██████[34m  ▕▏  [32m██████[34m  ▕▏  [39m  
  [34m  ▕▏  [34m  ▕▏  [34m  ▕▏  [31m██████[31m██████[31m██████[34m  ▕▏  [34m  ▕▏  [34m  ▕▏  [39m  
  [34m──██──[34m──██──[34m──██──[31m██████[31m██████[31m██████[34m──██──[34m──██──[34m──██──[39m  
  [34m  ▕▏  [34m  ▕▏  [34m  ▕▏  [31m██████[31m██████[31m██████[34m  ▕▏  [34m  ▕▏  [34m  ▕▏  [39m  
  [34m  ▕▏  [34m  ▕▏  [34m  ▕▏  [34m  ▕▏  [34m  ▕▏  [34m  ▕▏  [34m  ▕▏  [34m  ▕▏  [34m  ▕▏  [39m  
  [34m──██──[34m──██──[34m──██──[34m──██──[34m──██──[34m──██──[34m──██──[34m──██──[34m──██──[39m  
  [34m  ▕▏  [34m  ▕▏  [34m  ▕▏  [34m  ▕▏  [34m  ▕▏  [34m  ▕▏  [34m  ▕▏  [34m  ▕▏  [34m  ▕▏  [39m  
  [34m  ▕▏  [32m██████[34m  ▕▏  [34m  ▕▏  [32m██████[34m  ▕▏  [34m  ▕▏  [32m██████[34m  ▕▏  [39m  
  [34m──██──[32m██████[34m──██──[34m──██──[32m██████[34m──██──[34m──██──[32m██████[34m──██──[39m  
  [34m  ▕▏  [32m██████[34m  ▕▏  [34m  ▕▏  [32m██████[34m  ▕▏  [34m  ▕▏  [32m██████[34m  ▕▏  [39m  
  [34m  ▕▏  [34m  ▕▏  [34m  ▕▏  [34m  ▕▏  [34m  ▕▏  [34m  ▕▏  [34m  ▕▏  [34m  ▕▏  [34m  ▕▏  [39m  
  [34m──██──[34m──██──[34m──██──[34m──██──[34m──██──[34m──██──[34m──██──[34m──██──[34m──██──[39m  
  [34m  ▕▏  [34m  ▕▏  [34m  ▕▏  [34m  ▕▏  [34m  ▕▏  [34m  ▕▏  [34m  ▕▏  [34m  ▕▏  [34m  ▕▏  [39m  

AMR driver provided by CarpetX,
using AMReX 25.11 (MPI, OpenMP, no accelerators, debug)
--------------------------------------------------------------------------------

Initializing AMReX (25.11)...
MPI initialized with 1 MPI processes
MPI initialized with thread support level 2
OMP initialized with 2 OMP threads
AMReX (25.11) initialized
INFO (CarpetX): 
Symmetries:
  lower x: periodic
  lower y: periodic
  lower z: periodic
  upper x: periodic
  upper y: periodic
  upper z: periodic
Default boundaries:
  lower x: symmetry_boundary
  lower y: symmetry_boundary
  lower z: symmetry_boundary
  upper x: symmetry_boundary
  upper y: symmetry_boundary
  upper z: symmetry_boundary
INFO (Arith): Test_smallvector
INFO (Arith): Test_spvect
INFO (CarpetX): Setting initial values for max_grid_size values for all levels
INFO (CarpetX): Setting up initial conditions...
INFO (CarpetX): Iteration: 0   time: 0   delta_time: 0.00390625
INFO (CarpetX): Patch 0:
INFO (CarpetX):   Grid extent:
INFO (CarpetX):     gsh=[71,15,15]
INFO (CarpetX):     blocking_factor=[8,8,8]
INFO (CarpetX):     max_grid_size=[10000000,10000000,10000000]
INFO (CarpetX):     max_tile_size=[1024000,16,32]
INFO (CarpetX):   Domain extent:
INFO (CarpetX):     xmin=[-0.5,-0.0625,-0.0625]
INFO (CarpetX):     xmax=[0.5,0.0625,0.0625]
INFO (CarpetX):     base dx=[0.015625,0.015625,0.015625]
INFO (CarpetX): Initializing level 0...
INFO (CanudaX_ExactID): Begin Gauge Wave initial data
INFO (CanudaX_ExactID): === End gauge wave initial data ===
INFO (CarpetX): Regridding...
INFO (CarpetX):   level 0: 1 boxes, 4096 cells (100%)
INFO (CarpetX): Initialized 1 levels
INFO (CarpetX): OutputGH: iteration 0, time 0.000000, run time 0 s
INFO (CarpetX): OutputGH done.
INFO (CarpetX): Starting evolution...
INFO (ODESolvers): ODE integrator is RK4
INFO (CarpetX): OutputGH: iteration 1, time 0.003906, run time 1 s
INFO (CarpetX): OutputGH done.
INFO (CarpetX): Simulation time: 0.00390625   Iterations per second: 14.4917   Simulation time per second: 0.0566082
INFO (CarpetX): Grid cells: 4096   Grid cell updates per second: 59358
INFO (CarpetX): Performance:
INFO (CarpetX):   total evolution time:            0.069005 sec
INFO (CarpetX):   total evolution compute time:    0.0689971 sec
INFO (CarpetX):   total evolution output time:     7.86781e-06 sec
INFO (CarpetX):   total iterations:                1
INFO (CarpetX):   total cells updated:             4096
INFO (CarpetX):   average iterations per second: 14.4917
INFO (CarpetX):   average cell updates per second: 59358
INFO (CarpetX): OutputGH: iteration 2, time 0.007812, run time 1 s
INFO (CarpetX): OutputGH done.
INFO (CarpetX): Simulation time: 0.0078125   Iterations per second: 15.1074   Simulation time per second: 0.0590135
INFO (CarpetX): Grid cells: 4096   Grid cell updates per second: 61880.1
INFO (CarpetX): Performance:
INFO (CarpetX):   total evolution time:            0.132385 sec
INFO (CarpetX):   total evolution compute time:    0.132368 sec
INFO (CarpetX):   total evolution output time:     1.66893e-05 sec
INFO (CarpetX):   total iterations:                2
INFO (CarpetX):   total cells updated:             8192
INFO (CarpetX):   average iterations per second: 15.1074
INFO (CarpetX):   average cell updates per second: 61880.1
INFO (CarpetX): OutputGH: iteration 3, time 0.011719, run time 1 s
INFO (CarpetX): OutputGH done.
INFO (CarpetX): Simulation time: 0.0117188   Iterations per second: 15.1851   Simulation time per second: 0.0593168
INFO (CarpetX): Grid cells: 4096   Grid cell updates per second: 62198.2
INFO (CarpetX): Performance:
INFO (CarpetX):   total evolution time:            0.197562 sec
INFO (CarpetX):   total evolution compute time:    0.197536 sec
INFO (CarpetX):   total evolution output time:     2.57492e-05 sec
INFO (CarpetX):   total iterations:                3
INFO (CarpetX):   total cells updated:             12288
INFO (CarpetX):   average iterations per second: 15.1851
INFO (CarpetX):   average cell updates per second: 62198.2
INFO (CarpetX): OutputGH: iteration 4, time 0.015625, run time 1 s
INFO (CarpetX): OutputGH done.
INFO (CarpetX): Simulation time: 0.015625   Iterations per second: 15.3408   Simulation time per second: 0.0599251
INFO (CarpetX): Grid cells: 4096   Grid cell updates per second: 62836.1
INFO (CarpetX): Performance:
INFO (CarpetX):   total evolution time:            0.260742 sec
INFO (CarpetX):   total evolution compute time:    0.260707 sec
INFO (CarpetX):   total evolution output time:     3.45707e-05 sec
INFO (CarpetX):   total iterations:                4
INFO (CarpetX):   total cells updated:             16384
INFO (CarpetX):   average iterations per second: 15.3408
INFO (CarpetX):   average cell updates per second: 62836.1
INFO (CarpetX): OutputGH: iteration 5, time 0.019531, run time 1 s
INFO (CarpetX): OutputGH done.
INFO (CarpetX): Simulation time: 0.0195312   Iterations per second: 15.3577   Simulation time per second: 0.0599911
INFO (CarpetX): Grid cells: 4096   Grid cell updates per second: 62905.3
INFO (CarpetX): Performance:
INFO (CarpetX):   total evolution time:            0.325569 sec
INFO (CarpetX):   total evolution compute time:    0.325525 sec
INFO (CarpetX):   total evolution output time:     4.36306e-05 sec
INFO (CarpetX):   total iterations:                5
INFO (CarpetX):   total cells updated:             20480
INFO (CarpetX):   average iterations per second: 15.3577
INFO (CarpetX):   average cell updates per second: 62905.3
INFO (CarpetX): OutputGH: iteration 6, time 0.023438, run time 1 s
INFO (CarpetX): OutputGH done.
INFO (CarpetX): Simulation time: 0.0234375   Iterations per second: 15.3691   Simulation time per second: 0.0600355
INFO (CarpetX): Grid cells: 4096   Grid cell updates per second: 62951.8
INFO (CarpetX): Performance:
INFO (CarpetX):   total evolution time:            0.390394 sec
INFO (CarpetX):   total evolution compute time:    0.390342 sec
INFO (CarpetX):   total evolution output time:     5.17368e-05 sec
INFO (CarpetX):   total iterations:                6
INFO (CarpetX):   total cells updated:             24576
INFO (CarpetX):   average iterations per second: 15.3691
INFO (CarpetX):   average cell updates per second: 62951.8
INFO (CarpetX): OutputGH: iteration 7, time 0.027344, run time 1 s
INFO (CarpetX): OutputGH done.
INFO (CarpetX): Simulation time: 0.0273438   Iterations per second: 15.4305   Simulation time per second: 0.0602754
INFO (CarpetX): Grid cells: 4096   Grid cell updates per second: 63203.3
INFO (CarpetX): Performance:
INFO (CarpetX):   total evolution time:            0.453647 sec
INFO (CarpetX):   total evolution compute time:    0.453587 sec
INFO (CarpetX):   total evolution output time:     5.98431e-05 sec
INFO (CarpetX):   total iterations:                7
INFO (CarpetX):   total cells updated:             28672
INFO (CarpetX):   average iterations per second: 15.4305
INFO (CarpetX):   average cell updates per second: 63203.3
INFO (CarpetX): OutputGH: iteration 8, time 0.031250, run time 1 s
INFO (CarpetX): OutputGH done.
INFO (CarpetX): Simulation time: 0.03125   Iterations per second: 15.4369   Simulation time per second: 0.0603005
INFO (CarpetX): Grid cells: 4096   Grid cell updates per second: 63229.7
INFO (CarpetX): Performance:
INFO (CarpetX):   total evolution time:            0.518238 sec
INFO (CarpetX):   total evolution compute time:    0.51817 sec
INFO (CarpetX):   total evolution output time:     6.77109e-05 sec
INFO (CarpetX):   total iterations:                8
INFO (CarpetX):   total cells updated:             32768
INFO (CarpetX):   average iterations per second: 15.4369
INFO (CarpetX):   average cell updates per second: 63229.7
INFO (CarpetX): OutputGH: iteration 9, time 0.035156, run time 1 s
INFO (CarpetX): OutputGH done.
INFO (CarpetX): Simulation time: 0.0351562   Iterations per second: 15.4352   Simulation time per second: 0.0602939
INFO (CarpetX): Grid cells: 4096   Grid cell updates per second: 63222.7
INFO (CarpetX): Performance:
INFO (CarpetX):   total evolution time:            0.583082 sec
INFO (CarpetX):   total evolution compute time:    0.583005 sec
INFO (CarpetX):   total evolution output time:     7.65324e-05 sec
INFO (CarpetX):   total iterations:                9
INFO (CarpetX):   total cells updated:             36864
INFO (CarpetX):   average iterations per second: 15.4352
INFO (CarpetX):   average cell updates per second: 63222.7
INFO (CarpetX): OutputGH: iteration 10, time 0.039062, run time 1 s
INFO (CarpetX): OutputGH done.
INFO (CarpetX): Simulation time: 0.0390625   Iterations per second: 15.4689   Simulation time per second: 0.0604254
INFO (CarpetX): Grid cells: 4096   Grid cell updates per second: 63360.7
INFO (CarpetX): Performance:
INFO (CarpetX):   total evolution time:            0.646458 sec
INFO (CarpetX):   total evolution compute time:    0.646357 sec
INFO (CarpetX):   total evolution output time:     0.000100613 sec
INFO (CarpetX):   total iterations:                10
INFO (CarpetX):   total cells updated:             40960
INFO (CarpetX):   average iterations per second: 15.4689
INFO (CarpetX):   average cell updates per second: 63360.7
INFO (CarpetX): OutputGH: iteration 11, time 0.042969, run time 1 s
INFO (CarpetX): OutputGH done.
INFO (CarpetX): Simulation time: 0.0429688   Iterations per second: 15.469   Simulation time per second: 0.060426
INFO (CarpetX): Grid cells: 4096   Grid cell updates per second: 63361.2
INFO (CarpetX): Performance:
INFO (CarpetX):   total evolution time:            0.711098 sec
INFO (CarpetX):   total evolution compute time:    0.710987 sec
INFO (CarpetX):   total evolution output time:     0.000110626 sec
INFO (CarpetX):   total iterations:                11
INFO (CarpetX):   total cells updated:             45056
INFO (CarpetX):   average iterations per second: 15.469
INFO (CarpetX):   average cell updates per second: 63361.2
INFO (CarpetX): OutputGH: iteration 12, time 0.046875, run time 1 s
INFO (CarpetX): OutputGH done.
INFO (CarpetX): Simulation time: 0.046875   Iterations per second: 15.4726   Simulation time per second: 0.0604399
INFO (CarpetX): Grid cells: 4096   Grid cell updates per second: 63375.8
INFO (CarpetX): Performance:
INFO (CarpetX):   total evolution time:            0.775594 sec
INFO (CarpetX):   total evolution compute time:    0.775475 sec
INFO (CarpetX):   total evolution output time:     0.000118732 sec
INFO (CarpetX):   total iterations:                12
INFO (CarpetX):   total cells updated:             49152
INFO (CarpetX):   average iterations per second: 15.472
INFO (CarpetX):   average cell updates per second: 63373.4
INFO (CarpetX): OutputGH: iteration 13, time 0.050781, run time 1 s
INFO (CarpetX): OutputGH done.
INFO (CarpetX): Simulation time: 0.0507812   Iterations per second: 15.5062   Simulation time per second: 0.0605711
INFO (CarpetX): Grid cells: 4096   Grid cell updates per second: 63513.4
INFO (CarpetX): Performance:
INFO (CarpetX):   total evolution time:            0.838825 sec
INFO (CarpetX):   total evolution compute time:    0.838698 sec
INFO (CarpetX):   total evolution output time:     0.0001266 sec
INFO (CarpetX):   total iterations:                13
INFO (CarpetX):   total cells updated:             53248
INFO (CarpetX):   average iterations per second: 15.4979
INFO (CarpetX):   average cell updates per second: 63479.3
INFO (CarpetX): OutputGH: iteration 14, time 0.054688, run time 1 s
INFO (CarpetX): OutputGH done.
INFO (CarpetX): Simulation time: 0.0546875   Iterations per second: 15.5183   Simulation time per second: 0.0606183
INFO (CarpetX): Grid cells: 4096   Grid cell updates per second: 63562.9
INFO (CarpetX): Performance:
INFO (CarpetX):   total evolution time:            0.902813 sec
INFO (CarpetX):   total evolution compute time:    0.902675 sec
INFO (CarpetX):   total evolution output time:     0.000137568 sec
INFO (CarpetX):   total iterations:                14
INFO (CarpetX):   total cells updated:             57344
INFO (CarpetX):   average iterations per second: 15.5071
INFO (CarpetX):   average cell updates per second: 63517
INFO (CarpetX): OutputGH: iteration 15, time 0.058594, run time 2 s
INFO (CarpetX): OutputGH done.
INFO (CarpetX): Simulation time: 0.0585938   Iterations per second: 15.5418   Simulation time per second: 0.0607103
INFO (CarpetX): Grid cells: 4096   Grid cell updates per second: 63659.3
INFO (CarpetX): Performance:
INFO (CarpetX):   total evolution time:            0.966277 sec
INFO (CarpetX):   total evolution compute time:    0.96613 sec
INFO (CarpetX):   total evolution output time:     0.000146627 sec
INFO (CarpetX):   total iterations:                15
INFO (CarpetX):   total cells updated:             61440
INFO (CarpetX):   average iterations per second: 15.5235
INFO (CarpetX):   average cell updates per second: 63584.3
INFO (CarpetX): OutputGH: iteration 16, time 0.062500, run time 2 s
INFO (CarpetX): OutputGH done.
INFO (CarpetX): Simulation time: 0.0625   Iterations per second: 15.5618   Simulation time per second: 0.0607883
INFO (CarpetX): Grid cells: 4096   Grid cell updates per second: 63741.2
INFO (CarpetX): Performance:
INFO (CarpetX):   total evolution time:            1.02979 sec
INFO (CarpetX):   total evolution compute time:    1.02964 sec
INFO (CarpetX):   total evolution output time:     0.000155449 sec
INFO (CarpetX):   total iterations:                16
INFO (CarpetX):   total cells updated:             65536
INFO (CarpetX):   average iterations per second: 15.5371
INFO (CarpetX):   average cell updates per second: 63640
INFO (CarpetX): OutputGH: iteration 17, time 0.066406, run time 2 s
INFO (CarpetX): OutputGH done.
INFO (CarpetX): Simulation time: 0.0664062   Iterations per second: 15.5628   Simulation time per second: 0.0607924
INFO (CarpetX): Grid cells: 4096   Grid cell updates per second: 63745.4
INFO (CarpetX): Performance:
INFO (CarpetX):   total evolution time:            1.09401 sec
INFO (CarpetX):   total evolution compute time:    1.09384 sec
INFO (CarpetX):   total evolution output time:     0.000165462 sec
INFO (CarpetX):   total iterations:                17
INFO (CarpetX):   total cells updated:             69632
INFO (CarpetX):   average iterations per second: 15.5392
INFO (CarpetX):   average cell updates per second: 63648.4
INFO (CarpetX): OutputGH: iteration 18, time 0.070312, run time 2 s
INFO (CarpetX): OutputGH done.
INFO (CarpetX): Simulation time: 0.0703125   Iterations per second: 15.5871   Simulation time per second: 0.0608872
INFO (CarpetX): Grid cells: 4096   Grid cell updates per second: 63844.9
INFO (CarpetX): Performance:
INFO (CarpetX):   total evolution time:            1.15726 sec
INFO (CarpetX):   total evolution compute time:    1.15709 sec
INFO (CarpetX):   total evolution output time:     0.000174284 sec
INFO (CarpetX):   total iterations:                18
INFO (CarpetX):   total cells updated:             73728
INFO (CarpetX):   average iterations per second: 15.5539
INFO (CarpetX):   average cell updates per second: 63708.8
INFO (CarpetX): OutputGH: iteration 19, time 0.074219, run time 2 s
INFO (CarpetX): OutputGH done.
INFO (CarpetX): Simulation time: 0.0742188   Iterations per second: 15.5706   Simulation time per second: 0.0608228
INFO (CarpetX): Grid cells: 4096   Grid cell updates per second: 63777.3
INFO (CarpetX): Performance:
INFO (CarpetX):   total evolution time:            1.2221 sec
INFO (CarpetX):   total evolution compute time:    1.22192 sec
INFO (CarpetX):   total evolution output time:     0.000183344 sec
INFO (CarpetX):   total iterations:                19
INFO (CarpetX):   total cells updated:             77824
INFO (CarpetX):   average iterations per second: 15.547
INFO (CarpetX):   average cell updates per second: 63680.5
INFO (CarpetX): OutputGH: iteration 20, time 0.078125, run time 2 s
INFO (CarpetX): OutputGH done.
INFO (CarpetX): Simulation time: 0.078125   Iterations per second: 15.5604   Simulation time per second: 0.0607827
INFO (CarpetX): Grid cells: 4096   Grid cell updates per second: 63735.3
INFO (CarpetX): Performance:
INFO (CarpetX):   total evolution time:            1.28675 sec
INFO (CarpetX):   total evolution compute time:    1.28656 sec
INFO (CarpetX):   total evolution output time:     0.00019145 sec
INFO (CarpetX):   total iterations:                20
INFO (CarpetX):   total cells updated:             81920
INFO (CarpetX):   average iterations per second: 15.5431
INFO (CarpetX):   average cell updates per second: 63664.4
INFO (CarpetX): OutputGH: iteration 21, time 0.082031, run time 2 s
INFO (CarpetX): OutputGH done.
INFO (CarpetX): Simulation time: 0.0820312   Iterations per second: 15.5827   Simulation time per second: 0.0608697
INFO (CarpetX): Grid cells: 4096   Grid cell updates per second: 63826.5
INFO (CarpetX): Performance:
INFO (CarpetX):   total evolution time:            1.35009 sec
INFO (CarpetX):   total evolution compute time:    1.34989 sec
INFO (CarpetX):   total evolution output time:     0.000199318 sec
INFO (CarpetX):   total iterations:                21
INFO (CarpetX):   total cells updated:             86016
INFO (CarpetX):   average iterations per second: 15.5545
INFO (CarpetX):   average cell updates per second: 63711.1
INFO (CarpetX): OutputGH: iteration 22, time 0.085938, run time 2 s
INFO (CarpetX): OutputGH done.
INFO (CarpetX): Simulation time: 0.0859375   Iterations per second: 15.5767   Simulation time per second: 0.0608465
INFO (CarpetX): Grid cells: 4096   Grid cell updates per second: 63802.2
INFO (CarpetX): Performance:
INFO (CarpetX):   total evolution time:            1.41451 sec
INFO (CarpetX):   total evolution compute time:    1.41431 sec
INFO (CarpetX):   total evolution output time:     0.000207186 sec
INFO (CarpetX):   total iterations:                22
INFO (CarpetX):   total cells updated:             90112
INFO (CarpetX):   average iterations per second: 15.5531
INFO (CarpetX):   average cell updates per second: 63705.3
INFO (CarpetX): OutputGH: iteration 23, time 0.089844, run time 2 s
INFO (CarpetX): OutputGH done.
INFO (CarpetX): Simulation time: 0.0898438   Iterations per second: 15.5602   Simulation time per second: 0.0607822
INFO (CarpetX): Grid cells: 4096   Grid cell updates per second: 63734.7
INFO (CarpetX): Performance:
INFO (CarpetX):   total evolution time:            1.47939 sec
INFO (CarpetX):   total evolution compute time:    1.47917 sec
INFO (CarpetX):   total evolution output time:     0.000216246 sec
INFO (CarpetX):   total iterations:                23
INFO (CarpetX):   total cells updated:             94208
INFO (CarpetX):   average iterations per second: 15.5469
INFO (CarpetX):   average cell updates per second: 63680.3
INFO (CarpetX): OutputGH: iteration 24, time 0.093750, run time 2 s
INFO (CarpetX): OutputGH done.
INFO (CarpetX): Simulation time: 0.09375   Iterations per second: 15.5866   Simulation time per second: 0.060885
INFO (CarpetX): Grid cells: 4096   Grid cell updates per second: 63842.6
INFO (CarpetX): Performance:
INFO (CarpetX):   total evolution time:            1.54257 sec
INFO (CarpetX):   total evolution compute time:    1.54235 sec
INFO (CarpetX):   total evolution output time:     0.000224113 sec
INFO (CarpetX):   total iterations:                24
INFO (CarpetX):   total cells updated:             98304
INFO (CarpetX):   average iterations per second: 15.5584
INFO (CarpetX):   average cell updates per second: 63727.4
INFO (CarpetX): OutputGH: iteration 25, time 0.097656, run time 2 s
INFO (CarpetX): OutputGH done.
INFO (CarpetX): Simulation time: 0.0976562   Iterations per second: 15.5627   Simulation time per second: 0.0607919
INFO (CarpetX): Grid cells: 4096   Grid cell updates per second: 63745
INFO (CarpetX): Performance:
INFO (CarpetX):   total evolution time:            1.60771 sec
INFO (CarpetX):   total evolution compute time:    1.60748 sec
INFO (CarpetX):   total evolution output time:     0.000233173 sec
INFO (CarpetX):   total iterations:                25
INFO (CarpetX):   total cells updated:             102400
INFO (CarpetX):   average iterations per second: 15.5501
INFO (CarpetX):   average cell updates per second: 63693
INFO (CarpetX): OutputGH: iteration 26, time 0.101562, run time 2 s
INFO (CarpetX): OutputGH done.
INFO (CarpetX): Simulation time: 0.101562   Iterations per second: 15.5471   Simulation time per second: 0.060731
INFO (CarpetX): Grid cells: 4096   Grid cell updates per second: 63681.1
INFO (CarpetX): Performance:
INFO (CarpetX):   total evolution time:            1.67261 sec
INFO (CarpetX):   total evolution compute time:    1.67237 sec
INFO (CarpetX):   total evolution output time:     0.00024128 sec
INFO (CarpetX):   total iterations:                26
INFO (CarpetX):   total cells updated:             106496
INFO (CarpetX):   average iterations per second: 15.5445
INFO (CarpetX):   average cell updates per second: 63670.5
INFO (CarpetX): OutputGH: iteration 27, time 0.105469, run time 2 s
INFO (CarpetX): OutputGH done.
INFO (CarpetX): Simulation time: 0.105469   Iterations per second: 15.5703   Simulation time per second: 0.0608216
INFO (CarpetX): Grid cells: 4096   Grid cell updates per second: 63776
INFO (CarpetX): Performance:
INFO (CarpetX):   total evolution time:            1.73598 sec
INFO (CarpetX):   total evolution compute time:    1.73572 sec
INFO (CarpetX):   total evolution output time:     0.00025034 sec
INFO (CarpetX):   total iterations:                27
INFO (CarpetX):   total cells updated:             110592
INFO (CarpetX):   average iterations per second: 15.5532
INFO (CarpetX):   average cell updates per second: 63706
INFO (CarpetX): OutputGH: iteration 28, time 0.109375, run time 2 s
INFO (CarpetX): OutputGH done.
INFO (CarpetX): Simulation time: 0.109375   Iterations per second: 15.5439   Simulation time per second: 0.0607183
INFO (CarpetX): Grid cells: 4096   Grid cell updates per second: 63667.8
INFO (CarpetX): Performance:
INFO (CarpetX):   total evolution time:            1.80129 sec
INFO (CarpetX):   total evolution compute time:    1.80103 sec
INFO (CarpetX):   total evolution output time:     0.000263214 sec
INFO (CarpetX):   total iterations:                28
INFO (CarpetX):   total cells updated:             114688
INFO (CarpetX):   average iterations per second: 15.5444
INFO (CarpetX):   average cell updates per second: 63669.8
INFO (CarpetX): OutputGH: iteration 29, time 0.113281, run time 2 s
INFO (CarpetX): OutputGH done.
INFO (CarpetX): Simulation time: 0.113281   Iterations per second: 15.5561   Simulation time per second: 0.0607659
INFO (CarpetX): Grid cells: 4096   Grid cell updates per second: 63717.7
INFO (CarpetX): Performance:
INFO (CarpetX):   total evolution time:            1.86512 sec
INFO (CarpetX):   total evolution compute time:    1.86485 sec
INFO (CarpetX):   total evolution output time:     0.000272036 sec
INFO (CarpetX):   total iterations:                29
INFO (CarpetX):   total cells updated:             118784
INFO (CarpetX):   average iterations per second: 15.5486
INFO (CarpetX):   average cell updates per second: 63687
INFO (CarpetX): OutputGH: iteration 30, time 0.117188, run time 2 s
INFO (CarpetX): OutputGH done.
INFO (CarpetX): Simulation time: 0.117188   Iterations per second: 15.5441   Simulation time per second: 0.0607192
INFO (CarpetX): Grid cells: 4096   Grid cell updates per second: 63668.7
INFO (CarpetX): Performance:
INFO (CarpetX):   total evolution time:            1.9299 sec
INFO (CarpetX):   total evolution compute time:    1.92962 sec
INFO (CarpetX):   total evolution output time:     0.000280142 sec
INFO (CarpetX):   total iterations:                30
INFO (CarpetX):   total cells updated:             122880
INFO (CarpetX):   average iterations per second: 15.5448
INFO (CarpetX):   average cell updates per second: 63671.7
INFO (CarpetX): OutputGH: iteration 31, time 0.121094, run time 3 s
INFO (CarpetX): OutputGH done.
INFO (CarpetX): Simulation time: 0.121094   Iterations per second: 15.5239   Simulation time per second: 0.0606403
INFO (CarpetX): Grid cells: 4096   Grid cell updates per second: 63586
INFO (CarpetX): Performance:
INFO (CarpetX):   total evolution time:            1.99507 sec
INFO (CarpetX):   total evolution compute time:    1.99478 sec
INFO (CarpetX):   total evolution output time:     0.000290155 sec
INFO (CarpetX):   total iterations:                31
INFO (CarpetX):   total cells updated:             126976
INFO (CarpetX):   average iterations per second: 15.5383
INFO (CarpetX):   average cell updates per second: 63644.9
INFO (CarpetX): OutputGH: iteration 32, time 0.125000, run time 3 s
INFO (CarpetX): OutputGH done.
INFO (CarpetX): Simulation time: 0.125   Iterations per second: 15.5534   Simulation time per second: 0.0607557
INFO (CarpetX): Grid cells: 4096   Grid cell updates per second: 63706.9
INFO (CarpetX): Performance:
INFO (CarpetX):   total evolution time:            2.05826 sec
INFO (CarpetX):   total evolution compute time:    2.05797 sec
INFO (CarpetX):   total evolution output time:     0.000298262 sec
INFO (CarpetX):   total iterations:                32
INFO (CarpetX):   total cells updated:             131072
INFO (CarpetX):   average iterations per second: 15.5471
INFO (CarpetX):   average cell updates per second: 63680.8
INFO (CarpetX): OutputGH: iteration 33, time 0.128906, run time 3 s
INFO (CarpetX): OutputGH done.
INFO (CarpetX): Simulation time: 0.128906   Iterations per second: 15.5341   Simulation time per second: 0.0606802
INFO (CarpetX): Grid cells: 4096   Grid cell updates per second: 63627.8
INFO (CarpetX): Performance:
INFO (CarpetX):   total evolution time:            2.12336 sec
INFO (CarpetX):   total evolution compute time:    2.12305 sec
INFO (CarpetX):   total evolution output time:     0.000306368 sec
INFO (CarpetX):   total iterations:                33
INFO (CarpetX):   total cells updated:             135168
INFO (CarpetX):   average iterations per second: 15.5414
INFO (CarpetX):   average cell updates per second: 63657.7
INFO (CarpetX): OutputGH: iteration 34, time 0.132812, run time 3 s
INFO (CarpetX): OutputGH done.
INFO (CarpetX): Simulation time: 0.132812   Iterations per second: 15.5226   Simulation time per second: 0.060635
INFO (CarpetX): Grid cells: 4096   Grid cell updates per second: 63580.4
INFO (CarpetX): Performance:
INFO (CarpetX):   total evolution time:            2.18821 sec
INFO (CarpetX):   total evolution compute time:    2.1879 sec
INFO (CarpetX):   total evolution output time:     0.000315428 sec
INFO (CarpetX):   total iterations:                34
INFO (CarpetX):   total cells updated:             139264
INFO (CarpetX):   average iterations per second: 15.5378
INFO (CarpetX):   average cell updates per second: 63642.8
INFO (CarpetX): OutputGH: iteration 35, time 0.136719, run time 3 s
INFO (CarpetX): OutputGH done.
INFO (CarpetX): Simulation time: 0.136719   Iterations per second: 15.5359   Simulation time per second: 0.060687
INFO (CarpetX): Grid cells: 4096   Grid cell updates per second: 63634.9
INFO (CarpetX): Performance:
INFO (CarpetX):   total evolution time:            2.25208 sec
INFO (CarpetX):   total evolution compute time:    2.25176 sec
INFO (CarpetX):   total evolution output time:     0.000322342 sec
INFO (CarpetX):   total iterations:                35
INFO (CarpetX):   total cells updated:             143360
INFO (CarpetX):   average iterations per second: 15.5412
INFO (CarpetX):   average cell updates per second: 63656.6
INFO (CarpetX): OutputGH: iteration 36, time 0.140625, run time 3 s
INFO (CarpetX): OutputGH done.
INFO (CarpetX): Simulation time: 0.140625   Iterations per second: 15.5029   Simulation time per second: 0.0605583
INFO (CarpetX): Grid cells: 4096   Grid cell updates per second: 63500
INFO (CarpetX): Performance:
INFO (CarpetX):   total evolution time:            2.31782 sec
INFO (CarpetX):   total evolution compute time:    2.31749 sec
INFO (CarpetX):   total evolution output time:     0.000331163 sec
INFO (CarpetX):   total iterations:                36
INFO (CarpetX):   total cells updated:             147456
INFO (CarpetX):   average iterations per second: 15.5319
INFO (CarpetX):   average cell updates per second: 63618.5
INFO (CarpetX): OutputGH: iteration 37, time 0.144531, run time 3 s
INFO (CarpetX): OutputGH done.
INFO (CarpetX): Simulation time: 0.144531   Iterations per second: 15.5009   Simulation time per second: 0.0605502
INFO (CarpetX): Grid cells: 4096   Grid cell updates per second: 63491.5
INFO (CarpetX): Performance:
INFO (CarpetX):   total evolution time:            2.38241 sec
INFO (CarpetX):   total evolution compute time:    2.38207 sec
INFO (CarpetX):   total evolution output time:     0.000339985 sec
INFO (CarpetX):   total iterations:                37
INFO (CarpetX):   total cells updated:             151552
INFO (CarpetX):   average iterations per second: 15.5305
INFO (CarpetX):   average cell updates per second: 63613
INFO (CarpetX): OutputGH: iteration 38, time 0.148438, run time 3 s
INFO (CarpetX): OutputGH done.
INFO (CarpetX): Simulation time: 0.148438   Iterations per second: 15.5317   Simulation time per second: 0.0606707
INFO (CarpetX): Grid cells: 4096   Grid cell updates per second: 63617.8
INFO (CarpetX): Performance:
INFO (CarpetX):   total evolution time:            2.44564 sec
INFO (CarpetX):   total evolution compute time:    2.44529 sec
INFO (CarpetX):   total evolution output time:     0.000348091 sec
INFO (CarpetX):   total iterations:                38
INFO (CarpetX):   total cells updated:             155648
INFO (CarpetX):   average iterations per second: 15.5379
INFO (CarpetX):   average cell updates per second: 63643.1
INFO (CarpetX): OutputGH: iteration 39, time 0.152344, run time 3 s
INFO (CarpetX): OutputGH done.
INFO (CarpetX): Simulation time: 0.152344   Iterations per second: 15.5139   Simulation time per second: 0.060601
INFO (CarpetX): Grid cells: 4096   Grid cell updates per second: 63544.8
INFO (CarpetX): Performance:
INFO (CarpetX):   total evolution time:            2.51076 sec
INFO (CarpetX):   total evolution compute time:    2.51041 sec
INFO (CarpetX):   total evolution output time:     0.000357151 sec
INFO (CarpetX):   total iterations:                39
INFO (CarpetX):   total cells updated:             159744
INFO (CarpetX):   average iterations per second: 15.5331
INFO (CarpetX):   average cell updates per second: 63623.7
INFO (CarpetX): OutputGH: iteration 40, time 0.156250, run time 3 s
INFO (CarpetX): OutputGH done.
INFO (CarpetX): Simulation time: 0.15625   Iterations per second: 15.5034   Simulation time per second: 0.06056
INFO (CarpetX): Grid cells: 4096   Grid cell updates per second: 63501.8
INFO (CarpetX): Performance:
INFO (CarpetX):   total evolution time:            2.57566 sec
INFO (CarpetX):   total evolution compute time:    2.57529 sec
INFO (CarpetX):   total evolution output time:     0.000365973 sec
INFO (CarpetX):   total iterations:                40
INFO (CarpetX):   total cells updated:             163840
INFO (CarpetX):   average iterations per second: 15.53
INFO (CarpetX):   average cell updates per second: 63610.9
INFO (CarpetX): OutputGH: iteration 41, time 0.160156, run time 3 s
INFO (CarpetX): OutputGH done.
INFO (CarpetX): Simulation time: 0.160156   Iterations per second: 15.534   Simulation time per second: 0.0606798
INFO (CarpetX): Grid cells: 4096   Grid cell updates per second: 63627.4
INFO (CarpetX): Performance:
INFO (CarpetX):   total evolution time:            2.63889 sec
INFO (CarpetX):   total evolution compute time:    2.63851 sec
INFO (CarpetX):   total evolution output time:     0.000379086 sec
INFO (CarpetX):   total iterations:                41
INFO (CarpetX):   total cells updated:             167936
INFO (CarpetX):   average iterations per second: 15.5368
INFO (CarpetX):   average cell updates per second: 63638.9
INFO (CarpetX): OutputGH: iteration 42, time 0.164062, run time 3 s
INFO (CarpetX): OutputGH done.
INFO (CarpetX): Simulation time: 0.164062   Iterations per second: 15.5097   Simulation time per second: 0.0605846
INFO (CarpetX): Grid cells: 4096   Grid cell updates per second: 63527.6
INFO (CarpetX): Performance:
INFO (CarpetX):   total evolution time:            2.70427 sec
INFO (CarpetX):   total evolution compute time:    2.70388 sec
INFO (CarpetX):   total evolution output time:     0.000389099 sec
INFO (CarpetX):   total iterations:                42
INFO (CarpetX):   total cells updated:             172032
INFO (CarpetX):   average iterations per second: 15.531
INFO (CarpetX):   average cell updates per second: 63614.9
INFO (CarpetX): OutputGH: iteration 43, time 0.167969, run time 3 s
INFO (CarpetX): OutputGH done.
INFO (CarpetX): Simulation time: 0.167969   Iterations per second: 15.5144   Simulation time per second: 0.0606032
INFO (CarpetX): Grid cells: 4096   Grid cell updates per second: 63547.1
INFO (CarpetX): Performance:
INFO (CarpetX):   total evolution time:            2.76855 sec
INFO (CarpetX):   total evolution compute time:    2.76815 sec
INFO (CarpetX):   total evolution output time:     0.000397921 sec
INFO (CarpetX):   total iterations:                43
INFO (CarpetX):   total cells updated:             176128
INFO (CarpetX):   average iterations per second: 15.5316
INFO (CarpetX):   average cell updates per second: 63617.4
INFO (CarpetX): OutputGH: iteration 44, time 0.171875, run time 3 s
INFO (CarpetX): OutputGH done.
INFO (CarpetX): Simulation time: 0.171875   Iterations per second: 15.5418   Simulation time per second: 0.0607101
INFO (CarpetX): Grid cells: 4096   Grid cell updates per second: 63659.1
INFO (CarpetX): Performance:
INFO (CarpetX):   total evolution time:            2.83187 sec
INFO (CarpetX):   total evolution compute time:    2.83147 sec
INFO (CarpetX):   total evolution output time:     0.000406981 sec
INFO (CarpetX):   total iterations:                44
INFO (CarpetX):   total cells updated:             180224
INFO (CarpetX):   average iterations per second: 15.5374
INFO (CarpetX):   average cell updates per second: 63641.3
INFO (CarpetX): OutputGH: iteration 45, time 0.175781, run time 3 s
INFO (CarpetX): OutputGH done.
INFO (CarpetX): Simulation time: 0.175781   Iterations per second: 15.5251   Simulation time per second: 0.0606448
INFO (CarpetX): Grid cells: 4096   Grid cell updates per second: 63590.7
INFO (CarpetX): Performance:
INFO (CarpetX):   total evolution time:            2.89691 sec
INFO (CarpetX):   total evolution compute time:    2.89649 sec
INFO (CarpetX):   total evolution output time:     0.000416994 sec
INFO (CarpetX):   total iterations:                45
INFO (CarpetX):   total cells updated:             184320
INFO (CarpetX):   average iterations per second: 15.5338
INFO (CarpetX):   average cell updates per second: 63626.4
INFO (CarpetX): OutputGH: iteration 46, time 0.179688, run time 4 s
INFO (CarpetX): OutputGH done.
INFO (CarpetX): Simulation time: 0.179688   Iterations per second: 15.5492   Simulation time per second: 0.0607392
INFO (CarpetX): Grid cells: 4096   Grid cell updates per second: 63689.7
INFO (CarpetX): Performance:
INFO (CarpetX):   total evolution time:            2.96032 sec
INFO (CarpetX):   total evolution compute time:    2.9599 sec
INFO (CarpetX):   total evolution output time:     0.000424147 sec
INFO (CarpetX):   total iterations:                46
INFO (CarpetX):   total cells updated:             188416
INFO (CarpetX):   average iterations per second: 15.5389
INFO (CarpetX):   average cell updates per second: 63647.2
INFO (CarpetX): OutputGH: iteration 47, time 0.183594, run time 4 s
INFO (CarpetX): OutputGH done.
INFO (CarpetX): Simulation time: 0.183594   Iterations per second: 15.5264   Simulation time per second: 0.0606501
INFO (CarpetX): Grid cells: 4096   Grid cell updates per second: 63596.2
INFO (CarpetX): Performance:
INFO (CarpetX):   total evolution time:            3.02558 sec
INFO (CarpetX):   total evolution compute time:    3.02514 sec
INFO (CarpetX):   total evolution output time:     0.00043416 sec
INFO (CarpetX):   total iterations:                47
INFO (CarpetX):   total cells updated:             192512
INFO (CarpetX):   average iterations per second: 15.5342
INFO (CarpetX):   average cell updates per second: 63628.2
INFO (CarpetX): OutputGH: iteration 48, time 0.187500, run time 4 s
INFO (CarpetX): OutputGH done.
INFO (CarpetX): Simulation time: 0.1875   Iterations per second: 15.5179   Simulation time per second: 0.060617
INFO (CarpetX): Grid cells: 4096   Grid cell updates per second: 63561.5
INFO (CarpetX): Performance:
INFO (CarpetX):   total evolution time:            3.09033 sec
INFO (CarpetX):   total evolution compute time:    3.08989 sec
INFO (CarpetX):   total evolution output time:     0.00044322 sec
INFO (CarpetX):   total iterations:                48
INFO (CarpetX):   total cells updated:             196608
INFO (CarpetX):   average iterations per second: 15.5323
INFO (CarpetX):   average cell updates per second: 63620.3
INFO (CarpetX): OutputGH: iteration 49, time 0.191406, run time 4 s
INFO (CarpetX): OutputGH done.
INFO (CarpetX): Simulation time: 0.191406   Iterations per second: 15.5399   Simulation time per second: 0.0607026
INFO (CarpetX): Grid cells: 4096   Grid cell updates per second: 63651.3
INFO (CarpetX): Performance:
INFO (CarpetX):   total evolution time:            3.15387 sec
INFO (CarpetX):   total evolution compute time:    3.1534 sec
INFO (CarpetX):   total evolution output time:     0.000466108 sec
INFO (CarpetX):   total iterations:                49
INFO (CarpetX):   total cells updated:             200704
INFO (CarpetX):   average iterations per second: 15.5365
INFO (CarpetX):   average cell updates per second: 63637.4
INFO (CarpetX): OutputGH: iteration 50, time 0.195312, run time 4 s
INFO (CarpetX): OutputGH done.
INFO (CarpetX): Simulation time: 0.195312   Iterations per second: 15.5148   Simulation time per second: 0.0606048
INFO (CarpetX): Grid cells: 4096   Grid cell updates per second: 63548.7
INFO (CarpetX): Performance:
INFO (CarpetX):   total evolution time:            3.21926 sec
INFO (CarpetX):   total evolution compute time:    3.21878 sec
INFO (CarpetX):   total evolution output time:     0.000475168 sec
INFO (CarpetX):   total iterations:                50
INFO (CarpetX):   total cells updated:             204800
INFO (CarpetX):   average iterations per second: 15.5315
INFO (CarpetX):   average cell updates per second: 63617.2
INFO (CarpetX): OutputGH: iteration 51, time 0.199219, run time 4 s
INFO (CarpetX): OutputGH done.
INFO (CarpetX): Simulation time: 0.199219   Iterations per second: 15.3137   Simulation time per second: 0.0598192
INFO (CarpetX): Grid cells: 4096   Grid cell updates per second: 62725
INFO (CarpetX): Performance:
INFO (CarpetX):   total evolution time:            3.29218 sec
INFO (CarpetX):   total evolution compute time:    3.29169 sec
INFO (CarpetX):   total evolution output time:     0.00048399 sec
INFO (CarpetX):   total iterations:                51
INFO (CarpetX):   total cells updated:             208896
INFO (CarpetX):   average iterations per second: 15.4913
INFO (CarpetX):   average cell updates per second: 63452.3
INFO (CarpetX): OutputGH: iteration 52, time 0.203125, run time 4 s
INFO (CarpetX): OutputGH done.
INFO (CarpetX): Simulation time: 0.203125   Iterations per second: 15.3605   Simulation time per second: 0.0600018
INFO (CarpetX): Grid cells: 4096   Grid cell updates per second: 62916.4
INFO (CarpetX): Performance:
INFO (CarpetX):   total evolution time:            3.35549 sec
INFO (CarpetX):   total evolution compute time:    3.355 sec
INFO (CarpetX):   total evolution output time:     0.000491858 sec
INFO (CarpetX):   total iterations:                52
INFO (CarpetX):   total cells updated:             212992
INFO (CarpetX):   average iterations per second: 15.497
INFO (CarpetX):   average cell updates per second: 63475.7
INFO (CarpetX): OutputGH: iteration 53, time 0.207031, run time 4 s
INFO (CarpetX): OutputGH done.
INFO (CarpetX): Simulation time: 0.207031   Iterations per second: 15.3651   Simulation time per second: 0.0600198
INFO (CarpetX): Grid cells: 4096   Grid cell updates per second: 62935.3
INFO (CarpetX): Performance:
INFO (CarpetX):   total evolution time:            3.4204 sec
INFO (CarpetX):   total evolution compute time:    3.4199 sec
INFO (CarpetX):   total evolution output time:     0.000500917 sec
INFO (CarpetX):   total iterations:                53
INFO (CarpetX):   total cells updated:             217088
INFO (CarpetX):   average iterations per second: 15.4953
INFO (CarpetX):   average cell updates per second: 63468.7
INFO (CarpetX): OutputGH: iteration 54, time 0.210938, run time 4 s
INFO (CarpetX): OutputGH done.
INFO (CarpetX): Simulation time: 0.210938   Iterations per second: 15.3847   Simulation time per second: 0.0600963
INFO (CarpetX): Grid cells: 4096   Grid cell updates per second: 63015.5
INFO (CarpetX): Performance:
INFO (CarpetX):   total evolution time:            3.48465 sec
INFO (CarpetX):   total evolution compute time:    3.48414 sec
INFO (CarpetX):   total evolution output time:     0.000509977 sec
INFO (CarpetX):   total iterations:                54
INFO (CarpetX):   total cells updated:             221184
INFO (CarpetX):   average iterations per second: 15.4965
INFO (CarpetX):   average cell updates per second: 63473.8
INFO (CarpetX): OutputGH: iteration 55, time 0.214844, run time 4 s
INFO (CarpetX): OutputGH done.
INFO (CarpetX): Simulation time: 0.214844   Iterations per second: 15.4268   Simulation time per second: 0.0602608
INFO (CarpetX): Grid cells: 4096   Grid cell updates per second: 63188.1
INFO (CarpetX): Performance:
INFO (CarpetX):   total evolution time:            3.54788 sec
INFO (CarpetX):   total evolution compute time:    3.54736 sec
INFO (CarpetX):   total evolution output time:     0.000518084 sec
INFO (CarpetX):   total iterations:                55
INFO (CarpetX):   total cells updated:             225280
INFO (CarpetX):   average iterations per second: 15.5022
INFO (CarpetX):   average cell updates per second: 63497.2
INFO (CarpetX): OutputGH: iteration 56, time 0.218750, run time 4 s
INFO (CarpetX): OutputGH done.
INFO (CarpetX): Simulation time: 0.21875   Iterations per second: 15.4146   Simulation time per second: 0.0602131
INFO (CarpetX): Grid cells: 4096   Grid cell updates per second: 63138
INFO (CarpetX): Performance:
INFO (CarpetX):   total evolution time:            3.61321 sec
INFO (CarpetX):   total evolution compute time:    3.61268 sec
INFO (CarpetX):   total evolution output time:     0.000527143 sec
INFO (CarpetX):   total iterations:                56
INFO (CarpetX):   total cells updated:             229376
INFO (CarpetX):   average iterations per second: 15.4987
INFO (CarpetX):   average cell updates per second: 63482.6
INFO (CarpetX): OutputGH: iteration 57, time 0.222656, run time 4 s
INFO (CarpetX): OutputGH done.
INFO (CarpetX): Simulation time: 0.222656   Iterations per second: 15.3998   Simulation time per second: 0.0601554
INFO (CarpetX): Grid cells: 4096   Grid cell updates per second: 63077.5
INFO (CarpetX): Performance:
INFO (CarpetX):   total evolution time:            3.67871 sec
INFO (CarpetX):   total evolution compute time:    3.67817 sec
INFO (CarpetX):   total evolution output time:     0.000535011 sec
INFO (CarpetX):   total iterations:                57
INFO (CarpetX):   total cells updated:             233472
INFO (CarpetX):   average iterations per second: 15.4946
INFO (CarpetX):   average cell updates per second: 63465.8
INFO (CarpetX): OutputGH: iteration 58, time 0.226562, run time 4 s
INFO (CarpetX): OutputGH done.
INFO (CarpetX): Simulation time: 0.226562   Iterations per second: 15.4264   Simulation time per second: 0.0602593
INFO (CarpetX): Grid cells: 4096   Grid cell updates per second: 63186.4
INFO (CarpetX): Performance:
INFO (CarpetX):   total evolution time:            3.74252 sec
INFO (CarpetX):   total evolution compute time:    3.74198 sec
INFO (CarpetX):   total evolution output time:     0.000543118 sec
INFO (CarpetX):   total iterations:                58
INFO (CarpetX):   total cells updated:             237568
INFO (CarpetX):   average iterations per second: 15.4976
INFO (CarpetX):   average cell updates per second: 63478
INFO (CarpetX): OutputGH: iteration 59, time 0.230469, run time 4 s
INFO (CarpetX): OutputGH done.
INFO (CarpetX): Simulation time: 0.230469   Iterations per second: 15.4237   Simulation time per second: 0.0602489
INFO (CarpetX): Grid cells: 4096   Grid cell updates per second: 63175.6
INFO (CarpetX): Performance:
INFO (CarpetX):   total evolution time:            3.80746 sec
INFO (CarpetX):   total evolution compute time:    3.80691 sec
INFO (CarpetX):   total evolution output time:     0.000551224 sec
INFO (CarpetX):   total iterations:                59
INFO (CarpetX):   total cells updated:             241664
INFO (CarpetX):   average iterations per second: 15.4959
INFO (CarpetX):   average cell updates per second: 63471.2
INFO (CarpetX): OutputGH: iteration 60, time 0.234375, run time 4 s
INFO (CarpetX): OutputGH done.
INFO (CarpetX): Simulation time: 0.234375   Iterations per second: 15.4253   Simulation time per second: 0.060255
INFO (CarpetX): Grid cells: 4096   Grid cell updates per second: 63181.9
INFO (CarpetX): Performance:
INFO (CarpetX):   total evolution time:            3.87223 sec
INFO (CarpetX):   total evolution compute time:    3.87167 sec
INFO (CarpetX):   total evolution output time:     0.000560284 sec
INFO (CarpetX):   total iterations:                60
INFO (CarpetX):   total cells updated:             245760
INFO (CarpetX):   average iterations per second: 15.495
INFO (CarpetX):   average cell updates per second: 63467.3
INFO (CarpetX): OutputGH: iteration 61, time 0.238281, run time 4 s
INFO (CarpetX): OutputGH done.
INFO (CarpetX): Simulation time: 0.238281   Iterations per second: 15.4643   Simulation time per second: 0.0604074
INFO (CarpetX): Grid cells: 4096   Grid cell updates per second: 63341.8
INFO (CarpetX): Performance:
INFO (CarpetX):   total evolution time:            3.93542 sec
INFO (CarpetX):   total evolution compute time:    3.93485 sec
INFO (CarpetX):   total evolution output time:     0.000568151 sec
INFO (CarpetX):   total iterations:                61
INFO (CarpetX):   total cells updated:             249856
INFO (CarpetX):   average iterations per second: 15.5002
INFO (CarpetX):   average cell updates per second: 63489
INFO (CarpetX): OutputGH: iteration 62, time 0.242188, run time 5 s
INFO (CarpetX): OutputGH done.
INFO (CarpetX): Simulation time: 0.242188   Iterations per second: 15.4555   Simulation time per second: 0.0603731
INFO (CarpetX): Grid cells: 4096   Grid cell updates per second: 63305.8
INFO (CarpetX): Performance:
INFO (CarpetX):   total evolution time:            4.00046 sec
INFO (CarpetX):   total evolution compute time:    3.99988 sec
INFO (CarpetX):   total evolution output time:     0.000578165 sec
INFO (CarpetX):   total iterations:                62
INFO (CarpetX):   total cells updated:             253952
INFO (CarpetX):   average iterations per second: 15.4982
INFO (CarpetX):   average cell updates per second: 63480.8
INFO (CarpetX): OutputGH: iteration 63, time 0.246094, run time 5 s
INFO (CarpetX): OutputGH done.
INFO (CarpetX): Simulation time: 0.246094   Iterations per second: 15.4761   Simulation time per second: 0.0604537
INFO (CarpetX): Grid cells: 4096   Grid cell updates per second: 63390.3
INFO (CarpetX): Performance:
INFO (CarpetX):   total evolution time:            4.06429 sec
INFO (CarpetX):   total evolution compute time:    4.06371 sec
INFO (CarpetX):   total evolution output time:     0.000586987 sec
INFO (CarpetX):   total iterations:                63
INFO (CarpetX):   total cells updated:             258048
INFO (CarpetX):   average iterations per second: 15.5008
INFO (CarpetX):   average cell updates per second: 63491.5
INFO (CarpetX): OutputGH: iteration 64, time 0.250000, run time 5 s
INFO (CarpetX): OutputGH done.
INFO (CarpetX): Simulation time: 0.25   Iterations per second: 9.69335   Simulation time per second: 0.0378647
INFO (CarpetX): Grid cells: 4096   Grid cell updates per second: 39704
INFO (CarpetX): Performance:
INFO (CarpetX):   total evolution time:            4.51439 sec
INFO (CarpetX):   total evolution compute time:    4.13609 sec
INFO (CarpetX):   total evolution output time:     0.378296 sec
INFO (CarpetX):   total iterations:                64
INFO (CarpetX):   total cells updated:             262144
INFO (CarpetX):   average iterations per second: 14.1769
INFO (CarpetX):   average cell updates per second: 58068.5
INFO (CarpetX): Shutting down...
AMReX (25.11) finalized
--------------------------------------------------------------------------------
Done.
+ echo Stopping:
Stopping:
+ date
Thu May 21 18:19:29 UTC 2026
+ echo Done.
Done.
  Elapsed time: 5.6 s
