/home/runner/simulations/TestJob01_temp_1/output-0000/TEST/sim/CanudaX_BSSNMoL
Preparing:
+ set -e
+ cd output-0000-active
+ echo Checking:
Checking:
+ pwd
/home/runner/simulations/TestJob01_temp_1/output-0000/TEST/sim/CanudaX_BSSNMoL/output-0000-active
+ hostname
runnervmgx7h7
+ date
Tue Sep  1 11:03:55 UTC 2026
+ echo Environment:
Environment:
+ export CACTUS_NUM_PROCS=1
+ CACTUS_NUM_PROCS=1
+ export CACTUS_NUM_THREADS=2
+ CACTUS_NUM_THREADS=2
+ export GMON_OUT_PREFIX=gmon.out
+ GMON_OUT_PREFIX=gmon.out
+ export OMP_NUM_THREADS=2
+ OMP_NUM_THREADS=2
+ env
+ sort
+ echo Starting:
Starting:
++ date +%s
+ export CACTUS_STARTTIME=1788260635
+ CACTUS_STARTTIME=1788260635
+ '[' 1 = 1 ']'
+ '[' 0 -eq 0 ']'
+ /home/runner/simulations/TestJob01_temp_1/SIMFACTORY/exe/cactus_sim -L 3 /home/runner/simulations/TestJob01_temp_1/output-0000/arrangements/CanudaX/CanudaX_BSSNMoL/test/gaugewave.par
INFO (Cactus): Increased logging level from 0 to 3
--------------------------------------------------------------------------------

       10                                  
  1   0101       ************************  
  01  1010 10      The Cactus Code V4.20.0    
 1010 1101 011      www.cactuscode.org     
  1001 100101    ************************  
    00010101                               
     100011     (c) Copyright The Authors  
      0100      GNU Licensed. No Warranty  
      0101                                 
--------------------------------------------------------------------------------

Cactus version:    4.20.0
Compile date:      Sep 01 2026 (11:00:57)
Run date:          Sep 01 2026 (11:03:56+0000)
Run host:          runnervmgx7h7.lj2jkwbb3w0u5naaufjzrshhme.dx.internal.cloudapp.net (pid=169182)
Working directory: /home/runner/simulations/TestJob01_temp_1/output-0000/TEST/sim/CanudaX_BSSNMoL
Executable:        /home/runner/simulations/TestJob01_temp_1/SIMFACTORY/exe/cactus_sim
Parameter file:    /home/runner/simulations/TestJob01_temp_1/output-0000/arrangements/CanudaX/CanudaX_BSSNMoL/test/gaugewave.par
--------------------------------------------------------------------------------

Activating thorn Cactus...Success -> active implementation Cactus
Activation requested for 
--->ADMBaseX CanudaX_BSSNMoL CanudaX_ExactID CarpetX IOUtil ODESolvers TmunuBaseX<---
Thorn ADMBaseX requests automatic activation of Loop
Thorn CarpetX requests automatic activation of AMReX
Thorn CarpetX requests automatic activation of MPI
Thorn CarpetX requests automatic activation of yaml_cpp
Thorn CarpetX requests automatic activation of zlib
Thorn CarpetX requests automatic activation of Arith
Thorn CarpetX requests automatic activation of CarpetXRegrid
Thorn CarpetX requests automatic activation of ADIOS2
Thorn CarpetX requests automatic activation of openPMD
Thorn CarpetX requests automatic activation of Silo
Thorn ADIOS2 requests automatic activation of CMake
Thorn Arith requests automatic activation of NSIMD
Thorn MPI requests automatic activation of hwloc
Thorn openPMD requests automatic activation of HDF5
Activating thorn ADIOS2...Success -> active implementation ADIOS2
Activating thorn ADMBaseX...Success -> active implementation ADMBaseX
Activating thorn AMReX...Success -> active implementation AMReX
Activating thorn Arith...Success -> active implementation Arith
Activating thorn CanudaX_BSSNMoL...Success -> active implementation CanudaX_BSSNMoL
Activating thorn CanudaX_ExactID...Success -> active implementation CanudaX_ExactID
Activating thorn CarpetX...Success -> active implementation Driver
Activating thorn CarpetXRegrid...Success -> active implementation CarpetXRegrid
Activating thorn CMake...Success -> active implementation CMake
Activating thorn HDF5...Success -> active implementation HDF5
Activating thorn hwloc...Success -> active implementation hwloc
Activating thorn IOUtil...Success -> active implementation IO
Activating thorn Loop...Success -> active implementation Loop
Activating thorn MPI...Success -> active implementation MPI
Activating thorn NSIMD...Success -> active implementation NSIMD
Activating thorn ODESolvers...Success -> active implementation ODESolvers
Activating thorn openPMD...Success -> active implementation openPMD
Activating thorn Silo...Success -> active implementation Silo
Activating thorn TmunuBaseX...Success -> active implementation TmunuBaseX
Activating thorn yaml_cpp...Success -> active implementation yaml_cpp
Activating thorn zlib...Success -> active implementation zlib
--------------------------------------------------------------------------------
  if (recover initial data)
    Recover parameters
  endif

  Startup routines
    [CCTK_STARTUP]
      CarpetX::Driver_Startup: Start up the driver
      IOUtil::IOUtil_Startup: Startup routine
      GROUP hwloc_startup: hwloc startup group
        hwloc::hwloc_version: Output hwloc version

  Startup routines which need an existing grid hierarchy
    [CCTK_WRAGH]
      Arith::Test_smallvector: [meta] Test small vectors
      Arith::Test_spvect: [meta] Test sparse vectors
      ODESolvers::ODESolvers_InitConstants: [global] Set up dummy loop counters for schedule printout
  Parameter checking routines
    [CCTK_PARAMCHECK]
      CanudaX_BSSNMoL::CanudaX_BSSNMoL_paramcheck: Check CanudaX_BSSNMoL parameters for consistency

  Initialisation
    if (NOT (recover initial data AND recovery_mode is 'strict'))
      [CCTK_PREREGRIDINITIAL]
      Set up grid hierarchy
      [CCTK_POSTREGRIDINITIAL]
      [CCTK_BASEGRID]
        CarpetXRegrid::CarpetXRegrid_InitError: Initialize regridding error to zero
        GROUP ODESolvers_BaseGrid: Set up constants (e.g. coordinates) everywhere on the grid
      [CCTK_INITIAL]
        GROUP TmunuBaseX_SetTmunuVars: Schedule group for setting T_munu
          TmunuBaseX::TmunuBaseX_ZeroTmunu: Set T_munu to zero
          GROUP TmunuBaseX_AddToTmunu: Add to T_munu here
        GROUP ODESolvers_Initial: Set up initial conditions on interior of state vector
          GROUP ADMBaseX_InitialData: Schedule group for calculating ADM initial data
            GROUP CanudaX_ExactIDGroup: CanudaX_ExactID group for setting up initial data
              CanudaX_ExactID::CanudaX_ExactID_GaugeWave: [local] Create gauge wave initial data
          GROUP ADMBaseX_InitialGauge: Schedule group for the ADM initial gauge condition
            ADMBaseX::ADMBaseX_initial_dtlapse: Set dtlapse to zero
            ADMBaseX::ADMBaseX_initial_dtshift: Set dtshift to zero
          GROUP ADMBaseX_PostInitial: Schedule group for modifying the ADM initial data, such as e.g. adding noise
        GROUP CanudaX_BSSNMoL_InitialGroup: CanudaX_BSSNMoL: initial bin
          CanudaX_BSSNMoL::CanudaX_BSSNMoL_adm2bssn: [local] Convert initial data into BSSN variables
          CanudaX_BSSNMoL::CanudaX_BSSNMoL_gammat: [local] Set Gammat initial data
      [CCTK_POSTINITIAL]
        GROUP ODESolvers_PostStep: Apply boundary conditions to state vector, and project if necessary
          GROUP CanudaX_BSSNMoL_PostStepGroup: CanudaX_BSSNMoL: post-step operations
            CanudaX_BSSNMoL::CanudaX_BSSNMoL_impose_conf_fac_floor: Make sure conformal factor does not drop below specified value
            CanudaX_BSSNMoL::CanudaX_BSSNMoL_reset_detmetric: reset dethh = 1
            CanudaX_BSSNMoL::CanudaX_BSSNMoL_remove_trA: Remove trace of A
            CanudaX_BSSNMoL::CanudaX_BSSNMoL_sync: [global] Sync state vector
            CanudaX_BSSNMoL::CanudaX_BSSNMoL_bssn2adm: [local] Convert variables back to the ADM ones
          GROUP ADMBaseX_SetADMRHS: Set ADM RHS variables in this group
          GROUP ADMBaseX_SetADMVars: Set ADM variables in this group
          GROUP TmunuBaseX_SetTmunuVars: Schedule group for setting T_munu
            TmunuBaseX::TmunuBaseX_ZeroTmunu: Set T_munu to zero
            GROUP TmunuBaseX_AddToTmunu: Add to T_munu here
        GROUP ODESolvers_EstimateError: Estimate discretization error (for regridding)
      Initialise finer grids recursively
      Restrict from finer grids
      [CCTK_POSTRESTRICTINITIAL]
      [CCTK_POSTPOSTINITIAL]
      [CCTK_POSTSTEP]
        GROUP ODESolvers_EstimateError: Estimate discretization error (for regridding)
    endif
    if (recover initial data)
      [CCTK_BASEGRID]
        CarpetXRegrid::CarpetXRegrid_InitError: Initialize regridding error to zero
        GROUP ODESolvers_BaseGrid: Set up constants (e.g. coordinates) everywhere on the grid
      [CCTK_RECOVER_VARIABLES]
      [CCTK_POST_RECOVER_VARIABLES]
        GROUP ODESolvers_PostStep: Apply boundary conditions to state vector, and project if necessary
          GROUP CanudaX_BSSNMoL_PostStepGroup: CanudaX_BSSNMoL: post-step operations
            CanudaX_BSSNMoL::CanudaX_BSSNMoL_impose_conf_fac_floor: Make sure conformal factor does not drop below specified value
            CanudaX_BSSNMoL::CanudaX_BSSNMoL_reset_detmetric: reset dethh = 1
            CanudaX_BSSNMoL::CanudaX_BSSNMoL_remove_trA: Remove trace of A
            CanudaX_BSSNMoL::CanudaX_BSSNMoL_sync: [global] Sync state vector
            CanudaX_BSSNMoL::CanudaX_BSSNMoL_bssn2adm: [local] Convert variables back to the ADM ones
          GROUP ADMBaseX_SetADMRHS: Set ADM RHS variables in this group
          GROUP ADMBaseX_SetADMVars: Set ADM variables in this group
          GROUP TmunuBaseX_SetTmunuVars: Schedule group for setting T_munu
            TmunuBaseX::TmunuBaseX_ZeroTmunu: Set T_munu to zero
            GROUP TmunuBaseX_AddToTmunu: Add to T_munu here
        GROUP ODESolvers_EstimateError: Estimate discretization error (for regridding)
    endif
    if (checkpoint initial data)
      [CCTK_CPINITIAL]
        CarpetX::CarpetX_CheckpointInitial: [meta] Checkpoint initial conditions
    endif
    if (analysis)
      [CCTK_ANALYSIS]
        CanudaX_BSSNMoL::CanudaX_BSSNMoL_bssn_constraints: Compute constraints
        GROUP ODESolvers_Analysis: Calculate analysis quantities everywhere
  endif
  Output grid variables

  do loop over timesteps
    [CCTK_PREREGRID]
    Change grid hierarchy
    [CCTK_POSTREGRID]
      GROUP ODESolvers_PostStep: Apply boundary conditions to state vector, and project if necessary
        GROUP CanudaX_BSSNMoL_PostStepGroup: CanudaX_BSSNMoL: post-step operations
          CanudaX_BSSNMoL::CanudaX_BSSNMoL_impose_conf_fac_floor: Make sure conformal factor does not drop below specified value
          CanudaX_BSSNMoL::CanudaX_BSSNMoL_reset_detmetric: reset dethh = 1
          CanudaX_BSSNMoL::CanudaX_BSSNMoL_remove_trA: Remove trace of A
          CanudaX_BSSNMoL::CanudaX_BSSNMoL_sync: [global] Sync state vector
          CanudaX_BSSNMoL::CanudaX_BSSNMoL_bssn2adm: [local] Convert variables back to the ADM ones
        GROUP ADMBaseX_SetADMRHS: Set ADM RHS variables in this group
        GROUP ADMBaseX_SetADMVars: Set ADM variables in this group
        GROUP TmunuBaseX_SetTmunuVars: Schedule group for setting T_munu
          TmunuBaseX::TmunuBaseX_ZeroTmunu: Set T_munu to zero
          GROUP TmunuBaseX_AddToTmunu: Add to T_munu here
    Rotate timelevels
    iteration = iteration+1
    t = t+dt
    [CCTK_PRESTEP]
    [CCTK_EVOL]
      ODESolvers::ODESolvers_Solve: [level] Solve ODEs
      while (ODESolvers::do_substeps)
        GROUP ODESolvers_CalledBySolve: Groups internally scheduled by ODESolvers_Solve
          GROUP ODESolvers_RHS: Evaluate the RHS for of state vector everywhere on the grid
            GROUP CanudaX_BSSNMoL_RHSGroup: CanudaX_BSSNMoL: calculate BSSN RHS
              CanudaX_BSSNMoL::CanudaX_BSSNMoL_calc_bssn_rhs: MoL RHS calculation
              CanudaX_BSSNMoL::CanudaX_BSSNMoL_apply_boundary_conditions: Apply radiative boundary conditions 
          GROUP ODESolvers_PostStep: Apply boundary conditions to state vector, and project if necessary
            GROUP CanudaX_BSSNMoL_PostStepGroup: CanudaX_BSSNMoL: post-step operations
              CanudaX_BSSNMoL::CanudaX_BSSNMoL_impose_conf_fac_floor: Make sure conformal factor does not drop below specified value
              CanudaX_BSSNMoL::CanudaX_BSSNMoL_reset_detmetric: reset dethh = 1
              CanudaX_BSSNMoL::CanudaX_BSSNMoL_remove_trA: Remove trace of A
              CanudaX_BSSNMoL::CanudaX_BSSNMoL_sync: [global] Sync state vector
              CanudaX_BSSNMoL::CanudaX_BSSNMoL_bssn2adm: [local] Convert variables back to the ADM ones
            GROUP ADMBaseX_SetADMRHS: Set ADM RHS variables in this group
            GROUP ADMBaseX_SetADMVars: Set ADM variables in this group
            GROUP TmunuBaseX_SetTmunuVars: Schedule group for setting T_munu
              TmunuBaseX::TmunuBaseX_ZeroTmunu: Set T_munu to zero
              GROUP TmunuBaseX_AddToTmunu: Add to T_munu here
      end while
    Evolve finer grids recursively
    Restrict from finer grids
    [CCTK_POSTRESTRICT]
      GROUP ODESolvers_PostStep: Apply boundary conditions to state vector, and project if necessary
        GROUP CanudaX_BSSNMoL_PostStepGroup: CanudaX_BSSNMoL: post-step operations
          CanudaX_BSSNMoL::CanudaX_BSSNMoL_impose_conf_fac_floor: Make sure conformal factor does not drop below specified value
          CanudaX_BSSNMoL::CanudaX_BSSNMoL_reset_detmetric: reset dethh = 1
          CanudaX_BSSNMoL::CanudaX_BSSNMoL_remove_trA: Remove trace of A
          CanudaX_BSSNMoL::CanudaX_BSSNMoL_sync: [global] Sync state vector
          CanudaX_BSSNMoL::CanudaX_BSSNMoL_bssn2adm: [local] Convert variables back to the ADM ones
        GROUP ADMBaseX_SetADMRHS: Set ADM RHS variables in this group
        GROUP ADMBaseX_SetADMVars: Set ADM variables in this group
        GROUP TmunuBaseX_SetTmunuVars: Schedule group for setting T_munu
          TmunuBaseX::TmunuBaseX_ZeroTmunu: Set T_munu to zero
          GROUP TmunuBaseX_AddToTmunu: Add to T_munu here
    [CCTK_POSTSTEP]
      GROUP ODESolvers_EstimateError: Estimate discretization error (for regridding)
    if (checkpoint)
      [CCTK_CHECKPOINT]
      CarpetX::CarpetX_Checkpoint: [meta] Checkpoint
    endif
    if (analysis)
      [CCTK_ANALYSIS]
      CanudaX_BSSNMoL::CanudaX_BSSNMoL_bssn_constraints: Compute constraints
      GROUP ODESolvers_Analysis: Calculate analysis quantities everywhere
    endif
    Output grid variables
    enddo

  Termination routines
    [CCTK_TERMINATE]
      CarpetX::CarpetX_CheckpointTerminate: [meta] Checkpoint before terminating

  Shutdown routines
    [CCTK_SHUTDOWN]
      CarpetX::Driver_Shutdown: [meta] Shut down the driver

  Routines run after changing the grid hierarchy:
    [CCTK_POSTREGRID]
      GROUP ODESolvers_PostStep: Apply boundary conditions to state vector, and project if necessary
        GROUP CanudaX_BSSNMoL_PostStepGroup: CanudaX_BSSNMoL: post-step operations
          CanudaX_BSSNMoL::CanudaX_BSSNMoL_impose_conf_fac_floor: Make sure conformal factor does not drop below specified value
          CanudaX_BSSNMoL::CanudaX_BSSNMoL_reset_detmetric: reset dethh = 1
          CanudaX_BSSNMoL::CanudaX_BSSNMoL_remove_trA: Remove trace of A
          CanudaX_BSSNMoL::CanudaX_BSSNMoL_sync: [global] Sync state vector
          CanudaX_BSSNMoL::CanudaX_BSSNMoL_bssn2adm: [local] Convert variables back to the ADM ones
        GROUP ADMBaseX_SetADMRHS: Set ADM RHS variables in this group
        GROUP ADMBaseX_SetADMVars: Set ADM variables in this group
        GROUP TmunuBaseX_SetTmunuVars: Schedule group for setting T_munu
          TmunuBaseX::TmunuBaseX_ZeroTmunu: Set T_munu to zero
          GROUP TmunuBaseX_AddToTmunu: Add to T_munu here
--------------------------------------------------------------------------------
INFO (hwloc): library version 2.10.0, API version 0x20800
--------------------------------------------------------------------------------

  [34m  ▕▏  [34m  ▕▏  [34m  ▕▏  [34m  ▕▏  [34m  ▕▏  [34m  ▕▏  [34m  ▕▏  [34m  ▕▏  [34m  ▕▏  [39m  
  [34m──██──[34m──██──[34m──██──[34m──██──[34m──██──[34m──██──[34m──██──[34m──██──[34m──██──[39m  
  [34m  ▕▏  [34m  ▕▏  [34m  ▕▏  [34m  ▕▏  [34m  ▕▏  [34m  ▕▏  [34m  ▕▏  [34m  ▕▏  [34m  ▕▏  [39m  
  [34m  ▕▏  [32m██████[34m  ▕▏  [34m  ▕▏  [32m██████[34m  ▕▏  [34m  ▕▏  [32m██████[34m  ▕▏  [39m  
  [34m──██──[32m██████[34m──██──[34m──██──[32m██████[34m──██──[34m──██──[32m██████[34m──██──[39m  
  [34m  ▕▏  [32m██████[34m  ▕▏  [34m  ▕▏  [32m██████[34m  ▕▏  [34m  ▕▏  [32m██████[34m  ▕▏  [39m  
  [34m  ▕▏  [34m  ▕▏  [34m  ▕▏  [34m  ▕▏  [34m  ▕▏  [34m  ▕▏  [34m  ▕▏  [34m  ▕▏  [34m  ▕▏  [39m  
  [34m──██──[34m──██──[34m──██──[34m──██──[34m──██──[34m──██──[34m──██──[34m──██──[34m──██──[39m  
  [34m  ▕▏  [34m  ▕▏  [34m  ▕▏  [34m  ▕▏  [34m  ▕▏  [34m  ▕▏  [34m  ▕▏  [34m  ▕▏  [34m  ▕▏  [39m  
  [34m  ▕▏  [34m  ▕▏  [34m  ▕▏  [31m██████[31m██████[31m██████[34m  ▕▏  [34m  ▕▏  [34m  ▕▏  [39m  
  [34m──██──[34m──██──[34m──██──[31m██████[31m██████[31m██████[34m──██──[34m──██──[34m──██──[39m  
  [34m  ▕▏  [34m  ▕▏  [34m  ▕▏  [31m██████[31m██████[31m██████[34m  ▕▏  [34m  ▕▏  [34m  ▕▏  [39m  
  [34m  ▕▏  [32m██████[34m  ▕▏  [31m██████[31m██████[31m██████[34m  ▕▏  [32m██████[34m  ▕▏  [39m  
  [34m──██──[32m██████[34m──██──[31m██████[31m██████[31m██████[34m──██──[32m██████[34m──██──[39m  
  [34m  ▕▏  [32m██████[34m  ▕▏  [31m██████[31m██████[31m██████[34m  ▕▏  [32m██████[34m  ▕▏  [39m  
  [34m  ▕▏  [34m  ▕▏  [34m  ▕▏  [31m██████[31m██████[31m██████[34m  ▕▏  [34m  ▕▏  [34m  ▕▏  [39m  
  [34m──██──[34m──██──[34m──██──[31m██████[31m██████[31m██████[34m──██──[34m──██──[34m──██──[39m  
  [34m  ▕▏  [34m  ▕▏  [34m  ▕▏  [31m██████[31m██████[31m██████[34m  ▕▏  [34m  ▕▏  [34m  ▕▏  [39m  
  [34m  ▕▏  [34m  ▕▏  [34m  ▕▏  [34m  ▕▏  [34m  ▕▏  [34m  ▕▏  [34m  ▕▏  [34m  ▕▏  [34m  ▕▏  [39m  
  [34m──██──[34m──██──[34m──██──[34m──██──[34m──██──[34m──██──[34m──██──[34m──██──[34m──██──[39m  
  [34m  ▕▏  [34m  ▕▏  [34m  ▕▏  [34m  ▕▏  [34m  ▕▏  [34m  ▕▏  [34m  ▕▏  [34m  ▕▏  [34m  ▕▏  [39m  
  [34m  ▕▏  [32m██████[34m  ▕▏  [34m  ▕▏  [32m██████[34m  ▕▏  [34m  ▕▏  [32m██████[34m  ▕▏  [39m  
  [34m──██──[32m██████[34m──██──[34m──██──[32m██████[34m──██──[34m──██──[32m██████[34m──██──[39m  
  [34m  ▕▏  [32m██████[34m  ▕▏  [34m  ▕▏  [32m██████[34m  ▕▏  [34m  ▕▏  [32m██████[34m  ▕▏  [39m  
  [34m  ▕▏  [34m  ▕▏  [34m  ▕▏  [34m  ▕▏  [34m  ▕▏  [34m  ▕▏  [34m  ▕▏  [34m  ▕▏  [34m  ▕▏  [39m  
  [34m──██──[34m──██──[34m──██──[34m──██──[34m──██──[34m──██──[34m──██──[34m──██──[34m──██──[39m  
  [34m  ▕▏  [34m  ▕▏  [34m  ▕▏  [34m  ▕▏  [34m  ▕▏  [34m  ▕▏  [34m  ▕▏  [34m  ▕▏  [34m  ▕▏  [39m  

AMR driver provided by CarpetX,
using AMReX 25.11 (MPI, OpenMP, no accelerators, debug)
--------------------------------------------------------------------------------

Initializing AMReX (25.11)...
MPI initialized with 1 MPI processes
MPI initialized with thread support level 2
OMP initialized with 2 OMP threads
AMReX (25.11) initialized
INFO (CarpetX): 
Symmetries:
  lower x: periodic
  lower y: periodic
  lower z: periodic
  upper x: periodic
  upper y: periodic
  upper z: periodic
Default boundaries:
  lower x: symmetry_boundary
  lower y: symmetry_boundary
  lower z: symmetry_boundary
  upper x: symmetry_boundary
  upper y: symmetry_boundary
  upper z: symmetry_boundary
INFO (Arith): Test_smallvector
INFO (Arith): Test_spvect
INFO (CarpetX): Setting initial values for max_grid_size values for all levels
INFO (CarpetX): Setting up initial conditions...
INFO (CarpetX): Iteration: 0   time: 0   delta_time: 0.00390625
INFO (CarpetX): Patch 0:
INFO (CarpetX):   Grid extent:
INFO (CarpetX):     gsh=[71,15,15]
INFO (CarpetX):     blocking_factor=[8,8,8]
INFO (CarpetX):     max_grid_size=[10000000,10000000,10000000]
INFO (CarpetX):     max_tile_size=[1024000,16,32]
INFO (CarpetX):   Domain extent:
INFO (CarpetX):     xmin=[-0.5,-0.0625,-0.0625]
INFO (CarpetX):     xmax=[0.5,0.0625,0.0625]
INFO (CarpetX):     base dx=[0.015625,0.015625,0.015625]
INFO (CarpetX): Initializing level 0...
INFO (CanudaX_ExactID): Begin Gauge Wave initial data
INFO (CanudaX_ExactID): === End gauge wave initial data ===
INFO (CarpetX): Regridding...
INFO (CarpetX):   level 0: 1 boxes, 4096 cells (100%)
INFO (CarpetX): Initialized 1 levels
INFO (CarpetX): OutputGH: iteration 0, time 0.000000, run time 1 s
INFO (CarpetX): OutputGH done.
INFO (CarpetX): Starting evolution...
INFO (ODESolvers): ODE integrator is RK4
INFO (CarpetX): OutputGH: iteration 1, time 0.003906, run time 1 s
INFO (CarpetX): OutputGH done.
INFO (CarpetX): Simulation time: 0.00390625   Iterations per second: 18.5145   Simulation time per second: 0.0723221
INFO (CarpetX): Grid cells: 4096   Grid cell updates per second: 75835.2
INFO (CarpetX): Performance:
INFO (CarpetX):   total evolution time:            0.0540118 sec
INFO (CarpetX):   total evolution compute time:    0.0540049 sec
INFO (CarpetX):   total evolution output time:     6.91414e-06 sec
INFO (CarpetX):   total iterations:                1
INFO (CarpetX):   total cells updated:             4096
INFO (CarpetX):   average iterations per second: 18.5145
INFO (CarpetX):   average cell updates per second: 75835.2
INFO (CarpetX): OutputGH: iteration 2, time 0.007812, run time 1 s
INFO (CarpetX): OutputGH done.
INFO (CarpetX): Simulation time: 0.0078125   Iterations per second: 19.0024   Simulation time per second: 0.0742281
INFO (CarpetX): Grid cells: 4096   Grid cell updates per second: 77833.8
INFO (CarpetX): Performance:
INFO (CarpetX):   total evolution time:            0.10525 sec
INFO (CarpetX):   total evolution compute time:    0.105235 sec
INFO (CarpetX):   total evolution output time:     1.50204e-05 sec
INFO (CarpetX):   total iterations:                2
INFO (CarpetX):   total cells updated:             8192
INFO (CarpetX):   average iterations per second: 19.0024
INFO (CarpetX):   average cell updates per second: 77833.8
INFO (CarpetX): OutputGH: iteration 3, time 0.011719, run time 1 s
INFO (CarpetX): OutputGH done.
INFO (CarpetX): Simulation time: 0.0117188   Iterations per second: 19.1917   Simulation time per second: 0.0749675
INFO (CarpetX): Grid cells: 4096   Grid cell updates per second: 78609.1
INFO (CarpetX): Performance:
INFO (CarpetX):   total evolution time:            0.156318 sec
INFO (CarpetX):   total evolution compute time:    0.156296 sec
INFO (CarpetX):   total evolution output time:     2.19345e-05 sec
INFO (CarpetX):   total iterations:                3
INFO (CarpetX):   total cells updated:             12288
INFO (CarpetX):   average iterations per second: 19.1917
INFO (CarpetX):   average cell updates per second: 78609.1
INFO (CarpetX): OutputGH: iteration 4, time 0.015625, run time 2 s
INFO (CarpetX): OutputGH done.
INFO (CarpetX): Simulation time: 0.015625   Iterations per second: 19.3014   Simulation time per second: 0.0753962
INFO (CarpetX): Grid cells: 4096   Grid cell updates per second: 79058.6
INFO (CarpetX): Performance:
INFO (CarpetX):   total evolution time:            0.207239 sec
INFO (CarpetX):   total evolution compute time:    0.207209 sec
INFO (CarpetX):   total evolution output time:     3.00407e-05 sec
INFO (CarpetX):   total iterations:                4
INFO (CarpetX):   total cells updated:             16384
INFO (CarpetX):   average iterations per second: 19.3014
INFO (CarpetX):   average cell updates per second: 79058.6
INFO (CarpetX): OutputGH: iteration 5, time 0.019531, run time 2 s
INFO (CarpetX): OutputGH done.
INFO (CarpetX): Simulation time: 0.0195312   Iterations per second: 19.3681   Simulation time per second: 0.0756566
INFO (CarpetX): Grid cells: 4096   Grid cell updates per second: 79331.7
INFO (CarpetX): Performance:
INFO (CarpetX):   total evolution time:            0.258157 sec
INFO (CarpetX):   total evolution compute time:    0.25812 sec
INFO (CarpetX):   total evolution output time:     3.69549e-05 sec
INFO (CarpetX):   total iterations:                5
INFO (CarpetX):   total cells updated:             20480
INFO (CarpetX):   average iterations per second: 19.3681
INFO (CarpetX):   average cell updates per second: 79331.7
INFO (CarpetX): OutputGH: iteration 6, time 0.023438, run time 2 s
INFO (CarpetX): OutputGH done.
INFO (CarpetX): Simulation time: 0.0234375   Iterations per second: 19.3963   Simulation time per second: 0.0757667
INFO (CarpetX): Grid cells: 4096   Grid cell updates per second: 79447.2
INFO (CarpetX): Performance:
INFO (CarpetX):   total evolution time:            0.309338 sec
INFO (CarpetX):   total evolution compute time:    0.309292 sec
INFO (CarpetX):   total evolution output time:     4.60148e-05 sec
INFO (CarpetX):   total iterations:                6
INFO (CarpetX):   total cells updated:             24576
INFO (CarpetX):   average iterations per second: 19.3963
INFO (CarpetX):   average cell updates per second: 79447.2
INFO (CarpetX): OutputGH: iteration 7, time 0.027344, run time 2 s
INFO (CarpetX): OutputGH done.
INFO (CarpetX): Simulation time: 0.0273438   Iterations per second: 19.4216   Simulation time per second: 0.0758656
INFO (CarpetX): Grid cells: 4096   Grid cell updates per second: 79550.8
INFO (CarpetX): Performance:
INFO (CarpetX):   total evolution time:            0.360424 sec
INFO (CarpetX):   total evolution compute time:    0.360371 sec
INFO (CarpetX):   total evolution output time:     5.29289e-05 sec
INFO (CarpetX):   total iterations:                7
INFO (CarpetX):   total cells updated:             28672
INFO (CarpetX):   average iterations per second: 19.4216
INFO (CarpetX):   average cell updates per second: 79550.8
INFO (CarpetX): OutputGH: iteration 8, time 0.031250, run time 2 s
INFO (CarpetX): OutputGH done.
INFO (CarpetX): Simulation time: 0.03125   Iterations per second: 19.4411   Simulation time per second: 0.0759418
INFO (CarpetX): Grid cells: 4096   Grid cell updates per second: 79630.7
INFO (CarpetX): Performance:
INFO (CarpetX):   total evolution time:            0.4115 sec
INFO (CarpetX):   total evolution compute time:    0.41144 sec
INFO (CarpetX):   total evolution output time:     5.98431e-05 sec
INFO (CarpetX):   total iterations:                8
INFO (CarpetX):   total cells updated:             32768
INFO (CarpetX):   average iterations per second: 19.4411
INFO (CarpetX):   average cell updates per second: 79630.7
INFO (CarpetX): OutputGH: iteration 9, time 0.035156, run time 2 s
INFO (CarpetX): OutputGH done.
INFO (CarpetX): Simulation time: 0.0351562   Iterations per second: 19.4446   Simulation time per second: 0.0759553
INFO (CarpetX): Grid cells: 4096   Grid cell updates per second: 79644.9
INFO (CarpetX): Performance:
INFO (CarpetX):   total evolution time:            0.462854 sec
INFO (CarpetX):   total evolution compute time:    0.462786 sec
INFO (CarpetX):   total evolution output time:     6.86646e-05 sec
INFO (CarpetX):   total iterations:                9
INFO (CarpetX):   total cells updated:             36864
INFO (CarpetX):   average iterations per second: 19.4446
INFO (CarpetX):   average cell updates per second: 79644.9
INFO (CarpetX): OutputGH: iteration 10, time 0.039062, run time 2 s
INFO (CarpetX): OutputGH done.
INFO (CarpetX): Simulation time: 0.0390625   Iterations per second: 19.4464   Simulation time per second: 0.0759625
INFO (CarpetX): Grid cells: 4096   Grid cell updates per second: 79652.4
INFO (CarpetX): Performance:
INFO (CarpetX):   total evolution time:            0.514234 sec
INFO (CarpetX):   total evolution compute time:    0.514148 sec
INFO (CarpetX):   total evolution output time:     8.65459e-05 sec
INFO (CarpetX):   total iterations:                10
INFO (CarpetX):   total cells updated:             40960
INFO (CarpetX):   average iterations per second: 19.4464
INFO (CarpetX):   average cell updates per second: 79652.4
INFO (CarpetX): OutputGH: iteration 11, time 0.042969, run time 2 s
INFO (CarpetX): OutputGH done.
INFO (CarpetX): Simulation time: 0.0429688   Iterations per second: 19.4391   Simulation time per second: 0.0759342
INFO (CarpetX): Grid cells: 4096   Grid cell updates per second: 79622.7
INFO (CarpetX): Performance:
INFO (CarpetX):   total evolution time:            0.565849 sec
INFO (CarpetX):   total evolution compute time:    0.565753 sec
INFO (CarpetX):   total evolution output time:     9.65595e-05 sec
INFO (CarpetX):   total iterations:                11
INFO (CarpetX):   total cells updated:             45056
INFO (CarpetX):   average iterations per second: 19.4398
INFO (CarpetX):   average cell updates per second: 79625.4
INFO (CarpetX): OutputGH: iteration 12, time 0.046875, run time 2 s
INFO (CarpetX): OutputGH done.
INFO (CarpetX): Simulation time: 0.046875   Iterations per second: 19.4517   Simulation time per second: 0.0759833
INFO (CarpetX): Grid cells: 4096   Grid cell updates per second: 79674.3
INFO (CarpetX): Performance:
INFO (CarpetX):   total evolution time:            0.616959 sec
INFO (CarpetX):   total evolution compute time:    0.616854 sec
INFO (CarpetX):   total evolution output time:     0.000105381 sec
INFO (CarpetX):   total iterations:                12
INFO (CarpetX):   total cells updated:             49152
INFO (CarpetX):   average iterations per second: 19.4502
INFO (CarpetX):   average cell updates per second: 79668.1
INFO (CarpetX): OutputGH: iteration 13, time 0.050781, run time 2 s
INFO (CarpetX): OutputGH done.
INFO (CarpetX): Simulation time: 0.0507812   Iterations per second: 19.4664   Simulation time per second: 0.0760406
INFO (CarpetX): Grid cells: 4096   Grid cell updates per second: 79734.3
INFO (CarpetX): Performance:
INFO (CarpetX):   total evolution time:            0.667981 sec
INFO (CarpetX):   total evolution compute time:    0.667867 sec
INFO (CarpetX):   total evolution output time:     0.000114441 sec
INFO (CarpetX):   total iterations:                13
INFO (CarpetX):   total cells updated:             53248
INFO (CarpetX):   average iterations per second: 19.4616
INFO (CarpetX):   average cell updates per second: 79714.8
INFO (CarpetX): OutputGH: iteration 14, time 0.054688, run time 2 s
INFO (CarpetX): OutputGH done.
INFO (CarpetX): Simulation time: 0.0546875   Iterations per second: 19.4868   Simulation time per second: 0.0761204
INFO (CarpetX): Grid cells: 4096   Grid cell updates per second: 79818
INFO (CarpetX): Performance:
INFO (CarpetX):   total evolution time:            0.718813 sec
INFO (CarpetX):   total evolution compute time:    0.718693 sec
INFO (CarpetX):   total evolution output time:     0.000120401 sec
INFO (CarpetX):   total iterations:                14
INFO (CarpetX):   total cells updated:             57344
INFO (CarpetX):   average iterations per second: 19.4765
INFO (CarpetX):   average cell updates per second: 79775.9
INFO (CarpetX): OutputGH: iteration 15, time 0.058594, run time 2 s
INFO (CarpetX): OutputGH done.
INFO (CarpetX): Simulation time: 0.0585938   Iterations per second: 19.4787   Simulation time per second: 0.0760887
INFO (CarpetX): Grid cells: 4096   Grid cell updates per second: 79784.8
INFO (CarpetX): Performance:
INFO (CarpetX):   total evolution time:            0.770344 sec
INFO (CarpetX):   total evolution compute time:    0.770214 sec
INFO (CarpetX):   total evolution output time:     0.000129461 sec
INFO (CarpetX):   total iterations:                15
INFO (CarpetX):   total cells updated:             61440
INFO (CarpetX):   average iterations per second: 19.4718
INFO (CarpetX):   average cell updates per second: 79756.6
INFO (CarpetX): OutputGH: iteration 16, time 0.062500, run time 2 s
INFO (CarpetX): OutputGH done.
INFO (CarpetX): Simulation time: 0.0625   Iterations per second: 19.48   Simulation time per second: 0.0760936
INFO (CarpetX): Grid cells: 4096   Grid cell updates per second: 79790
INFO (CarpetX): Performance:
INFO (CarpetX):   total evolution time:            0.821649 sec
INFO (CarpetX):   total evolution compute time:    0.821511 sec
INFO (CarpetX):   total evolution output time:     0.000137568 sec
INFO (CarpetX):   total iterations:                16
INFO (CarpetX):   total cells updated:             65536
INFO (CarpetX):   average iterations per second: 19.473
INFO (CarpetX):   average cell updates per second: 79761.6
INFO (CarpetX): OutputGH: iteration 17, time 0.066406, run time 2 s
INFO (CarpetX): OutputGH done.
INFO (CarpetX): Simulation time: 0.0664062   Iterations per second: 19.4927   Simulation time per second: 0.0761432
INFO (CarpetX): Grid cells: 4096   Grid cell updates per second: 79841.9
INFO (CarpetX): Performance:
INFO (CarpetX):   total evolution time:            0.872649 sec
INFO (CarpetX):   total evolution compute time:    0.872503 sec
INFO (CarpetX):   total evolution output time:     0.000146389 sec
INFO (CarpetX):   total iterations:                17
INFO (CarpetX):   total cells updated:             69632
INFO (CarpetX):   average iterations per second: 19.4809
INFO (CarpetX):   average cell updates per second: 79793.8
INFO (CarpetX): OutputGH: iteration 18, time 0.070312, run time 2 s
INFO (CarpetX): OutputGH done.
INFO (CarpetX): Simulation time: 0.0703125   Iterations per second: 19.5002   Simulation time per second: 0.0761728
INFO (CarpetX): Grid cells: 4096   Grid cell updates per second: 79873
INFO (CarpetX): Performance:
INFO (CarpetX):   total evolution time:            0.923751 sec
INFO (CarpetX):   total evolution compute time:    0.923597 sec
INFO (CarpetX):   total evolution output time:     0.000154257 sec
INFO (CarpetX):   total iterations:                18
INFO (CarpetX):   total cells updated:             73728
INFO (CarpetX):   average iterations per second: 19.4858
INFO (CarpetX):   average cell updates per second: 79813.7
INFO (CarpetX): OutputGH: iteration 19, time 0.074219, run time 2 s
INFO (CarpetX): OutputGH done.
INFO (CarpetX): Simulation time: 0.0742188   Iterations per second: 19.5093   Simulation time per second: 0.0762082
INFO (CarpetX): Grid cells: 4096   Grid cell updates per second: 79910.1
INFO (CarpetX): Performance:
INFO (CarpetX):   total evolution time:            0.974794 sec
INFO (CarpetX):   total evolution compute time:    0.974631 sec
INFO (CarpetX):   total evolution output time:     0.000163317 sec
INFO (CarpetX):   total iterations:                19
INFO (CarpetX):   total cells updated:             77824
INFO (CarpetX):   average iterations per second: 19.4913
INFO (CarpetX):   average cell updates per second: 79836.3
INFO (CarpetX): OutputGH: iteration 20, time 0.078125, run time 2 s
INFO (CarpetX): OutputGH done.
INFO (CarpetX): Simulation time: 0.078125   Iterations per second: 19.5192   Simulation time per second: 0.0762468
INFO (CarpetX): Grid cells: 4096   Grid cell updates per second: 79950.6
INFO (CarpetX): Performance:
INFO (CarpetX):   total evolution time:            1.02579 sec
INFO (CarpetX):   total evolution compute time:    1.02563 sec
INFO (CarpetX):   total evolution output time:     0.000167131 sec
INFO (CarpetX):   total iterations:                20
INFO (CarpetX):   total cells updated:             81920
INFO (CarpetX):   average iterations per second: 19.4971
INFO (CarpetX):   average cell updates per second: 79860.2
INFO (CarpetX): OutputGH: iteration 21, time 0.082031, run time 2 s
INFO (CarpetX): OutputGH done.
INFO (CarpetX): Simulation time: 0.0820312   Iterations per second: 19.5303   Simulation time per second: 0.0762902
INFO (CarpetX): Grid cells: 4096   Grid cell updates per second: 79996.1
INFO (CarpetX): Performance:
INFO (CarpetX):   total evolution time:            1.07673 sec
INFO (CarpetX):   total evolution compute time:    1.07656 sec
INFO (CarpetX):   total evolution output time:     0.000172138 sec
INFO (CarpetX):   total iterations:                21
INFO (CarpetX):   total cells updated:             86016
INFO (CarpetX):   average iterations per second: 19.5034
INFO (CarpetX):   average cell updates per second: 79886.1
INFO (CarpetX): OutputGH: iteration 22, time 0.085938, run time 2 s
INFO (CarpetX): OutputGH done.
INFO (CarpetX): Simulation time: 0.0859375   Iterations per second: 19.5342   Simulation time per second: 0.0763056
INFO (CarpetX): Grid cells: 4096   Grid cell updates per second: 80012.3
INFO (CarpetX): Performance:
INFO (CarpetX):   total evolution time:            1.12783 sec
INFO (CarpetX):   total evolution compute time:    1.12765 sec
INFO (CarpetX):   total evolution output time:     0.000178099 sec
INFO (CarpetX):   total iterations:                22
INFO (CarpetX):   total cells updated:             90112
INFO (CarpetX):   average iterations per second: 19.5065
INFO (CarpetX):   average cell updates per second: 79898.4
INFO (CarpetX): OutputGH: iteration 23, time 0.089844, run time 2 s
INFO (CarpetX): OutputGH done.
INFO (CarpetX): Simulation time: 0.0898438   Iterations per second: 19.5352   Simulation time per second: 0.0763095
INFO (CarpetX): Grid cells: 4096   Grid cell updates per second: 80016.3
INFO (CarpetX): Performance:
INFO (CarpetX):   total evolution time:            1.179 sec
INFO (CarpetX):   total evolution compute time:    1.17881 sec
INFO (CarpetX):   total evolution output time:     0.000183105 sec
INFO (CarpetX):   total iterations:                23
INFO (CarpetX):   total cells updated:             94208
INFO (CarpetX):   average iterations per second: 19.5081
INFO (CarpetX):   average cell updates per second: 79905.2
INFO (CarpetX): OutputGH: iteration 24, time 0.093750, run time 3 s
INFO (CarpetX): OutputGH done.
INFO (CarpetX): Simulation time: 0.09375   Iterations per second: 19.5413   Simulation time per second: 0.0763332
INFO (CarpetX): Grid cells: 4096   Grid cell updates per second: 80041.1
INFO (CarpetX): Performance:
INFO (CarpetX):   total evolution time:            1.23003 sec
INFO (CarpetX):   total evolution compute time:    1.22984 sec
INFO (CarpetX):   total evolution output time:     0.000188112 sec
INFO (CarpetX):   total iterations:                24
INFO (CarpetX):   total cells updated:             98304
INFO (CarpetX):   average iterations per second: 19.5117
INFO (CarpetX):   average cell updates per second: 79920.1
INFO (CarpetX): OutputGH: iteration 25, time 0.097656, run time 3 s
INFO (CarpetX): OutputGH done.
INFO (CarpetX): Simulation time: 0.0976562   Iterations per second: 19.5463   Simulation time per second: 0.0763529
INFO (CarpetX): Grid cells: 4096   Grid cell updates per second: 80061.8
INFO (CarpetX): Performance:
INFO (CarpetX):   total evolution time:            1.28107 sec
INFO (CarpetX):   total evolution compute time:    1.28088 sec
INFO (CarpetX):   total evolution output time:     0.000193119 sec
INFO (CarpetX):   total iterations:                25
INFO (CarpetX):   total cells updated:             102400
INFO (CarpetX):   average iterations per second: 19.5149
INFO (CarpetX):   average cell updates per second: 79933.2
INFO (CarpetX): OutputGH: iteration 26, time 0.101562, run time 3 s
INFO (CarpetX): OutputGH done.
INFO (CarpetX): Simulation time: 0.101562   Iterations per second: 19.5569   Simulation time per second: 0.0763941
INFO (CarpetX): Grid cells: 4096   Grid cell updates per second: 80105.1
INFO (CarpetX): Performance:
INFO (CarpetX):   total evolution time:            1.33195 sec
INFO (CarpetX):   total evolution compute time:    1.33176 sec
INFO (CarpetX):   total evolution output time:     0.000198126 sec
INFO (CarpetX):   total iterations:                26
INFO (CarpetX):   total cells updated:             106496
INFO (CarpetX):   average iterations per second: 19.5202
INFO (CarpetX):   average cell updates per second: 79954.7
INFO (CarpetX): OutputGH: iteration 27, time 0.105469, run time 3 s
INFO (CarpetX): OutputGH done.
INFO (CarpetX): Simulation time: 0.105469   Iterations per second: 19.5618   Simulation time per second: 0.0764131
INFO (CarpetX): Grid cells: 4096   Grid cell updates per second: 80124.9
INFO (CarpetX): Performance:
INFO (CarpetX):   total evolution time:            1.38296 sec
INFO (CarpetX):   total evolution compute time:    1.38276 sec
INFO (CarpetX):   total evolution output time:     0.000203133 sec
INFO (CarpetX):   total iterations:                27
INFO (CarpetX):   total cells updated:             110592
INFO (CarpetX):   average iterations per second: 19.5233
INFO (CarpetX):   average cell updates per second: 79967.6
INFO (CarpetX): OutputGH: iteration 28, time 0.109375, run time 3 s
INFO (CarpetX): OutputGH done.
INFO (CarpetX): Simulation time: 0.109375   Iterations per second: 19.5711   Simulation time per second: 0.0764498
INFO (CarpetX): Grid cells: 4096   Grid cell updates per second: 80163.4
INFO (CarpetX): Performance:
INFO (CarpetX):   total evolution time:            1.43384 sec
INFO (CarpetX):   total evolution compute time:    1.43363 sec
INFO (CarpetX):   total evolution output time:     0.000208139 sec
INFO (CarpetX):   total iterations:                28
INFO (CarpetX):   total cells updated:             114688
INFO (CarpetX):   average iterations per second: 19.528
INFO (CarpetX):   average cell updates per second: 79986.9
INFO (CarpetX): OutputGH: iteration 29, time 0.113281, run time 3 s
INFO (CarpetX): OutputGH done.
INFO (CarpetX): Simulation time: 0.113281   Iterations per second: 19.5731   Simulation time per second: 0.0764575
INFO (CarpetX): Grid cells: 4096   Grid cell updates per second: 80171.5
INFO (CarpetX): Performance:
INFO (CarpetX):   total evolution time:            1.48488 sec
INFO (CarpetX):   total evolution compute time:    1.48467 sec
INFO (CarpetX):   total evolution output time:     0.000213146 sec
INFO (CarpetX):   total iterations:                29
INFO (CarpetX):   total cells updated:             118784
INFO (CarpetX):   average iterations per second: 19.5302
INFO (CarpetX):   average cell updates per second: 79995.7
INFO (CarpetX): OutputGH: iteration 30, time 0.117188, run time 3 s
INFO (CarpetX): OutputGH done.
INFO (CarpetX): Simulation time: 0.117188   Iterations per second: 19.5756   Simulation time per second: 0.0764673
INFO (CarpetX): Grid cells: 4096   Grid cell updates per second: 80181.8
INFO (CarpetX): Performance:
INFO (CarpetX):   total evolution time:            1.5359 sec
INFO (CarpetX):   total evolution compute time:    1.53568 sec
INFO (CarpetX):   total evolution output time:     0.000220299 sec
INFO (CarpetX):   total iterations:                30
INFO (CarpetX):   total cells updated:             122880
INFO (CarpetX):   average iterations per second: 19.5325
INFO (CarpetX):   average cell updates per second: 80005
INFO (CarpetX): OutputGH: iteration 31, time 0.121094, run time 3 s
INFO (CarpetX): OutputGH done.
INFO (CarpetX): Simulation time: 0.121094   Iterations per second: 19.5754   Simulation time per second: 0.0764664
INFO (CarpetX): Grid cells: 4096   Grid cell updates per second: 80180.8
INFO (CarpetX): Performance:
INFO (CarpetX):   total evolution time:            1.58699 sec
INFO (CarpetX):   total evolution compute time:    1.58677 sec
INFO (CarpetX):   total evolution output time:     0.000227213 sec
INFO (CarpetX):   total iterations:                31
INFO (CarpetX):   total cells updated:             126976
INFO (CarpetX):   average iterations per second: 19.5338
INFO (CarpetX):   average cell updates per second: 80010.4
INFO (CarpetX): OutputGH: iteration 32, time 0.125000, run time 3 s
INFO (CarpetX): OutputGH done.
INFO (CarpetX): Simulation time: 0.125   Iterations per second: 19.5286   Simulation time per second: 0.0762835
INFO (CarpetX): Grid cells: 4096   Grid cell updates per second: 79989.1
INFO (CarpetX): Performance:
INFO (CarpetX):   total evolution time:            1.6393 sec
INFO (CarpetX):   total evolution compute time:    1.63907 sec
INFO (CarpetX):   total evolution output time:     0.00023818 sec
INFO (CarpetX):   total iterations:                32
INFO (CarpetX):   total cells updated:             131072
INFO (CarpetX):   average iterations per second: 19.5205
INFO (CarpetX):   average cell updates per second: 79955.9
INFO (CarpetX): OutputGH: iteration 33, time 0.128906, run time 3 s
INFO (CarpetX): OutputGH done.
INFO (CarpetX): Simulation time: 0.128906   Iterations per second: 19.5314   Simulation time per second: 0.0762944
INFO (CarpetX): Grid cells: 4096   Grid cell updates per second: 80000.5
INFO (CarpetX): Performance:
INFO (CarpetX):   total evolution time:            1.69044 sec
INFO (CarpetX):   total evolution compute time:    1.69019 sec
INFO (CarpetX):   total evolution output time:     0.000244141 sec
INFO (CarpetX):   total iterations:                33
INFO (CarpetX):   total cells updated:             135168
INFO (CarpetX):   average iterations per second: 19.5216
INFO (CarpetX):   average cell updates per second: 79960.4
INFO (CarpetX): OutputGH: iteration 34, time 0.132812, run time 3 s
INFO (CarpetX): OutputGH done.
INFO (CarpetX): Simulation time: 0.132812   Iterations per second: 19.5261   Simulation time per second: 0.0762738
INFO (CarpetX): Grid cells: 4096   Grid cell updates per second: 79978.9
INFO (CarpetX): Performance:
INFO (CarpetX):   total evolution time:            1.74178 sec
INFO (CarpetX):   total evolution compute time:    1.74153 sec
INFO (CarpetX):   total evolution output time:     0.000250101 sec
INFO (CarpetX):   total iterations:                34
INFO (CarpetX):   total cells updated:             139264
INFO (CarpetX):   average iterations per second: 19.5203
INFO (CarpetX):   average cell updates per second: 79955.2
INFO (CarpetX): OutputGH: iteration 35, time 0.136719, run time 3 s
INFO (CarpetX): OutputGH done.
INFO (CarpetX): Simulation time: 0.136719   Iterations per second: 19.5396   Simulation time per second: 0.0763265
INFO (CarpetX): Grid cells: 4096   Grid cell updates per second: 80034.1
INFO (CarpetX): Performance:
INFO (CarpetX):   total evolution time:            1.79264 sec
INFO (CarpetX):   total evolution compute time:    1.79238 sec
INFO (CarpetX):   total evolution output time:     0.000256062 sec
INFO (CarpetX):   total iterations:                35
INFO (CarpetX):   total cells updated:             143360
INFO (CarpetX):   average iterations per second: 19.5243
INFO (CarpetX):   average cell updates per second: 79971.6
INFO (CarpetX): OutputGH: iteration 36, time 0.140625, run time 3 s
INFO (CarpetX): OutputGH done.
INFO (CarpetX): Simulation time: 0.140625   Iterations per second: 19.5454   Simulation time per second: 0.076349
INFO (CarpetX): Grid cells: 4096   Grid cell updates per second: 80057.8
INFO (CarpetX): Performance:
INFO (CarpetX):   total evolution time:            1.84366 sec
INFO (CarpetX):   total evolution compute time:    1.8434 sec
INFO (CarpetX):   total evolution output time:     0.000262022 sec
INFO (CarpetX):   total iterations:                36
INFO (CarpetX):   total cells updated:             147456
INFO (CarpetX):   average iterations per second: 19.5264
INFO (CarpetX):   average cell updates per second: 79979.9
INFO (CarpetX): OutputGH: iteration 37, time 0.144531, run time 3 s
INFO (CarpetX): OutputGH done.
INFO (CarpetX): Simulation time: 0.144531   Iterations per second: 19.55   Simulation time per second: 0.0763672
INFO (CarpetX): Grid cells: 4096   Grid cell updates per second: 80076.9
INFO (CarpetX): Performance:
INFO (CarpetX):   total evolution time:            1.8947 sec
INFO (CarpetX):   total evolution compute time:    1.89443 sec
INFO (CarpetX):   total evolution output time:     0.000269175 sec
INFO (CarpetX):   total iterations:                37
INFO (CarpetX):   total cells updated:             151552
INFO (CarpetX):   average iterations per second: 19.5281
INFO (CarpetX):   average cell updates per second: 79987.2
INFO (CarpetX): OutputGH: iteration 38, time 0.148438, run time 3 s
INFO (CarpetX): OutputGH done.
INFO (CarpetX): Simulation time: 0.148438   Iterations per second: 19.5482   Simulation time per second: 0.0763602
INFO (CarpetX): Grid cells: 4096   Grid cell updates per second: 80069.5
INFO (CarpetX): Performance:
INFO (CarpetX):   total evolution time:            1.9459 sec
INFO (CarpetX):   total evolution compute time:    1.94563 sec
INFO (CarpetX):   total evolution output time:     0.000274181 sec
INFO (CarpetX):   total iterations:                38
INFO (CarpetX):   total cells updated:             155648
INFO (CarpetX):   average iterations per second: 19.5282
INFO (CarpetX):   average cell updates per second: 79987.6
INFO (CarpetX): OutputGH: iteration 39, time 0.152344, run time 3 s
INFO (CarpetX): OutputGH done.
INFO (CarpetX): Simulation time: 0.152344   Iterations per second: 19.5492   Simulation time per second: 0.0763639
INFO (CarpetX): Grid cells: 4096   Grid cell updates per second: 80073.3
INFO (CarpetX): Performance:
INFO (CarpetX):   total evolution time:            1.99703 sec
INFO (CarpetX):   total evolution compute time:    1.99675 sec
INFO (CarpetX):   total evolution output time:     0.000280142 sec
INFO (CarpetX):   total iterations:                39
INFO (CarpetX):   total cells updated:             159744
INFO (CarpetX):   average iterations per second: 19.529
INFO (CarpetX):   average cell updates per second: 79990.7
INFO (CarpetX): OutputGH: iteration 40, time 0.156250, run time 3 s
INFO (CarpetX): OutputGH done.
INFO (CarpetX): Simulation time: 0.15625   Iterations per second: 19.5467   Simulation time per second: 0.0763542
INFO (CarpetX): Grid cells: 4096   Grid cell updates per second: 80063.2
INFO (CarpetX): Performance:
INFO (CarpetX):   total evolution time:            2.04825 sec
INFO (CarpetX):   total evolution compute time:    2.04796 sec
INFO (CarpetX):   total evolution output time:     0.000287294 sec
INFO (CarpetX):   total iterations:                40
INFO (CarpetX):   total cells updated:             163840
INFO (CarpetX):   average iterations per second: 19.5289
INFO (CarpetX):   average cell updates per second: 79990.2
INFO (CarpetX): OutputGH: iteration 41, time 0.160156, run time 3 s
INFO (CarpetX): OutputGH done.
INFO (CarpetX): Simulation time: 0.160156   Iterations per second: 19.5413   Simulation time per second: 0.0763334
INFO (CarpetX): Grid cells: 4096   Grid cell updates per second: 80041.3
INFO (CarpetX): Performance:
INFO (CarpetX):   total evolution time:            2.09955 sec
INFO (CarpetX):   total evolution compute time:    2.09926 sec
INFO (CarpetX):   total evolution output time:     0.000294209 sec
INFO (CarpetX):   total iterations:                41
INFO (CarpetX):   total cells updated:             167936
INFO (CarpetX):   average iterations per second: 19.528
INFO (CarpetX):   average cell updates per second: 79986.7
INFO (CarpetX): OutputGH: iteration 42, time 0.164062, run time 3 s
INFO (CarpetX): OutputGH done.
INFO (CarpetX): Simulation time: 0.164062   Iterations per second: 19.5414   Simulation time per second: 0.0763335
INFO (CarpetX): Grid cells: 4096   Grid cell updates per second: 80041.4
INFO (CarpetX): Performance:
INFO (CarpetX):   total evolution time:            2.15072 sec
INFO (CarpetX):   total evolution compute time:    2.15042 sec
INFO (CarpetX):   total evolution output time:     0.000301123 sec
INFO (CarpetX):   total iterations:                42
INFO (CarpetX):   total cells updated:             172032
INFO (CarpetX):   average iterations per second: 19.5283
INFO (CarpetX):   average cell updates per second: 79988
INFO (CarpetX): OutputGH: iteration 43, time 0.167969, run time 4 s
INFO (CarpetX): OutputGH done.
INFO (CarpetX): Simulation time: 0.167969   Iterations per second: 19.5413   Simulation time per second: 0.0763332
INFO (CarpetX): Grid cells: 4096   Grid cell updates per second: 80041.2
INFO (CarpetX): Performance:
INFO (CarpetX):   total evolution time:            2.2019 sec
INFO (CarpetX):   total evolution compute time:    2.20159 sec
INFO (CarpetX):   total evolution output time:     0.000307083 sec
INFO (CarpetX):   total iterations:                43
INFO (CarpetX):   total cells updated:             176128
INFO (CarpetX):   average iterations per second: 19.5286
INFO (CarpetX):   average cell updates per second: 79989.2
INFO (CarpetX): OutputGH: iteration 44, time 0.171875, run time 4 s
INFO (CarpetX): OutputGH done.
INFO (CarpetX): Simulation time: 0.171875   Iterations per second: 19.5411   Simulation time per second: 0.0763325
INFO (CarpetX): Grid cells: 4096   Grid cell updates per second: 80040.4
INFO (CarpetX): Performance:
INFO (CarpetX):   total evolution time:            2.25308 sec
INFO (CarpetX):   total evolution compute time:    2.25276 sec
INFO (CarpetX):   total evolution output time:     0.000313044 sec
INFO (CarpetX):   total iterations:                44
INFO (CarpetX):   total cells updated:             180224
INFO (CarpetX):   average iterations per second: 19.5289
INFO (CarpetX):   average cell updates per second: 79990.2
INFO (CarpetX): OutputGH: iteration 45, time 0.175781, run time 4 s
INFO (CarpetX): OutputGH done.
INFO (CarpetX): Simulation time: 0.175781   Iterations per second: 19.5394   Simulation time per second: 0.0763259
INFO (CarpetX): Grid cells: 4096   Grid cell updates per second: 80033.5
INFO (CarpetX): Performance:
INFO (CarpetX):   total evolution time:            2.30429 sec
INFO (CarpetX):   total evolution compute time:    2.30398 sec
INFO (CarpetX):   total evolution output time:     0.000319004 sec
INFO (CarpetX):   total iterations:                45
INFO (CarpetX):   total cells updated:             184320
INFO (CarpetX):   average iterations per second: 19.5288
INFO (CarpetX):   average cell updates per second: 79989.8
INFO (CarpetX): OutputGH: iteration 46, time 0.179688, run time 4 s
INFO (CarpetX): OutputGH done.
INFO (CarpetX): Simulation time: 0.179688   Iterations per second: 19.5422   Simulation time per second: 0.0763367
INFO (CarpetX): Grid cells: 4096   Grid cell updates per second: 80044.9
INFO (CarpetX): Performance:
INFO (CarpetX):   total evolution time:            2.3554 sec
INFO (CarpetX):   total evolution compute time:    2.35508 sec
INFO (CarpetX):   total evolution output time:     0.000325203 sec
INFO (CarpetX):   total iterations:                46
INFO (CarpetX):   total cells updated:             188416
INFO (CarpetX):   average iterations per second: 19.5296
INFO (CarpetX):   average cell updates per second: 79993.2
INFO (CarpetX): OutputGH: iteration 47, time 0.183594, run time 4 s
INFO (CarpetX): OutputGH done.
INFO (CarpetX): Simulation time: 0.183594   Iterations per second: 19.5426   Simulation time per second: 0.0763383
INFO (CarpetX): Grid cells: 4096   Grid cell updates per second: 80046.5
INFO (CarpetX): Performance:
INFO (CarpetX):   total evolution time:            2.40656 sec
INFO (CarpetX):   total evolution compute time:    2.40623 sec
INFO (CarpetX):   total evolution output time:     0.00033021 sec
INFO (CarpetX):   total iterations:                47
INFO (CarpetX):   total cells updated:             192512
INFO (CarpetX):   average iterations per second: 19.5299
INFO (CarpetX):   average cell updates per second: 79994.6
INFO (CarpetX): OutputGH: iteration 48, time 0.187500, run time 4 s
INFO (CarpetX): OutputGH done.
INFO (CarpetX): Simulation time: 0.1875   Iterations per second: 19.547   Simulation time per second: 0.0763553
INFO (CarpetX): Grid cells: 4096   Grid cell updates per second: 80064.3
INFO (CarpetX): Performance:
INFO (CarpetX):   total evolution time:            2.45762 sec
INFO (CarpetX):   total evolution compute time:    2.45728 sec
INFO (CarpetX):   total evolution output time:     0.000337362 sec
INFO (CarpetX):   total iterations:                48
INFO (CarpetX):   total cells updated:             196608
INFO (CarpetX):   average iterations per second: 19.5311
INFO (CarpetX):   average cell updates per second: 79999.4
INFO (CarpetX): OutputGH: iteration 49, time 0.191406, run time 4 s
INFO (CarpetX): OutputGH done.
INFO (CarpetX): Simulation time: 0.191406   Iterations per second: 19.5587   Simulation time per second: 0.0764013
INFO (CarpetX): Grid cells: 4096   Grid cell updates per second: 80112.5
INFO (CarpetX): Performance:
INFO (CarpetX):   total evolution time:            2.50847 sec
INFO (CarpetX):   total evolution compute time:    2.50811 sec
INFO (CarpetX):   total evolution output time:     0.00035429 sec
INFO (CarpetX):   total iterations:                49
INFO (CarpetX):   total cells updated:             200704
INFO (CarpetX):   average iterations per second: 19.5338
INFO (CarpetX):   average cell updates per second: 80010.6
INFO (CarpetX): OutputGH: iteration 50, time 0.195312, run time 4 s
INFO (CarpetX): OutputGH done.
INFO (CarpetX): Simulation time: 0.195312   Iterations per second: 19.5681   Simulation time per second: 0.0764379
INFO (CarpetX): Grid cells: 4096   Grid cell updates per second: 80150.9
INFO (CarpetX): Performance:
INFO (CarpetX):   total evolution time:            2.55935 sec
INFO (CarpetX):   total evolution compute time:    2.55899 sec
INFO (CarpetX):   total evolution output time:     0.00036025 sec
INFO (CarpetX):   total iterations:                50
INFO (CarpetX):   total cells updated:             204800
INFO (CarpetX):   average iterations per second: 19.5362
INFO (CarpetX):   average cell updates per second: 80020.3
INFO (CarpetX): OutputGH: iteration 51, time 0.199219, run time 4 s
INFO (CarpetX): OutputGH done.
INFO (CarpetX): Simulation time: 0.199219   Iterations per second: 19.5655   Simulation time per second: 0.0764277
INFO (CarpetX): Grid cells: 4096   Grid cell updates per second: 80140.2
INFO (CarpetX): Performance:
INFO (CarpetX):   total evolution time:            2.61052 sec
INFO (CarpetX):   total evolution compute time:    2.61016 sec
INFO (CarpetX):   total evolution output time:     0.000366211 sec
INFO (CarpetX):   total iterations:                51
INFO (CarpetX):   total cells updated:             208896
INFO (CarpetX):   average iterations per second: 19.5363
INFO (CarpetX):   average cell updates per second: 80020.7
INFO (CarpetX): OutputGH: iteration 52, time 0.203125, run time 4 s
INFO (CarpetX): OutputGH done.
INFO (CarpetX): Simulation time: 0.203125   Iterations per second: 19.5625   Simulation time per second: 0.0764162
INFO (CarpetX): Grid cells: 4096   Grid cell updates per second: 80128.2
INFO (CarpetX): Performance:
INFO (CarpetX):   total evolution time:            2.66171 sec
INFO (CarpetX):   total evolution compute time:    2.66134 sec
INFO (CarpetX):   total evolution output time:     0.000372171 sec
INFO (CarpetX):   total iterations:                52
INFO (CarpetX):   total cells updated:             212992
INFO (CarpetX):   average iterations per second: 19.5363
INFO (CarpetX):   average cell updates per second: 80020.7
INFO (CarpetX): OutputGH: iteration 53, time 0.207031, run time 4 s
INFO (CarpetX): OutputGH done.
INFO (CarpetX): Simulation time: 0.207031   Iterations per second: 19.5088   Simulation time per second: 0.0762062
INFO (CarpetX): Grid cells: 4096   Grid cell updates per second: 79908
INFO (CarpetX): Performance:
INFO (CarpetX):   total evolution time:            2.71424 sec
INFO (CarpetX):   total evolution compute time:    2.71386 sec
INFO (CarpetX):   total evolution output time:     0.000381231 sec
INFO (CarpetX):   total iterations:                53
INFO (CarpetX):   total cells updated:             217088
INFO (CarpetX):   average iterations per second: 19.5267
INFO (CarpetX):   average cell updates per second: 79981.2
INFO (CarpetX): OutputGH: iteration 54, time 0.210938, run time 4 s
INFO (CarpetX): OutputGH done.
INFO (CarpetX): Simulation time: 0.210938   Iterations per second: 19.5026   Simulation time per second: 0.0761821
INFO (CarpetX): Grid cells: 4096   Grid cell updates per second: 79882.7
INFO (CarpetX): Performance:
INFO (CarpetX):   total evolution time:            2.76566 sec
INFO (CarpetX):   total evolution compute time:    2.76527 sec
INFO (CarpetX):   total evolution output time:     0.000388384 sec
INFO (CarpetX):   total iterations:                54
INFO (CarpetX):   total cells updated:             221184
INFO (CarpetX):   average iterations per second: 19.5252
INFO (CarpetX):   average cell updates per second: 79975.1
INFO (CarpetX): OutputGH: iteration 55, time 0.214844, run time 4 s
INFO (CarpetX): OutputGH done.
INFO (CarpetX): Simulation time: 0.214844   Iterations per second: 19.5039   Simulation time per second: 0.0761873
INFO (CarpetX): Grid cells: 4096   Grid cell updates per second: 79888.1
INFO (CarpetX): Performance:
INFO (CarpetX):   total evolution time:            2.8169 sec
INFO (CarpetX):   total evolution compute time:    2.81651 sec
INFO (CarpetX):   total evolution output time:     0.000393391 sec
INFO (CarpetX):   total iterations:                55
INFO (CarpetX):   total cells updated:             225280
INFO (CarpetX):   average iterations per second: 19.525
INFO (CarpetX):   average cell updates per second: 79974.5
INFO (CarpetX): OutputGH: iteration 56, time 0.218750, run time 4 s
INFO (CarpetX): OutputGH done.
INFO (CarpetX): Simulation time: 0.21875   Iterations per second: 19.5072   Simulation time per second: 0.0761998
INFO (CarpetX): Grid cells: 4096   Grid cell updates per second: 79901.3
INFO (CarpetX): Performance:
INFO (CarpetX):   total evolution time:            2.86809 sec
INFO (CarpetX):   total evolution compute time:    2.86769 sec
INFO (CarpetX):   total evolution output time:     0.00039959 sec
INFO (CarpetX):   total iterations:                56
INFO (CarpetX):   total cells updated:             229376
INFO (CarpetX):   average iterations per second: 19.5252
INFO (CarpetX):   average cell updates per second: 79975.3
INFO (CarpetX): OutputGH: iteration 57, time 0.222656, run time 4 s
INFO (CarpetX): OutputGH done.
INFO (CarpetX): Simulation time: 0.222656   Iterations per second: 19.5093   Simulation time per second: 0.0762083
INFO (CarpetX): Grid cells: 4096   Grid cell updates per second: 79910.2
INFO (CarpetX): Performance:
INFO (CarpetX):   total evolution time:            2.91929 sec
INFO (CarpetX):   total evolution compute time:    2.91888 sec
INFO (CarpetX):   total evolution output time:     0.000407696 sec
INFO (CarpetX):   total iterations:                57
INFO (CarpetX):   total cells updated:             233472
INFO (CarpetX):   average iterations per second: 19.5253
INFO (CarpetX):   average cell updates per second: 79975.5
INFO (CarpetX): OutputGH: iteration 58, time 0.226562, run time 4 s
INFO (CarpetX): OutputGH done.
INFO (CarpetX): Simulation time: 0.226562   Iterations per second: 19.5098   Simulation time per second: 0.0762101
INFO (CarpetX): Grid cells: 4096   Grid cell updates per second: 79912
INFO (CarpetX): Performance:
INFO (CarpetX):   total evolution time:            2.97054 sec
INFO (CarpetX):   total evolution compute time:    2.97012 sec
INFO (CarpetX):   total evolution output time:     0.000416517 sec
INFO (CarpetX):   total iterations:                58
INFO (CarpetX):   total cells updated:             237568
INFO (CarpetX):   average iterations per second: 19.5251
INFO (CarpetX):   average cell updates per second: 79974.7
INFO (CarpetX): OutputGH: iteration 59, time 0.230469, run time 4 s
INFO (CarpetX): OutputGH done.
INFO (CarpetX): Simulation time: 0.230469   Iterations per second: 19.4654   Simulation time per second: 0.0760365
INFO (CarpetX): Grid cells: 4096   Grid cell updates per second: 79730.1
INFO (CarpetX): Performance:
INFO (CarpetX):   total evolution time:            3.02296 sec
INFO (CarpetX):   total evolution compute time:    3.02254 sec
INFO (CarpetX):   total evolution output time:     0.000425577 sec
INFO (CarpetX):   total iterations:                59
INFO (CarpetX):   total cells updated:             241664
INFO (CarpetX):   average iterations per second: 19.5173
INFO (CarpetX):   average cell updates per second: 79942.7
INFO (CarpetX): OutputGH: iteration 60, time 0.234375, run time 4 s
INFO (CarpetX): OutputGH done.
INFO (CarpetX): Simulation time: 0.234375   Iterations per second: 19.4725   Simulation time per second: 0.0760644
INFO (CarpetX): Grid cells: 4096   Grid cell updates per second: 79759.3
INFO (CarpetX): Performance:
INFO (CarpetX):   total evolution time:            3.07415 sec
INFO (CarpetX):   total evolution compute time:    3.07372 sec
INFO (CarpetX):   total evolution output time:     0.000432491 sec
INFO (CarpetX):   total iterations:                60
INFO (CarpetX):   total cells updated:             245760
INFO (CarpetX):   average iterations per second: 19.5176
INFO (CarpetX):   average cell updates per second: 79944.1
INFO (CarpetX): OutputGH: iteration 61, time 0.238281, run time 4 s
INFO (CarpetX): OutputGH done.
INFO (CarpetX): Simulation time: 0.238281   Iterations per second: 19.4743   Simulation time per second: 0.0760716
INFO (CarpetX): Grid cells: 4096   Grid cell updates per second: 79766.9
INFO (CarpetX): Performance:
INFO (CarpetX):   total evolution time:            3.12546 sec
INFO (CarpetX):   total evolution compute time:    3.12502 sec
INFO (CarpetX):   total evolution output time:     0.000438452 sec
INFO (CarpetX):   total iterations:                61
INFO (CarpetX):   total cells updated:             249856
INFO (CarpetX):   average iterations per second: 19.5172
INFO (CarpetX):   average cell updates per second: 79942.3
INFO (CarpetX): OutputGH: iteration 62, time 0.242188, run time 4 s
INFO (CarpetX): OutputGH done.
INFO (CarpetX): Simulation time: 0.242188   Iterations per second: 19.4834   Simulation time per second: 0.0761068
INFO (CarpetX): Grid cells: 4096   Grid cell updates per second: 79803.8
INFO (CarpetX): Performance:
INFO (CarpetX):   total evolution time:            3.17657 sec
INFO (CarpetX):   total evolution compute time:    3.17612 sec
INFO (CarpetX):   total evolution output time:     0.00044632 sec
INFO (CarpetX):   total iterations:                62
INFO (CarpetX):   total cells updated:             253952
INFO (CarpetX):   average iterations per second: 19.5179
INFO (CarpetX):   average cell updates per second: 79945.4
INFO (CarpetX): OutputGH: iteration 63, time 0.246094, run time 5 s
INFO (CarpetX): OutputGH done.
INFO (CarpetX): Simulation time: 0.246094   Iterations per second: 19.4854   Simulation time per second: 0.0761147
INFO (CarpetX): Grid cells: 4096   Grid cell updates per second: 79812.1
INFO (CarpetX): Performance:
INFO (CarpetX):   total evolution time:            3.22784 sec
INFO (CarpetX):   total evolution compute time:    3.22739 sec
INFO (CarpetX):   total evolution output time:     0.000453234 sec
INFO (CarpetX):   total iterations:                63
INFO (CarpetX):   total cells updated:             258048
INFO (CarpetX):   average iterations per second: 19.5177
INFO (CarpetX):   average cell updates per second: 79944.5
INFO (CarpetX): OutputGH: iteration 64, time 0.250000, run time 5 s
INFO (CarpetX): OutputGH done.
INFO (CarpetX): Simulation time: 0.25   Iterations per second: 9.35627   Simulation time per second: 0.0365479
INFO (CarpetX): Grid cells: 4096   Grid cell updates per second: 38323.3
INFO (CarpetX): Performance:
INFO (CarpetX):   total evolution time:            3.83476 sec
INFO (CarpetX):   total evolution compute time:    3.28449 sec
INFO (CarpetX):   total evolution output time:     0.550262 sec
INFO (CarpetX):   total iterations:                64
INFO (CarpetX):   total cells updated:             262144
INFO (CarpetX):   average iterations per second: 16.6895
INFO (CarpetX):   average cell updates per second: 68360
INFO (CarpetX): Shutting down...
AMReX (25.11) finalized
--------------------------------------------------------------------------------
Done.
+ echo Stopping:
Stopping:
+ date
Tue Sep  1 11:04:00 UTC 2026
+ echo Done.
Done.
  Elapsed time: 5.2 s
